Rebuild started at 11:04...
Restored D:\Work\IOS-IG-SimHost-FDP-2\FDP\ExtDeps\FastHSM\src\Fhsm.Compiler\Fhsm.Compiler.csproj (in 7 ms).
Restored D:\Work\IOS-IG-SimHost-FDP-2\FDP\Engine\Fdp.ModuleHost\Fdp.ModuleHost.csproj (in 66 ms).
Restored D:\Work\IOS-IG-SimHost-FDP-2\FDP\Engine\Fdp.Core\Fdp.Core.csproj (in 36 ms).
Restored D:\Work\IOS-IG-SimHost-FDP-2\FDP\Diagnostics\Fdp.Diagnostics.Contracts\Fdp.Diagnostics.Contracts.csproj (in 79 ms).
Restored D:\Work\IOS-IG-SimHost-FDP-2\FDP\Diagnostics\Fdp.Diagnostics.Network\Fdp.Diagnostics.Network.csproj (in 79 ms).
Restored D:\Work\IOS-IG-SimHost-FDP-2\Hrot\Engine\Hrot.Core\Hrot.Core.csproj (in 83 ms).
Restored D:\Work\IOS-IG-SimHost-FDP-2\FDP\Examples\Fdp.Examples.UrbanCombat\Fdp.Examples.UrbanCombat.csproj (in 83 ms).
Restored D:\Work\IOS-IG-SimHost-FDP-2\Hrot\Engine\Hrot.Common\Hrot.Common.csproj (in 85 ms).
Restored D:\Work\IOS-IG-SimHost-FDP-2\FDP\Examples\Fdp.Examples.Runner\Fdp.Examples.Runner.csproj (in 93 ms).
Restored D:\Work\IOS-IG-SimHost-FDP-2\Hrot\Subsystems\Hrot.Orchestrator\Hrot.Orchestrator.csproj (in 95 ms).
Restored D:\Work\IOS-IG-SimHost-FDP-2\Hrot\Engine\Hrot.Core.Tests\Hrot.Core.Tests.csproj (in 110 ms).
Restored D:\Work\IOS-IG-SimHost-FDP-2\FDP\ExtDeps\GizmoMap\GizmoMap.Presentation.Tests\GizmoMap.Presentation.Tests.csproj (in 108 ms).
Restored D:\Work\IOS-IG-SimHost-FDP-2\FDP\Examples\Fdp.Examples.CarKinem\Fdp.Examples.CarKinem.csproj (in 97 ms).
Restored D:\Work\IOS-IG-SimHost-FDP-2\FDP\ExtDeps\GizmoMap\GizmoMap.Network\GizmoMap.Network.csproj (in 7 ms).
Restored D:\Work\IOS-IG-SimHost-FDP-2\Hrot\Engine\Hrot.Map.Common.Tests\Hrot.Map.Common.Tests.csproj (in 110 ms).
Restored D:\Work\IOS-IG-SimHost-FDP-2\FDP\Engine\Fdp.ModuleHost.Tests\Fdp.ModuleHost.Tests.csproj (in 111 ms).
Restored D:\Work\IOS-IG-SimHost-FDP-2\Hrot\Editor\Hrot.Utility.Editor\Hrot.Utility.Editor.csproj (in 117 ms).
Restored D:\Work\IOS-IG-SimHost-FDP-2\FDP\ExtDeps\GizmoMap\GizmoMap.Example\GizmoMap.Example.csproj (in 8 ms).
Restored D:\Work\IOS-IG-SimHost-FDP-2\Hrot\Engine\Hrot.Presentation\Hrot.Presentation.csproj (in 115 ms).
Restored D:\Work\IOS-IG-SimHost-FDP-2\Hrot\Subsystems\Hrot.ReplayBrowser\Hrot.ReplayBrowser.csproj (in 119 ms).
Restored D:\Work\IOS-IG-SimHost-FDP-2\Hrot\Engine\Hrot.Common.Tests\Hrot.Common.Tests.csproj (in 114 ms).
Restored D:\Work\IOS-IG-SimHost-FDP-2\FDP\Engine\Fdp.Core.Tests\Fdp.Core.Tests.csproj (in 112 ms).
Restored D:\Work\IOS-IG-SimHost-FDP-2\Hrot\Subsystems\Hrot.MuscleCharacter.Animation.Fake\Hrot.MuscleCharacter.Animation.Fake.csproj (in 18 ms).
Restored D:\Work\IOS-IG-SimHost-FDP-2\FDP\Engine\Fdp.ModuleHost.Benchmarks\Fdp.ModuleHost.Benchmarks.csproj (in 128 ms).
Restored D:\Work\IOS-IG-SimHost-FDP-2\Hrot\Subsystems\Hrot.IG\Hrot.IG.csproj (in 18 ms).
Restored D:\Work\IOS-IG-SimHost-FDP-2\FDP\Tools\Fdp.Tools.EnvelopeStamper\Fdp.Tools.EnvelopeStamper.csproj (in 4 ms).
Restored D:\Work\IOS-IG-SimHost-FDP-2\Hrot\Subsystems\Hrot.ExCon\Hrot.ExCon.csproj (in 90 ms).
Restored D:\Work\IOS-IG-SimHost-FDP-2\Hrot\Subsystems\Blueprints\Hrot.Blueprints.Tests\Hrot.Blueprints.Tests.csproj (in 123 ms).
Restored D:\Work\IOS-IG-SimHost-FDP-2\FDP\ExtDeps\GizmoMap\GizmoMap.Network.Tests\GizmoMap.Network.Tests.csproj (in 114 ms).
Restored D:\Work\IOS-IG-SimHost-FDP-2\FDP\Toolkits\Fdp.Toolkits\Fdp.Toolkits.csproj (in 7 ms).
Restored D:\Work\IOS-IG-SimHost-FDP-2\FDP\Engine\Fdp.Core.Benchmarks\Fdp.Core.Benchmarks.csproj (in 213 ms).
Restored D:\Work\IOS-IG-SimHost-FDP-2\Hrot\Diagnostics\Hrot.Diagnostics.Breakpoints.Tests\Hrot.Diagnostics.Breakpoints.Tests.csproj (in 16 ms).
Restored D:\Work\IOS-IG-SimHost-FDP-2\FDP\Engine\Fdp.Presentation\Fdp.Presentation.csproj (in 8 ms).
Restored D:\Work\IOS-IG-SimHost-FDP-2\FDP\ExtDeps\StructEdit\src\StructEdit.Core\StructEdit.Core.csproj (in 4 ms).
Restored D:\Work\IOS-IG-SimHost-FDP-2\FDP\ExtDeps\StructEdit\src\StructEdit.Reflection\StructEdit.Reflection.csproj (in 3 ms).
Restored D:\Work\IOS-IG-SimHost-FDP-2\FDP\Network\Fdp.Network.Cyclone.Tests\Fdp.Network.Cyclone.Tests.csproj (in 8 ms).
Restored D:\Work\IOS-IG-SimHost-FDP-2\FDP\ExtDeps\NodeEdit\src\NodeEditor.Demo\NodeEditor.Demo.csproj (in 5 ms).
Restored D:\Work\IOS-IG-SimHost-FDP-2\FDP\Examples\Fdp.Examples.CarKinem.Tests\Fdp.Examples.CarKinem.Tests.csproj (in 26 ms).
Restored D:\Work\IOS-IG-SimHost-FDP-2\FDP\ExtDeps\NodeEdit\src\NodeEditor.Core\NodeEditor.Core.csproj (in 3 ms).
Restored D:\Work\IOS-IG-SimHost-FDP-2\FDP\Tools\Fdp.Tools.EnvelopeStamper.Tests\Fdp.Tools.EnvelopeStamper.Tests.csproj (in 77 ms).
Restored D:\Work\IOS-IG-SimHost-FDP-2\FDP\ExtDeps\GizmoMap\GizmoMap.Presentation\GizmoMap.Presentation.csproj (in 10 ms).
Restored D:\Work\IOS-IG-SimHost-FDP-2\Hrot\Subsystems\Hrot.Orchestrator.Tests\Hrot.Orchestrator.Tests.csproj (in 297 ms).
Restored D:\Work\IOS-IG-SimHost-FDP-2\FDP\Engine\Fdp.Presentation.Tests\Fdp.Presentation.Tests.csproj (in 54 ms).
Restored D:\Work\IOS-IG-SimHost-FDP-2\FDP\ExtDeps\GizmoMap\GizmoMap.Example.Tests\GizmoMap.Example.Tests.csproj (in 12 ms).
Restored D:\Work\IOS-IG-SimHost-FDP-2\Hrot\Diagnostics\Hrot.Diagnostics.Tuning\Hrot.Diagnostics.Tuning.csproj (in 15 ms).
Restored D:\Work\IOS-IG-SimHost-FDP-2\FDP\ExtDeps\GizmoMap\GizmoMap.Viewer\GizmoMap.Viewer.csproj (in 10 ms).
Restored D:\Work\IOS-IG-SimHost-FDP-2\FDP\Examples\Fdp.Examples.Scenarios\Fdp.Examples.Scenarios.csproj (in 18 ms).
Restored D:\Work\IOS-IG-SimHost-FDP-2\Hrot\Editor\Hrot.Editor.AiShared\Hrot.Editor.AiShared.csproj (in 24 ms).
Restored D:\Work\IOS-IG-SimHost-FDP-2\FDP\ExtDeps\StructEdit\tests\StructEdit.Tests\StructEdit.Tests.csproj (in 58 ms).
1>------ Rebuild All started: Project: NodeEditor.Primitives, Configuration: Debug Any CPU ------
2>------ Rebuild All started: Project: Tkb.SourceGen, Configuration: Debug Any CPU ------
3>------ Rebuild All started: Project: GizmoMap.Contracts, Configuration: Debug Any CPU ------
4>------ Rebuild All started: Project: StructEdit.Core, Configuration: Debug Any CPU ------
5>------ Rebuild All started: Project: Fdp.Toolkits.Analyzers, Configuration: Debug Any CPU ------
6>------ Rebuild All started: Project: Fhsm.Kernel, Configuration: Debug Any CPU ------
7>------ Rebuild All started: Project: Fdp.Examples.DDS, Configuration: Debug Any CPU ------
8>------ Rebuild All started: Project: Fbt.Kernel, Configuration: Debug Any CPU ------
9>------ Rebuild All started: Project: Fdp.Core, Configuration: Debug Any CPU ------
Restored D:\Work\IOS-IG-SimHost-FDP-2\FDP\Examples\Fdp.Examples.UrbanCombat.Tests\Fdp.Examples.UrbanCombat.Tests.csproj (in 22 ms).
Restored D:\Work\IOS-IG-SimHost-FDP-2\Hrot\Engine\Hrot.Presentation.Tests\Hrot.Presentation.Tests.csproj (in 304 ms).
Restored D:\Work\IOS-IG-SimHost-FDP-2\Hrot\Subsystems\Hrot.IG.Tests\Hrot.IG.Tests.csproj (in 187 ms).
Restored D:\Work\IOS-IG-SimHost-FDP-2\Hrot\Subsystems\Hrot.ReplayBrowser.Tests\Hrot.ReplayBrowser.Tests.csproj (in 307 ms).
Restored D:\Work\IOS-IG-SimHost-FDP-2\Hrot\Editor\Hrot.Utility.Editor.Tests\Hrot.Utility.Editor.Tests.csproj (in 28 ms).
Restored D:\Work\IOS-IG-SimHost-FDP-2\Hrot\Subsystems\Hrot.StrideMock\Hrot.StrideMock.Tests\Hrot.StrideMock.Tests.csproj (in 225 ms).
Restored D:\Work\IOS-IG-SimHost-FDP-2\FDP\ExtDeps\NodeEdit\src\NodeEditor.UI\NodeEditor.UI.csproj (in 4 ms).
Restored D:\Work\IOS-IG-SimHost-FDP-2\FDP\ExtDeps\StructEdit\samples\StructEdit.Sample\StructEdit.Sample.csproj (in 5 ms).
Restored D:\Work\IOS-IG-SimHost-FDP-2\Hrot\Editor\Hrot.Editor.AiShared.Tests\Hrot.Editor.AiShared.Tests.csproj (in 53 ms).
Restored D:\Work\IOS-IG-SimHost-FDP-2\Hrot\Runner\Hrot.ClusterRunner\Hrot.ClusterRunner.csproj (in 21 ms).
Restored D:\Work\IOS-IG-SimHost-FDP-2\FDP\Examples\Fdp.Examples.Scenarios.Tests\Fdp.Examples.Scenarios.Tests.csproj (in 21 ms).
Restored D:\Work\IOS-IG-SimHost-FDP-2\Hrot\Runner\Hrot.ClusterRunner.Integration.Tests\Hrot.ClusterRunner.Integration.Tests.csproj (in 27 ms).
Restored D:\Work\IOS-IG-SimHost-FDP-2\Hrot\Runner\Hrot.ClusterRunner.Tests\Hrot.ClusterRunner.Tests.csproj (in 27 ms).
Restored D:\Work\IOS-IG-SimHost-FDP-2\FDP\Examples\Fdp.Examples.DDS\Fdp.Examples.DDS.csproj (in 5 ms).
Restored D:\Work\IOS-IG-SimHost-FDP-2\FDP\ExtDeps\NodeEdit\src\NodeEditor.Primitives\NodeEditor.Primitives.csproj (in 5 ms).
Restored D:\Work\IOS-IG-SimHost-FDP-2\FDP\ExtDeps\FastHSM\src\Fhsm.Kernel\Fhsm.Kernel.csproj (in 2 ms).
Restored D:\Work\IOS-IG-SimHost-FDP-2\FDP\ExtDeps\FastBTree\src\Fbt.Compiler\Fbt.Compiler.csproj (in 3 ms).
Restored D:\Work\IOS-IG-SimHost-FDP-2\FDP\ExtDeps\FastBTree\src\Fbt.Kernel\Fbt.Kernel.csproj (in 4 ms).
Restored D:\Work\IOS-IG-SimHost-FDP-2\Hrot\Subsystems\AI\Hrot.Hsm.Editor\Hrot.Hsm.Editor.csproj (in 13 ms).
Restored D:\Work\IOS-IG-SimHost-FDP-2\FDP\ExtDeps\GizmoMap\GizmoMap.Contracts.Tests\GizmoMap.Contracts.Tests.csproj (in 5 ms).
Restored D:\Work\IOS-IG-SimHost-FDP-2\Hrot\Subsystems\Blueprints\Hrot.Blueprints.Compiler\Hrot.Blueprints.Compiler.csproj (in 30 ms).
Restored D:\Work\IOS-IG-SimHost-FDP-2\Hrot\Subsystems\Blueprints\Hrot.Blueprints.Compiler.Tests\Hrot.Blueprints.Compiler.Tests.csproj (in 14 ms).
Restored D:\Work\IOS-IG-SimHost-FDP-2\FDP\ExtDeps\GizmoMap\GizmoMap.Contracts\GizmoMap.Contracts.csproj (in 22 ms).
Restored D:\Work\IOS-IG-SimHost-FDP-2\FDP\Examples\Fdp.Examples.Common\Fdp.Examples.Common.csproj (in 9 ms).
Restored D:\Work\IOS-IG-SimHost-FDP-2\FDP\Examples\Fdp.Examples.DER\Fdp.Examples.DER.csproj (in 9 ms).
Restored D:\Work\IOS-IG-SimHost-FDP-2\FDP\ExtDeps\FastBTree\demos\Fbt.Demo.Visual\Fbt.Demo.Visual.csproj (in 4 ms).
Restored D:\Work\IOS-IG-SimHost-FDP-2\Hrot\Runner\Hrot.FakeStrideApp\Hrot.FakeStrideApp.csproj (in 19 ms).
Restored D:\Work\IOS-IG-SimHost-FDP-2\Hrot\Subsystems\Hrot.SimHost\Hrot.SimHost.csproj (in 14 ms).
Restored D:\Work\IOS-IG-SimHost-FDP-2\Hrot\Runner\Hrot.FakeStrideApp\Hrot.FakeStrideApp.Tests\Hrot.FakeStrideApp.Tests.csproj (in 23 ms).
Restored D:\Work\IOS-IG-SimHost-FDP-2\Hrot\Subsystems\Hrot.StrideMock\Hrot.StrideMock.csproj (in 19 ms).
Restored D:\Work\IOS-IG-SimHost-FDP-2\Hrot\Subsystems\AI\Hrot.BTree.Editor\Hrot.BTree.Editor.csproj (in 16 ms).
Restored D:\Work\IOS-IG-SimHost-FDP-2\Hrot\Subsystems\Hrot.SimHost.Tests\Hrot.SimHost.Tests.csproj (in 24 ms).
Restored D:\Work\IOS-IG-SimHost-FDP-2\Hrot\Subsystems\Hrot.SimHost.Integration.Tests\Hrot.SimHost.Integration.Tests.csproj (in 24 ms).
Restored D:\Work\IOS-IG-SimHost-FDP-2\Hrot\Diagnostics\Hrot.Diagnostics.Overlays\Hrot.Diagnostics.Overlays.csproj (in 93 ms).
Restored D:\Work\IOS-IG-SimHost-FDP-2\Hrot\Diagnostics\Hrot.Diagnostics.Tuning.Tests\Hrot.Diagnostics.Tuning.Tests.csproj (in 97 ms).
Restored D:\Work\IOS-IG-SimHost-FDP-2\FDP\ExtDeps\StructEdit\src\StructEdit.Json\StructEdit.Json.csproj (in 6 ms).
Restored D:\Work\IOS-IG-SimHost-FDP-2\Hrot\Subsystems\AI\Hrot.BTree.Editor.Tests\Hrot.BTree.Editor.Tests.csproj (in 127 ms).
Restored D:\Work\IOS-IG-SimHost-FDP-2\Hrot\Diagnostics\Hrot.Diagnostics.Overlays.Tests\Hrot.Diagnostics.Overlays.Tests.csproj (in 98 ms).
Restored D:\Work\IOS-IG-SimHost-FDP-2\FDP\Toolkits\Fdp.Toolkit.Tkb.SourceGen\Tkb.SourceGen.csproj (in 10 ms).
Restored D:\Work\IOS-IG-SimHost-FDP-2\FDP\Toolkits\Fdp.Toolkits.Analyzers\Fdp.Toolkits.Analyzers.csproj (in 10 ms).
Restored D:\Work\IOS-IG-SimHost-FDP-2\Hrot\Subsystems\Hrot.Animation.Replication\Hrot.Animation.Replication.csproj (in 10 ms).
Restored D:\Work\IOS-IG-SimHost-FDP-2\Hrot\Diagnostics\Hrot.Diagnostics.Breakpoints\Hrot.Diagnostics.Breakpoints.csproj (in 99 ms).
Restored D:\Work\IOS-IG-SimHost-FDP-2\FDP\Network\Fdp.Network.Cyclone\Fdp.Network.Cyclone.csproj (in 13 ms).
Restored D:\Work\IOS-IG-SimHost-FDP-2\Hrot\Network\Hrot.Network.BDC\Hrot.Network.BDC.csproj (in 12 ms).
Restored D:\Work\IOS-IG-SimHost-FDP-2\Hrot\Subsystems\Blueprints\Hrot.Blueprints.Generators\Hrot.Blueprints.Generators.csproj (in 13 ms).
Restored D:\Work\IOS-IG-SimHost-FDP-2\Hrot\Subsystems\Hrot.AI.Behaviors\Hrot.AI.Behaviors.csproj (in 18 ms).
Restored D:\Work\IOS-IG-SimHost-FDP-2\Hrot\Subsystems\Hrot.Animation.Network.Integration.Tests\Hrot.Animation.Network.Integration.Tests.csproj (in 19 ms).
Restored D:\Work\IOS-IG-SimHost-FDP-2\Hrot\Subsystems\Blueprints\Hrot.Blueprints.Editor\Hrot.Blueprints.Editor.csproj (in 19 ms).
Restored D:\Work\IOS-IG-SimHost-FDP-2\Hrot\Subsystems\Hrot.Animation.Replication.Tests\Hrot.Animation.Replication.Tests.csproj (in 18 ms).
Restored D:\Work\IOS-IG-SimHost-FDP-2\FDP\Toolkits\Fdp.Toolkits.Tests\Fdp.Toolkits.Tests.csproj (in 148 ms).
Restored D:\Work\IOS-IG-SimHost-FDP-2\Hrot\Network\Hrot.Network.Orchestration\Hrot.Network.Orchestration.csproj (in 7 ms).
Restored D:\Work\IOS-IG-SimHost-FDP-2\Hrot\Network\Hrot.Network.NED.Tests\Hrot.Network.NED.Tests.csproj (in 13 ms).
Restored D:\Work\IOS-IG-SimHost-FDP-2\Hrot\Subsystems\Hrot.CGF\Hrot.CGF.csproj (in 12 ms).
Restored D:\Work\IOS-IG-SimHost-FDP-2\Hrot\Subsystems\Hrot.ExCon.Tests\Hrot.ExCon.Tests.csproj (in 16 ms).
Restored D:\Work\IOS-IG-SimHost-FDP-2\Hrot\Subsystems\Hrot.Editor.Tests\Hrot.Editor.Tests.csproj (in 23 ms).
Restored D:\Work\IOS-IG-SimHost-FDP-2\Hrot\Network\Hrot.Network.NED\Hrot.Network.NED.csproj (in 10 ms).
Restored D:\Work\IOS-IG-SimHost-FDP-2\Hrot\Subsystems\Blueprints\Hrot.Blueprints.Core\Hrot.Blueprints.Core.csproj (in 8 ms).
Restored D:\Work\IOS-IG-SimHost-FDP-2\Hrot\Subsystems\Hrot.MuscleCharacter.Animation.Stride\Hrot.MuscleCharacter.Animation.Stride.csproj (in 8 ms).
Restored D:\Work\IOS-IG-SimHost-FDP-2\Hrot\Subsystems\Hrot.MuscleCharacter.Animation\Hrot.MuscleCharacter.Animation.csproj (in 8 ms).
Restored D:\Work\IOS-IG-SimHost-FDP-2\Hrot\Subsystems\Hrot.Editor\Hrot.Editor.csproj (in 20 ms).
Restored D:\Work\IOS-IG-SimHost-FDP-2\Hrot\Subsystems\Hrot.MuscleCharacter.Animation.Stride.Tests\Hrot.MuscleCharacter.Animation.Stride.Tests.csproj (in 21 ms).
Restored D:\Work\IOS-IG-SimHost-FDP-2\Hrot\Subsystems\Hrot.Orchestrator.Integration.Tests\Hrot.Orchestrator.Integration.Tests.csproj (in 22 ms).
Restored D:\Work\IOS-IG-SimHost-FDP-2\Hrot\Subsystems\AI\Hrot.Hsm.Editor.Tests\Hrot.Hsm.Editor.Tests.csproj (in 13 ms).
Restored D:\Work\IOS-IG-SimHost-FDP-2\Hrot\Network\Hrot.Network.BDC.Tests\Hrot.Network.BDC.Tests.csproj (in 25 ms).
1>NodeEditor.Primitives -> D:\Work\IOS-IG-SimHost-FDP-2\FDP\ExtDeps\NodeEdit\src\NodeEditor.Primitives\bin\Debug\net8.0\NodeEditor.Primitives.dll
10>------ Rebuild All started: Project: NodeEditor.Core, Configuration: Debug Any CPU ------
6>Fhsm.Kernel -> D:\Work\IOS-IG-SimHost-FDP-2\FDP\ExtDeps\FastHSM\src\Fhsm.Kernel\bin\Debug\net8.0\Fhsm.Kernel.dll
7>Fdp.Examples.DDS -> D:\Work\IOS-IG-SimHost-FDP-2\FDP\Examples\Fdp.Examples.DDS\bin\Debug\net8.0\Fdp.Examples.DDS.dll
11>------ Rebuild All started: Project: Fhsm.Compiler, Configuration: Debug Any CPU ------
4>StructEdit.Core -> D:\Work\IOS-IG-SimHost-FDP-2\FDP\ExtDeps\StructEdit\src\StructEdit.Core\bin\Debug\net8.0\StructEdit.Core.dll
12>------ Rebuild All started: Project: StructEdit.Json, Configuration: Debug Any CPU ------
13>------ Rebuild All started: Project: StructEdit.Reflection, Configuration: Debug Any CPU ------
3>Running CycloneDDS Code Generator...
8>Fbt.Kernel -> D:\Work\IOS-IG-SimHost-FDP-2\FDP\ExtDeps\FastBTree\src\Fbt.Kernel\bin\Debug\net8.0\Fbt.Kernel.dll
14>------ Rebuild All started: Project: Fbt.Compiler, Configuration: Debug Any CPU ------
15>------ Rebuild All started: Project: Fbt.Demo.Visual, Configuration: Debug Any CPU ------
2>Tkb.SourceGen -> D:\Work\IOS-IG-SimHost-FDP-2\FDP\Toolkits\Fdp.Toolkit.Tkb.SourceGen\bin\Debug\netstandard2.0\Tkb.SourceGen.dll
5>Fdp.Toolkits.Analyzers -> D:\Work\IOS-IG-SimHost-FDP-2\FDP\Toolkits\Fdp.Toolkits.Analyzers\bin\Debug\netstandard2.0\Fdp.Toolkits.Analyzers.dll
10>NodeEditor.Core -> D:\Work\IOS-IG-SimHost-FDP-2\FDP\ExtDeps\NodeEdit\src\NodeEditor.Core\bin\Debug\net8.0\NodeEditor.Core.dll
11>Fhsm.Compiler -> D:\Work\IOS-IG-SimHost-FDP-2\FDP\ExtDeps\FastHSM\src\Fhsm.Compiler\bin\Debug\net8.0\Fhsm.Compiler.dll
16>------ Rebuild All started: Project: NodeEditor.UI, Configuration: Debug Any CPU ------
12>StructEdit.Json -> D:\Work\IOS-IG-SimHost-FDP-2\FDP\ExtDeps\StructEdit\src\StructEdit.Json\bin\Debug\net8.0\StructEdit.Json.dll
14>Fbt.Compiler -> D:\Work\IOS-IG-SimHost-FDP-2\FDP\ExtDeps\FastBTree\src\Fbt.Compiler\bin\Debug\net8.0\Fbt.Compiler.dll
3>GizmoMap.Contracts -> D:\Work\IOS-IG-SimHost-FDP-2\FDP\ExtDeps\GizmoMap\GizmoMap.Contracts\bin\Debug\netstandard2.1\GizmoMap.Contracts.dll
9>Fdp.Core -> D:\Work\IOS-IG-SimHost-FDP-2\FDP\Engine\Fdp.Core\bin\Debug\net8.0\Fdp.Core.dll
17>------ Rebuild All started: Project: Fdp.Tools.EnvelopeStamper, Configuration: Debug Any CPU ------
18>------ Rebuild All started: Project: Fdp.Core.Benchmarks, Configuration: Debug Any CPU ------
19>------ Rebuild All started: Project: Fdp.ModuleHost, Configuration: Debug Any CPU ------
13>StructEdit.Reflection -> D:\Work\IOS-IG-SimHost-FDP-2\FDP\ExtDeps\StructEdit\src\StructEdit.Reflection\bin\Debug\net8.0\StructEdit.Reflection.dll
16>NodeEditor.UI -> D:\Work\IOS-IG-SimHost-FDP-2\FDP\ExtDeps\NodeEdit\src\NodeEditor.UI\bin\Debug\net8.0\NodeEditor.UI.dll
20>------ Rebuild All started: Project: StructEdit.Tests, Configuration: Debug Any CPU ------
21>------ Rebuild All started: Project: StructEdit.Sample, Configuration: Debug Any CPU ------
15>Fbt.Demo.Visual -> D:\Work\IOS-IG-SimHost-FDP-2\FDP\ExtDeps\FastBTree\demos\Fbt.Demo.Visual\bin\Debug\net8.0\Fbt.Demo.Visual.dll
22>------ Rebuild All started: Project: NodeEditor.Demo, Configuration: Debug Any CPU ------
17>Fdp.Tools.EnvelopeStamper -> D:\Work\IOS-IG-SimHost-FDP-2\FDP\Tools\Fdp.Tools.EnvelopeStamper\bin\Debug\net8.0\fdp-envelope-stamper.dll
23>------ Rebuild All started: Project: Fdp.Tools.EnvelopeStamper.Tests, Configuration: Debug Any CPU ------
19>Fdp.ModuleHost -> D:\Work\IOS-IG-SimHost-FDP-2\FDP\Engine\Fdp.ModuleHost\bin\Debug\net8.0\Fdp.ModuleHost.dll
18>Fdp.Core.Benchmarks -> D:\Work\IOS-IG-SimHost-FDP-2\FDP\Engine\Fdp.Core.Benchmarks\bin\Debug\net8.0\Fdp.Core.Benchmarks.dll
23>Fdp.Tools.EnvelopeStamper.Tests -> D:\Work\IOS-IG-SimHost-FDP-2\FDP\Tools\Fdp.Tools.EnvelopeStamper.Tests\bin\Debug\net8.0\Fdp.Tools.EnvelopeStamper.Tests.dll
22>NodeEditor.Demo -> D:\Work\IOS-IG-SimHost-FDP-2\FDP\ExtDeps\NodeEdit\src\NodeEditor.Demo\bin\Debug\net8.0\NodeEditor.Demo.dll
3>GizmoMap.Contracts -> D:\Work\IOS-IG-SimHost-FDP-2\FDP\ExtDeps\GizmoMap\GizmoMap.Contracts\bin\Debug\net8.0\GizmoMap.Contracts.dll
24>------ Rebuild All started: Project: Fdp.Diagnostics.Contracts, Configuration: Debug Any CPU ------
25>------ Rebuild All started: Project: GizmoMap.Network, Configuration: Debug Any CPU ------
26>------ Rebuild All started: Project: GizmoMap.Contracts.Tests, Configuration: Debug Any CPU ------
24>Running CycloneDDS Code Generator...
24>Fdp.Diagnostics.Contracts -> D:\Work\IOS-IG-SimHost-FDP-2\FDP\Diagnostics\Fdp.Diagnostics.Contracts\bin\Debug\net8.0\Fdp.Diagnostics.Contracts.dll
25>Running CycloneDDS Code Generator (GizmoMap.Network)
26>Running CycloneDDS Code Generator...
26>GizmoMap.Contracts.Tests -> D:\Work\IOS-IG-SimHost-FDP-2\FDP\ExtDeps\GizmoMap\GizmoMap.Contracts.Tests\bin\Debug\net8.0\GizmoMap.Contracts.Tests.dll
25>GizmoMap.Network -> D:\Work\IOS-IG-SimHost-FDP-2\FDP\ExtDeps\GizmoMap\GizmoMap.Network\bin\Debug\net8.0\GizmoMap.Network.dll
27>------ Rebuild All started: Project: Fdp.Diagnostics.Network, Configuration: Debug Any CPU ------
28>------ Rebuild All started: Project: GizmoMap.Presentation, Configuration: Debug Any CPU ------
29>------ Rebuild All started: Project: GizmoMap.Network.Tests, Configuration: Debug Any CPU ------
27>Fdp.Diagnostics.Network -> D:\Work\IOS-IG-SimHost-FDP-2\FDP\Diagnostics\Fdp.Diagnostics.Network\bin\Debug\net8.0\Fdp.Diagnostics.Network.dll
30>------ Rebuild All started: Project: Fdp.Toolkits, Configuration: Debug Any CPU ------
29>Running CycloneDDS Code Generator (GizmoMap.Network.Tests)
29>GizmoMap.Network.Tests -> D:\Work\IOS-IG-SimHost-FDP-2\FDP\ExtDeps\GizmoMap\GizmoMap.Network.Tests\bin\Debug\net8.0\GizmoMap.Network.Tests.dll
21>StructEdit.Sample -> D:\Work\IOS-IG-SimHost-FDP-2\FDP\ExtDeps\StructEdit\samples\StructEdit.Sample\bin\Debug\net8.0\StructEdit.Sample.dll
28>Running CycloneDDS Code Generator (GizmoMap.Presentation)
20>StructEdit.Tests -> D:\Work\IOS-IG-SimHost-FDP-2\FDP\ExtDeps\StructEdit\tests\StructEdit.Tests\bin\Debug\net8.0\StructEdit.Tests.dll
30>Running CycloneDDS Code Generator (Fdp.Toolkits)
28>GizmoMap.Presentation -> D:\Work\IOS-IG-SimHost-FDP-2\FDP\ExtDeps\GizmoMap\GizmoMap.Presentation\bin\Debug\net8.0\GizmoMap.Presentation.dll
31>------ Rebuild All started: Project: GizmoMap.Viewer, Configuration: Debug Any CPU ------
32>------ Rebuild All started: Project: GizmoMap.Example, Configuration: Debug Any CPU ------
33>------ Rebuild All started: Project: GizmoMap.Presentation.Tests, Configuration: Debug Any CPU ------
32>Running CycloneDDS Code Generator (GizmoMap.Example)
31>Running CycloneDDS Code Generator (GizmoMap.Viewer)
33>Running CycloneDDS Code Generator (GizmoMap.Presentation.Tests)
31>GizmoMap.Viewer -> D:\Work\IOS-IG-SimHost-FDP-2\FDP\ExtDeps\GizmoMap\GizmoMap.Viewer\bin\Debug\net8.0\GizmoMap.Viewer.dll
32>GizmoMap.Example -> D:\Work\IOS-IG-SimHost-FDP-2\FDP\ExtDeps\GizmoMap\GizmoMap.Example\bin\Debug\net8.0\GizmoMap.Example.dll
34>------ Rebuild All started: Project: GizmoMap.Example.Tests, Configuration: Debug Any CPU ------
33>GizmoMap.Presentation.Tests -> D:\Work\IOS-IG-SimHost-FDP-2\FDP\ExtDeps\GizmoMap\GizmoMap.Presentation.Tests\bin\Debug\net8.0\GizmoMap.Presentation.Tests.dll
34>Running CycloneDDS Code Generator (GizmoMap.Example.Tests)
34>GizmoMap.Example.Tests -> D:\Work\IOS-IG-SimHost-FDP-2\FDP\ExtDeps\GizmoMap\GizmoMap.Example.Tests\bin\Debug\net8.0\GizmoMap.Example.Tests.dll
30>Fdp.Toolkits -> D:\Work\IOS-IG-SimHost-FDP-2\FDP\Toolkits\Fdp.Toolkits\bin\Debug\net8.0\Fdp.Toolkits.dll
35>------ Rebuild All started: Project: Hrot.MuscleCharacter.Animation, Configuration: Debug Any CPU ------
36>------ Rebuild All started: Project: Hrot.Diagnostics.Tuning, Configuration: Debug Any CPU ------
37>------ Rebuild All started: Project: Hrot.Diagnostics.Overlays, Configuration: Debug Any CPU ------
38>------ Rebuild All started: Project: Fdp.Examples.DER, Configuration: Debug Any CPU ------
39>------ Rebuild All started: Project: Fdp.ModuleHost.Tests, Configuration: Debug Any CPU ------
40>------ Rebuild All started: Project: Fdp.Toolkits.Tests, Configuration: Debug Any CPU ------
41>------ Rebuild All started: Project: Hrot.Core, Configuration: Debug Any CPU ------
42>------ Rebuild All started: Project: Fdp.Examples.UrbanCombat, Configuration: Debug Any CPU ------
43>------ Rebuild All started: Project: Fdp.ModuleHost.Benchmarks, Configuration: Debug Any CPU ------
44>------ Rebuild All started: Project: Fdp.Core.Tests, Configuration: Debug Any CPU ------
45>------ Rebuild All started: Project: Fdp.Presentation, Configuration: Debug Any CPU ------
46>------ Rebuild All started: Project: Fdp.Network.Cyclone, Configuration: Debug Any CPU ------
43>Running CycloneDDS Code Generator (Fdp.ModuleHost.Benchmarks)
43>Fdp.ModuleHost.Benchmarks -> D:\Work\IOS-IG-SimHost-FDP-2\FDP\Engine\Fdp.ModuleHost.Benchmarks\bin\Debug\net8.0\Fdp.ModuleHost.Benchmarks.dll
35>Running CycloneDDS Code Generator (Hrot.MuscleCharacter.Animation)
46>Running CycloneDDS Code Generator (Fdp.Network.Cyclone)
38>Running CycloneDDS Code Generator (Fdp.Examples.DER)
37>Running CycloneDDS Code Generator (Hrot.Diagnostics.Overlays)
42>Running CycloneDDS Code Generator (Fdp.Examples.UrbanCombat)
45>Running CycloneDDS Code Generator (Fdp.Presentation)
41>Hrot.Core -> D:\Work\IOS-IG-SimHost-FDP-2\Hrot\Engine\Hrot.Core\bin\Debug\net8.0\Hrot.Core.dll
47>------ Rebuild All started: Project: Hrot.Core.Tests, Configuration: Debug Any CPU ------
37>Hrot.Diagnostics.Overlays -> D:\Work\IOS-IG-SimHost-FDP-2\Hrot\Diagnostics\Hrot.Diagnostics.Overlays\bin\Debug\net8.0\Hrot.Diagnostics.Overlays.dll
48>------ Rebuild All started: Project: Hrot.Diagnostics.Overlays.Tests, Configuration: Debug Any CPU ------
35>Hrot.MuscleCharacter.Animation -> D:\Work\IOS-IG-SimHost-FDP-2\Hrot\Subsystems\Hrot.MuscleCharacter.Animation\bin\Debug\net8.0\Hrot.MuscleCharacter.Animation.dll
49>------ Rebuild All started: Project: Hrot.MuscleCharacter.Animation.Stride, Configuration: Debug Any CPU ------
49>Running CycloneDDS Code Generator (Hrot.MuscleCharacter.Animation.Stride)
46>Fdp.Network.Cyclone -> D:\Work\IOS-IG-SimHost-FDP-2\FDP\Network\Fdp.Network.Cyclone\bin\Debug\net8.0\Fdp.Network.Cyclone.dll
50>------ Rebuild All started: Project: Hrot.Animation.Replication, Configuration: Debug Any CPU ------
51>------ Rebuild All started: Project: Hrot.Network.BDC, Configuration: Debug Any CPU ------
52>------ Rebuild All started: Project: Hrot.Network.Orchestration, Configuration: Debug Any CPU ------
53>------ Rebuild All started: Project: Fdp.Network.Cyclone.Tests, Configuration: Debug Any CPU ------
50>Running CycloneDDS Code Generator (Hrot.Animation.Replication)
45>Fdp.Presentation -> D:\Work\IOS-IG-SimHost-FDP-2\FDP\Engine\Fdp.Presentation\bin\Debug\net8.0\Fdp.Presentation.dll
54>------ Rebuild All started: Project: Fdp.Examples.Common, Configuration: Debug Any CPU ------
55>------ Rebuild All started: Project: Fdp.Presentation.Tests, Configuration: Debug Any CPU ------
56>------ Rebuild All started: Project: Fdp.Examples.CarKinem, Configuration: Debug Any CPU ------
36>Hrot.Diagnostics.Tuning -> D:\Work\IOS-IG-SimHost-FDP-2\Hrot\Diagnostics\Hrot.Diagnostics.Tuning\bin\Debug\net8.0\Hrot.Diagnostics.Tuning.dll
57>------ Rebuild All started: Project: Hrot.Diagnostics.Tuning.Tests, Configuration: Debug Any CPU ------
54>Running CycloneDDS Code Generator (Fdp.Examples.Common)
56>Running CycloneDDS Code Generator (Fdp.Examples.CarKinem)
55>Running CycloneDDS Code Generator (Fdp.Presentation.Tests)
49>Hrot.MuscleCharacter.Animation.Stride -> D:\Work\IOS-IG-SimHost-FDP-2\Hrot\Subsystems\Hrot.MuscleCharacter.Animation.Stride\bin\Debug\net8.0\Hrot.MuscleCharacter.Animation.Stride.dll
58>------ Rebuild All started: Project: Hrot.MuscleCharacter.Animation.Stride.Tests, Configuration: Debug Any CPU ------
52>Running CycloneDDS Code Generator (Hrot.Network.Orchestration)
51>Running CycloneDDS Code Generator (Hrot.Network.BDC)
58>Running CycloneDDS Code Generator (Hrot.MuscleCharacter.Animation.Stride.Tests)
54>Fdp.Examples.Common -> D:\Work\IOS-IG-SimHost-FDP-2\FDP\Examples\Fdp.Examples.Common\bin\Debug\net8.0\Fdp.Examples.Common.dll
59>------ Rebuild All started: Project: Fdp.Examples.Scenarios, Configuration: Debug Any CPU ------
50>Hrot.Animation.Replication -> D:\Work\IOS-IG-SimHost-FDP-2\Hrot\Subsystems\Hrot.Animation.Replication\bin\Debug\net8.0\Hrot.Animation.Replication.dll
60>------ Rebuild All started: Project: Hrot.Animation.Replication.Tests, Configuration: Debug Any CPU ------
59>Running CycloneDDS Code Generator (Fdp.Examples.Scenarios)
58>Hrot.MuscleCharacter.Animation.Stride.Tests -> D:\Work\IOS-IG-SimHost-FDP-2\Hrot\Subsystems\Hrot.MuscleCharacter.Animation.Stride.Tests\bin\Debug\net8.0\Hrot.MuscleCharacter.Animation.Stride.Tests.dll
52>Hrot.Network.Orchestration -> D:\Work\IOS-IG-SimHost-FDP-2\Hrot\Network\Hrot.Network.Orchestration\bin\Debug\net8.0\Hrot.Network.Orchestration.dll
51>Hrot.Network.BDC -> D:\Work\IOS-IG-SimHost-FDP-2\Hrot\Network\Hrot.Network.BDC\bin\Debug\net8.0\Hrot.Network.BDC.dll
61>------ Rebuild All started: Project: Hrot.Network.BDC.Tests, Configuration: Debug Any CPU ------
62>------ Rebuild All started: Project: Hrot.Common, Configuration: Debug Any CPU ------
59>Fdp.Examples.Scenarios -> D:\Work\IOS-IG-SimHost-FDP-2\FDP\Examples\Fdp.Examples.Scenarios\bin\Debug\net8.0\Fdp.Examples.Scenarios.dll
63>------ Rebuild All started: Project: Fdp.Examples.Runner, Configuration: Debug Any CPU ------
60>Running CycloneDDS Code Generator (Hrot.Animation.Replication.Tests)
62>Running CycloneDDS Code Generator (Hrot.Common)
63>Running CycloneDDS Code Generator (Fdp.Examples.Runner)
38>Fdp.Examples.DER -> D:\Work\IOS-IG-SimHost-FDP-2\FDP\Examples\Fdp.Examples.DER\bin\Debug\net8.0\Fdp.Examples.DER.dll
44>Running CycloneDDS Code Generator (Fdp.Core.Tests)
63>Fdp.Examples.Runner -> D:\Work\IOS-IG-SimHost-FDP-2\FDP\Examples\Fdp.Examples.Runner\bin\Debug\net8.0\fdp-demo-runner.dll
60>Hrot.Animation.Replication.Tests -> D:\Work\IOS-IG-SimHost-FDP-2\Hrot\Subsystems\Hrot.Animation.Replication.Tests\bin\Debug\net8.0\Hrot.Animation.Replication.Tests.dll
64>------ Rebuild All started: Project: Fdp.Examples.Scenarios.Tests, Configuration: Debug Any CPU ------
42>Fdp.Examples.UrbanCombat -> D:\Work\IOS-IG-SimHost-FDP-2\FDP\Examples\Fdp.Examples.UrbanCombat\bin\Debug\net8.0\Fdp.Examples.UrbanCombat.dll
65>------ Rebuild All started: Project: Fdp.Examples.UrbanCombat.Tests, Configuration: Debug Any CPU ------
62>Hrot.Common -> D:\Work\IOS-IG-SimHost-FDP-2\Hrot\Engine\Hrot.Common\bin\Debug\net8.0\Hrot.Common.dll
66>------ Rebuild All started: Project: Hrot.Common.Tests, Configuration: Debug Any CPU ------
67>------ Rebuild All started: Project: Hrot.Blueprints.Compiler, Configuration: Debug Any CPU ------
68>------ Rebuild All started: Project: Hrot.Orchestrator, Configuration: Debug Any CPU ------
69>------ Rebuild All started: Project: Hrot.Network.NED, Configuration: Debug Any CPU ------
64>Running CycloneDDS Code Generator (Fdp.Examples.Scenarios.Tests)
65>Running CycloneDDS Code Generator (Fdp.Examples.UrbanCombat.Tests)
67>Hrot.Blueprints.Compiler -> D:\Work\IOS-IG-SimHost-FDP-2\Hrot\Subsystems\Blueprints\Hrot.Blueprints.Compiler\bin\Debug\net8.0\Hrot.Blueprints.Compiler.dll
69>Running CycloneDDS Code Generator (Hrot.Network.NED)
68>Running CycloneDDS Code Generator (Hrot.Orchestrator)
67>Hrot.Blueprints.Compiler -> D:\Work\IOS-IG-SimHost-FDP-2\Hrot\Subsystems\Blueprints\Hrot.Blueprints.Compiler\bin\Debug\netstandard2.0\Hrot.Blueprints.Compiler.dll
70>------ Rebuild All started: Project: Hrot.Blueprints.Compiler.Tests, Configuration: Debug Any CPU ------
71>------ Rebuild All started: Project: Hrot.Blueprints.Generators, Configuration: Debug Any CPU ------
72>------ Rebuild All started: Project: Hrot.Blueprints.Core, Configuration: Debug Any CPU ------
72>Running CycloneDDS Code Generator (Hrot.Blueprints.Core)
71>Hrot.Blueprints.Generators -> D:\Work\IOS-IG-SimHost-FDP-2\Hrot\Subsystems\Blueprints\Hrot.Blueprints.Generators\bin\Debug\netstandard2.0\Hrot.Blueprints.Generators.dll
65>Fdp.Examples.UrbanCombat.Tests -> D:\Work\IOS-IG-SimHost-FDP-2\FDP\Examples\Fdp.Examples.UrbanCombat.Tests\bin\Debug\net8.0\Fdp.Examples.UrbanCombat.Tests.dll
44>D:\Work\IOS-IG-SimHost-FDP-2\FDP\Engine\Fdp.Core.Tests\Serialization\Migrations\MigrationPipelineTests.cs(75,9,75,47): warning xUnit2013: Do not use Assert.Equal() to check for collection size. Use Assert.Empty instead. (https://xunit.net/xunit.analyzers/rules/xUnit2013)
44>D:\Work\IOS-IG-SimHost-FDP-2\FDP\Engine\Fdp.Core.Tests\Serialization\Migrations\MigrationPipelineTests.cs(76,9,76,44): warning xUnit2013: Do not use Assert.Equal() to check for collection size. Use Assert.Empty instead. (https://xunit.net/xunit.analyzers/rules/xUnit2013)
44>D:\Work\IOS-IG-SimHost-FDP-2\FDP\Engine\Fdp.Core.Tests\Serialization\Migrations\MigrationPipelineTests.cs(147,9,147,47): warning xUnit2013: Do not use Assert.Equal() to check for collection size. Use Assert.Empty instead. (https://xunit.net/xunit.analyzers/rules/xUnit2013)
44>D:\Work\IOS-IG-SimHost-FDP-2\FDP\Engine\Fdp.Core.Tests\Serialization\Migrations\MigrationPipelineTests.cs(148,9,148,44): warning xUnit2013: Do not use Assert.Equal() to check for collection size. Use Assert.Empty instead. (https://xunit.net/xunit.analyzers/rules/xUnit2013)
44>D:\Work\IOS-IG-SimHost-FDP-2\FDP\Engine\Fdp.Core.Tests\Serialization\Migrations\MigrationPipelineTests.cs(177,9,177,47): warning xUnit2013: Do not use Assert.Equal() to check for collection size. Use Assert.Empty instead. (https://xunit.net/xunit.analyzers/rules/xUnit2013)
44>D:\Work\IOS-IG-SimHost-FDP-2\FDP\Engine\Fdp.Core.Tests\Serialization\Migrations\MigrationPipelineTests.cs(178,9,178,44): warning xUnit2013: Do not use Assert.Equal() to check for collection size. Use Assert.Empty instead. (https://xunit.net/xunit.analyzers/rules/xUnit2013)
44>D:\Work\IOS-IG-SimHost-FDP-2\FDP\Engine\Fdp.Core.Tests\Serialization\Migrations\InMemoryMigrationStorageTests.cs(286,9,286,48): warning xUnit2013: Do not use Assert.Equal() to check for collection size. Use Assert.Single instead. (https://xunit.net/xunit.analyzers/rules/xUnit2013)
68>Hrot.Orchestrator -> D:\Work\IOS-IG-SimHost-FDP-2\Hrot\Subsystems\Hrot.Orchestrator\bin\Debug\net8.0\Hrot.Orchestrator.dll
73>------ Rebuild All started: Project: Hrot.Orchestrator.Tests, Configuration: Debug Any CPU ------
56>Fdp.Examples.CarKinem -> D:\Work\IOS-IG-SimHost-FDP-2\FDP\Examples\Fdp.Examples.CarKinem\bin\Debug\net8.0\win-x64\Fdp.Examples.CarKinem.dll
74>------ Rebuild All started: Project: Fdp.Examples.CarKinem.Tests, Configuration: Debug Any CPU ------
44>Fdp.Core.Tests -> D:\Work\IOS-IG-SimHost-FDP-2\FDP\Engine\Fdp.Core.Tests\bin\Debug\net8.0\Fdp.Core.Tests.dll
44>Done building project "Fdp.Core.Tests.csproj".
39>Running CycloneDDS Code Generator (Fdp.ModuleHost.Tests)
66>Running CycloneDDS Code Generator (Hrot.Common.Tests)
53>Running CycloneDDS Code Generator (Fdp.Network.Cyclone.Tests)
61>Running CycloneDDS Code Generator (Hrot.Network.BDC.Tests)
74>C:\Program Files\Microsoft Visual Studio\2022\Professional\MSBuild\Current\Bin\amd64\Microsoft.Common.CurrentVersion.targets(2433,5): warning MSB3270: There was a mismatch between the processor architecture of the project being built "MSIL" and the processor architecture of the reference "D:\Work\IOS-IG-SimHost-FDP-2\FDP\Examples\Fdp.Examples.CarKinem\bin\Debug\net8.0\win-x64\Fdp.Examples.CarKinem.dll", "AMD64". This mismatch may cause runtime failures. Please consider changing the targeted processor architecture of your project through the Configuration Manager so as to align the processor architectures between your project and references, or take a dependency on references with a processor architecture that matches the targeted processor architecture of your project.
74>Running CycloneDDS Code Generator (Fdp.Examples.CarKinem.Tests)
55>Fdp.Presentation.Tests -> D:\Work\IOS-IG-SimHost-FDP-2\FDP\Engine\Fdp.Presentation.Tests\bin\Debug\net8.0\Fdp.Presentation.Tests.dll
66>D:\Work\IOS-IG-SimHost-FDP-2\Hrot\Engine\Hrot.Common.Tests\Scenario\Migrations\Phase3MigratorTests.cs(80,9,80,46): warning xUnit2013: Do not use Assert.Equal() to check for collection size. Use Assert.Empty instead. (https://xunit.net/xunit.analyzers/rules/xUnit2013)
66>D:\Work\IOS-IG-SimHost-FDP-2\Hrot\Engine\Hrot.Common.Tests\Scenario\Migrations\EntityPatchTests.cs(91,9,91,46): warning xUnit2013: Do not use Assert.Equal() to check for collection size. Use Assert.Empty instead. (https://xunit.net/xunit.analyzers/rules/xUnit2013)
66>D:\Work\IOS-IG-SimHost-FDP-2\Hrot\Engine\Hrot.Common.Tests\Scenario\Migrations\Phase3MigratorTests.cs(99,9,99,43): warning xUnit2013: Do not use Assert.Equal() to check for collection size. Use Assert.Single instead. (https://xunit.net/xunit.analyzers/rules/xUnit2013)
66>D:\Work\IOS-IG-SimHost-FDP-2\Hrot\Engine\Hrot.Common.Tests\Scenario\Migrations\Phase3MigratorTests.cs(119,9,119,41): warning xUnit2013: Do not use Assert.Equal() to check for collection size. Use Assert.Single instead. (https://xunit.net/xunit.analyzers/rules/xUnit2013)
66>D:\Work\IOS-IG-SimHost-FDP-2\Hrot\Engine\Hrot.Common.Tests\Scenario\Migrations\EntityPatchTests.cs(105,9,105,36): warning xUnit2013: Do not use Assert.Equal() to check for collection size. Use Assert.Single instead. (https://xunit.net/xunit.analyzers/rules/xUnit2013)
66>D:\Work\IOS-IG-SimHost-FDP-2\Hrot\Engine\Hrot.Common.Tests\Scenario\Migrations\EntityPatchTests.cs(132,9,132,37): warning xUnit2013: Do not use Assert.Equal() to check for collection size. Use Assert.Empty instead. (https://xunit.net/xunit.analyzers/rules/xUnit2013)
66>D:\Work\IOS-IG-SimHost-FDP-2\Hrot\Engine\Hrot.Common.Tests\Scenario\Migrations\Phase3MigratorTests.cs(216,9,216,43): warning xUnit2013: Do not use Assert.Equal() to check for collection size. Use Assert.Single instead. (https://xunit.net/xunit.analyzers/rules/xUnit2013)
66>Hrot.Common.Tests -> D:\Work\IOS-IG-SimHost-FDP-2\Hrot\Engine\Hrot.Common.Tests\bin\Debug\net8.0\Hrot.Common.Tests.dll
66>Done building project "Hrot.Common.Tests.csproj".
64>Fdp.Examples.Scenarios.Tests -> D:\Work\IOS-IG-SimHost-FDP-2\FDP\Examples\Fdp.Examples.Scenarios.Tests\bin\Debug\net8.0\Fdp.Examples.Scenarios.Tests.dll
61>Hrot.Network.BDC.Tests -> D:\Work\IOS-IG-SimHost-FDP-2\Hrot\Network\Hrot.Network.BDC.Tests\bin\Debug\net8.0\Hrot.Network.BDC.Tests.dll
39>Fdp.ModuleHost.Tests -> D:\Work\IOS-IG-SimHost-FDP-2\FDP\Engine\Fdp.ModuleHost.Tests\bin\Debug\net8.0\Fdp.ModuleHost.Tests.dll
53>Fdp.Network.Cyclone.Tests -> D:\Work\IOS-IG-SimHost-FDP-2\FDP\Network\Fdp.Network.Cyclone.Tests\bin\Debug\net8.0\Fdp.Network.Cyclone.Tests.dll
47>Running CycloneDDS Code Generator (Hrot.Core.Tests)
73>Running CycloneDDS Code Generator (Hrot.Orchestrator.Tests)
40>Running CycloneDDS Code Generator (Fdp.Toolkits.Tests)
74>Fdp.Examples.CarKinem.Tests -> D:\Work\IOS-IG-SimHost-FDP-2\FDP\Examples\Fdp.Examples.CarKinem.Tests\bin\Debug\net9.0\Fdp.Examples.CarKinem.Tests.dll
74>Done building project "Fdp.Examples.CarKinem.Tests.csproj".
69>Hrot.Network.NED -> D:\Work\IOS-IG-SimHost-FDP-2\Hrot\Network\Hrot.Network.NED\bin\Debug\net8.0\Hrot.Network.NED.dll
75>------ Rebuild All started: Project: Hrot.Map.Common.Tests, Configuration: Debug Any CPU ------
76>------ Rebuild All started: Project: Hrot.Network.NED.Tests, Configuration: Debug Any CPU ------
57>Hrot.Diagnostics.Tuning.Tests -> D:\Work\IOS-IG-SimHost-FDP-2\Hrot\Diagnostics\Hrot.Diagnostics.Tuning.Tests\bin\Debug\net8.0\Hrot.Diagnostics.Tuning.Tests.dll
47>Hrot.Core.Tests -> D:\Work\IOS-IG-SimHost-FDP-2\Hrot\Engine\Hrot.Core.Tests\bin\Debug\net8.0\Hrot.Core.Tests.dll
48>Running CycloneDDS Code Generator (Hrot.Diagnostics.Overlays.Tests)
73>Hrot.Orchestrator.Tests -> D:\Work\IOS-IG-SimHost-FDP-2\Hrot\Subsystems\Hrot.Orchestrator.Tests\bin\Debug\net8.0\Hrot.Orchestrator.Tests.dll
76>Running CycloneDDS Code Generator (Hrot.Network.NED.Tests)
75>Running CycloneDDS Code Generator (Hrot.Map.Common.Tests)
72>Hrot.Blueprints.Core -> D:\Work\IOS-IG-SimHost-FDP-2\Hrot\Subsystems\Blueprints\Hrot.Blueprints.Core\bin\Debug\net8.0\Hrot.Blueprints.Core.dll
77>------ Rebuild All started: Project: Hrot.Diagnostics.Breakpoints, Configuration: Debug Any CPU ------
48>Hrot.Diagnostics.Overlays.Tests -> D:\Work\IOS-IG-SimHost-FDP-2\Hrot\Diagnostics\Hrot.Diagnostics.Overlays.Tests\bin\Debug\net8.0\Hrot.Diagnostics.Overlays.Tests.dll
70>Hrot.Blueprints.Compiler.Tests -> D:\Work\IOS-IG-SimHost-FDP-2\Hrot\Subsystems\Blueprints\Hrot.Blueprints.Compiler.Tests\bin\Debug\net8.0\Hrot.Blueprints.Compiler.Tests.dll
76>Hrot.Network.NED.Tests -> D:\Work\IOS-IG-SimHost-FDP-2\Hrot\Network\Hrot.Network.NED.Tests\bin\Debug\net8.0\Hrot.Network.NED.Tests.dll
75>Hrot.Map.Common.Tests -> D:\Work\IOS-IG-SimHost-FDP-2\Hrot\Engine\Hrot.Map.Common.Tests\bin\Debug\net8.0\Hrot.Map.Common.Tests.dll
77>Running CycloneDDS Code Generator (Hrot.Diagnostics.Breakpoints)
40>Fdp.Toolkits.Tests -> D:\Work\IOS-IG-SimHost-FDP-2\FDP\Toolkits\Fdp.Toolkits.Tests\bin\Debug\net8.0\Fdp.Toolkits.Tests.dll
77>Hrot.Diagnostics.Breakpoints -> D:\Work\IOS-IG-SimHost-FDP-2\Hrot\Diagnostics\Hrot.Diagnostics.Breakpoints\bin\Debug\net8.0\Hrot.Diagnostics.Breakpoints.dll
78>------ Rebuild All started: Project: Hrot.Editor.AiShared, Configuration: Debug Any CPU ------
79>------ Rebuild All started: Project: Hrot.Presentation, Configuration: Debug Any CPU ------
79>Running CycloneDDS Code Generator (Hrot.Presentation)
78>Running CycloneDDS Code Generator (Hrot.Editor.AiShared)
79>Hrot.Presentation -> D:\Work\IOS-IG-SimHost-FDP-2\Hrot\Engine\Hrot.Presentation\bin\Debug\net8.0\Hrot.Presentation.dll
80>------ Rebuild All started: Project: Hrot.ExCon, Configuration: Debug Any CPU ------
81>------ Rebuild All started: Project: Hrot.SimHost, Configuration: Debug Any CPU ------
80>Running CycloneDDS Code Generator (Hrot.ExCon)
81>Running CycloneDDS Code Generator (Hrot.SimHost)
78>Hrot.Editor.AiShared -> D:\Work\IOS-IG-SimHost-FDP-2\Hrot\Editor\Hrot.Editor.AiShared\bin\Debug\net8.0\Hrot.Editor.AiShared.dll
82>------ Rebuild All started: Project: Hrot.Hsm.Editor, Configuration: Debug Any CPU ------
83>------ Rebuild All started: Project: Hrot.BTree.Editor, Configuration: Debug Any CPU ------
84>------ Rebuild All started: Project: Hrot.Utility.Editor, Configuration: Debug Any CPU ------
85>------ Rebuild All started: Project: Hrot.Blueprints.Editor, Configuration: Debug Any CPU ------
86>------ Rebuild All started: Project: Hrot.AI.Behaviors, Configuration: Debug Any CPU ------
83>Hrot.BTree.Editor -> D:\Work\IOS-IG-SimHost-FDP-2\Hrot\Subsystems\AI\Hrot.BTree.Editor\bin\Debug\net8.0\Hrot.BTree.Editor.dll
87>------ Rebuild All started: Project: Hrot.BTree.Editor.Tests, Configuration: Debug Any CPU ------
86>D:\Work\IOS-IG-SimHost-FDP-2\Hrot\Subsystems\Blueprints\Hrot.Blueprints.Compiler\Hrot.Blueprints.Compiler.csproj : error MSB4057: The target "GetTargetPath" does not exist in the project.
86>Done building project "Hrot.Blueprints.Compiler.csproj" -- FAILED.
88>------ Rebuild All started: Project: Hrot.IG, Configuration: Debug Any CPU ------
81>Hrot.SimHost -> D:\Work\IOS-IG-SimHost-FDP-2\Hrot\Subsystems\Hrot.SimHost\bin\Debug\net8.0\Hrot.SimHost.dll
85>Running CycloneDDS Code Generator (Hrot.Blueprints.Editor)
89>------ Rebuild All started: Project: Hrot.MuscleCharacter.Animation.Fake, Configuration: Debug Any CPU ------
90>------ Rebuild All started: Project: Hrot.Orchestrator.Integration.Tests, Configuration: Debug Any CPU ------
80>Hrot.ExCon -> D:\Work\IOS-IG-SimHost-FDP-2\Hrot\Subsystems\Hrot.ExCon\bin\Debug\net8.0\Hrot.ExCon.dll
91>------ Rebuild All started: Project: Hrot.ExCon.Tests, Configuration: Debug Any CPU ------
84>Hrot.Utility.Editor -> D:\Work\IOS-IG-SimHost-FDP-2\Hrot\Editor\Hrot.Utility.Editor\bin\Debug\net8.0\Hrot.Utility.Editor.dll
92>------ Rebuild All started: Project: Hrot.Utility.Editor.Tests, Configuration: Debug Any CPU ------
82>Hrot.Hsm.Editor -> D:\Work\IOS-IG-SimHost-FDP-2\Hrot\Subsystems\AI\Hrot.Hsm.Editor\bin\Debug\net8.0\Hrot.Hsm.Editor.dll
93>------ Rebuild All started: Project: Hrot.Hsm.Editor.Tests, Configuration: Debug Any CPU ------
89>D:\Work\IOS-IG-SimHost-FDP-2\Hrot\Subsystems\Hrot.MuscleCharacter.Animation.Fake\Components\FakeAnimBackendState.cs(5,7,5,10): error CS0246: The type or namespace name 'Fdp' could not be found (are you missing a using directive or an assembly reference?)
89>D:\Work\IOS-IG-SimHost-FDP-2\Hrot\Subsystems\Hrot.MuscleCharacter.Animation.Fake\Components\FakeAnimBackendState.cs(6,38,6,47): error CS0234: The type or namespace name 'Contracts' does not exist in the namespace 'Hrot.MuscleCharacter.Animation' (are you missing an assembly reference?)
89>D:\Work\IOS-IG-SimHost-FDP-2\Hrot\Subsystems\Hrot.MuscleCharacter.Animation.Fake\Components\FakeAnimBackendState.cs(7,38,7,48): error CS0234: The type or namespace name 'Components' does not exist in the namespace 'Hrot.MuscleCharacter.Animation' (are you missing an assembly reference?)
89>D:\Work\IOS-IG-SimHost-FDP-2\Hrot\Subsystems\Hrot.MuscleCharacter.Animation.Fake\Diagnostics\FakeAnimBackendSnapshotJson.cs(3,38,3,48): error CS0234: The type or namespace name 'Components' does not exist in the namespace 'Hrot.MuscleCharacter.Animation' (are you missing an assembly reference?)
89>D:\Work\IOS-IG-SimHost-FDP-2\Hrot\Subsystems\Hrot.MuscleCharacter.Animation.Fake\FakeAnimationBackend.cs(3,7,3,10): error CS0246: The type or namespace name 'Fdp' could not be found (are you missing a using directive or an assembly reference?)
89>D:\Work\IOS-IG-SimHost-FDP-2\Hrot\Subsystems\Hrot.MuscleCharacter.Animation.Fake\FakeAnimationBackend.cs(4,38,4,44): error CS0234: The type or namespace name 'Baking' does not exist in the namespace 'Hrot.MuscleCharacter.Animation' (are you missing an assembly reference?)
89>D:\Work\IOS-IG-SimHost-FDP-2\Hrot\Subsystems\Hrot.MuscleCharacter.Animation.Fake\FakeAnimationBackend.cs(5,38,5,47): error CS0234: The type or namespace name 'Contracts' does not exist in the namespace 'Hrot.MuscleCharacter.Animation' (are you missing an assembly reference?)
89>D:\Work\IOS-IG-SimHost-FDP-2\Hrot\Subsystems\Hrot.MuscleCharacter.Animation.Fake\Windows\FakeAnimBackendInspectorWindow.cs(3,7,3,10): error CS0246: The type or namespace name 'Fdp' could not be found (are you missing a using directive or an assembly reference?)
89>D:\Work\IOS-IG-SimHost-FDP-2\Hrot\Subsystems\Hrot.MuscleCharacter.Animation.Fake\Windows\FakeAnimBackendInspectorWindow.cs(4,7,4,10): error CS0246: The type or namespace name 'Fdp' could not be found (are you missing a using directive or an assembly reference?)
89>D:\Work\IOS-IG-SimHost-FDP-2\Hrot\Subsystems\Hrot.MuscleCharacter.Animation.Fake\Windows\FakeAnimBackendInspectorWindow.cs(16,54,16,67): error CS0246: The type or namespace name 'ManagedWindow' could not be found (are you missing a using directive or an assembly reference?)
89>D:\Work\IOS-IG-SimHost-FDP-2\Hrot\Subsystems\Hrot.MuscleCharacter.Animation.Fake\FakeAnimationBackend.cs(15,44,15,61): error CS0246: The type or namespace name 'IAnimationBackend' could not be found (are you missing a using directive or an assembly reference?)
89>D:\Work\IOS-IG-SimHost-FDP-2\Hrot\Subsystems\Hrot.MuscleCharacter.Animation.Fake\Components\FakeAnimBackendState.cs(76,12,76,26): error CS0246: The type or namespace name 'MontageAssetId' could not be found (are you missing a using directive or an assembly reference?)
89>D:\Work\IOS-IG-SimHost-FDP-2\Hrot\Subsystems\Hrot.MuscleCharacter.Animation.Fake\Windows\FakeAnimBackendInspectorWindow.cs(18,13,18,29): error CS0246: The type or namespace name 'EntityRepository' could not be found (are you missing a using directive or an assembly reference?)
89>D:\Work\IOS-IG-SimHost-FDP-2\Hrot\Subsystems\Hrot.MuscleCharacter.Animation.Fake\Components\FakeAnimBackendState.cs(66,13,66,27): error CS0246: The type or namespace name 'RawNotifyEvent' could not be found (are you missing a using directive or an assembly reference?)
89>D:\Work\IOS-IG-SimHost-FDP-2\Hrot\Subsystems\Hrot.MuscleCharacter.Animation.Fake\Windows\FakeAnimBackendInspectorWindow.cs(26,28,26,44): error CS0246: The type or namespace name 'EntityRepository' could not be found (are you missing a using directive or an assembly reference?)
89>D:\Work\IOS-IG-SimHost-FDP-2\Hrot\Subsystems\Hrot.MuscleCharacter.Animation.Fake\FakeAnimationBackend.cs(37,48,37,75): error CS0246: The type or namespace name 'CharacterAnimationBakedData' could not be found (are you missing a using directive or an assembly reference?)
89>D:\Work\IOS-IG-SimHost-FDP-2\Hrot\Subsystems\Hrot.MuscleCharacter.Animation.Fake\FakeAnimationBackend.cs(40,13,40,29): error CS0246: The type or namespace name 'EntityRepository' could not be found (are you missing a using directive or an assembly reference?)
89>D:\Work\IOS-IG-SimHost-FDP-2\Hrot\Subsystems\Hrot.MuscleCharacter.Animation.Fake\FakeAnimationBackend.cs(42,39,42,45): error CS0246: The type or namespace name 'Entity' could not be found (are you missing a using directive or an assembly reference?)
89>D:\Work\IOS-IG-SimHost-FDP-2\Hrot\Subsystems\Hrot.MuscleCharacter.Animation.Fake\Windows\FakeAnimBackendInspectorWindow.cs(72,33,72,49): error CS0246: The type or namespace name 'EntityRepository' could not be found (are you missing a using directive or an assembly reference?)
89>D:\Work\IOS-IG-SimHost-FDP-2\Hrot\Subsystems\Hrot.MuscleCharacter.Animation.Fake\Windows\FakeAnimBackendInspectorWindow.cs(72,56,72,67): error CS0246: The type or namespace name 'EntityQuery' could not be found (are you missing a using directive or an assembly reference?)
89>D:\Work\IOS-IG-SimHost-FDP-2\Hrot\Subsystems\Hrot.MuscleCharacter.Animation.Fake\Windows\FakeAnimBackendInspectorWindow.cs(90,43,90,59): error CS0246: The type or namespace name 'EntityRepository' could not be found (are you missing a using directive or an assembly reference?)
89>D:\Work\IOS-IG-SimHost-FDP-2\Hrot\Subsystems\Hrot.MuscleCharacter.Animation.Fake\FakeAnimationBackend.cs(68,59,68,86): error CS0246: The type or namespace name 'CharacterAnimationBakedData' could not be found (are you missing a using directive or an assembly reference?)
89>D:\Work\IOS-IG-SimHost-FDP-2\Hrot\Subsystems\Hrot.MuscleCharacter.Animation.Fake\Windows\FakeAnimBackendInspectorWindow.cs(244,45,244,51): error CS0246: The type or namespace name 'Entity' could not be found (are you missing a using directive or an assembly reference?)
89>D:\Work\IOS-IG-SimHost-FDP-2\Hrot\Subsystems\Hrot.MuscleCharacter.Animation.Fake\FakeAnimationBackend.cs(73,31,73,53): error CS0246: The type or namespace name 'AnimationBackendConfig' could not be found (are you missing a using directive or an assembly reference?)
89>D:\Work\IOS-IG-SimHost-FDP-2\Hrot\Subsystems\Hrot.MuscleCharacter.Animation.Fake\FakeAnimationBackend.cs(83,37,83,53): error CS0246: The type or namespace name 'EntityRepository' could not be found (are you missing a using directive or an assembly reference?)
89>D:\Work\IOS-IG-SimHost-FDP-2\Hrot\Subsystems\Hrot.MuscleCharacter.Animation.Fake\FakeAnimationBackend.cs(89,12,89,34): error CS0246: The type or namespace name 'AnimationBackendHandle' could not be found (are you missing a using directive or an assembly reference?)
89>D:\Work\IOS-IG-SimHost-FDP-2\Hrot\Subsystems\Hrot.MuscleCharacter.Animation.Fake\FakeAnimationBackend.cs(111,34,111,56): error CS0246: The type or namespace name 'AnimationBackendHandle' could not be found (are you missing a using directive or an assembly reference?)
89>D:\Work\IOS-IG-SimHost-FDP-2\Hrot\Subsystems\Hrot.MuscleCharacter.Animation.Fake\FakeAnimationBackend.cs(124,28,124,50): error CS0246: The type or namespace name 'AnimationBackendHandle' could not be found (are you missing a using directive or an assembly reference?)
89>D:\Work\IOS-IG-SimHost-FDP-2\Hrot\Subsystems\Hrot.MuscleCharacter.Animation.Fake\FakeAnimationBackend.cs(143,36,143,58): error CS0246: The type or namespace name 'AnimationBackendHandle' could not be found (are you missing a using directive or an assembly reference?)
89>D:\Work\IOS-IG-SimHost-FDP-2\Hrot\Subsystems\Hrot.MuscleCharacter.Animation.Fake\FakeAnimationBackend.cs(155,35,155,57): error CS0246: The type or namespace name 'AnimationBackendHandle' could not be found (are you missing a using directive or an assembly reference?)
89>D:\Work\IOS-IG-SimHost-FDP-2\Hrot\Subsystems\Hrot.MuscleCharacter.Animation.Fake\FakeAnimationBackend.cs(155,69,155,86): error CS0246: The type or namespace name 'PlayMontageParams' could not be found (are you missing a using directive or an assembly reference?)
89>D:\Work\IOS-IG-SimHost-FDP-2\Hrot\Subsystems\Hrot.MuscleCharacter.Animation.Fake\FakeAnimationBackend.cs(193,35,193,57): error CS0246: The type or namespace name 'AnimationBackendHandle' could not be found (are you missing a using directive or an assembly reference?)
89>D:\Work\IOS-IG-SimHost-FDP-2\Hrot\Subsystems\Hrot.MuscleCharacter.Animation.Fake\FakeAnimationBackend.cs(193,69,193,86): error CS0246: The type or namespace name 'StopMontageParams' could not be found (are you missing a using directive or an assembly reference?)
89>D:\Work\IOS-IG-SimHost-FDP-2\Hrot\Subsystems\Hrot.MuscleCharacter.Animation.Fake\FakeAnimationBackend.cs(214,35,214,57): error CS0246: The type or namespace name 'AnimationBackendHandle' could not be found (are you missing a using directive or an assembly reference?)
89>D:\Work\IOS-IG-SimHost-FDP-2\Hrot\Subsystems\Hrot.MuscleCharacter.Animation.Fake\FakeAnimationBackend.cs(214,69,214,86): error CS0246: The type or namespace name 'LookAtPointParams' could not be found (are you missing a using directive or an assembly reference?)
89>D:\Work\IOS-IG-SimHost-FDP-2\Hrot\Subsystems\Hrot.MuscleCharacter.Animation.Fake\FakeAnimationBackend.cs(227,36,227,58): error CS0246: The type or namespace name 'AnimationBackendHandle' could not be found (are you missing a using directive or an assembly reference?)
89>D:\Work\IOS-IG-SimHost-FDP-2\Hrot\Subsystems\Hrot.MuscleCharacter.Animation.Fake\FakeAnimationBackend.cs(227,70,227,88): error CS0246: The type or namespace name 'LookAtEntityParams' could not be found (are you missing a using directive or an assembly reference?)
89>D:\Work\IOS-IG-SimHost-FDP-2\Hrot\Subsystems\Hrot.MuscleCharacter.Animation.Fake\FakeAnimationBackend.cs(239,28,239,50): error CS0246: The type or namespace name 'AnimationBackendHandle' could not be found (are you missing a using directive or an assembly reference?)
89>D:\Work\IOS-IG-SimHost-FDP-2\Hrot\Subsystems\Hrot.MuscleCharacter.Animation.Fake\FakeAnimationBackend.cs(239,62,239,79): error CS0246: The type or namespace name 'ReleaseLookParams' could not be found (are you missing a using directive or an assembly reference?)
89>D:\Work\IOS-IG-SimHost-FDP-2\Hrot\Subsystems\Hrot.MuscleCharacter.Animation.Fake\FakeAnimationBackend.cs(248,37,248,59): error CS0246: The type or namespace name 'AnimationBackendHandle' could not be found (are you missing a using directive or an assembly reference?)
89>D:\Work\IOS-IG-SimHost-FDP-2\Hrot\Subsystems\Hrot.MuscleCharacter.Animation.Fake\FakeAnimationBackend.cs(277,30,277,36): error CS0246: The type or namespace name 'Entity' could not be found (are you missing a using directive or an assembly reference?)
89>D:\Work\IOS-IG-SimHost-FDP-2\Hrot\Subsystems\Hrot.MuscleCharacter.Animation.Fake\FakeAnimationBackend.cs(470,9,470,31): error CS0246: The type or namespace name 'AnimationBackendHandle' could not be found (are you missing a using directive or an assembly reference?)
89>D:\Work\IOS-IG-SimHost-FDP-2\Hrot\Subsystems\Hrot.MuscleCharacter.Animation.Fake\FakeAnimationBackend.cs(489,41,489,63): error CS0246: The type or namespace name 'AnimationBackendHandle' could not be found (are you missing a using directive or an assembly reference?)
89>D:\Work\IOS-IG-SimHost-FDP-2\Hrot\Subsystems\Hrot.MuscleCharacter.Animation.Fake\Components\FakeAnimBackendState.cs(15,2,15,13): error CS0246: The type or namespace name 'ComponentIdAttribute' could not be found (are you missing a using directive or an assembly reference?)
89>D:\Work\IOS-IG-SimHost-FDP-2\Hrot\Subsystems\Hrot.MuscleCharacter.Animation.Fake\Components\FakeAnimBackendState.cs(15,2,15,13): error CS0246: The type or namespace name 'ComponentId' could not be found (are you missing a using directive or an assembly reference?)
89>D:\Work\IOS-IG-SimHost-FDP-2\Hrot\Subsystems\Hrot.MuscleCharacter.Animation.Fake\Components\FakeAnimBackendState.cs(16,2,16,12): error CS0246: The type or namespace name 'DataPolicyAttribute' could not be found (are you missing a using directive or an assembly reference?)
89>D:\Work\IOS-IG-SimHost-FDP-2\Hrot\Subsystems\Hrot.MuscleCharacter.Animation.Fake\Components\FakeAnimBackendState.cs(16,2,16,12): error CS0246: The type or namespace name 'DataPolicy' could not be found (are you missing a using directive or an assembly reference?)
89>D:\Work\IOS-IG-SimHost-FDP-2\Hrot\Subsystems\Hrot.MuscleCharacter.Animation.Fake\Components\FakeAnimBackendState.cs(15,14,15,32): error CS0103: The name 'GlobalComponentIds' does not exist in the current context
89>D:\Work\IOS-IG-SimHost-FDP-2\Hrot\Subsystems\Hrot.MuscleCharacter.Animation.Fake\Components\FakeAnimBackendState.cs(16,13,16,23): error CS0103: The name 'DataPolicy' does not exist in the current context
89>D:\Work\IOS-IG-SimHost-FDP-2\Hrot\Subsystems\Hrot.MuscleCharacter.Animation.Fake\FakeAnimationBackend.cs(504,34,504,56): error CS0246: The type or namespace name 'AnimationBackendHandle' could not be found (are you missing a using directive or an assembly reference?)
89>D:\Work\IOS-IG-SimHost-FDP-2\Hrot\Subsystems\Hrot.MuscleCharacter.Animation.Fake\FakeAnimationBackend.cs(519,39,519,61): error CS0246: The type or namespace name 'AnimationBackendHandle' could not be found (are you missing a using directive or an assembly reference?)
89>D:\Work\IOS-IG-SimHost-FDP-2\Hrot\Subsystems\Hrot.MuscleCharacter.Animation.Fake\FakeAnimationBackend.cs(530,45,530,67): error CS0246: The type or namespace name 'AnimationBackendHandle' could not be found (are you missing a using directive or an assembly reference?)
89>D:\Work\IOS-IG-SimHost-FDP-2\Hrot\Subsystems\Hrot.MuscleCharacter.Animation.Fake\FakeAnimationBackend.cs(541,30,541,52): error CS0246: The type or namespace name 'AnimationBackendHandle' could not be found (are you missing a using directive or an assembly reference?)
89>D:\Work\IOS-IG-SimHost-FDP-2\Hrot\Subsystems\Hrot.MuscleCharacter.Animation.Fake\FakeAnimationBackend.cs(541,66,541,80): error CS0246: The type or namespace name 'RawNotifyEvent' could not be found (are you missing a using directive or an assembly reference?)
89>D:\Work\IOS-IG-SimHost-FDP-2\Hrot\Subsystems\Hrot.MuscleCharacter.Animation.Fake\FakeAnimationBackend.cs(557,35,557,49): error CS0246: The type or namespace name 'RawNotifyEvent' could not be found (are you missing a using directive or an assembly reference?)
89>D:\Work\IOS-IG-SimHost-FDP-2\Hrot\Subsystems\Hrot.MuscleCharacter.Animation.Fake\FakeAnimationBackend.cs(573,12,573,35): error CS0246: The type or namespace name 'AnimationBackendMetrics' could not be found (are you missing a using directive or an assembly reference?)
89>D:\Work\IOS-IG-SimHost-FDP-2\Hrot\Subsystems\Hrot.MuscleCharacter.Animation.Fake\FakeAnimationBackend.cs(600,33,600,55): error CS0246: The type or namespace name 'AnimationBackendHandle' could not be found (are you missing a using directive or an assembly reference?)
89>D:\Work\IOS-IG-SimHost-FDP-2\Hrot\Subsystems\Hrot.MuscleCharacter.Animation.Fake\FakeAnimationBackend.cs(616,37,616,59): error CS0246: The type or namespace name 'AnimationBackendHandle' could not be found (are you missing a using directive or an assembly reference?)
89>D:\Work\IOS-IG-SimHost-FDP-2\Hrot\Subsystems\Hrot.MuscleCharacter.Animation.Fake\FakeAnimationBackend.cs(633,40,633,62): error CS0246: The type or namespace name 'AnimationBackendHandle' could not be found (are you missing a using directive or an assembly reference?)
89>D:\Work\IOS-IG-SimHost-FDP-2\Hrot\Subsystems\Hrot.MuscleCharacter.Animation.Fake\FakeAnimationBackend.cs(633,74,633,91): error CS0246: The type or namespace name 'PlayMontageParams' could not be found (are you missing a using directive or an assembly reference?)
89>D:\Work\IOS-IG-SimHost-FDP-2\Hrot\Subsystems\Hrot.MuscleCharacter.Animation.Fake\FakeAnimationBackend.cs(34,21,34,35): error CS0246: The type or namespace name 'RawNotifyEvent' could not be found (are you missing a using directive or an assembly reference?)
89>Done building project "Hrot.MuscleCharacter.Animation.Fake.csproj" -- FAILED.
94>------ Rebuild All started: Project: Hrot.Animation.Network.Integration.Tests, Configuration: Debug Any CPU ------
88>D:\Work\IOS-IG-SimHost-FDP-2\Hrot\Subsystems\Hrot.IG\Components\ContextMenuState.cs(1,7,1,10): error CS0246: The type or namespace name 'Fdp' could not be found (are you missing a using directive or an assembly reference?)
88>D:\Work\IOS-IG-SimHost-FDP-2\Hrot\Subsystems\Hrot.IG\Components\HistoryTrail.cs(2,7,2,10): error CS0246: The type or namespace name 'Fdp' could not be found (are you missing a using directive or an assembly reference?)
88>D:\Work\IOS-IG-SimHost-FDP-2\Hrot\Subsystems\Hrot.IG\Components\VisualEffectState.cs(2,7,2,10): error CS0246: The type or namespace name 'Fdp' could not be found (are you missing a using directive or an assembly reference?)
90>D:\Work\IOS-IG-SimHost-FDP-2\Hrot\Subsystems\Hrot.Orchestrator.Integration.Tests\CqrsOrchestrationIntegrationTests.cs(9,27,9,30): error CS0234: The type or namespace name 'NED' does not exist in the namespace 'Hrot' (are you missing an assembly reference?)
90>D:\Work\IOS-IG-SimHost-FDP-2\Hrot\Subsystems\Hrot.Orchestrator.Integration.Tests\CqrsOrchestrationIntegrationTests.cs(10,27,10,30): error CS0234: The type or namespace name 'NED' does not exist in the namespace 'Hrot' (are you missing an assembly reference?)
90>D:\Work\IOS-IG-SimHost-FDP-2\Hrot\Subsystems\Hrot.Orchestrator.Integration.Tests\CqrsOrchestrationIntegrationTests.cs(5,7,5,10): error CS0246: The type or namespace name 'Fdp' could not be found (are you missing a using directive or an assembly reference?)
90>D:\Work\IOS-IG-SimHost-FDP-2\Hrot\Subsystems\Hrot.Orchestrator.Integration.Tests\CqrsOrchestrationIntegrationTests.cs(6,7,6,10): error CS0246: The type or namespace name 'Fdp' could not be found (are you missing a using directive or an assembly reference?)
90>D:\Work\IOS-IG-SimHost-FDP-2\Hrot\Subsystems\Hrot.Orchestrator.Integration.Tests\CqrsOrchestrationIntegrationTests.cs(7,12,7,15): error CS0234: The type or namespace name 'NED' does not exist in the namespace 'Hrot' (are you missing an assembly reference?)
90>D:\Work\IOS-IG-SimHost-FDP-2\Hrot\Subsystems\Hrot.Orchestrator.Integration.Tests\ScenarioSaveLoadTests.cs(17,27,17,30): error CS0234: The type or namespace name 'NED' does not exist in the namespace 'Hrot' (are you missing an assembly reference?)
90>D:\Work\IOS-IG-SimHost-FDP-2\Hrot\Subsystems\Hrot.Orchestrator.Integration.Tests\ScenarioSaveLoadTests.cs(16,25,16,28): error CS0234: The type or namespace name 'NED' does not exist in the namespace 'Hrot' (are you missing an assembly reference?)
90>D:\Work\IOS-IG-SimHost-FDP-2\Hrot\Subsystems\Hrot.Orchestrator.Integration.Tests\ScenarioSaveLoadTests.cs(6,12,6,15): error CS0234: The type or namespace name 'NED' does not exist in the namespace 'Hrot' (are you missing an assembly reference?)
90>D:\Work\IOS-IG-SimHost-FDP-2\Hrot\Subsystems\Hrot.Orchestrator.Integration.Tests\ScenarioSaveLoadTests.cs(7,12,7,18): error CS0234: The type or namespace name 'Common' does not exist in the namespace 'Hrot' (are you missing an assembly reference?)
90>D:\Work\IOS-IG-SimHost-FDP-2\Hrot\Subsystems\Hrot.Orchestrator.Integration.Tests\ScenarioSaveLoadTests.cs(8,12,8,19): error CS0234: The type or namespace name 'Network' does not exist in the namespace 'Hrot' (are you missing an assembly reference?)
90>D:\Work\IOS-IG-SimHost-FDP-2\Hrot\Subsystems\Hrot.Orchestrator.Integration.Tests\ScenarioSaveLoadTests.cs(11,7,11,10): error CS0246: The type or namespace name 'Fdp' could not be found (are you missing a using directive or an assembly reference?)
90>D:\Work\IOS-IG-SimHost-FDP-2\Hrot\Subsystems\Hrot.Orchestrator.Integration.Tests\ScenarioSaveLoadTests.cs(12,7,12,10): error CS0246: The type or namespace name 'Fdp' could not be found (are you missing a using directive or an assembly reference?)
90>D:\Work\IOS-IG-SimHost-FDP-2\Hrot\Subsystems\Hrot.Orchestrator.Integration.Tests\ScenarioSaveLoadTests.cs(13,7,13,10): error CS0246: The type or namespace name 'Fdp' could not be found (are you missing a using directive or an assembly reference?)
90>D:\Work\IOS-IG-SimHost-FDP-2\Hrot\Subsystems\Hrot.Orchestrator.Integration.Tests\ScenarioSaveLoadTests.cs(14,12,14,18): error CS0234: The type or namespace name 'Common' does not exist in the namespace 'Hrot' (are you missing an assembly reference?)
90>D:\Work\IOS-IG-SimHost-FDP-2\Hrot\Subsystems\Hrot.Orchestrator.Integration.Tests\ScenarioSaveLoadTests.cs(15,7,15,10): error CS0246: The type or namespace name 'Fdp' could not be found (are you missing a using directive or an assembly reference?)
90>D:\Work\IOS-IG-SimHost-FDP-2\Hrot\Subsystems\Hrot.Orchestrator.Integration.Tests\TranslatorRoundTripTests.cs(10,31,10,34): error CS0234: The type or namespace name 'NED' does not exist in the namespace 'Hrot' (are you missing an assembly reference?)
90>D:\Work\IOS-IG-SimHost-FDP-2\Hrot\Subsystems\Hrot.Orchestrator.Integration.Tests\TranslatorRoundTripTests.cs(11,26,11,29): error CS0246: The type or namespace name 'Fdp' could not be found (are you missing a using directive or an assembly reference?)
90>D:\Work\IOS-IG-SimHost-FDP-2\Hrot\Subsystems\Hrot.Orchestrator.Integration.Tests\TranslatorRoundTripTests.cs(5,7,5,10): error CS0246: The type or namespace name 'Fdp' could not be found (are you missing a using directive or an assembly reference?)
90>D:\Work\IOS-IG-SimHost-FDP-2\Hrot\Subsystems\Hrot.Orchestrator.Integration.Tests\TranslatorRoundTripTests.cs(6,7,6,10): error CS0246: The type or namespace name 'Fdp' could not be found (are you missing a using directive or an assembly reference?)
90>D:\Work\IOS-IG-SimHost-FDP-2\Hrot\Subsystems\Hrot.Orchestrator.Integration.Tests\TranslatorRoundTripTests.cs(7,12,7,15): error CS0234: The type or namespace name 'NED' does not exist in the namespace 'Hrot' (are you missing an assembly reference?)
90>D:\Work\IOS-IG-SimHost-FDP-2\Hrot\Subsystems\Hrot.Orchestrator.Integration.Tests\TranslatorRoundTripTests.cs(9,12,9,19): error CS0234: The type or namespace name 'Network' does not exist in the namespace 'Hrot' (are you missing an assembly reference?)
90>D:\Work\IOS-IG-SimHost-FDP-2\Hrot\Subsystems\Hrot.Orchestrator.Integration.Tests\CqrsOrchestrationIntegrationTests.cs(20,43,20,63): error CS0246: The type or namespace name 'IClusterStateHandler' could not be found (are you missing a using directive or an assembly reference?)
90>D:\Work\IOS-IG-SimHost-FDP-2\Hrot\Subsystems\Hrot.Orchestrator.Integration.Tests\CqrsOrchestrationIntegrationTests.cs(35,47,35,67): error CS0246: The type or namespace name 'IClusterStateHandler' could not be found (are you missing a using directive or an assembly reference?)
90>D:\Work\IOS-IG-SimHost-FDP-2\Hrot\Subsystems\Hrot.Orchestrator.Integration.Tests\CqrsOrchestrationIntegrationTests.cs(24,27,24,30): error CS0246: The type or namespace name 'Fdp' could not be found (are you missing a using directive or an assembly reference?)
90>D:\Work\IOS-IG-SimHost-FDP-2\Hrot\Subsystems\Hrot.Orchestrator.Integration.Tests\CqrsOrchestrationIntegrationTests.cs(37,27,37,30): error CS0246: The type or namespace name 'Fdp' could not be found (are you missing a using directive or an assembly reference?)
90>D:\Work\IOS-IG-SimHost-FDP-2\Hrot\Subsystems\Hrot.Orchestrator.Integration.Tests\ScenarioSaveLoadTests.cs(23,2,23,13): error CS0246: The type or namespace name 'ComponentIdAttribute' could not be found (are you missing a using directive or an assembly reference?)
90>D:\Work\IOS-IG-SimHost-FDP-2\Hrot\Subsystems\Hrot.Orchestrator.Integration.Tests\ScenarioSaveLoadTests.cs(23,2,23,13): error CS0246: The type or namespace name 'ComponentId' could not be found (are you missing a using directive or an assembly reference?)
90>D:\Work\IOS-IG-SimHost-FDP-2\Hrot\Subsystems\Hrot.Orchestrator.Integration.Tests\CqrsOrchestrationIntegrationTests.cs(25,39,25,58): error CS0246: The type or namespace name 'ExecuteNodeOpIntent' could not be found (are you missing a using directive or an assembly reference?)
90>D:\Work\IOS-IG-SimHost-FDP-2\Hrot\Subsystems\Hrot.Orchestrator.Integration.Tests\CqrsOrchestrationIntegrationTests.cs(60,20,60,40): error CS0246: The type or namespace name 'ClusterConfiguration' could not be found (are you missing a using directive or an assembly reference?)
90>D:\Work\IOS-IG-SimHost-FDP-2\Hrot\Subsystems\Hrot.Orchestrator.Integration.Tests\CqrsOrchestrationIntegrationTests.cs(38,39,38,58): error CS0246: The type or namespace name 'ExecuteNodeOpIntent' could not be found (are you missing a using directive or an assembly reference?)
90>D:\Work\IOS-IG-SimHost-FDP-2\Hrot\Subsystems\Hrot.Orchestrator.Integration.Tests\TranslatorRoundTripTests.cs(43,20,43,40): error CS0246: The type or namespace name 'ClusterConfiguration' could not be found (are you missing a using directive or an assembly reference?)
90>D:\Work\IOS-IG-SimHost-FDP-2\Hrot\Subsystems\Hrot.Orchestrator.Integration.Tests\CqrsOrchestrationIntegrationTests.cs(27,24,27,43): error CS0246: The type or namespace name 'ExecuteNodeOpIntent' could not be found (are you missing a using directive or an assembly reference?)
90>D:\Work\IOS-IG-SimHost-FDP-2\Hrot\Subsystems\Hrot.Orchestrator.Integration.Tests\CqrsOrchestrationIntegrationTests.cs(27,52,27,55): error CS0246: The type or namespace name 'Fdp' could not be found (are you missing a using directive or an assembly reference?)
90>D:\Work\IOS-IG-SimHost-FDP-2\Hrot\Subsystems\Hrot.Orchestrator.Integration.Tests\CqrsOrchestrationIntegrationTests.cs(40,24,40,43): error CS0246: The type or namespace name 'ExecuteNodeOpIntent' could not be found (are you missing a using directive or an assembly reference?)
90>D:\Work\IOS-IG-SimHost-FDP-2\Hrot\Subsystems\Hrot.Orchestrator.Integration.Tests\CqrsOrchestrationIntegrationTests.cs(40,52,40,55): error CS0246: The type or namespace name 'Fdp' could not be found (are you missing a using directive or an assembly reference?)
90>D:\Work\IOS-IG-SimHost-FDP-2\Hrot\Subsystems\Hrot.Orchestrator.Integration.Tests\CqrsOrchestrationIntegrationTests.cs(28,23,28,42): error CS0246: The type or namespace name 'ExecuteNodeOpIntent' could not be found (are you missing a using directive or an assembly reference?)
90>D:\Work\IOS-IG-SimHost-FDP-2\Hrot\Subsystems\Hrot.Orchestrator.Integration.Tests\CqrsOrchestrationIntegrationTests.cs(28,52,28,55): error CS0246: The type or namespace name 'Fdp' could not be found (are you missing a using directive or an assembly reference?)
90>D:\Work\IOS-IG-SimHost-FDP-2\Hrot\Subsystems\Hrot.Orchestrator.Integration.Tests\CqrsOrchestrationIntegrationTests.cs(71,31,71,42): error CS0246: The type or namespace name 'FdpEventBus' could not be found (are you missing a using directive or an assembly reference?)
90>D:\Work\IOS-IG-SimHost-FDP-2\Hrot\Subsystems\Hrot.Orchestrator.Integration.Tests\CqrsOrchestrationIntegrationTests.cs(71,48,71,61): error CS0246: The type or namespace name 'ClusterMaster' could not be found (are you missing a using directive or an assembly reference?)
90>D:\Work\IOS-IG-SimHost-FDP-2\Hrot\Subsystems\Hrot.Orchestrator.Integration.Tests\CqrsOrchestrationIntegrationTests.cs(71,70,71,82): error CS0246: The type or namespace name 'ClusterSlave' could not be found (are you missing a using directive or an assembly reference?)
90>D:\Work\IOS-IG-SimHost-FDP-2\Hrot\Subsystems\Hrot.Orchestrator.Integration.Tests\CqrsOrchestrationIntegrationTests.cs(41,23,41,42): error CS0246: The type or namespace name 'ExecuteNodeOpIntent' could not be found (are you missing a using directive or an assembly reference?)
90>D:\Work\IOS-IG-SimHost-FDP-2\Hrot\Subsystems\Hrot.Orchestrator.Integration.Tests\CqrsOrchestrationIntegrationTests.cs(41,52,41,55): error CS0246: The type or namespace name 'Fdp' could not be found (are you missing a using directive or an assembly reference?)
90>D:\Work\IOS-IG-SimHost-FDP-2\Hrot\Subsystems\Hrot.Orchestrator.Integration.Tests\TranslatorRoundTripTests.cs(54,31,54,42): error CS0246: The type or namespace name 'FdpEventBus' could not be found (are you missing a using directive or an assembly reference?)
90>D:\Work\IOS-IG-SimHost-FDP-2\Hrot\Subsystems\Hrot.Orchestrator.Integration.Tests\TranslatorRoundTripTests.cs(55,9,55,34): error CS0246: The type or namespace name 'ClusterOpMasterTranslator' could not be found (are you missing a using directive or an assembly reference?)
90>D:\Work\IOS-IG-SimHost-FDP-2\Hrot\Subsystems\Hrot.Orchestrator.Integration.Tests\TranslatorRoundTripTests.cs(56,9,56,31): error CS0246: The type or namespace name 'NodeOpMasterTranslator' could not be found (are you missing a using directive or an assembly reference?)
90>D:\Work\IOS-IG-SimHost-FDP-2\Hrot\Subsystems\Hrot.Orchestrator.Integration.Tests\TranslatorRoundTripTests.cs(57,9,57,22): error CS0246: The type or namespace name 'ClusterMaster' could not be found (are you missing a using directive or an assembly reference?)
90>D:\Work\IOS-IG-SimHost-FDP-2\Hrot\Subsystems\Hrot.Orchestrator.Integration.Tests\TranslatorRoundTripTests.cs(57,31,57,43): error CS0246: The type or namespace name 'ClusterSlave' could not be found (are you missing a using directive or an assembly reference?)
90>D:\Work\IOS-IG-SimHost-FDP-2\Hrot\Subsystems\Hrot.Orchestrator.Integration.Tests\CqrsOrchestrationIntegrationTests.cs(85,9,85,20): error CS0246: The type or namespace name 'FdpEventBus' could not be found (are you missing a using directive or an assembly reference?)
90>D:\Work\IOS-IG-SimHost-FDP-2\Hrot\Subsystems\Hrot.Orchestrator.Integration.Tests\CqrsOrchestrationIntegrationTests.cs(85,26,85,39): error CS0246: The type or namespace name 'ClusterMaster' could not be found (are you missing a using directive or an assembly reference?)
90>D:\Work\IOS-IG-SimHost-FDP-2\Hrot\Subsystems\Hrot.Orchestrator.Integration.Tests\CqrsOrchestrationIntegrationTests.cs(85,48,85,60): error CS0246: The type or namespace name 'ClusterSlave' could not be found (are you missing a using directive or an assembly reference?)
90>D:\Work\IOS-IG-SimHost-FDP-2\Hrot\Subsystems\Hrot.Orchestrator.Integration.Tests\CqrsOrchestrationIntegrationTests.cs(84,20,84,43): error CS0246: The type or namespace name 'ClusterOpCompletedEvent' could not be found (are you missing a using directive or an assembly reference?)
90>D:\Work\IOS-IG-SimHost-FDP-2\Hrot\Subsystems\Hrot.Orchestrator.Integration.Tests\CqrsOrchestrationIntegrationTests.cs(106,38,106,49): error CS0246: The type or namespace name 'FdpEventBus' could not be found (are you missing a using directive or an assembly reference?)
90>D:\Work\IOS-IG-SimHost-FDP-2\Hrot\Subsystems\Hrot.Orchestrator.Integration.Tests\CqrsOrchestrationIntegrationTests.cs(106,55,106,68): error CS0246: The type or namespace name 'ClusterMaster' could not be found (are you missing a using directive or an assembly reference?)
90>D:\Work\IOS-IG-SimHost-FDP-2\Hrot\Subsystems\Hrot.Orchestrator.Integration.Tests\CqrsOrchestrationIntegrationTests.cs(106,77,106,89): error CS0246: The type or namespace name 'ClusterSlave' could not be found (are you missing a using directive or an assembly reference?)
90>Done building project "Hrot.Orchestrator.Integration.Tests.csproj" -- FAILED.
88>D:\Work\IOS-IG-SimHost-FDP-2\Hrot\Subsystems\Hrot.IG\Gizmos\EffectPresentationGizmo.cs(2,7,2,10): error CS0246: The type or namespace name 'Fdp' could not be found (are you missing a using directive or an assembly reference?)
88>D:\Work\IOS-IG-SimHost-FDP-2\Hrot\Subsystems\Hrot.IG\Gizmos\EffectPresentationGizmo.cs(3,7,3,10): error CS0246: The type or namespace name 'Fdp' could not be found (are you missing a using directive or an assembly reference?)
88>D:\Work\IOS-IG-SimHost-FDP-2\Hrot\Subsystems\Hrot.IG\Gizmos\EffectPresentationGizmo.cs(4,7,4,10): error CS0246: The type or namespace name 'Fdp' could not be found (are you missing a using directive or an assembly reference?)
88>D:\Work\IOS-IG-SimHost-FDP-2\Hrot\Subsystems\Hrot.IG\Gizmos\EqsCognitiveBufferRenderer.cs(1,7,1,10): error CS0246: The type or namespace name 'Fdp' could not be found (are you missing a using directive or an assembly reference?)
88>D:\Work\IOS-IG-SimHost-FDP-2\Hrot\Subsystems\Hrot.IG\Gizmos\EqsCognitiveBufferRenderer.cs(2,7,2,10): error CS0246: The type or namespace name 'Fdp' could not be found (are you missing a using directive or an assembly reference?)
88>D:\Work\IOS-IG-SimHost-FDP-2\Hrot\Subsystems\Hrot.IG\Gizmos\EqsGizmoSettings.cs(1,7,1,10): error CS0246: The type or namespace name 'Fdp' could not be found (are you missing a using directive or an assembly reference?)
88>D:\Work\IOS-IG-SimHost-FDP-2\Hrot\Subsystems\Hrot.IG\Gizmos\EqsSensorGizmo.cs(2,7,2,10): error CS0246: The type or namespace name 'Fdp' could not be found (are you missing a using directive or an assembly reference?)
88>D:\Work\IOS-IG-SimHost-FDP-2\Hrot\Subsystems\Hrot.IG\Gizmos\EqsSensorGizmo.cs(3,7,3,10): error CS0246: The type or namespace name 'Fdp' could not be found (are you missing a using directive or an assembly reference?)
88>D:\Work\IOS-IG-SimHost-FDP-2\Hrot\Subsystems\Hrot.IG\Gizmos\EqsSensorGizmo.cs(4,7,4,10): error CS0246: The type or namespace name 'Fdp' could not be found (are you missing a using directive or an assembly reference?)
88>D:\Work\IOS-IG-SimHost-FDP-2\Hrot\Subsystems\Hrot.IG\Gizmos\EqsSensorGizmo.cs(5,7,5,10): error CS0246: The type or namespace name 'Fdp' could not be found (are you missing a using directive or an assembly reference?)
88>D:\Work\IOS-IG-SimHost-FDP-2\Hrot\Subsystems\Hrot.IG\Gizmos\EqsSensorGizmo.cs(6,7,6,10): error CS0246: The type or namespace name 'Fdp' could not be found (are you missing a using directive or an assembly reference?)
88>D:\Work\IOS-IG-SimHost-FDP-2\Hrot\Subsystems\Hrot.IG\Gizmos\GizmoRegistrar.cs(1,7,1,10): error CS0246: The type or namespace name 'Fdp' could not be found (are you missing a using directive or an assembly reference?)
88>D:\Work\IOS-IG-SimHost-FDP-2\Hrot\Subsystems\Hrot.IG\Gizmos\GizmoRegistrar.cs(2,7,2,10): error CS0246: The type or namespace name 'Fdp' could not be found (are you missing a using directive or an assembly reference?)
88>D:\Work\IOS-IG-SimHost-FDP-2\Hrot\Subsystems\Hrot.IG\Gizmos\GlobalDebugSettingsPanel.cs(1,7,1,10): error CS0246: The type or namespace name 'Fdp' could not be found (are you missing a using directive or an assembly reference?)
88>D:\Work\IOS-IG-SimHost-FDP-2\Hrot\Subsystems\Hrot.IG\Gizmos\GlobalDebugSettingsPanel.cs(2,7,2,10): error CS0246: The type or namespace name 'Fdp' could not be found (are you missing a using directive or an assembly reference?)
88>D:\Work\IOS-IG-SimHost-FDP-2\Hrot\Subsystems\Hrot.IG\Gizmos\GlobalDebugSettingsPanel.cs(3,7,3,10): error CS0246: The type or namespace name 'Fdp' could not be found (are you missing a using directive or an assembly reference?)
88>D:\Work\IOS-IG-SimHost-FDP-2\Hrot\Subsystems\Hrot.IG\Gizmos\GlobalDebugSettingsPanel.cs(4,12,4,18): error CS0234: The type or namespace name 'Common' does not exist in the namespace 'Hrot' (are you missing an assembly reference?)
88>D:\Work\IOS-IG-SimHost-FDP-2\Hrot\Subsystems\Hrot.IG\Gizmos\IGCapabilitiesAnnounce.cs(2,7,2,10): error CS0246: The type or namespace name 'Fdp' could not be found (are you missing a using directive or an assembly reference?)
88>D:\Work\IOS-IG-SimHost-FDP-2\Hrot\Subsystems\Hrot.IG\Gizmos\IGCapabilitiesPublisherSystem.cs(2,7,2,10): error CS0246: The type or namespace name 'Fdp' could not be found (are you missing a using directive or an assembly reference?)
88>D:\Work\IOS-IG-SimHost-FDP-2\Hrot\Subsystems\Hrot.IG\Gizmos\IGCapabilitiesPublisherSystem.cs(3,7,3,10): error CS0246: The type or namespace name 'Fdp' could not be found (are you missing a using directive or an assembly reference?)
88>D:\Work\IOS-IG-SimHost-FDP-2\Hrot\Subsystems\Hrot.IG\Gizmos\MeasureToolGizmoAdapter.cs(2,7,2,10): error CS0246: The type or namespace name 'Fdp' could not be found (are you missing a using directive or an assembly reference?)
88>D:\Work\IOS-IG-SimHost-FDP-2\Hrot\Subsystems\Hrot.IG\Gizmos\MeasureToolGizmoAdapter.cs(3,7,3,10): error CS0246: The type or namespace name 'Fdp' could not be found (are you missing a using directive or an assembly reference?)
88>D:\Work\IOS-IG-SimHost-FDP-2\Hrot\Subsystems\Hrot.IG\Gizmos\MeasureToolGizmoAdapter.cs(4,12,4,26): error CS0234: The type or namespace name 'ScenarioEditor' does not exist in the namespace 'Hrot' (are you missing an assembly reference?)
88>D:\Work\IOS-IG-SimHost-FDP-2\Hrot\Subsystems\Hrot.IG\Gizmos\MeasureToolGizmoSettings.cs(1,7,1,10): error CS0246: The type or namespace name 'Fdp' could not be found (are you missing a using directive or an assembly reference?)
88>D:\Work\IOS-IG-SimHost-FDP-2\Hrot\Subsystems\Hrot.IG\Gizmos\ProjectilePresentationGizmo.cs(2,7,2,10): error CS0246: The type or namespace name 'Fdp' could not be found (are you missing a using directive or an assembly reference?)
88>D:\Work\IOS-IG-SimHost-FDP-2\Hrot\Subsystems\Hrot.IG\Gizmos\ProjectilePresentationGizmo.cs(3,7,3,10): error CS0246: The type or namespace name 'Fdp' could not be found (are you missing a using directive or an assembly reference?)
88>D:\Work\IOS-IG-SimHost-FDP-2\Hrot\Subsystems\Hrot.IG\Gizmos\ProjectilePresentationGizmo.cs(4,7,4,10): error CS0246: The type or namespace name 'Fdp' could not be found (are you missing a using directive or an assembly reference?)
88>D:\Work\IOS-IG-SimHost-FDP-2\Hrot\Subsystems\Hrot.IG\Gizmos\ProjectilePresentationGizmo.cs(5,7,5,10): error CS0246: The type or namespace name 'Fdp' could not be found (are you missing a using directive or an assembly reference?)
88>D:\Work\IOS-IG-SimHost-FDP-2\Hrot\Subsystems\Hrot.IG\IgApplication.cs(105,33,105,36): error CS0246: The type or namespace name 'Fdp' could not be found (are you missing a using directive or an assembly reference?)
88>D:\Work\IOS-IG-SimHost-FDP-2\Hrot\Subsystems\Hrot.IG\IgApplication.cs(128,24,128,27): error CS0246: The type or namespace name 'Fdp' could not be found (are you missing a using directive or an assembly reference?)
88>D:\Work\IOS-IG-SimHost-FDP-2\Hrot\Subsystems\Hrot.IG\IgApplication.cs(107,33,107,36): error CS0246: The type or namespace name 'Fdp' could not be found (are you missing a using directive or an assembly reference?)
88>D:\Work\IOS-IG-SimHost-FDP-2\Hrot\Subsystems\Hrot.IG\IgApplication.cs(109,33,109,36): error CS0246: The type or namespace name 'Fdp' could not be found (are you missing a using directive or an assembly reference?)
88>D:\Work\IOS-IG-SimHost-FDP-2\Hrot\Subsystems\Hrot.IG\IgApplication.cs(130,25,130,28): error CS0246: The type or namespace name 'Fdp' could not be found (are you missing a using directive or an assembly reference?)
88>D:\Work\IOS-IG-SimHost-FDP-2\Hrot\Subsystems\Hrot.IG\IgApplication.cs(103,33,103,36): error CS0246: The type or namespace name 'Fdp' could not be found (are you missing a using directive or an assembly reference?)
88>D:\Work\IOS-IG-SimHost-FDP-2\Hrot\Subsystems\Hrot.IG\IgApplication.cs(11,7,11,15): error CS0246: The type or namespace name 'CarKinem' could not be found (are you missing a using directive or an assembly reference?)
88>D:\Work\IOS-IG-SimHost-FDP-2\Hrot\Subsystems\Hrot.IG\IgApplication.cs(21,12,21,18): error CS0234: The type or namespace name 'Common' does not exist in the namespace 'Hrot' (are you missing an assembly reference?)
88>D:\Work\IOS-IG-SimHost-FDP-2\Hrot\Subsystems\Hrot.IG\IgApplication.cs(22,12,22,18): error CS0234: The type or namespace name 'Common' does not exist in the namespace 'Hrot' (are you missing an assembly reference?)
88>D:\Work\IOS-IG-SimHost-FDP-2\Hrot\Subsystems\Hrot.IG\IgApplication.cs(23,12,23,18): error CS0234: The type or namespace name 'Common' does not exist in the namespace 'Hrot' (are you missing an assembly reference?)
88>D:\Work\IOS-IG-SimHost-FDP-2\Hrot\Subsystems\Hrot.IG\IgApplication.cs(24,12,24,18): error CS0234: The type or namespace name 'Common' does not exist in the namespace 'Hrot' (are you missing an assembly reference?)
88>D:\Work\IOS-IG-SimHost-FDP-2\Hrot\Subsystems\Hrot.IG\IgApplication.cs(28,12,28,15): error CS0234: The type or namespace name 'Map' does not exist in the namespace 'Hrot' (are you missing an assembly reference?)
88>D:\Work\IOS-IG-SimHost-FDP-2\Hrot\Subsystems\Hrot.IG\IgApplication.cs(30,12,30,15): error CS0234: The type or namespace name 'Map' does not exist in the namespace 'Hrot' (are you missing an assembly reference?)
88>D:\Work\IOS-IG-SimHost-FDP-2\Hrot\Subsystems\Hrot.IG\IgApplication.cs(32,12,32,15): error CS0234: The type or namespace name 'Map' does not exist in the namespace 'Hrot' (are you missing an assembly reference?)
88>D:\Work\IOS-IG-SimHost-FDP-2\Hrot\Subsystems\Hrot.IG\IgApplication.cs(34,12,34,16): error CS0234: The type or namespace name 'Core' does not exist in the namespace 'Hrot' (are you missing an assembly reference?)
88>D:\Work\IOS-IG-SimHost-FDP-2\Hrot\Subsystems\Hrot.IG\IgApplication.cs(40,7,40,10): error CS0246: The type or namespace name 'Fdp' could not be found (are you missing a using directive or an assembly reference?)
88>D:\Work\IOS-IG-SimHost-FDP-2\Hrot\Subsystems\Hrot.IG\IgApplication.cs(42,7,42,10): error CS0246: The type or namespace name 'Fdp' could not be found (are you missing a using directive or an assembly reference?)
88>D:\Work\IOS-IG-SimHost-FDP-2\Hrot\Subsystems\Hrot.IG\IgApplication.cs(44,7,44,10): error CS0246: The type or namespace name 'Fdp' could not be found (are you missing a using directive or an assembly reference?)
88>D:\Work\IOS-IG-SimHost-FDP-2\Hrot\Subsystems\Hrot.IG\IgApplication.cs(46,7,46,10): error CS0246: The type or namespace name 'Fdp' could not be found (are you missing a using directive or an assembly reference?)
88>D:\Work\IOS-IG-SimHost-FDP-2\Hrot\Subsystems\Hrot.IG\IgApplication.cs(48,7,48,10): error CS0246: The type or namespace name 'Fdp' could not be found (are you missing a using directive or an assembly reference?)
88>D:\Work\IOS-IG-SimHost-FDP-2\Hrot\Subsystems\Hrot.IG\IgApplication.cs(50,7,50,10): error CS0246: The type or namespace name 'Fdp' could not be found (are you missing a using directive or an assembly reference?)
88>D:\Work\IOS-IG-SimHost-FDP-2\Hrot\Subsystems\Hrot.IG\IgApplication.cs(52,7,52,10): error CS0246: The type or namespace name 'Fdp' could not be found (are you missing a using directive or an assembly reference?)
88>D:\Work\IOS-IG-SimHost-FDP-2\Hrot\Subsystems\Hrot.IG\IgApplication.cs(54,7,54,10): error CS0246: The type or namespace name 'Fdp' could not be found (are you missing a using directive or an assembly reference?)
88>D:\Work\IOS-IG-SimHost-FDP-2\Hrot\Subsystems\Hrot.IG\IgApplication.cs(56,7,56,10): error CS0246: The type or namespace name 'Fdp' could not be found (are you missing a using directive or an assembly reference?)
88>D:\Work\IOS-IG-SimHost-FDP-2\Hrot\Subsystems\Hrot.IG\IgApplication.cs(58,7,58,10): error CS0246: The type or namespace name 'Fdp' could not be found (are you missing a using directive or an assembly reference?)
88>D:\Work\IOS-IG-SimHost-FDP-2\Hrot\Subsystems\Hrot.IG\IgApplication.cs(60,7,60,10): error CS0246: The type or namespace name 'Fdp' could not be found (are you missing a using directive or an assembly reference?)
88>D:\Work\IOS-IG-SimHost-FDP-2\Hrot\Subsystems\Hrot.IG\IgApplication.cs(62,7,62,10): error CS0246: The type or namespace name 'Fdp' could not be found (are you missing a using directive or an assembly reference?)
88>D:\Work\IOS-IG-SimHost-FDP-2\Hrot\Subsystems\Hrot.IG\IgApplication.cs(64,7,64,10): error CS0246: The type or namespace name 'Fdp' could not be found (are you missing a using directive or an assembly reference?)
88>D:\Work\IOS-IG-SimHost-FDP-2\Hrot\Subsystems\Hrot.IG\IgApplication.cs(66,7,66,10): error CS0246: The type or namespace name 'Fdp' could not be found (are you missing a using directive or an assembly reference?)
88>D:\Work\IOS-IG-SimHost-FDP-2\Hrot\Subsystems\Hrot.IG\IgApplication.cs(68,7,68,10): error CS0246: The type or namespace name 'Fdp' could not be found (are you missing a using directive or an assembly reference?)
88>D:\Work\IOS-IG-SimHost-FDP-2\Hrot\Subsystems\Hrot.IG\IgApplication.cs(70,7,70,10): error CS0246: The type or namespace name 'Fdp' could not be found (are you missing a using directive or an assembly reference?)
88>D:\Work\IOS-IG-SimHost-FDP-2\Hrot\Subsystems\Hrot.IG\IgApplication.cs(72,7,72,10): error CS0246: The type or namespace name 'Fdp' could not be found (are you missing a using directive or an assembly reference?)
88>D:\Work\IOS-IG-SimHost-FDP-2\Hrot\Subsystems\Hrot.IG\IgApplication.cs(74,12,74,18): error CS0234: The type or namespace name 'Common' does not exist in the namespace 'Hrot' (are you missing an assembly reference?)
88>D:\Work\IOS-IG-SimHost-FDP-2\Hrot\Subsystems\Hrot.IG\IgApplication.cs(75,12,75,18): error CS0234: The type or namespace name 'Common' does not exist in the namespace 'Hrot' (are you missing an assembly reference?)
88>D:\Work\IOS-IG-SimHost-FDP-2\Hrot\Subsystems\Hrot.IG\IgApplication.cs(76,7,76,10): error CS0246: The type or namespace name 'Fdp' could not be found (are you missing a using directive or an assembly reference?)
88>D:\Work\IOS-IG-SimHost-FDP-2\Hrot\Subsystems\Hrot.IG\IgApplication.cs(77,7,77,10): error CS0246: The type or namespace name 'Fdp' could not be found (are you missing a using directive or an assembly reference?)
88>D:\Work\IOS-IG-SimHost-FDP-2\Hrot\Subsystems\Hrot.IG\IgApplication.cs(79,7,79,10): error CS0246: The type or namespace name 'Fdp' could not be found (are you missing a using directive or an assembly reference?)
88>D:\Work\IOS-IG-SimHost-FDP-2\Hrot\Subsystems\Hrot.IG\IgApplication.cs(81,7,81,10): error CS0246: The type or namespace name 'Fdp' could not be found (are you missing a using directive or an assembly reference?)
88>D:\Work\IOS-IG-SimHost-FDP-2\Hrot\Subsystems\Hrot.IG\IgApplication.cs(83,7,83,10): error CS0246: The type or namespace name 'Fdp' could not be found (are you missing a using directive or an assembly reference?)
88>D:\Work\IOS-IG-SimHost-FDP-2\Hrot\Subsystems\Hrot.IG\IgApplication.cs(85,7,85,10): error CS0246: The type or namespace name 'Fdp' could not be found (are you missing a using directive or an assembly reference?)
88>D:\Work\IOS-IG-SimHost-FDP-2\Hrot\Subsystems\Hrot.IG\IgApplication.cs(87,7,87,10): error CS0246: The type or namespace name 'Fdp' could not be found (are you missing a using directive or an assembly reference?)
88>D:\Work\IOS-IG-SimHost-FDP-2\Hrot\Subsystems\Hrot.IG\IgApplication.cs(88,7,88,10): error CS0246: The type or namespace name 'Fdp' could not be found (are you missing a using directive or an assembly reference?)
88>D:\Work\IOS-IG-SimHost-FDP-2\Hrot\Subsystems\Hrot.IG\IgApplication.cs(89,7,89,10): error CS0246: The type or namespace name 'Fdp' could not be found (are you missing a using directive or an assembly reference?)
88>D:\Work\IOS-IG-SimHost-FDP-2\Hrot\Subsystems\Hrot.IG\IgApplication.cs(90,7,90,10): error CS0246: The type or namespace name 'Fdp' could not be found (are you missing a using directive or an assembly reference?)
88>D:\Work\IOS-IG-SimHost-FDP-2\Hrot\Subsystems\Hrot.IG\IgApplication.cs(91,7,91,10): error CS0246: The type or namespace name 'Fdp' could not be found (are you missing a using directive or an assembly reference?)
88>D:\Work\IOS-IG-SimHost-FDP-2\Hrot\Subsystems\Hrot.IG\IgApplication.cs(92,7,92,10): error CS0246: The type or namespace name 'Fdp' could not be found (are you missing a using directive or an assembly reference?)
88>D:\Work\IOS-IG-SimHost-FDP-2\Hrot\Subsystems\Hrot.IG\IgApplication.cs(94,12,94,19): error CS0234: The type or namespace name 'Network' does not exist in the namespace 'Hrot' (are you missing an assembly reference?)
88>D:\Work\IOS-IG-SimHost-FDP-2\Hrot\Subsystems\Hrot.IG\IgApplication.cs(95,12,95,18): error CS0234: The type or namespace name 'Common' does not exist in the namespace 'Hrot' (are you missing an assembly reference?)
88>D:\Work\IOS-IG-SimHost-FDP-2\Hrot\Subsystems\Hrot.IG\IgApplication.cs(96,7,96,10): error CS0246: The type or namespace name 'Fdp' could not be found (are you missing a using directive or an assembly reference?)
88>D:\Work\IOS-IG-SimHost-FDP-2\Hrot\Subsystems\Hrot.IG\IgApplication.cs(98,7,98,10): error CS0246: The type or namespace name 'Fdp' could not be found (are you missing a using directive or an assembly reference?)
88>D:\Work\IOS-IG-SimHost-FDP-2\Hrot\Subsystems\Hrot.IG\IgApplication.cs(99,7,99,10): error CS0246: The type or namespace name 'Fdp' could not be found (are you missing a using directive or an assembly reference?)
88>D:\Work\IOS-IG-SimHost-FDP-2\Hrot\Subsystems\Hrot.IG\IgApplication.cs(111,7,111,10): error CS0246: The type or namespace name 'Fdp' could not be found (are you missing a using directive or an assembly reference?)
88>D:\Work\IOS-IG-SimHost-FDP-2\Hrot\Subsystems\Hrot.IG\IgApplication.cs(113,7,113,10): error CS0246: The type or namespace name 'Fdp' could not be found (are you missing a using directive or an assembly reference?)
88>D:\Work\IOS-IG-SimHost-FDP-2\Hrot\Subsystems\Hrot.IG\IgApplication.cs(115,7,115,10): error CS0246: The type or namespace name 'Fdp' could not be found (are you missing a using directive or an assembly reference?)
88>D:\Work\IOS-IG-SimHost-FDP-2\Hrot\Subsystems\Hrot.IG\IgApplication.cs(117,7,117,10): error CS0246: The type or namespace name 'Fdp' could not be found (are you missing a using directive or an assembly reference?)
88>D:\Work\IOS-IG-SimHost-FDP-2\Hrot\Subsystems\Hrot.IG\IgApplication.cs(119,7,119,10): error CS0246: The type or namespace name 'Fdp' could not be found (are you missing a using directive or an assembly reference?)
88>D:\Work\IOS-IG-SimHost-FDP-2\Hrot\Subsystems\Hrot.IG\IgApplication.cs(121,7,121,10): error CS0246: The type or namespace name 'Fdp' could not be found (are you missing a using directive or an assembly reference?)
88>D:\Work\IOS-IG-SimHost-FDP-2\Hrot\Subsystems\Hrot.IG\IgApplication.cs(124,7,124,10): error CS0246: The type or namespace name 'Fdp' could not be found (are you missing a using directive or an assembly reference?)
88>D:\Work\IOS-IG-SimHost-FDP-2\Hrot\Subsystems\Hrot.IG\IgApplication.cs(126,7,126,10): error CS0246: The type or namespace name 'Fdp' could not be found (are you missing a using directive or an assembly reference?)
88>D:\Work\IOS-IG-SimHost-FDP-2\Hrot\Subsystems\Hrot.IG\IgApplication.cs(132,12,132,26): error CS0234: The type or namespace name 'ScenarioEditor' does not exist in the namespace 'Hrot' (are you missing an assembly reference?)
88>D:\Work\IOS-IG-SimHost-FDP-2\Hrot\Subsystems\Hrot.IG\IgApplication.cs(133,12,133,26): error CS0234: The type or namespace name 'ScenarioEditor' does not exist in the namespace 'Hrot' (are you missing an assembly reference?)
88>D:\Work\IOS-IG-SimHost-FDP-2\Hrot\Subsystems\Hrot.IG\IgApplication.cs(138,12,138,24): error CS0234: The type or namespace name 'Presentation' does not exist in the namespace 'Hrot' (are you missing an assembly reference?)
88>D:\Work\IOS-IG-SimHost-FDP-2\Hrot\Subsystems\Hrot.IG\IgApplication.cs(139,12,139,26): error CS0234: The type or namespace name 'ScenarioEditor' does not exist in the namespace 'Hrot' (are you missing an assembly reference?)
88>D:\Work\IOS-IG-SimHost-FDP-2\Hrot\Subsystems\Hrot.IG\IgApplication.cs(140,12,140,14): error CS0234: The type or namespace name 'UI' does not exist in the namespace 'Hrot' (are you missing an assembly reference?)
88>D:\Work\IOS-IG-SimHost-FDP-2\Hrot\Subsystems\Hrot.IG\IgBootstrapperHelpers.cs(1,7,1,10): error CS0246: The type or namespace name 'Fdp' could not be found (are you missing a using directive or an assembly reference?)
88>D:\Work\IOS-IG-SimHost-FDP-2\Hrot\Subsystems\Hrot.IG\IgBootstrapperHelpers.cs(2,7,2,10): error CS0246: The type or namespace name 'Fdp' could not be found (are you missing a using directive or an assembly reference?)
88>D:\Work\IOS-IG-SimHost-FDP-2\Hrot\Subsystems\Hrot.IG\IgBootstrapperHelpers.cs(3,7,3,10): error CS0246: The type or namespace name 'Fdp' could not be found (are you missing a using directive or an assembly reference?)
88>D:\Work\IOS-IG-SimHost-FDP-2\Hrot\Subsystems\Hrot.IG\IgBootstrapperHelpers.cs(4,7,4,10): error CS0246: The type or namespace name 'Fdp' could not be found (are you missing a using directive or an assembly reference?)
88>D:\Work\IOS-IG-SimHost-FDP-2\Hrot\Subsystems\Hrot.IG\IgBootstrapperHelpers.cs(5,7,5,10): error CS0246: The type or namespace name 'Fdp' could not be found (are you missing a using directive or an assembly reference?)
88>D:\Work\IOS-IG-SimHost-FDP-2\Hrot\Subsystems\Hrot.IG\IgEvents.cs(2,7,2,10): error CS0246: The type or namespace name 'Fdp' could not be found (are you missing a using directive or an assembly reference?)
88>D:\Work\IOS-IG-SimHost-FDP-2\Hrot\Subsystems\Hrot.IG\IgNodeBootstrapper.cs(1,7,1,15): error CS0246: The type or namespace name 'CarKinem' could not be found (are you missing a using directive or an assembly reference?)
88>D:\Work\IOS-IG-SimHost-FDP-2\Hrot\Subsystems\Hrot.IG\IgNodeBootstrapper.cs(3,7,3,10): error CS0246: The type or namespace name 'Fdp' could not be found (are you missing a using directive or an assembly reference?)
88>D:\Work\IOS-IG-SimHost-FDP-2\Hrot\Subsystems\Hrot.IG\IgNodeBootstrapper.cs(4,7,4,10): error CS0246: The type or namespace name 'Fdp' could not be found (are you missing a using directive or an assembly reference?)
88>D:\Work\IOS-IG-SimHost-FDP-2\Hrot\Subsystems\Hrot.IG\IgNodeBootstrapper.cs(5,7,5,10): error CS0246: The type or namespace name 'Fdp' could not be found (are you missing a using directive or an assembly reference?)
88>D:\Work\IOS-IG-SimHost-FDP-2\Hrot\Subsystems\Hrot.IG\IgNodeBootstrapper.cs(6,7,6,10): error CS0246: The type or namespace name 'Fdp' could not be found (are you missing a using directive or an assembly reference?)
88>D:\Work\IOS-IG-SimHost-FDP-2\Hrot\Subsystems\Hrot.IG\IgNodeBootstrapper.cs(7,7,7,10): error CS0246: The type or namespace name 'Fdp' could not be found (are you missing a using directive or an assembly reference?)
88>D:\Work\IOS-IG-SimHost-FDP-2\Hrot\Subsystems\Hrot.IG\IgNodeBootstrapper.cs(8,7,8,10): error CS0246: The type or namespace name 'Fdp' could not be found (are you missing a using directive or an assembly reference?)
88>D:\Work\IOS-IG-SimHost-FDP-2\Hrot\Subsystems\Hrot.IG\IgNodeBootstrapper.cs(9,7,9,10): error CS0246: The type or namespace name 'Fdp' could not be found (are you missing a using directive or an assembly reference?)
88>D:\Work\IOS-IG-SimHost-FDP-2\Hrot\Subsystems\Hrot.IG\IgNodeBootstrapper.cs(10,7,10,10): error CS0246: The type or namespace name 'Fdp' could not be found (are you missing a using directive or an assembly reference?)
88>D:\Work\IOS-IG-SimHost-FDP-2\Hrot\Subsystems\Hrot.IG\IgNodeBootstrapper.cs(11,7,11,10): error CS0246: The type or namespace name 'Fdp' could not be found (are you missing a using directive or an assembly reference?)
88>D:\Work\IOS-IG-SimHost-FDP-2\Hrot\Subsystems\Hrot.IG\IgNodeBootstrapper.cs(12,7,12,10): error CS0246: The type or namespace name 'Fdp' could not be found (are you missing a using directive or an assembly reference?)
88>D:\Work\IOS-IG-SimHost-FDP-2\Hrot\Subsystems\Hrot.IG\IgNodeBootstrapper.cs(13,7,13,10): error CS0246: The type or namespace name 'Fdp' could not be found (are you missing a using directive or an assembly reference?)
88>D:\Work\IOS-IG-SimHost-FDP-2\Hrot\Subsystems\Hrot.IG\IgNodeBootstrapper.cs(14,7,14,10): error CS0246: The type or namespace name 'Fdp' could not be found (are you missing a using directive or an assembly reference?)
88>D:\Work\IOS-IG-SimHost-FDP-2\Hrot\Subsystems\Hrot.IG\IgNodeBootstrapper.cs(15,7,15,10): error CS0246: The type or namespace name 'Fdp' could not be found (are you missing a using directive or an assembly reference?)
88>D:\Work\IOS-IG-SimHost-FDP-2\Hrot\Subsystems\Hrot.IG\IgNodeBootstrapper.cs(16,7,16,10): error CS0246: The type or namespace name 'Fdp' could not be found (are you missing a using directive or an assembly reference?)
88>D:\Work\IOS-IG-SimHost-FDP-2\Hrot\Subsystems\Hrot.IG\IgNodeBootstrapper.cs(17,7,17,10): error CS0246: The type or namespace name 'Fdp' could not be found (are you missing a using directive or an assembly reference?)
88>D:\Work\IOS-IG-SimHost-FDP-2\Hrot\Subsystems\Hrot.IG\IgNodeBootstrapper.cs(18,7,18,10): error CS0246: The type or namespace name 'Fdp' could not be found (are you missing a using directive or an assembly reference?)
88>D:\Work\IOS-IG-SimHost-FDP-2\Hrot\Subsystems\Hrot.IG\IgNodeBootstrapper.cs(19,7,19,10): error CS0246: The type or namespace name 'Fdp' could not be found (are you missing a using directive or an assembly reference?)
88>D:\Work\IOS-IG-SimHost-FDP-2\Hrot\Subsystems\Hrot.IG\IgNodeBootstrapper.cs(20,7,20,10): error CS0246: The type or namespace name 'Fdp' could not be found (are you missing a using directive or an assembly reference?)
88>D:\Work\IOS-IG-SimHost-FDP-2\Hrot\Subsystems\Hrot.IG\IgNodeBootstrapper.cs(21,7,21,10): error CS0246: The type or namespace name 'Fdp' could not be found (are you missing a using directive or an assembly reference?)
88>D:\Work\IOS-IG-SimHost-FDP-2\Hrot\Subsystems\Hrot.IG\IgNodeBootstrapper.cs(22,7,22,10): error CS0246: The type or namespace name 'Fdp' could not be found (are you missing a using directive or an assembly reference?)
88>D:\Work\IOS-IG-SimHost-FDP-2\Hrot\Subsystems\Hrot.IG\IgNodeBootstrapper.cs(23,7,23,10): error CS0246: The type or namespace name 'Fdp' could not be found (are you missing a using directive or an assembly reference?)
88>D:\Work\IOS-IG-SimHost-FDP-2\Hrot\Subsystems\Hrot.IG\IgNodeBootstrapper.cs(24,7,24,10): error CS0246: The type or namespace name 'Fdp' could not be found (are you missing a using directive or an assembly reference?)
88>D:\Work\IOS-IG-SimHost-FDP-2\Hrot\Subsystems\Hrot.IG\IgNodeBootstrapper.cs(25,12,25,18): error CS0234: The type or namespace name 'Common' does not exist in the namespace 'Hrot' (are you missing an assembly reference?)
88>D:\Work\IOS-IG-SimHost-FDP-2\Hrot\Subsystems\Hrot.IG\IgNodeBootstrapper.cs(26,12,26,18): error CS0234: The type or namespace name 'Common' does not exist in the namespace 'Hrot' (are you missing an assembly reference?)
88>D:\Work\IOS-IG-SimHost-FDP-2\Hrot\Subsystems\Hrot.IG\IgNodeBootstrapper.cs(27,12,27,18): error CS0234: The type or namespace name 'Common' does not exist in the namespace 'Hrot' (are you missing an assembly reference?)
88>D:\Work\IOS-IG-SimHost-FDP-2\Hrot\Subsystems\Hrot.IG\IgNodeBootstrapper.cs(28,12,28,18): error CS0234: The type or namespace name 'Common' does not exist in the namespace 'Hrot' (are you missing an assembly reference?)
88>D:\Work\IOS-IG-SimHost-FDP-2\Hrot\Subsystems\Hrot.IG\IgNodeBootstrapper.cs(29,12,29,18): error CS0234: The type or namespace name 'Common' does not exist in the namespace 'Hrot' (are you missing an assembly reference?)
88>D:\Work\IOS-IG-SimHost-FDP-2\Hrot\Subsystems\Hrot.IG\IgNodeBootstrapper.cs(30,12,30,18): error CS0234: The type or namespace name 'Common' does not exist in the namespace 'Hrot' (are you missing an assembly reference?)
88>D:\Work\IOS-IG-SimHost-FDP-2\Hrot\Subsystems\Hrot.IG\IgNodeBootstrapper.cs(31,12,31,16): error CS0234: The type or namespace name 'Core' does not exist in the namespace 'Hrot' (are you missing an assembly reference?)
88>D:\Work\IOS-IG-SimHost-FDP-2\Hrot\Subsystems\Hrot.IG\IgNodeBootstrapper.cs(32,12,32,16): error CS0234: The type or namespace name 'Core' does not exist in the namespace 'Hrot' (are you missing an assembly reference?)
88>D:\Work\IOS-IG-SimHost-FDP-2\Hrot\Subsystems\Hrot.IG\IgNodeBootstrapper.cs(38,12,38,15): error CS0234: The type or namespace name 'Map' does not exist in the namespace 'Hrot' (are you missing an assembly reference?)
88>D:\Work\IOS-IG-SimHost-FDP-2\Hrot\Subsystems\Hrot.IG\IgNodeBootstrapper.cs(39,12,39,19): error CS0234: The type or namespace name 'Network' does not exist in the namespace 'Hrot' (are you missing an assembly reference?)
88>D:\Work\IOS-IG-SimHost-FDP-2\Hrot\Subsystems\Hrot.IG\IgRoleComponentRegistry.cs(1,7,1,15): error CS0246: The type or namespace name 'CarKinem' could not be found (are you missing a using directive or an assembly reference?)
88>D:\Work\IOS-IG-SimHost-FDP-2\Hrot\Subsystems\Hrot.IG\IgRoleComponentRegistry.cs(2,7,2,10): error CS0246: The type or namespace name 'Fdp' could not be found (are you missing a using directive or an assembly reference?)
88>D:\Work\IOS-IG-SimHost-FDP-2\Hrot\Subsystems\Hrot.IG\IgRoleComponentRegistry.cs(3,7,3,10): error CS0246: The type or namespace name 'Fdp' could not be found (are you missing a using directive or an assembly reference?)
88>D:\Work\IOS-IG-SimHost-FDP-2\Hrot\Subsystems\Hrot.IG\IgRoleComponentRegistry.cs(4,7,4,10): error CS0246: The type or namespace name 'Fdp' could not be found (are you missing a using directive or an assembly reference?)
88>D:\Work\IOS-IG-SimHost-FDP-2\Hrot\Subsystems\Hrot.IG\IgRoleComponentRegistry.cs(5,7,5,10): error CS0246: The type or namespace name 'Fdp' could not be found (are you missing a using directive or an assembly reference?)
88>D:\Work\IOS-IG-SimHost-FDP-2\Hrot\Subsystems\Hrot.IG\IgRoleComponentRegistry.cs(6,7,6,10): error CS0246: The type or namespace name 'Fdp' could not be found (are you missing a using directive or an assembly reference?)
88>D:\Work\IOS-IG-SimHost-FDP-2\Hrot\Subsystems\Hrot.IG\IgRoleComponentRegistry.cs(7,7,7,10): error CS0246: The type or namespace name 'Fdp' could not be found (are you missing a using directive or an assembly reference?)
88>D:\Work\IOS-IG-SimHost-FDP-2\Hrot\Subsystems\Hrot.IG\IgRoleComponentRegistry.cs(9,12,9,15): error CS0234: The type or namespace name 'Map' does not exist in the namespace 'Hrot' (are you missing an assembly reference?)
88>D:\Work\IOS-IG-SimHost-FDP-2\Hrot\Subsystems\Hrot.IG\IgRoleComponentRegistry.cs(10,12,10,15): error CS0234: The type or namespace name 'Map' does not exist in the namespace 'Hrot' (are you missing an assembly reference?)
88>D:\Work\IOS-IG-SimHost-FDP-2\Hrot\Subsystems\Hrot.IG\IgSequentialIdAllocator.cs(2,7,2,10): error CS0246: The type or namespace name 'Fdp' could not be found (are you missing a using directive or an assembly reference?)
88>D:\Work\IOS-IG-SimHost-FDP-2\Hrot\Subsystems\Hrot.IG\IgSubsystem.cs(2,7,2,10): error CS0246: The type or namespace name 'Fdp' could not be found (are you missing a using directive or an assembly reference?)
88>D:\Work\IOS-IG-SimHost-FDP-2\Hrot\Subsystems\Hrot.IG\IgSubsystem.cs(3,7,3,10): error CS0246: The type or namespace name 'Fdp' could not be found (are you missing a using directive or an assembly reference?)
88>D:\Work\IOS-IG-SimHost-FDP-2\Hrot\Subsystems\Hrot.IG\IgSubsystem.cs(4,7,4,10): error CS0246: The type or namespace name 'Fdp' could not be found (are you missing a using directive or an assembly reference?)
88>D:\Work\IOS-IG-SimHost-FDP-2\Hrot\Subsystems\Hrot.IG\IgSubsystem.cs(5,7,5,10): error CS0246: The type or namespace name 'Fdp' could not be found (are you missing a using directive or an assembly reference?)
88>D:\Work\IOS-IG-SimHost-FDP-2\Hrot\Subsystems\Hrot.IG\IgSubsystem.cs(7,12,7,24): error CS0234: The type or namespace name 'Presentation' does not exist in the namespace 'Hrot' (are you missing an assembly reference?)
88>D:\Work\IOS-IG-SimHost-FDP-2\Hrot\Subsystems\Hrot.IG\IgSubsystem.cs(8,12,8,24): error CS0234: The type or namespace name 'Presentation' does not exist in the namespace 'Hrot' (are you missing an assembly reference?)
88>D:\Work\IOS-IG-SimHost-FDP-2\Hrot\Subsystems\Hrot.IG\Modules\EventEffectModule.cs(2,7,2,10): error CS0246: The type or namespace name 'Fdp' could not be found (are you missing a using directive or an assembly reference?)
88>D:\Work\IOS-IG-SimHost-FDP-2\Hrot\Subsystems\Hrot.IG\Modules\HistoryTrailModule.cs(2,7,2,10): error CS0246: The type or namespace name 'Fdp' could not be found (are you missing a using directive or an assembly reference?)
88>D:\Work\IOS-IG-SimHost-FDP-2\Hrot\Subsystems\Hrot.IG\Modules\IgGroundClampingModule.cs(1,7,1,10): error CS0246: The type or namespace name 'Fdp' could not be found (are you missing a using directive or an assembly reference?)
88>D:\Work\IOS-IG-SimHost-FDP-2\Hrot\Subsystems\Hrot.IG\Modules\IgGroundClampingModule.cs(2,7,2,10): error CS0246: The type or namespace name 'Fdp' could not be found (are you missing a using directive or an assembly reference?)
88>D:\Work\IOS-IG-SimHost-FDP-2\Hrot\Subsystems\Hrot.IG\Modules\IgGroundClampingModule.cs(3,7,3,10): error CS0246: The type or namespace name 'Fdp' could not be found (are you missing a using directive or an assembly reference?)
88>D:\Work\IOS-IG-SimHost-FDP-2\Hrot\Subsystems\Hrot.IG\Modules\IgGroundClampingModule.cs(4,7,4,10): error CS0246: The type or namespace name 'Fdp' could not be found (are you missing a using directive or an assembly reference?)
88>D:\Work\IOS-IG-SimHost-FDP-2\Hrot\Subsystems\Hrot.IG\Modules\IgGroundClampingModule.cs(5,7,5,10): error CS0246: The type or namespace name 'Fdp' could not be found (are you missing a using directive or an assembly reference?)
88>D:\Work\IOS-IG-SimHost-FDP-2\Hrot\Subsystems\Hrot.IG\Modules\IgGroundClampingModule.cs(6,7,6,10): error CS0246: The type or namespace name 'Fdp' could not be found (are you missing a using directive or an assembly reference?)
88>D:\Work\IOS-IG-SimHost-FDP-2\Hrot\Subsystems\Hrot.IG\Modules\MapCullingModule.cs(3,7,3,10): error CS0246: The type or namespace name 'Fdp' could not be found (are you missing a using directive or an assembly reference?)
88>D:\Work\IOS-IG-SimHost-FDP-2\Hrot\Subsystems\Hrot.IG\Modules\MapLayerModule.cs(2,7,2,10): error CS0246: The type or namespace name 'Fdp' could not be found (are you missing a using directive or an assembly reference?)
88>D:\Work\IOS-IG-SimHost-FDP-2\Hrot\Subsystems\Hrot.IG\Modules\Orchestration\IgZoneDummyHandler.cs(3,12,3,15): error CS0234: The type or namespace name 'NED' does not exist in the namespace 'Hrot' (are you missing an assembly reference?)
88>D:\Work\IOS-IG-SimHost-FDP-2\Hrot\Subsystems\Hrot.IG\Modules\Orchestration\IgZoneDummyHandler.cs(4,7,4,10): error CS0246: The type or namespace name 'Fdp' could not be found (are you missing a using directive or an assembly reference?)
88>D:\Work\IOS-IG-SimHost-FDP-2\Hrot\Subsystems\Hrot.IG\Modules\Orchestration\IgZoneDummyHandler.cs(5,7,5,10): error CS0246: The type or namespace name 'Fdp' could not be found (are you missing a using directive or an assembly reference?)
88>D:\Work\IOS-IG-SimHost-FDP-2\Hrot\Subsystems\Hrot.IG\Modules\Orchestration\IgZoneDummyHandler.cs(6,7,6,10): error CS0246: The type or namespace name 'Fdp' could not be found (are you missing a using directive or an assembly reference?)
88>D:\Work\IOS-IG-SimHost-FDP-2\Hrot\Subsystems\Hrot.IG\Modules\SpawningModule.cs(2,12,2,15): error CS0234: The type or namespace name 'NED' does not exist in the namespace 'Hrot' (are you missing an assembly reference?)
88>D:\Work\IOS-IG-SimHost-FDP-2\Hrot\Subsystems\Hrot.IG\Modules\SpawningModule.cs(3,7,3,10): error CS0246: The type or namespace name 'Fdp' could not be found (are you missing a using directive or an assembly reference?)
88>D:\Work\IOS-IG-SimHost-FDP-2\Hrot\Subsystems\Hrot.IG\Modules\SpawningModule.cs(4,7,4,10): error CS0246: The type or namespace name 'Fdp' could not be found (are you missing a using directive or an assembly reference?)
88>D:\Work\IOS-IG-SimHost-FDP-2\Hrot\Subsystems\Hrot.IG\Modules\SpawningModule.cs(5,7,5,10): error CS0246: The type or namespace name 'Fdp' could not be found (are you missing a using directive or an assembly reference?)
88>D:\Work\IOS-IG-SimHost-FDP-2\Hrot\Subsystems\Hrot.IG\Modules\SpawningModule.cs(6,7,6,10): error CS0246: The type or namespace name 'Fdp' could not be found (are you missing a using directive or an assembly reference?)
88>D:\Work\IOS-IG-SimHost-FDP-2\Hrot\Subsystems\Hrot.IG\Modules\SpawningModule.cs(7,7,7,10): error CS0246: The type or namespace name 'Fdp' could not be found (are you missing a using directive or an assembly reference?)
88>D:\Work\IOS-IG-SimHost-FDP-2\Hrot\Subsystems\Hrot.IG\Modules\StyleResolutionModule.cs(3,7,3,10): error CS0246: The type or namespace name 'Fdp' could not be found (are you missing a using directive or an assembly reference?)
88>D:\Work\IOS-IG-SimHost-FDP-2\Hrot\Subsystems\Hrot.IG\Services\IgCapabilitiesPublisher.cs(4,12,4,16): error CS0234: The type or namespace name 'Core' does not exist in the namespace 'Hrot' (are you missing an assembly reference?)
88>D:\Work\IOS-IG-SimHost-FDP-2\Hrot\Subsystems\Hrot.IG\Services\IgCapabilitiesPublisher.cs(6,7,6,10): error CS0246: The type or namespace name 'Fdp' could not be found (are you missing a using directive or an assembly reference?)
88>D:\Work\IOS-IG-SimHost-FDP-2\Hrot\Subsystems\Hrot.IG\Systems\ContextMenuSystem.cs(3,12,3,18): error CS0234: The type or namespace name 'Common' does not exist in the namespace 'Hrot' (are you missing an assembly reference?)
88>D:\Work\IOS-IG-SimHost-FDP-2\Hrot\Subsystems\Hrot.IG\Systems\ContextMenuSystem.cs(5,7,5,10): error CS0246: The type or namespace name 'Fdp' could not be found (are you missing a using directive or an assembly reference?)
88>D:\Work\IOS-IG-SimHost-FDP-2\Hrot\Subsystems\Hrot.IG\Systems\ContextMenuSystem.cs(6,7,6,10): error CS0246: The type or namespace name 'Fdp' could not be found (are you missing a using directive or an assembly reference?)
88>D:\Work\IOS-IG-SimHost-FDP-2\Hrot\Subsystems\Hrot.IG\Systems\ContextMenuSystem.cs(7,7,7,10): error CS0246: The type or namespace name 'Fdp' could not be found (are you missing a using directive or an assembly reference?)
88>D:\Work\IOS-IG-SimHost-FDP-2\Hrot\Subsystems\Hrot.IG\Systems\ContextMenuSystem.cs(8,7,8,10): error CS0246: The type or namespace name 'Fdp' could not be found (are you missing a using directive or an assembly reference?)
88>D:\Work\IOS-IG-SimHost-FDP-2\Hrot\Subsystems\Hrot.IG\Systems\EventToEffectSystem.cs(3,7,3,10): error CS0246: The type or namespace name 'Fdp' could not be found (are you missing a using directive or an assembly reference?)
88>D:\Work\IOS-IG-SimHost-FDP-2\Hrot\Subsystems\Hrot.IG\Systems\EventToEffectSystem.cs(4,7,4,10): error CS0246: The type or namespace name 'Fdp' could not be found (are you missing a using directive or an assembly reference?)
88>D:\Work\IOS-IG-SimHost-FDP-2\Hrot\Subsystems\Hrot.IG\Systems\EventToEffectSystem.cs(5,7,5,10): error CS0246: The type or namespace name 'Fdp' could not be found (are you missing a using directive or an assembly reference?)
88>D:\Work\IOS-IG-SimHost-FDP-2\Hrot\Subsystems\Hrot.IG\Systems\EventToEffectSystem.cs(6,7,6,10): error CS0246: The type or namespace name 'Fdp' could not be found (are you missing a using directive or an assembly reference?)
88>D:\Work\IOS-IG-SimHost-FDP-2\Hrot\Subsystems\Hrot.IG\Systems\EventToEffectSystem.cs(7,7,7,10): error CS0246: The type or namespace name 'Fdp' could not be found (are you missing a using directive or an assembly reference?)
88>D:\Work\IOS-IG-SimHost-FDP-2\Hrot\Subsystems\Hrot.IG\Systems\HistoryRecordingSystem.cs(2,7,2,10): error CS0246: The type or namespace name 'Fdp' could not be found (are you missing a using directive or an assembly reference?)
88>D:\Work\IOS-IG-SimHost-FDP-2\Hrot\Subsystems\Hrot.IG\Systems\HistoryRecordingSystem.cs(3,7,3,10): error CS0246: The type or namespace name 'Fdp' could not be found (are you missing a using directive or an assembly reference?)
88>D:\Work\IOS-IG-SimHost-FDP-2\Hrot\Subsystems\Hrot.IG\Systems\HrotEntityFilterFactory.cs(3,7,3,10): error CS0246: The type or namespace name 'Fdp' could not be found (are you missing a using directive or an assembly reference?)
88>D:\Work\IOS-IG-SimHost-FDP-2\Hrot\Subsystems\Hrot.IG\Systems\HrotEntityFilterFactory.cs(4,7,4,10): error CS0246: The type or namespace name 'Fdp' could not be found (are you missing a using directive or an assembly reference?)
88>D:\Work\IOS-IG-SimHost-FDP-2\Hrot\Subsystems\Hrot.IG\Systems\HrotEntityFilterFactory.cs(5,7,5,10): error CS0246: The type or namespace name 'Fdp' could not be found (are you missing a using directive or an assembly reference?)
88>D:\Work\IOS-IG-SimHost-FDP-2\Hrot\Subsystems\Hrot.IG\Systems\MapCommandController.cs(4,12,4,16): error CS0234: The type or namespace name 'Core' does not exist in the namespace 'Hrot' (are you missing an assembly reference?)
88>D:\Work\IOS-IG-SimHost-FDP-2\Hrot\Subsystems\Hrot.IG\Systems\MapCommandController.cs(6,7,6,10): error CS0246: The type or namespace name 'Fdp' could not be found (are you missing a using directive or an assembly reference?)
88>D:\Work\IOS-IG-SimHost-FDP-2\Hrot\Subsystems\Hrot.IG\Systems\MapCommandController.cs(7,7,7,10): error CS0246: The type or namespace name 'Fdp' could not be found (are you missing a using directive or an assembly reference?)
88>D:\Work\IOS-IG-SimHost-FDP-2\Hrot\Subsystems\Hrot.IG\Systems\MapCommandController.cs(8,7,8,10): error CS0246: The type or namespace name 'Fdp' could not be found (are you missing a using directive or an assembly reference?)
88>D:\Work\IOS-IG-SimHost-FDP-2\Hrot\Subsystems\Hrot.IG\Systems\MapCommandController.cs(9,7,9,10): error CS0246: The type or namespace name 'Fdp' could not be found (are you missing a using directive or an assembly reference?)
88>D:\Work\IOS-IG-SimHost-FDP-2\Hrot\Subsystems\Hrot.IG\Systems\MapCommandController.cs(10,7,10,10): error CS0246: The type or namespace name 'Fdp' could not be found (are you missing a using directive or an assembly reference?)
88>D:\Work\IOS-IG-SimHost-FDP-2\Hrot\Subsystems\Hrot.IG\Systems\MapCommandController.cs(11,12,11,26): error CS0234: The type or namespace name 'ScenarioEditor' does not exist in the namespace 'Hrot' (are you missing an assembly reference?)
88>D:\Work\IOS-IG-SimHost-FDP-2\Hrot\Subsystems\Hrot.IG\Systems\MapCommandController.cs(12,7,12,10): error CS0246: The type or namespace name 'Fdp' could not be found (are you missing a using directive or an assembly reference?)
88>D:\Work\IOS-IG-SimHost-FDP-2\Hrot\Subsystems\Hrot.IG\Systems\MapCommandController.cs(13,7,13,10): error CS0246: The type or namespace name 'Fdp' could not be found (are you missing a using directive or an assembly reference?)
88>D:\Work\IOS-IG-SimHost-FDP-2\Hrot\Subsystems\Hrot.IG\Systems\MapCommandController.cs(14,7,14,10): error CS0246: The type or namespace name 'Fdp' could not be found (are you missing a using directive or an assembly reference?)
88>D:\Work\IOS-IG-SimHost-FDP-2\Hrot\Subsystems\Hrot.IG\Systems\MapCullingSystem.cs(3,7,3,10): error CS0246: The type or namespace name 'Fdp' could not be found (are you missing a using directive or an assembly reference?)
88>D:\Work\IOS-IG-SimHost-FDP-2\Hrot\Subsystems\Hrot.IG\Systems\MapCullingSystem.cs(4,7,4,10): error CS0246: The type or namespace name 'Fdp' could not be found (are you missing a using directive or an assembly reference?)
88>D:\Work\IOS-IG-SimHost-FDP-2\Hrot\Subsystems\Hrot.IG\Systems\MapLayerAssignmentSystem.cs(2,7,2,10): error CS0246: The type or namespace name 'Fdp' could not be found (are you missing a using directive or an assembly reference?)
88>D:\Work\IOS-IG-SimHost-FDP-2\Hrot\Subsystems\Hrot.IG\Systems\MapLayerAssignmentSystem.cs(3,7,3,10): error CS0246: The type or namespace name 'Fdp' could not be found (are you missing a using directive or an assembly reference?)
88>D:\Work\IOS-IG-SimHost-FDP-2\Hrot\Subsystems\Hrot.IG\Systems\MapLayerAssignmentSystem.cs(4,7,4,10): error CS0246: The type or namespace name 'Fdp' could not be found (are you missing a using directive or an assembly reference?)
88>D:\Work\IOS-IG-SimHost-FDP-2\Hrot\Subsystems\Hrot.IG\Systems\MapLayerDefinition.cs(2,7,2,10): error CS0246: The type or namespace name 'Fdp' could not be found (are you missing a using directive or an assembly reference?)
88>D:\Work\IOS-IG-SimHost-FDP-2\Hrot\Subsystems\Hrot.IG\Systems\MapLayerDefinition.cs(3,7,3,10): error CS0246: The type or namespace name 'Fdp' could not be found (are you missing a using directive or an assembly reference?)
88>D:\Work\IOS-IG-SimHost-FDP-2\Hrot\Subsystems\Hrot.IG\Systems\MapLayerRegistry.cs(3,12,3,15): error CS0234: The type or namespace name 'Map' does not exist in the namespace 'Hrot' (are you missing an assembly reference?)
88>D:\Work\IOS-IG-SimHost-FDP-2\Hrot\Subsystems\Hrot.IG\Systems\MapLayerRegistry.cs(4,7,4,10): error CS0246: The type or namespace name 'Fdp' could not be found (are you missing a using directive or an assembly reference?)
88>D:\Work\IOS-IG-SimHost-FDP-2\Hrot\Subsystems\Hrot.IG\Systems\MapLayerRegistry.cs(5,7,5,10): error CS0246: The type or namespace name 'Fdp' could not be found (are you missing a using directive or an assembly reference?)
88>D:\Work\IOS-IG-SimHost-FDP-2\Hrot\Subsystems\Hrot.IG\Systems\MapLayerRegistry.cs(6,7,6,10): error CS0246: The type or namespace name 'Fdp' could not be found (are you missing a using directive or an assembly reference?)
88>D:\Work\IOS-IG-SimHost-FDP-2\Hrot\Subsystems\Hrot.IG\Systems\MapUserConfig.cs(1,7,1,10): error CS0246: The type or namespace name 'Fdp' could not be found (are you missing a using directive or an assembly reference?)
88>D:\Work\IOS-IG-SimHost-FDP-2\Hrot\Subsystems\Hrot.IG\Systems\StyleResolutionSystem.cs(4,23,4,26): error CS0246: The type or namespace name 'Fdp' could not be found (are you missing a using directive or an assembly reference?)
88>D:\Work\IOS-IG-SimHost-FDP-2\Hrot\Subsystems\Hrot.IG\Systems\StyleResolutionSystem.cs(3,12,3,15): error CS0234: The type or namespace name 'NED' does not exist in the namespace 'Hrot' (are you missing an assembly reference?)
88>D:\Work\IOS-IG-SimHost-FDP-2\Hrot\Subsystems\Hrot.IG\Systems\StyleResolutionSystem.cs(6,12,6,15): error CS0234: The type or namespace name 'Map' does not exist in the namespace 'Hrot' (are you missing an assembly reference?)
88>D:\Work\IOS-IG-SimHost-FDP-2\Hrot\Subsystems\Hrot.IG\Systems\StyleResolutionSystem.cs(7,7,7,10): error CS0246: The type or namespace name 'Fdp' could not be found (are you missing a using directive or an assembly reference?)
88>D:\Work\IOS-IG-SimHost-FDP-2\Hrot\Subsystems\Hrot.IG\Systems\StyleResolutionSystem.cs(8,7,8,10): error CS0246: The type or namespace name 'Fdp' could not be found (are you missing a using directive or an assembly reference?)
88>D:\Work\IOS-IG-SimHost-FDP-2\Hrot\Subsystems\Hrot.IG\Systems\StyleResolutionSystem.cs(9,7,9,10): error CS0246: The type or namespace name 'Fdp' could not be found (are you missing a using directive or an assembly reference?)
88>D:\Work\IOS-IG-SimHost-FDP-2\Hrot\Subsystems\Hrot.IG\Systems\StyleResolutionSystem.cs(10,7,10,10): error CS0246: The type or namespace name 'Fdp' could not be found (are you missing a using directive or an assembly reference?)
88>D:\Work\IOS-IG-SimHost-FDP-2\Hrot\Subsystems\Hrot.IG\Systems\UniqueNameGenerator.cs(2,7,2,10): error CS0246: The type or namespace name 'Fdp' could not be found (are you missing a using directive or an assembly reference?)
88>D:\Work\IOS-IG-SimHost-FDP-2\Hrot\Subsystems\Hrot.IG\Systems\UniqueNameGenerator.cs(3,7,3,10): error CS0246: The type or namespace name 'Fdp' could not be found (are you missing a using directive or an assembly reference?)
88>D:\Work\IOS-IG-SimHost-FDP-2\Hrot\Subsystems\Hrot.IG\Systems\UniqueNameGenerator.cs(4,7,4,10): error CS0246: The type or namespace name 'Fdp' could not be found (are you missing a using directive or an assembly reference?)
88>D:\Work\IOS-IG-SimHost-FDP-2\Hrot\Subsystems\Hrot.IG\Translators\PresentationTkbTranslator.cs(3,7,3,10): error CS0246: The type or namespace name 'Fdp' could not be found (are you missing a using directive or an assembly reference?)
88>D:\Work\IOS-IG-SimHost-FDP-2\Hrot\Subsystems\Hrot.IG\Translators\PresentationTkbTranslator.cs(4,7,4,10): error CS0246: The type or namespace name 'Fdp' could not be found (are you missing a using directive or an assembly reference?)
88>D:\Work\IOS-IG-SimHost-FDP-2\Hrot\Subsystems\Hrot.IG\Translators\PresentationTkbTranslator.cs(5,7,5,10): error CS0246: The type or namespace name 'Fdp' could not be found (are you missing a using directive or an assembly reference?)
88>D:\Work\IOS-IG-SimHost-FDP-2\Hrot\Subsystems\Hrot.IG\Translators\PresentationTkbTranslator.cs(6,12,6,15): error CS0234: The type or namespace name 'Map' does not exist in the namespace 'Hrot' (are you missing an assembly reference?)
88>D:\Work\IOS-IG-SimHost-FDP-2\Hrot\Subsystems\Hrot.IG\UI\EntityInspectorState.cs(2,7,2,10): error CS0246: The type or namespace name 'Fdp' could not be found (are you missing a using directive or an assembly reference?)
88>D:\Work\IOS-IG-SimHost-FDP-2\Hrot\Subsystems\Hrot.IG\UI\EntityInspectorState.cs(3,7,3,10): error CS0246: The type or namespace name 'Fdp' could not be found (are you missing a using directive or an assembly reference?)
88>D:\Work\IOS-IG-SimHost-FDP-2\Hrot\Subsystems\Hrot.IG\UI\EntityInspectorState.cs(4,7,4,10): error CS0246: The type or namespace name 'Fdp' could not be found (are you missing a using directive or an assembly reference?)
88>D:\Work\IOS-IG-SimHost-FDP-2\Hrot\Subsystems\Hrot.IG\UI\MiniExConPanel.cs(2,12,2,16): error CS0234: The type or namespace name 'Core' does not exist in the namespace 'Hrot' (are you missing an assembly reference?)
88>D:\Work\IOS-IG-SimHost-FDP-2\Hrot\Subsystems\Hrot.IG\UI\MiniExConPanel.cs(3,7,3,10): error CS0246: The type or namespace name 'Fdp' could not be found (are you missing a using directive or an assembly reference?)
88>D:\Work\IOS-IG-SimHost-FDP-2\Hrot\Subsystems\Hrot.IG\UI\MiniExConPanelState.cs(5,12,5,16): error CS0234: The type or namespace name 'Core' does not exist in the namespace 'Hrot' (are you missing an assembly reference?)
88>D:\Work\IOS-IG-SimHost-FDP-2\Hrot\Subsystems\Hrot.IG\UI\MiniExConPanelState.cs(6,12,6,16): error CS0234: The type or namespace name 'Core' does not exist in the namespace 'Hrot' (are you missing an assembly reference?)
88>D:\Work\IOS-IG-SimHost-FDP-2\Hrot\Subsystems\Hrot.IG\UI\MiniExConPanelState.cs(8,7,8,10): error CS0246: The type or namespace name 'Fdp' could not be found (are you missing a using directive or an assembly reference?)
88>D:\Work\IOS-IG-SimHost-FDP-2\Hrot\Subsystems\Hrot.IG\UI\MiniExConPanelState.cs(9,7,9,10): error CS0246: The type or namespace name 'Fdp' could not be found (are you missing a using directive or an assembly reference?)
88>D:\Work\IOS-IG-SimHost-FDP-2\Hrot\Subsystems\Hrot.IG\UI\MiniExConPanelState.cs(10,7,10,10): error CS0246: The type or namespace name 'Fdp' could not be found (are you missing a using directive or an assembly reference?)
88>D:\Work\IOS-IG-SimHost-FDP-2\Hrot\Subsystems\Hrot.IG\UI\MiniExConPanelState.cs(11,7,11,10): error CS0246: The type or namespace name 'Fdp' could not be found (are you missing a using directive or an assembly reference?)
88>D:\Work\IOS-IG-SimHost-FDP-2\Hrot\Subsystems\Hrot.IG\UI\MiniExConPanelState.cs(12,7,12,10): error CS0246: The type or namespace name 'Fdp' could not be found (are you missing a using directive or an assembly reference?)
88>D:\Work\IOS-IG-SimHost-FDP-2\Hrot\Subsystems\Hrot.IG\UI\PerformanceMetrics.cs(2,7,2,10): error CS0246: The type or namespace name 'Fdp' could not be found (are you missing a using directive or an assembly reference?)
88>D:\Work\IOS-IG-SimHost-FDP-2\Hrot\Subsystems\Hrot.IG\UI\PerformanceMetrics.cs(3,7,3,10): error CS0246: The type or namespace name 'Fdp' could not be found (are you missing a using directive or an assembly reference?)
88>D:\Work\IOS-IG-SimHost-FDP-2\Hrot\Subsystems\Hrot.IG\UI\WaypointEditorPanel.cs(2,12,2,26): error CS0234: The type or namespace name 'ScenarioEditor' does not exist in the namespace 'Hrot' (are you missing an assembly reference?)
88>D:\Work\IOS-IG-SimHost-FDP-2\Hrot\Subsystems\Hrot.IG\Windows\IgWindows.cs(2,7,2,10): error CS0246: The type or namespace name 'Fdp' could not be found (are you missing a using directive or an assembly reference?)
88>D:\Work\IOS-IG-SimHost-FDP-2\Hrot\Subsystems\Hrot.IG\IgBootstrapperHelpers.cs(16,48,16,64): error CS0246: The type or namespace name 'IEcsModuleSystem' could not be found (are you missing a using directive or an assembly reference?)
88>D:\Work\IOS-IG-SimHost-FDP-2\Hrot\Subsystems\Hrot.IG\Gizmos\EqsCognitiveBufferRenderer.cs(10,54,10,68): error CS0246: The type or namespace name 'IImGuiRenderer' could not be found (are you missing a using directive or an assembly reference?)
88>D:\Work\IOS-IG-SimHost-FDP-2\Hrot\Subsystems\Hrot.IG\Gizmos\EffectPresentationGizmo.cs(12,51,12,66): error CS0246: The type or namespace name 'IStatelessGizmo' could not be found (are you missing a using directive or an assembly reference?)
88>D:\Work\IOS-IG-SimHost-FDP-2\Hrot\Subsystems\Hrot.IG\IgBootstrapperHelpers.cs(44,47,44,57): error CS0246: The type or namespace name 'IEcsModule' could not be found (are you missing a using directive or an assembly reference?)
88>D:\Work\IOS-IG-SimHost-FDP-2\Hrot\Subsystems\Hrot.IG\IgBootstrapperHelpers.cs(46,22,46,38): error CS0246: The type or namespace name 'IEcsModuleSystem' could not be found (are you missing a using directive or an assembly reference?)
88>D:\Work\IOS-IG-SimHost-FDP-2\Hrot\Subsystems\Hrot.IG\Gizmos\EqsCognitiveBufferRenderer.cs(9,6,9,19): error CS0246: The type or namespace name 'ImGuiRendererAttribute' could not be found (are you missing a using directive or an assembly reference?)
88>D:\Work\IOS-IG-SimHost-FDP-2\Hrot\Subsystems\Hrot.IG\Gizmos\EqsCognitiveBufferRenderer.cs(9,6,9,19): error CS0246: The type or namespace name 'ImGuiRenderer' could not be found (are you missing a using directive or an assembly reference?)
88>D:\Work\IOS-IG-SimHost-FDP-2\Hrot\Subsystems\Hrot.IG\Gizmos\EqsCognitiveBufferRenderer.cs(9,27,9,45): error CS0246: The type or namespace name 'EqsCognitiveBuffer' could not be found (are you missing a using directive or an assembly reference?)
88>D:\Work\IOS-IG-SimHost-FDP-2\Hrot\Subsystems\Hrot.IG\Gizmos\EffectPresentationGizmo.cs(11,6,11,20): error CS0246: The type or namespace name 'GizmoProjectorAttribute' could not be found (are you missing a using directive or an assembly reference?)
88>D:\Work\IOS-IG-SimHost-FDP-2\Hrot\Subsystems\Hrot.IG\Gizmos\EffectPresentationGizmo.cs(11,6,11,20): error CS0246: The type or namespace name 'GizmoProjector' could not be found (are you missing a using directive or an assembly reference?)
88>D:\Work\IOS-IG-SimHost-FDP-2\Hrot\Subsystems\Hrot.IG\Gizmos\EffectPresentationGizmo.cs(11,28,11,40): error CS0246: The type or namespace name 'SimTransform' could not be found (are you missing a using directive or an assembly reference?)
88>D:\Work\IOS-IG-SimHost-FDP-2\Hrot\Subsystems\Hrot.IG\IgNodeBootstrapper.cs(51,44,51,73): error CS0246: The type or namespace name 'SharedApplicationBootstrapper' could not be found (are you missing a using directive or an assembly reference?)
88>D:\Work\IOS-IG-SimHost-FDP-2\Hrot\Subsystems\Hrot.IG\IgBootstrapperHelpers.cs(48,12,48,27): error CS0246: The type or namespace name 'ExecutionPolicy' could not be found (are you missing a using directive or an assembly reference?)
88>D:\Work\IOS-IG-SimHost-FDP-2\Hrot\Subsystems\Hrot.IG\Gizmos\EqsGizmoSettings.cs(14,37,14,58): error CS0246: The type or namespace name 'GizmoSettingsRegistry' could not be found (are you missing a using directive or an assembly reference?)
88>D:\Work\IOS-IG-SimHost-FDP-2\Hrot\Subsystems\Hrot.IG\IgBootstrapperHelpers.cs(49,34,49,50): error CS0246: The type or namespace name 'IEcsModuleSystem' could not be found (are you missing a using directive or an assembly reference?)
88>D:\Work\IOS-IG-SimHost-FDP-2\Hrot\Subsystems\Hrot.IG\IgBootstrapperHelpers.cs(50,33,50,48): error CS0246: The type or namespace name 'ISystemRegistry' could not be found (are you missing a using directive or an assembly reference?)
88>D:\Work\IOS-IG-SimHost-FDP-2\Hrot\Subsystems\Hrot.IG\Gizmos\EffectPresentationGizmo.cs(14,26,14,41): error CS0246: The type or namespace name 'ISimulationView' could not be found (are you missing a using directive or an assembly reference?)
88>D:\Work\IOS-IG-SimHost-FDP-2\Hrot\Subsystems\Hrot.IG\Gizmos\EffectPresentationGizmo.cs(14,48,14,54): error CS0246: The type or namespace name 'Entity' could not be found (are you missing a using directive or an assembly reference?)
88>D:\Work\IOS-IG-SimHost-FDP-2\Hrot\Subsystems\Hrot.IG\Gizmos\EffectPresentationGizmo.cs(14,63,14,80): error CS0246: The type or namespace name 'IDebugDrawBuilder' could not be found (are you missing a using directive or an assembly reference?)
88>D:\Work\IOS-IG-SimHost-FDP-2\Hrot\Subsystems\Hrot.IG\Gizmos\EqsSensorGizmo.cs(14,42,14,57): error CS0246: The type or namespace name 'IStatelessGizmo' could not be found (are you missing a using directive or an assembly reference?)
88>D:\Work\IOS-IG-SimHost-FDP-2\Hrot\Subsystems\Hrot.IG\IgNodeBootstrapper.cs(53,22,53,37): error CS0246: The type or namespace name 'INetworkFactory' could not be found (are you missing a using directive or an assembly reference?)
88>D:\Work\IOS-IG-SimHost-FDP-2\Hrot\Subsystems\Hrot.IG\IgBootstrapperHelpers.cs(51,22,51,37): error CS0246: The type or namespace name 'ISimulationView' could not be found (are you missing a using directive or an assembly reference?)
88>D:\Work\IOS-IG-SimHost-FDP-2\Hrot\Subsystems\Hrot.IG\IgNodeBootstrapper.cs(56,22,56,36): error CS0246: The type or namespace name 'IIgTranslators' could not be found (are you missing a using directive or an assembly reference?)
88>D:\Work\IOS-IG-SimHost-FDP-2\Hrot\Subsystems\Hrot.IG\IgApplication.cs(250,14,250,38): error CS0246: The type or namespace name 'GizmoExecutionController' could not be found (are you missing a using directive or an assembly reference?)
88>D:\Work\IOS-IG-SimHost-FDP-2\Hrot\Subsystems\Hrot.IG\Gizmos\GizmoRegistrar.cs(11,13,11,26): error CS0246: The type or namespace name 'GizmoRegistry' could not be found (are you missing a using directive or an assembly reference?)
88>D:\Work\IOS-IG-SimHost-FDP-2\Hrot\Subsystems\Hrot.IG\Gizmos\GizmoRegistrar.cs(12,13,12,35): error CS0246: The type or namespace name 'StatelessGizmoRegistry' could not be found (are you missing a using directive or an assembly reference?)
88>D:\Work\IOS-IG-SimHost-FDP-2\Hrot\Subsystems\Hrot.IG\Gizmos\GizmoRegistrar.cs(13,13,13,34): error CS0246: The type or namespace name 'GizmoSettingsRegistry' could not be found (are you missing a using directive or an assembly reference?)
88>D:\Work\IOS-IG-SimHost-FDP-2\Hrot\Subsystems\Hrot.IG\Gizmos\EqsSensorGizmo.cs(13,6,13,20): error CS0246: The type or namespace name 'GizmoProjectorAttribute' could not be found (are you missing a using directive or an assembly reference?)
88>D:\Work\IOS-IG-SimHost-FDP-2\Hrot\Subsystems\Hrot.IG\Gizmos\EqsSensorGizmo.cs(13,6,13,20): error CS0246: The type or namespace name 'GizmoProjector' could not be found (are you missing a using directive or an assembly reference?)
88>D:\Work\IOS-IG-SimHost-FDP-2\Hrot\Subsystems\Hrot.IG\Gizmos\EqsSensorGizmo.cs(13,28,13,40): error CS0246: The type or namespace name 'SimTransform' could not be found (are you missing a using directive or an assembly reference?)
88>D:\Work\IOS-IG-SimHost-FDP-2\Hrot\Subsystems\Hrot.IG\Gizmos\EqsSensorGizmo.cs(13,50,13,59): error CS0246: The type or namespace name 'EqsSensor' could not be found (are you missing a using directive or an assembly reference?)
88>D:\Work\IOS-IG-SimHost-FDP-2\Hrot\Subsystems\Hrot.IG\IgNodeBootstrapper.cs(59,22,59,52): error CS0246: The type or namespace name 'IDiagnosticEventHistoryService' could not be found (are you missing a using directive or an assembly reference?)
88>D:\Work\IOS-IG-SimHost-FDP-2\Hrot\Subsystems\Hrot.IG\IgRoleComponentRegistry.cs(22,36,22,52): error CS0246: The type or namespace name 'EntityRepository' could not be found (are you missing a using directive or an assembly reference?)
88>D:\Work\IOS-IG-SimHost-FDP-2\Hrot\Subsystems\Hrot.IG\IgNodeBootstrapper.cs(60,22,60,36): error CS0246: The type or namespace name 'HrotNodeConfig' could not be found (are you missing a using directive or an assembly reference?)
88>D:\Work\IOS-IG-SimHost-FDP-2\Hrot\Subsystems\Hrot.IG\Gizmos\EqsSensorGizmo.cs(16,26,16,47): error CS0246: The type or namespace name 'GizmoSettingsRegistry' could not be found (are you missing a using directive or an assembly reference?)
88>D:\Work\IOS-IG-SimHost-FDP-2\Hrot\Subsystems\Hrot.IG\IgSequentialIdAllocator.cs(17,49,17,68): error CS0246: The type or namespace name 'INetworkIdAllocator' could not be found (are you missing a using directive or an assembly reference?)
88>D:\Work\IOS-IG-SimHost-FDP-2\Hrot\Subsystems\Hrot.IG\Gizmos\GlobalDebugSettingsPanel.cs(21,33,21,48): error CS0246: The type or namespace name 'ISimulationView' could not be found (are you missing a using directive or an assembly reference?)
88>D:\Work\IOS-IG-SimHost-FDP-2\Hrot\Subsystems\Hrot.IG\Gizmos\GlobalDebugSettingsPanel.cs(21,55,21,75): error CS0246: The type or namespace name 'IEntityCommandBuffer' could not be found (are you missing a using directive or an assembly reference?)
88>D:\Work\IOS-IG-SimHost-FDP-2\Hrot\Subsystems\Hrot.IG\Gizmos\EqsSensorGizmo.cs(21,31,21,52): error CS0246: The type or namespace name 'GizmoSettingsRegistry' could not be found (are you missing a using directive or an assembly reference?)
88>D:\Work\IOS-IG-SimHost-FDP-2\Hrot\Subsystems\Hrot.IG\IgNodeBootstrapper.cs(66,12,66,29): error CS0246: The type or namespace name 'IIgNetworkAdapter' could not be found (are you missing a using directive or an assembly reference?)
88>D:\Work\IOS-IG-SimHost-FDP-2\Hrot\Subsystems\Hrot.IG\IgNodeBootstrapper.cs(69,17,69,21): error CS0234: The type or namespace name 'Core' does not exist in the namespace 'Hrot' (are you missing an assembly reference?)
88>D:\Work\IOS-IG-SimHost-FDP-2\Hrot\Subsystems\Hrot.IG\IgApplication.cs(476,12,476,28): error CS0246: The type or namespace name 'ModuleHostKernel' could not be found (are you missing a using directive or an assembly reference?)
88>D:\Work\IOS-IG-SimHost-FDP-2\Hrot\Subsystems\Hrot.IG\Gizmos\EqsSensorGizmo.cs(32,26,32,41): error CS0246: The type or namespace name 'ISimulationView' could not be found (are you missing a using directive or an assembly reference?)
88>D:\Work\IOS-IG-SimHost-FDP-2\Hrot\Subsystems\Hrot.IG\Gizmos\EqsSensorGizmo.cs(32,48,32,54): error CS0246: The type or namespace name 'Entity' could not be found (are you missing a using directive or an assembly reference?)
88>D:\Work\IOS-IG-SimHost-FDP-2\Hrot\Subsystems\Hrot.IG\Gizmos\EqsSensorGizmo.cs(32,63,32,80): error CS0246: The type or namespace name 'IDebugDrawBuilder' could not be found (are you missing a using directive or an assembly reference?)
88>D:\Work\IOS-IG-SimHost-FDP-2\Hrot\Subsystems\Hrot.IG\IgNodeBootstrapper.cs(72,12,72,23): error CS0246: The type or namespace name 'FdpEventBus' could not be found (are you missing a using directive or an assembly reference?)
88>D:\Work\IOS-IG-SimHost-FDP-2\Hrot\Subsystems\Hrot.IG\Gizmos\IGCapabilitiesAnnounce.cs(14,16,14,30): error CS0246: The type or namespace name 'PipelineTarget' could not be found (are you missing a using directive or an assembly reference?)
88>D:\Work\IOS-IG-SimHost-FDP-2\Hrot\Subsystems\Hrot.IG\Gizmos\IGCapabilitiesPublisherSystem.cs(11,57,11,73): error CS0246: The type or namespace name 'IEcsModuleSystem' could not be found (are you missing a using directive or an assembly reference?)
88>D:\Work\IOS-IG-SimHost-FDP-2\Hrot\Subsystems\Hrot.IG\IgApplication.cs(478,12,478,25): error CS0246: The type or namespace name 'GizmoRegistry' could not be found (are you missing a using directive or an assembly reference?)
88>D:\Work\IOS-IG-SimHost-FDP-2\Hrot\Subsystems\Hrot.IG\IgNodeBootstrapper.cs(75,12,75,33): error CS0246: The type or namespace name 'NodeOpSlaveTranslator' could not be found (are you missing a using directive or an assembly reference?)
88>D:\Work\IOS-IG-SimHost-FDP-2\Hrot\Subsystems\Hrot.IG\IgSubsystem.cs(30,39,30,49): error CS0246: The type or namespace name 'ISubsystem' could not be found (are you missing a using directive or an assembly reference?)
88>D:\Work\IOS-IG-SimHost-FDP-2\Hrot\Subsystems\Hrot.IG\IgSubsystem.cs(30,51,30,69): error CS0246: The type or namespace name 'IMapCameraProvider' could not be found (are you missing a using directive or an assembly reference?)
88>D:\Work\IOS-IG-SimHost-FDP-2\Hrot\Subsystems\Hrot.IG\IgSubsystem.cs(30,71,30,87): error CS0246: The type or namespace name 'IWindowRegistrar' could not be found (are you missing a using directive or an assembly reference?)
88>D:\Work\IOS-IG-SimHost-FDP-2\Hrot\Subsystems\Hrot.IG\IgSubsystem.cs(30,94,30,100): error CS0234: The type or namespace name 'Common' does not exist in the namespace 'Hrot' (are you missing an assembly reference?)
88>D:\Work\IOS-IG-SimHost-FDP-2\Hrot\Subsystems\Hrot.IG\IgNodeBootstrapper.cs(78,12,78,29): error CS0246: The type or namespace name 'MigrationServices' could not be found (are you missing a using directive or an assembly reference?)
88>D:\Work\IOS-IG-SimHost-FDP-2\Hrot\Subsystems\Hrot.IG\IgNodeBootstrapper.cs(85,19,85,34): error CS0246: The type or namespace name 'HrotNodeContext' could not be found (are you missing a using directive or an assembly reference?)
88>D:\Work\IOS-IG-SimHost-FDP-2\Hrot\Subsystems\Hrot.IG\IgApplication.cs(480,14,480,34): error CS0246: The type or namespace name 'DebugPrimitiveBuffer' could not be found (are you missing a using directive or an assembly reference?)
88>D:\Work\IOS-IG-SimHost-FDP-2\Hrot\Subsystems\Hrot.IG\IgSubsystem.cs(42,31,42,35): error CS0234: The type or namespace name 'Core' does not exist in the namespace 'Hrot' (are you missing an assembly reference?)
88>D:\Work\IOS-IG-SimHost-FDP-2\Hrot\Subsystems\Hrot.IG\IgSubsystem.cs(48,33,48,37): error CS0234: The type or namespace name 'Core' does not exist in the namespace 'Hrot' (are you missing an assembly reference?)
88>D:\Work\IOS-IG-SimHost-FDP-2\Hrot\Subsystems\Hrot.IG\Gizmos\MeasureToolGizmoAdapter.cs(37,18,37,30): error CS0246: The type or namespace name 'MeasureGizmo' could not be found (are you missing a using directive or an assembly reference?)
88>D:\Work\IOS-IG-SimHost-FDP-2\Hrot\Subsystems\Hrot.IG\Gizmos\MeasureToolGizmoAdapter.cs(79,32,79,44): error CS0246: The type or namespace name 'MeasureGizmo' could not be found (are you missing a using directive or an assembly reference?)
88>D:\Work\IOS-IG-SimHost-FDP-2\Hrot\Subsystems\Hrot.IG\IgSubsystem.cs(59,16,59,29): error CS0246: The type or namespace name 'MapCameraView' could not be found (are you missing a using directive or an assembly reference?)
88>D:\Work\IOS-IG-SimHost-FDP-2\Hrot\Subsystems\Hrot.IG\Gizmos\IGCapabilitiesPublisherSystem.cs(10,6,10,19): error CS0246: The type or namespace name 'UpdateInPhaseAttribute' could not be found (are you missing a using directive or an assembly reference?)
88>D:\Work\IOS-IG-SimHost-FDP-2\Hrot\Subsystems\Hrot.IG\Gizmos\IGCapabilitiesPublisherSystem.cs(10,6,10,19): error CS0246: The type or namespace name 'UpdateInPhase' could not be found (are you missing a using directive or an assembly reference?)
88>D:\Work\IOS-IG-SimHost-FDP-2\Hrot\Subsystems\Hrot.IG\Gizmos\IGCapabilitiesPublisherSystem.cs(10,20,10,31): error CS0103: The name 'SystemPhase' does not exist in the current context
88>D:\Work\IOS-IG-SimHost-FDP-2\Hrot\Subsystems\Hrot.IG\Components\ContextMenuState.cs(16,2,16,13): error CS0246: The type or namespace name 'ComponentIdAttribute' could not be found (are you missing a using directive or an assembly reference?)
88>D:\Work\IOS-IG-SimHost-FDP-2\Hrot\Subsystems\Hrot.IG\Components\ContextMenuState.cs(16,2,16,13): error CS0246: The type or namespace name 'ComponentId' could not be found (are you missing a using directive or an assembly reference?)
88>D:\Work\IOS-IG-SimHost-FDP-2\Hrot\Subsystems\Hrot.IG\Components\ContextMenuState.cs(16,14,16,32): error CS0103: The name 'GlobalComponentIds' does not exist in the current context
88>D:\Work\IOS-IG-SimHost-FDP-2\Hrot\Subsystems\Hrot.IG\IgBootstrapperHelpers.cs(15,2,15,15): error CS0246: The type or namespace name 'UpdateInPhaseAttribute' could not be found (are you missing a using directive or an assembly reference?)
88>D:\Work\IOS-IG-SimHost-FDP-2\Hrot\Subsystems\Hrot.IG\IgBootstrapperHelpers.cs(15,2,15,15): error CS0246: The type or namespace name 'UpdateInPhase' could not be found (are you missing a using directive or an assembly reference?)
88>D:\Work\IOS-IG-SimHost-FDP-2\Hrot\Subsystems\Hrot.IG\IgBootstrapperHelpers.cs(15,16,15,27): error CS0103: The name 'SystemPhase' does not exist in the current context
88>D:\Work\IOS-IG-SimHost-FDP-2\Hrot\Subsystems\Hrot.IG\Gizmos\MeasureToolGizmoAdapter.cs(16,26,16,44): error CS0246: The type or namespace name 'GlobalGizmoManager' could not be found (are you missing a using directive or an assembly reference?)
88>D:\Work\IOS-IG-SimHost-FDP-2\Hrot\Subsystems\Hrot.IG\IgSubsystem.cs(62,37,62,50): error CS0246: The type or namespace name 'MapCameraView' could not be found (are you missing a using directive or an assembly reference?)
88>D:\Work\IOS-IG-SimHost-FDP-2\Hrot\Subsystems\Hrot.IG\IgApplication.cs(486,12,486,32): error CS0246: The type or namespace name 'MapPickServiceBridge' could not be found (are you missing a using directive or an assembly reference?)
88>D:\Work\IOS-IG-SimHost-FDP-2\Hrot\Subsystems\Hrot.IG\IgBootstrapperHelpers.cs(18,22,18,38): error CS0246: The type or namespace name 'NetworkEntityMap' could not be found (are you missing a using directive or an assembly reference?)
88>D:\Work\IOS-IG-SimHost-FDP-2\Hrot\Subsystems\Hrot.IG\Gizmos\IGCapabilitiesPublisherSystem.cs(15,26,15,40): error CS0246: The type or namespace name 'PipelineTarget' could not be found (are you missing a using directive or an assembly reference?)
88>D:\Work\IOS-IG-SimHost-FDP-2\Hrot\Subsystems\Hrot.IG\Gizmos\MeasureToolGizmoAdapter.cs(17,26,17,47): error CS0246: The type or namespace name 'GizmoSettingsRegistry' could not be found (are you missing a using directive or an assembly reference?)
88>D:\Work\IOS-IG-SimHost-FDP-2\Hrot\Subsystems\Hrot.IG\Components\VisualEffectState.cs(83,2,83,13): error CS0246: The type or namespace name 'ComponentIdAttribute' could not be found (are you missing a using directive or an assembly reference?)
88>D:\Work\IOS-IG-SimHost-FDP-2\Hrot\Subsystems\Hrot.IG\Components\VisualEffectState.cs(83,2,83,13): error CS0246: The type or namespace name 'ComponentId' could not be found (are you missing a using directive or an assembly reference?)
88>D:\Work\IOS-IG-SimHost-FDP-2\Hrot\Subsystems\Hrot.IG\Components\VisualEffectState.cs(83,14,83,32): error CS0103: The name 'GlobalComponentIds' does not exist in the current context
88>D:\Work\IOS-IG-SimHost-FDP-2\Hrot\Subsystems\Hrot.IG\Components\VisualEffectState.cs(28,2,28,13): error CS0246: The type or namespace name 'ComponentIdAttribute' could not be found (are you missing a using directive or an assembly reference?)
88>D:\Work\IOS-IG-SimHost-FDP-2\Hrot\Subsystems\Hrot.IG\Components\VisualEffectState.cs(28,2,28,13): error CS0246: The type or namespace name 'ComponentId' could not be found (are you missing a using directive or an assembly reference?)
88>D:\Work\IOS-IG-SimHost-FDP-2\Hrot\Subsystems\Hrot.IG\Components\VisualEffectState.cs(28,14,28,32): error CS0103: The name 'GlobalComponentIds' does not exist in the current context
88>D:\Work\IOS-IG-SimHost-FDP-2\Hrot\Subsystems\Hrot.IG\IgSubsystem.cs(65,16,65,25): error CS0246: The type or namespace name 'MapCamera' could not be found (are you missing a using directive or an assembly reference?)
88>D:\Work\IOS-IG-SimHost-FDP-2\Hrot\Subsystems\Hrot.IG\IgBootstrapperHelpers.cs(20,35,20,51): error CS0246: The type or namespace name 'NetworkEntityMap' could not be found (are you missing a using directive or an assembly reference?)
88>D:\Work\IOS-IG-SimHost-FDP-2\Hrot\Subsystems\Hrot.IG\IgApplication.cs(559,14,559,18): error CS0234: The type or namespace name 'Core' does not exist in the namespace 'Hrot' (are you missing an assembly reference?)
88>D:\Work\IOS-IG-SimHost-FDP-2\Hrot\Subsystems\Hrot.IG\IgApplication.cs(560,14,560,18): error CS0234: The type or namespace name 'Core' does not exist in the namespace 'Hrot' (are you missing an assembly reference?)
88>D:\Work\IOS-IG-SimHost-FDP-2\Hrot\Subsystems\Hrot.IG\Components\HistoryTrail.cs(29,2,29,13): error CS0246: The type or namespace name 'ComponentIdAttribute' could not be found (are you missing a using directive or an assembly reference?)
88>D:\Work\IOS-IG-SimHost-FDP-2\Hrot\Subsystems\Hrot.IG\Components\HistoryTrail.cs(29,2,29,13): error CS0246: The type or namespace name 'ComponentId' could not be found (are you missing a using directive or an assembly reference?)
88>D:\Work\IOS-IG-SimHost-FDP-2\Hrot\Subsystems\Hrot.IG\Components\HistoryTrail.cs(29,14,29,32): error CS0103: The name 'GlobalComponentIds' does not exist in the current context
88>D:\Work\IOS-IG-SimHost-FDP-2\Hrot\Subsystems\Hrot.IG\Gizmos\MeasureToolGizmoAdapter.cs(24,17,24,29): error CS0246: The type or namespace name 'MeasureGizmo' could not be found (are you missing a using directive or an assembly reference?)
88>D:\Work\IOS-IG-SimHost-FDP-2\Hrot\Subsystems\Hrot.IG\Gizmos\IGCapabilitiesPublisherSystem.cs(21,13,21,27): error CS0246: The type or namespace name 'PipelineTarget' could not be found (are you missing a using directive or an assembly reference?)
88>D:\Work\IOS-IG-SimHost-FDP-2\Hrot\Subsystems\Hrot.IG\IgBootstrapperHelpers.cs(25,25,25,40): error CS0246: The type or namespace name 'ISimulationView' could not be found (are you missing a using directive or an assembly reference?)
88>D:\Work\IOS-IG-SimHost-FDP-2\Hrot\Subsystems\Hrot.IG\IgSubsystem.cs(68,16,68,19): error CS0246: The type or namespace name 'Fdp' could not be found (are you missing a using directive or an assembly reference?)
88>D:\Work\IOS-IG-SimHost-FDP-2\Hrot\Subsystems\Hrot.IG\IgNodeBootstrapper.cs(88,9,88,24): error CS0246: The type or namespace name 'INetworkFactory' could not be found (are you missing a using directive or an assembly reference?)
88>D:\Work\IOS-IG-SimHost-FDP-2\Hrot\Subsystems\Hrot.IG\IgNodeBootstrapper.cs(91,9,91,23): error CS0246: The type or namespace name 'IIgTranslators' could not be found (are you missing a using directive or an assembly reference?)
88>D:\Work\IOS-IG-SimHost-FDP-2\Hrot\Subsystems\Hrot.IG\IgNodeBootstrapper.cs(94,9,94,39): error CS0246: The type or namespace name 'IDiagnosticEventHistoryService' could not be found (are you missing a using directive or an assembly reference?)
88>D:\Work\IOS-IG-SimHost-FDP-2\Hrot\Subsystems\Hrot.IG\IgNodeBootstrapper.cs(95,9,95,23): error CS0246: The type or namespace name 'HrotNodeConfig' could not be found (are you missing a using directive or an assembly reference?)
88>D:\Work\IOS-IG-SimHost-FDP-2\Hrot\Subsystems\Hrot.IG\Gizmos\IGCapabilitiesPublisherSystem.cs(28,29,28,44): error CS0246: The type or namespace name 'ISimulationView' could not be found (are you missing a using directive or an assembly reference?)
88>D:\Work\IOS-IG-SimHost-FDP-2\Hrot\Subsystems\Hrot.IG\IgApplication.cs(889,12,889,28): error CS0246: The type or namespace name 'EntityRepository' could not be found (are you missing a using directive or an assembly reference?)
88>D:\Work\IOS-IG-SimHost-FDP-2\Hrot\Subsystems\Hrot.IG\IgSubsystem.cs(71,32,71,47): error CS0246: The type or namespace name 'SubsystemConfig' could not be found (are you missing a using directive or an assembly reference?)
88>D:\Work\IOS-IG-SimHost-FDP-2\Hrot\Subsystems\Hrot.IG\Gizmos\MeasureToolGizmoAdapter.cs(27,13,27,31): error CS0246: The type or namespace name 'GlobalGizmoManager' could not be found (are you missing a using directive or an assembly reference?)
88>D:\Work\IOS-IG-SimHost-FDP-2\Hrot\Subsystems\Hrot.IG\Gizmos\MeasureToolGizmoAdapter.cs(28,13,28,34): error CS0246: The type or namespace name 'GizmoSettingsRegistry' could not be found (are you missing a using directive or an assembly reference?)
88>D:\Work\IOS-IG-SimHost-FDP-2\Hrot\Subsystems\Hrot.IG\Modules\EventEffectModule.cs(23,34,23,44): error CS0246: The type or namespace name 'IEcsModule' could not be found (are you missing a using directive or an assembly reference?)
88>D:\Work\IOS-IG-SimHost-FDP-2\Hrot\Subsystems\Hrot.IG\IgSubsystem.cs(111,37,111,40): error CS0246: The type or namespace name 'Fdp' could not be found (are you missing a using directive or an assembly reference?)
88>D:\Work\IOS-IG-SimHost-FDP-2\Hrot\Subsystems\Hrot.IG\Gizmos\IGCapabilitiesPublisherSystem.cs(21,47,21,61): error CS0103: The name 'PipelineTarget' does not exist in the current context
88>D:\Work\IOS-IG-SimHost-FDP-2\Hrot\Subsystems\Hrot.IG\IgApplication.cs(1137,12,1137,21): error CS0246: The type or namespace name 'MapCamera' could not be found (are you missing a using directive or an assembly reference?)
88>D:\Work\IOS-IG-SimHost-FDP-2\Hrot\Subsystems\Hrot.IG\Gizmos\MeasureToolGizmoSettings.cs(13,37,13,58): error CS0246: The type or namespace name 'GizmoSettingsRegistry' could not be found (are you missing a using directive or an assembly reference?)
88>D:\Work\IOS-IG-SimHost-FDP-2\Hrot\Subsystems\Hrot.IG\Modules\EventEffectModule.cs(26,12,26,27): error CS0246: The type or namespace name 'ExecutionPolicy' could not be found (are you missing a using directive or an assembly reference?)
88>D:\Work\IOS-IG-SimHost-FDP-2\Hrot\Subsystems\Hrot.IG\Gizmos\ProjectilePresentationGizmo.cs(13,55,13,70): error CS0246: The type or namespace name 'IStatelessGizmo' could not be found (are you missing a using directive or an assembly reference?)
88>D:\Work\IOS-IG-SimHost-FDP-2\Hrot\Subsystems\Hrot.IG\Modules\EventEffectModule.cs(32,33,32,48): error CS0246: The type or namespace name 'ISystemRegistry' could not be found (are you missing a using directive or an assembly reference?)
88>D:\Work\IOS-IG-SimHost-FDP-2\Hrot\Subsystems\Hrot.IG\IgNodeBootstrapper.cs(110,53,110,67): error CS0246: The type or namespace name 'HrotNodeConfig' could not be found (are you missing a using directive or an assembly reference?)
88>D:\Work\IOS-IG-SimHost-FDP-2\Hrot\Subsystems\Hrot.IG\IgNodeBootstrapper.cs(110,76,110,84): error CS0246: The type or namespace name 'NodeRole' could not be found (are you missing a using directive or an assembly reference?)
88>D:\Work\IOS-IG-SimHost-FDP-2\Hrot\Subsystems\Hrot.IG\IgNodeBootstrapper.cs(110,91,110,106): error CS0246: The type or namespace name 'INetworkFactory' could not be found (are you missing a using directive or an assembly reference?)
88>D:\Work\IOS-IG-SimHost-FDP-2\Hrot\Subsystems\Hrot.IG\IgNodeBootstrapper.cs(110,24,110,39): error CS0246: The type or namespace name 'HrotNodeContext' could not be found (are you missing a using directive or an assembly reference?)
88>D:\Work\IOS-IG-SimHost-FDP-2\Hrot\Subsystems\Hrot.IG\IgApplication.cs(1464,13,1464,19): error CS0246: The type or namespace name 'Entity' could not be found (are you missing a using directive or an assembly reference?)
88>D:\Work\IOS-IG-SimHost-FDP-2\Hrot\Subsystems\Hrot.IG\Modules\EventEffectModule.cs(39,22,39,37): error CS0246: The type or namespace name 'ISimulationView' could not be found (are you missing a using directive or an assembly reference?)
88>D:\Work\IOS-IG-SimHost-FDP-2\Hrot\Subsystems\Hrot.IG\Services\IgCapabilitiesPublisher.cs(30,32,30,49): error CS0246: The type or namespace name 'IIgNetworkAdapter' could not be found (are you missing a using directive or an assembly reference?)
88>D:\Work\IOS-IG-SimHost-FDP-2\Hrot\Subsystems\Hrot.IG\IgNodeBootstrapper.cs(130,54,130,70): error CS0246: The type or namespace name 'EntityRepository' could not be found (are you missing a using directive or an assembly reference?)
88>D:\Work\IOS-IG-SimHost-FDP-2\Hrot\Subsystems\Hrot.IG\Gizmos\ProjectilePresentationGizmo.cs(12,6,12,20): error CS0246: The type or namespace name 'GizmoProjectorAttribute' could not be found (are you missing a using directive or an assembly reference?)
88>D:\Work\IOS-IG-SimHost-FDP-2\Hrot\Subsystems\Hrot.IG\Gizmos\ProjectilePresentationGizmo.cs(12,6,12,20): error CS0246: The type or namespace name 'GizmoProjector' could not be found (are you missing a using directive or an assembly reference?)
88>D:\Work\IOS-IG-SimHost-FDP-2\Hrot\Subsystems\Hrot.IG\Gizmos\ProjectilePresentationGizmo.cs(12,28,12,47): error CS0246: The type or namespace name 'BallisticProjectile' could not be found (are you missing a using directive or an assembly reference?)
88>D:\Work\IOS-IG-SimHost-FDP-2\Hrot\Subsystems\Hrot.IG\Gizmos\ProjectilePresentationGizmo.cs(12,57,12,69): error CS0246: The type or namespace name 'SimTransform' could not be found (are you missing a using directive or an assembly reference?)
88>D:\Work\IOS-IG-SimHost-FDP-2\Hrot\Subsystems\Hrot.IG\Modules\HistoryTrailModule.cs(13,35,13,45): error CS0246: The type or namespace name 'IEcsModule' could not be found (are you missing a using directive or an assembly reference?)
88>D:\Work\IOS-IG-SimHost-FDP-2\Hrot\Subsystems\Hrot.IG\IgApplication.cs(1493,36,1493,42): error CS0246: The type or namespace name 'Entity' could not be found (are you missing a using directive or an assembly reference?)
88>D:\Work\IOS-IG-SimHost-FDP-2\Hrot\Subsystems\Hrot.IG\Systems\ContextMenuSystem.cs(44,34,44,50): error CS0246: The type or namespace name 'IEcsModuleSystem' could not be found (are you missing a using directive or an assembly reference?)
88>D:\Work\IOS-IG-SimHost-FDP-2\Hrot\Subsystems\Hrot.IG\Gizmos\ProjectilePresentationGizmo.cs(15,33,15,39): error CS0246: The type or namespace name 'Rgba32' could not be found (are you missing a using directive or an assembly reference?)
88>D:\Work\IOS-IG-SimHost-FDP-2\Hrot\Subsystems\Hrot.IG\Modules\HistoryTrailModule.cs(16,12,16,27): error CS0246: The type or namespace name 'ExecutionPolicy' could not be found (are you missing a using directive or an assembly reference?)
88>D:\Work\IOS-IG-SimHost-FDP-2\Hrot\Subsystems\Hrot.IG\IgNodeBootstrapper.cs(149,59,149,75): error CS0246: The type or namespace name 'BehaviorRegistry' could not be found (are you missing a using directive or an assembly reference?)
88>D:\Work\IOS-IG-SimHost-FDP-2\Hrot\Subsystems\Hrot.IG\IgNodeBootstrapper.cs(149,24,149,42): error CS0246: The type or namespace name 'ScenarioSerializer' could not be found (are you missing a using directive or an assembly reference?)
88>D:\Work\IOS-IG-SimHost-FDP-2\Hrot\Subsystems\Hrot.IG\IgApplication.cs(1614,14,1614,17): error CS0246: The type or namespace name 'Fdp' could not be found (are you missing a using directive or an assembly reference?)
88>D:\Work\IOS-IG-SimHost-FDP-2\Hrot\Subsystems\Hrot.IG\IgApplication.cs(1624,19,1624,25): error CS0234: The type or namespace name 'Common' does not exist in the namespace 'Hrot' (are you missing an assembly reference?)
88>D:\Work\IOS-IG-SimHost-FDP-2\Hrot\Subsystems\Hrot.IG\Modules\HistoryTrailModule.cs(21,33,21,48): error CS0246: The type or namespace name 'ISystemRegistry' could not be found (are you missing a using directive or an assembly reference?)
88>D:\Work\IOS-IG-SimHost-FDP-2\Hrot\Subsystems\Hrot.IG\Modules\HistoryTrailModule.cs(25,22,25,37): error CS0246: The type or namespace name 'ISimulationView' could not be found (are you missing a using directive or an assembly reference?)
88>D:\Work\IOS-IG-SimHost-FDP-2\Hrot\Subsystems\Hrot.IG\Gizmos\ProjectilePresentationGizmo.cs(17,26,17,41): error CS0246: The type or namespace name 'ISimulationView' could not be found (are you missing a using directive or an assembly reference?)
88>D:\Work\IOS-IG-SimHost-FDP-2\Hrot\Subsystems\Hrot.IG\Gizmos\ProjectilePresentationGizmo.cs(17,48,17,54): error CS0246: The type or namespace name 'Entity' could not be found (are you missing a using directive or an assembly reference?)
88>D:\Work\IOS-IG-SimHost-FDP-2\Hrot\Subsystems\Hrot.IG\Gizmos\ProjectilePresentationGizmo.cs(17,63,17,80): error CS0246: The type or namespace name 'IDebugDrawBuilder' could not be found (are you missing a using directive or an assembly reference?)
88>D:\Work\IOS-IG-SimHost-FDP-2\Hrot\Subsystems\Hrot.IG\IgApplication.cs(1764,55,1764,58): error CS0246: The type or namespace name 'Fdp' could not be found (are you missing a using directive or an assembly reference?)
88>D:\Work\IOS-IG-SimHost-FDP-2\Hrot\Subsystems\Hrot.IG\IgNodeBootstrapper.cs(156,9,156,24): error CS0246: The type or namespace name 'HrotNodeContext' could not be found (are you missing a using directive or an assembly reference?)
88>D:\Work\IOS-IG-SimHost-FDP-2\Hrot\Subsystems\Hrot.IG\IgNodeBootstrapper.cs(157,14,157,30): error CS0246: The type or namespace name 'IEcsModuleSystem' could not be found (are you missing a using directive or an assembly reference?)
88>D:\Work\IOS-IG-SimHost-FDP-2\Hrot\Subsystems\Hrot.IG\IgNodeBootstrapper.cs(158,14,158,30): error CS0246: The type or namespace name 'IEcsModuleSystem' could not be found (are you missing a using directive or an assembly reference?)
88>D:\Work\IOS-IG-SimHost-FDP-2\Hrot\Subsystems\Hrot.IG\IgNodeBootstrapper.cs(159,14,159,30): error CS0246: The type or namespace name 'IEcsModuleSystem' could not be found (are you missing a using directive or an assembly reference?)
88>D:\Work\IOS-IG-SimHost-FDP-2\Hrot\Subsystems\Hrot.IG\Modules\IgGroundClampingModule.cs(28,50,28,60): error CS0246: The type or namespace name 'IEcsModule' could not be found (are you missing a using directive or an assembly reference?)
88>D:\Work\IOS-IG-SimHost-FDP-2\Hrot\Subsystems\Hrot.IG\Translators\PresentationTkbTranslator.cs(20,53,20,73): error CS0246: The type or namespace name 'ITkbEntityTranslator' could not be found (are you missing a using directive or an assembly reference?)
88>D:\Work\IOS-IG-SimHost-FDP-2\Hrot\Subsystems\Hrot.IG\Systems\ContextMenuSystem.cs(43,2,43,15): error CS0246: The type or namespace name 'UpdateInPhaseAttribute' could not be found (are you missing a using directive or an assembly reference?)
88>D:\Work\IOS-IG-SimHost-FDP-2\Hrot\Subsystems\Hrot.IG\Systems\ContextMenuSystem.cs(43,2,43,15): error CS0246: The type or namespace name 'UpdateInPhase' could not be found (are you missing a using directive or an assembly reference?)
88>D:\Work\IOS-IG-SimHost-FDP-2\Hrot\Subsystems\Hrot.IG\Systems\ContextMenuSystem.cs(43,16,43,27): error CS0103: The name 'SystemPhase' does not exist in the current context
88>D:\Work\IOS-IG-SimHost-FDP-2\Hrot\Subsystems\Hrot.IG\IgNodeBootstrapper.cs(168,36,168,46): error CS0246: The type or namespace name 'IEcsModule' could not be found (are you missing a using directive or an assembly reference?)
88>D:\Work\IOS-IG-SimHost-FDP-2\Hrot\Subsystems\Hrot.IG\Modules\IgGroundClampingModule.cs(30,26,30,42): error CS0246: The type or namespace name 'ITerrainProvider' could not be found (are you missing a using directive or an assembly reference?)
88>D:\Work\IOS-IG-SimHost-FDP-2\Hrot\Subsystems\Hrot.IG\Systems\ContextMenuSystem.cs(55,13,55,19): error CS0246: The type or namespace name 'Entity' could not be found (are you missing a using directive or an assembly reference?)
88>D:\Work\IOS-IG-SimHost-FDP-2\Hrot\Subsystems\Hrot.IG\IgApplication.cs(1796,63,1796,70): error CS0246: The type or namespace name 'ForceId' could not be found (are you missing a using directive or an assembly reference?)
88>D:\Work\IOS-IG-SimHost-FDP-2\Hrot\Subsystems\Hrot.IG\Modules\IgGroundClampingModule.cs(33,16,33,31): error CS0246: The type or namespace name 'ExecutionPolicy' could not be found (are you missing a using directive or an assembly reference?)
88>D:\Work\IOS-IG-SimHost-FDP-2\Hrot\Subsystems\Hrot.IG\Translators\PresentationTkbTranslator.cs(27,28,27,44): error CS0246: The type or namespace name 'EntityRepository' could not be found (are you missing a using directive or an assembly reference?)
88>D:\Work\IOS-IG-SimHost-FDP-2\Hrot\Subsystems\Hrot.IG\Translators\PresentationTkbTranslator.cs(27,51,27,57): error CS0246: The type or namespace name 'Entity' could not be found (are you missing a using directive or an assembly reference?)
88>D:\Work\IOS-IG-SimHost-FDP-2\Hrot\Subsystems\Hrot.IG\Translators\PresentationTkbTranslator.cs(27,66,27,77): error CS0246: The type or namespace name 'TkbTemplate' could not be found (are you missing a using directive or an assembly reference?)
88>D:\Work\IOS-IG-SimHost-FDP-2\Hrot\Subsystems\Hrot.IG\Systems\ContextMenuSystem.cs(60,13,60,19): error CS0246: The type or namespace name 'Entity' could not be found (are you missing a using directive or an assembly reference?)
88>D:\Work\IOS-IG-SimHost-FDP-2\Hrot\Subsystems\Hrot.IG\Translators\PresentationTkbTranslator.cs(54,24,54,31): error CS0246: The type or namespace name 'ForceId' could not be found (are you missing a using directive or an assembly reference?)
88>D:\Work\IOS-IG-SimHost-FDP-2\Hrot\Subsystems\Hrot.IG\Systems\ContextMenuSystem.cs(69,12,69,18): error CS0246: The type or namespace name 'Entity' could not be found (are you missing a using directive or an assembly reference?)
88>D:\Work\IOS-IG-SimHost-FDP-2\Hrot\Subsystems\Hrot.IG\Modules\IgGroundClampingModule.cs(38,39,38,55): error CS0246: The type or namespace name 'ITerrainProvider' could not be found (are you missing a using directive or an assembly reference?)
88>D:\Work\IOS-IG-SimHost-FDP-2\Hrot\Subsystems\Hrot.IG\Systems\ContextMenuSystem.cs(82,25,82,40): error CS0246: The type or namespace name 'ISimulationView' could not be found (are you missing a using directive or an assembly reference?)
88>D:\Work\IOS-IG-SimHost-FDP-2\Hrot\Subsystems\Hrot.IG\Modules\IgGroundClampingModule.cs(44,37,44,52): error CS0246: The type or namespace name 'ISystemRegistry' could not be found (are you missing a using directive or an assembly reference?)
88>D:\Work\IOS-IG-SimHost-FDP-2\Hrot\Subsystems\Hrot.IG\IgNodeBootstrapper.cs(191,9,191,24): error CS0246: The type or namespace name 'HrotNodeContext' could not be found (are you missing a using directive or an assembly reference?)
88>D:\Work\IOS-IG-SimHost-FDP-2\Hrot\Subsystems\Hrot.IG\IgNodeBootstrapper.cs(192,9,192,33): error CS0246: The type or namespace name 'TogglableSimulationGroup' could not be found (are you missing a using directive or an assembly reference?)
88>D:\Work\IOS-IG-SimHost-FDP-2\Hrot\Subsystems\Hrot.IG\IgNodeBootstrapper.cs(193,9,193,37): error CS0246: The type or namespace name 'TogglablePostSimulationGroup' could not be found (are you missing a using directive or an assembly reference?)
88>D:\Work\IOS-IG-SimHost-FDP-2\Hrot\Subsystems\Hrot.IG\IgNodeBootstrapper.cs(194,9,194,27): error CS0246: The type or namespace name 'ScenarioSerializer' could not be found (are you missing a using directive or an assembly reference?)
88>D:\Work\IOS-IG-SimHost-FDP-2\Hrot\Subsystems\Hrot.IG\IgNodeBootstrapper.cs(190,24,190,36): error CS0246: The type or namespace name 'ClusterSlave' could not be found (are you missing a using directive or an assembly reference?)
88>D:\Work\IOS-IG-SimHost-FDP-2\Hrot\Subsystems\Hrot.IG\IgApplication.cs(1834,23,1834,30): error CS0246: The type or namespace name 'ForceId' could not be found (are you missing a using directive or an assembly reference?)
88>D:\Work\IOS-IG-SimHost-FDP-2\Hrot\Subsystems\Hrot.IG\Modules\IgGroundClampingModule.cs(53,26,53,41): error CS0246: The type or namespace name 'ISimulationView' could not be found (are you missing a using directive or an assembly reference?)
88>D:\Work\IOS-IG-SimHost-FDP-2\Hrot\Subsystems\Hrot.IG\Systems\ContextMenuSystem.cs(224,47,224,53): error CS0246: The type or namespace name 'Entity' could not be found (are you missing a using directive or an assembly reference?)
88>D:\Work\IOS-IG-SimHost-FDP-2\Hrot\Subsystems\Hrot.IG\IgNodeBootstrapper.cs(279,54,279,69): error CS0246: The type or namespace name 'HrotNodeContext' could not be found (are you missing a using directive or an assembly reference?)
88>D:\Work\IOS-IG-SimHost-FDP-2\Hrot\Subsystems\Hrot.IG\Systems\ContextMenuSystem.cs(233,45,233,51): error CS0246: The type or namespace name 'Entity' could not be found (are you missing a using directive or an assembly reference?)
88>D:\Work\IOS-IG-SimHost-FDP-2\Hrot\Subsystems\Hrot.IG\Modules\MapCullingModule.cs(13,33,13,43): error CS0246: The type or namespace name 'IEcsModule' could not be found (are you missing a using directive or an assembly reference?)
88>D:\Work\IOS-IG-SimHost-FDP-2\Hrot\Subsystems\Hrot.IG\Systems\ContextMenuSystem.cs(241,29,241,35): error CS0246: The type or namespace name 'Entity' could not be found (are you missing a using directive or an assembly reference?)
88>D:\Work\IOS-IG-SimHost-FDP-2\Hrot\Subsystems\Hrot.IG\UI\EntityInspectorState.cs(32,12,32,18): error CS0246: The type or namespace name 'Entity' could not be found (are you missing a using directive or an assembly reference?)
88>D:\Work\IOS-IG-SimHost-FDP-2\Hrot\Subsystems\Hrot.IG\IgApplication.cs(1876,14,1876,30): error CS0246: The type or namespace name 'NetworkEntityMap' could not be found (are you missing a using directive or an assembly reference?)
88>D:\Work\IOS-IG-SimHost-FDP-2\Hrot\Subsystems\Hrot.IG\Systems\ContextMenuSystem.cs(253,30,253,36): error CS0246: The type or namespace name 'Entity' could not be found (are you missing a using directive or an assembly reference?)
88>D:\Work\IOS-IG-SimHost-FDP-2\Hrot\Subsystems\Hrot.IG\IgNodeBootstrapper.cs(295,9,295,24): error CS0246: The type or namespace name 'HrotNodeContext' could not be found (are you missing a using directive or an assembly reference?)
88>D:\Work\IOS-IG-SimHost-FDP-2\Hrot\Subsystems\Hrot.IG\IgNodeBootstrapper.cs(296,9,296,24): error CS0246: The type or namespace name 'INetworkFactory' could not be found (are you missing a using directive or an assembly reference?)
88>D:\Work\IOS-IG-SimHost-FDP-2\Hrot\Subsystems\Hrot.IG\Modules\MapCullingModule.cs(16,12,16,27): error CS0246: The type or namespace name 'ExecutionPolicy' could not be found (are you missing a using directive or an assembly reference?)
88>D:\Work\IOS-IG-SimHost-FDP-2\Hrot\Subsystems\Hrot.IG\IgApplication.cs(1891,19,1891,33): error CS0234: The type or namespace name 'ScenarioEditor' does not exist in the namespace 'Hrot' (are you missing an assembly reference?)
88>D:\Work\IOS-IG-SimHost-FDP-2\Hrot\Subsystems\Hrot.IG\UI\EntityInspectorState.cs(59,12,59,19): error CS0246: The type or namespace name 'ForceId' could not be found (are you missing a using directive or an assembly reference?)
88>D:\Work\IOS-IG-SimHost-FDP-2\Hrot\Subsystems\Hrot.IG\IgNodeBootstrapper.cs(353,56,353,71): error CS0246: The type or namespace name 'HrotNodeContext' could not be found (are you missing a using directive or an assembly reference?)
88>D:\Work\IOS-IG-SimHost-FDP-2\Hrot\Subsystems\Hrot.IG\UI\MiniExConPanel.cs(44,28,44,43): error CS0246: The type or namespace name 'ICommandGateway' could not be found (are you missing a using directive or an assembly reference?)
88>D:\Work\IOS-IG-SimHost-FDP-2\Hrot\Subsystems\Hrot.IG\Systems\ContextMenuSystem.cs(259,28,259,43): error CS0246: The type or namespace name 'ISimulationView' could not be found (are you missing a using directive or an assembly reference?)
88>D:\Work\IOS-IG-SimHost-FDP-2\Hrot\Subsystems\Hrot.IG\Systems\ContextMenuSystem.cs(259,50,259,70): error CS0246: The type or namespace name 'IEntityCommandBuffer' could not be found (are you missing a using directive or an assembly reference?)
88>D:\Work\IOS-IG-SimHost-FDP-2\Hrot\Subsystems\Hrot.IG\Systems\ContextMenuSystem.cs(259,76,259,82): error CS0246: The type or namespace name 'Entity' could not be found (are you missing a using directive or an assembly reference?)
88>D:\Work\IOS-IG-SimHost-FDP-2\Hrot\Subsystems\Hrot.IG\UI\EntityInspectorState.cs(79,25,79,40): error CS0246: The type or namespace name 'ISimulationView' could not be found (are you missing a using directive or an assembly reference?)
88>D:\Work\IOS-IG-SimHost-FDP-2\Hrot\Subsystems\Hrot.IG\UI\EntityInspectorState.cs(79,47,79,53): error CS0246: The type or namespace name 'Entity' could not be found (are you missing a using directive or an assembly reference?)
88>D:\Work\IOS-IG-SimHost-FDP-2\Hrot\Subsystems\Hrot.IG\Modules\MapCullingModule.cs(29,33,29,48): error CS0246: The type or namespace name 'ISystemRegistry' could not be found (are you missing a using directive or an assembly reference?)
88>D:\Work\IOS-IG-SimHost-FDP-2\Hrot\Subsystems\Hrot.IG\Systems\EventToEffectSystem.cs(136,42,136,58): error CS0246: The type or namespace name 'IEcsModuleSystem' could not be found (are you missing a using directive or an assembly reference?)
88>D:\Work\IOS-IG-SimHost-FDP-2\Hrot\Subsystems\Hrot.IG\UI\MiniExConPanel.cs(28,22,28,33): error CS0246: The type or namespace name 'FdpEventBus' could not be found (are you missing a using directive or an assembly reference?)
88>D:\Work\IOS-IG-SimHost-FDP-2\Hrot\Subsystems\Hrot.IG\Systems\EventToEffectSystem.cs(37,36,37,52): error CS0246: The type or namespace name 'IEcsModuleSystem' could not be found (are you missing a using directive or an assembly reference?)
88>D:\Work\IOS-IG-SimHost-FDP-2\Hrot\Subsystems\Hrot.IG\UI\MiniExConPanel.cs(29,13,29,28): error CS0246: The type or namespace name 'ICommandGateway' could not be found (are you missing a using directive or an assembly reference?)
88>D:\Work\IOS-IG-SimHost-FDP-2\Hrot\Subsystems\Hrot.IG\IgApplication.cs(1923,39,1923,42): error CS0246: The type or namespace name 'Fdp' could not be found (are you missing a using directive or an assembly reference?)
88>D:\Work\IOS-IG-SimHost-FDP-2\Hrot\Subsystems\Hrot.IG\Modules\MapCullingModule.cs(33,22,33,37): error CS0246: The type or namespace name 'ISimulationView' could not be found (are you missing a using directive or an assembly reference?)
88>D:\Work\IOS-IG-SimHost-FDP-2\Hrot\Subsystems\Hrot.IG\UI\MiniExConPanel.cs(33,54,33,65): error CS0246: The type or namespace name 'FdpEventBus' could not be found (are you missing a using directive or an assembly reference?)
88>D:\Work\IOS-IG-SimHost-FDP-2\Hrot\Subsystems\Hrot.IG\Windows\IgWindows.cs(14,39,14,52): error CS0246: The type or namespace name 'ManagedWindow' could not be found (are you missing a using directive or an assembly reference?)
88>D:\Work\IOS-IG-SimHost-FDP-2\Hrot\Subsystems\Hrot.IG\Systems\EventToEffectSystem.cs(135,2,135,15): error CS0246: The type or namespace name 'UpdateInPhaseAttribute' could not be found (are you missing a using directive or an assembly reference?)
88>D:\Work\IOS-IG-SimHost-FDP-2\Hrot\Subsystems\Hrot.IG\Systems\EventToEffectSystem.cs(135,2,135,15): error CS0246: The type or namespace name 'UpdateInPhase' could not be found (are you missing a using directive or an assembly reference?)
88>D:\Work\IOS-IG-SimHost-FDP-2\Hrot\Subsystems\Hrot.IG\Systems\EventToEffectSystem.cs(135,16,135,27): error CS0103: The name 'SystemPhase' does not exist in the current context
88>D:\Work\IOS-IG-SimHost-FDP-2\Hrot\Subsystems\Hrot.IG\UI\MiniExConPanelState.cs(79,25,79,43): error CS0246: The type or namespace name 'SpawnEntityCommand' could not be found (are you missing a using directive or an assembly reference?)
88>D:\Work\IOS-IG-SimHost-FDP-2\Hrot\Subsystems\Hrot.IG\Windows\IgWindows.cs(30,50,30,63): error CS0246: The type or namespace name 'ManagedWindow' could not be found (are you missing a using directive or an assembly reference?)
88>D:\Work\IOS-IG-SimHost-FDP-2\Hrot\Subsystems\Hrot.IG\UI\PerformanceMetrics.cs(74,26,74,41): error CS0246: The type or namespace name 'ISimulationView' could not be found (are you missing a using directive or an assembly reference?)
88>D:\Work\IOS-IG-SimHost-FDP-2\Hrot\Subsystems\Hrot.IG\Modules\MapLayerModule.cs(14,31,14,41): error CS0246: The type or namespace name 'IEcsModule' could not be found (are you missing a using directive or an assembly reference?)
88>D:\Work\IOS-IG-SimHost-FDP-2\Hrot\Subsystems\Hrot.IG\UI\MiniExConPanelState.cs(40,12,40,19): error CS0246: The type or namespace name 'ForceId' could not be found (are you missing a using directive or an assembly reference?)
88>D:\Work\IOS-IG-SimHost-FDP-2\Hrot\Subsystems\Hrot.IG\Systems\EventToEffectSystem.cs(35,2,35,15): error CS0246: The type or namespace name 'UpdateInPhaseAttribute' could not be found (are you missing a using directive or an assembly reference?)
88>D:\Work\IOS-IG-SimHost-FDP-2\Hrot\Subsystems\Hrot.IG\Systems\EventToEffectSystem.cs(35,2,35,15): error CS0246: The type or namespace name 'UpdateInPhase' could not be found (are you missing a using directive or an assembly reference?)
88>D:\Work\IOS-IG-SimHost-FDP-2\Hrot\Subsystems\Hrot.IG\Systems\EventToEffectSystem.cs(36,2,36,14): error CS0246: The type or namespace name 'UpdateBeforeAttribute' could not be found (are you missing a using directive or an assembly reference?)
88>D:\Work\IOS-IG-SimHost-FDP-2\Hrot\Subsystems\Hrot.IG\Systems\EventToEffectSystem.cs(36,2,36,14): error CS0246: The type or namespace name 'UpdateBefore' could not be found (are you missing a using directive or an assembly reference?)
88>D:\Work\IOS-IG-SimHost-FDP-2\Hrot\Subsystems\Hrot.IG\Systems\EventToEffectSystem.cs(35,16,35,27): error CS0103: The name 'SystemPhase' does not exist in the current context
88>D:\Work\IOS-IG-SimHost-FDP-2\Hrot\Subsystems\Hrot.IG\Systems\EventToEffectSystem.cs(139,25,139,40): error CS0246: The type or namespace name 'ISimulationView' could not be found (are you missing a using directive or an assembly reference?)
88>D:\Work\IOS-IG-SimHost-FDP-2\Hrot\Subsystems\Hrot.IG\Windows\IgWindows.cs(46,48,46,61): error CS0246: The type or namespace name 'ManagedWindow' could not be found (are you missing a using directive or an assembly reference?)
88>D:\Work\IOS-IG-SimHost-FDP-2\Hrot\Subsystems\Hrot.IG\UI\MiniExConPanelState.cs(86,33,86,53): error CS0246: The type or namespace name 'IGeographicTransform' could not be found (are you missing a using directive or an assembly reference?)
88>D:\Work\IOS-IG-SimHost-FDP-2\Hrot\Subsystems\Hrot.IG\Modules\MapLayerModule.cs(20,12,20,27): error CS0246: The type or namespace name 'ExecutionPolicy' could not be found (are you missing a using directive or an assembly reference?)
88>D:\Work\IOS-IG-SimHost-FDP-2\Hrot\Subsystems\Hrot.IG\Systems\HistoryRecordingSystem.cs(33,39,33,55): error CS0246: The type or namespace name 'IEcsModuleSystem' could not be found (are you missing a using directive or an assembly reference?)
88>D:\Work\IOS-IG-SimHost-FDP-2\Hrot\Subsystems\Hrot.IG\UI\MiniExConPanelState.cs(104,24,104,35): error CS0246: The type or namespace name 'FdpEventBus' could not be found (are you missing a using directive or an assembly reference?)
88>D:\Work\IOS-IG-SimHost-FDP-2\Hrot\Subsystems\Hrot.IG\Windows\IgWindows.cs(62,43,62,56): error CS0246: The type or namespace name 'ManagedWindow' could not be found (are you missing a using directive or an assembly reference?)
88>D:\Work\IOS-IG-SimHost-FDP-2\Hrot\Subsystems\Hrot.IG\UI\MiniExConPanelState.cs(143,34,143,49): error CS0246: The type or namespace name 'ICommandGateway' could not be found (are you missing a using directive or an assembly reference?)
88>D:\Work\IOS-IG-SimHost-FDP-2\Hrot\Subsystems\Hrot.IG\Systems\EventToEffectSystem.cs(40,25,40,40): error CS0246: The type or namespace name 'ISimulationView' could not be found (are you missing a using directive or an assembly reference?)
88>D:\Work\IOS-IG-SimHost-FDP-2\Hrot\Subsystems\Hrot.IG\UI\WaypointEditorPanel.cs(72,36,72,61): error CS0246: The type or namespace name 'IRouteWaypointEditorState' could not be found (are you missing a using directive or an assembly reference?)
88>D:\Work\IOS-IG-SimHost-FDP-2\Hrot\Subsystems\Hrot.IG\Systems\HrotEntityFilterFactory.cs(27,47,27,67): error CS0246: The type or namespace name 'IEntityFilterFactory' could not be found (are you missing a using directive or an assembly reference?)
88>D:\Work\IOS-IG-SimHost-FDP-2\Hrot\Subsystems\Hrot.IG\Modules\MapLayerModule.cs(30,33,30,48): error CS0246: The type or namespace name 'ISystemRegistry' could not be found (are you missing a using directive or an assembly reference?)
88>D:\Work\IOS-IG-SimHost-FDP-2\Hrot\Subsystems\Hrot.IG\UI\MiniExConPanelState.cs(185,63,185,78): error CS0246: The type or namespace name 'ICommandGateway' could not be found (are you missing a using directive or an assembly reference?)
88>D:\Work\IOS-IG-SimHost-FDP-2\Hrot\Subsystems\Hrot.IG\Systems\HistoryRecordingSystem.cs(32,2,32,15): error CS0246: The type or namespace name 'UpdateInPhaseAttribute' could not be found (are you missing a using directive or an assembly reference?)
88>D:\Work\IOS-IG-SimHost-FDP-2\Hrot\Subsystems\Hrot.IG\Systems\HistoryRecordingSystem.cs(32,2,32,15): error CS0246: The type or namespace name 'UpdateInPhase' could not be found (are you missing a using directive or an assembly reference?)
88>D:\Work\IOS-IG-SimHost-FDP-2\Hrot\Subsystems\Hrot.IG\Systems\HistoryRecordingSystem.cs(32,16,32,27): error CS0103: The name 'SystemPhase' does not exist in the current context
88>D:\Work\IOS-IG-SimHost-FDP-2\Hrot\Subsystems\Hrot.IG\Systems\EventToEffectSystem.cs(70,40,70,60): error CS0246: The type or namespace name 'IEntityCommandBuffer' could not be found (are you missing a using directive or an assembly reference?)
88>D:\Work\IOS-IG-SimHost-FDP-2\Hrot\Subsystems\Hrot.IG\UI\MiniExConPanelState.cs(274,51,274,58): error CS0246: The type or namespace name 'ForceId' could not be found (are you missing a using directive or an assembly reference?)
88>D:\Work\IOS-IG-SimHost-FDP-2\Hrot\Subsystems\Hrot.IG\Windows\IgWindows.cs(78,45,78,58): error CS0246: The type or namespace name 'ManagedWindow' could not be found (are you missing a using directive or an assembly reference?)
88>D:\Work\IOS-IG-SimHost-FDP-2\Hrot\Subsystems\Hrot.IG\UI\WaypointEditorPanel.cs(30,27,30,52): error CS0246: The type or namespace name 'IRouteWaypointEditorState' could not be found (are you missing a using directive or an assembly reference?)
88>D:\Work\IOS-IG-SimHost-FDP-2\Hrot\Subsystems\Hrot.IG\Systems\HistoryRecordingSystem.cs(36,25,36,40): error CS0246: The type or namespace name 'ISimulationView' could not be found (are you missing a using directive or an assembly reference?)
88>D:\Work\IOS-IG-SimHost-FDP-2\Hrot\Subsystems\Hrot.IG\Systems\HrotEntityFilterFactory.cs(29,22,29,38): error CS0246: The type or namespace name 'EntityRepository' could not be found (are you missing a using directive or an assembly reference?)
88>D:\Work\IOS-IG-SimHost-FDP-2\Hrot\Subsystems\Hrot.IG\Systems\EventToEffectSystem.cs(93,37,93,57): error CS0246: The type or namespace name 'IEntityCommandBuffer' could not be found (are you missing a using directive or an assembly reference?)
88>D:\Work\IOS-IG-SimHost-FDP-2\Hrot\Subsystems\Hrot.IG\Modules\MapLayerModule.cs(34,22,34,37): error CS0246: The type or namespace name 'ISimulationView' could not be found (are you missing a using directive or an assembly reference?)
88>D:\Work\IOS-IG-SimHost-FDP-2\Hrot\Subsystems\Hrot.IG\Systems\HrotEntityFilterFactory.cs(85,39,85,52): error CS0246: The type or namespace name 'IEntityFilter' could not be found (are you missing a using directive or an assembly reference?)
88>D:\Work\IOS-IG-SimHost-FDP-2\Hrot\Subsystems\Hrot.IG\UI\MiniExConPanelState.cs(67,13,67,33): error CS0246: The type or namespace name 'IGeographicTransform' could not be found (are you missing a using directive or an assembly reference?)
88>D:\Work\IOS-IG-SimHost-FDP-2\Hrot\Subsystems\Hrot.IG\Systems\HrotEntityFilterFactory.cs(35,36,35,52): error CS0246: The type or namespace name 'EntityRepository' could not be found (are you missing a using directive or an assembly reference?)
88>D:\Work\IOS-IG-SimHost-FDP-2\Hrot\Subsystems\Hrot.IG\UI\WaypointEditorPanel.cs(59,37,59,62): error CS0246: The type or namespace name 'IRouteWaypointEditorState' could not be found (are you missing a using directive or an assembly reference?)
88>D:\Work\IOS-IG-SimHost-FDP-2\Hrot\Subsystems\Hrot.IG\Systems\HrotEntityFilterFactory.cs(87,22,87,38): error CS0246: The type or namespace name 'EntityRepository' could not be found (are you missing a using directive or an assembly reference?)
88>D:\Work\IOS-IG-SimHost-FDP-2\Hrot\Subsystems\Hrot.IG\Systems\HrotEntityFilterFactory.cs(47,12,47,25): error CS0246: The type or namespace name 'IEntityFilter' could not be found (are you missing a using directive or an assembly reference?)
88>D:\Work\IOS-IG-SimHost-FDP-2\Hrot\Subsystems\Hrot.IG\Systems\HrotEntityFilterFactory.cs(90,30,90,46): error CS0246: The type or namespace name 'EntityRepository' could not be found (are you missing a using directive or an assembly reference?)
88>D:\Work\IOS-IG-SimHost-FDP-2\Hrot\Subsystems\Hrot.IG\Modules\Orchestration\IgZoneDummyHandler.cs(31,46,31,66): error CS0246: The type or namespace name 'IClusterStateHandler' could not be found (are you missing a using directive or an assembly reference?)
88>D:\Work\IOS-IG-SimHost-FDP-2\Hrot\Subsystems\Hrot.IG\Systems\HrotEntityFilterFactory.cs(97,25,97,31): error CS0246: The type or namespace name 'Entity' could not be found (are you missing a using directive or an assembly reference?)
88>D:\Work\IOS-IG-SimHost-FDP-2\Hrot\Subsystems\Hrot.IG\Systems\MapLayerAssignmentSystem.cs(24,41,24,57): error CS0246: The type or namespace name 'IEcsModuleSystem' could not be found (are you missing a using directive or an assembly reference?)
88>D:\Work\IOS-IG-SimHost-FDP-2\Hrot\Subsystems\Hrot.IG\Systems\MapCullingSystem.cs(39,33,39,49): error CS0246: The type or namespace name 'IEcsModuleSystem' could not be found (are you missing a using directive or an assembly reference?)
88>D:\Work\IOS-IG-SimHost-FDP-2\Hrot\Subsystems\Hrot.IG\Modules\Orchestration\IgZoneDummyHandler.cs(40,31,40,34): error CS0246: The type or namespace name 'Fdp' could not be found (are you missing a using directive or an assembly reference?)
88>D:\Work\IOS-IG-SimHost-FDP-2\Hrot\Subsystems\Hrot.IG\Systems\MapCommandController.cs(153,9,153,29): error CS0246: The type or namespace name 'IGeographicTransform' could not be found (are you missing a using directive or an assembly reference?)
88>D:\Work\IOS-IG-SimHost-FDP-2\Hrot\Subsystems\Hrot.IG\IgApplication.cs(1982,52,1982,66): error CS0246: The type or namespace name 'MapMouseButton' could not be found (are you missing a using directive or an assembly reference?)
88>D:\Work\IOS-IG-SimHost-FDP-2\Hrot\Subsystems\Hrot.IG\IgApplication.cs(1982,98,1982,104): error CS0246: The type or namespace name 'Entity' could not be found (are you missing a using directive or an assembly reference?)
88>D:\Work\IOS-IG-SimHost-FDP-2\Hrot\Subsystems\Hrot.IG\Systems\MapLayerAssignmentSystem.cs(23,2,23,15): error CS0246: The type or namespace name 'UpdateInPhaseAttribute' could not be found (are you missing a using directive or an assembly reference?)
88>D:\Work\IOS-IG-SimHost-FDP-2\Hrot\Subsystems\Hrot.IG\Systems\MapLayerAssignmentSystem.cs(23,2,23,15): error CS0246: The type or namespace name 'UpdateInPhase' could not be found (are you missing a using directive or an assembly reference?)
88>D:\Work\IOS-IG-SimHost-FDP-2\Hrot\Subsystems\Hrot.IG\Systems\MapLayerAssignmentSystem.cs(23,16,23,27): error CS0103: The name 'SystemPhase' does not exist in the current context
88>D:\Work\IOS-IG-SimHost-FDP-2\Hrot\Subsystems\Hrot.IG\Systems\MapCullingSystem.cs(38,2,38,15): error CS0246: The type or namespace name 'UpdateInPhaseAttribute' could not be found (are you missing a using directive or an assembly reference?)
88>D:\Work\IOS-IG-SimHost-FDP-2\Hrot\Subsystems\Hrot.IG\Systems\MapCullingSystem.cs(38,2,38,15): error CS0246: The type or namespace name 'UpdateInPhase' could not be found (are you missing a using directive or an assembly reference?)
88>D:\Work\IOS-IG-SimHost-FDP-2\Hrot\Subsystems\Hrot.IG\Systems\MapCullingSystem.cs(38,16,38,27): error CS0103: The name 'SystemPhase' does not exist in the current context
88>D:\Work\IOS-IG-SimHost-FDP-2\Hrot\Subsystems\Hrot.IG\Modules\Orchestration\IgZoneDummyHandler.cs(50,43,50,62): error CS0246: The type or namespace name 'ExecuteNodeOpIntent' could not be found (are you missing a using directive or an assembly reference?)
88>D:\Work\IOS-IG-SimHost-FDP-2\Hrot\Subsystems\Hrot.IG\Systems\MapCommandController.cs(221,37,221,55): error CS0246: The type or namespace name 'SpawnEntityCommand' could not be found (are you missing a using directive or an assembly reference?)
88>D:\Work\IOS-IG-SimHost-FDP-2\Hrot\Subsystems\Hrot.IG\Systems\MapLayerAssignmentSystem.cs(42,13,42,26): error CS0246: The type or namespace name 'IteratorState' could not be found (are you missing a using directive or an assembly reference?)
88>D:\Work\IOS-IG-SimHost-FDP-2\Hrot\Subsystems\Hrot.IG\Systems\MapCullingSystem.cs(50,25,50,40): error CS0246: The type or namespace name 'ISimulationView' could not be found (are you missing a using directive or an assembly reference?)
88>D:\Work\IOS-IG-SimHost-FDP-2\Hrot\Subsystems\Hrot.IG\Systems\MapCommandController.cs(265,35,265,56): error CS0246: The type or namespace name 'EntityLifecycleAckDto' could not be found (are you missing a using directive or an assembly reference?)
88>D:\Work\IOS-IG-SimHost-FDP-2\Hrot\Subsystems\Hrot.IG\Systems\MapLayerDefinition.cs(41,10,41,16): error CS0246: The type or namespace name 'Entity' could not be found (are you missing a using directive or an assembly reference?)
88>D:\Work\IOS-IG-SimHost-FDP-2\Hrot\Subsystems\Hrot.IG\Systems\MapLayerDefinition.cs(41,18,41,31): error CS0246: The type or namespace name 'DISEntityType' could not be found (are you missing a using directive or an assembly reference?)
88>D:\Work\IOS-IG-SimHost-FDP-2\Hrot\Subsystems\Hrot.IG\Systems\MapLayerDefinition.cs(41,33,41,48): error CS0246: The type or namespace name 'ISimulationView' could not be found (are you missing a using directive or an assembly reference?)
88>D:\Work\IOS-IG-SimHost-FDP-2\Hrot\Subsystems\Hrot.IG\Systems\MapCommandController.cs(306,40,306,58): error CS0246: The type or namespace name 'SpawnEntityCommand' could not be found (are you missing a using directive or an assembly reference?)
88>D:\Work\IOS-IG-SimHost-FDP-2\Hrot\Subsystems\Hrot.IG\Systems\MapLayerAssignmentSystem.cs(61,25,61,40): error CS0246: The type or namespace name 'ISimulationView' could not be found (are you missing a using directive or an assembly reference?)
88>D:\Work\IOS-IG-SimHost-FDP-2\Hrot\Subsystems\Hrot.IG\Systems\MapCommandController.cs(57,22,57,31): error CS0246: The type or namespace name 'MapCanvas' could not be found (are you missing a using directive or an assembly reference?)
88>D:\Work\IOS-IG-SimHost-FDP-2\Hrot\Subsystems\Hrot.IG\Modules\Orchestration\IgZoneDummyHandler.cs(59,28,59,47): error CS0246: The type or namespace name 'ExecuteNodeOpIntent' could not be found (are you missing a using directive or an assembly reference?)
88>D:\Work\IOS-IG-SimHost-FDP-2\Hrot\Subsystems\Hrot.IG\Modules\Orchestration\IgZoneDummyHandler.cs(59,56,59,72): error CS0246: The type or namespace name 'EntityRepository' could not be found (are you missing a using directive or an assembly reference?)
88>D:\Work\IOS-IG-SimHost-FDP-2\Hrot\Subsystems\Hrot.IG\Systems\MapCommandController.cs(58,22,58,33): error CS0246: The type or namespace name 'FdpEventBus' could not be found (are you missing a using directive or an assembly reference?)
88>D:\Work\IOS-IG-SimHost-FDP-2\Hrot\Subsystems\Hrot.IG\Systems\StyleResolutionSystem.cs(44,38,44,54): error CS0246: The type or namespace name 'IEcsModuleSystem' could not be found (are you missing a using directive or an assembly reference?)
88>D:\Work\IOS-IG-SimHost-FDP-2\Hrot\Subsystems\Hrot.IG\Systems\MapCommandController.cs(59,29,59,45): error CS0246: The type or namespace name 'MapCommandAckDto' could not be found (are you missing a using directive or an assembly reference?)
88>D:\Work\IOS-IG-SimHost-FDP-2\Hrot\Subsystems\Hrot.IG\Systems\UniqueNameGenerator.cs(56,35,56,51): error CS0246: The type or namespace name 'EntityRepository' could not be found (are you missing a using directive or an assembly reference?)
88>D:\Work\IOS-IG-SimHost-FDP-2\Hrot\Subsystems\Hrot.IG\IgApplication.cs(2047,55,2047,69): error CS0246: The type or namespace name 'MapMouseButton' could not be found (are you missing a using directive or an assembly reference?)
88>D:\Work\IOS-IG-SimHost-FDP-2\Hrot\Subsystems\Hrot.IG\IgApplication.cs(2047,101,2047,107): error CS0246: The type or namespace name 'Entity' could not be found (are you missing a using directive or an assembly reference?)
88>D:\Work\IOS-IG-SimHost-FDP-2\Hrot\Subsystems\Hrot.IG\Systems\MapCommandController.cs(61,22,61,40): error CS0246: The type or namespace name 'GlobalGizmoManager' could not be found (are you missing a using directive or an assembly reference?)
88>D:\Work\IOS-IG-SimHost-FDP-2\Hrot\Subsystems\Hrot.IG\Systems\UniqueNameGenerator.cs(101,55,101,71): error CS0246: The type or namespace name 'EntityRepository' could not be found (are you missing a using directive or an assembly reference?)
88>D:\Work\IOS-IG-SimHost-FDP-2\Hrot\Subsystems\Hrot.IG\Modules\Orchestration\IgZoneDummyHandler.cs(62,27,62,46): error CS0246: The type or namespace name 'ExecuteNodeOpIntent' could not be found (are you missing a using directive or an assembly reference?)
88>D:\Work\IOS-IG-SimHost-FDP-2\Hrot\Subsystems\Hrot.IG\Modules\Orchestration\IgZoneDummyHandler.cs(62,55,62,71): error CS0246: The type or namespace name 'EntityRepository' could not be found (are you missing a using directive or an assembly reference?)
88>D:\Work\IOS-IG-SimHost-FDP-2\Hrot\Subsystems\Hrot.IG\IgApplication.cs(2111,36,2111,42): error CS0246: The type or namespace name 'Entity' could not be found (are you missing a using directive or an assembly reference?)
88>D:\Work\IOS-IG-SimHost-FDP-2\Hrot\Subsystems\Hrot.IG\Modules\SpawningModule.cs(21,35,21,45): error CS0246: The type or namespace name 'IEcsModule' could not be found (are you missing a using directive or an assembly reference?)
88>D:\Work\IOS-IG-SimHost-FDP-2\Hrot\Subsystems\Hrot.IG\Systems\StyleResolutionSystem.cs(43,2,43,15): error CS0246: The type or namespace name 'UpdateInPhaseAttribute' could not be found (are you missing a using directive or an assembly reference?)
88>D:\Work\IOS-IG-SimHost-FDP-2\Hrot\Subsystems\Hrot.IG\Systems\StyleResolutionSystem.cs(43,2,43,15): error CS0246: The type or namespace name 'UpdateInPhase' could not be found (are you missing a using directive or an assembly reference?)
88>D:\Work\IOS-IG-SimHost-FDP-2\Hrot\Subsystems\Hrot.IG\Systems\StyleResolutionSystem.cs(43,16,43,27): error CS0103: The name 'SystemPhase' does not exist in the current context
88>D:\Work\IOS-IG-SimHost-FDP-2\Hrot\Subsystems\Hrot.IG\Modules\StyleResolutionModule.cs(15,38,15,48): error CS0246: The type or namespace name 'IEcsModule' could not be found (are you missing a using directive or an assembly reference?)
88>D:\Work\IOS-IG-SimHost-FDP-2\Hrot\Subsystems\Hrot.IG\Modules\SpawningModule.cs(24,16,24,31): error CS0246: The type or namespace name 'ExecutionPolicy' could not be found (are you missing a using directive or an assembly reference?)
88>D:\Work\IOS-IG-SimHost-FDP-2\Hrot\Subsystems\Hrot.IG\Systems\StyleResolutionSystem.cs(56,25,56,40): error CS0246: The type or namespace name 'ISimulationView' could not be found (are you missing a using directive or an assembly reference?)
88>D:\Work\IOS-IG-SimHost-FDP-2\Hrot\Subsystems\Hrot.IG\Modules\SpawningModule.cs(26,26,26,47): error CS0246: The type or namespace name 'NetworkSpawningSystem' could not be found (are you missing a using directive or an assembly reference?)
88>D:\Work\IOS-IG-SimHost-FDP-2\Hrot\Subsystems\Hrot.IG\Modules\StyleResolutionModule.cs(18,12,18,27): error CS0246: The type or namespace name 'ExecutionPolicy' could not be found (are you missing a using directive or an assembly reference?)
88>D:\Work\IOS-IG-SimHost-FDP-2\Hrot\Subsystems\Hrot.IG\IgApplication.cs(2144,39,2144,45): error CS0246: The type or namespace name 'Entity' could not be found (are you missing a using directive or an assembly reference?)
88>D:\Work\IOS-IG-SimHost-FDP-2\Hrot\Subsystems\Hrot.IG\Modules\SpawningModule.cs(28,31,28,52): error CS0246: The type or namespace name 'NetworkSpawningSystem' could not be found (are you missing a using directive or an assembly reference?)
88>D:\Work\IOS-IG-SimHost-FDP-2\Hrot\Subsystems\Hrot.IG\IgApplication.cs(2229,51,2229,55): error CS0234: The type or namespace name 'Core' does not exist in the namespace 'Hrot' (are you missing an assembly reference?)
88>D:\Work\IOS-IG-SimHost-FDP-2\Hrot\Subsystems\Hrot.IG\IgApplication.cs(2241,51,2241,55): error CS0234: The type or namespace name 'Core' does not exist in the namespace 'Hrot' (are you missing an assembly reference?)
88>D:\Work\IOS-IG-SimHost-FDP-2\Hrot\Subsystems\Hrot.IG\Modules\SpawningModule.cs(31,37,31,52): error CS0246: The type or namespace name 'ISystemRegistry' could not be found (are you missing a using directive or an assembly reference?)
88>D:\Work\IOS-IG-SimHost-FDP-2\Hrot\Subsystems\Hrot.IG\Systems\StyleResolutionSystem.cs(86,38,86,53): error CS0246: The type or namespace name 'ISimulationView' could not be found (are you missing a using directive or an assembly reference?)
88>D:\Work\IOS-IG-SimHost-FDP-2\Hrot\Subsystems\Hrot.IG\Systems\StyleResolutionSystem.cs(86,60,86,66): error CS0246: The type or namespace name 'Entity' could not be found (are you missing a using directive or an assembly reference?)
88>D:\Work\IOS-IG-SimHost-FDP-2\Hrot\Subsystems\Hrot.IG\Systems\StyleResolutionSystem.cs(86,13,86,26): error CS0246: The type or namespace name 'ResolvedStyle' could not be found (are you missing a using directive or an assembly reference?)
88>D:\Work\IOS-IG-SimHost-FDP-2\Hrot\Subsystems\Hrot.IG\Modules\StyleResolutionModule.cs(31,33,31,48): error CS0246: The type or namespace name 'ISystemRegistry' could not be found (are you missing a using directive or an assembly reference?)
88>D:\Work\IOS-IG-SimHost-FDP-2\Hrot\Subsystems\Hrot.IG\Modules\SpawningModule.cs(34,26,34,41): error CS0246: The type or namespace name 'ISimulationView' could not be found (are you missing a using directive or an assembly reference?)
88>D:\Work\IOS-IG-SimHost-FDP-2\Hrot\Subsystems\Hrot.IG\Systems\MapCommandController.cs(111,9,111,18): error CS0246: The type or namespace name 'MapCanvas' could not be found (are you missing a using directive or an assembly reference?)
88>D:\Work\IOS-IG-SimHost-FDP-2\Hrot\Subsystems\Hrot.IG\Systems\MapCommandController.cs(112,9,112,20): error CS0246: The type or namespace name 'FdpEventBus' could not be found (are you missing a using directive or an assembly reference?)
88>D:\Work\IOS-IG-SimHost-FDP-2\Hrot\Subsystems\Hrot.IG\Systems\MapCommandController.cs(113,16,113,32): error CS0246: The type or namespace name 'MapCommandAckDto' could not be found (are you missing a using directive or an assembly reference?)
88>D:\Work\IOS-IG-SimHost-FDP-2\Hrot\Subsystems\Hrot.IG\Systems\MapCommandController.cs(115,9,115,27): error CS0246: The type or namespace name 'GlobalGizmoManager' could not be found (are you missing a using directive or an assembly reference?)
88>D:\Work\IOS-IG-SimHost-FDP-2\Hrot\Subsystems\Hrot.IG\Systems\StyleResolutionSystem.cs(191,20,191,27): error CS0246: The type or namespace name 'ForceId' could not be found (are you missing a using directive or an assembly reference?)
88>D:\Work\IOS-IG-SimHost-FDP-2\Hrot\Subsystems\Hrot.IG\Systems\StyleResolutionSystem.cs(213,9,213,16): error CS0246: The type or namespace name 'ForceId' could not be found (are you missing a using directive or an assembly reference?)
88>D:\Work\IOS-IG-SimHost-FDP-2\Hrot\Subsystems\Hrot.IG\Modules\StyleResolutionModule.cs(35,22,35,37): error CS0246: The type or namespace name 'ISimulationView' could not be found (are you missing a using directive or an assembly reference?)
88>D:\Work\IOS-IG-SimHost-FDP-2\Hrot\Subsystems\Hrot.IG\IgApplication.cs(2304,66,2304,78): error CS0246: The type or namespace name 'SimTransform' could not be found (are you missing a using directive or an assembly reference?)
88>D:\Work\IOS-IG-SimHost-FDP-2\Hrot\Subsystems\Hrot.IG\IgApplication.cs(2397,44,2397,50): error CS0246: The type or namespace name 'Entity' could not be found (are you missing a using directive or an assembly reference?)
88>D:\Work\IOS-IG-SimHost-FDP-2\Hrot\Subsystems\Hrot.IG\IgApplication.cs(2556,54,2556,60): error CS0246: The type or namespace name 'Entity' could not be found (are you missing a using directive or an assembly reference?)
88>D:\Work\IOS-IG-SimHost-FDP-2\Hrot\Subsystems\Hrot.IG\IgApplication.cs(2562,33,2562,39): error CS0246: The type or namespace name 'Entity' could not be found (are you missing a using directive or an assembly reference?)
88>D:\Work\IOS-IG-SimHost-FDP-2\Hrot\Subsystems\Hrot.IG\IgApplication.cs(184,13,184,22): error CS0246: The type or namespace name 'MapCanvas' could not be found (are you missing a using directive or an assembly reference?)
88>D:\Work\IOS-IG-SimHost-FDP-2\Hrot\Subsystems\Hrot.IG\IgApplication.cs(186,13,186,22): error CS0246: The type or namespace name 'MapCamera' could not be found (are you missing a using directive or an assembly reference?)
88>D:\Work\IOS-IG-SimHost-FDP-2\Hrot\Subsystems\Hrot.IG\IgApplication.cs(206,13,206,29): error CS0246: The type or namespace name 'EntityRepository' could not be found (are you missing a using directive or an assembly reference?)
88>D:\Work\IOS-IG-SimHost-FDP-2\Hrot\Subsystems\Hrot.IG\IgApplication.cs(208,13,208,29): error CS0246: The type or namespace name 'ModuleHostKernel' could not be found (are you missing a using directive or an assembly reference?)
88>D:\Work\IOS-IG-SimHost-FDP-2\Hrot\Subsystems\Hrot.IG\IgApplication.cs(210,13,210,29): error CS0246: The type or namespace name 'NetworkEntityMap' could not be found (are you missing a using directive or an assembly reference?)
88>D:\Work\IOS-IG-SimHost-FDP-2\Hrot\Subsystems\Hrot.IG\IgApplication.cs(212,13,212,32): error CS0246: The type or namespace name 'GhostCreationSystem' could not be found (are you missing a using directive or an assembly reference?)
88>D:\Work\IOS-IG-SimHost-FDP-2\Hrot\Subsystems\Hrot.IG\IgApplication.cs(221,13,221,16): error CS0246: The type or namespace name 'Fdp' could not be found (are you missing a using directive or an assembly reference?)
88>D:\Work\IOS-IG-SimHost-FDP-2\Hrot\Subsystems\Hrot.IG\IgApplication.cs(223,13,223,16): error CS0246: The type or namespace name 'Fdp' could not be found (are you missing a using directive or an assembly reference?)
88>D:\Work\IOS-IG-SimHost-FDP-2\Hrot\Subsystems\Hrot.IG\IgApplication.cs(224,18,224,24): error CS0234: The type or namespace name 'Common' does not exist in the namespace 'Hrot' (are you missing an assembly reference?)
88>D:\Work\IOS-IG-SimHost-FDP-2\Hrot\Subsystems\Hrot.IG\IgApplication.cs(227,13,227,28): error CS0246: The type or namespace name 'HrotNodeContext' could not be found (are you missing a using directive or an assembly reference?)
88>D:\Work\IOS-IG-SimHost-FDP-2\Hrot\Subsystems\Hrot.IG\IgApplication.cs(239,13,239,33): error CS0246: The type or namespace name 'DebugPrimitiveBuffer' could not be found (are you missing a using directive or an assembly reference?)
88>D:\Work\IOS-IG-SimHost-FDP-2\Hrot\Subsystems\Hrot.IG\IgApplication.cs(240,13,240,26): error CS0246: The type or namespace name 'GizmoRegistry' could not be found (are you missing a using directive or an assembly reference?)
88>D:\Work\IOS-IG-SimHost-FDP-2\Hrot\Subsystems\Hrot.IG\IgApplication.cs(241,13,241,35): error CS0246: The type or namespace name 'StatelessGizmoRegistry' could not be found (are you missing a using directive or an assembly reference?)
88>D:\Work\IOS-IG-SimHost-FDP-2\Hrot\Subsystems\Hrot.IG\IgApplication.cs(242,13,242,34): error CS0246: The type or namespace name 'GizmoSettingsRegistry' could not be found (are you missing a using directive or an assembly reference?)
88>D:\Work\IOS-IG-SimHost-FDP-2\Hrot\Subsystems\Hrot.IG\IgApplication.cs(244,13,244,27): error CS0246: The type or namespace name 'GizmoUndoStack' could not be found (are you missing a using directive or an assembly reference?)
88>D:\Work\IOS-IG-SimHost-FDP-2\Hrot\Subsystems\Hrot.IG\IgApplication.cs(245,13,245,31): error CS0246: The type or namespace name 'GlobalGizmoManager' could not be found (are you missing a using directive or an assembly reference?)
88>D:\Work\IOS-IG-SimHost-FDP-2\Hrot\Subsystems\Hrot.IG\IgApplication.cs(246,13,246,34): error CS0246: The type or namespace name 'DataDrivenGizmoSystem' could not be found (are you missing a using directive or an assembly reference?)
88>D:\Work\IOS-IG-SimHost-FDP-2\Hrot\Subsystems\Hrot.IG\IgApplication.cs(247,13,247,24): error CS0246: The type or namespace name 'FdpEventBus' could not be found (are you missing a using directive or an assembly reference?)
88>D:\Work\IOS-IG-SimHost-FDP-2\Hrot\Subsystems\Hrot.IG\IgApplication.cs(248,13,248,37): error CS0246: The type or namespace name 'GizmoExecutionController' could not be found (are you missing a using directive or an assembly reference?)
88>D:\Work\IOS-IG-SimHost-FDP-2\Hrot\Subsystems\Hrot.IG\IgApplication.cs(256,13,256,31): error CS0246: The type or namespace name 'PointSequenceGizmo' could not be found (are you missing a using directive or an assembly reference?)
88>D:\Work\IOS-IG-SimHost-FDP-2\Hrot\Subsystems\Hrot.IG\IgApplication.cs(261,18,261,22): error CS0234: The type or namespace name 'Core' does not exist in the namespace 'Hrot' (are you missing an assembly reference?)
88>D:\Work\IOS-IG-SimHost-FDP-2\Hrot\Subsystems\Hrot.IG\IgApplication.cs(264,18,264,22): error CS0234: The type or namespace name 'Core' does not exist in the namespace 'Hrot' (are you missing an assembly reference?)
88>D:\Work\IOS-IG-SimHost-FDP-2\Hrot\Subsystems\Hrot.IG\IgApplication.cs(286,13,286,27): error CS0246: The type or namespace name 'WGS84Transform' could not be found (are you missing a using directive or an assembly reference?)
88>D:\Work\IOS-IG-SimHost-FDP-2\Hrot\Subsystems\Hrot.IG\IgApplication.cs(289,18,289,22): error CS0234: The type or namespace name 'Core' does not exist in the namespace 'Hrot' (are you missing an assembly reference?)
88>D:\Work\IOS-IG-SimHost-FDP-2\Hrot\Subsystems\Hrot.IG\IgApplication.cs(296,18,296,22): error CS0234: The type or namespace name 'Core' does not exist in the namespace 'Hrot' (are you missing an assembly reference?)
88>D:\Work\IOS-IG-SimHost-FDP-2\Hrot\Subsystems\Hrot.IG\IgApplication.cs(327,20,327,23): error CS0246: The type or namespace name 'Fdp' could not be found (are you missing a using directive or an assembly reference?)
88>D:\Work\IOS-IG-SimHost-FDP-2\Hrot\Subsystems\Hrot.IG\IgApplication.cs(341,13,341,33): error CS0246: The type or namespace name 'JsonToRecordCompiler' could not be found (are you missing a using directive or an assembly reference?)
88>D:\Work\IOS-IG-SimHost-FDP-2\Hrot\Subsystems\Hrot.IG\IgApplication.cs(348,13,348,24): error CS0246: The type or namespace name 'EntityQuery' could not be found (are you missing a using directive or an assembly reference?)
88>D:\Work\IOS-IG-SimHost-FDP-2\Hrot\Subsystems\Hrot.IG\IgApplication.cs(355,13,355,39): error CS0246: The type or namespace name 'SelectionInteractionSystem' could not be found (are you missing a using directive or an assembly reference?)
88>D:\Work\IOS-IG-SimHost-FDP-2\Hrot\Subsystems\Hrot.IG\IgApplication.cs(400,13,400,21): error CS0246: The type or namespace name 'GizmoMap' could not be found (are you missing a using directive or an assembly reference?)
88>D:\Work\IOS-IG-SimHost-FDP-2\Hrot\Subsystems\Hrot.IG\IgApplication.cs(410,13,410,28): error CS0246: The type or namespace name 'DebugGizmoLayer' could not be found (are you missing a using directive or an assembly reference?)
88>D:\Work\IOS-IG-SimHost-FDP-2\Hrot\Subsystems\Hrot.IG\IgApplication.cs(420,13,420,42): error CS0246: The type or namespace name 'DiagnosticEventHistoryService' could not be found (are you missing a using directive or an assembly reference?)
88>D:\Work\IOS-IG-SimHost-FDP-2\Hrot\Subsystems\Hrot.IG\IgApplication.cs(429,13,429,19): error CS0246: The type or namespace name 'Entity' could not be found (are you missing a using directive or an assembly reference?)
88>D:\Work\IOS-IG-SimHost-FDP-2\Hrot\Subsystems\Hrot.IG\IgApplication.cs(437,13,437,33): error CS0246: The type or namespace name 'MapPickServiceBridge' could not be found (are you missing a using directive or an assembly reference?)
88>D:\Work\IOS-IG-SimHost-FDP-2\Hrot\Subsystems\Hrot.IG\IgApplication.cs(497,13,497,19): error CS0246: The type or namespace name 'Entity' could not be found (are you missing a using directive or an assembly reference?)
88>D:\Work\IOS-IG-SimHost-FDP-2\Hrot\Subsystems\Hrot.IG\IgApplication.cs(1911,13,1911,16): error CS0246: The type or namespace name 'Fdp' could not be found (are you missing a using directive or an assembly reference?)
88>D:\Work\IOS-IG-SimHost-FDP-2\Hrot\Subsystems\Hrot.IG\IgApplication.cs(3789,62,3789,65): error CS0246: The type or namespace name 'Fdp' could not be found (are you missing a using directive or an assembly reference?)
88>D:\Work\IOS-IG-SimHost-FDP-2\Hrot\Subsystems\Hrot.IG\IgApplication.cs(3791,26,3791,52): error CS0246: The type or namespace name 'SelectionInteractionSystem' could not be found (are you missing a using directive or an assembly reference?)
88>D:\Work\IOS-IG-SimHost-FDP-2\Hrot\Subsystems\Hrot.IG\IgApplication.cs(3792,50,3792,76): error CS0246: The type or namespace name 'SelectionInteractionSystem' could not be found (are you missing a using directive or an assembly reference?)
88>D:\Work\IOS-IG-SimHost-FDP-2\Hrot\Subsystems\Hrot.IG\IgApplication.cs(3793,29,3793,32): error CS0246: The type or namespace name 'Fdp' could not be found (are you missing a using directive or an assembly reference?)
88>D:\Work\IOS-IG-SimHost-FDP-2\Hrot\Subsystems\Hrot.IG\IgApplication.cs(3788,6,3788,9): error CS0246: The type or namespace name 'Fdp' could not be found (are you missing a using directive or an assembly reference?)
88>D:\Work\IOS-IG-SimHost-FDP-2\Hrot\Subsystems\Hrot.IG\IgApplication.cs(3788,48,3788,51): error CS0103: The name 'Fdp' does not exist in the current context
88>Done building project "Hrot.IG.csproj" -- FAILED.
87>D:\Work\IOS-IG-SimHost-FDP-2\Hrot\Subsystems\AI\Hrot.BTree.Editor.Tests\BehaviorTreeAssetModelTests.cs(4,7,4,10): error CS0246: The type or namespace name 'Fbt' could not be found (are you missing a using directive or an assembly reference?)
87>D:\Work\IOS-IG-SimHost-FDP-2\Hrot\Subsystems\AI\Hrot.BTree.Editor.Tests\BehaviorTreeAssetModelTests.cs(5,25,5,30): error CS0234: The type or namespace name 'Model' does not exist in the namespace 'Hrot.BTree.Editor' (are you missing an assembly reference?)
87>D:\Work\IOS-IG-SimHost-FDP-2\Hrot\Subsystems\AI\Hrot.BTree.Editor.Tests\BehaviorTreeAssetModelTests.cs(6,7,6,17): error CS0246: The type or namespace name 'NodeEditor' could not be found (are you missing a using directive or an assembly reference?)
87>D:\Work\IOS-IG-SimHost-FDP-2\Hrot\Subsystems\AI\Hrot.BTree.Editor.Tests\BehaviorTreeAssetProjectionTests.cs(5,7,5,10): error CS0246: The type or namespace name 'Fbt' could not be found (are you missing a using directive or an assembly reference?)
87>D:\Work\IOS-IG-SimHost-FDP-2\Hrot\Subsystems\AI\Hrot.BTree.Editor.Tests\BehaviorTreeAssetProjectionTests.cs(6,25,6,30): error CS0234: The type or namespace name 'Model' does not exist in the namespace 'Hrot.BTree.Editor' (are you missing an assembly reference?)
87>D:\Work\IOS-IG-SimHost-FDP-2\Hrot\Subsystems\AI\Hrot.BTree.Editor.Tests\BehaviorTreeAssetProjectionTests.cs(7,12,7,18): error CS0234: The type or namespace name 'Editor' does not exist in the namespace 'Hrot' (are you missing an assembly reference?)
87>D:\Work\IOS-IG-SimHost-FDP-2\Hrot\Subsystems\AI\Hrot.BTree.Editor.Tests\BehaviorTreeAssetProjectionTests.cs(8,12,8,18): error CS0234: The type or namespace name 'Editor' does not exist in the namespace 'Hrot' (are you missing an assembly reference?)
87>D:\Work\IOS-IG-SimHost-FDP-2\Hrot\Subsystems\AI\Hrot.BTree.Editor.Tests\BlackboardAliasingAssetTests.cs(2,7,2,10): error CS0246: The type or namespace name 'Fbt' could not be found (are you missing a using directive or an assembly reference?)
87>D:\Work\IOS-IG-SimHost-FDP-2\Hrot\Subsystems\AI\Hrot.BTree.Editor.Tests\BlackboardAliasingAssetTests.cs(3,25,3,30): error CS0234: The type or namespace name 'Model' does not exist in the namespace 'Hrot.BTree.Editor' (are you missing an assembly reference?)
87>D:\Work\IOS-IG-SimHost-FDP-2\Hrot\Subsystems\AI\Hrot.BTree.Editor.Tests\BlackboardAliasingAssetTests.cs(4,12,4,18): error CS0234: The type or namespace name 'Editor' does not exist in the namespace 'Hrot' (are you missing an assembly reference?)
87>D:\Work\IOS-IG-SimHost-FDP-2\Hrot\Subsystems\AI\Hrot.BTree.Editor.Tests\BlackboardRenameTests.cs(4,7,4,10): error CS0246: The type or namespace name 'Fbt' could not be found (are you missing a using directive or an assembly reference?)
87>D:\Work\IOS-IG-SimHost-FDP-2\Hrot\Subsystems\AI\Hrot.BTree.Editor.Tests\BlackboardRenameTests.cs(6,25,6,32): error CS0234: The type or namespace name 'Catalog' does not exist in the namespace 'Hrot.BTree.Editor' (are you missing an assembly reference?)
87>D:\Work\IOS-IG-SimHost-FDP-2\Hrot\Subsystems\AI\Hrot.BTree.Editor.Tests\BlackboardRenameTests.cs(7,25,7,30): error CS0234: The type or namespace name 'Model' does not exist in the namespace 'Hrot.BTree.Editor' (are you missing an assembly reference?)
87>D:\Work\IOS-IG-SimHost-FDP-2\Hrot\Subsystems\AI\Hrot.BTree.Editor.Tests\BlackboardRenameTests.cs(8,12,8,18): error CS0234: The type or namespace name 'Editor' does not exist in the namespace 'Hrot' (are you missing an assembly reference?)
87>D:\Work\IOS-IG-SimHost-FDP-2\Hrot\Subsystems\AI\Hrot.BTree.Editor.Tests\BlackboardRenameTests.cs(9,12,9,18): error CS0234: The type or namespace name 'Editor' does not exist in the namespace 'Hrot' (are you missing an assembly reference?)
87>D:\Work\IOS-IG-SimHost-FDP-2\Hrot\Subsystems\AI\Hrot.BTree.Editor.Tests\BlackboardSchemaBuilderTests.cs(4,25,4,35): error CS0234: The type or namespace name 'Blackboard' does not exist in the namespace 'Hrot.BTree.Editor' (are you missing an assembly reference?)
87>D:\Work\IOS-IG-SimHost-FDP-2\Hrot\Subsystems\AI\Hrot.BTree.Editor.Tests\BlackboardVariableAssetWiringTests.cs(4,7,4,10): error CS0246: The type or namespace name 'Fbt' could not be found (are you missing a using directive or an assembly reference?)
87>D:\Work\IOS-IG-SimHost-FDP-2\Hrot\Subsystems\AI\Hrot.BTree.Editor.Tests\BlackboardVariableAssetWiringTests.cs(6,25,6,30): error CS0234: The type or namespace name 'Model' does not exist in the namespace 'Hrot.BTree.Editor' (are you missing an assembly reference?)
87>D:\Work\IOS-IG-SimHost-FDP-2\Hrot\Subsystems\AI\Hrot.BTree.Editor.Tests\BlackboardVariableAssetWiringTests.cs(7,12,7,18): error CS0234: The type or namespace name 'Editor' does not exist in the namespace 'Hrot' (are you missing an assembly reference?)
87>D:\Work\IOS-IG-SimHost-FDP-2\Hrot\Subsystems\AI\Hrot.BTree.Editor.Tests\Blackboard\BTreeAssetLoadStateTests.cs(2,7,2,10): error CS0246: The type or namespace name 'Fbt' could not be found (are you missing a using directive or an assembly reference?)
87>D:\Work\IOS-IG-SimHost-FDP-2\Hrot\Subsystems\AI\Hrot.BTree.Editor.Tests\Blackboard\BTreeAssetLoadStateTests.cs(3,25,3,30): error CS0234: The type or namespace name 'Model' does not exist in the namespace 'Hrot.BTree.Editor' (are you missing an assembly reference?)
87>D:\Work\IOS-IG-SimHost-FDP-2\Hrot\Subsystems\AI\Hrot.BTree.Editor.Tests\Blackboard\BTreeAssetLoadStateTests.cs(4,12,4,18): error CS0234: The type or namespace name 'Editor' does not exist in the namespace 'Hrot' (are you missing an assembly reference?)
87>D:\Work\IOS-IG-SimHost-FDP-2\Hrot\Subsystems\AI\Hrot.BTree.Editor.Tests\Blackboard\BTreeBlackboardAggregatorTests.cs(4,7,4,10): error CS0246: The type or namespace name 'Fbt' could not be found (are you missing a using directive or an assembly reference?)
87>D:\Work\IOS-IG-SimHost-FDP-2\Hrot\Subsystems\AI\Hrot.BTree.Editor.Tests\Blackboard\BTreeBlackboardAggregatorTests.cs(6,25,6,35): error CS0234: The type or namespace name 'Blackboard' does not exist in the namespace 'Hrot.BTree.Editor' (are you missing an assembly reference?)
87>D:\Work\IOS-IG-SimHost-FDP-2\Hrot\Subsystems\AI\Hrot.BTree.Editor.Tests\Blackboard\BTreeBlackboardAggregatorTests.cs(7,25,7,30): error CS0234: The type or namespace name 'Model' does not exist in the namespace 'Hrot.BTree.Editor' (are you missing an assembly reference?)
87>D:\Work\IOS-IG-SimHost-FDP-2\Hrot\Subsystems\AI\Hrot.BTree.Editor.Tests\Blackboard\BTreeBlackboardAggregatorTests.cs(8,12,8,18): error CS0234: The type or namespace name 'Editor' does not exist in the namespace 'Hrot' (are you missing an assembly reference?)
87>D:\Work\IOS-IG-SimHost-FDP-2\Hrot\Subsystems\AI\Hrot.BTree.Editor.Tests\Blackboard\BTreeBlackboardAggregatorTests.cs(9,12,9,18): error CS0234: The type or namespace name 'Editor' does not exist in the namespace 'Hrot' (are you missing an assembly reference?)
87>D:\Work\IOS-IG-SimHost-FDP-2\Hrot\Subsystems\AI\Hrot.BTree.Editor.Tests\Blackboard\BTreeBlackboardAggregatorTests.cs(10,12,10,18): error CS0234: The type or namespace name 'Editor' does not exist in the namespace 'Hrot' (are you missing an assembly reference?)
87>D:\Work\IOS-IG-SimHost-FDP-2\Hrot\Subsystems\AI\Hrot.BTree.Editor.Tests\Blackboard\BTreeConflictSuppressionsTests.cs(2,7,2,10): error CS0246: The type or namespace name 'Fbt' could not be found (are you missing a using directive or an assembly reference?)
87>D:\Work\IOS-IG-SimHost-FDP-2\Hrot\Subsystems\AI\Hrot.BTree.Editor.Tests\Blackboard\BTreeConflictSuppressionsTests.cs(3,25,3,30): error CS0234: The type or namespace name 'Model' does not exist in the namespace 'Hrot.BTree.Editor' (are you missing an assembly reference?)
87>D:\Work\IOS-IG-SimHost-FDP-2\Hrot\Subsystems\AI\Hrot.BTree.Editor.Tests\Blackboard\BTreePruneStaleBindingsTests.cs(2,7,2,10): error CS0246: The type or namespace name 'Fbt' could not be found (are you missing a using directive or an assembly reference?)
87>D:\Work\IOS-IG-SimHost-FDP-2\Hrot\Subsystems\AI\Hrot.BTree.Editor.Tests\Blackboard\BTreePruneStaleBindingsTests.cs(3,25,3,30): error CS0234: The type or namespace name 'Model' does not exist in the namespace 'Hrot.BTree.Editor' (are you missing an assembly reference?)
87>D:\Work\IOS-IG-SimHost-FDP-2\Hrot\Subsystems\AI\Hrot.BTree.Editor.Tests\Blackboard\BTreePruneStaleBindingsTests.cs(4,12,4,18): error CS0234: The type or namespace name 'Editor' does not exist in the namespace 'Hrot' (are you missing an assembly reference?)
87>D:\Work\IOS-IG-SimHost-FDP-2\Hrot\Subsystems\AI\Hrot.BTree.Editor.Tests\BTreeAutoAllocationTests.cs(4,7,4,10): error CS0246: The type or namespace name 'Fbt' could not be found (are you missing a using directive or an assembly reference?)
87>D:\Work\IOS-IG-SimHost-FDP-2\Hrot\Subsystems\AI\Hrot.BTree.Editor.Tests\BTreeAutoAllocationTests.cs(6,25,6,30): error CS0234: The type or namespace name 'Model' does not exist in the namespace 'Hrot.BTree.Editor' (are you missing an assembly reference?)
87>D:\Work\IOS-IG-SimHost-FDP-2\Hrot\Subsystems\AI\Hrot.BTree.Editor.Tests\BTreeAutoAllocationTests.cs(7,12,7,18): error CS0234: The type or namespace name 'Editor' does not exist in the namespace 'Hrot' (are you missing an assembly reference?)
87>D:\Work\IOS-IG-SimHost-FDP-2\Hrot\Subsystems\AI\Hrot.BTree.Editor.Tests\BTreeAutoLayoutAndCatalogTests.cs(5,7,5,10): error CS0246: The type or namespace name 'Fbt' could not be found (are you missing a using directive or an assembly reference?)
87>D:\Work\IOS-IG-SimHost-FDP-2\Hrot\Subsystems\AI\Hrot.BTree.Editor.Tests\BTreeAutoLayoutAndCatalogTests.cs(6,25,6,29): error CS0234: The type or namespace name 'Host' does not exist in the namespace 'Hrot.BTree.Editor' (are you missing an assembly reference?)
87>D:\Work\IOS-IG-SimHost-FDP-2\Hrot\Subsystems\AI\Hrot.BTree.Editor.Tests\BTreeAutoLayoutAndCatalogTests.cs(7,25,7,31): error CS0234: The type or namespace name 'Layout' does not exist in the namespace 'Hrot.BTree.Editor' (are you missing an assembly reference?)
87>D:\Work\IOS-IG-SimHost-FDP-2\Hrot\Subsystems\AI\Hrot.BTree.Editor.Tests\BTreeAutoLayoutAndCatalogTests.cs(8,25,8,30): error CS0234: The type or namespace name 'Model' does not exist in the namespace 'Hrot.BTree.Editor' (are you missing an assembly reference?)
87>D:\Work\IOS-IG-SimHost-FDP-2\Hrot\Subsystems\AI\Hrot.BTree.Editor.Tests\BTreeAutoLayoutAndCatalogTests.cs(9,7,9,17): error CS0246: The type or namespace name 'NodeEditor' could not be found (are you missing a using directive or an assembly reference?)
87>D:\Work\IOS-IG-SimHost-FDP-2\Hrot\Subsystems\AI\Hrot.BTree.Editor.Tests\BTreeAutoLayoutAndCatalogTests.cs(10,7,10,17): error CS0246: The type or namespace name 'NodeEditor' could not be found (are you missing a using directive or an assembly reference?)
87>D:\Work\IOS-IG-SimHost-FDP-2\Hrot\Subsystems\AI\Hrot.BTree.Editor.Tests\BTreeCommandSinkTests.cs(5,7,5,10): error CS0246: The type or namespace name 'Fbt' could not be found (are you missing a using directive or an assembly reference?)
87>D:\Work\IOS-IG-SimHost-FDP-2\Hrot\Subsystems\AI\Hrot.BTree.Editor.Tests\BTreeCommandSinkTests.cs(6,25,6,29): error CS0234: The type or namespace name 'Host' does not exist in the namespace 'Hrot.BTree.Editor' (are you missing an assembly reference?)
87>D:\Work\IOS-IG-SimHost-FDP-2\Hrot\Subsystems\AI\Hrot.BTree.Editor.Tests\BTreeCommandSinkTests.cs(7,25,7,30): error CS0234: The type or namespace name 'Model' does not exist in the namespace 'Hrot.BTree.Editor' (are you missing an assembly reference?)
87>D:\Work\IOS-IG-SimHost-FDP-2\Hrot\Subsystems\AI\Hrot.BTree.Editor.Tests\BTreeCommandSinkTests.cs(8,7,8,17): error CS0246: The type or namespace name 'NodeEditor' could not be found (are you missing a using directive or an assembly reference?)
87>D:\Work\IOS-IG-SimHost-FDP-2\Hrot\Subsystems\AI\Hrot.BTree.Editor.Tests\BTreeCommandSinkTests.cs(9,7,9,17): error CS0246: The type or namespace name 'NodeEditor' could not be found (are you missing a using directive or an assembly reference?)
87>D:\Work\IOS-IG-SimHost-FDP-2\Hrot\Subsystems\AI\Hrot.BTree.Editor.Tests\BTreeCommandSinkTests.cs(10,7,10,17): error CS0246: The type or namespace name 'NodeEditor' could not be found (are you missing a using directive or an assembly reference?)
87>D:\Work\IOS-IG-SimHost-FDP-2\Hrot\Subsystems\AI\Hrot.BTree.Editor.Tests\BTreeFluentEmitterEmitTests.cs(4,7,4,10): error CS0246: The type or namespace name 'Fbt' could not be found (are you missing a using directive or an assembly reference?)
87>D:\Work\IOS-IG-SimHost-FDP-2\Hrot\Subsystems\AI\Hrot.BTree.Editor.Tests\BTreeFluentEmitterEmitTests.cs(5,25,5,29): error CS0234: The type or namespace name 'Emit' does not exist in the namespace 'Hrot.BTree.Editor' (are you missing an assembly reference?)
87>D:\Work\IOS-IG-SimHost-FDP-2\Hrot\Subsystems\AI\Hrot.BTree.Editor.Tests\BTreeFluentEmitterEmitTests.cs(6,25,6,30): error CS0234: The type or namespace name 'Model' does not exist in the namespace 'Hrot.BTree.Editor' (are you missing an assembly reference?)
87>D:\Work\IOS-IG-SimHost-FDP-2\Hrot\Subsystems\AI\Hrot.BTree.Editor.Tests\BTreeFluentEmitterTests.cs(4,7,4,10): error CS0246: The type or namespace name 'Fbt' could not be found (are you missing a using directive or an assembly reference?)
87>D:\Work\IOS-IG-SimHost-FDP-2\Hrot\Subsystems\AI\Hrot.BTree.Editor.Tests\BTreeFluentEmitterTests.cs(5,25,5,29): error CS0234: The type or namespace name 'Emit' does not exist in the namespace 'Hrot.BTree.Editor' (are you missing an assembly reference?)
87>D:\Work\IOS-IG-SimHost-FDP-2\Hrot\Subsystems\AI\Hrot.BTree.Editor.Tests\BTreeFluentEmitterTests.cs(6,25,6,30): error CS0234: The type or namespace name 'Model' does not exist in the namespace 'Hrot.BTree.Editor' (are you missing an assembly reference?)
87>D:\Work\IOS-IG-SimHost-FDP-2\Hrot\Subsystems\AI\Hrot.BTree.Editor.Tests\BTreeGraphModelTests.cs(3,7,3,10): error CS0246: The type or namespace name 'Fbt' could not be found (are you missing a using directive or an assembly reference?)
87>D:\Work\IOS-IG-SimHost-FDP-2\Hrot\Subsystems\AI\Hrot.BTree.Editor.Tests\BTreeGraphModelTests.cs(5,25,5,30): error CS0234: The type or namespace name 'Model' does not exist in the namespace 'Hrot.BTree.Editor' (are you missing an assembly reference?)
87>D:\Work\IOS-IG-SimHost-FDP-2\Hrot\Subsystems\AI\Hrot.BTree.Editor.Tests\BTreeGraphModelTests.cs(6,7,6,17): error CS0246: The type or namespace name 'NodeEditor' could not be found (are you missing a using directive or an assembly reference?)
87>D:\Work\IOS-IG-SimHost-FDP-2\Hrot\Subsystems\AI\Hrot.BTree.Editor.Tests\BTreeLinkValidatorTests.cs(5,7,5,10): error CS0246: The type or namespace name 'Fbt' could not be found (are you missing a using directive or an assembly reference?)
87>D:\Work\IOS-IG-SimHost-FDP-2\Hrot\Subsystems\AI\Hrot.BTree.Editor.Tests\BTreeLinkValidatorTests.cs(6,25,6,29): error CS0234: The type or namespace name 'Host' does not exist in the namespace 'Hrot.BTree.Editor' (are you missing an assembly reference?)
87>D:\Work\IOS-IG-SimHost-FDP-2\Hrot\Subsystems\AI\Hrot.BTree.Editor.Tests\BTreeLinkValidatorTests.cs(7,7,7,17): error CS0246: The type or namespace name 'NodeEditor' could not be found (are you missing a using directive or an assembly reference?)
87>D:\Work\IOS-IG-SimHost-FDP-2\Hrot\Subsystems\AI\Hrot.BTree.Editor.Tests\BTreeLinkValidatorTests.cs(8,7,8,17): error CS0246: The type or namespace name 'NodeEditor' could not be found (are you missing a using directive or an assembly reference?)
87>D:\Work\IOS-IG-SimHost-FDP-2\Hrot\Subsystems\AI\Hrot.BTree.Editor.Tests\BTreeOrchestratorEmitterTests.cs(3,7,3,10): error CS0246: The type or namespace name 'Fbt' could not be found (are you missing a using directive or an assembly reference?)
87>D:\Work\IOS-IG-SimHost-FDP-2\Hrot\Subsystems\AI\Hrot.BTree.Editor.Tests\BTreeOrchestratorEmitterTests.cs(5,25,5,29): error CS0234: The type or namespace name 'Emit' does not exist in the namespace 'Hrot.BTree.Editor' (are you missing an assembly reference?)
87>D:\Work\IOS-IG-SimHost-FDP-2\Hrot\Subsystems\AI\Hrot.BTree.Editor.Tests\BTreeOrchestratorEmitterTests.cs(6,25,6,30): error CS0234: The type or namespace name 'Model' does not exist in the namespace 'Hrot.BTree.Editor' (are you missing an assembly reference?)
87>D:\Work\IOS-IG-SimHost-FDP-2\Hrot\Subsystems\AI\Hrot.BTree.Editor.Tests\BTreeOrchestratorEmitterTests.cs(7,12,7,18): error CS0234: The type or namespace name 'Editor' does not exist in the namespace 'Hrot' (are you missing an assembly reference?)
87>D:\Work\IOS-IG-SimHost-FDP-2\Hrot\Subsystems\AI\Hrot.BTree.Editor.Tests\BTreeQuickReloadHasherTests.cs(2,7,2,10): error CS0246: The type or namespace name 'Fbt' could not be found (are you missing a using directive or an assembly reference?)
87>D:\Work\IOS-IG-SimHost-FDP-2\Hrot\Subsystems\AI\Hrot.BTree.Editor.Tests\BTreeQuickReloadHasherTests.cs(3,25,3,34): error CS0234: The type or namespace name 'HotReload' does not exist in the namespace 'Hrot.BTree.Editor' (are you missing an assembly reference?)
87>D:\Work\IOS-IG-SimHost-FDP-2\Hrot\Subsystems\AI\Hrot.BTree.Editor.Tests\BTreeQuickReloadHasherTests.cs(4,12,4,18): error CS0234: The type or namespace name 'Editor' does not exist in the namespace 'Hrot' (are you missing an assembly reference?)
87>D:\Work\IOS-IG-SimHost-FDP-2\Hrot\Subsystems\AI\Hrot.BTree.Editor.Tests\BTreeStepControlTests.cs(2,25,2,30): error CS0234: The type or namespace name 'Debug' does not exist in the namespace 'Hrot.BTree.Editor' (are you missing an assembly reference?)
87>D:\Work\IOS-IG-SimHost-FDP-2\Hrot\Subsystems\AI\Hrot.BTree.Editor.Tests\BTreeStepControlTests.cs(3,12,3,18): error CS0234: The type or namespace name 'Editor' does not exist in the namespace 'Hrot' (are you missing an assembly reference?)
87>D:\Work\IOS-IG-SimHost-FDP-2\Hrot\Subsystems\AI\Hrot.BTree.Editor.Tests\BTreeSubtreeResolverTests.cs(5,7,5,10): error CS0246: The type or namespace name 'Fbt' could not be found (are you missing a using directive or an assembly reference?)
87>D:\Work\IOS-IG-SimHost-FDP-2\Hrot\Subsystems\AI\Hrot.BTree.Editor.Tests\BTreeSubtreeResolverTests.cs(6,25,6,30): error CS0234: The type or namespace name 'Model' does not exist in the namespace 'Hrot.BTree.Editor' (are you missing an assembly reference?)
87>D:\Work\IOS-IG-SimHost-FDP-2\Hrot\Subsystems\AI\Hrot.BTree.Editor.Tests\BTreeSubtreeResolverTests.cs(7,12,7,18): error CS0234: The type or namespace name 'Editor' does not exist in the namespace 'Hrot' (are you missing an assembly reference?)
87>D:\Work\IOS-IG-SimHost-FDP-2\Hrot\Subsystems\AI\Hrot.BTree.Editor.Tests\BTreeSubtreeResolverTests.cs(8,12,8,18): error CS0234: The type or namespace name 'Editor' does not exist in the namespace 'Hrot' (are you missing an assembly reference?)
87>D:\Work\IOS-IG-SimHost-FDP-2\Hrot\Subsystems\AI\Hrot.BTree.Editor.Tests\BTreeSuppressionPersistenceTests.cs(5,7,5,10): error CS0246: The type or namespace name 'Fbt' could not be found (are you missing a using directive or an assembly reference?)
87>D:\Work\IOS-IG-SimHost-FDP-2\Hrot\Subsystems\AI\Hrot.BTree.Editor.Tests\BTreeSuppressionPersistenceTests.cs(7,25,7,29): error CS0234: The type or namespace name 'Emit' does not exist in the namespace 'Hrot.BTree.Editor' (are you missing an assembly reference?)
87>D:\Work\IOS-IG-SimHost-FDP-2\Hrot\Subsystems\AI\Hrot.BTree.Editor.Tests\BTreeSuppressionPersistenceTests.cs(8,25,8,30): error CS0234: The type or namespace name 'Model' does not exist in the namespace 'Hrot.BTree.Editor' (are you missing an assembly reference?)
87>D:\Work\IOS-IG-SimHost-FDP-2\Hrot\Subsystems\AI\Hrot.BTree.Editor.Tests\BTreeSuppressionPersistenceTests.cs(9,12,9,18): error CS0234: The type or namespace name 'Editor' does not exist in the namespace 'Hrot' (are you missing an assembly reference?)
87>D:\Work\IOS-IG-SimHost-FDP-2\Hrot\Subsystems\AI\Hrot.BTree.Editor.Tests\BTreeSyncPersistenceTests.cs(5,7,5,10): error CS0246: The type or namespace name 'Fbt' could not be found (are you missing a using directive or an assembly reference?)
87>D:\Work\IOS-IG-SimHost-FDP-2\Hrot\Subsystems\AI\Hrot.BTree.Editor.Tests\BTreeSyncPersistenceTests.cs(7,25,7,29): error CS0234: The type or namespace name 'Emit' does not exist in the namespace 'Hrot.BTree.Editor' (are you missing an assembly reference?)
87>D:\Work\IOS-IG-SimHost-FDP-2\Hrot\Subsystems\AI\Hrot.BTree.Editor.Tests\BTreeSyncPersistenceTests.cs(8,25,8,30): error CS0234: The type or namespace name 'Model' does not exist in the namespace 'Hrot.BTree.Editor' (are you missing an assembly reference?)
87>D:\Work\IOS-IG-SimHost-FDP-2\Hrot\Subsystems\AI\Hrot.BTree.Editor.Tests\BTreeSyncPersistenceTests.cs(9,12,9,18): error CS0234: The type or namespace name 'Editor' does not exist in the namespace 'Hrot' (are you missing an assembly reference?)
87>D:\Work\IOS-IG-SimHost-FDP-2\Hrot\Subsystems\AI\Hrot.BTree.Editor.Tests\BTreeValidationTests.cs(4,7,4,10): error CS0246: The type or namespace name 'Fbt' could not be found (are you missing a using directive or an assembly reference?)
87>D:\Work\IOS-IG-SimHost-FDP-2\Hrot\Subsystems\AI\Hrot.BTree.Editor.Tests\BTreeValidationTests.cs(5,25,5,30): error CS0234: The type or namespace name 'Model' does not exist in the namespace 'Hrot.BTree.Editor' (are you missing an assembly reference?)
87>D:\Work\IOS-IG-SimHost-FDP-2\Hrot\Subsystems\AI\Hrot.BTree.Editor.Tests\BTreeValidationTests.cs(6,25,6,35): error CS0234: The type or namespace name 'Validation' does not exist in the namespace 'Hrot.BTree.Editor' (are you missing an assembly reference?)
87>D:\Work\IOS-IG-SimHost-FDP-2\Hrot\Subsystems\AI\Hrot.BTree.Editor.Tests\Comparison\BTreeComparisonSanitizerTests.cs(3,25,3,35): error CS0234: The type or namespace name 'Comparison' does not exist in the namespace 'Hrot.BTree.Editor' (are you missing an assembly reference?)
87>D:\Work\IOS-IG-SimHost-FDP-2\Hrot\Subsystems\AI\Hrot.BTree.Editor.Tests\Comparison\BTreeComparisonSanitizerTests.cs(4,12,4,18): error CS0234: The type or namespace name 'Editor' does not exist in the namespace 'Hrot' (are you missing an assembly reference?)
87>D:\Work\IOS-IG-SimHost-FDP-2\Hrot\Subsystems\AI\Hrot.BTree.Editor.Tests\Comparison\BTreeComparisonSanitizerTests.cs(5,12,5,18): error CS0234: The type or namespace name 'Editor' does not exist in the namespace 'Hrot' (are you missing an assembly reference?)
87>D:\Work\IOS-IG-SimHost-FDP-2\Hrot\Subsystems\AI\Hrot.BTree.Editor.Tests\Comparison\BTreeComparisonSanitizerTests.cs(6,12,6,18): error CS0234: The type or namespace name 'Editor' does not exist in the namespace 'Hrot' (are you missing an assembly reference?)
87>D:\Work\IOS-IG-SimHost-FDP-2\Hrot\Subsystems\AI\Hrot.BTree.Editor.Tests\Comparison\BTreeSanitizationDeterminismTests.cs(4,25,4,35): error CS0234: The type or namespace name 'Comparison' does not exist in the namespace 'Hrot.BTree.Editor' (are you missing an assembly reference?)
87>D:\Work\IOS-IG-SimHost-FDP-2\Hrot\Subsystems\AI\Hrot.BTree.Editor.Tests\Comparison\BTreeSanitizationDeterminismTests.cs(5,12,5,18): error CS0234: The type or namespace name 'Editor' does not exist in the namespace 'Hrot' (are you missing an assembly reference?)
87>D:\Work\IOS-IG-SimHost-FDP-2\Hrot\Subsystems\AI\Hrot.BTree.Editor.Tests\Comparison\BTreeSanitizationDeterminismTests.cs(6,12,6,18): error CS0234: The type or namespace name 'Editor' does not exist in the namespace 'Hrot' (are you missing an assembly reference?)
87>D:\Work\IOS-IG-SimHost-FDP-2\Hrot\Subsystems\AI\Hrot.BTree.Editor.Tests\Comparison\BTreeSelfComparisonTests.cs(3,25,3,35): error CS0234: The type or namespace name 'Comparison' does not exist in the namespace 'Hrot.BTree.Editor' (are you missing an assembly reference?)
87>D:\Work\IOS-IG-SimHost-FDP-2\Hrot\Subsystems\AI\Hrot.BTree.Editor.Tests\Comparison\BTreeSelfComparisonTests.cs(4,12,4,18): error CS0234: The type or namespace name 'Editor' does not exist in the namespace 'Hrot' (are you missing an assembly reference?)
87>D:\Work\IOS-IG-SimHost-FDP-2\Hrot\Subsystems\AI\Hrot.BTree.Editor.Tests\Comparison\BTreeSelfComparisonTests.cs(5,12,5,18): error CS0234: The type or namespace name 'Editor' does not exist in the namespace 'Hrot' (are you missing an assembly reference?)
87>D:\Work\IOS-IG-SimHost-FDP-2\Hrot\Subsystems\AI\Hrot.BTree.Editor.Tests\Comparison\FakeCatalogHelper.cs(4,12,4,18): error CS0234: The type or namespace name 'Editor' does not exist in the namespace 'Hrot' (are you missing an assembly reference?)
87>D:\Work\IOS-IG-SimHost-FDP-2\Hrot\Subsystems\AI\Hrot.BTree.Editor.Tests\Comparison\FakeCatalogHelper.cs(5,12,5,18): error CS0234: The type or namespace name 'Editor' does not exist in the namespace 'Hrot' (are you missing an assembly reference?)
87>D:\Work\IOS-IG-SimHost-FDP-2\Hrot\Subsystems\AI\Hrot.BTree.Editor.Tests\Debug\BTreeContributorDebugSessionTests.cs(2,7,2,10): error CS0246: The type or namespace name 'Fbt' could not be found (are you missing a using directive or an assembly reference?)
87>D:\Work\IOS-IG-SimHost-FDP-2\Hrot\Subsystems\AI\Hrot.BTree.Editor.Tests\Debug\BTreeContributorDebugSessionTests.cs(4,7,4,10): error CS0246: The type or namespace name 'Fdp' could not be found (are you missing a using directive or an assembly reference?)
87>D:\Work\IOS-IG-SimHost-FDP-2\Hrot\Subsystems\AI\Hrot.BTree.Editor.Tests\Debug\BTreeContributorDebugSessionTests.cs(5,7,5,10): error CS0246: The type or namespace name 'Fdp' could not be found (are you missing a using directive or an assembly reference?)
87>D:\Work\IOS-IG-SimHost-FDP-2\Hrot\Subsystems\AI\Hrot.BTree.Editor.Tests\Debug\BTreeContributorDebugSessionTests.cs(6,7,6,10): error CS0246: The type or namespace name 'Fdp' could not be found (are you missing a using directive or an assembly reference?)
87>D:\Work\IOS-IG-SimHost-FDP-2\Hrot\Subsystems\AI\Hrot.BTree.Editor.Tests\Debug\BTreeContributorDebugSessionTests.cs(7,25,7,32): error CS0234: The type or namespace name 'Catalog' does not exist in the namespace 'Hrot.BTree.Editor' (are you missing an assembly reference?)
87>D:\Work\IOS-IG-SimHost-FDP-2\Hrot\Subsystems\AI\Hrot.BTree.Editor.Tests\Debug\BTreeContributorDebugSessionTests.cs(8,25,8,30): error CS0234: The type or namespace name 'Debug' does not exist in the namespace 'Hrot.BTree.Editor' (are you missing an assembly reference?)
87>D:\Work\IOS-IG-SimHost-FDP-2\Hrot\Subsystems\AI\Hrot.BTree.Editor.Tests\Debug\BTreeDebugSessionSymbolicationTests.cs(2,7,2,10): error CS0246: The type or namespace name 'Fbt' could not be found (are you missing a using directive or an assembly reference?)
87>D:\Work\IOS-IG-SimHost-FDP-2\Hrot\Subsystems\AI\Hrot.BTree.Editor.Tests\Debug\BTreeDebugSessionSymbolicationTests.cs(4,25,4,30): error CS0234: The type or namespace name 'Debug' does not exist in the namespace 'Hrot.BTree.Editor' (are you missing an assembly reference?)
87>D:\Work\IOS-IG-SimHost-FDP-2\Hrot\Subsystems\AI\Hrot.BTree.Editor.Tests\Debug\BTreeDebugSessionTests.cs(1,7,1,10): error CS0246: The type or namespace name 'Fdp' could not be found (are you missing a using directive or an assembly reference?)
87>D:\Work\IOS-IG-SimHost-FDP-2\Hrot\Subsystems\AI\Hrot.BTree.Editor.Tests\Debug\BTreeDebugSessionTests.cs(2,7,2,10): error CS0246: The type or namespace name 'Fbt' could not be found (are you missing a using directive or an assembly reference?)
87>D:\Work\IOS-IG-SimHost-FDP-2\Hrot\Subsystems\AI\Hrot.BTree.Editor.Tests\Debug\BTreeDebugSessionTests.cs(4,25,4,30): error CS0234: The type or namespace name 'Debug' does not exist in the namespace 'Hrot.BTree.Editor' (are you missing an assembly reference?)
87>D:\Work\IOS-IG-SimHost-FDP-2\Hrot\Subsystems\AI\Hrot.BTree.Editor.Tests\Debug\BTreeDebugSessionTests.cs(5,12,5,18): error CS0234: The type or namespace name 'Editor' does not exist in the namespace 'Hrot' (are you missing an assembly reference?)
87>D:\Work\IOS-IG-SimHost-FDP-2\Hrot\Subsystems\AI\Hrot.BTree.Editor.Tests\Debug\BTreeDebugSessionTests.cs(6,7,6,10): error CS0246: The type or namespace name 'Fdp' could not be found (are you missing a using directive or an assembly reference?)
87>D:\Work\IOS-IG-SimHost-FDP-2\Hrot\Subsystems\AI\Hrot.BTree.Editor.Tests\Debug\BTreeDebugSessionTests.cs(7,7,7,10): error CS0246: The type or namespace name 'Fdp' could not be found (are you missing a using directive or an assembly reference?)
87>D:\Work\IOS-IG-SimHost-FDP-2\Hrot\Subsystems\AI\Hrot.BTree.Editor.Tests\DecoratorPillCollapseTests.cs(4,7,4,10): error CS0246: The type or namespace name 'Fbt' could not be found (are you missing a using directive or an assembly reference?)
87>D:\Work\IOS-IG-SimHost-FDP-2\Hrot\Subsystems\AI\Hrot.BTree.Editor.Tests\DecoratorPillCollapseTests.cs(5,25,5,29): error CS0234: The type or namespace name 'Emit' does not exist in the namespace 'Hrot.BTree.Editor' (are you missing an assembly reference?)
87>D:\Work\IOS-IG-SimHost-FDP-2\Hrot\Subsystems\AI\Hrot.BTree.Editor.Tests\DecoratorPillCollapseTests.cs(6,25,6,30): error CS0234: The type or namespace name 'Model' does not exist in the namespace 'Hrot.BTree.Editor' (are you missing an assembly reference?)
87>D:\Work\IOS-IG-SimHost-FDP-2\Hrot\Subsystems\AI\Hrot.BTree.Editor.Tests\Host\Aie032BTreeTraceTimelineTests.cs(2,25,2,29): error CS0234: The type or namespace name 'Host' does not exist in the namespace 'Hrot.BTree.Editor' (are you missing an assembly reference?)
87>D:\Work\IOS-IG-SimHost-FDP-2\Hrot\Subsystems\AI\Hrot.BTree.Editor.Tests\Host\Aie032BTreeTraceTimelineTests.cs(3,12,3,18): error CS0234: The type or namespace name 'Editor' does not exist in the namespace 'Hrot' (are you missing an assembly reference?)
87>D:\Work\IOS-IG-SimHost-FDP-2\Hrot\Subsystems\AI\Hrot.BTree.Editor.Tests\Host\Aie032BTreeTraceTimelineTests.cs(4,12,4,18): error CS0234: The type or namespace name 'Editor' does not exist in the namespace 'Hrot' (are you missing an assembly reference?)
87>D:\Work\IOS-IG-SimHost-FDP-2\Hrot\Subsystems\AI\Hrot.BTree.Editor.Tests\Host\BTreeBreakpointWiringTests.cs(17,31,17,42): error CS0234: The type or namespace name 'Diagnostics' does not exist in the namespace 'Hrot' (are you missing an assembly reference?)
87>D:\Work\IOS-IG-SimHost-FDP-2\Hrot\Subsystems\AI\Hrot.BTree.Editor.Tests\Host\BTreeBreakpointWiringTests.cs(17,83,17,94): error CS0234: The type or namespace name 'Diagnostics' does not exist in the namespace 'Hrot' (are you missing an assembly reference?)
87>D:\Work\IOS-IG-SimHost-FDP-2\Hrot\Subsystems\AI\Hrot.BTree.Editor.Tests\Host\BTreeBreakpointWiringTests.cs(16,32,16,43): error CS0234: The type or namespace name 'Diagnostics' does not exist in the namespace 'Hrot' (are you missing an assembly reference?)
87>D:\Work\IOS-IG-SimHost-FDP-2\Hrot\Subsystems\AI\Hrot.BTree.Editor.Tests\Host\BTreeBreakpointWiringTests.cs(16,84,16,95): error CS0234: The type or namespace name 'Diagnostics' does not exist in the namespace 'Hrot' (are you missing an assembly reference?)
87>D:\Work\IOS-IG-SimHost-FDP-2\Hrot\Subsystems\AI\Hrot.BTree.Editor.Tests\Host\BTreeBreakpointWiringTests.cs(4,7,4,10): error CS0246: The type or namespace name 'Fbt' could not be found (are you missing a using directive or an assembly reference?)
87>D:\Work\IOS-IG-SimHost-FDP-2\Hrot\Subsystems\AI\Hrot.BTree.Editor.Tests\Host\BTreeBreakpointWiringTests.cs(5,7,5,10): error CS0246: The type or namespace name 'Fdp' could not be found (are you missing a using directive or an assembly reference?)
87>D:\Work\IOS-IG-SimHost-FDP-2\Hrot\Subsystems\AI\Hrot.BTree.Editor.Tests\Host\BTreeBreakpointWiringTests.cs(6,7,6,10): error CS0246: The type or namespace name 'Fdp' could not be found (are you missing a using directive or an assembly reference?)
87>D:\Work\IOS-IG-SimHost-FDP-2\Hrot\Subsystems\AI\Hrot.BTree.Editor.Tests\Host\BTreeBreakpointWiringTests.cs(7,7,7,10): error CS0246: The type or namespace name 'Fdp' could not be found (are you missing a using directive or an assembly reference?)
87>D:\Work\IOS-IG-SimHost-FDP-2\Hrot\Subsystems\AI\Hrot.BTree.Editor.Tests\Host\BTreeBreakpointWiringTests.cs(8,25,8,29): error CS0234: The type or namespace name 'Host' does not exist in the namespace 'Hrot.BTree.Editor' (are you missing an assembly reference?)
87>D:\Work\IOS-IG-SimHost-FDP-2\Hrot\Subsystems\AI\Hrot.BTree.Editor.Tests\Host\BTreeBreakpointWiringTests.cs(9,25,9,30): error CS0234: The type or namespace name 'Model' does not exist in the namespace 'Hrot.BTree.Editor' (are you missing an assembly reference?)
87>D:\Work\IOS-IG-SimHost-FDP-2\Hrot\Subsystems\AI\Hrot.BTree.Editor.Tests\Host\BTreeBreakpointWiringTests.cs(10,12,10,23): error CS0234: The type or namespace name 'Diagnostics' does not exist in the namespace 'Hrot' (are you missing an assembly reference?)
87>D:\Work\IOS-IG-SimHost-FDP-2\Hrot\Subsystems\AI\Hrot.BTree.Editor.Tests\Host\BTreeBreakpointWiringTests.cs(11,7,11,17): error CS0246: The type or namespace name 'NodeEditor' could not be found (are you missing a using directive or an assembly reference?)
87>D:\Work\IOS-IG-SimHost-FDP-2\Hrot\Subsystems\AI\Hrot.BTree.Editor.Tests\Host\BTreeBreakpointWiringTests.cs(12,7,12,17): error CS0246: The type or namespace name 'NodeEditor' could not be found (are you missing a using directive or an assembly reference?)
87>D:\Work\IOS-IG-SimHost-FDP-2\Hrot\Subsystems\AI\Hrot.BTree.Editor.Tests\Host\BTreeDocumentFactoryTests.cs(3,7,3,10): error CS0246: The type or namespace name 'Fbt' could not be found (are you missing a using directive or an assembly reference?)
87>D:\Work\IOS-IG-SimHost-FDP-2\Hrot\Subsystems\AI\Hrot.BTree.Editor.Tests\Host\BTreeDocumentFactoryTests.cs(5,7,5,10): error CS0246: The type or namespace name 'Fdp' could not be found (are you missing a using directive or an assembly reference?)
87>D:\Work\IOS-IG-SimHost-FDP-2\Hrot\Subsystems\AI\Hrot.BTree.Editor.Tests\Host\BTreeDocumentFactoryTests.cs(6,25,6,29): error CS0234: The type or namespace name 'Host' does not exist in the namespace 'Hrot.BTree.Editor' (are you missing an assembly reference?)
87>D:\Work\IOS-IG-SimHost-FDP-2\Hrot\Subsystems\AI\Hrot.BTree.Editor.Tests\Host\BTreeDocumentFactoryTests.cs(7,25,7,30): error CS0234: The type or namespace name 'Model' does not exist in the namespace 'Hrot.BTree.Editor' (are you missing an assembly reference?)
87>D:\Work\IOS-IG-SimHost-FDP-2\Hrot\Subsystems\AI\Hrot.BTree.Editor.Tests\Host\BTreeDocumentFactoryTests.cs(8,12,8,18): error CS0234: The type or namespace name 'Editor' does not exist in the namespace 'Hrot' (are you missing an assembly reference?)
87>D:\Work\IOS-IG-SimHost-FDP-2\Hrot\Subsystems\AI\Hrot.BTree.Editor.Tests\Host\BTreeDocumentFactoryTests.cs(9,12,9,18): error CS0234: The type or namespace name 'Editor' does not exist in the namespace 'Hrot' (are you missing an assembly reference?)
87>D:\Work\IOS-IG-SimHost-FDP-2\Hrot\Subsystems\AI\Hrot.BTree.Editor.Tests\Host\BTreeDocumentFactoryTests.cs(10,12,10,18): error CS0234: The type or namespace name 'Editor' does not exist in the namespace 'Hrot' (are you missing an assembly reference?)
87>D:\Work\IOS-IG-SimHost-FDP-2\Hrot\Subsystems\AI\Hrot.BTree.Editor.Tests\Host\BTreeDocumentFactoryTests.cs(11,7,11,17): error CS0246: The type or namespace name 'NodeEditor' could not be found (are you missing a using directive or an assembly reference?)
87>D:\Work\IOS-IG-SimHost-FDP-2\Hrot\Subsystems\AI\Hrot.BTree.Editor.Tests\Host\BTreeTraceLaneProviderTests.cs(2,25,2,29): error CS0234: The type or namespace name 'Host' does not exist in the namespace 'Hrot.BTree.Editor' (are you missing an assembly reference?)
87>D:\Work\IOS-IG-SimHost-FDP-2\Hrot\Subsystems\AI\Hrot.BTree.Editor.Tests\Host\BTreeTraceLaneProviderTests.cs(3,12,3,18): error CS0234: The type or namespace name 'Editor' does not exist in the namespace 'Hrot' (are you missing an assembly reference?)
87>D:\Work\IOS-IG-SimHost-FDP-2\Hrot\Subsystems\AI\Hrot.BTree.Editor.Tests\Host\BTreeTraceLaneProviderTests.cs(4,12,4,18): error CS0234: The type or namespace name 'Editor' does not exist in the namespace 'Hrot' (are you missing an assembly reference?)
87>D:\Work\IOS-IG-SimHost-FDP-2\Hrot\Subsystems\AI\Hrot.BTree.Editor.Tests\Inspector\BlackboardFieldPickerAttributeTests.cs(4,25,4,34): error CS0234: The type or namespace name 'Inspector' does not exist in the namespace 'Hrot.BTree.Editor' (are you missing an assembly reference?)
87>D:\Work\IOS-IG-SimHost-FDP-2\Hrot\Subsystems\AI\Hrot.BTree.Editor.Tests\Inspector\BlackboardFieldPickerAttributeTests.cs(5,12,5,18): error CS0234: The type or namespace name 'Editor' does not exist in the namespace 'Hrot' (are you missing an assembly reference?)
87>D:\Work\IOS-IG-SimHost-FDP-2\Hrot\Subsystems\AI\Hrot.BTree.Editor.Tests\Inspector\BTreeBoundToDropdownTests.cs(3,7,3,10): error CS0246: The type or namespace name 'Fbt' could not be found (are you missing a using directive or an assembly reference?)
87>D:\Work\IOS-IG-SimHost-FDP-2\Hrot\Subsystems\AI\Hrot.BTree.Editor.Tests\Inspector\BTreeBoundToDropdownTests.cs(5,25,5,30): error CS0234: The type or namespace name 'Model' does not exist in the namespace 'Hrot.BTree.Editor' (are you missing an assembly reference?)
87>D:\Work\IOS-IG-SimHost-FDP-2\Hrot\Subsystems\AI\Hrot.BTree.Editor.Tests\Inspector\BTreeBoundToDropdownTests.cs(6,12,6,18): error CS0234: The type or namespace name 'Editor' does not exist in the namespace 'Hrot' (are you missing an assembly reference?)
87>D:\Work\IOS-IG-SimHost-FDP-2\Hrot\Subsystems\AI\Hrot.BTree.Editor.Tests\Inspector\BTreeFacetMapperTests.cs(3,7,3,10): error CS0246: The type or namespace name 'Fbt' could not be found (are you missing a using directive or an assembly reference?)
87>D:\Work\IOS-IG-SimHost-FDP-2\Hrot\Subsystems\AI\Hrot.BTree.Editor.Tests\Inspector\BTreeFacetMapperTests.cs(5,25,5,34): error CS0234: The type or namespace name 'Inspector' does not exist in the namespace 'Hrot.BTree.Editor' (are you missing an assembly reference?)
87>D:\Work\IOS-IG-SimHost-FDP-2\Hrot\Subsystems\AI\Hrot.BTree.Editor.Tests\Inspector\BTreeFacetMapperTests.cs(6,25,6,30): error CS0234: The type or namespace name 'Model' does not exist in the namespace 'Hrot.BTree.Editor' (are you missing an assembly reference?)
87>D:\Work\IOS-IG-SimHost-FDP-2\Hrot\Subsystems\AI\Hrot.BTree.Editor.Tests\Inspector\BTreeFacetMapperTests.cs(7,12,7,18): error CS0234: The type or namespace name 'Editor' does not exist in the namespace 'Hrot' (are you missing an assembly reference?)
87>D:\Work\IOS-IG-SimHost-FDP-2\Hrot\Subsystems\AI\Hrot.BTree.Editor.Tests\Inspector\BTreeFacetMapperTests.cs(8,12,8,18): error CS0234: The type or namespace name 'Editor' does not exist in the namespace 'Hrot' (are you missing an assembly reference?)
87>D:\Work\IOS-IG-SimHost-FDP-2\Hrot\Subsystems\AI\Hrot.BTree.Editor.Tests\Inspector\BTreeFacetMapperTests.cs(9,12,9,18): error CS0234: The type or namespace name 'Editor' does not exist in the namespace 'Hrot' (are you missing an assembly reference?)
87>D:\Work\IOS-IG-SimHost-FDP-2\Hrot\Subsystems\AI\Hrot.BTree.Editor.Tests\Inspector\BTreeFacetMapperTests.cs(10,12,10,18): error CS0234: The type or namespace name 'Editor' does not exist in the namespace 'Hrot' (are you missing an assembly reference?)
87>D:\Work\IOS-IG-SimHost-FDP-2\Hrot\Subsystems\AI\Hrot.BTree.Editor.Tests\Inspector\BTreeFacetMapperTests.cs(11,12,11,18): error CS0234: The type or namespace name 'Editor' does not exist in the namespace 'Hrot' (are you missing an assembly reference?)
87>D:\Work\IOS-IG-SimHost-FDP-2\Hrot\Subsystems\AI\Hrot.BTree.Editor.Tests\Inspector\BTreePickerDrawerTests.cs(4,7,4,10): error CS0246: The type or namespace name 'Fbt' could not be found (are you missing a using directive or an assembly reference?)
87>D:\Work\IOS-IG-SimHost-FDP-2\Hrot\Subsystems\AI\Hrot.BTree.Editor.Tests\Inspector\BTreePickerDrawerTests.cs(5,7,5,10): error CS0246: The type or namespace name 'Fdp' could not be found (are you missing a using directive or an assembly reference?)
87>D:\Work\IOS-IG-SimHost-FDP-2\Hrot\Subsystems\AI\Hrot.BTree.Editor.Tests\Inspector\BTreePickerDrawerTests.cs(7,25,7,34): error CS0234: The type or namespace name 'Inspector' does not exist in the namespace 'Hrot.BTree.Editor' (are you missing an assembly reference?)
87>D:\Work\IOS-IG-SimHost-FDP-2\Hrot\Subsystems\AI\Hrot.BTree.Editor.Tests\Inspector\BTreePickerDrawerTests.cs(8,25,8,30): error CS0234: The type or namespace name 'Model' does not exist in the namespace 'Hrot.BTree.Editor' (are you missing an assembly reference?)
87>D:\Work\IOS-IG-SimHost-FDP-2\Hrot\Subsystems\AI\Hrot.BTree.Editor.Tests\Inspector\BTreePickerDrawerTests.cs(9,12,9,18): error CS0234: The type or namespace name 'Editor' does not exist in the namespace 'Hrot' (are you missing an assembly reference?)
87>D:\Work\IOS-IG-SimHost-FDP-2\Hrot\Subsystems\AI\Hrot.BTree.Editor.Tests\Inspector\BTreePickerDrawerTests.cs(10,7,10,17): error CS0246: The type or namespace name 'StructEdit' could not be found (are you missing a using directive or an assembly reference?)
87>D:\Work\IOS-IG-SimHost-FDP-2\Hrot\Subsystems\AI\Hrot.BTree.Editor.Tests\Inspector\BTreePickerDrawerTests.cs(11,7,11,17): error CS0246: The type or namespace name 'StructEdit' could not be found (are you missing a using directive or an assembly reference?)
87>D:\Work\IOS-IG-SimHost-FDP-2\Hrot\Subsystems\AI\Hrot.BTree.Editor.Tests\Inspector\BTreeRuntimeInspectorPaneTests.cs(3,7,3,10): error CS0246: The type or namespace name 'Fdp' could not be found (are you missing a using directive or an assembly reference?)
87>D:\Work\IOS-IG-SimHost-FDP-2\Hrot\Subsystems\AI\Hrot.BTree.Editor.Tests\Inspector\BTreeRuntimeInspectorPaneTests.cs(5,25,5,30): error CS0234: The type or namespace name 'Debug' does not exist in the namespace 'Hrot.BTree.Editor' (are you missing an assembly reference?)
87>D:\Work\IOS-IG-SimHost-FDP-2\Hrot\Subsystems\AI\Hrot.BTree.Editor.Tests\Inspector\BTreeRuntimeInspectorPaneTests.cs(6,25,6,34): error CS0234: The type or namespace name 'Inspector' does not exist in the namespace 'Hrot.BTree.Editor' (are you missing an assembly reference?)
87>D:\Work\IOS-IG-SimHost-FDP-2\Hrot\Subsystems\AI\Hrot.BTree.Editor.Tests\Inspector\BTreeRuntimeInspectorPaneTests.cs(7,12,7,18): error CS0234: The type or namespace name 'Editor' does not exist in the namespace 'Hrot' (are you missing an assembly reference?)
87>D:\Work\IOS-IG-SimHost-FDP-2\Hrot\Subsystems\AI\Hrot.BTree.Editor.Tests\Inspector\BTreeSubtreeSyncPanelTests.cs(3,7,3,10): error CS0246: The type or namespace name 'Fbt' could not be found (are you missing a using directive or an assembly reference?)
87>D:\Work\IOS-IG-SimHost-FDP-2\Hrot\Subsystems\AI\Hrot.BTree.Editor.Tests\Inspector\BTreeSubtreeSyncPanelTests.cs(5,25,5,30): error CS0234: The type or namespace name 'Model' does not exist in the namespace 'Hrot.BTree.Editor' (are you missing an assembly reference?)
87>D:\Work\IOS-IG-SimHost-FDP-2\Hrot\Subsystems\AI\Hrot.BTree.Editor.Tests\Inspector\BTreeSubtreeSyncPanelTests.cs(6,12,6,18): error CS0234: The type or namespace name 'Editor' does not exist in the namespace 'Hrot' (are you missing an assembly reference?)
87>D:\Work\IOS-IG-SimHost-FDP-2\Hrot\Subsystems\AI\Hrot.BTree.Editor.Tests\Renderers\BTreeHostServicesRuntimeOverlayTests.cs(3,7,3,10): error CS0246: The type or namespace name 'Fbt' could not be found (are you missing a using directive or an assembly reference?)
87>D:\Work\IOS-IG-SimHost-FDP-2\Hrot\Subsystems\AI\Hrot.BTree.Editor.Tests\Renderers\BTreeHostServicesRuntimeOverlayTests.cs(5,7,5,10): error CS0246: The type or namespace name 'Fdp' could not be found (are you missing a using directive or an assembly reference?)
87>D:\Work\IOS-IG-SimHost-FDP-2\Hrot\Subsystems\AI\Hrot.BTree.Editor.Tests\Renderers\BTreeHostServicesRuntimeOverlayTests.cs(6,25,6,30): error CS0234: The type or namespace name 'Debug' does not exist in the namespace 'Hrot.BTree.Editor' (are you missing an assembly reference?)
87>D:\Work\IOS-IG-SimHost-FDP-2\Hrot\Subsystems\AI\Hrot.BTree.Editor.Tests\Renderers\BTreeHostServicesRuntimeOverlayTests.cs(7,25,7,29): error CS0234: The type or namespace name 'Host' does not exist in the namespace 'Hrot.BTree.Editor' (are you missing an assembly reference?)
87>D:\Work\IOS-IG-SimHost-FDP-2\Hrot\Subsystems\AI\Hrot.BTree.Editor.Tests\Renderers\BTreeHostServicesRuntimeOverlayTests.cs(8,25,8,30): error CS0234: The type or namespace name 'Model' does not exist in the namespace 'Hrot.BTree.Editor' (are you missing an assembly reference?)
87>D:\Work\IOS-IG-SimHost-FDP-2\Hrot\Subsystems\AI\Hrot.BTree.Editor.Tests\Renderers\BTreeHostServicesRuntimeOverlayTests.cs(9,25,9,34): error CS0234: The type or namespace name 'Renderers' does not exist in the namespace 'Hrot.BTree.Editor' (are you missing an assembly reference?)
87>D:\Work\IOS-IG-SimHost-FDP-2\Hrot\Subsystems\AI\Hrot.BTree.Editor.Tests\Renderers\BTreeHostServicesRuntimeOverlayTests.cs(10,12,10,18): error CS0234: The type or namespace name 'Editor' does not exist in the namespace 'Hrot' (are you missing an assembly reference?)
87>D:\Work\IOS-IG-SimHost-FDP-2\Hrot\Subsystems\AI\Hrot.BTree.Editor.Tests\Renderers\BTreeHostServicesRuntimeOverlayTests.cs(11,7,11,17): error CS0246: The type or namespace name 'NodeEditor' could not be found (are you missing a using directive or an assembly reference?)
87>D:\Work\IOS-IG-SimHost-FDP-2\Hrot\Subsystems\AI\Hrot.BTree.Editor.Tests\Renderers\BTreeHostServicesRuntimeOverlayTests.cs(12,7,12,17): error CS0246: The type or namespace name 'NodeEditor' could not be found (are you missing a using directive or an assembly reference?)
87>D:\Work\IOS-IG-SimHost-FDP-2\Hrot\Subsystems\AI\Hrot.BTree.Editor.Tests\Renderers\BTreeRuntimeOverlayRendererTests.cs(4,7,4,10): error CS0246: The type or namespace name 'Fdp' could not be found (are you missing a using directive or an assembly reference?)
87>D:\Work\IOS-IG-SimHost-FDP-2\Hrot\Subsystems\AI\Hrot.BTree.Editor.Tests\Renderers\BTreeRuntimeOverlayRendererTests.cs(6,7,6,10): error CS0246: The type or namespace name 'Fbt' could not be found (are you missing a using directive or an assembly reference?)
87>D:\Work\IOS-IG-SimHost-FDP-2\Hrot\Subsystems\AI\Hrot.BTree.Editor.Tests\Renderers\BTreeRuntimeOverlayRendererTests.cs(7,25,7,30): error CS0234: The type or namespace name 'Debug' does not exist in the namespace 'Hrot.BTree.Editor' (are you missing an assembly reference?)
87>D:\Work\IOS-IG-SimHost-FDP-2\Hrot\Subsystems\AI\Hrot.BTree.Editor.Tests\Renderers\BTreeRuntimeOverlayRendererTests.cs(8,25,8,34): error CS0234: The type or namespace name 'Renderers' does not exist in the namespace 'Hrot.BTree.Editor' (are you missing an assembly reference?)
87>D:\Work\IOS-IG-SimHost-FDP-2\Hrot\Subsystems\AI\Hrot.BTree.Editor.Tests\Renderers\BTreeRuntimeOverlayRendererTests.cs(9,12,9,18): error CS0234: The type or namespace name 'Editor' does not exist in the namespace 'Hrot' (are you missing an assembly reference?)
87>D:\Work\IOS-IG-SimHost-FDP-2\Hrot\Subsystems\AI\Hrot.BTree.Editor.Tests\Renderers\BTreeRuntimeOverlayRendererTests.cs(10,12,10,18): error CS0234: The type or namespace name 'Editor' does not exist in the namespace 'Hrot' (are you missing an assembly reference?)
87>D:\Work\IOS-IG-SimHost-FDP-2\Hrot\Subsystems\AI\Hrot.BTree.Editor.Tests\Renderers\BTreeRuntimeOverlayRendererTests.cs(12,7,12,17): error CS0246: The type or namespace name 'NodeEditor' could not be found (are you missing a using directive or an assembly reference?)
87>D:\Work\IOS-IG-SimHost-FDP-2\Hrot\Subsystems\AI\Hrot.BTree.Editor.Tests\Renderers\BTreeRuntimeOverlayRendererTests.cs(13,7,13,17): error CS0246: The type or namespace name 'NodeEditor' could not be found (are you missing a using directive or an assembly reference?)
87>D:\Work\IOS-IG-SimHost-FDP-2\Hrot\Subsystems\AI\Hrot.BTree.Editor.Tests\Renderers\BTreeRuntimeOverlayRendererTests.cs(14,7,14,17): error CS0246: The type or namespace name 'NodeEditor' could not be found (are you missing a using directive or an assembly reference?)
87>D:\Work\IOS-IG-SimHost-FDP-2\Hrot\Subsystems\AI\Hrot.BTree.Editor.Tests\Renderers\BTreeRuntimeOverlayRendererTests.cs(15,7,15,17): error CS0246: The type or namespace name 'NodeEditor' could not be found (are you missing a using directive or an assembly reference?)
87>D:\Work\IOS-IG-SimHost-FDP-2\Hrot\Subsystems\AI\Hrot.BTree.Editor.Tests\Renderers\ObserverGuardBadgeRendererTests.cs(5,25,5,29): error CS0234: The type or namespace name 'Host' does not exist in the namespace 'Hrot.BTree.Editor' (are you missing an assembly reference?)
87>D:\Work\IOS-IG-SimHost-FDP-2\Hrot\Subsystems\AI\Hrot.BTree.Editor.Tests\Renderers\ObserverGuardBadgeRendererTests.cs(6,25,6,34): error CS0234: The type or namespace name 'Renderers' does not exist in the namespace 'Hrot.BTree.Editor' (are you missing an assembly reference?)
87>D:\Work\IOS-IG-SimHost-FDP-2\Hrot\Subsystems\AI\Hrot.BTree.Editor.Tests\Renderers\ObserverGuardBadgeRendererTests.cs(8,7,8,17): error CS0246: The type or namespace name 'NodeEditor' could not be found (are you missing a using directive or an assembly reference?)
87>D:\Work\IOS-IG-SimHost-FDP-2\Hrot\Subsystems\AI\Hrot.BTree.Editor.Tests\Renderers\ObserverGuardBadgeRendererTests.cs(9,7,9,17): error CS0246: The type or namespace name 'NodeEditor' could not be found (are you missing a using directive or an assembly reference?)
87>D:\Work\IOS-IG-SimHost-FDP-2\Hrot\Subsystems\AI\Hrot.BTree.Editor.Tests\Renderers\ObserverGuardBadgeRendererTests.cs(10,7,10,17): error CS0246: The type or namespace name 'NodeEditor' could not be found (are you missing a using directive or an assembly reference?)
87>D:\Work\IOS-IG-SimHost-FDP-2\Hrot\Subsystems\AI\Hrot.BTree.Editor.Tests\Renderers\ObserverGuardBadgeRendererTests.cs(11,7,11,17): error CS0246: The type or namespace name 'NodeEditor' could not be found (are you missing a using directive or an assembly reference?)
87>D:\Work\IOS-IG-SimHost-FDP-2\Hrot\Subsystems\AI\Hrot.BTree.Editor.Tests\Renderers\VariableBindingBadgeRendererTests.cs(4,7,4,10): error CS0246: The type or namespace name 'Fbt' could not be found (are you missing a using directive or an assembly reference?)
87>D:\Work\IOS-IG-SimHost-FDP-2\Hrot\Subsystems\AI\Hrot.BTree.Editor.Tests\Renderers\VariableBindingBadgeRendererTests.cs(6,25,6,29): error CS0234: The type or namespace name 'Host' does not exist in the namespace 'Hrot.BTree.Editor' (are you missing an assembly reference?)
87>D:\Work\IOS-IG-SimHost-FDP-2\Hrot\Subsystems\AI\Hrot.BTree.Editor.Tests\Renderers\VariableBindingBadgeRendererTests.cs(7,25,7,30): error CS0234: The type or namespace name 'Model' does not exist in the namespace 'Hrot.BTree.Editor' (are you missing an assembly reference?)
87>D:\Work\IOS-IG-SimHost-FDP-2\Hrot\Subsystems\AI\Hrot.BTree.Editor.Tests\Renderers\VariableBindingBadgeRendererTests.cs(8,25,8,34): error CS0234: The type or namespace name 'Renderers' does not exist in the namespace 'Hrot.BTree.Editor' (are you missing an assembly reference?)
87>D:\Work\IOS-IG-SimHost-FDP-2\Hrot\Subsystems\AI\Hrot.BTree.Editor.Tests\Renderers\VariableBindingBadgeRendererTests.cs(9,12,9,18): error CS0234: The type or namespace name 'Editor' does not exist in the namespace 'Hrot' (are you missing an assembly reference?)
87>D:\Work\IOS-IG-SimHost-FDP-2\Hrot\Subsystems\AI\Hrot.BTree.Editor.Tests\Renderers\VariableBindingBadgeRendererTests.cs(11,7,11,17): error CS0246: The type or namespace name 'NodeEditor' could not be found (are you missing a using directive or an assembly reference?)
87>D:\Work\IOS-IG-SimHost-FDP-2\Hrot\Subsystems\AI\Hrot.BTree.Editor.Tests\Renderers\VariableBindingBadgeRendererTests.cs(12,7,12,17): error CS0246: The type or namespace name 'NodeEditor' could not be found (are you missing a using directive or an assembly reference?)
87>D:\Work\IOS-IG-SimHost-FDP-2\Hrot\Subsystems\AI\Hrot.BTree.Editor.Tests\Renderers\VariableBindingBadgeRendererTests.cs(13,7,13,17): error CS0246: The type or namespace name 'NodeEditor' could not be found (are you missing a using directive or an assembly reference?)
87>D:\Work\IOS-IG-SimHost-FDP-2\Hrot\Subsystems\AI\Hrot.BTree.Editor.Tests\Renderers\VariableBindingBadgeRendererTests.cs(14,7,14,17): error CS0246: The type or namespace name 'NodeEditor' could not be found (are you missing a using directive or an assembly reference?)
87>D:\Work\IOS-IG-SimHost-FDP-2\Hrot\Subsystems\AI\Hrot.BTree.Editor.Tests\SaveBTreeEmitTests.cs(3,7,3,10): error CS0246: The type or namespace name 'Fbt' could not be found (are you missing a using directive or an assembly reference?)
87>D:\Work\IOS-IG-SimHost-FDP-2\Hrot\Subsystems\AI\Hrot.BTree.Editor.Tests\SaveBTreeEmitTests.cs(4,25,4,29): error CS0234: The type or namespace name 'Emit' does not exist in the namespace 'Hrot.BTree.Editor' (are you missing an assembly reference?)
87>D:\Work\IOS-IG-SimHost-FDP-2\Hrot\Subsystems\AI\Hrot.BTree.Editor.Tests\SaveBTreeEmitTests.cs(5,25,5,30): error CS0234: The type or namespace name 'Model' does not exist in the namespace 'Hrot.BTree.Editor' (are you missing an assembly reference?)
87>D:\Work\IOS-IG-SimHost-FDP-2\Hrot\Subsystems\AI\Hrot.BTree.Editor.Tests\SaveBTreeEmitTests.cs(6,12,6,18): error CS0234: The type or namespace name 'Editor' does not exist in the namespace 'Hrot' (are you missing an assembly reference?)
87>D:\Work\IOS-IG-SimHost-FDP-2\Hrot\Subsystems\AI\Hrot.BTree.Editor.Tests\SubtreeBoundaryRendererTests.cs(3,7,3,10): error CS0246: The type or namespace name 'Fdp' could not be found (are you missing a using directive or an assembly reference?)
87>D:\Work\IOS-IG-SimHost-FDP-2\Hrot\Subsystems\AI\Hrot.BTree.Editor.Tests\SubtreeBoundaryRendererTests.cs(5,7,5,10): error CS0246: The type or namespace name 'Fbt' could not be found (are you missing a using directive or an assembly reference?)
87>D:\Work\IOS-IG-SimHost-FDP-2\Hrot\Subsystems\AI\Hrot.BTree.Editor.Tests\SubtreeBoundaryRendererTests.cs(6,25,6,30): error CS0234: The type or namespace name 'Debug' does not exist in the namespace 'Hrot.BTree.Editor' (are you missing an assembly reference?)
87>D:\Work\IOS-IG-SimHost-FDP-2\Hrot\Subsystems\AI\Hrot.BTree.Editor.Tests\SubtreeBoundaryRendererTests.cs(7,25,7,30): error CS0234: The type or namespace name 'Model' does not exist in the namespace 'Hrot.BTree.Editor' (are you missing an assembly reference?)
87>D:\Work\IOS-IG-SimHost-FDP-2\Hrot\Subsystems\AI\Hrot.BTree.Editor.Tests\SubtreeBoundaryRendererTests.cs(8,25,8,34): error CS0234: The type or namespace name 'Renderers' does not exist in the namespace 'Hrot.BTree.Editor' (are you missing an assembly reference?)
87>D:\Work\IOS-IG-SimHost-FDP-2\Hrot\Subsystems\AI\Hrot.BTree.Editor.Tests\SubtreeBoundaryRendererTests.cs(9,12,9,18): error CS0234: The type or namespace name 'Editor' does not exist in the namespace 'Hrot' (are you missing an assembly reference?)
87>D:\Work\IOS-IG-SimHost-FDP-2\Hrot\Subsystems\AI\Hrot.BTree.Editor.Tests\SubtreeBoundaryRendererTests.cs(10,7,10,17): error CS0246: The type or namespace name 'NodeEditor' could not be found (are you missing a using directive or an assembly reference?)
87>D:\Work\IOS-IG-SimHost-FDP-2\Hrot\Subsystems\AI\Hrot.BTree.Editor.Tests\Validation\BTreeAssetValidatorTests.cs(2,25,2,35): error CS0234: The type or namespace name 'Validation' does not exist in the namespace 'Hrot.BTree.Editor' (are you missing an assembly reference?)
87>D:\Work\IOS-IG-SimHost-FDP-2\Hrot\Subsystems\AI\Hrot.BTree.Editor.Tests\Validation\BTreeAssetValidatorTests.cs(3,12,3,18): error CS0234: The type or namespace name 'Editor' does not exist in the namespace 'Hrot' (are you missing an assembly reference?)
87>D:\Work\IOS-IG-SimHost-FDP-2\Hrot\Subsystems\AI\Hrot.BTree.Editor.Tests\BlackboardAliasingAssetTests.cs(16,20,16,36): error CS0246: The type or namespace name 'BehaviorTreeBlob' could not be found (are you missing a using directive or an assembly reference?)
87>D:\Work\IOS-IG-SimHost-FDP-2\Hrot\Subsystems\AI\Hrot.BTree.Editor.Tests\BehaviorTreeAssetModelTests.cs(13,20,13,36): error CS0246: The type or namespace name 'BehaviorTreeBlob' could not be found (are you missing a using directive or an assembly reference?)
87>D:\Work\IOS-IG-SimHost-FDP-2\Hrot\Subsystems\AI\Hrot.BTree.Editor.Tests\BlackboardRenameTests.cs(16,20,16,36): error CS0246: The type or namespace name 'BehaviorTreeBlob' could not be found (are you missing a using directive or an assembly reference?)
87>D:\Work\IOS-IG-SimHost-FDP-2\Hrot\Subsystems\AI\Hrot.BTree.Editor.Tests\BehaviorTreeAssetModelTests.cs(24,20,24,37): error CS0246: The type or namespace name 'BehaviorTreeAsset' could not be found (are you missing a using directive or an assembly reference?)
87>D:\Work\IOS-IG-SimHost-FDP-2\Hrot\Subsystems\AI\Hrot.BTree.Editor.Tests\BlackboardAliasingAssetTests.cs(27,20,27,37): error CS0246: The type or namespace name 'BehaviorTreeAsset' could not be found (are you missing a using directive or an assembly reference?)
87>D:\Work\IOS-IG-SimHost-FDP-2\Hrot\Subsystems\AI\Hrot.BTree.Editor.Tests\BlackboardRenameTests.cs(27,20,27,37): error CS0246: The type or namespace name 'BehaviorTreeAsset' could not be found (are you missing a using directive or an assembly reference?)
87>D:\Work\IOS-IG-SimHost-FDP-2\Hrot\Subsystems\AI\Hrot.BTree.Editor.Tests\BehaviorTreeAssetProjectionTests.cs(20,37,20,45): error CS0246: The type or namespace name 'NodeType' could not be found (are you missing a using directive or an assembly reference?)
87>D:\Work\IOS-IG-SimHost-FDP-2\Hrot\Subsystems\AI\Hrot.BTree.Editor.Tests\BehaviorTreeAssetProjectionTests.cs(20,20,20,34): error CS0246: The type or namespace name 'NodeDefinition' could not be found (are you missing a using directive or an assembly reference?)
87>D:\Work\IOS-IG-SimHost-FDP-2\Hrot\Subsystems\AI\Hrot.BTree.Editor.Tests\BlackboardVariableAssetWiringTests.cs(14,20,14,36): error CS0246: The type or namespace name 'BehaviorTreeBlob' could not be found (are you missing a using directive or an assembly reference?)
87>D:\Work\IOS-IG-SimHost-FDP-2\Hrot\Subsystems\AI\Hrot.BTree.Editor.Tests\Blackboard\BTreeBlackboardAggregatorTests.cs(54,20,54,36): error CS0246: The type or namespace name 'BehaviorTreeBlob' could not be found (are you missing a using directive or an assembly reference?)
87>D:\Work\IOS-IG-SimHost-FDP-2\Hrot\Subsystems\AI\Hrot.BTree.Editor.Tests\Blackboard\BTreeAssetLoadStateTests.cs(17,20,17,36): error CS0246: The type or namespace name 'BehaviorTreeBlob' could not be found (are you missing a using directive or an assembly reference?)
87>D:\Work\IOS-IG-SimHost-FDP-2\Hrot\Subsystems\AI\Hrot.BTree.Editor.Tests\BlackboardAliasingAssetTests.cs(41,20,41,42): error CS0246: The type or namespace name 'BlackboardAliasBinding' could not be found (are you missing a using directive or an assembly reference?)
87>D:\Work\IOS-IG-SimHost-FDP-2\Hrot\Subsystems\AI\Hrot.BTree.Editor.Tests\BTreeAutoAllocationTests.cs(16,20,16,36): error CS0246: The type or namespace name 'BehaviorTreeBlob' could not be found (are you missing a using directive or an assembly reference?)
87>D:\Work\IOS-IG-SimHost-FDP-2\Hrot\Subsystems\AI\Hrot.BTree.Editor.Tests\BehaviorTreeAssetProjectionTests.cs(24,9,24,23): error CS0246: The type or namespace name 'NodeDefinition' could not be found (are you missing a using directive or an assembly reference?)
87>D:\Work\IOS-IG-SimHost-FDP-2\Hrot\Subsystems\AI\Hrot.BTree.Editor.Tests\BehaviorTreeAssetProjectionTests.cs(23,20,23,36): error CS0246: The type or namespace name 'BehaviorTreeBlob' could not be found (are you missing a using directive or an assembly reference?)
87>D:\Work\IOS-IG-SimHost-FDP-2\Hrot\Subsystems\AI\Hrot.BTree.Editor.Tests\BlackboardVariableAssetWiringTests.cs(25,20,25,37): error CS0246: The type or namespace name 'BehaviorTreeAsset' could not be found (are you missing a using directive or an assembly reference?)
87>D:\Work\IOS-IG-SimHost-FDP-2\Hrot\Subsystems\AI\Hrot.BTree.Editor.Tests\Blackboard\BTreeBlackboardAggregatorTests.cs(65,20,65,37): error CS0246: The type or namespace name 'BehaviorTreeAsset' could not be found (are you missing a using directive or an assembly reference?)
87>D:\Work\IOS-IG-SimHost-FDP-2\Hrot\Subsystems\AI\Hrot.BTree.Editor.Tests\BehaviorTreeAssetProjectionTests.cs(44,20,44,36): error CS0246: The type or namespace name 'BehaviorTreeBlob' could not be found (are you missing a using directive or an assembly reference?)
87>D:\Work\IOS-IG-SimHost-FDP-2\Hrot\Subsystems\AI\Hrot.BTree.Editor.Tests\BTreeAutoAllocationTests.cs(24,20,24,37): error CS0246: The type or namespace name 'BehaviorTreeAsset' could not be found (are you missing a using directive or an assembly reference?)
87>D:\Work\IOS-IG-SimHost-FDP-2\Hrot\Subsystems\AI\Hrot.BTree.Editor.Tests\Blackboard\BTreeConflictSuppressionsTests.cs(14,20,14,36): error CS0246: The type or namespace name 'BehaviorTreeBlob' could not be found (are you missing a using directive or an assembly reference?)
87>D:\Work\IOS-IG-SimHost-FDP-2\Hrot\Subsystems\AI\Hrot.BTree.Editor.Tests\BTreeAutoLayoutAndCatalogTests.cs(17,20,17,36): error CS0246: The type or namespace name 'BehaviorTreeBlob' could not be found (are you missing a using directive or an assembly reference?)
87>D:\Work\IOS-IG-SimHost-FDP-2\Hrot\Subsystems\AI\Hrot.BTree.Editor.Tests\Blackboard\BTreeAssetLoadStateTests.cs(28,20,28,37): error CS0246: The type or namespace name 'BehaviorTreeAsset' could not be found (are you missing a using directive or an assembly reference?)
87>D:\Work\IOS-IG-SimHost-FDP-2\Hrot\Subsystems\AI\Hrot.BTree.Editor.Tests\BTreeAutoLayoutAndCatalogTests.cs(25,20,25,37): error CS0246: The type or namespace name 'BehaviorTreeAsset' could not be found (are you missing a using directive or an assembly reference?)
87>D:\Work\IOS-IG-SimHost-FDP-2\Hrot\Subsystems\AI\Hrot.BTree.Editor.Tests\BehaviorTreeAssetProjectionTests.cs(59,20,59,36): error CS0246: The type or namespace name 'BehaviorTreeBlob' could not be found (are you missing a using directive or an assembly reference?)
87>D:\Work\IOS-IG-SimHost-FDP-2\Hrot\Subsystems\AI\Hrot.BTree.Editor.Tests\BTreeAutoLayoutAndCatalogTests.cs(105,22,105,38): error CS0246: The type or namespace name 'BTreeNodeCatalog' could not be found (are you missing a using directive or an assembly reference?)
87>D:\Work\IOS-IG-SimHost-FDP-2\Hrot\Subsystems\AI\Hrot.BTree.Editor.Tests\BehaviorTreeAssetProjectionTests.cs(75,20,75,36): error CS0246: The type or namespace name 'BehaviorTreeBlob' could not be found (are you missing a using directive or an assembly reference?)
87>D:\Work\IOS-IG-SimHost-FDP-2\Hrot\Subsystems\AI\Hrot.BTree.Editor.Tests\BTreeAutoLayoutAndCatalogTests.cs(28,45,28,53): error CS0246: The type or namespace name 'NodeType' could not be found (are you missing a using directive or an assembly reference?)
87>D:\Work\IOS-IG-SimHost-FDP-2\Hrot\Subsystems\AI\Hrot.BTree.Editor.Tests\BTreeAutoLayoutAndCatalogTests.cs(28,20,28,35): error CS0246: The type or namespace name 'BTreeEditorNode' could not be found (are you missing a using directive or an assembly reference?)
87>D:\Work\IOS-IG-SimHost-FDP-2\Hrot\Subsystems\AI\Hrot.BTree.Editor.Tests\Blackboard\BTreeBlackboardAggregatorTests.cs(71,34,71,51): error CS0246: The type or namespace name 'BehaviorTreeAsset' could not be found (are you missing a using directive or an assembly reference?)
87>D:\Work\IOS-IG-SimHost-FDP-2\Hrot\Subsystems\AI\Hrot.BTree.Editor.Tests\Blackboard\BTreeBlackboardAggregatorTests.cs(71,64,71,79): error CS0246: The type or namespace name 'BTreeEditorNode' could not be found (are you missing a using directive or an assembly reference?)
87>D:\Work\IOS-IG-SimHost-FDP-2\Hrot\Subsystems\AI\Hrot.BTree.Editor.Tests\Blackboard\BTreeConflictSuppressionsTests.cs(25,20,25,37): error CS0246: The type or namespace name 'BehaviorTreeAsset' could not be found (are you missing a using directive or an assembly reference?)
87>D:\Work\IOS-IG-SimHost-FDP-2\Hrot\Subsystems\AI\Hrot.BTree.Editor.Tests\BTreeFluentEmitterEmitTests.cs(17,20,17,36): error CS0246: The type or namespace name 'BehaviorTreeBlob' could not be found (are you missing a using directive or an assembly reference?)
87>D:\Work\IOS-IG-SimHost-FDP-2\Hrot\Subsystems\AI\Hrot.BTree.Editor.Tests\BTreeCommandSinkTests.cs(19,20,19,36): error CS0246: The type or namespace name 'BehaviorTreeBlob' could not be found (are you missing a using directive or an assembly reference?)
87>D:\Work\IOS-IG-SimHost-FDP-2\Hrot\Subsystems\AI\Hrot.BTree.Editor.Tests\Blackboard\BTreePruneStaleBindingsTests.cs(17,20,17,36): error CS0246: The type or namespace name 'BehaviorTreeBlob' could not be found (are you missing a using directive or an assembly reference?)
87>D:\Work\IOS-IG-SimHost-FDP-2\Hrot\Subsystems\AI\Hrot.BTree.Editor.Tests\BTreeFluentEmitterTests.cs(14,20,14,36): error CS0246: The type or namespace name 'BehaviorTreeBlob' could not be found (are you missing a using directive or an assembly reference?)
87>D:\Work\IOS-IG-SimHost-FDP-2\Hrot\Subsystems\AI\Hrot.BTree.Editor.Tests\BTreeFluentEmitterEmitTests.cs(25,20,25,37): error CS0246: The type or namespace name 'BehaviorTreeAsset' could not be found (are you missing a using directive or an assembly reference?)
87>D:\Work\IOS-IG-SimHost-FDP-2\Hrot\Subsystems\AI\Hrot.BTree.Editor.Tests\BTreeCommandSinkTests.cs(30,20,30,37): error CS0246: The type or namespace name 'BehaviorTreeAsset' could not be found (are you missing a using directive or an assembly reference?)
87>D:\Work\IOS-IG-SimHost-FDP-2\Hrot\Subsystems\AI\Hrot.BTree.Editor.Tests\BTreeFluentEmitterEmitTests.cs(34,20,34,35): error CS0246: The type or namespace name 'BTreeEditorNode' could not be found (are you missing a using directive or an assembly reference?)
87>D:\Work\IOS-IG-SimHost-FDP-2\Hrot\Subsystems\AI\Hrot.BTree.Editor.Tests\Blackboard\BTreePruneStaleBindingsTests.cs(28,20,28,37): error CS0246: The type or namespace name 'BehaviorTreeAsset' could not be found (are you missing a using directive or an assembly reference?)
87>D:\Work\IOS-IG-SimHost-FDP-2\Hrot\Subsystems\AI\Hrot.BTree.Editor.Tests\BTreeFluentEmitterTests.cs(22,20,22,37): error CS0246: The type or namespace name 'BehaviorTreeAsset' could not be found (are you missing a using directive or an assembly reference?)
87>D:\Work\IOS-IG-SimHost-FDP-2\Hrot\Subsystems\AI\Hrot.BTree.Editor.Tests\BTreeAutoAllocationTests.cs(31,9,31,26): error CS0246: The type or namespace name 'BehaviorTreeAsset' could not be found (are you missing a using directive or an assembly reference?)
87>D:\Work\IOS-IG-SimHost-FDP-2\Hrot\Subsystems\AI\Hrot.BTree.Editor.Tests\BTreeAutoAllocationTests.cs(36,23,36,41): error CS0246: The type or namespace name 'SubtreeSyncBinding' could not be found (are you missing a using directive or an assembly reference?)
87>D:\Work\IOS-IG-SimHost-FDP-2\Hrot\Subsystems\AI\Hrot.BTree.Editor.Tests\BTreeFluentEmitterEmitTests.cs(37,20,37,35): error CS0246: The type or namespace name 'BTreeEditorNode' could not be found (are you missing a using directive or an assembly reference?)
87>D:\Work\IOS-IG-SimHost-FDP-2\Hrot\Subsystems\AI\Hrot.BTree.Editor.Tests\BTreeGraphModelTests.cs(20,20,20,36): error CS0246: The type or namespace name 'BehaviorTreeBlob' could not be found (are you missing a using directive or an assembly reference?)
87>D:\Work\IOS-IG-SimHost-FDP-2\Hrot\Subsystems\AI\Hrot.BTree.Editor.Tests\BehaviorTreeAssetProjectionTests.cs(89,46,89,62): error CS0246: The type or namespace name 'BehaviorTreeBlob' could not be found (are you missing a using directive or an assembly reference?)
87>D:\Work\IOS-IG-SimHost-FDP-2\Hrot\Subsystems\AI\Hrot.BTree.Editor.Tests\BehaviorTreeAssetProjectionTests.cs(90,9,90,26): error CS0246: The type or namespace name 'NodeDebugMetadata' could not be found (are you missing a using directive or an assembly reference?)
87>D:\Work\IOS-IG-SimHost-FDP-2\Hrot\Subsystems\AI\Hrot.BTree.Editor.Tests\BehaviorTreeAssetProjectionTests.cs(90,43,90,60): error CS0246: The type or namespace name 'BTreeEditorLayout' could not be found (are you missing a using directive or an assembly reference?)
87>D:\Work\IOS-IG-SimHost-FDP-2\Hrot\Subsystems\AI\Hrot.BTree.Editor.Tests\BehaviorTreeAssetProjectionTests.cs(89,20,89,37): error CS0246: The type or namespace name 'BehaviorTreeAsset' could not be found (are you missing a using directive or an assembly reference?)
87>D:\Work\IOS-IG-SimHost-FDP-2\Hrot\Subsystems\AI\Hrot.BTree.Editor.Tests\Blackboard\BTreePruneStaleBindingsTests.cs(42,20,42,42): error CS0246: The type or namespace name 'BlackboardAliasBinding' could not be found (are you missing a using directive or an assembly reference?)
87>D:\Work\IOS-IG-SimHost-FDP-2\Hrot\Subsystems\AI\Hrot.BTree.Editor.Tests\BTreeLinkValidatorTests.cs(111,38,111,56): error CS0246: The type or namespace name 'BTreeLinkValidator' could not be found (are you missing a using directive or an assembly reference?)
87>D:\Work\IOS-IG-SimHost-FDP-2\Hrot\Subsystems\AI\Hrot.BTree.Editor.Tests\BTreeGraphModelTests.cs(32,20,32,36): error CS0246: The type or namespace name 'BehaviorTreeBlob' could not be found (are you missing a using directive or an assembly reference?)
87>D:\Work\IOS-IG-SimHost-FDP-2\Hrot\Subsystems\AI\Hrot.BTree.Editor.Tests\BTreeFluentEmitterEmitTests.cs(40,20,40,35): error CS0246: The type or namespace name 'BTreeEditorNode' could not be found (are you missing a using directive or an assembly reference?)
87>D:\Work\IOS-IG-SimHost-FDP-2\Hrot\Subsystems\AI\Hrot.BTree.Editor.Tests\BTreeFluentEmitterTests.cs(197,20,197,36): error CS0246: The type or namespace name 'BehaviorTreeBlob' could not be found (are you missing a using directive or an assembly reference?)
87>D:\Work\IOS-IG-SimHost-FDP-2\Hrot\Subsystems\AI\Hrot.BTree.Editor.Tests\BTreeOrchestratorEmitterTests.cs(20,20,20,36): error CS0246: The type or namespace name 'BehaviorTreeBlob' could not be found (are you missing a using directive or an assembly reference?)
87>D:\Work\IOS-IG-SimHost-FDP-2\Hrot\Subsystems\AI\Hrot.BTree.Editor.Tests\BTreeFluentEmitterTests.cs(204,20,204,37): error CS0246: The type or namespace name 'BehaviorTreeAsset' could not be found (are you missing a using directive or an assembly reference?)
87>D:\Work\IOS-IG-SimHost-FDP-2\Hrot\Subsystems\AI\Hrot.BTree.Editor.Tests\Blackboard\BTreeBlackboardAggregatorTests.cs(77,32,77,53): error CS0246: The type or namespace name 'IActionSchemaExporter' could not be found (are you missing a using directive or an assembly reference?)
87>D:\Work\IOS-IG-SimHost-FDP-2\Hrot\Subsystems\AI\Hrot.BTree.Editor.Tests\Blackboard\BTreeBlackboardAggregatorTests.cs(77,62,77,75): error CS0246: The type or namespace name 'IAssetCatalog' could not be found (are you missing a using directive or an assembly reference?)
87>D:\Work\IOS-IG-SimHost-FDP-2\Hrot\Subsystems\AI\Hrot.BTree.Editor.Tests\Blackboard\BTreeBlackboardAggregatorTests.cs(76,21,76,48): error CS0246: The type or namespace name 'BlackboardAggregatorService' could not be found (are you missing a using directive or an assembly reference?)
87>D:\Work\IOS-IG-SimHost-FDP-2\Hrot\Subsystems\AI\Hrot.BTree.Editor.Tests\Blackboard\BTreeBlackboardAggregatorTests.cs(76,58,76,91): error CS0246: The type or namespace name 'BTreeBlackboardAggregatorStrategy' could not be found (are you missing a using directive or an assembly reference?)
87>D:\Work\IOS-IG-SimHost-FDP-2\Hrot\Subsystems\AI\Hrot.BTree.Editor.Tests\BTreeOrchestratorEmitterTests.cs(162,20,162,36): error CS0246: The type or namespace name 'BehaviorTreeBlob' could not be found (are you missing a using directive or an assembly reference?)
87>D:\Work\IOS-IG-SimHost-FDP-2\Hrot\Subsystems\AI\Hrot.BTree.Editor.Tests\BTreeQuickReloadHasherTests.cs(14,20,14,36): error CS0246: The type or namespace name 'BehaviorTreeBlob' could not be found (are you missing a using directive or an assembly reference?)
87>D:\Work\IOS-IG-SimHost-FDP-2\Hrot\Subsystems\AI\Hrot.BTree.Editor.Tests\BTreeStepControlTests.cs(9,36,9,55): error CS0246: The type or namespace name 'AiTracerCoordinator' could not be found (are you missing a using directive or an assembly reference?)
87>D:\Work\IOS-IG-SimHost-FDP-2\Hrot\Subsystems\AI\Hrot.BTree.Editor.Tests\Blackboard\BTreeBlackboardAggregatorTests.cs(24,47,24,68): error CS0246: The type or namespace name 'IActionSchemaExporter' could not be found (are you missing a using directive or an assembly reference?)
87>D:\Work\IOS-IG-SimHost-FDP-2\Hrot\Subsystems\AI\Hrot.BTree.Editor.Tests\BTreeCommandSinkTests.cs(87,21,87,38): error CS0246: The type or namespace name 'BehaviorTreeAsset' could not be found (are you missing a using directive or an assembly reference?)
87>D:\Work\IOS-IG-SimHost-FDP-2\Hrot\Subsystems\AI\Hrot.BTree.Editor.Tests\BTreeCommandSinkTests.cs(87,63,87,79): error CS0246: The type or namespace name 'BTreeCommandSink' could not be found (are you missing a using directive or an assembly reference?)
87>D:\Work\IOS-IG-SimHost-FDP-2\Hrot\Subsystems\AI\Hrot.BTree.Editor.Tests\BTreeOrchestratorEmitterTests.cs(170,20,170,37): error CS0246: The type or namespace name 'BehaviorTreeAsset' could not be found (are you missing a using directive or an assembly reference?)
87>D:\Work\IOS-IG-SimHost-FDP-2\Hrot\Subsystems\AI\Hrot.BTree.Editor.Tests\BTreeLinkValidatorTests.cs(17,36,17,45): error CS0246: The type or namespace name 'IPinModel' could not be found (are you missing a using directive or an assembly reference?)
87>D:\Work\IOS-IG-SimHost-FDP-2\Hrot\Subsystems\AI\Hrot.BTree.Editor.Tests\BTreeSubtreeResolverTests.cs(35,20,35,36): error CS0246: The type or namespace name 'BehaviorTreeBlob' could not be found (are you missing a using directive or an assembly reference?)
87>D:\Work\IOS-IG-SimHost-FDP-2\Hrot\Subsystems\AI\Hrot.BTree.Editor.Tests\BTreeSubtreeResolverTests.cs(46,20,46,37): error CS0246: The type or namespace name 'BehaviorTreeAsset' could not be found (are you missing a using directive or an assembly reference?)
87>D:\Work\IOS-IG-SimHost-FDP-2\Hrot\Subsystems\AI\Hrot.BTree.Editor.Tests\BTreeSubtreeResolverTests.cs(49,20,49,35): error CS0246: The type or namespace name 'BTreeEditorNode' could not be found (are you missing a using directive or an assembly reference?)
87>D:\Work\IOS-IG-SimHost-FDP-2\Hrot\Subsystems\AI\Hrot.BTree.Editor.Tests\BTreeOrchestratorEmitterTests.cs(28,20,28,37): error CS0246: The type or namespace name 'BehaviorTreeAsset' could not be found (are you missing a using directive or an assembly reference?)
87>D:\Work\IOS-IG-SimHost-FDP-2\Hrot\Subsystems\AI\Hrot.BTree.Editor.Tests\BTreeSuppressionPersistenceTests.cs(16,20,16,36): error CS0246: The type or namespace name 'BehaviorTreeBlob' could not be found (are you missing a using directive or an assembly reference?)
87>D:\Work\IOS-IG-SimHost-FDP-2\Hrot\Subsystems\AI\Hrot.BTree.Editor.Tests\BTreeGraphModelTests.cs(49,48,49,64): error CS0246: The type or namespace name 'BehaviorTreeBlob' could not be found (are you missing a using directive or an assembly reference?)
87>D:\Work\IOS-IG-SimHost-FDP-2\Hrot\Subsystems\AI\Hrot.BTree.Editor.Tests\BTreeGraphModelTests.cs(49,20,49,37): error CS0246: The type or namespace name 'BehaviorTreeAsset' could not be found (are you missing a using directive or an assembly reference?)
87>D:\Work\IOS-IG-SimHost-FDP-2\Hrot\Subsystems\AI\Hrot.BTree.Editor.Tests\BTreeSubtreeResolverTests.cs(60,20,60,35): error CS0246: The type or namespace name 'BTreeEditorNode' could not be found (are you missing a using directive or an assembly reference?)
87>D:\Work\IOS-IG-SimHost-FDP-2\Hrot\Subsystems\AI\Hrot.BTree.Editor.Tests\BTreeCommandSinkTests.cs(37,36,37,45): error CS0246: The type or namespace name 'IPinModel' could not be found (are you missing a using directive or an assembly reference?)
87>D:\Work\IOS-IG-SimHost-FDP-2\Hrot\Subsystems\AI\Hrot.BTree.Editor.Tests\BTreeSuppressionPersistenceTests.cs(24,20,24,37): error CS0246: The type or namespace name 'BehaviorTreeAsset' could not be found (are you missing a using directive or an assembly reference?)
87>D:\Work\IOS-IG-SimHost-FDP-2\Hrot\Subsystems\AI\Hrot.BTree.Editor.Tests\BTreeSubtreeResolverTests.cs(17,40,17,53): error CS0246: The type or namespace name 'IAssetCatalog' could not be found (are you missing a using directive or an assembly reference?)
87>D:\Work\IOS-IG-SimHost-FDP-2\Hrot\Subsystems\AI\Hrot.BTree.Editor.Tests\Blackboard\BTreeBlackboardAggregatorTests.cs(26,45,26,62): error CS0246: The type or namespace name 'ActionSchemaEntry' could not be found (are you missing a using directive or an assembly reference?)
87>D:\Work\IOS-IG-SimHost-FDP-2\Hrot\Subsystems\AI\Hrot.BTree.Editor.Tests\BTreeSyncPersistenceTests.cs(18,20,18,36): error CS0246: The type or namespace name 'BehaviorTreeBlob' could not be found (are you missing a using directive or an assembly reference?)
87>D:\Work\IOS-IG-SimHost-FDP-2\Hrot\Subsystems\AI\Hrot.BTree.Editor.Tests\BTreeValidationTests.cs(19,20,19,36): error CS0246: The type or namespace name 'BehaviorTreeBlob' could not be found (are you missing a using directive or an assembly reference?)
87>D:\Work\IOS-IG-SimHost-FDP-2\Hrot\Subsystems\AI\Hrot.BTree.Editor.Tests\BTreeOrchestratorEmitterTests.cs(177,9,177,26): error CS0246: The type or namespace name 'BehaviorTreeAsset' could not be found (are you missing a using directive or an assembly reference?)
87>D:\Work\IOS-IG-SimHost-FDP-2\Hrot\Subsystems\AI\Hrot.BTree.Editor.Tests\BTreeOrchestratorEmitterTests.cs(182,23,182,41): error CS0246: The type or namespace name 'SubtreeSyncBinding' could not be found (are you missing a using directive or an assembly reference?)
87>D:\Work\IOS-IG-SimHost-FDP-2\Hrot\Subsystems\AI\Hrot.BTree.Editor.Tests\BTreeSyncPersistenceTests.cs(26,20,26,37): error CS0246: The type or namespace name 'BehaviorTreeAsset' could not be found (are you missing a using directive or an assembly reference?)
87>D:\Work\IOS-IG-SimHost-FDP-2\Hrot\Subsystems\AI\Hrot.BTree.Editor.Tests\BTreeValidationTests.cs(30,20,30,37): error CS0246: The type or namespace name 'BehaviorTreeAsset' could not be found (are you missing a using directive or an assembly reference?)
87>D:\Work\IOS-IG-SimHost-FDP-2\Hrot\Subsystems\AI\Hrot.BTree.Editor.Tests\BTreeSubtreeResolverTests.cs(19,31,19,45): error CS0246: The type or namespace name 'IEditableAsset' could not be found (are you missing a using directive or an assembly reference?)
87>D:\Work\IOS-IG-SimHost-FDP-2\Hrot\Subsystems\AI\Hrot.BTree.Editor.Tests\BTreeLinkValidatorTests.cs(19,16,19,21): error CS0246: The type or namespace name 'PinId' could not be found (are you missing a using directive or an assembly reference?)
87>D:\Work\IOS-IG-SimHost-FDP-2\Hrot\Subsystems\AI\Hrot.BTree.Editor.Tests\BTreeOrchestratorEmitterTests.cs(34,20,34,42): error CS0246: The type or namespace name 'BlackboardAliasBinding' could not be found (are you missing a using directive or an assembly reference?)
87>D:\Work\IOS-IG-SimHost-FDP-2\Hrot\Subsystems\AI\Hrot.BTree.Editor.Tests\Blackboard\BTreeBlackboardAggregatorTests.cs(31,44,31,61): error CS0246: The type or namespace name 'ActionSchemaEntry' could not be found (are you missing a using directive or an assembly reference?)
87>D:\Work\IOS-IG-SimHost-FDP-2\Hrot\Subsystems\AI\Hrot.BTree.Editor.Tests\BTreeCommandSinkTests.cs(39,16,39,21): error CS0246: The type or namespace name 'PinId' could not be found (are you missing a using directive or an assembly reference?)
87>D:\Work\IOS-IG-SimHost-FDP-2\Hrot\Subsystems\AI\Hrot.BTree.Editor.Tests\BTreeSubtreeResolverTests.cs(20,30,20,44): error CS0246: The type or namespace name 'IEditableAsset' could not be found (are you missing a using directive or an assembly reference?)
87>D:\Work\IOS-IG-SimHost-FDP-2\Hrot\Subsystems\AI\Hrot.BTree.Editor.Tests\BTreeSyncPersistenceTests.cs(33,40,33,57): error CS0246: The type or namespace name 'BehaviorTreeAsset' could not be found (are you missing a using directive or an assembly reference?)
87>D:\Work\IOS-IG-SimHost-FDP-2\Hrot\Subsystems\AI\Hrot.BTree.Editor.Tests\BTreeValidationTests.cs(33,45,33,53): error CS0246: The type or namespace name 'NodeType' could not be found (are you missing a using directive or an assembly reference?)
87>D:\Work\IOS-IG-SimHost-FDP-2\Hrot\Subsystems\AI\Hrot.BTree.Editor.Tests\BTreeValidationTests.cs(33,20,33,35): error CS0246: The type or namespace name 'BTreeEditorNode' could not be found (are you missing a using directive or an assembly reference?)
87>D:\Work\IOS-IG-SimHost-FDP-2\Hrot\Subsystems\AI\Hrot.BTree.Editor.Tests\BTreeCommandSinkTests.cs(40,16,40,22): error CS0246: The type or namespace name 'NodeId' could not be found (are you missing a using directive or an assembly reference?)
87>D:\Work\IOS-IG-SimHost-FDP-2\Hrot\Subsystems\AI\Hrot.BTree.Editor.Tests\BTreeSubtreeResolverTests.cs(24,16,24,30): error CS0246: The type or namespace name 'IEditableAsset' could not be found (are you missing a using directive or an assembly reference?)
87>D:\Work\IOS-IG-SimHost-FDP-2\Hrot\Subsystems\AI\Hrot.BTree.Editor.Tests\BTreeLinkValidatorTests.cs(20,16,20,22): error CS0246: The type or namespace name 'NodeId' could not be found (are you missing a using directive or an assembly reference?)
87>D:\Work\IOS-IG-SimHost-FDP-2\Hrot\Subsystems\AI\Hrot.BTree.Editor.Tests\Blackboard\BTreeBlackboardAggregatorTests.cs(32,16,32,33): error CS0246: The type or namespace name 'ActionSchemaEntry' could not be found (are you missing a using directive or an assembly reference?)
87>D:\Work\IOS-IG-SimHost-FDP-2\Hrot\Subsystems\AI\Hrot.BTree.Editor.Tests\BTreeSubtreeResolverTests.cs(26,16,26,30): error CS0246: The type or namespace name 'IEditableAsset' could not be found (are you missing a using directive or an assembly reference?)
87>D:\Work\IOS-IG-SimHost-FDP-2\Hrot\Subsystems\AI\Hrot.BTree.Editor.Tests\BTreeValidationTests.cs(36,60,36,77): error CS0246: The type or namespace name 'BehaviorTreeAsset' could not be found (are you missing a using directive or an assembly reference?)
87>D:\Work\IOS-IG-SimHost-FDP-2\Hrot\Subsystems\AI\Hrot.BTree.Editor.Tests\BTreeValidationTests.cs(36,34,36,49): error CS0246: The type or namespace name 'BTreeDiagnostic' could not be found (are you missing a using directive or an assembly reference?)
87>D:\Work\IOS-IG-SimHost-FDP-2\Hrot\Subsystems\AI\Hrot.BTree.Editor.Tests\BTreeSubtreeResolverTests.cs(28,30,28,44): error CS0246: The type or namespace name 'IEditableAsset' could not be found (are you missing a using directive or an assembly reference?)
87>D:\Work\IOS-IG-SimHost-FDP-2\Hrot\Subsystems\AI\Hrot.BTree.Editor.Tests\DecoratorPillCollapseTests.cs(20,20,20,36): error CS0246: The type or namespace name 'BehaviorTreeBlob' could not be found (are you missing a using directive or an assembly reference?)
87>D:\Work\IOS-IG-SimHost-FDP-2\Hrot\Subsystems\AI\Hrot.BTree.Editor.Tests\Comparison\BTreeSanitizationDeterminismTests.cs(20,20,20,44): error CS0246: The type or namespace name 'BTreeComparisonSanitizer' could not be found (are you missing a using directive or an assembly reference?)
87>D:\Work\IOS-IG-SimHost-FDP-2\Hrot\Subsystems\AI\Hrot.BTree.Editor.Tests\Blackboard\BTreeBlackboardAggregatorTests.cs(39,40,39,53): error CS0246: The type or namespace name 'IAssetCatalog' could not be found (are you missing a using directive or an assembly reference?)
87>D:\Work\IOS-IG-SimHost-FDP-2\Hrot\Subsystems\AI\Hrot.BTree.Editor.Tests\BTreeLinkValidatorTests.cs(22,16,22,28): error CS0246: The type or namespace name 'PinDirection' could not be found (are you missing a using directive or an assembly reference?)
87>D:\Work\IOS-IG-SimHost-FDP-2\Hrot\Subsystems\AI\Hrot.BTree.Editor.Tests\Debug\BTreeContributorDebugSessionTests.cs(23,20,23,36): error CS0246: The type or namespace name 'EntityRepository' could not be found (are you missing a using directive or an assembly reference?)
87>D:\Work\IOS-IG-SimHost-FDP-2\Hrot\Subsystems\AI\Hrot.BTree.Editor.Tests\BTreeSubtreeResolverTests.cs(30,25,30,39): error CS0246: The type or namespace name 'IEditableAsset' could not be found (are you missing a using directive or an assembly reference?)
87>D:\Work\IOS-IG-SimHost-FDP-2\Hrot\Subsystems\AI\Hrot.BTree.Editor.Tests\Host\Aie032BTreeTraceTimelineTests.cs(15,22,15,44): error CS0246: The type or namespace name 'BTreeTraceLaneProvider' could not be found (are you missing a using directive or an assembly reference?)
87>D:\Work\IOS-IG-SimHost-FDP-2\Hrot\Subsystems\AI\Hrot.BTree.Editor.Tests\Inspector\BlackboardFieldPickerAttributeTests.cs(12,34,12,55): error CS0246: The type or namespace name 'IActionSchemaExporter' could not be found (are you missing a using directive or an assembly reference?)
87>D:\Work\IOS-IG-SimHost-FDP-2\Hrot\Subsystems\AI\Hrot.BTree.Editor.Tests\Comparison\BTreeComparisonSanitizerTests.cs(15,66,15,80): error CS0246: The type or namespace name 'IEditableAsset' could not be found (are you missing a using directive or an assembly reference?)
87>D:\Work\IOS-IG-SimHost-FDP-2\Hrot\Subsystems\AI\Hrot.BTree.Editor.Tests\Comparison\BTreeComparisonSanitizerTests.cs(15,20,15,44): error CS0246: The type or namespace name 'BTreeComparisonSanitizer' could not be found (are you missing a using directive or an assembly reference?)
87>D:\Work\IOS-IG-SimHost-FDP-2\Hrot\Subsystems\AI\Hrot.BTree.Editor.Tests\BTreeLinkValidatorTests.cs(23,16,23,23): error CS0246: The type or namespace name 'PinKind' could not be found (are you missing a using directive or an assembly reference?)
87>D:\Work\IOS-IG-SimHost-FDP-2\Hrot\Subsystems\AI\Hrot.BTree.Editor.Tests\Blackboard\BTreeBlackboardAggregatorTests.cs(41,43,41,57): error CS0246: The type or namespace name 'IEditableAsset' could not be found (are you missing a using directive or an assembly reference?)
87>D:\Work\IOS-IG-SimHost-FDP-2\Hrot\Subsystems\AI\Hrot.BTree.Editor.Tests\Comparison\BTreeSanitizationDeterminismTests.cs(29,48,29,72): error CS0246: The type or namespace name 'BTreeComparisonSanitizer' could not be found (are you missing a using directive or an assembly reference?)
87>D:\Work\IOS-IG-SimHost-FDP-2\Hrot\Subsystems\AI\Hrot.BTree.Editor.Tests\Comparison\BTreeSanitizationDeterminismTests.cs(29,20,29,38): error CS0246: The type or namespace name 'SanitizationResult' could not be found (are you missing a using directive or an assembly reference?)
87>D:\Work\IOS-IG-SimHost-FDP-2\Hrot\Subsystems\AI\Hrot.BTree.Editor.Tests\DecoratorPillCollapseTests.cs(31,55,31,72): error CS0246: The type or namespace name 'BehaviorTreeAsset' could not be found (are you missing a using directive or an assembly reference?)
87>D:\Work\IOS-IG-SimHost-FDP-2\Hrot\Subsystems\AI\Hrot.BTree.Editor.Tests\DecoratorPillCollapseTests.cs(31,20,31,37): error CS0246: The type or namespace name 'BehaviorTreeAsset' could not be found (are you missing a using directive or an assembly reference?)
87>D:\Work\IOS-IG-SimHost-FDP-2\Hrot\Subsystems\AI\Hrot.BTree.Editor.Tests\Debug\BTreeContributorDebugSessionTests.cs(31,63,31,80): error CS0246: The type or namespace name 'NodeDebugMetadata' could not be found (are you missing a using directive or an assembly reference?)
87>D:\Work\IOS-IG-SimHost-FDP-2\Hrot\Subsystems\AI\Hrot.BTree.Editor.Tests\Debug\BTreeContributorDebugSessionTests.cs(31,20,31,36): error CS0246: The type or namespace name 'BehaviorTreeBlob' could not be found (are you missing a using directive or an assembly reference?)
87>D:\Work\IOS-IG-SimHost-FDP-2\Hrot\Subsystems\AI\Hrot.BTree.Editor.Tests\BTreeCommandSinkTests.cs(42,16,42,28): error CS0246: The type or namespace name 'PinDirection' could not be found (are you missing a using directive or an assembly reference?)
87>D:\Work\IOS-IG-SimHost-FDP-2\Hrot\Subsystems\AI\Hrot.BTree.Editor.Tests\Blackboard\BTreeBlackboardAggregatorTests.cs(43,30,43,44): error CS0246: The type or namespace name 'IEditableAsset' could not be found (are you missing a using directive or an assembly reference?)
87>D:\Work\IOS-IG-SimHost-FDP-2\Hrot\Subsystems\AI\Hrot.BTree.Editor.Tests\Inspector\BlackboardFieldPickerAttributeTests.cs(14,41,14,58): error CS0246: The type or namespace name 'ActionSchemaEntry' could not be found (are you missing a using directive or an assembly reference?)
87>D:\Work\IOS-IG-SimHost-FDP-2\Hrot\Subsystems\AI\Hrot.BTree.Editor.Tests\SaveBTreeEmitTests.cs(25,20,25,36): error CS0246: The type or namespace name 'BehaviorTreeBlob' could not be found (are you missing a using directive or an assembly reference?)
87>D:\Work\IOS-IG-SimHost-FDP-2\Hrot\Subsystems\AI\Hrot.BTree.Editor.Tests\Comparison\BTreeComparisonSanitizerTests.cs(25,65,25,78): error CS0246: The type or namespace name 'IAssetCatalog' could not be found (are you missing a using directive or an assembly reference?)
87>D:\Work\IOS-IG-SimHost-FDP-2\Hrot\Subsystems\AI\Hrot.BTree.Editor.Tests\Comparison\BTreeComparisonSanitizerTests.cs(25,20,25,38): error CS0246: The type or namespace name 'SanitizationResult' could not be found (are you missing a using directive or an assembly reference?)
87>D:\Work\IOS-IG-SimHost-FDP-2\Hrot\Subsystems\AI\Hrot.BTree.Editor.Tests\Inspector\BlackboardFieldPickerAttributeTests.cs(16,40,16,57): error CS0246: The type or namespace name 'ActionSchemaEntry' could not be found (are you missing a using directive or an assembly reference?)
87>D:\Work\IOS-IG-SimHost-FDP-2\Hrot\Subsystems\AI\Hrot.BTree.Editor.Tests\DecoratorPillCollapseTests.cs(40,32,40,49): error CS0246: The type or namespace name 'BehaviorTreeAsset' could not be found (are you missing a using directive or an assembly reference?)
87>D:\Work\IOS-IG-SimHost-FDP-2\Hrot\Subsystems\AI\Hrot.BTree.Editor.Tests\Blackboard\BTreeBlackboardAggregatorTests.cs(45,30,45,44): error CS0246: The type or namespace name 'IEditableAsset' could not be found (are you missing a using directive or an assembly reference?)
87>D:\Work\IOS-IG-SimHost-FDP-2\Hrot\Subsystems\AI\Hrot.BTree.Editor.Tests\Renderers\BTreeHostServicesRuntimeOverlayTests.cs(29,13,29,34): error CS0246: The type or namespace name 'AiEditorAdapterBundle' could not be found (are you missing a using directive or an assembly reference?)
87>D:\Work\IOS-IG-SimHost-FDP-2\Hrot\Subsystems\AI\Hrot.BTree.Editor.Tests\Comparison\BTreeSelfComparisonTests.cs(28,20,28,44): error CS0246: The type or namespace name 'BTreeComparisonSanitizer' could not be found (are you missing a using directive or an assembly reference?)
95>------ Rebuild All started: Project: Hrot.StrideMock, Configuration: Debug Any CPU ------
96>------ Rebuild All started: Project: Hrot.Presentation.Tests, Configuration: Debug Any CPU ------
97>------ Rebuild All started: Project: Hrot.IG.Tests, Configuration: Debug Any CPU ------
87>D:\Work\IOS-IG-SimHost-FDP-2\Hrot\Subsystems\AI\Hrot.BTree.Editor.Tests\Inspector\BlackboardFieldPickerAttributeTests.cs(19,32,19,49): error CS0246: The type or namespace name 'ActionSchemaEntry' could not be found (are you missing a using directive or an assembly reference?)
87>D:\Work\IOS-IG-SimHost-FDP-2\Hrot\Subsystems\AI\Hrot.BTree.Editor.Tests\BTreeLinkValidatorTests.cs(24,16,24,23): error CS0246: The type or namespace name 'TypeKey' could not be found (are you missing a using directive or an assembly reference?)
87>D:\Work\IOS-IG-SimHost-FDP-2\Hrot\Subsystems\AI\Hrot.BTree.Editor.Tests\Blackboard\BTreeBlackboardAggregatorTests.cs(46,16,46,30): error CS0246: The type or namespace name 'IEditableAsset' could not be found (are you missing a using directive or an assembly reference?)
87>D:\Work\IOS-IG-SimHost-FDP-2\Hrot\Subsystems\AI\Hrot.BTree.Editor.Tests\BTreeCommandSinkTests.cs(43,16,43,23): error CS0246: The type or namespace name 'PinKind' could not be found (are you missing a using directive or an assembly reference?)
87>D:\Work\IOS-IG-SimHost-FDP-2\Hrot\Subsystems\AI\Hrot.BTree.Editor.Tests\Renderers\BTreeHostServicesRuntimeOverlayTests.cs(31,20,31,37): error CS0246: The type or namespace name 'BehaviorTreeAsset' could not be found (are you missing a using directive or an assembly reference?)
87>D:\Work\IOS-IG-SimHost-FDP-2\Hrot\Subsystems\AI\Hrot.BTree.Editor.Tests\Blackboard\BTreeBlackboardAggregatorTests.cs(47,16,47,30): error CS0246: The type or namespace name 'IEditableAsset' could not be found (are you missing a using directive or an assembly reference?)
87>D:\Work\IOS-IG-SimHost-FDP-2\Hrot\Subsystems\AI\Hrot.BTree.Editor.Tests\Comparison\BTreeSelfComparisonTests.cs(31,48,31,72): error CS0246: The type or namespace name 'BTreeComparisonSanitizer' could not be found (are you missing a using directive or an assembly reference?)
87>D:\Work\IOS-IG-SimHost-FDP-2\Hrot\Subsystems\AI\Hrot.BTree.Editor.Tests\Comparison\BTreeSelfComparisonTests.cs(31,20,31,38): error CS0246: The type or namespace name 'SanitizationResult' could not be found (are you missing a using directive or an assembly reference?)
87>D:\Work\IOS-IG-SimHost-FDP-2\Hrot\Subsystems\AI\Hrot.BTree.Editor.Tests\Inspector\BlackboardFieldPickerAttributeTests.cs(26,12,26,29): error CS0246: The type or namespace name 'ActionSchemaEntry' could not be found (are you missing a using directive or an assembly reference?)
87>D:\Work\IOS-IG-SimHost-FDP-2\Hrot\Subsystems\AI\Hrot.BTree.Editor.Tests\SaveBTreeEmitTests.cs(32,20,32,37): error CS0246: The type or namespace name 'BehaviorTreeAsset' could not be found (are you missing a using directive or an assembly reference?)
87>D:\Work\IOS-IG-SimHost-FDP-2\Hrot\Subsystems\AI\Hrot.BTree.Editor.Tests\Blackboard\BTreeBlackboardAggregatorTests.cs(48,30,48,44): error CS0246: The type or namespace name 'IEditableAsset' could not be found (are you missing a using directive or an assembly reference?)
87>D:\Work\IOS-IG-SimHost-FDP-2\Hrot\Subsystems\AI\Hrot.BTree.Editor.Tests\DecoratorPillCollapseTests.cs(45,21,45,38): error CS0246: The type or namespace name 'BehaviorTreeAsset' could not be found (are you missing a using directive or an assembly reference?)
87>D:\Work\IOS-IG-SimHost-FDP-2\Hrot\Subsystems\AI\Hrot.BTree.Editor.Tests\DecoratorPillCollapseTests.cs(44,21,44,36): error CS0246: The type or namespace name 'BTreeEditorNode' could not be found (are you missing a using directive or an assembly reference?)
87>D:\Work\IOS-IG-SimHost-FDP-2\Hrot\Subsystems\AI\Hrot.BTree.Editor.Tests\DecoratorPillCollapseTests.cs(44,43,44,58): error CS0246: The type or namespace name 'BTreeEditorNode' could not be found (are you missing a using directive or an assembly reference?)
87>D:\Work\IOS-IG-SimHost-FDP-2\Hrot\Subsystems\AI\Hrot.BTree.Editor.Tests\DecoratorPillCollapseTests.cs(44,69,44,84): error CS0246: The type or namespace name 'BTreeEditorNode' could not be found (are you missing a using directive or an assembly reference?)
87>D:\Work\IOS-IG-SimHost-FDP-2\Hrot\Subsystems\AI\Hrot.BTree.Editor.Tests\Renderers\BTreeHostServicesRuntimeOverlayTests.cs(25,22,25,31): error CS0246: The type or namespace name 'IconAtlas' could not be found (are you missing a using directive or an assembly reference?)
87>D:\Work\IOS-IG-SimHost-FDP-2\Hrot\Subsystems\AI\Hrot.BTree.Editor.Tests\BTreeCommandSinkTests.cs(44,16,44,23): error CS0246: The type or namespace name 'TypeKey' could not be found (are you missing a using directive or an assembly reference?)
87>D:\Work\IOS-IG-SimHost-FDP-2\Hrot\Subsystems\AI\Hrot.BTree.Editor.Tests\Inspector\BlackboardFieldPickerAttributeTests.cs(34,43,34,66): error CS0246: The type or namespace name 'BlackboardVariableEntry' could not be found (are you missing a using directive or an assembly reference?)
87>D:\Work\IOS-IG-SimHost-FDP-2\Hrot\Subsystems\AI\Hrot.BTree.Editor.Tests\SubtreeBoundaryRendererTests.cs(17,38,17,56): error CS0246: The type or namespace name 'IBTreeDebugSession' could not be found (are you missing a using directive or an assembly reference?)
87>D:\Work\IOS-IG-SimHost-FDP-2\Hrot\Subsystems\AI\Hrot.BTree.Editor.Tests\Host\BTreeBreakpointWiringTests.cs(139,20,139,36): error CS0246: The type or namespace name 'BehaviorTreeBlob' could not be found (are you missing a using directive or an assembly reference?)
87>D:\Work\IOS-IG-SimHost-FDP-2\Hrot\Subsystems\AI\Hrot.BTree.Editor.Tests\Inspector\BlackboardFieldPickerAttributeTests.cs(37,43,37,66): error CS0246: The type or namespace name 'BlackboardVariableEntry' could not be found (are you missing a using directive or an assembly reference?)
87>D:\Work\IOS-IG-SimHost-FDP-2\Hrot\Subsystems\AI\Hrot.BTree.Editor.Tests\Inspector\BTreeBoundToDropdownTests.cs(19,20,19,36): error CS0246: The type or namespace name 'BehaviorTreeBlob' could not be found (are you missing a using directive or an assembly reference?)
87>D:\Work\IOS-IG-SimHost-FDP-2\Hrot\Subsystems\AI\Hrot.BTree.Editor.Tests\SubtreeBoundaryRendererTests.cs(68,20,68,37): error CS0246: The type or namespace name 'BehaviorTreeAsset' could not be found (are you missing a using directive or an assembly reference?)
87>D:\Work\IOS-IG-SimHost-FDP-2\Hrot\Subsystems\AI\Hrot.BTree.Editor.Tests\Host\BTreeBreakpointWiringTests.cs(150,20,150,43): error CS0246: The type or namespace name 'BTreeEditorHostServices' could not be found (are you missing a using directive or an assembly reference?)
87>D:\Work\IOS-IG-SimHost-FDP-2\Hrot\Subsystems\AI\Hrot.BTree.Editor.Tests\BTreeLinkValidatorTests.cs(25,16,25,24): error CS0246: The type or namespace name 'PinShape' could not be found (are you missing a using directive or an assembly reference?)
87>D:\Work\IOS-IG-SimHost-FDP-2\Hrot\Subsystems\AI\Hrot.BTree.Editor.Tests\Comparison\FakeCatalogHelper.cs(9,35,9,49): error CS0246: The type or namespace name 'IEditableAsset' could not be found (are you missing a using directive or an assembly reference?)
87>D:\Work\IOS-IG-SimHost-FDP-2\Hrot\Subsystems\AI\Hrot.BTree.Editor.Tests\BTreeCommandSinkTests.cs(45,16,45,24): error CS0246: The type or namespace name 'PinShape' could not be found (are you missing a using directive or an assembly reference?)
87>D:\Work\IOS-IG-SimHost-FDP-2\Hrot\Subsystems\AI\Hrot.BTree.Editor.Tests\Inspector\BTreeBoundToDropdownTests.cs(30,20,30,37): error CS0246: The type or namespace name 'BehaviorTreeAsset' could not be found (are you missing a using directive or an assembly reference?)
87>D:\Work\IOS-IG-SimHost-FDP-2\Hrot\Subsystems\AI\Hrot.BTree.Editor.Tests\Comparison\FakeCatalogHelper.cs(20,37,20,50): error CS0246: The type or namespace name 'IAssetCatalog' could not be found (are you missing a using directive or an assembly reference?)
87>D:\Work\IOS-IG-SimHost-FDP-2\Hrot\Subsystems\AI\Hrot.BTree.Editor.Tests\Renderers\BTreeHostServicesRuntimeOverlayTests.cs(168,50,168,68): error CS0246: The type or namespace name 'IBTreeDebugSession' could not be found (are you missing a using directive or an assembly reference?)
87>D:\Work\IOS-IG-SimHost-FDP-2\Hrot\Subsystems\AI\Hrot.BTree.Editor.Tests\Host\BTreeBreakpointWiringTests.cs(29,50,29,72): error CS0246: The type or namespace name 'IDataBreakpointManager' could not be found (are you missing a using directive or an assembly reference?)
87>D:\Work\IOS-IG-SimHost-FDP-2\Hrot\Subsystems\AI\Hrot.BTree.Editor.Tests\BTreeLinkValidatorTests.cs(29,16,29,32): error CS0246: The type or namespace name 'IPinDefaultValue' could not be found (are you missing a using directive or an assembly reference?)
87>D:\Work\IOS-IG-SimHost-FDP-2\Hrot\Subsystems\AI\Hrot.BTree.Editor.Tests\Renderers\BTreeRuntimeOverlayRendererTests.cs(22,33,22,43): error CS0246: The type or namespace name 'INodeModel' could not be found (are you missing a using directive or an assembly reference?)
87>D:\Work\IOS-IG-SimHost-FDP-2\Hrot\Subsystems\AI\Hrot.BTree.Editor.Tests\Validation\BTreeAssetValidatorTests.cs(27,44,27,50): error CS0234: The type or namespace name 'Editor' does not exist in the namespace 'Hrot' (are you missing an assembly reference?)
87>D:\Work\IOS-IG-SimHost-FDP-2\Hrot\Subsystems\AI\Hrot.BTree.Editor.Tests\Comparison\FakeCatalogHelper.cs(22,39,22,53): error CS0246: The type or namespace name 'IEditableAsset' could not be found (are you missing a using directive or an assembly reference?)
87>D:\Work\IOS-IG-SimHost-FDP-2\Hrot\Subsystems\AI\Hrot.BTree.Editor.Tests\Comparison\FakeCatalogHelper.cs(13,12,13,21): error CS0246: The type or namespace name 'AssetKind' could not be found (are you missing a using directive or an assembly reference?)
87>D:\Work\IOS-IG-SimHost-FDP-2\Hrot\Subsystems\AI\Hrot.BTree.Editor.Tests\Debug\BTreeDebugSessionTests.cs(17,20,17,37): error CS0246: The type or namespace name 'BTreeNodeExecuted' could not be found (are you missing a using directive or an assembly reference?)
87>D:\Work\IOS-IG-SimHost-FDP-2\Hrot\Subsystems\AI\Hrot.BTree.Editor.Tests\Renderers\BTreeRuntimeOverlayRendererTests.cs(24,12,24,18): error CS0246: The type or namespace name 'NodeId' could not be found (are you missing a using directive or an assembly reference?)
87>D:\Work\IOS-IG-SimHost-FDP-2\Hrot\Subsystems\AI\Hrot.BTree.Editor.Tests\BTreeCommandSinkTests.cs(49,16,49,32): error CS0246: The type or namespace name 'IPinDefaultValue' could not be found (are you missing a using directive or an assembly reference?)
87>D:\Work\IOS-IG-SimHost-FDP-2\Hrot\Subsystems\AI\Hrot.BTree.Editor.Tests\Inspector\BTreeFacetMapperTests.cs(25,20,25,36): error CS0246: The type or namespace name 'BehaviorTreeBlob' could not be found (are you missing a using directive or an assembly reference?)
87>D:\Work\IOS-IG-SimHost-FDP-2\Hrot\Subsystems\AI\Hrot.BTree.Editor.Tests\SubtreeBoundaryRendererTests.cs(58,25,58,43): error CS0246: The type or namespace name 'BTreeBreakpointHit' could not be found (are you missing a using directive or an assembly reference?)
87>D:\Work\IOS-IG-SimHost-FDP-2\Hrot\Subsystems\AI\Hrot.BTree.Editor.Tests\SubtreeBoundaryRendererTests.cs(59,25,59,42): error CS0246: The type or namespace name 'BTreeNodeExecuted' could not be found (are you missing a using directive or an assembly reference?)
87>D:\Work\IOS-IG-SimHost-FDP-2\Hrot\Subsystems\AI\Hrot.BTree.Editor.Tests\SubtreeBoundaryRendererTests.cs(60,25,60,40): error CS0246: The type or namespace name 'BTreeAsyncEvent' could not be found (are you missing a using directive or an assembly reference?)
87>D:\Work\IOS-IG-SimHost-FDP-2\Hrot\Subsystems\AI\Hrot.BTree.Editor.Tests\SubtreeBoundaryRendererTests.cs(61,25,61,40): error CS0246: The type or namespace name 'BTreeAsyncEvent' could not be found (are you missing a using directive or an assembly reference?)
87>D:\Work\IOS-IG-SimHost-FDP-2\Hrot\Subsystems\AI\Hrot.BTree.Editor.Tests\SubtreeBoundaryRendererTests.cs(62,25,62,40): error CS0246: The type or namespace name 'BTreeAsyncEvent' could not be found (are you missing a using directive or an assembly reference?)
87>D:\Work\IOS-IG-SimHost-FDP-2\Hrot\Subsystems\AI\Hrot.BTree.Editor.Tests\Host\BTreeBreakpointWiringTests.cs(48,29,48,39): error CS0246: The type or namespace name 'Breakpoint' could not be found (are you missing a using directive or an assembly reference?)
87>D:\Work\IOS-IG-SimHost-FDP-2\Hrot\Subsystems\AI\Hrot.BTree.Editor.Tests\Host\BTreeBreakpointWiringTests.cs(48,41,48,47): error CS0246: The type or namespace name 'Entity' could not be found (are you missing a using directive or an assembly reference?)
87>D:\Work\IOS-IG-SimHost-FDP-2\Hrot\Subsystems\AI\Hrot.BTree.Editor.Tests\Debug\BTreeDebugSessionTests.cs(20,51,20,66): error CS0246: The type or namespace name 'BTreeAsyncPhase' could not be found (are you missing a using directive or an assembly reference?)
87>D:\Work\IOS-IG-SimHost-FDP-2\Hrot\Subsystems\AI\Hrot.BTree.Editor.Tests\Debug\BTreeDebugSessionTests.cs(20,20,20,35): error CS0246: The type or namespace name 'BTreeAsyncEvent' could not be found (are you missing a using directive or an assembly reference?)
87>D:\Work\IOS-IG-SimHost-FDP-2\Hrot\Subsystems\AI\Hrot.BTree.Editor.Tests\Comparison\FakeCatalogHelper.cs(24,31,24,45): error CS0246: The type or namespace name 'IEditableAsset' could not be found (are you missing a using directive or an assembly reference?)
87>D:\Work\IOS-IG-SimHost-FDP-2\Hrot\Subsystems\AI\Hrot.BTree.Editor.Tests\Renderers\BTreeRuntimeOverlayRendererTests.cs(25,12,25,23): error CS0246: The type or namespace name 'NodeKindKey' could not be found (are you missing a using directive or an assembly reference?)
87>D:\Work\IOS-IG-SimHost-FDP-2\Hrot\Subsystems\AI\Hrot.BTree.Editor.Tests\Inspector\BTreeFacetMapperTests.cs(42,48,42,64): error CS0246: The type or namespace name 'BehaviorTreeBlob' could not be found (are you missing a using directive or an assembly reference?)
87>D:\Work\IOS-IG-SimHost-FDP-2\Hrot\Subsystems\AI\Hrot.BTree.Editor.Tests\Inspector\BTreeFacetMapperTests.cs(42,20,42,37): error CS0246: The type or namespace name 'BehaviorTreeAsset' could not be found (are you missing a using directive or an assembly reference?)
87>D:\Work\IOS-IG-SimHost-FDP-2\Hrot\Subsystems\AI\Hrot.BTree.Editor.Tests\SubtreeBoundaryRendererTests.cs(20,22,20,47): error CS0246: The type or namespace name 'BehaviorTreeStateSnapshot' could not be found (are you missing a using directive or an assembly reference?)
87>D:\Work\IOS-IG-SimHost-FDP-2\Hrot\Subsystems\AI\Hrot.BTree.Editor.Tests\Inspector\BTreePickerDrawerTests.cs(24,20,24,36): error CS0246: The type or namespace name 'BehaviorTreeBlob' could not be found (are you missing a using directive or an assembly reference?)
87>D:\Work\IOS-IG-SimHost-FDP-2\Hrot\Subsystems\AI\Hrot.BTree.Editor.Tests\Host\BTreeBreakpointWiringTests.cs(31,33,31,43): error CS0246: The type or namespace name 'Breakpoint' could not be found (are you missing a using directive or an assembly reference?)
87>D:\Work\IOS-IG-SimHost-FDP-2\Hrot\Subsystems\AI\Hrot.BTree.Editor.Tests\Host\BTreeBreakpointWiringTests.cs(31,16,31,28): error CS0246: The type or namespace name 'BreakpointId' could not be found (are you missing a using directive or an assembly reference?)
87>D:\Work\IOS-IG-SimHost-FDP-2\Hrot\Subsystems\AI\Hrot.BTree.Editor.Tests\Renderers\BTreeRuntimeOverlayRendererTests.cs(28,12,28,24): error CS0246: The type or namespace name 'NodeCategory' could not be found (are you missing a using directive or an assembly reference?)
87>D:\Work\IOS-IG-SimHost-FDP-2\Hrot\Subsystems\AI\Hrot.BTree.Editor.Tests\Debug\BTreeDebugSessionTests.cs(340,20,340,36): error CS0246: The type or namespace name 'EntityRepository' could not be found (are you missing a using directive or an assembly reference?)
87>D:\Work\IOS-IG-SimHost-FDP-2\Hrot\Subsystems\AI\Hrot.BTree.Editor.Tests\SubtreeBoundaryRendererTests.cs(22,46,22,71): error CS0246: The type or namespace name 'BehaviorTreeStateSnapshot' could not be found (are you missing a using directive or an assembly reference?)
87>D:\Work\IOS-IG-SimHost-FDP-2\Hrot\Subsystems\AI\Hrot.BTree.Editor.Tests\Host\BTreeTraceLaneProviderTests.cs(11,22,11,44): error CS0246: The type or namespace name 'BTreeTraceLaneProvider' could not be found (are you missing a using directive or an assembly reference?)
87>D:\Work\IOS-IG-SimHost-FDP-2\Hrot\Subsystems\AI\Hrot.BTree.Editor.Tests\Host\BTreeDocumentFactoryTests.cs(30,13,30,34): error CS0246: The type or namespace name 'AiEditorAdapterBundle' could not be found (are you missing a using directive or an assembly reference?)
87>D:\Work\IOS-IG-SimHost-FDP-2\Hrot\Subsystems\AI\Hrot.BTree.Editor.Tests\Comparison\FakeCatalogHelper.cs(30,26,30,40): error CS0246: The type or namespace name 'IEditableAsset' could not be found (are you missing a using directive or an assembly reference?)
87>D:\Work\IOS-IG-SimHost-FDP-2\Hrot\Subsystems\AI\Hrot.BTree.Editor.Tests\BTreeCommandSinkTests.cs(51,24,51,29): error CS0246: The type or namespace name 'PinId' could not be found (are you missing a using directive or an assembly reference?)
87>D:\Work\IOS-IG-SimHost-FDP-2\Hrot\Subsystems\AI\Hrot.BTree.Editor.Tests\BTreeCommandSinkTests.cs(51,34,51,40): error CS0246: The type or namespace name 'NodeId' could not be found (are you missing a using directive or an assembly reference?)
87>D:\Work\IOS-IG-SimHost-FDP-2\Hrot\Subsystems\AI\Hrot.BTree.Editor.Tests\BTreeCommandSinkTests.cs(51,48,51,60): error CS0246: The type or namespace name 'PinDirection' could not be found (are you missing a using directive or an assembly reference?)
87>D:\Work\IOS-IG-SimHost-FDP-2\Hrot\Subsystems\AI\Hrot.BTree.Editor.Tests\Inspector\BTreePickerDrawerTests.cs(35,48,35,64): error CS0246: The type or namespace name 'BehaviorTreeBlob' could not be found (are you missing a using directive or an assembly reference?)
87>D:\Work\IOS-IG-SimHost-FDP-2\Hrot\Subsystems\AI\Hrot.BTree.Editor.Tests\Inspector\BTreePickerDrawerTests.cs(35,20,35,37): error CS0246: The type or namespace name 'BehaviorTreeAsset' could not be found (are you missing a using directive or an assembly reference?)
87>D:\Work\IOS-IG-SimHost-FDP-2\Hrot\Subsystems\AI\Hrot.BTree.Editor.Tests\Host\BTreeDocumentFactoryTests.cs(32,20,32,36): error CS0246: The type or namespace name 'BehaviorTreeBlob' could not be found (are you missing a using directive or an assembly reference?)
87>D:\Work\IOS-IG-SimHost-FDP-2\Hrot\Subsystems\AI\Hrot.BTree.Editor.Tests\Renderers\BTreeRuntimeOverlayRendererTests.cs(31,12,31,21): error CS0246: The type or namespace name 'NodeState' could not be found (are you missing a using directive or an assembly reference?)
87>D:\Work\IOS-IG-SimHost-FDP-2\Hrot\Subsystems\AI\Hrot.BTree.Editor.Tests\SubtreeBoundaryRendererTests.cs(31,12,31,22): error CS0246: The type or namespace name 'Breakpoint' could not be found (are you missing a using directive or an assembly reference?)
87>D:\Work\IOS-IG-SimHost-FDP-2\Hrot\Subsystems\AI\Hrot.BTree.Editor.Tests\Inspector\BTreeFacetMapperTests.cs(49,9,49,29): error CS0246: The type or namespace name 'EditorSelectionStore' could not be found (are you missing a using directive or an assembly reference?)
87>D:\Work\IOS-IG-SimHost-FDP-2\Hrot\Subsystems\AI\Hrot.BTree.Editor.Tests\Inspector\BTreeFacetMapperTests.cs(49,37,49,53): error CS0246: The type or namespace name 'IFacetDispatcher' could not be found (are you missing a using directive or an assembly reference?)
87>D:\Work\IOS-IG-SimHost-FDP-2\Hrot\Subsystems\AI\Hrot.BTree.Editor.Tests\Inspector\BTreeFacetMapperTests.cs(48,20,48,35): error CS0246: The type or namespace name 'InspectorWindow' could not be found (are you missing a using directive or an assembly reference?)
87>D:\Work\IOS-IG-SimHost-FDP-2\Hrot\Subsystems\AI\Hrot.BTree.Editor.Tests\Validation\BTreeAssetValidatorTests.cs(29,52,29,61): error CS0246: The type or namespace name 'AssetKind' could not be found (are you missing a using directive or an assembly reference?)
87>D:\Work\IOS-IG-SimHost-FDP-2\Hrot\Subsystems\AI\Hrot.BTree.Editor.Tests\Debug\BTreeDebugSessionTests.cs(15,29,15,35): error CS0246: The type or namespace name 'Entity' could not be found (are you missing a using directive or an assembly reference?)
87>D:\Work\IOS-IG-SimHost-FDP-2\Hrot\Subsystems\AI\Hrot.BTree.Editor.Tests\BTreeCommandSinkTests.cs(57,38,57,49): error CS0246: The type or namespace name 'IGraphModel' could not be found (are you missing a using directive or an assembly reference?)
87>D:\Work\IOS-IG-SimHost-FDP-2\Hrot\Subsystems\AI\Hrot.BTree.Editor.Tests\SubtreeBoundaryRendererTests.cs(32,12,32,18): error CS0246: The type or namespace name 'Entity' could not be found (are you missing a using directive or an assembly reference?)
87>D:\Work\IOS-IG-SimHost-FDP-2\Hrot\Subsystems\AI\Hrot.BTree.Editor.Tests\Host\BTreeBreakpointWiringTests.cs(32,43,32,61): error CS0246: The type or namespace name 'SearchPredicateDto' could not be found (are you missing a using directive or an assembly reference?)
87>D:\Work\IOS-IG-SimHost-FDP-2\Hrot\Subsystems\AI\Hrot.BTree.Editor.Tests\Host\BTreeBreakpointWiringTests.cs(32,73,32,79): error CS0246: The type or namespace name 'Entity' could not be found (are you missing a using directive or an assembly reference?)
87>D:\Work\IOS-IG-SimHost-FDP-2\Hrot\Subsystems\AI\Hrot.BTree.Editor.Tests\Host\BTreeBreakpointWiringTests.cs(32,16,32,28): error CS0246: The type or namespace name 'BreakpointId' could not be found (are you missing a using directive or an assembly reference?)
87>D:\Work\IOS-IG-SimHost-FDP-2\Hrot\Subsystems\AI\Hrot.BTree.Editor.Tests\Inspector\BTreePickerDrawerTests.cs(40,38,40,54): error CS0246: The type or namespace name 'BehaviorRegistry' could not be found (are you missing a using directive or an assembly reference?)
87>D:\Work\IOS-IG-SimHost-FDP-2\Hrot\Subsystems\AI\Hrot.BTree.Editor.Tests\Renderers\BTreeRuntimeOverlayRendererTests.cs(35,26,35,35): error CS0246: The type or namespace name 'IPinModel' could not be found (are you missing a using directive or an assembly reference?)
87>D:\Work\IOS-IG-SimHost-FDP-2\Hrot\Subsystems\AI\Hrot.BTree.Editor.Tests\Inspector\BTreeFacetMapperTests.cs(187,41,187,57): error CS0246: The type or namespace name 'IRefactorService' could not be found (are you missing a using directive or an assembly reference?)
87>D:\Work\IOS-IG-SimHost-FDP-2\Hrot\Subsystems\AI\Hrot.BTree.Editor.Tests\SubtreeBoundaryRendererTests.cs(34,12,34,37): error CS0246: The type or namespace name 'BehaviorTreeStateSnapshot' could not be found (are you missing a using directive or an assembly reference?)
87>D:\Work\IOS-IG-SimHost-FDP-2\Hrot\Subsystems\AI\Hrot.BTree.Editor.Tests\Host\BTreeBreakpointWiringTests.cs(35,28,35,40): error CS0246: The type or namespace name 'BreakpointId' could not be found (are you missing a using directive or an assembly reference?)
87>D:\Work\IOS-IG-SimHost-FDP-2\Hrot\Subsystems\AI\Hrot.BTree.Editor.Tests\Validation\BTreeAssetValidatorTests.cs(33,12,33,21): error CS0246: The type or namespace name 'AssetKind' could not be found (are you missing a using directive or an assembly reference?)
87>D:\Work\IOS-IG-SimHost-FDP-2\Hrot\Subsystems\AI\Hrot.BTree.Editor.Tests\BTreeLinkValidatorTests.cs(31,24,31,29): error CS0246: The type or namespace name 'PinId' could not be found (are you missing a using directive or an assembly reference?)
87>D:\Work\IOS-IG-SimHost-FDP-2\Hrot\Subsystems\AI\Hrot.BTree.Editor.Tests\BTreeLinkValidatorTests.cs(31,34,31,40): error CS0246: The type or namespace name 'NodeId' could not be found (are you missing a using directive or an assembly reference?)
87>D:\Work\IOS-IG-SimHost-FDP-2\Hrot\Subsystems\AI\Hrot.BTree.Editor.Tests\BTreeLinkValidatorTests.cs(31,48,31,60): error CS0246: The type or namespace name 'PinDirection' could not be found (are you missing a using directive or an assembly reference?)
87>D:\Work\IOS-IG-SimHost-FDP-2\Hrot\Subsystems\AI\Hrot.BTree.Editor.Tests\Comparison\FakeCatalogHelper.cs(31,12,31,26): error CS0246: The type or namespace name 'IEditableAsset' could not be found (are you missing a using directive or an assembly reference?)
87>D:\Work\IOS-IG-SimHost-FDP-2\Hrot\Subsystems\AI\Hrot.BTree.Editor.Tests\Inspector\BTreePickerDrawerTests.cs(168,20,168,28): error CS0246: The type or namespace name 'EditNode' could not be found (are you missing a using directive or an assembly reference?)
87>D:\Work\IOS-IG-SimHost-FDP-2\Hrot\Subsystems\AI\Hrot.BTree.Editor.Tests\SubtreeBoundaryRendererTests.cs(36,26,36,43): error CS0246: The type or namespace name 'BTreeNodeExecuted' could not be found (are you missing a using directive or an assembly reference?)
87>D:\Work\IOS-IG-SimHost-FDP-2\Hrot\Subsystems\AI\Hrot.BTree.Editor.Tests\Host\BTreeBreakpointWiringTests.cs(36,32,36,44): error CS0246: The type or namespace name 'BreakpointId' could not be found (are you missing a using directive or an assembly reference?)
87>D:\Work\IOS-IG-SimHost-FDP-2\Hrot\Subsystems\AI\Hrot.BTree.Editor.Tests\Inspector\BTreeFacetMapperTests.cs(189,30,189,48): error CS0246: The type or namespace name 'AssetReferenceInfo' could not be found (are you missing a using directive or an assembly reference?)
87>D:\Work\IOS-IG-SimHost-FDP-2\Hrot\Subsystems\AI\Hrot.BTree.Editor.Tests\Host\BTreeDocumentFactoryTests.cs(43,20,43,36): error CS0246: The type or namespace name 'BehaviorTreeBlob' could not be found (are you missing a using directive or an assembly reference?)
87>D:\Work\IOS-IG-SimHost-FDP-2\Hrot\Subsystems\AI\Hrot.BTree.Editor.Tests\Comparison\FakeCatalogHelper.cs(33,12,33,26): error CS0246: The type or namespace name 'IEditableAsset' could not be found (are you missing a using directive or an assembly reference?)
87>D:\Work\IOS-IG-SimHost-FDP-2\Hrot\Subsystems\AI\Hrot.BTree.Editor.Tests\BTreeLinkValidatorTests.cs(37,37,37,47): error CS0246: The type or namespace name 'INodeModel' could not be found (are you missing a using directive or an assembly reference?)
87>D:\Work\IOS-IG-SimHost-FDP-2\Hrot\Subsystems\AI\Hrot.BTree.Editor.Tests\BTreeCommandSinkTests.cs(70,29,70,52): error CS0246: The type or namespace name 'GraphChangeNotification' could not be found (are you missing a using directive or an assembly reference?)
87>D:\Work\IOS-IG-SimHost-FDP-2\Hrot\Subsystems\AI\Hrot.BTree.Editor.Tests\SubtreeBoundaryRendererTests.cs(37,26,37,41): error CS0246: The type or namespace name 'BTreeAsyncEvent' could not be found (are you missing a using directive or an assembly reference?)
87>D:\Work\IOS-IG-SimHost-FDP-2\Hrot\Subsystems\AI\Hrot.BTree.Editor.Tests\Renderers\BTreeRuntimeOverlayRendererTests.cs(37,24,37,30): error CS0246: The type or namespace name 'NodeId' could not be found (are you missing a using directive or an assembly reference?)
87>D:\Work\IOS-IG-SimHost-FDP-2\Hrot\Subsystems\AI\Hrot.BTree.Editor.Tests\Renderers\BTreeRuntimeOverlayRendererTests.cs(37,35,37,46): error CS0246: The type or namespace name 'NodeKindKey' could not be found (are you missing a using directive or an assembly reference?)
87>D:\Work\IOS-IG-SimHost-FDP-2\Hrot\Subsystems\AI\Hrot.BTree.Editor.Tests\Comparison\FakeCatalogHelper.cs(35,26,35,40): error CS0246: The type or namespace name 'IEditableAsset' could not be found (are you missing a using directive or an assembly reference?)
87>D:\Work\IOS-IG-SimHost-FDP-2\Hrot\Subsystems\AI\Hrot.BTree.Editor.Tests\Renderers\BTreeHostServicesRuntimeOverlayTests.cs(189,36,189,54): error CS0246: The type or namespace name 'BTreeBreakpointHit' could not be found (are you missing a using directive or an assembly reference?)
87>D:\Work\IOS-IG-SimHost-FDP-2\Hrot\Subsystems\AI\Hrot.BTree.Editor.Tests\Renderers\BTreeHostServicesRuntimeOverlayTests.cs(190,36,190,53): error CS0246: The type or namespace name 'BTreeNodeExecuted' could not be found (are you missing a using directive or an assembly reference?)
87>D:\Work\IOS-IG-SimHost-FDP-2\Hrot\Subsystems\AI\Hrot.BTree.Editor.Tests\Renderers\BTreeHostServicesRuntimeOverlayTests.cs(191,36,191,51): error CS0246: The type or namespace name 'BTreeAsyncEvent' could not be found (are you missing a using directive or an assembly reference?)
87>D:\Work\IOS-IG-SimHost-FDP-2\Hrot\Subsystems\AI\Hrot.BTree.Editor.Tests\Renderers\BTreeHostServicesRuntimeOverlayTests.cs(192,36,192,51): error CS0246: The type or namespace name 'BTreeAsyncEvent' could not be found (are you missing a using directive or an assembly reference?)
87>D:\Work\IOS-IG-SimHost-FDP-2\Hrot\Subsystems\AI\Hrot.BTree.Editor.Tests\Renderers\BTreeHostServicesRuntimeOverlayTests.cs(193,36,193,51): error CS0246: The type or namespace name 'BTreeAsyncEvent' could not be found (are you missing a using directive or an assembly reference?)
87>D:\Work\IOS-IG-SimHost-FDP-2\Hrot\Subsystems\AI\Hrot.BTree.Editor.Tests\SubtreeBoundaryRendererTests.cs(39,26,39,36): error CS0246: The type or namespace name 'Breakpoint' could not be found (are you missing a using directive or an assembly reference?)
87>D:\Work\IOS-IG-SimHost-FDP-2\Hrot\Subsystems\AI\Hrot.BTree.Editor.Tests\Host\BTreeDocumentFactoryTests.cs(60,48,60,64): error CS0246: The type or namespace name 'BehaviorTreeBlob' could not be found (are you missing a using directive or an assembly reference?)
87>D:\Work\IOS-IG-SimHost-FDP-2\Hrot\Subsystems\AI\Hrot.BTree.Editor.Tests\Host\BTreeDocumentFactoryTests.cs(60,20,60,37): error CS0246: The type or namespace name 'BehaviorTreeAsset' could not be found (are you missing a using directive or an assembly reference?)
87>D:\Work\IOS-IG-SimHost-FDP-2\Hrot\Subsystems\AI\Hrot.BTree.Editor.Tests\Host\BTreeBreakpointWiringTests.cs(37,37,37,49): error CS0246: The type or namespace name 'BreakpointId' could not be found (are you missing a using directive or an assembly reference?)
87>D:\Work\IOS-IG-SimHost-FDP-2\Hrot\Subsystems\AI\Hrot.BTree.Editor.Tests\Host\BTreeBreakpointWiringTests.cs(37,54,37,72): error CS0246: The type or namespace name 'SearchPredicateDto' could not be found (are you missing a using directive or an assembly reference?)
87>D:\Work\IOS-IG-SimHost-FDP-2\Hrot\Subsystems\AI\Hrot.BTree.Editor.Tests\Inspector\BTreeRuntimeInspectorPaneTests.cs(68,20,68,45): error CS0246: The type or namespace name 'BehaviorTreeStateSnapshot' could not be found (are you missing a using directive or an assembly reference?)
87>D:\Work\IOS-IG-SimHost-FDP-2\Hrot\Subsystems\AI\Hrot.BTree.Editor.Tests\Inspector\BTreeFacetMapperTests.cs(190,30,190,48): error CS0246: The type or namespace name 'AssetReferenceInfo' could not be found (are you missing a using directive or an assembly reference?)
87>D:\Work\IOS-IG-SimHost-FDP-2\Hrot\Subsystems\AI\Hrot.BTree.Editor.Tests\Renderers\BTreeHostServicesRuntimeOverlayTests.cs(171,16,171,41): error CS0246: The type or namespace name 'BehaviorTreeStateSnapshot' could not be found (are you missing a using directive or an assembly reference?)
87>D:\Work\IOS-IG-SimHost-FDP-2\Hrot\Subsystems\AI\Hrot.BTree.Editor.Tests\SubtreeBoundaryRendererTests.cs(40,26,40,32): error CS0246: The type or namespace name 'Entity' could not be found (are you missing a using directive or an assembly reference?)
87>D:\Work\IOS-IG-SimHost-FDP-2\Hrot\Subsystems\AI\Hrot.BTree.Editor.Tests\Host\BTreeBreakpointWiringTests.cs(38,33,38,45): error CS0246: The type or namespace name 'BreakpointId' could not be found (are you missing a using directive or an assembly reference?)
87>D:\Work\IOS-IG-SimHost-FDP-2\Hrot\Subsystems\AI\Hrot.BTree.Editor.Tests\Inspector\BTreeRuntimeInspectorPaneTests.cs(21,45,21,63): error CS0246: The type or namespace name 'IBTreeDebugSession' could not be found (are you missing a using directive or an assembly reference?)
87>D:\Work\IOS-IG-SimHost-FDP-2\Hrot\Subsystems\AI\Hrot.BTree.Editor.Tests\Host\BTreeDocumentFactoryTests.cs(24,22,24,31): error CS0246: The type or namespace name 'IconAtlas' could not be found (are you missing a using directive or an assembly reference?)
87>D:\Work\IOS-IG-SimHost-FDP-2\Hrot\Subsystems\AI\Hrot.BTree.Editor.Tests\Inspector\BTreeSubtreeSyncPanelTests.cs(19,20,19,36): error CS0246: The type or namespace name 'BehaviorTreeBlob' could not be found (are you missing a using directive or an assembly reference?)
87>D:\Work\IOS-IG-SimHost-FDP-2\Hrot\Subsystems\AI\Hrot.BTree.Editor.Tests\BTreeLinkValidatorTests.cs(39,16,39,22): error CS0246: The type or namespace name 'NodeId' could not be found (are you missing a using directive or an assembly reference?)
87>D:\Work\IOS-IG-SimHost-FDP-2\Hrot\Subsystems\AI\Hrot.BTree.Editor.Tests\Renderers\BTreeRuntimeOverlayRendererTests.cs(65,38,65,58): error CS0246: The type or namespace name 'ICanvasRenderContext' could not be found (are you missing a using directive or an assembly reference?)
87>D:\Work\IOS-IG-SimHost-FDP-2\Hrot\Subsystems\AI\Hrot.BTree.Editor.Tests\Host\BTreeBreakpointWiringTests.cs(43,35,43,41): error CS0246: The type or namespace name 'Entity' could not be found (are you missing a using directive or an assembly reference?)
87>D:\Work\IOS-IG-SimHost-FDP-2\Hrot\Subsystems\AI\Hrot.BTree.Editor.Tests\Renderers\BTreeHostServicesRuntimeOverlayTests.cs(173,57,173,74): error CS0246: The type or namespace name 'BTreeNodeExecuted' could not be found (are you missing a using directive or an assembly reference?)
87>D:\Work\IOS-IG-SimHost-FDP-2\Hrot\Subsystems\AI\Hrot.BTree.Editor.Tests\Host\BTreeDocumentFactoryTests.cs(229,41,229,55): error CS0246: The type or namespace name 'IEditableAsset' could not be found (are you missing a using directive or an assembly reference?)
87>D:\Work\IOS-IG-SimHost-FDP-2\Hrot\Subsystems\AI\Hrot.BTree.Editor.Tests\SubtreeBoundaryRendererTests.cs(51,51,51,61): error CS0246: The type or namespace name 'TraceLevel' could not be found (are you missing a using directive or an assembly reference?)
87>D:\Work\IOS-IG-SimHost-FDP-2\Hrot\Subsystems\AI\Hrot.BTree.Editor.Tests\Inspector\BTreeSubtreeSyncPanelTests.cs(30,20,30,37): error CS0246: The type or namespace name 'BehaviorTreeAsset' could not be found (are you missing a using directive or an assembly reference?)
87>D:\Work\IOS-IG-SimHost-FDP-2\Hrot\Subsystems\AI\Hrot.BTree.Editor.Tests\BTreeLinkValidatorTests.cs(40,16,40,27): error CS0246: The type or namespace name 'NodeKindKey' could not be found (are you missing a using directive or an assembly reference?)
87>D:\Work\IOS-IG-SimHost-FDP-2\Hrot\Subsystems\AI\Hrot.BTree.Editor.Tests\Inspector\BTreeFacetMapperTests.cs(191,66,191,81): error CS0246: The type or namespace name 'RefactorOptions' could not be found (are you missing a using directive or an assembly reference?)
87>D:\Work\IOS-IG-SimHost-FDP-2\Hrot\Subsystems\AI\Hrot.BTree.Editor.Tests\Inspector\BTreeFacetMapperTests.cs(191,16,191,31): error CS0246: The type or namespace name 'RefactorPreview' could not be found (are you missing a using directive or an assembly reference?)
87>D:\Work\IOS-IG-SimHost-FDP-2\Hrot\Subsystems\AI\Hrot.BTree.Editor.Tests\SubtreeBoundaryRendererTests.cs(54,12,54,24): error CS0246: The type or namespace name 'BreakpointId' could not be found (are you missing a using directive or an assembly reference?)
87>D:\Work\IOS-IG-SimHost-FDP-2\Hrot\Subsystems\AI\Hrot.BTree.Editor.Tests\Host\BTreeBreakpointWiringTests.cs(44,27,44,37): error CS0246: The type or namespace name 'Breakpoint' could not be found (are you missing a using directive or an assembly reference?)
87>D:\Work\IOS-IG-SimHost-FDP-2\Hrot\Subsystems\AI\Hrot.BTree.Editor.Tests\Host\BTreeBreakpointWiringTests.cs(44,42,44,48): error CS0246: The type or namespace name 'Entity' could not be found (are you missing a using directive or an assembly reference?)
87>D:\Work\IOS-IG-SimHost-FDP-2\Hrot\Subsystems\AI\Hrot.BTree.Editor.Tests\BTreeLinkValidatorTests.cs(43,16,43,28): error CS0246: The type or namespace name 'NodeCategory' could not be found (are you missing a using directive or an assembly reference?)
87>D:\Work\IOS-IG-SimHost-FDP-2\Hrot\Subsystems\AI\Hrot.BTree.Editor.Tests\Host\BTreeDocumentFactoryTests.cs(233,16,233,25): error CS0246: The type or namespace name 'AssetKind' could not be found (are you missing a using directive or an assembly reference?)
87>D:\Work\IOS-IG-SimHost-FDP-2\Hrot\Subsystems\AI\Hrot.BTree.Editor.Tests\Renderers\BTreeHostServicesRuntimeOverlayTests.cs(177,57,177,72): error CS0246: The type or namespace name 'BTreeAsyncEvent' could not be found (are you missing a using directive or an assembly reference?)
87>D:\Work\IOS-IG-SimHost-FDP-2\Hrot\Subsystems\AI\Hrot.BTree.Editor.Tests\Renderers\BTreeRuntimeOverlayRendererTests.cs(43,34,43,45): error CS0246: The type or namespace name 'IGraphModel' could not be found (are you missing a using directive or an assembly reference?)
87>D:\Work\IOS-IG-SimHost-FDP-2\Hrot\Subsystems\AI\Hrot.BTree.Editor.Tests\SubtreeBoundaryRendererTests.cs(55,33,55,45): error CS0246: The type or namespace name 'BreakpointId' could not be found (are you missing a using directive or an assembly reference?)
87>D:\Work\IOS-IG-SimHost-FDP-2\Hrot\Subsystems\AI\Hrot.BTree.Editor.Tests\Host\BTreeBreakpointWiringTests.cs(47,47,47,53): error CS0246: The type or namespace name 'Entity' could not be found (are you missing a using directive or an assembly reference?)
87>D:\Work\IOS-IG-SimHost-FDP-2\Hrot\Subsystems\AI\Hrot.BTree.Editor.Tests\BTreeCommandSinkTests.cs(59,37,59,43): error CS0246: The type or namespace name 'NodeId' could not be found (are you missing a using directive or an assembly reference?)
87>D:\Work\IOS-IG-SimHost-FDP-2\Hrot\Subsystems\AI\Hrot.BTree.Editor.Tests\BTreeCommandSinkTests.cs(59,45,59,55): error CS0246: The type or namespace name 'INodeModel' could not be found (are you missing a using directive or an assembly reference?)
87>D:\Work\IOS-IG-SimHost-FDP-2\Hrot\Subsystems\AI\Hrot.BTree.Editor.Tests\Inspector\BTreeFacetMapperTests.cs(193,43,193,58): error CS0246: The type or namespace name 'RefactorPreview' could not be found (are you missing a using directive or an assembly reference?)
87>D:\Work\IOS-IG-SimHost-FDP-2\Hrot\Subsystems\AI\Hrot.BTree.Editor.Tests\Inspector\BTreeFacetMapperTests.cs(193,16,193,30): error CS0246: The type or namespace name 'RefactorResult' could not be found (are you missing a using directive or an assembly reference?)
87>D:\Work\IOS-IG-SimHost-FDP-2\Hrot\Subsystems\AI\Hrot.BTree.Editor.Tests\Renderers\BTreeRuntimeOverlayRendererTests.cs(82,33,82,38): error CS0246: The type or namespace name 'RectF' could not be found (are you missing a using directive or an assembly reference?)
87>D:\Work\IOS-IG-SimHost-FDP-2\Hrot\Subsystems\AI\Hrot.BTree.Editor.Tests\Renderers\BTreeRuntimeOverlayRendererTests.cs(82,12,82,17): error CS0246: The type or namespace name 'RectF' could not be found (are you missing a using directive or an assembly reference?)
87>D:\Work\IOS-IG-SimHost-FDP-2\Hrot\Subsystems\AI\Hrot.BTree.Editor.Tests\Inspector\BTreeSubtreeSyncPanelTests.cs(33,20,33,35): error CS0246: The type or namespace name 'BTreeEditorNode' could not be found (are you missing a using directive or an assembly reference?)
87>D:\Work\IOS-IG-SimHost-FDP-2\Hrot\Subsystems\AI\Hrot.BTree.Editor.Tests\BTreeLinkValidatorTests.cs(46,16,46,25): error CS0246: The type or namespace name 'NodeState' could not be found (are you missing a using directive or an assembly reference?)
87>D:\Work\IOS-IG-SimHost-FDP-2\Hrot\Subsystems\AI\Hrot.BTree.Editor.Tests\BTreeCommandSinkTests.cs(60,37,60,42): error CS0246: The type or namespace name 'PinId' could not be found (are you missing a using directive or an assembly reference?)
87>D:\Work\IOS-IG-SimHost-FDP-2\Hrot\Subsystems\AI\Hrot.BTree.Editor.Tests\Renderers\BTreeRuntimeOverlayRendererTests.cs(55,25,55,48): error CS0246: The type or namespace name 'GraphChangeNotification' could not be found (are you missing a using directive or an assembly reference?)
87>D:\Work\IOS-IG-SimHost-FDP-2\Hrot\Subsystems\AI\Hrot.BTree.Editor.Tests\Host\BTreeBreakpointWiringTests.cs(51,16,51,31): error CS0246: The type or namespace name 'ISimulationView' could not be found (are you missing a using directive or an assembly reference?)
87>D:\Work\IOS-IG-SimHost-FDP-2\Hrot\Subsystems\AI\Hrot.BTree.Editor.Tests\Inspector\BTreeFacetMapperTests.cs(194,53,194,66): error CS0246: The type or namespace name 'DeleteOptions' could not be found (are you missing a using directive or an assembly reference?)
87>D:\Work\IOS-IG-SimHost-FDP-2\Hrot\Subsystems\AI\Hrot.BTree.Editor.Tests\Inspector\BTreeFacetMapperTests.cs(194,16,194,29): error CS0246: The type or namespace name 'DeletePreview' could not be found (are you missing a using directive or an assembly reference?)
87>D:\Work\IOS-IG-SimHost-FDP-2\Hrot\Subsystems\AI\Hrot.BTree.Editor.Tests\Inspector\BTreeSubtreeSyncPanelTests.cs(50,20,50,35): error CS0246: The type or namespace name 'BTreeEditorNode' could not be found (are you missing a using directive or an assembly reference?)
87>D:\Work\IOS-IG-SimHost-FDP-2\Hrot\Subsystems\AI\Hrot.BTree.Editor.Tests\Renderers\BTreeHostServicesRuntimeOverlayTests.cs(201,21,201,27): error CS0234: The type or namespace name 'Editor' does not exist in the namespace 'Hrot' (are you missing an assembly reference?)
87>D:\Work\IOS-IG-SimHost-FDP-2\Hrot\Subsystems\AI\Hrot.BTree.Editor.Tests\Renderers\BTreeHostServicesRuntimeOverlayTests.cs(203,42,203,48): error CS0234: The type or namespace name 'Editor' does not exist in the namespace 'Hrot' (are you missing an assembly reference?)
87>D:\Work\IOS-IG-SimHost-FDP-2\Hrot\Subsystems\AI\Hrot.BTree.Editor.Tests\BTreeLinkValidatorTests.cs(50,30,50,39): error CS0246: The type or namespace name 'IPinModel' could not be found (are you missing a using directive or an assembly reference?)
87>D:\Work\IOS-IG-SimHost-FDP-2\Hrot\Subsystems\AI\Hrot.BTree.Editor.Tests\BTreeCommandSinkTests.cs(62,16,62,23): error CS0246: The type or namespace name 'GraphId' could not be found (are you missing a using directive or an assembly reference?)
87>D:\Work\IOS-IG-SimHost-FDP-2\Hrot\Subsystems\AI\Hrot.BTree.Editor.Tests\Renderers\BTreeHostServicesRuntimeOverlayTests.cs(205,62,205,68): error CS0234: The type or namespace name 'Editor' does not exist in the namespace 'Hrot' (are you missing an assembly reference?)
87>D:\Work\IOS-IG-SimHost-FDP-2\Hrot\Subsystems\AI\Hrot.BTree.Editor.Tests\Host\BTreeBreakpointWiringTests.cs(54,30,54,40): error CS0246: The type or namespace name 'Breakpoint' could not be found (are you missing a using directive or an assembly reference?)
87>D:\Work\IOS-IG-SimHost-FDP-2\Hrot\Subsystems\AI\Hrot.BTree.Editor.Tests\Renderers\BTreeRuntimeOverlayRendererTests.cs(68,12,68,25): error CS0246: The type or namespace name 'ViewportState' could not be found (are you missing a using directive or an assembly reference?)
87>D:\Work\IOS-IG-SimHost-FDP-2\Hrot\Subsystems\AI\Hrot.BTree.Editor.Tests\Renderers\BTreeHostServicesRuntimeOverlayTests.cs(209,21,209,27): error CS0234: The type or namespace name 'Editor' does not exist in the namespace 'Hrot' (are you missing an assembly reference?)
87>D:\Work\IOS-IG-SimHost-FDP-2\Hrot\Subsystems\AI\Hrot.BTree.Editor.Tests\Inspector\BTreeFacetMapperTests.cs(196,43,196,56): error CS0246: The type or namespace name 'DeletePreview' could not be found (are you missing a using directive or an assembly reference?)
87>D:\Work\IOS-IG-SimHost-FDP-2\Hrot\Subsystems\AI\Hrot.BTree.Editor.Tests\Inspector\BTreeFacetMapperTests.cs(196,16,196,30): error CS0246: The type or namespace name 'RefactorResult' could not be found (are you missing a using directive or an assembly reference?)
87>D:\Work\IOS-IG-SimHost-FDP-2\Hrot\Subsystems\AI\Hrot.BTree.Editor.Tests\BTreeLinkValidatorTests.cs(55,16,55,21): error CS0246: The type or namespace name 'PinId' could not be found (are you missing a using directive or an assembly reference?)
87>D:\Work\IOS-IG-SimHost-FDP-2\Hrot\Subsystems\AI\Hrot.BTree.Editor.Tests\Renderers\BTreeRuntimeOverlayRendererTests.cs(45,33,45,39): error CS0246: The type or namespace name 'NodeId' could not be found (are you missing a using directive or an assembly reference?)
87>D:\Work\IOS-IG-SimHost-FDP-2\Hrot\Subsystems\AI\Hrot.BTree.Editor.Tests\Renderers\BTreeRuntimeOverlayRendererTests.cs(45,41,45,51): error CS0246: The type or namespace name 'INodeModel' could not be found (are you missing a using directive or an assembly reference?)
87>D:\Work\IOS-IG-SimHost-FDP-2\Hrot\Subsystems\AI\Hrot.BTree.Editor.Tests\Host\BTreeBreakpointWiringTests.cs(57,49,57,65): error CS0246: The type or namespace name 'EntityRepository' could not be found (are you missing a using directive or an assembly reference?)
87>D:\Work\IOS-IG-SimHost-FDP-2\Hrot\Subsystems\AI\Hrot.BTree.Editor.Tests\Inspector\BTreeRuntimeInspectorPaneTests.cs(58,29,58,47): error CS0246: The type or namespace name 'BTreeBreakpointHit' could not be found (are you missing a using directive or an assembly reference?)
87>D:\Work\IOS-IG-SimHost-FDP-2\Hrot\Subsystems\AI\Hrot.BTree.Editor.Tests\Inspector\BTreeRuntimeInspectorPaneTests.cs(59,29,59,46): error CS0246: The type or namespace name 'BTreeNodeExecuted' could not be found (are you missing a using directive or an assembly reference?)
87>D:\Work\IOS-IG-SimHost-FDP-2\Hrot\Subsystems\AI\Hrot.BTree.Editor.Tests\Inspector\BTreeRuntimeInspectorPaneTests.cs(60,29,60,44): error CS0246: The type or namespace name 'BTreeAsyncEvent' could not be found (are you missing a using directive or an assembly reference?)
87>D:\Work\IOS-IG-SimHost-FDP-2\Hrot\Subsystems\AI\Hrot.BTree.Editor.Tests\Inspector\BTreeRuntimeInspectorPaneTests.cs(61,29,61,44): error CS0246: The type or namespace name 'BTreeAsyncEvent' could not be found (are you missing a using directive or an assembly reference?)
87>D:\Work\IOS-IG-SimHost-FDP-2\Hrot\Subsystems\AI\Hrot.BTree.Editor.Tests\Inspector\BTreeRuntimeInspectorPaneTests.cs(62,29,62,44): error CS0246: The type or namespace name 'BTreeAsyncEvent' could not be found (are you missing a using directive or an assembly reference?)
87>D:\Work\IOS-IG-SimHost-FDP-2\Hrot\Subsystems\AI\Hrot.BTree.Editor.Tests\Renderers\BTreeHostServicesRuntimeOverlayTests.cs(210,16,210,19): error CS0246: The type or namespace name 'Fdp' could not be found (are you missing a using directive or an assembly reference?)
87>D:\Work\IOS-IG-SimHost-FDP-2\Hrot\Subsystems\AI\Hrot.BTree.Editor.Tests\BTreeCommandSinkTests.cs(64,16,64,35): error CS0246: The type or namespace name 'GraphKindDescriptor' could not be found (are you missing a using directive or an assembly reference?)
87>D:\Work\IOS-IG-SimHost-FDP-2\Hrot\Subsystems\AI\Hrot.BTree.Editor.Tests\BTreeLinkValidatorTests.cs(56,16,56,21): error CS0246: The type or namespace name 'PinId' could not be found (are you missing a using directive or an assembly reference?)
87>D:\Work\IOS-IG-SimHost-FDP-2\Hrot\Subsystems\AI\Hrot.BTree.Editor.Tests\Renderers\BTreeRuntimeOverlayRendererTests.cs(47,12,47,19): error CS0246: The type or namespace name 'GraphId' could not be found (are you missing a using directive or an assembly reference?)
87>D:\Work\IOS-IG-SimHost-FDP-2\Hrot\Subsystems\AI\Hrot.BTree.Editor.Tests\Renderers\BTreeHostServicesRuntimeOverlayTests.cs(218,60,218,66): error CS0234: The type or namespace name 'Editor' does not exist in the namespace 'Hrot' (are you missing an assembly reference?)
87>D:\Work\IOS-IG-SimHost-FDP-2\Hrot\Subsystems\AI\Hrot.BTree.Editor.Tests\Inspector\BTreeFacetMapperTests.cs(197,77,197,92): error CS0246: The type or namespace name 'RefactorOptions' could not be found (are you missing a using directive or an assembly reference?)
87>D:\Work\IOS-IG-SimHost-FDP-2\Hrot\Subsystems\AI\Hrot.BTree.Editor.Tests\Inspector\BTreeFacetMapperTests.cs(197,21,197,36): error CS0246: The type or namespace name 'RefactorPreview' could not be found (are you missing a using directive or an assembly reference?)
87>D:\Work\IOS-IG-SimHost-FDP-2\Hrot\Subsystems\AI\Hrot.BTree.Editor.Tests\BTreeLinkValidatorTests.cs(58,25,58,31): error CS0246: The type or namespace name 'NodeId' could not be found (are you missing a using directive or an assembly reference?)
87>D:\Work\IOS-IG-SimHost-FDP-2\Hrot\Subsystems\AI\Hrot.BTree.Editor.Tests\Renderers\BTreeRuntimeOverlayRendererTests.cs(49,12,49,31): error CS0246: The type or namespace name 'GraphKindDescriptor' could not be found (are you missing a using directive or an assembly reference?)
87>D:\Work\IOS-IG-SimHost-FDP-2\Hrot\Subsystems\AI\Hrot.BTree.Editor.Tests\Inspector\BTreeRuntimeInspectorPaneTests.cs(23,26,23,51): error CS0246: The type or namespace name 'BehaviorTreeStateSnapshot' could not be found (are you missing a using directive or an assembly reference?)
87>D:\Work\IOS-IG-SimHost-FDP-2\Hrot\Subsystems\AI\Hrot.BTree.Editor.Tests\BTreeCommandSinkTests.cs(65,36,65,46): error CS0246: The type or namespace name 'INodeModel' could not be found (are you missing a using directive or an assembly reference?)
87>D:\Work\IOS-IG-SimHost-FDP-2\Hrot\Subsystems\AI\Hrot.BTree.Editor.Tests\Renderers\BTreeHostServicesRuntimeOverlayTests.cs(220,57,220,60): error CS0246: The type or namespace name 'Fdp' could not be found (are you missing a using directive or an assembly reference?)
87>D:\Work\IOS-IG-SimHost-FDP-2\Hrot\Subsystems\AI\Hrot.BTree.Editor.Tests\Host\BTreeBreakpointWiringTests.cs(64,38,64,49): error CS0246: The type or namespace name 'IGraphModel' could not be found (are you missing a using directive or an assembly reference?)
87>D:\Work\IOS-IG-SimHost-FDP-2\Hrot\Subsystems\AI\Hrot.BTree.Editor.Tests\BTreeLinkValidatorTests.cs(68,37,68,47): error CS0246: The type or namespace name 'ILinkModel' could not be found (are you missing a using directive or an assembly reference?)
87>D:\Work\IOS-IG-SimHost-FDP-2\Hrot\Subsystems\AI\Hrot.BTree.Editor.Tests\Renderers\BTreeRuntimeOverlayRendererTests.cs(50,32,50,42): error CS0246: The type or namespace name 'INodeModel' could not be found (are you missing a using directive or an assembly reference?)
87>D:\Work\IOS-IG-SimHost-FDP-2\Hrot\Subsystems\AI\Hrot.BTree.Editor.Tests\Inspector\BTreeFacetMapperTests.cs(199,54,199,69): error CS0246: The type or namespace name 'RefactorPreview' could not be found (are you missing a using directive or an assembly reference?)
87>D:\Work\IOS-IG-SimHost-FDP-2\Hrot\Subsystems\AI\Hrot.BTree.Editor.Tests\Inspector\BTreeFacetMapperTests.cs(199,21,199,35): error CS0246: The type or namespace name 'RefactorResult' could not be found (are you missing a using directive or an assembly reference?)
87>D:\Work\IOS-IG-SimHost-FDP-2\Hrot\Subsystems\AI\Hrot.BTree.Editor.Tests\Renderers\BTreeRuntimeOverlayRendererTests.cs(69,12,69,28): error CS0246: The type or namespace name 'CanvasRenderPass' could not be found (are you missing a using directive or an assembly reference?)
87>D:\Work\IOS-IG-SimHost-FDP-2\Hrot\Subsystems\AI\Hrot.BTree.Editor.Tests\BTreeCommandSinkTests.cs(66,36,66,46): error CS0246: The type or namespace name 'ILinkModel' could not be found (are you missing a using directive or an assembly reference?)
87>D:\Work\IOS-IG-SimHost-FDP-2\Hrot\Subsystems\AI\Hrot.BTree.Editor.Tests\Host\BTreeBreakpointWiringTests.cs(73,29,73,52): error CS0246: The type or namespace name 'GraphChangeNotification' could not be found (are you missing a using directive or an assembly reference?)
87>D:\Work\IOS-IG-SimHost-FDP-2\Hrot\Subsystems\AI\Hrot.BTree.Editor.Tests\Renderers\BTreeRuntimeOverlayRendererTests.cs(51,32,51,42): error CS0246: The type or namespace name 'ILinkModel' could not be found (are you missing a using directive or an assembly reference?)
87>D:\Work\IOS-IG-SimHost-FDP-2\Hrot\Subsystems\AI\Hrot.BTree.Editor.Tests\BTreeLinkValidatorTests.cs(70,16,70,22): error CS0246: The type or namespace name 'LinkId' could not be found (are you missing a using directive or an assembly reference?)
87>D:\Work\IOS-IG-SimHost-FDP-2\Hrot\Subsystems\AI\Hrot.BTree.Editor.Tests\Inspector\BTreeRuntimeInspectorPaneTests.cs(25,33,25,58): error CS0246: The type or namespace name 'BehaviorTreeStateSnapshot' could not be found (are you missing a using directive or an assembly reference?)
87>D:\Work\IOS-IG-SimHost-FDP-2\Hrot\Subsystems\AI\Hrot.BTree.Editor.Tests\Renderers\BTreeRuntimeOverlayRendererTests.cs(70,12,70,24): error CS0246: The type or namespace name 'IEditorTheme' could not be found (are you missing a using directive or an assembly reference?)
87>D:\Work\IOS-IG-SimHost-FDP-2\Hrot\Subsystems\AI\Hrot.BTree.Editor.Tests\Host\BTreeBreakpointWiringTests.cs(66,16,66,23): error CS0246: The type or namespace name 'GraphId' could not be found (are you missing a using directive or an assembly reference?)
87>D:\Work\IOS-IG-SimHost-FDP-2\Hrot\Subsystems\AI\Hrot.BTree.Editor.Tests\BTreeLinkValidatorTests.cs(71,16,71,21): error CS0246: The type or namespace name 'PinId' could not be found (are you missing a using directive or an assembly reference?)
87>D:\Work\IOS-IG-SimHost-FDP-2\Hrot\Subsystems\AI\Hrot.BTree.Editor.Tests\Renderers\BTreeRuntimeOverlayRendererTests.cs(52,32,52,45): error CS0246: The type or namespace name 'ICommentModel' could not be found (are you missing a using directive or an assembly reference?)
87>D:\Work\IOS-IG-SimHost-FDP-2\Hrot\Subsystems\AI\Hrot.BTree.Editor.Tests\Host\BTreeBreakpointWiringTests.cs(68,16,68,35): error CS0246: The type or namespace name 'GraphKindDescriptor' could not be found (are you missing a using directive or an assembly reference?)
87>D:\Work\IOS-IG-SimHost-FDP-2\Hrot\Subsystems\AI\Hrot.BTree.Editor.Tests\BTreeLinkValidatorTests.cs(72,16,72,21): error CS0246: The type or namespace name 'PinId' could not be found (are you missing a using directive or an assembly reference?)
87>D:\Work\IOS-IG-SimHost-FDP-2\Hrot\Subsystems\AI\Hrot.BTree.Editor.Tests\BTreeCommandSinkTests.cs(67,36,67,49): error CS0246: The type or namespace name 'ICommentModel' could not be found (are you missing a using directive or an assembly reference?)
87>D:\Work\IOS-IG-SimHost-FDP-2\Hrot\Subsystems\AI\Hrot.BTree.Editor.Tests\Renderers\BTreeRuntimeOverlayRendererTests.cs(71,12,71,23): error CS0246: The type or namespace name 'IGraphModel' could not be found (are you missing a using directive or an assembly reference?)
87>D:\Work\IOS-IG-SimHost-FDP-2\Hrot\Subsystems\AI\Hrot.BTree.Editor.Tests\Renderers\BTreeRuntimeOverlayRendererTests.cs(98,40,98,58): error CS0246: The type or namespace name 'IBTreeDebugSession' could not be found (are you missing a using directive or an assembly reference?)
87>D:\Work\IOS-IG-SimHost-FDP-2\Hrot\Subsystems\AI\Hrot.BTree.Editor.Tests\Renderers\BTreeRuntimeOverlayRendererTests.cs(58,21,58,31): error CS0246: The type or namespace name 'INodeModel' could not be found (are you missing a using directive or an assembly reference?)
87>D:\Work\IOS-IG-SimHost-FDP-2\Hrot\Subsystems\AI\Hrot.BTree.Editor.Tests\Inspector\BTreeRuntimeInspectorPaneTests.cs(28,16,28,41): error CS0246: The type or namespace name 'BehaviorTreeStateSnapshot' could not be found (are you missing a using directive or an assembly reference?)
87>D:\Work\IOS-IG-SimHost-FDP-2\Hrot\Subsystems\AI\Hrot.BTree.Editor.Tests\Host\BTreeBreakpointWiringTests.cs(69,36,69,46): error CS0246: The type or namespace name 'INodeModel' could not be found (are you missing a using directive or an assembly reference?)
87>D:\Work\IOS-IG-SimHost-FDP-2\Hrot\Subsystems\AI\Hrot.BTree.Editor.Tests\BTreeLinkValidatorTests.cs(73,16,73,25): error CS0246: The type or namespace name 'LinkStyle' could not be found (are you missing a using directive or an assembly reference?)
87>D:\Work\IOS-IG-SimHost-FDP-2\Hrot\Subsystems\AI\Hrot.BTree.Editor.Tests\Host\BTreeBreakpointWiringTests.cs(70,36,70,46): error CS0246: The type or namespace name 'ILinkModel' could not be found (are you missing a using directive or an assembly reference?)
87>D:\Work\IOS-IG-SimHost-FDP-2\Hrot\Subsystems\AI\Hrot.BTree.Editor.Tests\Inspector\BTreeRuntimeInspectorPaneTests.cs(29,30,29,47): error CS0246: The type or namespace name 'BTreeNodeExecuted' could not be found (are you missing a using directive or an assembly reference?)
87>D:\Work\IOS-IG-SimHost-FDP-2\Hrot\Subsystems\AI\Hrot.BTree.Editor.Tests\Renderers\BTreeRuntimeOverlayRendererTests.cs(72,12,72,26): error CS0246: The type or namespace name 'SelectionState' could not be found (are you missing a using directive or an assembly reference?)
87>D:\Work\IOS-IG-SimHost-FDP-2\Hrot\Subsystems\AI\Hrot.BTree.Editor.Tests\Host\BTreeBreakpointWiringTests.cs(71,36,71,49): error CS0246: The type or namespace name 'ICommentModel' could not be found (are you missing a using directive or an assembly reference?)
87>D:\Work\IOS-IG-SimHost-FDP-2\Hrot\Subsystems\AI\Hrot.BTree.Editor.Tests\BTreeLinkValidatorTests.cs(75,25,75,30): error CS0246: The type or namespace name 'PinId' could not be found (are you missing a using directive or an assembly reference?)
87>D:\Work\IOS-IG-SimHost-FDP-2\Hrot\Subsystems\AI\Hrot.BTree.Editor.Tests\BTreeLinkValidatorTests.cs(75,37,75,42): error CS0246: The type or namespace name 'PinId' could not be found (are you missing a using directive or an assembly reference?)
87>D:\Work\IOS-IG-SimHost-FDP-2\Hrot\Subsystems\AI\Hrot.BTree.Editor.Tests\BTreeCommandSinkTests.cs(74,34,74,40): error CS0246: The type or namespace name 'NodeId' could not be found (are you missing a using directive or an assembly reference?)
87>D:\Work\IOS-IG-SimHost-FDP-2\Hrot\Subsystems\AI\Hrot.BTree.Editor.Tests\BTreeCommandSinkTests.cs(74,53,74,58): error CS0246: The type or namespace name 'PinId' could not be found (are you missing a using directive or an assembly reference?)
87>D:\Work\IOS-IG-SimHost-FDP-2\Hrot\Subsystems\AI\Hrot.BTree.Editor.Tests\BTreeCommandSinkTests.cs(74,74,74,79): error CS0246: The type or namespace name 'PinId' could not be found (are you missing a using directive or an assembly reference?)
87>D:\Work\IOS-IG-SimHost-FDP-2\Hrot\Subsystems\AI\Hrot.BTree.Editor.Tests\Renderers\BTreeRuntimeOverlayRendererTests.cs(73,25,73,31): error CS0246: The type or namespace name 'NodeId' could not be found (are you missing a using directive or an assembly reference?)
87>D:\Work\IOS-IG-SimHost-FDP-2\Hrot\Subsystems\AI\Hrot.BTree.Editor.Tests\Inspector\BTreeRuntimeInspectorPaneTests.cs(30,30,30,45): error CS0246: The type or namespace name 'BTreeAsyncEvent' could not be found (are you missing a using directive or an assembly reference?)
87>D:\Work\IOS-IG-SimHost-FDP-2\Hrot\Subsystems\AI\Hrot.BTree.Editor.Tests\BTreeLinkValidatorTests.cs(78,38,78,49): error CS0246: The type or namespace name 'IGraphModel' could not be found (are you missing a using directive or an assembly reference?)
87>D:\Work\IOS-IG-SimHost-FDP-2\Hrot\Subsystems\AI\Hrot.BTree.Editor.Tests\Renderers\BTreeRuntimeOverlayRendererTests.cs(60,34,60,40): error CS0246: The type or namespace name 'NodeId' could not be found (are you missing a using directive or an assembly reference?)
87>D:\Work\IOS-IG-SimHost-FDP-2\Hrot\Subsystems\AI\Hrot.BTree.Editor.Tests\Renderers\BTreeRuntimeOverlayRendererTests.cs(60,12,60,22): error CS0246: The type or namespace name 'INodeModel' could not be found (are you missing a using directive or an assembly reference?)
87>D:\Work\IOS-IG-SimHost-FDP-2\Hrot\Subsystems\AI\Hrot.BTree.Editor.Tests\Host\BTreeBreakpointWiringTests.cs(75,38,75,44): error CS0246: The type or namespace name 'NodeId' could not be found (are you missing a using directive or an assembly reference?)
87>D:\Work\IOS-IG-SimHost-FDP-2\Hrot\Subsystems\AI\Hrot.BTree.Editor.Tests\Host\BTreeBreakpointWiringTests.cs(75,16,75,26): error CS0246: The type or namespace name 'INodeModel' could not be found (are you missing a using directive or an assembly reference?)
87>D:\Work\IOS-IG-SimHost-FDP-2\Hrot\Subsystems\AI\Hrot.BTree.Editor.Tests\Renderers\BTreeRuntimeOverlayRendererTests.cs(74,25,74,31): error CS0246: The type or namespace name 'LinkId' could not be found (are you missing a using directive or an assembly reference?)
87>D:\Work\IOS-IG-SimHost-FDP-2\Hrot\Subsystems\AI\Hrot.BTree.Editor.Tests\BTreeCommandSinkTests.cs(82,38,82,44): error CS0246: The type or namespace name 'NodeId' could not be found (are you missing a using directive or an assembly reference?)
87>D:\Work\IOS-IG-SimHost-FDP-2\Hrot\Subsystems\AI\Hrot.BTree.Editor.Tests\BTreeCommandSinkTests.cs(82,16,82,26): error CS0246: The type or namespace name 'INodeModel' could not be found (are you missing a using directive or an assembly reference?)
87>D:\Work\IOS-IG-SimHost-FDP-2\Hrot\Subsystems\AI\Hrot.BTree.Editor.Tests\BTreeLinkValidatorTests.cs(91,36,91,59): error CS0246: The type or namespace name 'GraphChangeNotification' could not be found (are you missing a using directive or an assembly reference?)
87>D:\Work\IOS-IG-SimHost-FDP-2\Hrot\Subsystems\AI\Hrot.BTree.Editor.Tests\Inspector\BTreeRuntimeInspectorPaneTests.cs(39,16,39,26): error CS0246: The type or namespace name 'Breakpoint' could not be found (are you missing a using directive or an assembly reference?)
87>D:\Work\IOS-IG-SimHost-FDP-2\Hrot\Subsystems\AI\Hrot.BTree.Editor.Tests\Renderers\BTreeRuntimeOverlayRendererTests.cs(77,12,77,25): error CS0246: The type or namespace name 'IDebugSession' could not be found (are you missing a using directive or an assembly reference?)
87>D:\Work\IOS-IG-SimHost-FDP-2\Hrot\Subsystems\AI\Hrot.BTree.Editor.Tests\BTreeLinkValidatorTests.cs(80,37,80,43): error CS0246: The type or namespace name 'NodeId' could not be found (are you missing a using directive or an assembly reference?)
87>D:\Work\IOS-IG-SimHost-FDP-2\Hrot\Subsystems\AI\Hrot.BTree.Editor.Tests\Host\BTreeBreakpointWiringTests.cs(76,37,76,42): error CS0246: The type or namespace name 'PinId' could not be found (are you missing a using directive or an assembly reference?)
87>D:\Work\IOS-IG-SimHost-FDP-2\Hrot\Subsystems\AI\Hrot.BTree.Editor.Tests\Host\BTreeBreakpointWiringTests.cs(76,16,76,25): error CS0246: The type or namespace name 'IPinModel' could not be found (are you missing a using directive or an assembly reference?)
87>D:\Work\IOS-IG-SimHost-FDP-2\Hrot\Subsystems\AI\Hrot.BTree.Editor.Tests\BTreeCommandSinkTests.cs(83,37,83,42): error CS0246: The type or namespace name 'PinId' could not be found (are you missing a using directive or an assembly reference?)
87>D:\Work\IOS-IG-SimHost-FDP-2\Hrot\Subsystems\AI\Hrot.BTree.Editor.Tests\BTreeCommandSinkTests.cs(83,16,83,25): error CS0246: The type or namespace name 'IPinModel' could not be found (are you missing a using directive or an assembly reference?)
87>D:\Work\IOS-IG-SimHost-FDP-2\Hrot\Subsystems\AI\Hrot.BTree.Editor.Tests\Renderers\BTreeRuntimeOverlayRendererTests.cs(61,33,61,38): error CS0246: The type or namespace name 'PinId' could not be found (are you missing a using directive or an assembly reference?)
87>D:\Work\IOS-IG-SimHost-FDP-2\Hrot\Subsystems\AI\Hrot.BTree.Editor.Tests\Renderers\BTreeRuntimeOverlayRendererTests.cs(61,12,61,21): error CS0246: The type or namespace name 'IPinModel' could not be found (are you missing a using directive or an assembly reference?)
87>D:\Work\IOS-IG-SimHost-FDP-2\Hrot\Subsystems\AI\Hrot.BTree.Editor.Tests\Inspector\BTreeRuntimeInspectorPaneTests.cs(40,16,40,22): error CS0246: The type or namespace name 'Entity' could not be found (are you missing a using directive or an assembly reference?)
87>D:\Work\IOS-IG-SimHost-FDP-2\Hrot\Subsystems\AI\Hrot.BTree.Editor.Tests\BTreeLinkValidatorTests.cs(81,37,81,42): error CS0246: The type or namespace name 'PinId' could not be found (are you missing a using directive or an assembly reference?)
87>D:\Work\IOS-IG-SimHost-FDP-2\Hrot\Subsystems\AI\Hrot.BTree.Editor.Tests\Debug\BTreeDebugSessionTests.cs(20,75,20,90): error CS0103: The name 'BTreeAsyncPhase' does not exist in the current context
87>D:\Work\IOS-IG-SimHost-FDP-2\Hrot\Subsystems\AI\Hrot.BTree.Editor.Tests\BTreeCommandSinkTests.cs(84,38,84,44): error CS0246: The type or namespace name 'LinkId' could not be found (are you missing a using directive or an assembly reference?)
87>D:\Work\IOS-IG-SimHost-FDP-2\Hrot\Subsystems\AI\Hrot.BTree.Editor.Tests\BTreeCommandSinkTests.cs(84,16,84,26): error CS0246: The type or namespace name 'ILinkModel' could not be found (are you missing a using directive or an assembly reference?)
87>D:\Work\IOS-IG-SimHost-FDP-2\Hrot\Subsystems\AI\Hrot.BTree.Editor.Tests\Host\BTreeBreakpointWiringTests.cs(77,38,77,44): error CS0246: The type or namespace name 'LinkId' could not be found (are you missing a using directive or an assembly reference?)
87>D:\Work\IOS-IG-SimHost-FDP-2\Hrot\Subsystems\AI\Hrot.BTree.Editor.Tests\Host\BTreeBreakpointWiringTests.cs(77,16,77,26): error CS0246: The type or namespace name 'ILinkModel' could not be found (are you missing a using directive or an assembly reference?)
87>D:\Work\IOS-IG-SimHost-FDP-2\Hrot\Subsystems\AI\Hrot.BTree.Editor.Tests\Renderers\BTreeRuntimeOverlayRendererTests.cs(62,34,62,40): error CS0246: The type or namespace name 'LinkId' could not be found (are you missing a using directive or an assembly reference?)
87>D:\Work\IOS-IG-SimHost-FDP-2\Hrot\Subsystems\AI\Hrot.BTree.Editor.Tests\Renderers\BTreeRuntimeOverlayRendererTests.cs(62,12,62,22): error CS0246: The type or namespace name 'ILinkModel' could not be found (are you missing a using directive or an assembly reference?)
87>D:\Work\IOS-IG-SimHost-FDP-2\Hrot\Subsystems\AI\Hrot.BTree.Editor.Tests\Host\BTreeBreakpointWiringTests.cs(80,47,80,62): error CS0246: The type or namespace name 'IPickerRegistry' could not be found (are you missing a using directive or an assembly reference?)
87>D:\Work\IOS-IG-SimHost-FDP-2\Hrot\Subsystems\AI\Hrot.BTree.Editor.Tests\Inspector\BTreeRuntimeInspectorPaneTests.cs(47,16,47,28): error CS0246: The type or namespace name 'BreakpointId' could not be found (are you missing a using directive or an assembly reference?)
87>D:\Work\IOS-IG-SimHost-FDP-2\Hrot\Subsystems\AI\Hrot.BTree.Editor.Tests\Inspector\BTreeRuntimeInspectorPaneTests.cs(48,37,48,49): error CS0246: The type or namespace name 'BreakpointId' could not be found (are you missing a using directive or an assembly reference?)
87>D:\Work\IOS-IG-SimHost-FDP-2\Hrot\Subsystems\AI\Hrot.BTree.Editor.Tests\Renderers\BTreeRuntimeOverlayRendererTests.cs(86,22,86,28): error CS0246: The type or namespace name 'NodeId' could not be found (are you missing a using directive or an assembly reference?)
87>D:\Work\IOS-IG-SimHost-FDP-2\Hrot\Subsystems\AI\Hrot.BTree.Editor.Tests\BTreeLinkValidatorTests.cs(84,16,84,23): error CS0246: The type or namespace name 'GraphId' could not be found (are you missing a using directive or an assembly reference?)
87>D:\Work\IOS-IG-SimHost-FDP-2\Hrot\Subsystems\AI\Hrot.BTree.Editor.Tests\Inspector\BTreeRuntimeInspectorPaneTests.cs(50,30,50,40): error CS0246: The type or namespace name 'Breakpoint' could not be found (are you missing a using directive or an assembly reference?)
87>D:\Work\IOS-IG-SimHost-FDP-2\Hrot\Subsystems\AI\Hrot.BTree.Editor.Tests\Inspector\BTreeRuntimeInspectorPaneTests.cs(53,55,53,65): error CS0246: The type or namespace name 'TraceLevel' could not be found (are you missing a using directive or an assembly reference?)
87>D:\Work\IOS-IG-SimHost-FDP-2\Hrot\Subsystems\AI\Hrot.BTree.Editor.Tests\BTreeLinkValidatorTests.cs(86,16,86,35): error CS0246: The type or namespace name 'GraphKindDescriptor' could not be found (are you missing a using directive or an assembly reference?)
87>D:\Work\IOS-IG-SimHost-FDP-2\Hrot\Subsystems\AI\Hrot.BTree.Editor.Tests\Renderers\BTreeRuntimeOverlayRendererTests.cs(141,25,141,43): error CS0246: The type or namespace name 'BTreeBreakpointHit' could not be found (are you missing a using directive or an assembly reference?)
87>D:\Work\IOS-IG-SimHost-FDP-2\Hrot\Subsystems\AI\Hrot.BTree.Editor.Tests\Renderers\BTreeRuntimeOverlayRendererTests.cs(142,25,142,42): error CS0246: The type or namespace name 'BTreeNodeExecuted' could not be found (are you missing a using directive or an assembly reference?)
87>D:\Work\IOS-IG-SimHost-FDP-2\Hrot\Subsystems\AI\Hrot.BTree.Editor.Tests\Renderers\BTreeRuntimeOverlayRendererTests.cs(143,25,143,40): error CS0246: The type or namespace name 'BTreeAsyncEvent' could not be found (are you missing a using directive or an assembly reference?)
87>D:\Work\IOS-IG-SimHost-FDP-2\Hrot\Subsystems\AI\Hrot.BTree.Editor.Tests\Renderers\BTreeRuntimeOverlayRendererTests.cs(144,25,144,40): error CS0246: The type or namespace name 'BTreeAsyncEvent' could not be found (are you missing a using directive or an assembly reference?)
87>D:\Work\IOS-IG-SimHost-FDP-2\Hrot\Subsystems\AI\Hrot.BTree.Editor.Tests\Renderers\BTreeRuntimeOverlayRendererTests.cs(145,25,145,40): error CS0246: The type or namespace name 'BTreeAsyncEvent' could not be found (are you missing a using directive or an assembly reference?)
87>D:\Work\IOS-IG-SimHost-FDP-2\Hrot\Subsystems\AI\Hrot.BTree.Editor.Tests\Inspector\BTreeRuntimeInspectorPaneTests.cs(55,30,55,36): error CS0246: The type or namespace name 'Entity' could not be found (are you missing a using directive or an assembly reference?)
87>D:\Work\IOS-IG-SimHost-FDP-2\Hrot\Subsystems\AI\Hrot.BTree.Editor.Tests\Renderers\BTreeRuntimeOverlayRendererTests.cs(100,22,100,47): error CS0246: The type or namespace name 'BehaviorTreeStateSnapshot' could not be found (are you missing a using directive or an assembly reference?)
87>D:\Work\IOS-IG-SimHost-FDP-2\Hrot\Subsystems\AI\Hrot.BTree.Editor.Tests\Host\BTreeBreakpointWiringTests.cs(82,55,82,75): error CS0246: The type or namespace name 'IPickerSource<>' could not be found (are you missing a using directive or an assembly reference?)
87>D:\Work\IOS-IG-SimHost-FDP-2\Hrot\Subsystems\AI\Hrot.BTree.Editor.Tests\Renderers\BTreeRuntimeOverlayRendererTests.cs(101,36,101,51): error CS0246: The type or namespace name 'BTreeAsyncEvent' could not be found (are you missing a using directive or an assembly reference?)
87>D:\Work\IOS-IG-SimHost-FDP-2\Hrot\Subsystems\AI\Hrot.BTree.Editor.Tests\Renderers\BTreeRuntimeOverlayRendererTests.cs(154,19,154,44): error CS0246: The type or namespace name 'BehaviorTreeStateSnapshot' could not be found (are you missing a using directive or an assembly reference?)
87>D:\Work\IOS-IG-SimHost-FDP-2\Hrot\Subsystems\AI\Hrot.BTree.Editor.Tests\Renderers\ObserverGuardBadgeRendererTests.cs(142,38,142,44): error CS0246: The type or namespace name 'LinkId' could not be found (are you missing a using directive or an assembly reference?)
87>D:\Work\IOS-IG-SimHost-FDP-2\Hrot\Subsystems\AI\Hrot.BTree.Editor.Tests\Host\BTreeBreakpointWiringTests.cs(83,16,83,36): error CS0246: The type or namespace name 'IPickerSource<>' could not be found (are you missing a using directive or an assembly reference?)
87>D:\Work\IOS-IG-SimHost-FDP-2\Hrot\Subsystems\AI\Hrot.BTree.Editor.Tests\BTreeLinkValidatorTests.cs(87,36,87,46): error CS0246: The type or namespace name 'INodeModel' could not be found (are you missing a using directive or an assembly reference?)
87>D:\Work\IOS-IG-SimHost-FDP-2\Hrot\Subsystems\AI\Hrot.BTree.Editor.Tests\Renderers\ObserverGuardBadgeRendererTests.cs(22,27,22,38): error CS0246: The type or namespace name 'NodeKindKey' could not be found (are you missing a using directive or an assembly reference?)
87>D:\Work\IOS-IG-SimHost-FDP-2\Hrot\Subsystems\AI\Hrot.BTree.Editor.Tests\Host\BTreeBreakpointWiringTests.cs(88,42,88,52): error CS0246: The type or namespace name 'IClipboard' could not be found (are you missing a using directive or an assembly reference?)
87>D:\Work\IOS-IG-SimHost-FDP-2\Hrot\Subsystems\AI\Hrot.BTree.Editor.Tests\BTreeLinkValidatorTests.cs(88,36,88,46): error CS0246: The type or namespace name 'ILinkModel' could not be found (are you missing a using directive or an assembly reference?)
87>D:\Work\IOS-IG-SimHost-FDP-2\Hrot\Subsystems\AI\Hrot.BTree.Editor.Tests\Renderers\ObserverGuardBadgeRendererTests.cs(26,37,26,47): error CS0246: The type or namespace name 'INodeModel' could not be found (are you missing a using directive or an assembly reference?)
87>D:\Work\IOS-IG-SimHost-FDP-2\Hrot\Subsystems\AI\Hrot.BTree.Editor.Tests\Renderers\VariableBindingBadgeRendererTests.cs(21,32,21,42): error CS0246: The type or namespace name 'INodeModel' could not be found (are you missing a using directive or an assembly reference?)
87>D:\Work\IOS-IG-SimHost-FDP-2\Hrot\Subsystems\AI\Hrot.BTree.Editor.Tests\Host\BTreeBreakpointWiringTests.cs(94,45,94,58): error CS0246: The type or namespace name 'IIconProvider' could not be found (are you missing a using directive or an assembly reference?)
87>D:\Work\IOS-IG-SimHost-FDP-2\Hrot\Subsystems\AI\Hrot.BTree.Editor.Tests\BTreeLinkValidatorTests.cs(89,36,89,49): error CS0246: The type or namespace name 'ICommentModel' could not be found (are you missing a using directive or an assembly reference?)
87>D:\Work\IOS-IG-SimHost-FDP-2\Hrot\Subsystems\AI\Hrot.BTree.Editor.Tests\Host\BTreeBreakpointWiringTests.cs(96,44,96,54): error CS0246: The type or namespace name 'IconHandle' could not be found (are you missing a using directive or an assembly reference?)
87>D:\Work\IOS-IG-SimHost-FDP-2\Hrot\Subsystems\AI\Hrot.BTree.Editor.Tests\Renderers\VariableBindingBadgeRendererTests.cs(42,33,42,44): error CS0246: The type or namespace name 'IGraphModel' could not be found (are you missing a using directive or an assembly reference?)
87>D:\Work\IOS-IG-SimHost-FDP-2\Hrot\Subsystems\AI\Hrot.BTree.Editor.Tests\Renderers\BTreeRuntimeOverlayRendererTests.cs(104,9,104,34): error CS0246: The type or namespace name 'BehaviorTreeStateSnapshot' could not be found (are you missing a using directive or an assembly reference?)
87>D:\Work\IOS-IG-SimHost-FDP-2\Hrot\Subsystems\AI\Hrot.BTree.Editor.Tests\Renderers\BTreeRuntimeOverlayRendererTests.cs(105,23,105,38): error CS0246: The type or namespace name 'BTreeAsyncEvent' could not be found (are you missing a using directive or an assembly reference?)
87>D:\Work\IOS-IG-SimHost-FDP-2\Hrot\Subsystems\AI\Hrot.BTree.Editor.Tests\Host\BTreeBreakpointWiringTests.cs(100,44,100,56): error CS0246: The type or namespace name 'IInputSource' could not be found (are you missing a using directive or an assembly reference?)
87>D:\Work\IOS-IG-SimHost-FDP-2\Hrot\Subsystems\AI\Hrot.BTree.Editor.Tests\Renderers\BTreeRuntimeOverlayRendererTests.cs(114,12,114,22): error CS0246: The type or namespace name 'Breakpoint' could not be found (are you missing a using directive or an assembly reference?)
87>D:\Work\IOS-IG-SimHost-FDP-2\Hrot\Subsystems\AI\Hrot.BTree.Editor.Tests\Renderers\VariableBindingBadgeRendererTests.cs(54,25,54,48): error CS0246: The type or namespace name 'GraphChangeNotification' could not be found (are you missing a using directive or an assembly reference?)
87>D:\Work\IOS-IG-SimHost-FDP-2\Hrot\Subsystems\AI\Hrot.BTree.Editor.Tests\Renderers\VariableBindingBadgeRendererTests.cs(23,12,23,18): error CS0246: The type or namespace name 'NodeId' could not be found (are you missing a using directive or an assembly reference?)
87>D:\Work\IOS-IG-SimHost-FDP-2\Hrot\Subsystems\AI\Hrot.BTree.Editor.Tests\Host\BTreeBreakpointWiringTests.cs(105,33,105,44): error CS0246: The type or namespace name 'MouseButton' could not be found (are you missing a using directive or an assembly reference?)
87>D:\Work\IOS-IG-SimHost-FDP-2\Hrot\Subsystems\AI\Hrot.BTree.Editor.Tests\BTreeLinkValidatorTests.cs(102,29,102,34): error CS0246: The type or namespace name 'PinId' could not be found (are you missing a using directive or an assembly reference?)
87>D:\Work\IOS-IG-SimHost-FDP-2\Hrot\Subsystems\AI\Hrot.BTree.Editor.Tests\BTreeLinkValidatorTests.cs(102,41,102,46): error CS0246: The type or namespace name 'PinId' could not be found (are you missing a using directive or an assembly reference?)
87>D:\Work\IOS-IG-SimHost-FDP-2\Hrot\Subsystems\AI\Hrot.BTree.Editor.Tests\Renderers\ObserverGuardBadgeRendererTests.cs(28,16,28,22): error CS0246: The type or namespace name 'NodeId' could not be found (are you missing a using directive or an assembly reference?)
87>D:\Work\IOS-IG-SimHost-FDP-2\Hrot\Subsystems\AI\Hrot.BTree.Editor.Tests\Host\BTreeBreakpointWiringTests.cs(106,36,106,47): error CS0246: The type or namespace name 'MouseButton' could not be found (are you missing a using directive or an assembly reference?)
87>D:\Work\IOS-IG-SimHost-FDP-2\Hrot\Subsystems\AI\Hrot.BTree.Editor.Tests\Renderers\BTreeRuntimeOverlayRendererTests.cs(115,12,115,18): error CS0246: The type or namespace name 'Entity' could not be found (are you missing a using directive or an assembly reference?)
87>D:\Work\IOS-IG-SimHost-FDP-2\Hrot\Subsystems\AI\Hrot.BTree.Editor.Tests\Host\BTreeBreakpointWiringTests.cs(107,37,107,48): error CS0246: The type or namespace name 'MouseButton' could not be found (are you missing a using directive or an assembly reference?)
87>D:\Work\IOS-IG-SimHost-FDP-2\Hrot\Subsystems\AI\Hrot.BTree.Editor.Tests\Renderers\ObserverGuardBadgeRendererTests.cs(29,16,29,27): error CS0246: The type or namespace name 'NodeKindKey' could not be found (are you missing a using directive or an assembly reference?)
87>D:\Work\IOS-IG-SimHost-FDP-2\Hrot\Subsystems\AI\Hrot.BTree.Editor.Tests\Renderers\VariableBindingBadgeRendererTests.cs(24,12,24,23): error CS0246: The type or namespace name 'NodeKindKey' could not be found (are you missing a using directive or an assembly reference?)
87>D:\Work\IOS-IG-SimHost-FDP-2\Hrot\Subsystems\AI\Hrot.BTree.Editor.Tests\Host\BTreeBreakpointWiringTests.cs(108,42,108,53): error CS0246: The type or namespace name 'MouseButton' could not be found (are you missing a using directive or an assembly reference?)
87>D:\Work\IOS-IG-SimHost-FDP-2\Hrot\Subsystems\AI\Hrot.BTree.Editor.Tests\Renderers\BTreeRuntimeOverlayRendererTests.cs(117,12,117,37): error CS0246: The type or namespace name 'BehaviorTreeStateSnapshot' could not be found (are you missing a using directive or an assembly reference?)
87>D:\Work\IOS-IG-SimHost-FDP-2\Hrot\Subsystems\AI\Hrot.BTree.Editor.Tests\Renderers\VariableBindingBadgeRendererTests.cs(44,33,44,39): error CS0246: The type or namespace name 'NodeId' could not be found (are you missing a using directive or an assembly reference?)
87>D:\Work\IOS-IG-SimHost-FDP-2\Hrot\Subsystems\AI\Hrot.BTree.Editor.Tests\Renderers\VariableBindingBadgeRendererTests.cs(44,41,44,51): error CS0246: The type or namespace name 'INodeModel' could not be found (are you missing a using directive or an assembly reference?)
87>D:\Work\IOS-IG-SimHost-FDP-2\Hrot\Subsystems\AI\Hrot.BTree.Editor.Tests\Renderers\ObserverGuardBadgeRendererTests.cs(32,16,32,28): error CS0246: The type or namespace name 'NodeCategory' could not be found (are you missing a using directive or an assembly reference?)
87>D:\Work\IOS-IG-SimHost-FDP-2\Hrot\Subsystems\AI\Hrot.BTree.Editor.Tests\Host\BTreeBreakpointWiringTests.cs(109,31,109,40): error CS0246: The type or namespace name 'EditorKey' could not be found (are you missing a using directive or an assembly reference?)
87>D:\Work\IOS-IG-SimHost-FDP-2\Hrot\Subsystems\AI\Hrot.BTree.Editor.Tests\Renderers\VariableBindingBadgeRendererTests.cs(27,12,27,24): error CS0246: The type or namespace name 'NodeCategory' could not be found (are you missing a using directive or an assembly reference?)
87>D:\Work\IOS-IG-SimHost-FDP-2\Hrot\Subsystems\AI\Hrot.BTree.Editor.Tests\Renderers\VariableBindingBadgeRendererTests.cs(46,12,46,19): error CS0246: The type or namespace name 'GraphId' could not be found (are you missing a using directive or an assembly reference?)
87>D:\Work\IOS-IG-SimHost-FDP-2\Hrot\Subsystems\AI\Hrot.BTree.Editor.Tests\Host\BTreeBreakpointWiringTests.cs(110,34,110,43): error CS0246: The type or namespace name 'EditorKey' could not be found (are you missing a using directive or an assembly reference?)
87>D:\Work\IOS-IG-SimHost-FDP-2\Hrot\Subsystems\AI\Hrot.BTree.Editor.Tests\Renderers\ObserverGuardBadgeRendererTests.cs(35,16,35,25): error CS0246: The type or namespace name 'NodeState' could not be found (are you missing a using directive or an assembly reference?)
87>D:\Work\IOS-IG-SimHost-FDP-2\Hrot\Subsystems\AI\Hrot.BTree.Editor.Tests\Renderers\VariableBindingBadgeRendererTests.cs(30,12,30,21): error CS0246: The type or namespace name 'NodeState' could not be found (are you missing a using directive or an assembly reference?)
87>D:\Work\IOS-IG-SimHost-FDP-2\Hrot\Subsystems\AI\Hrot.BTree.Editor.Tests\Host\BTreeBreakpointWiringTests.cs(111,35,111,44): error CS0246: The type or namespace name 'EditorKey' could not be found (are you missing a using directive or an assembly reference?)
87>D:\Work\IOS-IG-SimHost-FDP-2\Hrot\Subsystems\AI\Hrot.BTree.Editor.Tests\Renderers\VariableBindingBadgeRendererTests.cs(48,12,48,31): error CS0246: The type or namespace name 'GraphKindDescriptor' could not be found (are you missing a using directive or an assembly reference?)
87>D:\Work\IOS-IG-SimHost-FDP-2\Hrot\Subsystems\AI\Hrot.BTree.Editor.Tests\Host\BTreeBreakpointWiringTests.cs(112,16,112,28): error CS0246: The type or namespace name 'KeyModifiers' could not be found (are you missing a using directive or an assembly reference?)
87>D:\Work\IOS-IG-SimHost-FDP-2\Hrot\Subsystems\AI\Hrot.BTree.Editor.Tests\Renderers\ObserverGuardBadgeRendererTests.cs(39,30,39,39): error CS0246: The type or namespace name 'IPinModel' could not be found (are you missing a using directive or an assembly reference?)
87>D:\Work\IOS-IG-SimHost-FDP-2\Hrot\Subsystems\AI\Hrot.BTree.Editor.Tests\Renderers\VariableBindingBadgeRendererTests.cs(49,32,49,42): error CS0246: The type or namespace name 'INodeModel' could not be found (are you missing a using directive or an assembly reference?)
87>D:\Work\IOS-IG-SimHost-FDP-2\Hrot\Subsystems\AI\Hrot.BTree.Editor.Tests\Renderers\BTreeRuntimeOverlayRendererTests.cs(119,26,119,43): error CS0246: The type or namespace name 'BTreeNodeExecuted' could not be found (are you missing a using directive or an assembly reference?)
87>D:\Work\IOS-IG-SimHost-FDP-2\Hrot\Subsystems\AI\Hrot.BTree.Editor.Tests\BTreeLinkValidatorTests.cs(104,37,104,43): error CS0246: The type or namespace name 'NodeId' could not be found (are you missing a using directive or an assembly reference?)
87>D:\Work\IOS-IG-SimHost-FDP-2\Hrot\Subsystems\AI\Hrot.BTree.Editor.Tests\BTreeLinkValidatorTests.cs(104,16,104,26): error CS0246: The type or namespace name 'INodeModel' could not be found (are you missing a using directive or an assembly reference?)
87>D:\Work\IOS-IG-SimHost-FDP-2\Hrot\Subsystems\AI\Hrot.BTree.Editor.Tests\Renderers\VariableBindingBadgeRendererTests.cs(34,26,34,35): error CS0246: The type or namespace name 'IPinModel' could not be found (are you missing a using directive or an assembly reference?)
87>D:\Work\IOS-IG-SimHost-FDP-2\Hrot\Subsystems\AI\Hrot.BTree.Editor.Tests\Host\BTreeBreakpointWiringTests.cs(116,44,116,56): error CS0246: The type or namespace name 'IEditorTheme' could not be found (are you missing a using directive or an assembly reference?)
87>D:\Work\IOS-IG-SimHost-FDP-2\Hrot\Subsystems\AI\Hrot.BTree.Editor.Tests\Renderers\VariableBindingBadgeRendererTests.cs(50,32,50,42): error CS0246: The type or namespace name 'ILinkModel' could not be found (are you missing a using directive or an assembly reference?)
87>D:\Work\IOS-IG-SimHost-FDP-2\Hrot\Subsystems\AI\Hrot.BTree.Editor.Tests\Renderers\VariableBindingBadgeRendererTests.cs(51,32,51,45): error CS0246: The type or namespace name 'ICommentModel' could not be found (are you missing a using directive or an assembly reference?)
87>D:\Work\IOS-IG-SimHost-FDP-2\Hrot\Subsystems\AI\Hrot.BTree.Editor.Tests\Renderers\ObserverGuardBadgeRendererTests.cs(41,25,41,31): error CS0246: The type or namespace name 'NodeId' could not be found (are you missing a using directive or an assembly reference?)
87>D:\Work\IOS-IG-SimHost-FDP-2\Hrot\Subsystems\AI\Hrot.BTree.Editor.Tests\Renderers\ObserverGuardBadgeRendererTests.cs(41,36,41,47): error CS0246: The type or namespace name 'NodeKindKey' could not be found (are you missing a using directive or an assembly reference?)
87>D:\Work\IOS-IG-SimHost-FDP-2\Hrot\Subsystems\AI\Hrot.BTree.Editor.Tests\Renderers\BTreeRuntimeOverlayRendererTests.cs(120,26,120,41): error CS0246: The type or namespace name 'BTreeAsyncEvent' could not be found (are you missing a using directive or an assembly reference?)
87>D:\Work\IOS-IG-SimHost-FDP-2\Hrot\Subsystems\AI\Hrot.BTree.Editor.Tests\Renderers\VariableBindingBadgeRendererTests.cs(57,21,57,31): error CS0246: The type or namespace name 'INodeModel' could not be found (are you missing a using directive or an assembly reference?)
87>D:\Work\IOS-IG-SimHost-FDP-2\Hrot\Subsystems\AI\Hrot.BTree.Editor.Tests\Renderers\ObserverGuardBadgeRendererTests.cs(47,36,47,45): error CS0246: The type or namespace name 'IPinModel' could not be found (are you missing a using directive or an assembly reference?)
87>D:\Work\IOS-IG-SimHost-FDP-2\Hrot\Subsystems\AI\Hrot.BTree.Editor.Tests\BTreeLinkValidatorTests.cs(105,36,105,41): error CS0246: The type or namespace name 'PinId' could not be found (are you missing a using directive or an assembly reference?)
87>D:\Work\IOS-IG-SimHost-FDP-2\Hrot\Subsystems\AI\Hrot.BTree.Editor.Tests\BTreeLinkValidatorTests.cs(105,16,105,25): error CS0246: The type or namespace name 'IPinModel' could not be found (are you missing a using directive or an assembly reference?)
87>D:\Work\IOS-IG-SimHost-FDP-2\Hrot\Subsystems\AI\Hrot.BTree.Editor.Tests\Renderers\VariableBindingBadgeRendererTests.cs(36,23,36,29): error CS0246: The type or namespace name 'NodeId' could not be found (are you missing a using directive or an assembly reference?)
87>D:\Work\IOS-IG-SimHost-FDP-2\Hrot\Subsystems\AI\Hrot.BTree.Editor.Tests\Renderers\VariableBindingBadgeRendererTests.cs(36,34,36,45): error CS0246: The type or namespace name 'NodeKindKey' could not be found (are you missing a using directive or an assembly reference?)
87>D:\Work\IOS-IG-SimHost-FDP-2\Hrot\Subsystems\AI\Hrot.BTree.Editor.Tests\Renderers\BTreeRuntimeOverlayRendererTests.cs(122,26,122,36): error CS0246: The type or namespace name 'Breakpoint' could not be found (are you missing a using directive or an assembly reference?)
87>D:\Work\IOS-IG-SimHost-FDP-2\Hrot\Subsystems\AI\Hrot.BTree.Editor.Tests\Host\BTreeBreakpointWiringTests.cs(127,47,127,59): error CS0246: The type or namespace name 'NodeCategory' could not be found (are you missing a using directive or an assembly reference?)
87>D:\Work\IOS-IG-SimHost-FDP-2\Hrot\Subsystems\AI\Hrot.BTree.Editor.Tests\Renderers\ObserverGuardBadgeRendererTests.cs(49,16,49,21): error CS0246: The type or namespace name 'PinId' could not be found (are you missing a using directive or an assembly reference?)
87>D:\Work\IOS-IG-SimHost-FDP-2\Hrot\Subsystems\AI\Hrot.BTree.Editor.Tests\Renderers\VariableBindingBadgeRendererTests.cs(59,34,59,40): error CS0246: The type or namespace name 'NodeId' could not be found (are you missing a using directive or an assembly reference?)
87>D:\Work\IOS-IG-SimHost-FDP-2\Hrot\Subsystems\AI\Hrot.BTree.Editor.Tests\Renderers\VariableBindingBadgeRendererTests.cs(59,12,59,22): error CS0246: The type or namespace name 'INodeModel' could not be found (are you missing a using directive or an assembly reference?)
87>D:\Work\IOS-IG-SimHost-FDP-2\Hrot\Subsystems\AI\Hrot.BTree.Editor.Tests\Renderers\BTreeRuntimeOverlayRendererTests.cs(123,26,123,32): error CS0246: The type or namespace name 'Entity' could not be found (are you missing a using directive or an assembly reference?)
87>D:\Work\IOS-IG-SimHost-FDP-2\Hrot\Subsystems\AI\Hrot.BTree.Editor.Tests\Renderers\ObserverGuardBadgeRendererTests.cs(50,16,50,22): error CS0246: The type or namespace name 'NodeId' could not be found (are you missing a using directive or an assembly reference?)
87>D:\Work\IOS-IG-SimHost-FDP-2\Hrot\Subsystems\AI\Hrot.BTree.Editor.Tests\BTreeLinkValidatorTests.cs(106,37,106,43): error CS0246: The type or namespace name 'LinkId' could not be found (are you missing a using directive or an assembly reference?)
87>D:\Work\IOS-IG-SimHost-FDP-2\Hrot\Subsystems\AI\Hrot.BTree.Editor.Tests\BTreeLinkValidatorTests.cs(106,16,106,26): error CS0246: The type or namespace name 'ILinkModel' could not be found (are you missing a using directive or an assembly reference?)
87>D:\Work\IOS-IG-SimHost-FDP-2\Hrot\Subsystems\AI\Hrot.BTree.Editor.Tests\Renderers\VariableBindingBadgeRendererTests.cs(64,37,64,57): error CS0246: The type or namespace name 'ICanvasRenderContext' could not be found (are you missing a using directive or an assembly reference?)
87>D:\Work\IOS-IG-SimHost-FDP-2\Hrot\Subsystems\AI\Hrot.BTree.Editor.Tests\Renderers\ObserverGuardBadgeRendererTests.cs(52,16,52,28): error CS0246: The type or namespace name 'PinDirection' could not be found (are you missing a using directive or an assembly reference?)
87>D:\Work\IOS-IG-SimHost-FDP-2\Hrot\Subsystems\AI\Hrot.BTree.Editor.Tests\Renderers\BTreeRuntimeOverlayRendererTests.cs(134,51,134,61): error CS0246: The type or namespace name 'TraceLevel' could not be found (are you missing a using directive or an assembly reference?)
87>D:\Work\IOS-IG-SimHost-FDP-2\Hrot\Subsystems\AI\Hrot.BTree.Editor.Tests\Renderers\VariableBindingBadgeRendererTests.cs(60,33,60,38): error CS0246: The type or namespace name 'PinId' could not be found (are you missing a using directive or an assembly reference?)
87>D:\Work\IOS-IG-SimHost-FDP-2\Hrot\Subsystems\AI\Hrot.BTree.Editor.Tests\Renderers\VariableBindingBadgeRendererTests.cs(60,12,60,21): error CS0246: The type or namespace name 'IPinModel' could not be found (are you missing a using directive or an assembly reference?)
87>D:\Work\IOS-IG-SimHost-FDP-2\Hrot\Subsystems\AI\Hrot.BTree.Editor.Tests\Renderers\ObserverGuardBadgeRendererTests.cs(53,16,53,23): error CS0246: The type or namespace name 'PinKind' could not be found (are you missing a using directive or an assembly reference?)
87>D:\Work\IOS-IG-SimHost-FDP-2\Hrot\Subsystems\AI\Hrot.BTree.Editor.Tests\Renderers\VariableBindingBadgeRendererTests.cs(61,34,61,40): error CS0246: The type or namespace name 'LinkId' could not be found (are you missing a using directive or an assembly reference?)
87>D:\Work\IOS-IG-SimHost-FDP-2\Hrot\Subsystems\AI\Hrot.BTree.Editor.Tests\Renderers\VariableBindingBadgeRendererTests.cs(61,12,61,22): error CS0246: The type or namespace name 'ILinkModel' could not be found (are you missing a using directive or an assembly reference?)
87>D:\Work\IOS-IG-SimHost-FDP-2\Hrot\Subsystems\AI\Hrot.BTree.Editor.Tests\Renderers\ObserverGuardBadgeRendererTests.cs(54,16,54,23): error CS0246: The type or namespace name 'TypeKey' could not be found (are you missing a using directive or an assembly reference?)
87>D:\Work\IOS-IG-SimHost-FDP-2\Hrot\Subsystems\AI\Hrot.BTree.Editor.Tests\Renderers\VariableBindingBadgeRendererTests.cs(81,33,81,38): error CS0246: The type or namespace name 'RectF' could not be found (are you missing a using directive or an assembly reference?)
87>D:\Work\IOS-IG-SimHost-FDP-2\Hrot\Subsystems\AI\Hrot.BTree.Editor.Tests\Renderers\VariableBindingBadgeRendererTests.cs(81,12,81,17): error CS0246: The type or namespace name 'RectF' could not be found (are you missing a using directive or an assembly reference?)
87>D:\Work\IOS-IG-SimHost-FDP-2\Hrot\Subsystems\AI\Hrot.BTree.Editor.Tests\Renderers\BTreeRuntimeOverlayRendererTests.cs(137,12,137,24): error CS0246: The type or namespace name 'BreakpointId' could not be found (are you missing a using directive or an assembly reference?)
87>D:\Work\IOS-IG-SimHost-FDP-2\Hrot\Subsystems\AI\Hrot.BTree.Editor.Tests\Renderers\VariableBindingBadgeRendererTests.cs(67,12,67,25): error CS0246: The type or namespace name 'ViewportState' could not be found (are you missing a using directive or an assembly reference?)
87>D:\Work\IOS-IG-SimHost-FDP-2\Hrot\Subsystems\AI\Hrot.BTree.Editor.Tests\Renderers\VariableBindingBadgeRendererTests.cs(100,19,100,36): error CS0246: The type or namespace name 'BehaviorTreeAsset' could not be found (are you missing a using directive or an assembly reference?)
87>D:\Work\IOS-IG-SimHost-FDP-2\Hrot\Subsystems\AI\Hrot.BTree.Editor.Tests\Renderers\VariableBindingBadgeRendererTests.cs(68,12,68,28): error CS0246: The type or namespace name 'CanvasRenderPass' could not be found (are you missing a using directive or an assembly reference?)
87>D:\Work\IOS-IG-SimHost-FDP-2\Hrot\Subsystems\AI\Hrot.BTree.Editor.Tests\Renderers\BTreeRuntimeOverlayRendererTests.cs(138,33,138,45): error CS0246: The type or namespace name 'BreakpointId' could not be found (are you missing a using directive or an assembly reference?)
87>D:\Work\IOS-IG-SimHost-FDP-2\Hrot\Subsystems\AI\Hrot.BTree.Editor.Tests\Renderers\ObserverGuardBadgeRendererTests.cs(55,16,55,24): error CS0246: The type or namespace name 'PinShape' could not be found (are you missing a using directive or an assembly reference?)
87>D:\Work\IOS-IG-SimHost-FDP-2\Hrot\Subsystems\AI\Hrot.BTree.Editor.Tests\Renderers\VariableBindingBadgeRendererTests.cs(69,12,69,24): error CS0246: The type or namespace name 'IEditorTheme' could not be found (are you missing a using directive or an assembly reference?)
87>D:\Work\IOS-IG-SimHost-FDP-2\Hrot\Subsystems\AI\Hrot.BTree.Editor.Tests\Renderers\ObserverGuardBadgeRendererTests.cs(59,16,59,32): error CS0246: The type or namespace name 'IPinDefaultValue' could not be found (are you missing a using directive or an assembly reference?)
87>D:\Work\IOS-IG-SimHost-FDP-2\Hrot\Subsystems\AI\Hrot.BTree.Editor.Tests\Renderers\VariableBindingBadgeRendererTests.cs(70,12,70,23): error CS0246: The type or namespace name 'IGraphModel' could not be found (are you missing a using directive or an assembly reference?)
87>D:\Work\IOS-IG-SimHost-FDP-2\Hrot\Subsystems\AI\Hrot.BTree.Editor.Tests\Renderers\VariableBindingBadgeRendererTests.cs(71,12,71,26): error CS0246: The type or namespace name 'SelectionState' could not be found (are you missing a using directive or an assembly reference?)
87>D:\Work\IOS-IG-SimHost-FDP-2\Hrot\Subsystems\AI\Hrot.BTree.Editor.Tests\Renderers\VariableBindingBadgeRendererTests.cs(72,25,72,31): error CS0246: The type or namespace name 'NodeId' could not be found (are you missing a using directive or an assembly reference?)
87>D:\Work\IOS-IG-SimHost-FDP-2\Hrot\Subsystems\AI\Hrot.BTree.Editor.Tests\Renderers\VariableBindingBadgeRendererTests.cs(73,25,73,31): error CS0246: The type or namespace name 'LinkId' could not be found (are you missing a using directive or an assembly reference?)
87>D:\Work\IOS-IG-SimHost-FDP-2\Hrot\Subsystems\AI\Hrot.BTree.Editor.Tests\Renderers\ObserverGuardBadgeRendererTests.cs(61,24,61,29): error CS0246: The type or namespace name 'PinId' could not be found (are you missing a using directive or an assembly reference?)
87>D:\Work\IOS-IG-SimHost-FDP-2\Hrot\Subsystems\AI\Hrot.BTree.Editor.Tests\Renderers\ObserverGuardBadgeRendererTests.cs(61,34,61,40): error CS0246: The type or namespace name 'NodeId' could not be found (are you missing a using directive or an assembly reference?)
87>D:\Work\IOS-IG-SimHost-FDP-2\Hrot\Subsystems\AI\Hrot.BTree.Editor.Tests\Renderers\ObserverGuardBadgeRendererTests.cs(61,48,61,60): error CS0246: The type or namespace name 'PinDirection' could not be found (are you missing a using directive or an assembly reference?)
87>D:\Work\IOS-IG-SimHost-FDP-2\Hrot\Subsystems\AI\Hrot.BTree.Editor.Tests\Renderers\VariableBindingBadgeRendererTests.cs(76,12,76,25): error CS0246: The type or namespace name 'IDebugSession' could not be found (are you missing a using directive or an assembly reference?)
87>D:\Work\IOS-IG-SimHost-FDP-2\Hrot\Subsystems\AI\Hrot.BTree.Editor.Tests\Renderers\ObserverGuardBadgeRendererTests.cs(67,37,67,47): error CS0246: The type or namespace name 'ILinkModel' could not be found (are you missing a using directive or an assembly reference?)
87>D:\Work\IOS-IG-SimHost-FDP-2\Hrot\Subsystems\AI\Hrot.BTree.Editor.Tests\Renderers\VariableBindingBadgeRendererTests.cs(85,22,85,28): error CS0246: The type or namespace name 'NodeId' could not be found (are you missing a using directive or an assembly reference?)
87>D:\Work\IOS-IG-SimHost-FDP-2\Hrot\Subsystems\AI\Hrot.BTree.Editor.Tests\Renderers\ObserverGuardBadgeRendererTests.cs(69,16,69,22): error CS0246: The type or namespace name 'LinkId' could not be found (are you missing a using directive or an assembly reference?)
87>D:\Work\IOS-IG-SimHost-FDP-2\Hrot\Subsystems\AI\Hrot.BTree.Editor.Tests\Renderers\ObserverGuardBadgeRendererTests.cs(70,16,70,21): error CS0246: The type or namespace name 'PinId' could not be found (are you missing a using directive or an assembly reference?)
87>D:\Work\IOS-IG-SimHost-FDP-2\Hrot\Subsystems\AI\Hrot.BTree.Editor.Tests\Renderers\ObserverGuardBadgeRendererTests.cs(71,16,71,21): error CS0246: The type or namespace name 'PinId' could not be found (are you missing a using directive or an assembly reference?)
87>D:\Work\IOS-IG-SimHost-FDP-2\Hrot\Subsystems\AI\Hrot.BTree.Editor.Tests\Renderers\ObserverGuardBadgeRendererTests.cs(72,16,72,25): error CS0246: The type or namespace name 'LinkStyle' could not be found (are you missing a using directive or an assembly reference?)
87>D:\Work\IOS-IG-SimHost-FDP-2\Hrot\Subsystems\AI\Hrot.BTree.Editor.Tests\Renderers\ObserverGuardBadgeRendererTests.cs(75,25,75,31): error CS0246: The type or namespace name 'LinkId' could not be found (are you missing a using directive or an assembly reference?)
87>D:\Work\IOS-IG-SimHost-FDP-2\Hrot\Subsystems\AI\Hrot.BTree.Editor.Tests\Renderers\ObserverGuardBadgeRendererTests.cs(75,36,75,41): error CS0246: The type or namespace name 'PinId' could not be found (are you missing a using directive or an assembly reference?)
87>D:\Work\IOS-IG-SimHost-FDP-2\Hrot\Subsystems\AI\Hrot.BTree.Editor.Tests\Renderers\ObserverGuardBadgeRendererTests.cs(75,48,75,53): error CS0246: The type or namespace name 'PinId' could not be found (are you missing a using directive or an assembly reference?)
87>D:\Work\IOS-IG-SimHost-FDP-2\Hrot\Subsystems\AI\Hrot.BTree.Editor.Tests\Renderers\ObserverGuardBadgeRendererTests.cs(81,38,81,49): error CS0246: The type or namespace name 'IGraphModel' could not be found (are you missing a using directive or an assembly reference?)
87>D:\Work\IOS-IG-SimHost-FDP-2\Hrot\Subsystems\AI\Hrot.BTree.Editor.Tests\Renderers\ObserverGuardBadgeRendererTests.cs(95,29,95,52): error CS0246: The type or namespace name 'GraphChangeNotification' could not be found (are you missing a using directive or an assembly reference?)
87>D:\Work\IOS-IG-SimHost-FDP-2\Hrot\Subsystems\AI\Hrot.BTree.Editor.Tests\Renderers\ObserverGuardBadgeRendererTests.cs(83,37,83,43): error CS0246: The type or namespace name 'NodeId' could not be found (are you missing a using directive or an assembly reference?)
87>D:\Work\IOS-IG-SimHost-FDP-2\Hrot\Subsystems\AI\Hrot.BTree.Editor.Tests\Renderers\ObserverGuardBadgeRendererTests.cs(83,45,83,55): error CS0246: The type or namespace name 'INodeModel' could not be found (are you missing a using directive or an assembly reference?)
87>D:\Work\IOS-IG-SimHost-FDP-2\Hrot\Subsystems\AI\Hrot.BTree.Editor.Tests\Renderers\ObserverGuardBadgeRendererTests.cs(84,37,84,42): error CS0246: The type or namespace name 'PinId' could not be found (are you missing a using directive or an assembly reference?)
87>D:\Work\IOS-IG-SimHost-FDP-2\Hrot\Subsystems\AI\Hrot.BTree.Editor.Tests\Renderers\ObserverGuardBadgeRendererTests.cs(84,45,84,54): error CS0246: The type or namespace name 'IPinModel' could not be found (are you missing a using directive or an assembly reference?)
87>D:\Work\IOS-IG-SimHost-FDP-2\Hrot\Subsystems\AI\Hrot.BTree.Editor.Tests\Renderers\ObserverGuardBadgeRendererTests.cs(85,37,85,43): error CS0246: The type or namespace name 'LinkId' could not be found (are you missing a using directive or an assembly reference?)
87>D:\Work\IOS-IG-SimHost-FDP-2\Hrot\Subsystems\AI\Hrot.BTree.Editor.Tests\Renderers\ObserverGuardBadgeRendererTests.cs(85,45,85,55): error CS0246: The type or namespace name 'ILinkModel' could not be found (are you missing a using directive or an assembly reference?)
87>D:\Work\IOS-IG-SimHost-FDP-2\Hrot\Subsystems\AI\Hrot.BTree.Editor.Tests\Renderers\ObserverGuardBadgeRendererTests.cs(87,16,87,23): error CS0246: The type or namespace name 'GraphId' could not be found (are you missing a using directive or an assembly reference?)
87>D:\Work\IOS-IG-SimHost-FDP-2\Hrot\Subsystems\AI\Hrot.BTree.Editor.Tests\Renderers\ObserverGuardBadgeRendererTests.cs(89,16,89,35): error CS0246: The type or namespace name 'GraphKindDescriptor' could not be found (are you missing a using directive or an assembly reference?)
87>D:\Work\IOS-IG-SimHost-FDP-2\Hrot\Subsystems\AI\Hrot.BTree.Editor.Tests\Renderers\ObserverGuardBadgeRendererTests.cs(90,36,90,46): error CS0246: The type or namespace name 'INodeModel' could not be found (are you missing a using directive or an assembly reference?)
87>D:\Work\IOS-IG-SimHost-FDP-2\Hrot\Subsystems\AI\Hrot.BTree.Editor.Tests\Renderers\ObserverGuardBadgeRendererTests.cs(91,36,91,46): error CS0246: The type or namespace name 'ILinkModel' could not be found (are you missing a using directive or an assembly reference?)
87>D:\Work\IOS-IG-SimHost-FDP-2\Hrot\Subsystems\AI\Hrot.BTree.Editor.Tests\Renderers\ObserverGuardBadgeRendererTests.cs(92,36,92,49): error CS0246: The type or namespace name 'ICommentModel' could not be found (are you missing a using directive or an assembly reference?)
87>D:\Work\IOS-IG-SimHost-FDP-2\Hrot\Subsystems\AI\Hrot.BTree.Editor.Tests\Renderers\ObserverGuardBadgeRendererTests.cs(98,25,98,35): error CS0246: The type or namespace name 'INodeModel' could not be found (are you missing a using directive or an assembly reference?)
87>D:\Work\IOS-IG-SimHost-FDP-2\Hrot\Subsystems\AI\Hrot.BTree.Editor.Tests\Renderers\ObserverGuardBadgeRendererTests.cs(99,25,99,34): error CS0246: The type or namespace name 'IPinModel' could not be found (are you missing a using directive or an assembly reference?)
87>D:\Work\IOS-IG-SimHost-FDP-2\Hrot\Subsystems\AI\Hrot.BTree.Editor.Tests\Renderers\ObserverGuardBadgeRendererTests.cs(100,25,100,35): error CS0246: The type or namespace name 'ILinkModel' could not be found (are you missing a using directive or an assembly reference?)
87>D:\Work\IOS-IG-SimHost-FDP-2\Hrot\Subsystems\AI\Hrot.BTree.Editor.Tests\Renderers\ObserverGuardBadgeRendererTests.cs(102,38,102,44): error CS0246: The type or namespace name 'NodeId' could not be found (are you missing a using directive or an assembly reference?)
87>D:\Work\IOS-IG-SimHost-FDP-2\Hrot\Subsystems\AI\Hrot.BTree.Editor.Tests\Renderers\ObserverGuardBadgeRendererTests.cs(102,16,102,26): error CS0246: The type or namespace name 'INodeModel' could not be found (are you missing a using directive or an assembly reference?)
87>D:\Work\IOS-IG-SimHost-FDP-2\Hrot\Subsystems\AI\Hrot.BTree.Editor.Tests\Renderers\ObserverGuardBadgeRendererTests.cs(103,37,103,42): error CS0246: The type or namespace name 'PinId' could not be found (are you missing a using directive or an assembly reference?)
87>D:\Work\IOS-IG-SimHost-FDP-2\Hrot\Subsystems\AI\Hrot.BTree.Editor.Tests\Renderers\ObserverGuardBadgeRendererTests.cs(103,16,103,25): error CS0246: The type or namespace name 'IPinModel' could not be found (are you missing a using directive or an assembly reference?)
87>D:\Work\IOS-IG-SimHost-FDP-2\Hrot\Subsystems\AI\Hrot.BTree.Editor.Tests\Renderers\ObserverGuardBadgeRendererTests.cs(104,38,104,44): error CS0246: The type or namespace name 'LinkId' could not be found (are you missing a using directive or an assembly reference?)
87>D:\Work\IOS-IG-SimHost-FDP-2\Hrot\Subsystems\AI\Hrot.BTree.Editor.Tests\Renderers\ObserverGuardBadgeRendererTests.cs(104,16,104,26): error CS0246: The type or namespace name 'ILinkModel' could not be found (are you missing a using directive or an assembly reference?)
87>D:\Work\IOS-IG-SimHost-FDP-2\Hrot\Subsystems\AI\Hrot.BTree.Editor.Tests\Renderers\ObserverGuardBadgeRendererTests.cs(107,42,107,62): error CS0246: The type or namespace name 'ICanvasRenderContext' could not be found (are you missing a using directive or an assembly reference?)
87>D:\Work\IOS-IG-SimHost-FDP-2\Hrot\Subsystems\AI\Hrot.BTree.Editor.Tests\Renderers\ObserverGuardBadgeRendererTests.cs(109,39,109,45): error CS0246: The type or namespace name 'LinkId' could not be found (are you missing a using directive or an assembly reference?)
87>D:\Work\IOS-IG-SimHost-FDP-2\Hrot\Subsystems\AI\Hrot.BTree.Editor.Tests\Renderers\ObserverGuardBadgeRendererTests.cs(112,16,112,29): error CS0246: The type or namespace name 'ViewportState' could not be found (are you missing a using directive or an assembly reference?)
87>D:\Work\IOS-IG-SimHost-FDP-2\Hrot\Subsystems\AI\Hrot.BTree.Editor.Tests\Renderers\ObserverGuardBadgeRendererTests.cs(113,16,113,32): error CS0246: The type or namespace name 'CanvasRenderPass' could not be found (are you missing a using directive or an assembly reference?)
87>D:\Work\IOS-IG-SimHost-FDP-2\Hrot\Subsystems\AI\Hrot.BTree.Editor.Tests\Renderers\ObserverGuardBadgeRendererTests.cs(114,16,114,28): error CS0246: The type or namespace name 'IEditorTheme' could not be found (are you missing a using directive or an assembly reference?)
87>D:\Work\IOS-IG-SimHost-FDP-2\Hrot\Subsystems\AI\Hrot.BTree.Editor.Tests\Renderers\ObserverGuardBadgeRendererTests.cs(115,16,115,27): error CS0246: The type or namespace name 'IGraphModel' could not be found (are you missing a using directive or an assembly reference?)
87>D:\Work\IOS-IG-SimHost-FDP-2\Hrot\Subsystems\AI\Hrot.BTree.Editor.Tests\Renderers\ObserverGuardBadgeRendererTests.cs(116,16,116,30): error CS0246: The type or namespace name 'SelectionState' could not be found (are you missing a using directive or an assembly reference?)
87>D:\Work\IOS-IG-SimHost-FDP-2\Hrot\Subsystems\AI\Hrot.BTree.Editor.Tests\Renderers\ObserverGuardBadgeRendererTests.cs(117,29,117,35): error CS0246: The type or namespace name 'NodeId' could not be found (are you missing a using directive or an assembly reference?)
87>D:\Work\IOS-IG-SimHost-FDP-2\Hrot\Subsystems\AI\Hrot.BTree.Editor.Tests\Renderers\ObserverGuardBadgeRendererTests.cs(118,29,118,35): error CS0246: The type or namespace name 'LinkId' could not be found (are you missing a using directive or an assembly reference?)
87>D:\Work\IOS-IG-SimHost-FDP-2\Hrot\Subsystems\AI\Hrot.BTree.Editor.Tests\Renderers\ObserverGuardBadgeRendererTests.cs(121,16,121,29): error CS0246: The type or namespace name 'IDebugSession' could not be found (are you missing a using directive or an assembly reference?)
87>D:\Work\IOS-IG-SimHost-FDP-2\Hrot\Subsystems\AI\Hrot.BTree.Editor.Tests\Renderers\ObserverGuardBadgeRendererTests.cs(126,37,126,42): error CS0246: The type or namespace name 'RectF' could not be found (are you missing a using directive or an assembly reference?)
87>D:\Work\IOS-IG-SimHost-FDP-2\Hrot\Subsystems\AI\Hrot.BTree.Editor.Tests\Renderers\ObserverGuardBadgeRendererTests.cs(126,16,126,21): error CS0246: The type or namespace name 'RectF' could not be found (are you missing a using directive or an assembly reference?)
87>D:\Work\IOS-IG-SimHost-FDP-2\Hrot\Subsystems\AI\Hrot.BTree.Editor.Tests\Renderers\ObserverGuardBadgeRendererTests.cs(128,60,128,66): error CS0246: The type or namespace name 'LinkId' could not be found (are you missing a using directive or an assembly reference?)
87>Done building project "Hrot.BTree.Editor.Tests.csproj" -- FAILED.
91>D:\Work\IOS-IG-SimHost-FDP-2\Hrot\Subsystems\Hrot.ExCon.Tests\Adapters\ExConAdapterTests.cs(4,18,4,26): error CS0234: The type or namespace name 'Adapters' does not exist in the namespace 'Hrot.ExCon' (are you missing an assembly reference?)
91>D:\Work\IOS-IG-SimHost-FDP-2\Hrot\Subsystems\Hrot.ExCon.Tests\Adapters\ExConAdapterTests.cs(5,18,5,26): error CS0234: The type or namespace name 'Services' does not exist in the namespace 'Hrot.ExCon' (are you missing an assembly reference?)
91>D:\Work\IOS-IG-SimHost-FDP-2\Hrot\Subsystems\Hrot.ExCon.Tests\Adapters\ExConAdapterTests.cs(6,12,6,15): error CS0234: The type or namespace name 'Map' does not exist in the namespace 'Hrot' (are you missing an assembly reference?)
91>D:\Work\IOS-IG-SimHost-FDP-2\Hrot\Subsystems\Hrot.ExCon.Tests\Adapters\ExConAdapterTests.cs(7,12,7,16): error CS0234: The type or namespace name 'Core' does not exist in the namespace 'Hrot' (are you missing an assembly reference?)
91>D:\Work\IOS-IG-SimHost-FDP-2\Hrot\Subsystems\Hrot.ExCon.Tests\Adapters\ExConAdapterTests.cs(8,12,8,16): error CS0234: The type or namespace name 'Core' does not exist in the namespace 'Hrot' (are you missing an assembly reference?)
91>D:\Work\IOS-IG-SimHost-FDP-2\Hrot\Subsystems\Hrot.ExCon.Tests\Adapters\ExConAdapterTests.cs(9,12,9,14): error CS0234: The type or namespace name 'UI' does not exist in the namespace 'Hrot' (are you missing an assembly reference?)
91>D:\Work\IOS-IG-SimHost-FDP-2\Hrot\Subsystems\Hrot.ExCon.Tests\Adapters\ExConAdapterTests.cs(10,7,10,10): error CS0246: The type or namespace name 'Fdp' could not be found (are you missing a using directive or an assembly reference?)
91>D:\Work\IOS-IG-SimHost-FDP-2\Hrot\Subsystems\Hrot.ExCon.Tests\ConfigPanelTests.cs(1,12,1,14): error CS0234: The type or namespace name 'UI' does not exist in the namespace 'Hrot' (are you missing an assembly reference?)
91>D:\Work\IOS-IG-SimHost-FDP-2\Hrot\Subsystems\Hrot.ExCon.Tests\ConfigPanelTests.cs(2,12,2,14): error CS0234: The type or namespace name 'UI' does not exist in the namespace 'Hrot' (are you missing an assembly reference?)
91>D:\Work\IOS-IG-SimHost-FDP-2\Hrot\Subsystems\Hrot.ExCon.Tests\ConfigPanelTests.cs(3,12,3,14): error CS0234: The type or namespace name 'UI' does not exist in the namespace 'Hrot' (are you missing an assembly reference?)
91>D:\Work\IOS-IG-SimHost-FDP-2\Hrot\Subsystems\Hrot.ExCon.Tests\ContextMenuLogicTests.cs(1,12,1,16): error CS0234: The type or namespace name 'Core' does not exist in the namespace 'Hrot' (are you missing an assembly reference?)
91>D:\Work\IOS-IG-SimHost-FDP-2\Hrot\Subsystems\Hrot.ExCon.Tests\ContextMenuLogicTests.cs(2,12,2,16): error CS0234: The type or namespace name 'Core' does not exist in the namespace 'Hrot' (are you missing an assembly reference?)
91>D:\Work\IOS-IG-SimHost-FDP-2\Hrot\Subsystems\Hrot.ExCon.Tests\ContextMenuLogicTests.cs(3,18,3,23): error CS0234: The type or namespace name 'Logic' does not exist in the namespace 'Hrot.ExCon' (are you missing an assembly reference?)
91>D:\Work\IOS-IG-SimHost-FDP-2\Hrot\Subsystems\Hrot.ExCon.Tests\ContextMenuLogicTests.cs(4,7,4,10): error CS0246: The type or namespace name 'Fdp' could not be found (are you missing a using directive or an assembly reference?)
91>D:\Work\IOS-IG-SimHost-FDP-2\Hrot\Subsystems\Hrot.ExCon.Tests\DdsWriterAdapterTests.cs(1,12,1,15): error CS0234: The type or namespace name 'Map' does not exist in the namespace 'Hrot' (are you missing an assembly reference?)
91>D:\Work\IOS-IG-SimHost-FDP-2\Hrot\Subsystems\Hrot.ExCon.Tests\DiagnosticsPanelTests.cs(1,18,1,24): error CS0234: The type or namespace name 'Panels' does not exist in the namespace 'Hrot.ExCon' (are you missing an assembly reference?)
91>D:\Work\IOS-IG-SimHost-FDP-2\Hrot\Subsystems\Hrot.ExCon.Tests\DiagnosticsPanelTests.cs(2,18,2,26): error CS0234: The type or namespace name 'Services' does not exist in the namespace 'Hrot.ExCon' (are you missing an assembly reference?)
91>D:\Work\IOS-IG-SimHost-FDP-2\Hrot\Subsystems\Hrot.ExCon.Tests\DiagnosticsPanelTests.cs(3,7,3,10): error CS0246: The type or namespace name 'Fdp' could not be found (are you missing a using directive or an assembly reference?)
91>D:\Work\IOS-IG-SimHost-FDP-2\Hrot\Subsystems\Hrot.ExCon.Tests\ExConOrbatAdapterTests.cs(4,7,4,10): error CS0246: The type or namespace name 'Fdp' could not be found (are you missing a using directive or an assembly reference?)
91>D:\Work\IOS-IG-SimHost-FDP-2\Hrot\Subsystems\Hrot.ExCon.Tests\ExConOrbatAdapterTests.cs(5,7,5,10): error CS0246: The type or namespace name 'Fdp' could not be found (are you missing a using directive or an assembly reference?)
92>D:\Work\IOS-IG-SimHost-FDP-2\Hrot\Editor\Hrot.Utility.Editor.Tests\Catalog\InputCatalogBrowserTests.cs(2,7,2,10): error CS0246: The type or namespace name 'Fdp' could not be found (are you missing a using directive or an assembly reference?)
92>D:\Work\IOS-IG-SimHost-FDP-2\Hrot\Editor\Hrot.Utility.Editor.Tests\Catalog\InputCatalogBrowserTests.cs(3,27,3,34): error CS0234: The type or namespace name 'Catalog' does not exist in the namespace 'Hrot.Utility.Editor' (are you missing an assembly reference?)
92>D:\Work\IOS-IG-SimHost-FDP-2\Hrot\Editor\Hrot.Utility.Editor.Tests\Comparison\UtilityComparisonSanitizerTests.cs(2,12,2,18): error CS0234: The type or namespace name 'Editor' does not exist in the namespace 'Hrot' (are you missing an assembly reference?)
92>D:\Work\IOS-IG-SimHost-FDP-2\Hrot\Editor\Hrot.Utility.Editor.Tests\Comparison\UtilityComparisonSanitizerTests.cs(3,12,3,18): error CS0234: The type or namespace name 'Editor' does not exist in the namespace 'Hrot' (are you missing an assembly reference?)
92>D:\Work\IOS-IG-SimHost-FDP-2\Hrot\Editor\Hrot.Utility.Editor.Tests\Comparison\UtilityComparisonSanitizerTests.cs(4,27,4,37): error CS0234: The type or namespace name 'Comparison' does not exist in the namespace 'Hrot.Utility.Editor' (are you missing an assembly reference?)
92>D:\Work\IOS-IG-SimHost-FDP-2\Hrot\Editor\Hrot.Utility.Editor.Tests\Comparison\UtilityTuningDiffEngineTests.cs(1,7,1,10): error CS0246: The type or namespace name 'Fdp' could not be found (are you missing a using directive or an assembly reference?)
92>D:\Work\IOS-IG-SimHost-FDP-2\Hrot\Editor\Hrot.Utility.Editor.Tests\Comparison\UtilityTuningDiffEngineTests.cs(2,27,2,37): error CS0234: The type or namespace name 'Comparison' does not exist in the namespace 'Hrot.Utility.Editor' (are you missing an assembly reference?)
92>D:\Work\IOS-IG-SimHost-FDP-2\Hrot\Editor\Hrot.Utility.Editor.Tests\Comparison\UtilityTuningDiffEngineTests.cs(3,27,3,32): error CS0234: The type or namespace name 'Model' does not exist in the namespace 'Hrot.Utility.Editor' (are you missing an assembly reference?)
92>D:\Work\IOS-IG-SimHost-FDP-2\Hrot\Editor\Hrot.Utility.Editor.Tests\CurveWidgetTests.cs(3,7,3,10): error CS0246: The type or namespace name 'Fdp' could not be found (are you missing a using directive or an assembly reference?)
92>D:\Work\IOS-IG-SimHost-FDP-2\Hrot\Editor\Hrot.Utility.Editor.Tests\CurveWidgetTests.cs(4,27,4,32): error CS0234: The type or namespace name 'Curve' does not exist in the namespace 'Hrot.Utility.Editor' (are you missing an assembly reference?)
92>D:\Work\IOS-IG-SimHost-FDP-2\Hrot\Editor\Hrot.Utility.Editor.Tests\FieldEdit\UtilityCurveFieldEditorTests.cs(1,7,1,10): error CS0246: The type or namespace name 'Fdp' could not be found (are you missing a using directive or an assembly reference?)
92>D:\Work\IOS-IG-SimHost-FDP-2\Hrot\Editor\Hrot.Utility.Editor.Tests\FieldEdit\UtilityCurveFieldEditorTests.cs(2,27,2,36): error CS0234: The type or namespace name 'FieldEdit' does not exist in the namespace 'Hrot.Utility.Editor' (are you missing an assembly reference?)
92>D:\Work\IOS-IG-SimHost-FDP-2\Hrot\Editor\Hrot.Utility.Editor.Tests\FieldEdit\UtilityCurveFieldEditorTests.cs(3,7,3,17): error CS0246: The type or namespace name 'StructEdit' could not be found (are you missing a using directive or an assembly reference?)
92>D:\Work\IOS-IG-SimHost-FDP-2\Hrot\Editor\Hrot.Utility.Editor.Tests\FieldEdit\UtilityCurveFieldEditorTests.cs(4,7,4,17): error CS0246: The type or namespace name 'StructEdit' could not be found (are you missing a using directive or an assembly reference?)
92>D:\Work\IOS-IG-SimHost-FDP-2\Hrot\Editor\Hrot.Utility.Editor.Tests\Loading\UtilityAssetLoaderTests.cs(6,7,6,10): error CS0246: The type or namespace name 'Fdp' could not be found (are you missing a using directive or an assembly reference?)
92>D:\Work\IOS-IG-SimHost-FDP-2\Hrot\Editor\Hrot.Utility.Editor.Tests\Loading\UtilityAssetLoaderTests.cs(7,27,7,34): error CS0234: The type or namespace name 'Loading' does not exist in the namespace 'Hrot.Utility.Editor' (are you missing an assembly reference?)
92>D:\Work\IOS-IG-SimHost-FDP-2\Hrot\Editor\Hrot.Utility.Editor.Tests\Preview\UtilityPreviewRunnerTests.cs(2,7,2,10): error CS0246: The type or namespace name 'Fdp' could not be found (are you missing a using directive or an assembly reference?)
92>D:\Work\IOS-IG-SimHost-FDP-2\Hrot\Editor\Hrot.Utility.Editor.Tests\Preview\UtilityPreviewRunnerTests.cs(3,7,3,10): error CS0246: The type or namespace name 'Fdp' could not be found (are you missing a using directive or an assembly reference?)
92>D:\Work\IOS-IG-SimHost-FDP-2\Hrot\Editor\Hrot.Utility.Editor.Tests\Preview\UtilityPreviewRunnerTests.cs(4,27,4,32): error CS0234: The type or namespace name 'Model' does not exist in the namespace 'Hrot.Utility.Editor' (are you missing an assembly reference?)
92>D:\Work\IOS-IG-SimHost-FDP-2\Hrot\Editor\Hrot.Utility.Editor.Tests\Preview\UtilityPreviewRunnerTests.cs(5,27,5,34): error CS0234: The type or namespace name 'Preview' does not exist in the namespace 'Hrot.Utility.Editor' (are you missing an assembly reference?)
92>D:\Work\IOS-IG-SimHost-FDP-2\Hrot\Editor\Hrot.Utility.Editor.Tests\UtilityDecisionAssetTests.cs(2,7,2,10): error CS0246: The type or namespace name 'Fdp' could not be found (are you missing a using directive or an assembly reference?)
92>D:\Work\IOS-IG-SimHost-FDP-2\Hrot\Editor\Hrot.Utility.Editor.Tests\UtilityDecisionAssetTests.cs(3,12,3,18): error CS0234: The type or namespace name 'Editor' does not exist in the namespace 'Hrot' (are you missing an assembly reference?)
92>D:\Work\IOS-IG-SimHost-FDP-2\Hrot\Editor\Hrot.Utility.Editor.Tests\UtilityDecisionAssetTests.cs(4,12,4,18): error CS0234: The type or namespace name 'Editor' does not exist in the namespace 'Hrot' (are you missing an assembly reference?)
92>D:\Work\IOS-IG-SimHost-FDP-2\Hrot\Editor\Hrot.Utility.Editor.Tests\UtilityDecisionAssetTests.cs(5,27,5,32): error CS0234: The type or namespace name 'Model' does not exist in the namespace 'Hrot.Utility.Editor' (are you missing an assembly reference?)
92>D:\Work\IOS-IG-SimHost-FDP-2\Hrot\Editor\Hrot.Utility.Editor.Tests\UtilityDecisionAssetTests.cs(6,27,6,34): error CS0234: The type or namespace name 'Tracing' does not exist in the namespace 'Hrot.Utility.Editor' (are you missing an assembly reference?)
92>D:\Work\IOS-IG-SimHost-FDP-2\Hrot\Editor\Hrot.Utility.Editor.Tests\UtilityDecisionAssetTests.cs(7,27,7,34): error CS0234: The type or namespace name 'Windows' does not exist in the namespace 'Hrot.Utility.Editor' (are you missing an assembly reference?)
92>D:\Work\IOS-IG-SimHost-FDP-2\Hrot\Editor\Hrot.Utility.Editor.Tests\UtilityFluentEmitterTests.cs(5,7,5,10): error CS0246: The type or namespace name 'Fdp' could not be found (are you missing a using directive or an assembly reference?)
92>D:\Work\IOS-IG-SimHost-FDP-2\Hrot\Editor\Hrot.Utility.Editor.Tests\UtilityFluentEmitterTests.cs(6,12,6,18): error CS0234: The type or namespace name 'Editor' does not exist in the namespace 'Hrot' (are you missing an assembly reference?)
92>D:\Work\IOS-IG-SimHost-FDP-2\Hrot\Editor\Hrot.Utility.Editor.Tests\UtilityFluentEmitterTests.cs(7,12,7,18): error CS0234: The type or namespace name 'Editor' does not exist in the namespace 'Hrot' (are you missing an assembly reference?)
92>D:\Work\IOS-IG-SimHost-FDP-2\Hrot\Editor\Hrot.Utility.Editor.Tests\UtilityFluentEmitterTests.cs(8,27,8,31): error CS0234: The type or namespace name 'Emit' does not exist in the namespace 'Hrot.Utility.Editor' (are you missing an assembly reference?)
92>D:\Work\IOS-IG-SimHost-FDP-2\Hrot\Editor\Hrot.Utility.Editor.Tests\UtilityFluentEmitterTests.cs(9,27,9,34): error CS0234: The type or namespace name 'Loading' does not exist in the namespace 'Hrot.Utility.Editor' (are you missing an assembly reference?)
92>D:\Work\IOS-IG-SimHost-FDP-2\Hrot\Editor\Hrot.Utility.Editor.Tests\UtilityFluentEmitterTests.cs(10,27,10,32): error CS0234: The type or namespace name 'Model' does not exist in the namespace 'Hrot.Utility.Editor' (are you missing an assembly reference?)
92>D:\Work\IOS-IG-SimHost-FDP-2\Hrot\Editor\Hrot.Utility.Editor.Tests\FieldEdit\UtilityCurveFieldEditorTests.cs(12,44,12,57): error CS0246: The type or namespace name 'IValueBinding' could not be found (are you missing a using directive or an assembly reference?)
92>D:\Work\IOS-IG-SimHost-FDP-2\Hrot\Editor\Hrot.Utility.Editor.Tests\Comparison\UtilityTuningDiffEngineTests.cs(12,20,12,40): error CS0246: The type or namespace name 'UtilityDecisionAsset' could not be found (are you missing a using directive or an assembly reference?)
92>D:\Work\IOS-IG-SimHost-FDP-2\Hrot\Editor\Hrot.Utility.Editor.Tests\Comparison\UtilityComparisonSanitizerTests.cs(64,13,64,31): error CS0246: The type or namespace name 'SanitizationResult' could not be found (are you missing a using directive or an assembly reference?)
92>D:\Work\IOS-IG-SimHost-FDP-2\Hrot\Editor\Hrot.Utility.Editor.Tests\UtilityFluentEmitterTests.cs(373,20,373,40): error CS0246: The type or namespace name 'UtilityDecisionAsset' could not be found (are you missing a using directive or an assembly reference?)
92>D:\Work\IOS-IG-SimHost-FDP-2\Hrot\Editor\Hrot.Utility.Editor.Tests\UtilityFluentEmitterTests.cs(23,51,23,63): error CS0246: The type or namespace name 'DecisionKind' could not be found (are you missing a using directive or an assembly reference?)
92>D:\Work\IOS-IG-SimHost-FDP-2\Hrot\Editor\Hrot.Utility.Editor.Tests\UtilityFluentEmitterTests.cs(23,20,23,40): error CS0246: The type or namespace name 'UtilityDecisionAsset' could not be found (are you missing a using directive or an assembly reference?)
92>D:\Work\IOS-IG-SimHost-FDP-2\Hrot\Editor\Hrot.Utility.Editor.Tests\Comparison\UtilityComparisonSanitizerTests.cs(15,22,15,48): error CS0246: The type or namespace name 'UtilityComparisonSanitizer' could not be found (are you missing a using directive or an assembly reference?)
92>D:\Work\IOS-IG-SimHost-FDP-2\Hrot\Editor\Hrot.Utility.Editor.Tests\CurveWidgetTests.cs(191,57,191,66): error CS0246: The type or namespace name 'CurveKind' could not be found (are you missing a using directive or an assembly reference?)
92>D:\Work\IOS-IG-SimHost-FDP-2\Hrot\Editor\Hrot.Utility.Editor.Tests\Preview\UtilityPreviewRunnerTests.cs(19,43,19,58): error CS0246: The type or namespace name 'UtilityInputCtx' could not be found (are you missing a using directive or an assembly reference?)
92>D:\Work\IOS-IG-SimHost-FDP-2\Hrot\Editor\Hrot.Utility.Editor.Tests\Preview\UtilityPreviewRunnerTests.cs(20,45,20,60): error CS0246: The type or namespace name 'UtilityInputCtx' could not be found (are you missing a using directive or an assembly reference?)
92>D:\Work\IOS-IG-SimHost-FDP-2\Hrot\Editor\Hrot.Utility.Editor.Tests\Preview\UtilityPreviewRunnerTests.cs(21,55,21,70): error CS0246: The type or namespace name 'UtilityInputCtx' could not be found (are you missing a using directive or an assembly reference?)
92>D:\Work\IOS-IG-SimHost-FDP-2\Hrot\Editor\Hrot.Utility.Editor.Tests\Preview\UtilityPreviewRunnerTests.cs(22,55,22,70): error CS0246: The type or namespace name 'UtilityInputCtx' could not be found (are you missing a using directive or an assembly reference?)
92>D:\Work\IOS-IG-SimHost-FDP-2\Hrot\Editor\Hrot.Utility.Editor.Tests\Preview\UtilityPreviewRunnerTests.cs(30,9,30,27): error CS0246: The type or namespace name 'ResponseCurveModel' could not be found (are you missing a using directive or an assembly reference?)
92>D:\Work\IOS-IG-SimHost-FDP-2\Hrot\Editor\Hrot.Utility.Editor.Tests\Preview\UtilityPreviewRunnerTests.cs(28,20,28,40): error CS0246: The type or namespace name 'UtilityDecisionAsset' could not be found (are you missing a using directive or an assembly reference?)
92>D:\Work\IOS-IG-SimHost-FDP-2\Hrot\Editor\Hrot.Utility.Editor.Tests\UtilityFluentEmitterTests.cs(23,71,23,83): error CS0103: The name 'DecisionKind' does not exist in the current context
92>D:\Work\IOS-IG-SimHost-FDP-2\Hrot\Editor\Hrot.Utility.Editor.Tests\CurveWidgetTests.cs(169,21,169,30): error CS0103: The name 'CurveKind' does not exist in the current context
92>D:\Work\IOS-IG-SimHost-FDP-2\Hrot\Editor\Hrot.Utility.Editor.Tests\CurveWidgetTests.cs(170,21,170,30): error CS0103: The name 'CurveKind' does not exist in the current context
92>D:\Work\IOS-IG-SimHost-FDP-2\Hrot\Editor\Hrot.Utility.Editor.Tests\CurveWidgetTests.cs(171,21,171,30): error CS0103: The name 'CurveKind' does not exist in the current context
92>D:\Work\IOS-IG-SimHost-FDP-2\Hrot\Editor\Hrot.Utility.Editor.Tests\CurveWidgetTests.cs(172,21,172,30): error CS0103: The name 'CurveKind' does not exist in the current context
92>D:\Work\IOS-IG-SimHost-FDP-2\Hrot\Editor\Hrot.Utility.Editor.Tests\CurveWidgetTests.cs(173,21,173,30): error CS0103: The name 'CurveKind' does not exist in the current context
92>D:\Work\IOS-IG-SimHost-FDP-2\Hrot\Editor\Hrot.Utility.Editor.Tests\CurveWidgetTests.cs(174,21,174,30): error CS0103: The name 'CurveKind' does not exist in the current context
92>D:\Work\IOS-IG-SimHost-FDP-2\Hrot\Editor\Hrot.Utility.Editor.Tests\CurveWidgetTests.cs(175,21,175,30): error CS0103: The name 'CurveKind' does not exist in the current context
92>D:\Work\IOS-IG-SimHost-FDP-2\Hrot\Editor\Hrot.Utility.Editor.Tests\CurveWidgetTests.cs(176,21,176,30): error CS0103: The name 'CurveKind' does not exist in the current context
92>D:\Work\IOS-IG-SimHost-FDP-2\Hrot\Editor\Hrot.Utility.Editor.Tests\CurveWidgetTests.cs(177,21,177,30): error CS0103: The name 'CurveKind' does not exist in the current context
92>D:\Work\IOS-IG-SimHost-FDP-2\Hrot\Editor\Hrot.Utility.Editor.Tests\CurveWidgetTests.cs(178,21,178,30): error CS0103: The name 'CurveKind' does not exist in the current context
92>D:\Work\IOS-IG-SimHost-FDP-2\Hrot\Editor\Hrot.Utility.Editor.Tests\CurveWidgetTests.cs(179,21,179,30): error CS0103: The name 'CurveKind' does not exist in the current context
92>D:\Work\IOS-IG-SimHost-FDP-2\Hrot\Editor\Hrot.Utility.Editor.Tests\CurveWidgetTests.cs(180,21,180,30): error CS0103: The name 'CurveKind' does not exist in the current context
92>D:\Work\IOS-IG-SimHost-FDP-2\Hrot\Editor\Hrot.Utility.Editor.Tests\CurveWidgetTests.cs(181,21,181,30): error CS0103: The name 'CurveKind' does not exist in the current context
92>D:\Work\IOS-IG-SimHost-FDP-2\Hrot\Editor\Hrot.Utility.Editor.Tests\CurveWidgetTests.cs(182,21,182,30): error CS0103: The name 'CurveKind' does not exist in the current context
92>D:\Work\IOS-IG-SimHost-FDP-2\Hrot\Editor\Hrot.Utility.Editor.Tests\CurveWidgetTests.cs(183,21,183,30): error CS0103: The name 'CurveKind' does not exist in the current context
92>D:\Work\IOS-IG-SimHost-FDP-2\Hrot\Editor\Hrot.Utility.Editor.Tests\CurveWidgetTests.cs(184,21,184,30): error CS0103: The name 'CurveKind' does not exist in the current context
92>D:\Work\IOS-IG-SimHost-FDP-2\Hrot\Editor\Hrot.Utility.Editor.Tests\CurveWidgetTests.cs(185,21,185,30): error CS0103: The name 'CurveKind' does not exist in the current context
92>D:\Work\IOS-IG-SimHost-FDP-2\Hrot\Editor\Hrot.Utility.Editor.Tests\CurveWidgetTests.cs(186,21,186,30): error CS0103: The name 'CurveKind' does not exist in the current context
92>D:\Work\IOS-IG-SimHost-FDP-2\Hrot\Editor\Hrot.Utility.Editor.Tests\CurveWidgetTests.cs(187,21,187,30): error CS0103: The name 'CurveKind' does not exist in the current context
92>D:\Work\IOS-IG-SimHost-FDP-2\Hrot\Editor\Hrot.Utility.Editor.Tests\CurveWidgetTests.cs(188,21,188,30): error CS0103: The name 'CurveKind' does not exist in the current context
92>D:\Work\IOS-IG-SimHost-FDP-2\Hrot\Editor\Hrot.Utility.Editor.Tests\CurveWidgetTests.cs(189,21,189,30): error CS0103: The name 'CurveKind' does not exist in the current context
92>D:\Work\IOS-IG-SimHost-FDP-2\Hrot\Editor\Hrot.Utility.Editor.Tests\CurveWidgetTests.cs(190,21,190,30): error CS0103: The name 'CurveKind' does not exist in the current context
92>Done building project "Hrot.Utility.Editor.Tests.csproj" -- FAILED.
91>D:\Work\IOS-IG-SimHost-FDP-2\Hrot\Subsystems\Hrot.ExCon.Tests\ExConOrbatAdapterTests.cs(6,12,6,16): error CS0234: The type or namespace name 'Core' does not exist in the namespace 'Hrot' (are you missing an assembly reference?)
91>D:\Work\IOS-IG-SimHost-FDP-2\Hrot\Subsystems\Hrot.ExCon.Tests\ExConOrbatAdapterTests.cs(7,12,7,16): error CS0234: The type or namespace name 'Core' does not exist in the namespace 'Hrot' (are you missing an assembly reference?)
91>D:\Work\IOS-IG-SimHost-FDP-2\Hrot\Subsystems\Hrot.ExCon.Tests\ExConOrbatAdapterTests.cs(8,18,8,26): error CS0234: The type or namespace name 'Adapters' does not exist in the namespace 'Hrot.ExCon' (are you missing an assembly reference?)
91>D:\Work\IOS-IG-SimHost-FDP-2\Hrot\Subsystems\Hrot.ExCon.Tests\ExConOrbatAdapterTests.cs(9,12,9,15): error CS0234: The type or namespace name 'Map' does not exist in the namespace 'Hrot' (are you missing an assembly reference?)
91>D:\Work\IOS-IG-SimHost-FDP-2\Hrot\Subsystems\Hrot.ExCon.Tests\ExConSubsystemBusTests.cs(1,7,1,10): error CS0246: The type or namespace name 'Fdp' could not be found (are you missing a using directive or an assembly reference?)
91>D:\Work\IOS-IG-SimHost-FDP-2\Hrot\Subsystems\Hrot.ExCon.Tests\ExConSubsystemBusTests.cs(2,7,2,10): error CS0246: The type or namespace name 'Fdp' could not be found (are you missing a using directive or an assembly reference?)
91>D:\Work\IOS-IG-SimHost-FDP-2\Hrot\Subsystems\Hrot.ExCon.Tests\ExConSubsystemBusTests.cs(3,7,3,10): error CS0246: The type or namespace name 'Fdp' could not be found (are you missing a using directive or an assembly reference?)
91>D:\Work\IOS-IG-SimHost-FDP-2\Hrot\Subsystems\Hrot.ExCon.Tests\ExConSubsystemBusTests.cs(5,12,5,24): error CS0234: The type or namespace name 'Orchestrator' does not exist in the namespace 'Hrot' (are you missing an assembly reference?)
91>D:\Work\IOS-IG-SimHost-FDP-2\Hrot\Subsystems\Hrot.ExCon.Tests\ExConUiPackBoundaryTests.cs(4,18,4,24): error CS0234: The type or namespace name 'Panels' does not exist in the namespace 'Hrot.ExCon' (are you missing an assembly reference?)
91>D:\Work\IOS-IG-SimHost-FDP-2\Hrot\Subsystems\Hrot.ExCon.Tests\InspectorPanelTests.cs(1,7,1,10): error CS0246: The type or namespace name 'Fdp' could not be found (are you missing a using directive or an assembly reference?)
91>D:\Work\IOS-IG-SimHost-FDP-2\Hrot\Subsystems\Hrot.ExCon.Tests\InspectorPanelTests.cs(2,7,2,10): error CS0246: The type or namespace name 'Fdp' could not be found (are you missing a using directive or an assembly reference?)
91>D:\Work\IOS-IG-SimHost-FDP-2\Hrot\Subsystems\Hrot.ExCon.Tests\InspectorPanelTests.cs(3,12,3,16): error CS0234: The type or namespace name 'Core' does not exist in the namespace 'Hrot' (are you missing an assembly reference?)
91>D:\Work\IOS-IG-SimHost-FDP-2\Hrot\Subsystems\Hrot.ExCon.Tests\IntegrationTests.cs(1,18,1,23): error CS0234: The type or namespace name 'Logic' does not exist in the namespace 'Hrot.ExCon' (are you missing an assembly reference?)
91>D:\Work\IOS-IG-SimHost-FDP-2\Hrot\Subsystems\Hrot.ExCon.Tests\IntegrationTests.cs(2,12,2,16): error CS0234: The type or namespace name 'Core' does not exist in the namespace 'Hrot' (are you missing an assembly reference?)
91>D:\Work\IOS-IG-SimHost-FDP-2\Hrot\Subsystems\Hrot.ExCon.Tests\IntegrationTests.cs(3,12,3,16): error CS0234: The type or namespace name 'Core' does not exist in the namespace 'Hrot' (are you missing an assembly reference?)
91>D:\Work\IOS-IG-SimHost-FDP-2\Hrot\Subsystems\Hrot.ExCon.Tests\IntegrationTests.cs(4,18,4,24): error CS0234: The type or namespace name 'Panels' does not exist in the namespace 'Hrot.ExCon' (are you missing an assembly reference?)
91>D:\Work\IOS-IG-SimHost-FDP-2\Hrot\Subsystems\Hrot.ExCon.Tests\IntegrationTests.cs(5,12,5,14): error CS0234: The type or namespace name 'UI' does not exist in the namespace 'Hrot' (are you missing an assembly reference?)
91>D:\Work\IOS-IG-SimHost-FDP-2\Hrot\Subsystems\Hrot.ExCon.Tests\IntegrationTests.cs(6,18,6,26): error CS0234: The type or namespace name 'Services' does not exist in the namespace 'Hrot.ExCon' (are you missing an assembly reference?)
91>D:\Work\IOS-IG-SimHost-FDP-2\Hrot\Subsystems\Hrot.ExCon.Tests\IntegrationTests.cs(7,7,7,10): error CS0246: The type or namespace name 'Fdp' could not be found (are you missing a using directive or an assembly reference?)
91>D:\Work\IOS-IG-SimHost-FDP-2\Hrot\Subsystems\Hrot.ExCon.Tests\InteractionPanelTests.cs(1,18,1,24): error CS0234: The type or namespace name 'Panels' does not exist in the namespace 'Hrot.ExCon' (are you missing an assembly reference?)
91>D:\Work\IOS-IG-SimHost-FDP-2\Hrot\Subsystems\Hrot.ExCon.Tests\IosLogicContextCommandTests.cs(1,18,1,23): error CS0234: The type or namespace name 'Logic' does not exist in the namespace 'Hrot.ExCon' (are you missing an assembly reference?)
91>D:\Work\IOS-IG-SimHost-FDP-2\Hrot\Subsystems\Hrot.ExCon.Tests\IosLogicContextCommandTests.cs(2,12,2,16): error CS0234: The type or namespace name 'Core' does not exist in the namespace 'Hrot' (are you missing an assembly reference?)
91>D:\Work\IOS-IG-SimHost-FDP-2\Hrot\Subsystems\Hrot.ExCon.Tests\IosLogicContextCommandTests.cs(3,18,3,24): error CS0234: The type or namespace name 'Panels' does not exist in the namespace 'Hrot.ExCon' (are you missing an assembly reference?)
91>D:\Work\IOS-IG-SimHost-FDP-2\Hrot\Subsystems\Hrot.ExCon.Tests\IosLogicContextCommandTests.cs(4,18,4,26): error CS0234: The type or namespace name 'Services' does not exist in the namespace 'Hrot.ExCon' (are you missing an assembly reference?)
91>D:\Work\IOS-IG-SimHost-FDP-2\Hrot\Subsystems\Hrot.ExCon.Tests\IosLogicContextCommandTests.cs(5,7,5,10): error CS0246: The type or namespace name 'Fdp' could not be found (are you missing a using directive or an assembly reference?)
91>D:\Work\IOS-IG-SimHost-FDP-2\Hrot\Subsystems\Hrot.ExCon.Tests\IosLogicEntityDeletionTests.cs(1,18,1,23): error CS0234: The type or namespace name 'Logic' does not exist in the namespace 'Hrot.ExCon' (are you missing an assembly reference?)
91>D:\Work\IOS-IG-SimHost-FDP-2\Hrot\Subsystems\Hrot.ExCon.Tests\IosLogicEntityDeletionTests.cs(2,12,2,16): error CS0234: The type or namespace name 'Core' does not exist in the namespace 'Hrot' (are you missing an assembly reference?)
91>D:\Work\IOS-IG-SimHost-FDP-2\Hrot\Subsystems\Hrot.ExCon.Tests\IosLogicEntityDeletionTests.cs(3,18,3,24): error CS0234: The type or namespace name 'Panels' does not exist in the namespace 'Hrot.ExCon' (are you missing an assembly reference?)
91>D:\Work\IOS-IG-SimHost-FDP-2\Hrot\Subsystems\Hrot.ExCon.Tests\IosLogicEntityDeletionTests.cs(4,18,4,26): error CS0234: The type or namespace name 'Services' does not exist in the namespace 'Hrot.ExCon' (are you missing an assembly reference?)
91>D:\Work\IOS-IG-SimHost-FDP-2\Hrot\Subsystems\Hrot.ExCon.Tests\IosLogicEntityDeletionTests.cs(5,7,5,10): error CS0246: The type or namespace name 'Fdp' could not be found (are you missing a using directive or an assembly reference?)
91>D:\Work\IOS-IG-SimHost-FDP-2\Hrot\Subsystems\Hrot.ExCon.Tests\IosLogicTests.cs(1,18,1,23): error CS0234: The type or namespace name 'Logic' does not exist in the namespace 'Hrot.ExCon' (are you missing an assembly reference?)
91>D:\Work\IOS-IG-SimHost-FDP-2\Hrot\Subsystems\Hrot.ExCon.Tests\IosLogicTests.cs(2,12,2,16): error CS0234: The type or namespace name 'Core' does not exist in the namespace 'Hrot' (are you missing an assembly reference?)
91>D:\Work\IOS-IG-SimHost-FDP-2\Hrot\Subsystems\Hrot.ExCon.Tests\IosLogicTests.cs(3,18,3,24): error CS0234: The type or namespace name 'Panels' does not exist in the namespace 'Hrot.ExCon' (are you missing an assembly reference?)
91>D:\Work\IOS-IG-SimHost-FDP-2\Hrot\Subsystems\Hrot.ExCon.Tests\IosLogicTests.cs(4,18,4,26): error CS0234: The type or namespace name 'Services' does not exist in the namespace 'Hrot.ExCon' (are you missing an assembly reference?)
91>D:\Work\IOS-IG-SimHost-FDP-2\Hrot\Subsystems\Hrot.ExCon.Tests\IosLogicTests.cs(5,7,5,10): error CS0246: The type or namespace name 'Fdp' could not be found (are you missing a using directive or an assembly reference?)
91>D:\Work\IOS-IG-SimHost-FDP-2\Hrot\Subsystems\Hrot.ExCon.Tests\IosLogicTimeTests.cs(1,12,1,16): error CS0234: The type or namespace name 'Core' does not exist in the namespace 'Hrot' (are you missing an assembly reference?)
91>D:\Work\IOS-IG-SimHost-FDP-2\Hrot\Subsystems\Hrot.ExCon.Tests\IosLogicTimeTests.cs(2,18,2,23): error CS0234: The type or namespace name 'Logic' does not exist in the namespace 'Hrot.ExCon' (are you missing an assembly reference?)
91>D:\Work\IOS-IG-SimHost-FDP-2\Hrot\Subsystems\Hrot.ExCon.Tests\IosLogicTimeTests.cs(3,18,3,24): error CS0234: The type or namespace name 'Panels' does not exist in the namespace 'Hrot.ExCon' (are you missing an assembly reference?)
91>D:\Work\IOS-IG-SimHost-FDP-2\Hrot\Subsystems\Hrot.ExCon.Tests\IosLogicTimeTests.cs(4,18,4,26): error CS0234: The type or namespace name 'Services' does not exist in the namespace 'Hrot.ExCon' (are you missing an assembly reference?)
91>D:\Work\IOS-IG-SimHost-FDP-2\Hrot\Subsystems\Hrot.ExCon.Tests\IosLogicTimeTests.cs(5,7,5,10): error CS0246: The type or namespace name 'Fdp' could not be found (are you missing a using directive or an assembly reference?)
91>D:\Work\IOS-IG-SimHost-FDP-2\Hrot\Subsystems\Hrot.ExCon.Tests\IosLogicTimeTests.cs(6,7,6,10): error CS0246: The type or namespace name 'Fdp' could not be found (are you missing a using directive or an assembly reference?)
91>D:\Work\IOS-IG-SimHost-FDP-2\Hrot\Subsystems\Hrot.ExCon.Tests\IosLogicTimeTests.cs(7,7,7,10): error CS0246: The type or namespace name 'Fdp' could not be found (are you missing a using directive or an assembly reference?)
91>D:\Work\IOS-IG-SimHost-FDP-2\Hrot\Subsystems\Hrot.ExCon.Tests\IosMockTests.cs(2,12,2,16): error CS0234: The type or namespace name 'Core' does not exist in the namespace 'Hrot' (are you missing an assembly reference?)
91>D:\Work\IOS-IG-SimHost-FDP-2\Hrot\Subsystems\Hrot.ExCon.Tests\IosMockTests.cs(3,18,3,23): error CS0234: The type or namespace name 'Logic' does not exist in the namespace 'Hrot.ExCon' (are you missing an assembly reference?)
91>D:\Work\IOS-IG-SimHost-FDP-2\Hrot\Subsystems\Hrot.ExCon.Tests\IosMockTests.cs(4,18,4,24): error CS0234: The type or namespace name 'Panels' does not exist in the namespace 'Hrot.ExCon' (are you missing an assembly reference?)
91>D:\Work\IOS-IG-SimHost-FDP-2\Hrot\Subsystems\Hrot.ExCon.Tests\IosMockTests.cs(5,12,5,14): error CS0234: The type or namespace name 'UI' does not exist in the namespace 'Hrot' (are you missing an assembly reference?)
91>D:\Work\IOS-IG-SimHost-FDP-2\Hrot\Subsystems\Hrot.ExCon.Tests\IosMockTests.cs(6,18,6,26): error CS0234: The type or namespace name 'Services' does not exist in the namespace 'Hrot.ExCon' (are you missing an assembly reference?)
91>D:\Work\IOS-IG-SimHost-FDP-2\Hrot\Subsystems\Hrot.ExCon.Tests\IosMockTests.cs(7,7,7,10): error CS0246: The type or namespace name 'Fdp' could not be found (are you missing a using directive or an assembly reference?)
91>D:\Work\IOS-IG-SimHost-FDP-2\Hrot\Subsystems\Hrot.ExCon.Tests\JsonContextMenuBuilderTests.cs(1,7,1,10): error CS0246: The type or namespace name 'Fdp' could not be found (are you missing a using directive or an assembly reference?)
91>D:\Work\IOS-IG-SimHost-FDP-2\Hrot\Subsystems\Hrot.ExCon.Tests\JsonContextMenuBuilderTests.cs(2,12,2,16): error CS0234: The type or namespace name 'Core' does not exist in the namespace 'Hrot' (are you missing an assembly reference?)
91>D:\Work\IOS-IG-SimHost-FDP-2\Hrot\Subsystems\Hrot.ExCon.Tests\JsonContextMenuBuilderTests.cs(3,18,3,26): error CS0234: The type or namespace name 'Adapters' does not exist in the namespace 'Hrot.ExCon' (are you missing an assembly reference?)
91>D:\Work\IOS-IG-SimHost-FDP-2\Hrot\Subsystems\Hrot.ExCon.Tests\JsonContextMenuBuilderTests.cs(4,18,4,23): error CS0234: The type or namespace name 'Logic' does not exist in the namespace 'Hrot.ExCon' (are you missing an assembly reference?)
91>D:\Work\IOS-IG-SimHost-FDP-2\Hrot\Subsystems\Hrot.ExCon.Tests\JsonContextMenuBuilderTests.cs(5,12,5,15): error CS0234: The type or namespace name 'Map' does not exist in the namespace 'Hrot' (are you missing an assembly reference?)
91>D:\Work\IOS-IG-SimHost-FDP-2\Hrot\Subsystems\Hrot.ExCon.Tests\MissionEditorServiceTests.cs(1,18,1,26): error CS0234: The type or namespace name 'Services' does not exist in the namespace 'Hrot.ExCon' (are you missing an assembly reference?)
91>D:\Work\IOS-IG-SimHost-FDP-2\Hrot\Subsystems\Hrot.ExCon.Tests\MissionEditorServiceTests.cs(2,12,2,16): error CS0234: The type or namespace name 'Core' does not exist in the namespace 'Hrot' (are you missing an assembly reference?)
91>D:\Work\IOS-IG-SimHost-FDP-2\Hrot\Subsystems\Hrot.ExCon.Tests\MissionEditorServiceTests.cs(3,12,3,16): error CS0234: The type or namespace name 'Core' does not exist in the namespace 'Hrot' (are you missing an assembly reference?)
91>D:\Work\IOS-IG-SimHost-FDP-2\Hrot\Subsystems\Hrot.ExCon.Tests\MissionEditorServiceTests.cs(4,7,4,10): error CS0246: The type or namespace name 'Fdp' could not be found (are you missing a using directive or an assembly reference?)
91>D:\Work\IOS-IG-SimHost-FDP-2\Hrot\Subsystems\Hrot.ExCon.Tests\MissionPanelTests.cs(1,12,1,16): error CS0234: The type or namespace name 'Core' does not exist in the namespace 'Hrot' (are you missing an assembly reference?)
91>D:\Work\IOS-IG-SimHost-FDP-2\Hrot\Subsystems\Hrot.ExCon.Tests\MissionPanelTests.cs(2,12,2,14): error CS0234: The type or namespace name 'UI' does not exist in the namespace 'Hrot' (are you missing an assembly reference?)
91>D:\Work\IOS-IG-SimHost-FDP-2\Hrot\Subsystems\Hrot.ExCon.Tests\MissionPanelTests.cs(3,12,3,14): error CS0234: The type or namespace name 'UI' does not exist in the namespace 'Hrot' (are you missing an assembly reference?)
91>D:\Work\IOS-IG-SimHost-FDP-2\Hrot\Subsystems\Hrot.ExCon.Tests\MissionPanelTests.cs(4,12,4,14): error CS0234: The type or namespace name 'UI' does not exist in the namespace 'Hrot' (are you missing an assembly reference?)
91>D:\Work\IOS-IG-SimHost-FDP-2\Hrot\Subsystems\Hrot.ExCon.Tests\MultiIosIntegrationTests.cs(10,30,10,32): error CS0234: The type or namespace name 'UI' does not exist in the namespace 'Hrot' (are you missing an assembly reference?)
91>D:\Work\IOS-IG-SimHost-FDP-2\Hrot\Subsystems\Hrot.ExCon.Tests\MultiIosIntegrationTests.cs(9,30,9,32): error CS0234: The type or namespace name 'UI' does not exist in the namespace 'Hrot' (are you missing an assembly reference?)
91>D:\Work\IOS-IG-SimHost-FDP-2\Hrot\Subsystems\Hrot.ExCon.Tests\MultiIosIntegrationTests.cs(8,36,8,42): error CS0234: The type or namespace name 'Panels' does not exist in the namespace 'Hrot.ExCon' (are you missing an assembly reference?)
91>D:\Work\IOS-IG-SimHost-FDP-2\Hrot\Subsystems\Hrot.ExCon.Tests\MultiIosIntegrationTests.cs(1,12,1,16): error CS0234: The type or namespace name 'Core' does not exist in the namespace 'Hrot' (are you missing an assembly reference?)
91>D:\Work\IOS-IG-SimHost-FDP-2\Hrot\Subsystems\Hrot.ExCon.Tests\MultiIosIntegrationTests.cs(2,12,2,16): error CS0234: The type or namespace name 'Core' does not exist in the namespace 'Hrot' (are you missing an assembly reference?)
91>D:\Work\IOS-IG-SimHost-FDP-2\Hrot\Subsystems\Hrot.ExCon.Tests\MultiIosIntegrationTests.cs(3,18,3,24): error CS0234: The type or namespace name 'Panels' does not exist in the namespace 'Hrot.ExCon' (are you missing an assembly reference?)
91>D:\Work\IOS-IG-SimHost-FDP-2\Hrot\Subsystems\Hrot.ExCon.Tests\MultiIosIntegrationTests.cs(4,12,4,14): error CS0234: The type or namespace name 'UI' does not exist in the namespace 'Hrot' (are you missing an assembly reference?)
91>D:\Work\IOS-IG-SimHost-FDP-2\Hrot\Subsystems\Hrot.ExCon.Tests\MultiIosIntegrationTests.cs(5,18,5,26): error CS0234: The type or namespace name 'Services' does not exist in the namespace 'Hrot.ExCon' (are you missing an assembly reference?)
91>D:\Work\IOS-IG-SimHost-FDP-2\Hrot\Subsystems\Hrot.ExCon.Tests\MultiIosIntegrationTests.cs(6,7,6,10): error CS0246: The type or namespace name 'Fdp' could not be found (are you missing a using directive or an assembly reference?)
91>D:\Work\IOS-IG-SimHost-FDP-2\Hrot\Subsystems\Hrot.ExCon.Tests\OrbatPanelContextMenuTests.cs(1,18,1,24): error CS0234: The type or namespace name 'Panels' does not exist in the namespace 'Hrot.ExCon' (are you missing an assembly reference?)
91>D:\Work\IOS-IG-SimHost-FDP-2\Hrot\Subsystems\Hrot.ExCon.Tests\OrbatPanelContextMenuTests.cs(2,7,2,10): error CS0246: The type or namespace name 'Fdp' could not be found (are you missing a using directive or an assembly reference?)
91>D:\Work\IOS-IG-SimHost-FDP-2\Hrot\Subsystems\Hrot.ExCon.Tests\OrbatPanelTests.cs(1,18,1,23): error CS0234: The type or namespace name 'Logic' does not exist in the namespace 'Hrot.ExCon' (are you missing an assembly reference?)
91>D:\Work\IOS-IG-SimHost-FDP-2\Hrot\Subsystems\Hrot.ExCon.Tests\OrbatPanelTests.cs(2,18,2,24): error CS0234: The type or namespace name 'Panels' does not exist in the namespace 'Hrot.ExCon' (are you missing an assembly reference?)
91>D:\Work\IOS-IG-SimHost-FDP-2\Hrot\Subsystems\Hrot.ExCon.Tests\OrbatPanelTests.cs(3,12,3,14): error CS0234: The type or namespace name 'UI' does not exist in the namespace 'Hrot' (are you missing an assembly reference?)
91>D:\Work\IOS-IG-SimHost-FDP-2\Hrot\Subsystems\Hrot.ExCon.Tests\OrbatPanelTests.cs(4,12,4,16): error CS0234: The type or namespace name 'Core' does not exist in the namespace 'Hrot' (are you missing an assembly reference?)
91>D:\Work\IOS-IG-SimHost-FDP-2\Hrot\Subsystems\Hrot.ExCon.Tests\OrbatPanelTests.cs(5,7,5,10): error CS0246: The type or namespace name 'Fdp' could not be found (are you missing a using directive or an assembly reference?)
91>D:\Work\IOS-IG-SimHost-FDP-2\Hrot\Subsystems\Hrot.ExCon.Tests\PreviewPanelTests.cs(1,12,1,14): error CS0234: The type or namespace name 'UI' does not exist in the namespace 'Hrot' (are you missing an assembly reference?)
91>D:\Work\IOS-IG-SimHost-FDP-2\Hrot\Subsystems\Hrot.ExCon.Tests\PreviewPanelTests.cs(2,12,2,14): error CS0234: The type or namespace name 'UI' does not exist in the namespace 'Hrot' (are you missing an assembly reference?)
91>D:\Work\IOS-IG-SimHost-FDP-2\Hrot\Subsystems\Hrot.ExCon.Tests\RequestTransactionManagerTests.cs(1,18,1,26): error CS0234: The type or namespace name 'Services' does not exist in the namespace 'Hrot.ExCon' (are you missing an assembly reference?)
91>D:\Work\IOS-IG-SimHost-FDP-2\Hrot\Subsystems\Hrot.ExCon.Tests\SharedContextMenuPopulatorTests.cs(1,7,1,10): error CS0246: The type or namespace name 'Fdp' could not be found (are you missing a using directive or an assembly reference?)
91>D:\Work\IOS-IG-SimHost-FDP-2\Hrot\Subsystems\Hrot.ExCon.Tests\SharedContextMenuPopulatorTests.cs(2,12,2,14): error CS0234: The type or namespace name 'UI' does not exist in the namespace 'Hrot' (are you missing an assembly reference?)
91>D:\Work\IOS-IG-SimHost-FDP-2\Hrot\Subsystems\Hrot.ExCon.Tests\SharedContextMenuPopulatorTests.cs(3,12,3,14): error CS0234: The type or namespace name 'UI' does not exist in the namespace 'Hrot' (are you missing an assembly reference?)
91>D:\Work\IOS-IG-SimHost-FDP-2\Hrot\Subsystems\Hrot.ExCon.Tests\SharedOrbatPanelTests.cs(1,12,1,14): error CS0234: The type or namespace name 'UI' does not exist in the namespace 'Hrot' (are you missing an assembly reference?)
91>D:\Work\IOS-IG-SimHost-FDP-2\Hrot\Subsystems\Hrot.ExCon.Tests\SharedOrbatPanelTests.cs(2,12,2,14): error CS0234: The type or namespace name 'UI' does not exist in the namespace 'Hrot' (are you missing an assembly reference?)
91>D:\Work\IOS-IG-SimHost-FDP-2\Hrot\Subsystems\Hrot.ExCon.Tests\SharedOrbatPanelTests.cs(3,12,3,14): error CS0234: The type or namespace name 'UI' does not exist in the namespace 'Hrot' (are you missing an assembly reference?)
91>D:\Work\IOS-IG-SimHost-FDP-2\Hrot\Subsystems\Hrot.ExCon.Tests\SpawnerPanelTests.cs(1,12,1,16): error CS0234: The type or namespace name 'Core' does not exist in the namespace 'Hrot' (are you missing an assembly reference?)
91>D:\Work\IOS-IG-SimHost-FDP-2\Hrot\Subsystems\Hrot.ExCon.Tests\SpawnerPanelTests.cs(2,12,2,14): error CS0234: The type or namespace name 'UI' does not exist in the namespace 'Hrot' (are you missing an assembly reference?)
91>D:\Work\IOS-IG-SimHost-FDP-2\Hrot\Subsystems\Hrot.ExCon.Tests\SpawnerPanelTests.cs(3,12,3,14): error CS0234: The type or namespace name 'UI' does not exist in the namespace 'Hrot' (are you missing an assembly reference?)
91>D:\Work\IOS-IG-SimHost-FDP-2\Hrot\Subsystems\Hrot.ExCon.Tests\SubsystemHeadlessTests.cs(1,7,1,10): error CS0246: The type or namespace name 'Fdp' could not be found (are you missing a using directive or an assembly reference?)
91>D:\Work\IOS-IG-SimHost-FDP-2\Hrot\Subsystems\Hrot.ExCon.Tests\TwoAckIosTests.cs(2,12,2,16): error CS0234: The type or namespace name 'Core' does not exist in the namespace 'Hrot' (are you missing an assembly reference?)
91>D:\Work\IOS-IG-SimHost-FDP-2\Hrot\Subsystems\Hrot.ExCon.Tests\TwoAckIosTests.cs(3,12,3,16): error CS0234: The type or namespace name 'Core' does not exist in the namespace 'Hrot' (are you missing an assembly reference?)
91>D:\Work\IOS-IG-SimHost-FDP-2\Hrot\Subsystems\Hrot.ExCon.Tests\TwoAckIosTests.cs(4,18,4,23): error CS0234: The type or namespace name 'Logic' does not exist in the namespace 'Hrot.ExCon' (are you missing an assembly reference?)
91>D:\Work\IOS-IG-SimHost-FDP-2\Hrot\Subsystems\Hrot.ExCon.Tests\TwoAckIosTests.cs(5,18,5,24): error CS0234: The type or namespace name 'Panels' does not exist in the namespace 'Hrot.ExCon' (are you missing an assembly reference?)
91>D:\Work\IOS-IG-SimHost-FDP-2\Hrot\Subsystems\Hrot.ExCon.Tests\TwoAckIosTests.cs(6,12,6,14): error CS0234: The type or namespace name 'UI' does not exist in the namespace 'Hrot' (are you missing an assembly reference?)
91>D:\Work\IOS-IG-SimHost-FDP-2\Hrot\Subsystems\Hrot.ExCon.Tests\TwoAckIosTests.cs(7,18,7,26): error CS0234: The type or namespace name 'Services' does not exist in the namespace 'Hrot.ExCon' (are you missing an assembly reference?)
91>D:\Work\IOS-IG-SimHost-FDP-2\Hrot\Subsystems\Hrot.ExCon.Tests\TwoAckIosTests.cs(8,7,8,10): error CS0246: The type or namespace name 'Fdp' could not be found (are you missing a using directive or an assembly reference?)
91>D:\Work\IOS-IG-SimHost-FDP-2\Hrot\Subsystems\Hrot.ExCon.Tests\UiLogicSeparationAuditTests.cs(4,18,4,24): error CS0234: The type or namespace name 'Panels' does not exist in the namespace 'Hrot.ExCon' (are you missing an assembly reference?)
91>D:\Work\IOS-IG-SimHost-FDP-2\Hrot\Subsystems\Hrot.ExCon.Tests\WorkflowTests.cs(1,18,1,23): error CS0234: The type or namespace name 'Logic' does not exist in the namespace 'Hrot.ExCon' (are you missing an assembly reference?)
91>D:\Work\IOS-IG-SimHost-FDP-2\Hrot\Subsystems\Hrot.ExCon.Tests\WorkflowTests.cs(2,12,2,16): error CS0234: The type or namespace name 'Core' does not exist in the namespace 'Hrot' (are you missing an assembly reference?)
91>D:\Work\IOS-IG-SimHost-FDP-2\Hrot\Subsystems\Hrot.ExCon.Tests\WorkflowTests.cs(3,12,3,16): error CS0234: The type or namespace name 'Core' does not exist in the namespace 'Hrot' (are you missing an assembly reference?)
91>D:\Work\IOS-IG-SimHost-FDP-2\Hrot\Subsystems\Hrot.ExCon.Tests\WorkflowTests.cs(4,18,4,24): error CS0234: The type or namespace name 'Panels' does not exist in the namespace 'Hrot.ExCon' (are you missing an assembly reference?)
91>D:\Work\IOS-IG-SimHost-FDP-2\Hrot\Subsystems\Hrot.ExCon.Tests\WorkflowTests.cs(5,12,5,14): error CS0234: The type or namespace name 'UI' does not exist in the namespace 'Hrot' (are you missing an assembly reference?)
91>D:\Work\IOS-IG-SimHost-FDP-2\Hrot\Subsystems\Hrot.ExCon.Tests\WorkflowTests.cs(6,18,6,26): error CS0234: The type or namespace name 'Services' does not exist in the namespace 'Hrot.ExCon' (are you missing an assembly reference?)
91>D:\Work\IOS-IG-SimHost-FDP-2\Hrot\Subsystems\Hrot.ExCon.Tests\WorkflowTests.cs(7,7,7,10): error CS0246: The type or namespace name 'Fdp' could not be found (are you missing a using directive or an assembly reference?)
91>D:\Work\IOS-IG-SimHost-FDP-2\Hrot\Subsystems\Hrot.ExCon.Tests\ZoneEditorPanelTests.cs(1,12,1,14): error CS0234: The type or namespace name 'UI' does not exist in the namespace 'Hrot' (are you missing an assembly reference?)
91>D:\Work\IOS-IG-SimHost-FDP-2\Hrot\Subsystems\Hrot.ExCon.Tests\ZoneEditorPanelTests.cs(2,12,2,14): error CS0234: The type or namespace name 'UI' does not exist in the namespace 'Hrot' (are you missing an assembly reference?)
91>D:\Work\IOS-IG-SimHost-FDP-2\Hrot\Subsystems\Hrot.ExCon.Tests\ExConSubsystemBusTests.cs(16,20,16,35): error CS0246: The type or namespace name 'SubsystemConfig' could not be found (are you missing a using directive or an assembly reference?)
91>D:\Work\IOS-IG-SimHost-FDP-2\Hrot\Subsystems\Hrot.ExCon.Tests\Adapters\ExConAdapterTests.cs(26,25,26,36): error CS0246: The type or namespace name 'IExConLogic' could not be found (are you missing a using directive or an assembly reference?)
91>D:\Work\IOS-IG-SimHost-FDP-2\Hrot\Subsystems\Hrot.ExCon.Tests\IntegrationTests.cs(29,12,29,50): error CS0246: The type or namespace name 'ConcurrentEventQueue<>' could not be found (are you missing a using directive or an assembly reference?)
91>D:\Work\IOS-IG-SimHost-FDP-2\Hrot\Subsystems\Hrot.ExCon.Tests\IntegrationTests.cs(29,33,29,49): error CS0246: The type or namespace name 'MapClickEventDto' could not be found (are you missing a using directive or an assembly reference?)
91>D:\Work\IOS-IG-SimHost-FDP-2\Hrot\Subsystems\Hrot.ExCon.Tests\InspectorPanelTests.cs(19,20,19,27): error CS0246: The type or namespace name 'DerRepo' could not be found (are you missing a using directive or an assembly reference?)
91>D:\Work\IOS-IG-SimHost-FDP-2\Hrot\Subsystems\Hrot.ExCon.Tests\ContextMenuLogicTests.cs(16,48,16,67): error CS0246: The type or namespace name 'IExConEgressWriters' could not be found (are you missing a using directive or an assembly reference?)
91>D:\Work\IOS-IG-SimHost-FDP-2\Hrot\Subsystems\Hrot.ExCon.Tests\IntegrationTests.cs(32,12,32,58): error CS0246: The type or namespace name 'ConcurrentEventQueue<>' could not be found (are you missing a using directive or an assembly reference?)
91>D:\Work\IOS-IG-SimHost-FDP-2\Hrot\Subsystems\Hrot.ExCon.Tests\IntegrationTests.cs(32,33,32,57): error CS0246: The type or namespace name 'SelectionChangedEventDto' could not be found (are you missing a using directive or an assembly reference?)
91>D:\Work\IOS-IG-SimHost-FDP-2\Hrot\Subsystems\Hrot.ExCon.Tests\Adapters\ExConAdapterTests.cs(33,52,33,60): error CS0246: The type or namespace name 'IDerRepo' could not be found (are you missing a using directive or an assembly reference?)
91>D:\Work\IOS-IG-SimHost-FDP-2\Hrot\Subsystems\Hrot.ExCon.Tests\Adapters\ExConAdapterTests.cs(33,67,33,78): error CS0246: The type or namespace name 'IExConLogic' could not be found (are you missing a using directive or an assembly reference?)
91>D:\Work\IOS-IG-SimHost-FDP-2\Hrot\Subsystems\Hrot.ExCon.Tests\Adapters\ExConAdapterTests.cs(33,94,33,109): error CS0246: The type or namespace name 'ICommandGateway' could not be found (are you missing a using directive or an assembly reference?)
91>D:\Work\IOS-IG-SimHost-FDP-2\Hrot\Subsystems\Hrot.ExCon.Tests\Adapters\ExConAdapterTests.cs(33,20,33,37): error CS0246: The type or namespace name 'ExConOrbatAdapter' could not be found (are you missing a using directive or an assembly reference?)
91>D:\Work\IOS-IG-SimHost-FDP-2\Hrot\Subsystems\Hrot.ExCon.Tests\ContextMenuLogicTests.cs(19,17,19,29): error CS0246: The type or namespace name 'MapConfigDto' could not be found (are you missing a using directive or an assembly reference?)
91>D:\Work\IOS-IG-SimHost-FDP-2\Hrot\Subsystems\Hrot.ExCon.Tests\IntegrationTests.cs(42,17,42,32): error CS0246: The type or namespace name 'ICommandGateway' could not be found (are you missing a using directive or an assembly reference?)
91>D:\Work\IOS-IG-SimHost-FDP-2\Hrot\Subsystems\Hrot.ExCon.Tests\ContextMenuLogicTests.cs(20,17,20,36): error CS0246: The type or namespace name 'CreateEntityCommand' could not be found (are you missing a using directive or an assembly reference?)
91>D:\Work\IOS-IG-SimHost-FDP-2\Hrot\Subsystems\Hrot.ExCon.Tests\IntegrationTests.cs(96,21,96,30): error CS0246: The type or namespace name 'ExConMock' could not be found (are you missing a using directive or an assembly reference?)
91>D:\Work\IOS-IG-SimHost-FDP-2\Hrot\Subsystems\Hrot.ExCon.Tests\IntegrationTests.cs(96,37,96,47): error CS0246: The type or namespace name 'ExConLogic' could not be found (are you missing a using directive or an assembly reference?)
91>D:\Work\IOS-IG-SimHost-FDP-2\Hrot\Subsystems\Hrot.ExCon.Tests\IntegrationTests.cs(96,55,96,62): error CS0246: The type or namespace name 'DerRepo' could not be found (are you missing a using directive or an assembly reference?)
91>D:\Work\IOS-IG-SimHost-FDP-2\Hrot\Subsystems\Hrot.ExCon.Tests\IntegrationTests.cs(96,69,96,85): error CS0246: The type or namespace name 'InteractionPanel' could not be found (are you missing a using directive or an assembly reference?)
91>D:\Work\IOS-IG-SimHost-FDP-2\Hrot\Subsystems\Hrot.ExCon.Tests\ExConOrbatAdapterTests.cs(21,13,21,30): error CS0246: The type or namespace name 'ExConOrbatAdapter' could not be found (are you missing a using directive or an assembly reference?)
91>D:\Work\IOS-IG-SimHost-FDP-2\Hrot\Subsystems\Hrot.ExCon.Tests\ContextMenuLogicTests.cs(22,17,22,30): error CS0246: The type or namespace name 'MapCommandDto' could not be found (are you missing a using directive or an assembly reference?)
91>D:\Work\IOS-IG-SimHost-FDP-2\Hrot\Subsystems\Hrot.ExCon.Tests\Adapters\ExConAdapterTests.cs(204,21,204,41): error CS0246: The type or namespace name 'MissionEditorService' could not be found (are you missing a using directive or an assembly reference?)
91>D:\Work\IOS-IG-SimHost-FDP-2\Hrot\Subsystems\Hrot.ExCon.Tests\Adapters\ExConAdapterTests.cs(204,47,204,54): error CS0246: The type or namespace name 'DerRepo' could not be found (are you missing a using directive or an assembly reference?)
91>D:\Work\IOS-IG-SimHost-FDP-2\Hrot\Subsystems\Hrot.ExCon.Tests\ContextMenuLogicTests.cs(24,32,24,44): error CS0246: The type or namespace name 'MapConfigDto' could not be found (are you missing a using directive or an assembly reference?)
91>D:\Work\IOS-IG-SimHost-FDP-2\Hrot\Subsystems\Hrot.ExCon.Tests\ExConOrbatAdapterTests.cs(17,27,17,35): error CS0246: The type or namespace name 'IDerRepo' could not be found (are you missing a using directive or an assembly reference?)
91>D:\Work\IOS-IG-SimHost-FDP-2\Hrot\Subsystems\Hrot.ExCon.Tests\IosLogicEntityDeletionTests.cs(21,21,21,31): error CS0246: The type or namespace name 'ExConLogic' could not be found (are you missing a using directive or an assembly reference?)
91>D:\Work\IOS-IG-SimHost-FDP-2\Hrot\Subsystems\Hrot.ExCon.Tests\IosLogicEntityDeletionTests.cs(21,39,21,46): error CS0246: The type or namespace name 'DerRepo' could not be found (are you missing a using directive or an assembly reference?)
91>D:\Work\IOS-IG-SimHost-FDP-2\Hrot\Subsystems\Hrot.ExCon.Tests\ContextMenuLogicTests.cs(25,35,25,54): error CS0246: The type or namespace name 'CreateEntityCommand' could not be found (are you missing a using directive or an assembly reference?)
91>D:\Work\IOS-IG-SimHost-FDP-2\Hrot\Subsystems\Hrot.ExCon.Tests\IosLogicContextCommandTests.cs(19,9,19,19): error CS0246: The type or namespace name 'ExConLogic' could not be found (are you missing a using directive or an assembly reference?)
91>D:\Work\IOS-IG-SimHost-FDP-2\Hrot\Subsystems\Hrot.ExCon.Tests\IosLogicContextCommandTests.cs(20,14,20,33): error CS0246: The type or namespace name 'IExConEgressWriters' could not be found (are you missing a using directive or an assembly reference?)
91>D:\Work\IOS-IG-SimHost-FDP-2\Hrot\Subsystems\Hrot.ExCon.Tests\IosLogicContextCommandTests.cs(21,9,21,52): error CS0246: The type or namespace name 'ConcurrentEventQueue<>' could not be found (are you missing a using directive or an assembly reference?)
91>D:\Work\IOS-IG-SimHost-FDP-2\Hrot\Subsystems\Hrot.ExCon.Tests\IosLogicContextCommandTests.cs(21,30,21,51): error CS0246: The type or namespace name 'EntityLifecycleAckDto' could not be found (are you missing a using directive or an assembly reference?)
91>D:\Work\IOS-IG-SimHost-FDP-2\Hrot\Subsystems\Hrot.ExCon.Tests\ExConOrbatAdapterTests.cs(18,27,18,38): error CS0246: The type or namespace name 'IExConLogic' could not be found (are you missing a using directive or an assembly reference?)
91>D:\Work\IOS-IG-SimHost-FDP-2\Hrot\Subsystems\Hrot.ExCon.Tests\IosLogicTimeTests.cs(15,46,15,65): error CS0246: The type or namespace name 'ITimeControlGateway' could not be found (are you missing a using directive or an assembly reference?)
91>D:\Work\IOS-IG-SimHost-FDP-2\Hrot\Subsystems\Hrot.ExCon.Tests\IosLogicTimeTests.cs(15,20,15,30): error CS0246: The type or namespace name 'ExConLogic' could not be found (are you missing a using directive or an assembly reference?)
91>D:\Work\IOS-IG-SimHost-FDP-2\Hrot\Subsystems\Hrot.ExCon.Tests\IntegrationTests.cs(53,20,53,29): error CS0246: The type or namespace name 'ExConMock' could not be found (are you missing a using directive or an assembly reference?)
91>D:\Work\IOS-IG-SimHost-FDP-2\Hrot\Subsystems\Hrot.ExCon.Tests\IntegrationTests.cs(53,36,53,46): error CS0246: The type or namespace name 'ExConLogic' could not be found (are you missing a using directive or an assembly reference?)
91>D:\Work\IOS-IG-SimHost-FDP-2\Hrot\Subsystems\Hrot.ExCon.Tests\IntegrationTests.cs(53,54,53,61): error CS0246: The type or namespace name 'DerRepo' could not be found (are you missing a using directive or an assembly reference?)
91>D:\Work\IOS-IG-SimHost-FDP-2\Hrot\Subsystems\Hrot.ExCon.Tests\IntegrationTests.cs(53,68,53,88): error CS0246: The type or namespace name 'MissionEditorService' could not be found (are you missing a using directive or an assembly reference?)
91>D:\Work\IOS-IG-SimHost-FDP-2\Hrot\Subsystems\Hrot.ExCon.Tests\IntegrationTests.cs(53,101,53,117): error CS0246: The type or namespace name 'InteractionPanel' could not be found (are you missing a using directive or an assembly reference?)
91>D:\Work\IOS-IG-SimHost-FDP-2\Hrot\Subsystems\Hrot.ExCon.Tests\ExConOrbatAdapterTests.cs(19,27,19,42): error CS0246: The type or namespace name 'ICommandGateway' could not be found (are you missing a using directive or an assembly reference?)
91>D:\Work\IOS-IG-SimHost-FDP-2\Hrot\Subsystems\Hrot.ExCon.Tests\ContextMenuLogicTests.cs(27,33,27,46): error CS0246: The type or namespace name 'MapCommandDto' could not be found (are you missing a using directive or an assembly reference?)
91>D:\Work\IOS-IG-SimHost-FDP-2\Hrot\Subsystems\Hrot.ExCon.Tests\IosMockTests.cs(234,20,234,29): error CS0246: The type or namespace name 'ExConMock' could not be found (are you missing a using directive or an assembly reference?)
91>D:\Work\IOS-IG-SimHost-FDP-2\Hrot\Subsystems\Hrot.ExCon.Tests\ConfigPanelTests.cs(15,21,15,32): error CS0246: The type or namespace name 'ConfigPanel' could not be found (are you missing a using directive or an assembly reference?)
91>D:\Work\IOS-IG-SimHost-FDP-2\Hrot\Subsystems\Hrot.ExCon.Tests\ConfigPanelTests.cs(15,45,15,65): error CS0246: The type or namespace name 'IMapConfigController' could not be found (are you missing a using directive or an assembly reference?)
91>D:\Work\IOS-IG-SimHost-FDP-2\Hrot\Subsystems\Hrot.ExCon.Tests\MultiIosIntegrationTests.cs(79,41,79,48): error CS0246: The type or namespace name 'DerRepo' could not be found (are you missing a using directive or an assembly reference?)
91>D:\Work\IOS-IG-SimHost-FDP-2\Hrot\Subsystems\Hrot.ExCon.Tests\RequestTransactionManagerTests.cs(10,35,10,48): error CS0246: The type or namespace name 'ITimeProvider' could not be found (are you missing a using directive or an assembly reference?)
91>D:\Work\IOS-IG-SimHost-FDP-2\Hrot\Subsystems\Hrot.ExCon.Tests\SharedOrbatPanelTests.cs(16,20,16,36): error CS0246: The type or namespace name 'SharedOrbatPanel' could not be found (are you missing a using directive or an assembly reference?)
91>D:\Work\IOS-IG-SimHost-FDP-2\Hrot\Subsystems\Hrot.ExCon.Tests\MissionEditorServiceTests.cs(15,21,15,41): error CS0246: The type or namespace name 'MissionEditorService' could not be found (are you missing a using directive or an assembly reference?)
91>D:\Work\IOS-IG-SimHost-FDP-2\Hrot\Subsystems\Hrot.ExCon.Tests\MissionEditorServiceTests.cs(15,52,15,67): error CS0246: The type or namespace name 'ICommandGateway' could not be found (are you missing a using directive or an assembly reference?)
91>D:\Work\IOS-IG-SimHost-FDP-2\Hrot\Subsystems\Hrot.ExCon.Tests\MissionEditorServiceTests.cs(15,78,15,85): error CS0246: The type or namespace name 'DerRepo' could not be found (are you missing a using directive or an assembly reference?)
91>D:\Work\IOS-IG-SimHost-FDP-2\Hrot\Subsystems\Hrot.ExCon.Tests\MultiIosIntegrationTests.cs(134,59,134,69): error CS0246: The type or namespace name 'IDerEntity' could not be found (are you missing a using directive or an assembly reference?)
91>D:\Work\IOS-IG-SimHost-FDP-2\Hrot\Subsystems\Hrot.ExCon.Tests\MissionPanelTests.cs(23,21,23,33): error CS0246: The type or namespace name 'MissionPanel' could not be found (are you missing a using directive or an assembly reference?)
91>D:\Work\IOS-IG-SimHost-FDP-2\Hrot\Subsystems\Hrot.ExCon.Tests\MissionPanelTests.cs(23,46,23,67): error CS0246: The type or namespace name 'IMissionEditorService' could not be found (are you missing a using directive or an assembly reference?)
91>D:\Work\IOS-IG-SimHost-FDP-2\Hrot\Subsystems\Hrot.ExCon.Tests\MissionPanelTests.cs(23,86,23,101): error CS0246: The type or namespace name 'IMapPickService' could not be found (are you missing a using directive or an assembly reference?)
91>D:\Work\IOS-IG-SimHost-FDP-2\Hrot\Subsystems\Hrot.ExCon.Tests\SharedOrbatPanelTests.cs(18,25,18,41): error CS0246: The type or namespace name 'IOrbatController' could not be found (are you missing a using directive or an assembly reference?)
91>D:\Work\IOS-IG-SimHost-FDP-2\Hrot\Subsystems\Hrot.ExCon.Tests\MissionPanelTests.cs(33,20,33,31): error CS0246: The type or namespace name 'MissionPlan' could not be found (are you missing a using directive or an assembly reference?)
91>D:\Work\IOS-IG-SimHost-FDP-2\Hrot\Subsystems\Hrot.ExCon.Tests\IosMockTests.cs(39,9,39,18): error CS0246: The type or namespace name 'ExConMock' could not be found (are you missing a using directive or an assembly reference?)
91>D:\Work\IOS-IG-SimHost-FDP-2\Hrot\Subsystems\Hrot.ExCon.Tests\IosMockTests.cs(40,9,40,19): error CS0246: The type or namespace name 'ExConLogic' could not be found (are you missing a using directive or an assembly reference?)
91>D:\Work\IOS-IG-SimHost-FDP-2\Hrot\Subsystems\Hrot.ExCon.Tests\IosMockTests.cs(41,9,41,47): error CS0246: The type or namespace name 'ConcurrentEventQueue<>' could not be found (are you missing a using directive or an assembly reference?)
91>D:\Work\IOS-IG-SimHost-FDP-2\Hrot\Subsystems\Hrot.ExCon.Tests\IosMockTests.cs(41,30,41,46): error CS0246: The type or namespace name 'MapClickEventDto' could not be found (are you missing a using directive or an assembly reference?)
91>D:\Work\IOS-IG-SimHost-FDP-2\Hrot\Subsystems\Hrot.ExCon.Tests\IosMockTests.cs(42,9,42,55): error CS0246: The type or namespace name 'ConcurrentEventQueue<>' could not be found (are you missing a using directive or an assembly reference?)
91>D:\Work\IOS-IG-SimHost-FDP-2\Hrot\Subsystems\Hrot.ExCon.Tests\IosMockTests.cs(42,30,42,54): error CS0246: The type or namespace name 'SelectionChangedEventDto' could not be found (are you missing a using directive or an assembly reference?)
91>D:\Work\IOS-IG-SimHost-FDP-2\Hrot\Subsystems\Hrot.ExCon.Tests\IosMockTests.cs(43,9,43,21): error CS0246: The type or namespace name 'MissionPanel' could not be found (are you missing a using directive or an assembly reference?)
91>D:\Work\IOS-IG-SimHost-FDP-2\Hrot\Subsystems\Hrot.ExCon.Tests\IosMockTests.cs(44,9,44,21): error CS0246: The type or namespace name 'SpawnerPanel' could not be found (are you missing a using directive or an assembly reference?)
91>D:\Work\IOS-IG-SimHost-FDP-2\Hrot\Subsystems\Hrot.ExCon.Tests\IosMockTests.cs(45,9,45,25): error CS0246: The type or namespace name 'InteractionPanel' could not be found (are you missing a using directive or an assembly reference?)
91>D:\Work\IOS-IG-SimHost-FDP-2\Hrot\Subsystems\Hrot.ExCon.Tests\TwoAckIosTests.cs(253,21,253,37): error CS0246: The type or namespace name 'ContextMenuLogic' could not be found (are you missing a using directive or an assembly reference?)
91>D:\Work\IOS-IG-SimHost-FDP-2\Hrot\Subsystems\Hrot.ExCon.Tests\TwoAckIosTests.cs(253,50,253,69): error CS0246: The type or namespace name 'IExConEgressWriters' could not be found (are you missing a using directive or an assembly reference?)
91>D:\Work\IOS-IG-SimHost-FDP-2\Hrot\Subsystems\Hrot.ExCon.Tests\WorkflowTests.cs(236,16,236,23): error CS0246: The type or namespace name 'DerRepo' could not be found (are you missing a using directive or an assembly reference?)
91>D:\Work\IOS-IG-SimHost-FDP-2\Hrot\Subsystems\Hrot.ExCon.Tests\TwoAckIosTests.cs(31,9,31,19): error CS0246: The type or namespace name 'ExConLogic' could not be found (are you missing a using directive or an assembly reference?)
91>D:\Work\IOS-IG-SimHost-FDP-2\Hrot\Subsystems\Hrot.ExCon.Tests\TwoAckIosTests.cs(32,9,32,52): error CS0246: The type or namespace name 'ConcurrentEventQueue<>' could not be found (are you missing a using directive or an assembly reference?)
91>D:\Work\IOS-IG-SimHost-FDP-2\Hrot\Subsystems\Hrot.ExCon.Tests\TwoAckIosTests.cs(32,30,32,51): error CS0246: The type or namespace name 'EntityLifecycleAckDto' could not be found (are you missing a using directive or an assembly reference?)
91>D:\Work\IOS-IG-SimHost-FDP-2\Hrot\Subsystems\Hrot.ExCon.Tests\TwoAckIosTests.cs(33,14,33,40): error CS0246: The type or namespace name 'IRequestTransactionManager' could not be found (are you missing a using directive or an assembly reference?)
91>D:\Work\IOS-IG-SimHost-FDP-2\Hrot\Subsystems\Hrot.ExCon.Tests\MissionPanelTests.cs(516,20,516,32): error CS0246: The type or namespace name 'MissionPanel' could not be found (are you missing a using directive or an assembly reference?)
91>D:\Work\IOS-IG-SimHost-FDP-2\Hrot\Subsystems\Hrot.ExCon.Tests\IosLogicTests.cs(43,9,43,19): error CS0246: The type or namespace name 'ExConLogic' could not be found (are you missing a using directive or an assembly reference?)
91>D:\Work\IOS-IG-SimHost-FDP-2\Hrot\Subsystems\Hrot.ExCon.Tests\IosLogicTests.cs(44,14,44,33): error CS0246: The type or namespace name 'IExConEgressWriters' could not be found (are you missing a using directive or an assembly reference?)
91>D:\Work\IOS-IG-SimHost-FDP-2\Hrot\Subsystems\Hrot.ExCon.Tests\IosLogicTests.cs(45,14,45,33): error CS0246: The type or namespace name 'IExConEgressWriters' could not be found (are you missing a using directive or an assembly reference?)
91>D:\Work\IOS-IG-SimHost-FDP-2\Hrot\Subsystems\Hrot.ExCon.Tests\IosLogicTests.cs(46,9,46,47): error CS0246: The type or namespace name 'ConcurrentEventQueue<>' could not be found (are you missing a using directive or an assembly reference?)
91>D:\Work\IOS-IG-SimHost-FDP-2\Hrot\Subsystems\Hrot.ExCon.Tests\IosLogicTests.cs(46,30,46,46): error CS0246: The type or namespace name 'MapClickEventDto' could not be found (are you missing a using directive or an assembly reference?)
91>D:\Work\IOS-IG-SimHost-FDP-2\Hrot\Subsystems\Hrot.ExCon.Tests\IosLogicTests.cs(47,9,47,55): error CS0246: The type or namespace name 'ConcurrentEventQueue<>' could not be found (are you missing a using directive or an assembly reference?)
91>D:\Work\IOS-IG-SimHost-FDP-2\Hrot\Subsystems\Hrot.ExCon.Tests\IosLogicTests.cs(47,30,47,54): error CS0246: The type or namespace name 'SelectionChangedEventDto' could not be found (are you missing a using directive or an assembly reference?)
91>D:\Work\IOS-IG-SimHost-FDP-2\Hrot\Subsystems\Hrot.ExCon.Tests\IosLogicTests.cs(48,14,48,40): error CS0246: The type or namespace name 'IRequestTransactionManager' could not be found (are you missing a using directive or an assembly reference?)
91>D:\Work\IOS-IG-SimHost-FDP-2\Hrot\Subsystems\Hrot.ExCon.Tests\IosLogicTests.cs(49,9,49,25): error CS0246: The type or namespace name 'InteractionPanel' could not be found (are you missing a using directive or an assembly reference?)
91>D:\Work\IOS-IG-SimHost-FDP-2\Hrot\Subsystems\Hrot.ExCon.Tests\WorkflowTests.cs(26,16,26,23): error CS0246: The type or namespace name 'DerRepo' could not be found (are you missing a using directive or an assembly reference?)
91>D:\Work\IOS-IG-SimHost-FDP-2\Hrot\Subsystems\Hrot.ExCon.Tests\WorkflowTests.cs(238,21,238,36): error CS0246: The type or namespace name 'ICommandGateway' could not be found (are you missing a using directive or an assembly reference?)
91>D:\Work\IOS-IG-SimHost-FDP-2\Hrot\Subsystems\Hrot.ExCon.Tests\SharedContextMenuPopulatorTests.cs(44,63,44,86): error CS0246: The type or namespace name 'IEntityActionController' could not be found (are you missing a using directive or an assembly reference?)
91>D:\Work\IOS-IG-SimHost-FDP-2\Hrot\Subsystems\Hrot.ExCon.Tests\WorkflowTests.cs(28,21,28,36): error CS0246: The type or namespace name 'ICommandGateway' could not be found (are you missing a using directive or an assembly reference?)
91>D:\Work\IOS-IG-SimHost-FDP-2\Hrot\Subsystems\Hrot.ExCon.Tests\WorkflowTests.cs(239,16,239,36): error CS0246: The type or namespace name 'MissionEditorService' could not be found (are you missing a using directive or an assembly reference?)
91>D:\Work\IOS-IG-SimHost-FDP-2\Hrot\Subsystems\Hrot.ExCon.Tests\TwoAckIosTests.cs(328,19,328,21): error CS0234: The type or namespace name 'UI' does not exist in the namespace 'Hrot' (are you missing an assembly reference?)
91>D:\Work\IOS-IG-SimHost-FDP-2\Hrot\Subsystems\Hrot.ExCon.Tests\TwoAckIosTests.cs(329,19,329,21): error CS0234: The type or namespace name 'UI' does not exist in the namespace 'Hrot' (are you missing an assembly reference?)
91>D:\Work\IOS-IG-SimHost-FDP-2\Hrot\Subsystems\Hrot.ExCon.Tests\SharedContextMenuPopulatorTests.cs(22,56,22,75): error CS0246: The type or namespace name 'IContextMenuBuilder' could not be found (are you missing a using directive or an assembly reference?)
91>D:\Work\IOS-IG-SimHost-FDP-2\Hrot\Subsystems\Hrot.ExCon.Tests\WorkflowTests.cs(29,16,29,54): error CS0246: The type or namespace name 'ConcurrentEventQueue<>' could not be found (are you missing a using directive or an assembly reference?)
91>D:\Work\IOS-IG-SimHost-FDP-2\Hrot\Subsystems\Hrot.ExCon.Tests\WorkflowTests.cs(29,37,29,53): error CS0246: The type or namespace name 'MapClickEventDto' could not be found (are you missing a using directive or an assembly reference?)
91>D:\Work\IOS-IG-SimHost-FDP-2\Hrot\Subsystems\Hrot.ExCon.Tests\WorkflowTests.cs(30,16,30,62): error CS0246: The type or namespace name 'ConcurrentEventQueue<>' could not be found (are you missing a using directive or an assembly reference?)
91>D:\Work\IOS-IG-SimHost-FDP-2\Hrot\Subsystems\Hrot.ExCon.Tests\WorkflowTests.cs(30,37,30,61): error CS0246: The type or namespace name 'SelectionChangedEventDto' could not be found (are you missing a using directive or an assembly reference?)
91>D:\Work\IOS-IG-SimHost-FDP-2\Hrot\Subsystems\Hrot.ExCon.Tests\WorkflowTests.cs(241,21,241,36): error CS0246: The type or namespace name 'ICommandGateway' could not be found (are you missing a using directive or an assembly reference?)
91>D:\Work\IOS-IG-SimHost-FDP-2\Hrot\Subsystems\Hrot.ExCon.Tests\WorkflowTests.cs(31,16,31,32): error CS0246: The type or namespace name 'InteractionPanel' could not be found (are you missing a using directive or an assembly reference?)
91>D:\Work\IOS-IG-SimHost-FDP-2\Hrot\Subsystems\Hrot.ExCon.Tests\SharedContextMenuPopulatorTests.cs(31,16,31,35): error CS0246: The type or namespace name 'IContextMenuBuilder' could not be found (are you missing a using directive or an assembly reference?)
91>D:\Work\IOS-IG-SimHost-FDP-2\Hrot\Subsystems\Hrot.ExCon.Tests\WorkflowTests.cs(33,16,33,36): error CS0246: The type or namespace name 'MissionEditorService' could not be found (are you missing a using directive or an assembly reference?)
91>D:\Work\IOS-IG-SimHost-FDP-2\Hrot\Subsystems\Hrot.ExCon.Tests\WorkflowTests.cs(242,16,242,36): error CS0246: The type or namespace name 'MissionEditorService' could not be found (are you missing a using directive or an assembly reference?)
91>D:\Work\IOS-IG-SimHost-FDP-2\Hrot\Subsystems\Hrot.ExCon.Tests\SharedContextMenuPopulatorTests.cs(214,53,214,72): error CS0246: The type or namespace name 'IContextMenuBuilder' could not be found (are you missing a using directive or an assembly reference?)
91>D:\Work\IOS-IG-SimHost-FDP-2\Hrot\Subsystems\Hrot.ExCon.Tests\WorkflowTests.cs(34,16,34,26): error CS0246: The type or namespace name 'ExConLogic' could not be found (are you missing a using directive or an assembly reference?)
91>D:\Work\IOS-IG-SimHost-FDP-2\Hrot\Subsystems\Hrot.ExCon.Tests\WorkflowTests.cs(35,16,35,25): error CS0246: The type or namespace name 'ExConMock' could not be found (are you missing a using directive or an assembly reference?)
91>D:\Work\IOS-IG-SimHost-FDP-2\Hrot\Subsystems\Hrot.ExCon.Tests\WorkflowTests.cs(250,16,250,26): error CS0246: The type or namespace name 'IDerEntity' could not be found (are you missing a using directive or an assembly reference?)
91>D:\Work\IOS-IG-SimHost-FDP-2\Hrot\Subsystems\Hrot.ExCon.Tests\IosLogicTests.cs(629,9,629,19): error CS0246: The type or namespace name 'ExConLogic' could not be found (are you missing a using directive or an assembly reference?)
91>D:\Work\IOS-IG-SimHost-FDP-2\Hrot\Subsystems\Hrot.ExCon.Tests\IosLogicTests.cs(630,14,630,33): error CS0246: The type or namespace name 'IExConEgressWriters' could not be found (are you missing a using directive or an assembly reference?)
91>D:\Work\IOS-IG-SimHost-FDP-2\Hrot\Subsystems\Hrot.ExCon.Tests\IosLogicTests.cs(631,14,631,40): error CS0246: The type or namespace name 'IRequestTransactionManager' could not be found (are you missing a using directive or an assembly reference?)
91>D:\Work\IOS-IG-SimHost-FDP-2\Hrot\Subsystems\Hrot.ExCon.Tests\IosLogicTests.cs(632,9,632,47): error CS0246: The type or namespace name 'ConcurrentEventQueue<>' could not be found (are you missing a using directive or an assembly reference?)
91>D:\Work\IOS-IG-SimHost-FDP-2\Hrot\Subsystems\Hrot.ExCon.Tests\IosLogicTests.cs(632,30,632,46): error CS0246: The type or namespace name 'MapCommandAckDto' could not be found (are you missing a using directive or an assembly reference?)
91>D:\Work\IOS-IG-SimHost-FDP-2\Hrot\Subsystems\Hrot.ExCon.Tests\WorkflowTests.cs(67,16,67,26): error CS0246: The type or namespace name 'IDerEntity' could not be found (are you missing a using directive or an assembly reference?)
91>D:\Work\IOS-IG-SimHost-FDP-2\Hrot\Subsystems\Hrot.ExCon.Tests\SpawnerPanelTests.cs(23,29,23,44): error CS0246: The type or namespace name 'TkbCatalogEntry' could not be found (are you missing a using directive or an assembly reference?)
91>D:\Work\IOS-IG-SimHost-FDP-2\Hrot\Subsystems\Hrot.ExCon.Tests\SharedContextMenuPopulatorTests.cs(221,16,221,35): error CS0246: The type or namespace name 'IContextMenuBuilder' could not be found (are you missing a using directive or an assembly reference?)
91>D:\Work\IOS-IG-SimHost-FDP-2\Hrot\Subsystems\Hrot.ExCon.Tests\MultiIosIntegrationTests.cs(21,12,21,32): error CS0246: The type or namespace name 'MissionEditorService' could not be found (are you missing a using directive or an assembly reference?)
91>D:\Work\IOS-IG-SimHost-FDP-2\Hrot\Subsystems\Hrot.ExCon.Tests\MultiIosIntegrationTests.cs(22,12,22,24): error CS0246: The type or namespace name 'MissionPanel' could not be found (are you missing a using directive or an assembly reference?)
91>D:\Work\IOS-IG-SimHost-FDP-2\Hrot\Subsystems\Hrot.ExCon.Tests\MultiIosIntegrationTests.cs(24,43,24,62): error CS0246: The type or namespace name 'MissionCommitResult' could not be found (are you missing a using directive or an assembly reference?)
91>D:\Work\IOS-IG-SimHost-FDP-2\Hrot\Subsystems\Hrot.ExCon.Tests\MultiIosIntegrationTests.cs(27,9,27,29): error CS0246: The type or namespace name 'MissionEditorService' could not be found (are you missing a using directive or an assembly reference?)
91>D:\Work\IOS-IG-SimHost-FDP-2\Hrot\Subsystems\Hrot.ExCon.Tests\MultiIosIntegrationTests.cs(28,9,28,21): error CS0246: The type or namespace name 'MissionPanel' could not be found (are you missing a using directive or an assembly reference?)
91>D:\Work\IOS-IG-SimHost-FDP-2\Hrot\Subsystems\Hrot.ExCon.Tests\MultiIosIntegrationTests.cs(29,30,29,49): error CS0246: The type or namespace name 'MissionCommitResult' could not be found (are you missing a using directive or an assembly reference?)
91>Done building project "Hrot.ExCon.Tests.csproj" -- FAILED.
93>D:\Work\IOS-IG-SimHost-FDP-2\Hrot\Subsystems\AI\Hrot.Hsm.Editor.Tests\Blackboard\HsmAssetLoadStateTests.cs(2,7,2,11): error CS0246: The type or namespace name 'Fhsm' could not be found (are you missing a using directive or an assembly reference?)
93>D:\Work\IOS-IG-SimHost-FDP-2\Hrot\Subsystems\AI\Hrot.Hsm.Editor.Tests\Blackboard\HsmAssetLoadStateTests.cs(3,7,3,11): error CS0246: The type or namespace name 'Fhsm' could not be found (are you missing a using directive or an assembly reference?)
93>D:\Work\IOS-IG-SimHost-FDP-2\Hrot\Subsystems\AI\Hrot.Hsm.Editor.Tests\Blackboard\HsmAssetLoadStateTests.cs(4,12,4,18): error CS0234: The type or namespace name 'Editor' does not exist in the namespace 'Hrot' (are you missing an assembly reference?)
93>D:\Work\IOS-IG-SimHost-FDP-2\Hrot\Subsystems\AI\Hrot.Hsm.Editor.Tests\Blackboard\HsmAssetLoadStateTests.cs(5,23,5,28): error CS0234: The type or namespace name 'Model' does not exist in the namespace 'Hrot.Hsm.Editor' (are you missing an assembly reference?)
93>D:\Work\IOS-IG-SimHost-FDP-2\Hrot\Subsystems\AI\Hrot.Hsm.Editor.Tests\Blackboard\HsmBlackboardAggregatorTests.cs(4,7,4,11): error CS0246: The type or namespace name 'Fhsm' could not be found (are you missing a using directive or an assembly reference?)
93>D:\Work\IOS-IG-SimHost-FDP-2\Hrot\Subsystems\AI\Hrot.Hsm.Editor.Tests\Blackboard\HsmBlackboardAggregatorTests.cs(5,7,5,11): error CS0246: The type or namespace name 'Fhsm' could not be found (are you missing a using directive or an assembly reference?)
93>D:\Work\IOS-IG-SimHost-FDP-2\Hrot\Subsystems\AI\Hrot.Hsm.Editor.Tests\Blackboard\HsmBlackboardAggregatorTests.cs(7,12,7,18): error CS0234: The type or namespace name 'Editor' does not exist in the namespace 'Hrot' (are you missing an assembly reference?)
93>D:\Work\IOS-IG-SimHost-FDP-2\Hrot\Subsystems\AI\Hrot.Hsm.Editor.Tests\Blackboard\HsmBlackboardAggregatorTests.cs(8,12,8,18): error CS0234: The type or namespace name 'Editor' does not exist in the namespace 'Hrot' (are you missing an assembly reference?)
93>D:\Work\IOS-IG-SimHost-FDP-2\Hrot\Subsystems\AI\Hrot.Hsm.Editor.Tests\Blackboard\HsmBlackboardAggregatorTests.cs(9,12,9,18): error CS0234: The type or namespace name 'Editor' does not exist in the namespace 'Hrot' (are you missing an assembly reference?)
93>D:\Work\IOS-IG-SimHost-FDP-2\Hrot\Subsystems\AI\Hrot.Hsm.Editor.Tests\Blackboard\HsmBlackboardAggregatorTests.cs(10,23,10,33): error CS0234: The type or namespace name 'Blackboard' does not exist in the namespace 'Hrot.Hsm.Editor' (are you missing an assembly reference?)
93>D:\Work\IOS-IG-SimHost-FDP-2\Hrot\Subsystems\AI\Hrot.Hsm.Editor.Tests\Blackboard\HsmBlackboardAggregatorTests.cs(11,23,11,28): error CS0234: The type or namespace name 'Model' does not exist in the namespace 'Hrot.Hsm.Editor' (are you missing an assembly reference?)
93>D:\Work\IOS-IG-SimHost-FDP-2\Hrot\Subsystems\AI\Hrot.Hsm.Editor.Tests\Blackboard\HsmPruneStaleBindingsTests.cs(2,7,2,11): error CS0246: The type or namespace name 'Fhsm' could not be found (are you missing a using directive or an assembly reference?)
93>D:\Work\IOS-IG-SimHost-FDP-2\Hrot\Subsystems\AI\Hrot.Hsm.Editor.Tests\Blackboard\HsmPruneStaleBindingsTests.cs(3,7,3,11): error CS0246: The type or namespace name 'Fhsm' could not be found (are you missing a using directive or an assembly reference?)
93>D:\Work\IOS-IG-SimHost-FDP-2\Hrot\Subsystems\AI\Hrot.Hsm.Editor.Tests\Blackboard\HsmPruneStaleBindingsTests.cs(4,12,4,18): error CS0234: The type or namespace name 'Editor' does not exist in the namespace 'Hrot' (are you missing an assembly reference?)
93>D:\Work\IOS-IG-SimHost-FDP-2\Hrot\Subsystems\AI\Hrot.Hsm.Editor.Tests\Blackboard\HsmPruneStaleBindingsTests.cs(5,23,5,28): error CS0234: The type or namespace name 'Model' does not exist in the namespace 'Hrot.Hsm.Editor' (are you missing an assembly reference?)
93>D:\Work\IOS-IG-SimHost-FDP-2\Hrot\Subsystems\AI\Hrot.Hsm.Editor.Tests\Comparison\FakeCatalogHelper.cs(4,12,4,18): error CS0234: The type or namespace name 'Editor' does not exist in the namespace 'Hrot' (are you missing an assembly reference?)
93>D:\Work\IOS-IG-SimHost-FDP-2\Hrot\Subsystems\AI\Hrot.Hsm.Editor.Tests\Comparison\FakeCatalogHelper.cs(5,12,5,18): error CS0234: The type or namespace name 'Editor' does not exist in the namespace 'Hrot' (are you missing an assembly reference?)
93>D:\Work\IOS-IG-SimHost-FDP-2\Hrot\Subsystems\AI\Hrot.Hsm.Editor.Tests\Comparison\HsmComparisonSanitizerTests.cs(3,12,3,18): error CS0234: The type or namespace name 'Editor' does not exist in the namespace 'Hrot' (are you missing an assembly reference?)
93>D:\Work\IOS-IG-SimHost-FDP-2\Hrot\Subsystems\AI\Hrot.Hsm.Editor.Tests\Comparison\HsmComparisonSanitizerTests.cs(4,12,4,18): error CS0234: The type or namespace name 'Editor' does not exist in the namespace 'Hrot' (are you missing an assembly reference?)
93>D:\Work\IOS-IG-SimHost-FDP-2\Hrot\Subsystems\AI\Hrot.Hsm.Editor.Tests\Comparison\HsmComparisonSanitizerTests.cs(5,23,5,33): error CS0234: The type or namespace name 'Comparison' does not exist in the namespace 'Hrot.Hsm.Editor' (are you missing an assembly reference?)
93>D:\Work\IOS-IG-SimHost-FDP-2\Hrot\Subsystems\AI\Hrot.Hsm.Editor.Tests\Comparison\HsmSanitizationDeterminismTests.cs(5,12,5,18): error CS0234: The type or namespace name 'Editor' does not exist in the namespace 'Hrot' (are you missing an assembly reference?)
93>D:\Work\IOS-IG-SimHost-FDP-2\Hrot\Subsystems\AI\Hrot.Hsm.Editor.Tests\Comparison\HsmSanitizationDeterminismTests.cs(6,12,6,18): error CS0234: The type or namespace name 'Editor' does not exist in the namespace 'Hrot' (are you missing an assembly reference?)
93>D:\Work\IOS-IG-SimHost-FDP-2\Hrot\Subsystems\AI\Hrot.Hsm.Editor.Tests\Comparison\HsmSanitizationDeterminismTests.cs(7,23,7,33): error CS0234: The type or namespace name 'Comparison' does not exist in the namespace 'Hrot.Hsm.Editor' (are you missing an assembly reference?)
93>D:\Work\IOS-IG-SimHost-FDP-2\Hrot\Subsystems\AI\Hrot.Hsm.Editor.Tests\Comparison\HsmSelfComparisonTests.cs(3,12,3,18): error CS0234: The type or namespace name 'Editor' does not exist in the namespace 'Hrot' (are you missing an assembly reference?)
93>D:\Work\IOS-IG-SimHost-FDP-2\Hrot\Subsystems\AI\Hrot.Hsm.Editor.Tests\Comparison\HsmSelfComparisonTests.cs(4,12,4,18): error CS0234: The type or namespace name 'Editor' does not exist in the namespace 'Hrot' (are you missing an assembly reference?)
93>D:\Work\IOS-IG-SimHost-FDP-2\Hrot\Subsystems\AI\Hrot.Hsm.Editor.Tests\Comparison\HsmSelfComparisonTests.cs(5,23,5,33): error CS0234: The type or namespace name 'Comparison' does not exist in the namespace 'Hrot.Hsm.Editor' (are you missing an assembly reference?)
93>D:\Work\IOS-IG-SimHost-FDP-2\Hrot\Subsystems\AI\Hrot.Hsm.Editor.Tests\Debug\HsmDebugSessionTests.cs(1,7,1,10): error CS0246: The type or namespace name 'Fdp' could not be found (are you missing a using directive or an assembly reference?)
93>D:\Work\IOS-IG-SimHost-FDP-2\Hrot\Subsystems\AI\Hrot.Hsm.Editor.Tests\Debug\HsmDebugSessionTests.cs(2,7,2,11): error CS0246: The type or namespace name 'Fhsm' could not be found (are you missing a using directive or an assembly reference?)
93>D:\Work\IOS-IG-SimHost-FDP-2\Hrot\Subsystems\AI\Hrot.Hsm.Editor.Tests\Debug\HsmDebugSessionTests.cs(4,12,4,18): error CS0234: The type or namespace name 'Editor' does not exist in the namespace 'Hrot' (are you missing an assembly reference?)
93>D:\Work\IOS-IG-SimHost-FDP-2\Hrot\Subsystems\AI\Hrot.Hsm.Editor.Tests\Debug\HsmDebugSessionTests.cs(5,23,5,28): error CS0234: The type or namespace name 'Debug' does not exist in the namespace 'Hrot.Hsm.Editor' (are you missing an assembly reference?)
93>D:\Work\IOS-IG-SimHost-FDP-2\Hrot\Subsystems\AI\Hrot.Hsm.Editor.Tests\Debug\HsmDebugSessionTests.cs(6,7,6,10): error CS0246: The type or namespace name 'Fdp' could not be found (are you missing a using directive or an assembly reference?)
93>D:\Work\IOS-IG-SimHost-FDP-2\Hrot\Subsystems\AI\Hrot.Hsm.Editor.Tests\Debug\HsmDebugSessionTests.cs(7,7,7,10): error CS0246: The type or namespace name 'Fdp' could not be found (are you missing a using directive or an assembly reference?)
93>D:\Work\IOS-IG-SimHost-FDP-2\Hrot\Subsystems\AI\Hrot.Hsm.Editor.Tests\FakeHsmSession.cs(3,7,3,10): error CS0246: The type or namespace name 'Fdp' could not be found (are you missing a using directive or an assembly reference?)
93>D:\Work\IOS-IG-SimHost-FDP-2\Hrot\Subsystems\AI\Hrot.Hsm.Editor.Tests\FakeHsmSession.cs(4,7,4,11): error CS0246: The type or namespace name 'Fhsm' could not be found (are you missing a using directive or an assembly reference?)
93>D:\Work\IOS-IG-SimHost-FDP-2\Hrot\Subsystems\AI\Hrot.Hsm.Editor.Tests\FakeHsmSession.cs(5,12,5,18): error CS0234: The type or namespace name 'Editor' does not exist in the namespace 'Hrot' (are you missing an assembly reference?)
93>D:\Work\IOS-IG-SimHost-FDP-2\Hrot\Subsystems\AI\Hrot.Hsm.Editor.Tests\FakeHsmSession.cs(6,23,6,28): error CS0234: The type or namespace name 'Debug' does not exist in the namespace 'Hrot.Hsm.Editor' (are you missing an assembly reference?)
93>D:\Work\IOS-IG-SimHost-FDP-2\Hrot\Subsystems\AI\Hrot.Hsm.Editor.Tests\Host\Aie032HsmTraceTimelineTests.cs(2,12,2,18): error CS0234: The type or namespace name 'Editor' does not exist in the namespace 'Hrot' (are you missing an assembly reference?)
93>D:\Work\IOS-IG-SimHost-FDP-2\Hrot\Subsystems\AI\Hrot.Hsm.Editor.Tests\Host\Aie032HsmTraceTimelineTests.cs(3,12,3,18): error CS0234: The type or namespace name 'Editor' does not exist in the namespace 'Hrot' (are you missing an assembly reference?)
93>D:\Work\IOS-IG-SimHost-FDP-2\Hrot\Subsystems\AI\Hrot.Hsm.Editor.Tests\Host\Aie032HsmTraceTimelineTests.cs(4,23,4,27): error CS0234: The type or namespace name 'Host' does not exist in the namespace 'Hrot.Hsm.Editor' (are you missing an assembly reference?)
93>D:\Work\IOS-IG-SimHost-FDP-2\Hrot\Subsystems\AI\Hrot.Hsm.Editor.Tests\Host\HsmBreakpointWiringTests.cs(17,31,17,42): error CS0234: The type or namespace name 'Diagnostics' does not exist in the namespace 'Hrot' (are you missing an assembly reference?)
93>D:\Work\IOS-IG-SimHost-FDP-2\Hrot\Subsystems\AI\Hrot.Hsm.Editor.Tests\Host\HsmBreakpointWiringTests.cs(17,83,17,94): error CS0234: The type or namespace name 'Diagnostics' does not exist in the namespace 'Hrot' (are you missing an assembly reference?)
93>D:\Work\IOS-IG-SimHost-FDP-2\Hrot\Subsystems\AI\Hrot.Hsm.Editor.Tests\Host\HsmBreakpointWiringTests.cs(16,32,16,43): error CS0234: The type or namespace name 'Diagnostics' does not exist in the namespace 'Hrot' (are you missing an assembly reference?)
93>D:\Work\IOS-IG-SimHost-FDP-2\Hrot\Subsystems\AI\Hrot.Hsm.Editor.Tests\Host\HsmBreakpointWiringTests.cs(16,84,16,95): error CS0234: The type or namespace name 'Diagnostics' does not exist in the namespace 'Hrot' (are you missing an assembly reference?)
93>D:\Work\IOS-IG-SimHost-FDP-2\Hrot\Subsystems\AI\Hrot.Hsm.Editor.Tests\Host\HsmBreakpointWiringTests.cs(4,7,4,11): error CS0246: The type or namespace name 'Fhsm' could not be found (are you missing a using directive or an assembly reference?)
93>D:\Work\IOS-IG-SimHost-FDP-2\Hrot\Subsystems\AI\Hrot.Hsm.Editor.Tests\Host\HsmBreakpointWiringTests.cs(5,7,5,10): error CS0246: The type or namespace name 'Fdp' could not be found (are you missing a using directive or an assembly reference?)
93>D:\Work\IOS-IG-SimHost-FDP-2\Hrot\Subsystems\AI\Hrot.Hsm.Editor.Tests\Host\HsmBreakpointWiringTests.cs(6,7,6,10): error CS0246: The type or namespace name 'Fdp' could not be found (are you missing a using directive or an assembly reference?)
93>D:\Work\IOS-IG-SimHost-FDP-2\Hrot\Subsystems\AI\Hrot.Hsm.Editor.Tests\Host\HsmBreakpointWiringTests.cs(7,7,7,10): error CS0246: The type or namespace name 'Fdp' could not be found (are you missing a using directive or an assembly reference?)
93>D:\Work\IOS-IG-SimHost-FDP-2\Hrot\Subsystems\AI\Hrot.Hsm.Editor.Tests\Host\HsmBreakpointWiringTests.cs(8,12,8,23): error CS0234: The type or namespace name 'Diagnostics' does not exist in the namespace 'Hrot' (are you missing an assembly reference?)
93>D:\Work\IOS-IG-SimHost-FDP-2\Hrot\Subsystems\AI\Hrot.Hsm.Editor.Tests\Host\HsmBreakpointWiringTests.cs(9,23,9,27): error CS0234: The type or namespace name 'Host' does not exist in the namespace 'Hrot.Hsm.Editor' (are you missing an assembly reference?)
93>D:\Work\IOS-IG-SimHost-FDP-2\Hrot\Subsystems\AI\Hrot.Hsm.Editor.Tests\Host\HsmBreakpointWiringTests.cs(10,23,10,28): error CS0234: The type or namespace name 'Model' does not exist in the namespace 'Hrot.Hsm.Editor' (are you missing an assembly reference?)
93>D:\Work\IOS-IG-SimHost-FDP-2\Hrot\Subsystems\AI\Hrot.Hsm.Editor.Tests\Host\HsmBreakpointWiringTests.cs(11,7,11,17): error CS0246: The type or namespace name 'NodeEditor' could not be found (are you missing a using directive or an assembly reference?)
93>D:\Work\IOS-IG-SimHost-FDP-2\Hrot\Subsystems\AI\Hrot.Hsm.Editor.Tests\Host\HsmBreakpointWiringTests.cs(12,7,12,17): error CS0246: The type or namespace name 'NodeEditor' could not be found (are you missing a using directive or an assembly reference?)
93>D:\Work\IOS-IG-SimHost-FDP-2\Hrot\Subsystems\AI\Hrot.Hsm.Editor.Tests\Host\HsmCommandSinkRegionTests.cs(4,7,4,11): error CS0246: The type or namespace name 'Fhsm' could not be found (are you missing a using directive or an assembly reference?)
93>D:\Work\IOS-IG-SimHost-FDP-2\Hrot\Subsystems\AI\Hrot.Hsm.Editor.Tests\Host\HsmCommandSinkRegionTests.cs(5,7,5,11): error CS0246: The type or namespace name 'Fhsm' could not be found (are you missing a using directive or an assembly reference?)
93>D:\Work\IOS-IG-SimHost-FDP-2\Hrot\Subsystems\AI\Hrot.Hsm.Editor.Tests\Host\HsmCommandSinkRegionTests.cs(6,23,6,27): error CS0234: The type or namespace name 'Host' does not exist in the namespace 'Hrot.Hsm.Editor' (are you missing an assembly reference?)
93>D:\Work\IOS-IG-SimHost-FDP-2\Hrot\Subsystems\AI\Hrot.Hsm.Editor.Tests\Host\HsmCommandSinkRegionTests.cs(7,23,7,28): error CS0234: The type or namespace name 'Model' does not exist in the namespace 'Hrot.Hsm.Editor' (are you missing an assembly reference?)
93>D:\Work\IOS-IG-SimHost-FDP-2\Hrot\Subsystems\AI\Hrot.Hsm.Editor.Tests\Host\HsmCommandSinkRegionTests.cs(8,7,8,17): error CS0246: The type or namespace name 'NodeEditor' could not be found (are you missing a using directive or an assembly reference?)
93>D:\Work\IOS-IG-SimHost-FDP-2\Hrot\Subsystems\AI\Hrot.Hsm.Editor.Tests\Host\HsmCommandSinkRegionTests.cs(9,7,9,17): error CS0246: The type or namespace name 'NodeEditor' could not be found (are you missing a using directive or an assembly reference?)
93>D:\Work\IOS-IG-SimHost-FDP-2\Hrot\Subsystems\AI\Hrot.Hsm.Editor.Tests\Host\HsmCommandSinkRegionTests.cs(10,7,10,17): error CS0246: The type or namespace name 'NodeEditor' could not be found (are you missing a using directive or an assembly reference?)
93>D:\Work\IOS-IG-SimHost-FDP-2\Hrot\Subsystems\AI\Hrot.Hsm.Editor.Tests\Host\HsmDocumentFactoryTests.cs(4,7,4,11): error CS0246: The type or namespace name 'Fhsm' could not be found (are you missing a using directive or an assembly reference?)
93>D:\Work\IOS-IG-SimHost-FDP-2\Hrot\Subsystems\AI\Hrot.Hsm.Editor.Tests\Host\HsmDocumentFactoryTests.cs(5,7,5,11): error CS0246: The type or namespace name 'Fhsm' could not be found (are you missing a using directive or an assembly reference?)
93>D:\Work\IOS-IG-SimHost-FDP-2\Hrot\Subsystems\AI\Hrot.Hsm.Editor.Tests\Host\HsmDocumentFactoryTests.cs(7,7,7,10): error CS0246: The type or namespace name 'Fdp' could not be found (are you missing a using directive or an assembly reference?)
93>D:\Work\IOS-IG-SimHost-FDP-2\Hrot\Subsystems\AI\Hrot.Hsm.Editor.Tests\Host\HsmDocumentFactoryTests.cs(8,12,8,18): error CS0234: The type or namespace name 'Editor' does not exist in the namespace 'Hrot' (are you missing an assembly reference?)
93>D:\Work\IOS-IG-SimHost-FDP-2\Hrot\Subsystems\AI\Hrot.Hsm.Editor.Tests\Host\HsmDocumentFactoryTests.cs(9,12,9,18): error CS0234: The type or namespace name 'Editor' does not exist in the namespace 'Hrot' (are you missing an assembly reference?)
93>D:\Work\IOS-IG-SimHost-FDP-2\Hrot\Subsystems\AI\Hrot.Hsm.Editor.Tests\Host\HsmDocumentFactoryTests.cs(10,12,10,18): error CS0234: The type or namespace name 'Editor' does not exist in the namespace 'Hrot' (are you missing an assembly reference?)
93>D:\Work\IOS-IG-SimHost-FDP-2\Hrot\Subsystems\AI\Hrot.Hsm.Editor.Tests\Host\HsmDocumentFactoryTests.cs(11,23,11,27): error CS0234: The type or namespace name 'Host' does not exist in the namespace 'Hrot.Hsm.Editor' (are you missing an assembly reference?)
93>D:\Work\IOS-IG-SimHost-FDP-2\Hrot\Subsystems\AI\Hrot.Hsm.Editor.Tests\Host\HsmDocumentFactoryTests.cs(12,23,12,28): error CS0234: The type or namespace name 'Model' does not exist in the namespace 'Hrot.Hsm.Editor' (are you missing an assembly reference?)
93>D:\Work\IOS-IG-SimHost-FDP-2\Hrot\Subsystems\AI\Hrot.Hsm.Editor.Tests\Host\HsmDocumentFactoryTests.cs(13,7,13,17): error CS0246: The type or namespace name 'NodeEditor' could not be found (are you missing a using directive or an assembly reference?)
93>D:\Work\IOS-IG-SimHost-FDP-2\Hrot\Subsystems\AI\Hrot.Hsm.Editor.Tests\Host\HsmTraceLaneProviderTests.cs(1,12,1,18): error CS0234: The type or namespace name 'Editor' does not exist in the namespace 'Hrot' (are you missing an assembly reference?)
93>D:\Work\IOS-IG-SimHost-FDP-2\Hrot\Subsystems\AI\Hrot.Hsm.Editor.Tests\Host\HsmTraceLaneProviderTests.cs(2,12,2,18): error CS0234: The type or namespace name 'Editor' does not exist in the namespace 'Hrot' (are you missing an assembly reference?)
93>D:\Work\IOS-IG-SimHost-FDP-2\Hrot\Subsystems\AI\Hrot.Hsm.Editor.Tests\Host\HsmTraceLaneProviderTests.cs(3,23,3,27): error CS0234: The type or namespace name 'Host' does not exist in the namespace 'Hrot.Hsm.Editor' (are you missing an assembly reference?)
93>D:\Work\IOS-IG-SimHost-FDP-2\Hrot\Subsystems\AI\Hrot.Hsm.Editor.Tests\Host\HsmTransitionSnapHelperTests.cs(3,7,3,11): error CS0246: The type or namespace name 'Fhsm' could not be found (are you missing a using directive or an assembly reference?)
93>D:\Work\IOS-IG-SimHost-FDP-2\Hrot\Subsystems\AI\Hrot.Hsm.Editor.Tests\Host\HsmTransitionSnapHelperTests.cs(4,23,4,27): error CS0234: The type or namespace name 'Host' does not exist in the namespace 'Hrot.Hsm.Editor' (are you missing an assembly reference?)
93>D:\Work\IOS-IG-SimHost-FDP-2\Hrot\Subsystems\AI\Hrot.Hsm.Editor.Tests\Host\HsmTransitionSnapHelperTests.cs(5,23,5,28): error CS0234: The type or namespace name 'Model' does not exist in the namespace 'Hrot.Hsm.Editor' (are you missing an assembly reference?)
93>D:\Work\IOS-IG-SimHost-FDP-2\Hrot\Subsystems\AI\Hrot.Hsm.Editor.Tests\HsmAssetBlackboardTests.cs(3,7,3,11): error CS0246: The type or namespace name 'Fhsm' could not be found (are you missing a using directive or an assembly reference?)
93>D:\Work\IOS-IG-SimHost-FDP-2\Hrot\Subsystems\AI\Hrot.Hsm.Editor.Tests\HsmAssetBlackboardTests.cs(4,7,4,11): error CS0246: The type or namespace name 'Fhsm' could not be found (are you missing a using directive or an assembly reference?)
93>D:\Work\IOS-IG-SimHost-FDP-2\Hrot\Subsystems\AI\Hrot.Hsm.Editor.Tests\HsmAssetBlackboardTests.cs(6,12,6,18): error CS0234: The type or namespace name 'Editor' does not exist in the namespace 'Hrot' (are you missing an assembly reference?)
93>D:\Work\IOS-IG-SimHost-FDP-2\Hrot\Subsystems\AI\Hrot.Hsm.Editor.Tests\HsmAssetBlackboardTests.cs(7,23,7,28): error CS0234: The type or namespace name 'Model' does not exist in the namespace 'Hrot.Hsm.Editor' (are you missing an assembly reference?)
93>D:\Work\IOS-IG-SimHost-FDP-2\Hrot\Subsystems\AI\Hrot.Hsm.Editor.Tests\HsmAssetContributorTests.cs(2,7,2,11): error CS0246: The type or namespace name 'Fhsm' could not be found (are you missing a using directive or an assembly reference?)
93>D:\Work\IOS-IG-SimHost-FDP-2\Hrot\Subsystems\AI\Hrot.Hsm.Editor.Tests\HsmAssetContributorTests.cs(3,7,3,11): error CS0246: The type or namespace name 'Fhsm' could not be found (are you missing a using directive or an assembly reference?)
93>D:\Work\IOS-IG-SimHost-FDP-2\Hrot\Subsystems\AI\Hrot.Hsm.Editor.Tests\HsmAssetContributorTests.cs(4,7,4,11): error CS0246: The type or namespace name 'Fhsm' could not be found (are you missing a using directive or an assembly reference?)
93>D:\Work\IOS-IG-SimHost-FDP-2\Hrot\Subsystems\AI\Hrot.Hsm.Editor.Tests\HsmAssetContributorTests.cs(6,12,6,18): error CS0234: The type or namespace name 'Editor' does not exist in the namespace 'Hrot' (are you missing an assembly reference?)
93>D:\Work\IOS-IG-SimHost-FDP-2\Hrot\Subsystems\AI\Hrot.Hsm.Editor.Tests\HsmAssetContributorTests.cs(7,23,7,30): error CS0234: The type or namespace name 'Catalog' does not exist in the namespace 'Hrot.Hsm.Editor' (are you missing an assembly reference?)
93>D:\Work\IOS-IG-SimHost-FDP-2\Hrot\Subsystems\AI\Hrot.Hsm.Editor.Tests\HsmAssetProjectionTests.cs(4,7,4,11): error CS0246: The type or namespace name 'Fhsm' could not be found (are you missing a using directive or an assembly reference?)
93>D:\Work\IOS-IG-SimHost-FDP-2\Hrot\Subsystems\AI\Hrot.Hsm.Editor.Tests\HsmAssetProjectionTests.cs(5,7,5,11): error CS0246: The type or namespace name 'Fhsm' could not be found (are you missing a using directive or an assembly reference?)
93>D:\Work\IOS-IG-SimHost-FDP-2\Hrot\Subsystems\AI\Hrot.Hsm.Editor.Tests\HsmAssetProjectionTests.cs(7,12,7,18): error CS0234: The type or namespace name 'Editor' does not exist in the namespace 'Hrot' (are you missing an assembly reference?)
93>D:\Work\IOS-IG-SimHost-FDP-2\Hrot\Subsystems\AI\Hrot.Hsm.Editor.Tests\HsmAssetProjectionTests.cs(8,23,8,28): error CS0234: The type or namespace name 'Model' does not exist in the namespace 'Hrot.Hsm.Editor' (are you missing an assembly reference?)
93>D:\Work\IOS-IG-SimHost-FDP-2\Hrot\Subsystems\AI\Hrot.Hsm.Editor.Tests\HsmBlackboardAliasingAssetTests.cs(2,7,2,11): error CS0246: The type or namespace name 'Fhsm' could not be found (are you missing a using directive or an assembly reference?)
93>D:\Work\IOS-IG-SimHost-FDP-2\Hrot\Subsystems\AI\Hrot.Hsm.Editor.Tests\HsmBlackboardAliasingAssetTests.cs(3,7,3,11): error CS0246: The type or namespace name 'Fhsm' could not be found (are you missing a using directive or an assembly reference?)
93>D:\Work\IOS-IG-SimHost-FDP-2\Hrot\Subsystems\AI\Hrot.Hsm.Editor.Tests\HsmBlackboardAliasingAssetTests.cs(4,12,4,18): error CS0234: The type or namespace name 'Editor' does not exist in the namespace 'Hrot' (are you missing an assembly reference?)
93>D:\Work\IOS-IG-SimHost-FDP-2\Hrot\Subsystems\AI\Hrot.Hsm.Editor.Tests\HsmBlackboardAliasingAssetTests.cs(5,23,5,28): error CS0234: The type or namespace name 'Model' does not exist in the namespace 'Hrot.Hsm.Editor' (are you missing an assembly reference?)
93>D:\Work\IOS-IG-SimHost-FDP-2\Hrot\Subsystems\AI\Hrot.Hsm.Editor.Tests\HsmBreakpointRendererTests.cs(4,7,4,11): error CS0246: The type or namespace name 'Fhsm' could not be found (are you missing a using directive or an assembly reference?)
93>D:\Work\IOS-IG-SimHost-FDP-2\Hrot\Subsystems\AI\Hrot.Hsm.Editor.Tests\HsmBreakpointRendererTests.cs(5,12,5,18): error CS0234: The type or namespace name 'Editor' does not exist in the namespace 'Hrot' (are you missing an assembly reference?)
93>D:\Work\IOS-IG-SimHost-FDP-2\Hrot\Subsystems\AI\Hrot.Hsm.Editor.Tests\HsmBreakpointRendererTests.cs(6,23,6,28): error CS0234: The type or namespace name 'Model' does not exist in the namespace 'Hrot.Hsm.Editor' (are you missing an assembly reference?)
93>D:\Work\IOS-IG-SimHost-FDP-2\Hrot\Subsystems\AI\Hrot.Hsm.Editor.Tests\HsmBreakpointRendererTests.cs(7,23,7,32): error CS0234: The type or namespace name 'Renderers' does not exist in the namespace 'Hrot.Hsm.Editor' (are you missing an assembly reference?)
93>D:\Work\IOS-IG-SimHost-FDP-2\Hrot\Subsystems\AI\Hrot.Hsm.Editor.Tests\HsmBreakpointRendererTests.cs(8,7,8,17): error CS0246: The type or namespace name 'NodeEditor' could not be found (are you missing a using directive or an assembly reference?)
93>D:\Work\IOS-IG-SimHost-FDP-2\Hrot\Subsystems\AI\Hrot.Hsm.Editor.Tests\HsmEditorHostServicesTests.cs(4,7,4,11): error CS0246: The type or namespace name 'Fhsm' could not be found (are you missing a using directive or an assembly reference?)
93>D:\Work\IOS-IG-SimHost-FDP-2\Hrot\Subsystems\AI\Hrot.Hsm.Editor.Tests\HsmEditorHostServicesTests.cs(6,23,6,27): error CS0234: The type or namespace name 'Host' does not exist in the namespace 'Hrot.Hsm.Editor' (are you missing an assembly reference?)
93>D:\Work\IOS-IG-SimHost-FDP-2\Hrot\Subsystems\AI\Hrot.Hsm.Editor.Tests\HsmEditorHostServicesTests.cs(7,23,7,28): error CS0234: The type or namespace name 'Model' does not exist in the namespace 'Hrot.Hsm.Editor' (are you missing an assembly reference?)
93>D:\Work\IOS-IG-SimHost-FDP-2\Hrot\Subsystems\AI\Hrot.Hsm.Editor.Tests\HsmEditorHostServicesTests.cs(8,7,8,17): error CS0246: The type or namespace name 'NodeEditor' could not be found (are you missing a using directive or an assembly reference?)
93>D:\Work\IOS-IG-SimHost-FDP-2\Hrot\Subsystems\AI\Hrot.Hsm.Editor.Tests\HsmEditorHostServicesTests.cs(9,7,9,17): error CS0246: The type or namespace name 'NodeEditor' could not be found (are you missing a using directive or an assembly reference?)
93>D:\Work\IOS-IG-SimHost-FDP-2\Hrot\Subsystems\AI\Hrot.Hsm.Editor.Tests\HsmEditorHostServicesTests.cs(10,7,10,17): error CS0246: The type or namespace name 'NodeEditor' could not be found (are you missing a using directive or an assembly reference?)
93>D:\Work\IOS-IG-SimHost-FDP-2\Hrot\Subsystems\AI\Hrot.Hsm.Editor.Tests\HsmFluentEmitterTests.cs(2,7,2,11): error CS0246: The type or namespace name 'Fhsm' could not be found (are you missing a using directive or an assembly reference?)
93>D:\Work\IOS-IG-SimHost-FDP-2\Hrot\Subsystems\AI\Hrot.Hsm.Editor.Tests\HsmFluentEmitterTests.cs(3,7,3,11): error CS0246: The type or namespace name 'Fhsm' could not be found (are you missing a using directive or an assembly reference?)
93>D:\Work\IOS-IG-SimHost-FDP-2\Hrot\Subsystems\AI\Hrot.Hsm.Editor.Tests\HsmFluentEmitterTests.cs(5,12,5,18): error CS0234: The type or namespace name 'Editor' does not exist in the namespace 'Hrot' (are you missing an assembly reference?)
93>D:\Work\IOS-IG-SimHost-FDP-2\Hrot\Subsystems\AI\Hrot.Hsm.Editor.Tests\HsmFluentEmitterTests.cs(6,23,6,27): error CS0234: The type or namespace name 'Emit' does not exist in the namespace 'Hrot.Hsm.Editor' (are you missing an assembly reference?)
93>D:\Work\IOS-IG-SimHost-FDP-2\Hrot\Subsystems\AI\Hrot.Hsm.Editor.Tests\HsmFluentEmitterTests.cs(7,23,7,28): error CS0234: The type or namespace name 'Model' does not exist in the namespace 'Hrot.Hsm.Editor' (are you missing an assembly reference?)
93>D:\Work\IOS-IG-SimHost-FDP-2\Hrot\Subsystems\AI\Hrot.Hsm.Editor.Tests\HsmGraphModelTests.cs(4,7,4,11): error CS0246: The type or namespace name 'Fhsm' could not be found (are you missing a using directive or an assembly reference?)
93>D:\Work\IOS-IG-SimHost-FDP-2\Hrot\Subsystems\AI\Hrot.Hsm.Editor.Tests\HsmGraphModelTests.cs(5,7,5,11): error CS0246: The type or namespace name 'Fhsm' could not be found (are you missing a using directive or an assembly reference?)
93>D:\Work\IOS-IG-SimHost-FDP-2\Hrot\Subsystems\AI\Hrot.Hsm.Editor.Tests\HsmGraphModelTests.cs(6,23,6,27): error CS0234: The type or namespace name 'Host' does not exist in the namespace 'Hrot.Hsm.Editor' (are you missing an assembly reference?)
93>D:\Work\IOS-IG-SimHost-FDP-2\Hrot\Subsystems\AI\Hrot.Hsm.Editor.Tests\HsmGraphModelTests.cs(7,23,7,28): error CS0234: The type or namespace name 'Model' does not exist in the namespace 'Hrot.Hsm.Editor' (are you missing an assembly reference?)
93>D:\Work\IOS-IG-SimHost-FDP-2\Hrot\Subsystems\AI\Hrot.Hsm.Editor.Tests\HsmGraphModelTests.cs(8,7,8,17): error CS0246: The type or namespace name 'NodeEditor' could not be found (are you missing a using directive or an assembly reference?)
93>D:\Work\IOS-IG-SimHost-FDP-2\Hrot\Subsystems\AI\Hrot.Hsm.Editor.Tests\HsmGraphModelTests.cs(9,7,9,17): error CS0246: The type or namespace name 'NodeEditor' could not be found (are you missing a using directive or an assembly reference?)
93>D:\Work\IOS-IG-SimHost-FDP-2\Hrot\Subsystems\AI\Hrot.Hsm.Editor.Tests\HsmLcaTests.cs(4,7,4,11): error CS0246: The type or namespace name 'Fhsm' could not be found (are you missing a using directive or an assembly reference?)
93>D:\Work\IOS-IG-SimHost-FDP-2\Hrot\Subsystems\AI\Hrot.Hsm.Editor.Tests\HsmLcaTests.cs(5,7,5,11): error CS0246: The type or namespace name 'Fhsm' could not be found (are you missing a using directive or an assembly reference?)
93>D:\Work\IOS-IG-SimHost-FDP-2\Hrot\Subsystems\AI\Hrot.Hsm.Editor.Tests\HsmLcaTests.cs(6,23,6,32): error CS0234: The type or namespace name 'Inspector' does not exist in the namespace 'Hrot.Hsm.Editor' (are you missing an assembly reference?)
93>D:\Work\IOS-IG-SimHost-FDP-2\Hrot\Subsystems\AI\Hrot.Hsm.Editor.Tests\HsmLcaTests.cs(7,23,7,28): error CS0234: The type or namespace name 'Model' does not exist in the namespace 'Hrot.Hsm.Editor' (are you missing an assembly reference?)
93>D:\Work\IOS-IG-SimHost-FDP-2\Hrot\Subsystems\AI\Hrot.Hsm.Editor.Tests\HsmLinkValidatorTests.cs(2,7,2,11): error CS0246: The type or namespace name 'Fhsm' could not be found (are you missing a using directive or an assembly reference?)
93>D:\Work\IOS-IG-SimHost-FDP-2\Hrot\Subsystems\AI\Hrot.Hsm.Editor.Tests\HsmLinkValidatorTests.cs(3,7,3,11): error CS0246: The type or namespace name 'Fhsm' could not be found (are you missing a using directive or an assembly reference?)
93>D:\Work\IOS-IG-SimHost-FDP-2\Hrot\Subsystems\AI\Hrot.Hsm.Editor.Tests\HsmLinkValidatorTests.cs(5,23,5,27): error CS0234: The type or namespace name 'Host' does not exist in the namespace 'Hrot.Hsm.Editor' (are you missing an assembly reference?)
93>D:\Work\IOS-IG-SimHost-FDP-2\Hrot\Subsystems\AI\Hrot.Hsm.Editor.Tests\HsmLinkValidatorTests.cs(6,23,6,28): error CS0234: The type or namespace name 'Model' does not exist in the namespace 'Hrot.Hsm.Editor' (are you missing an assembly reference?)
93>D:\Work\IOS-IG-SimHost-FDP-2\Hrot\Subsystems\AI\Hrot.Hsm.Editor.Tests\HsmLinkValidatorTests.cs(7,7,7,17): error CS0246: The type or namespace name 'NodeEditor' could not be found (are you missing a using directive or an assembly reference?)
93>D:\Work\IOS-IG-SimHost-FDP-2\Hrot\Subsystems\AI\Hrot.Hsm.Editor.Tests\HsmLinkValidatorTests.cs(8,7,8,17): error CS0246: The type or namespace name 'NodeEditor' could not be found (are you missing a using directive or an assembly reference?)
93>D:\Work\IOS-IG-SimHost-FDP-2\Hrot\Subsystems\AI\Hrot.Hsm.Editor.Tests\HsmOrchestratorEmitterTests.cs(2,7,2,11): error CS0246: The type or namespace name 'Fhsm' could not be found (are you missing a using directive or an assembly reference?)
93>D:\Work\IOS-IG-SimHost-FDP-2\Hrot\Subsystems\AI\Hrot.Hsm.Editor.Tests\HsmOrchestratorEmitterTests.cs(3,7,3,11): error CS0246: The type or namespace name 'Fhsm' could not be found (are you missing a using directive or an assembly reference?)
93>D:\Work\IOS-IG-SimHost-FDP-2\Hrot\Subsystems\AI\Hrot.Hsm.Editor.Tests\HsmOrchestratorEmitterTests.cs(5,12,5,18): error CS0234: The type or namespace name 'Editor' does not exist in the namespace 'Hrot' (are you missing an assembly reference?)
93>D:\Work\IOS-IG-SimHost-FDP-2\Hrot\Subsystems\AI\Hrot.Hsm.Editor.Tests\HsmOrchestratorEmitterTests.cs(6,12,6,18): error CS0234: The type or namespace name 'Editor' does not exist in the namespace 'Hrot' (are you missing an assembly reference?)
93>D:\Work\IOS-IG-SimHost-FDP-2\Hrot\Subsystems\AI\Hrot.Hsm.Editor.Tests\HsmOrchestratorEmitterTests.cs(7,23,7,27): error CS0234: The type or namespace name 'Emit' does not exist in the namespace 'Hrot.Hsm.Editor' (are you missing an assembly reference?)
93>D:\Work\IOS-IG-SimHost-FDP-2\Hrot\Subsystems\AI\Hrot.Hsm.Editor.Tests\HsmOrchestratorEmitterTests.cs(8,23,8,28): error CS0234: The type or namespace name 'Model' does not exist in the namespace 'Hrot.Hsm.Editor' (are you missing an assembly reference?)
93>D:\Work\IOS-IG-SimHost-FDP-2\Hrot\Subsystems\AI\Hrot.Hsm.Editor.Tests\HsmPseudostateTests.cs(3,23,3,27): error CS0234: The type or namespace name 'Host' does not exist in the namespace 'Hrot.Hsm.Editor' (are you missing an assembly reference?)
93>D:\Work\IOS-IG-SimHost-FDP-2\Hrot\Subsystems\AI\Hrot.Hsm.Editor.Tests\HsmPseudostateTests.cs(4,23,4,28): error CS0234: The type or namespace name 'Model' does not exist in the namespace 'Hrot.Hsm.Editor' (are you missing an assembly reference?)
93>D:\Work\IOS-IG-SimHost-FDP-2\Hrot\Subsystems\AI\Hrot.Hsm.Editor.Tests\HsmPseudostateTests.cs(5,23,5,28): error CS0234: The type or namespace name 'Theme' does not exist in the namespace 'Hrot.Hsm.Editor' (are you missing an assembly reference?)
93>D:\Work\IOS-IG-SimHost-FDP-2\Hrot\Subsystems\AI\Hrot.Hsm.Editor.Tests\HsmPseudostateTests.cs(6,7,6,17): error CS0246: The type or namespace name 'NodeEditor' could not be found (are you missing a using directive or an assembly reference?)
93>D:\Work\IOS-IG-SimHost-FDP-2\Hrot\Subsystems\AI\Hrot.Hsm.Editor.Tests\HsmQuickReloadHasherTests.cs(1,7,1,11): error CS0246: The type or namespace name 'Fhsm' could not be found (are you missing a using directive or an assembly reference?)
93>D:\Work\IOS-IG-SimHost-FDP-2\Hrot\Subsystems\AI\Hrot.Hsm.Editor.Tests\HsmQuickReloadHasherTests.cs(3,12,3,18): error CS0234: The type or namespace name 'Editor' does not exist in the namespace 'Hrot' (are you missing an assembly reference?)
93>D:\Work\IOS-IG-SimHost-FDP-2\Hrot\Subsystems\AI\Hrot.Hsm.Editor.Tests\HsmQuickReloadHasherTests.cs(4,23,4,32): error CS0234: The type or namespace name 'HotReload' does not exist in the namespace 'Hrot.Hsm.Editor' (are you missing an assembly reference?)
93>D:\Work\IOS-IG-SimHost-FDP-2\Hrot\Subsystems\AI\Hrot.Hsm.Editor.Tests\HsmRegionConflictsRendererTests.cs(5,7,5,11): error CS0246: The type or namespace name 'Fhsm' could not be found (are you missing a using directive or an assembly reference?)
93>D:\Work\IOS-IG-SimHost-FDP-2\Hrot\Subsystems\AI\Hrot.Hsm.Editor.Tests\HsmRegionConflictsRendererTests.cs(6,23,6,28): error CS0234: The type or namespace name 'Model' does not exist in the namespace 'Hrot.Hsm.Editor' (are you missing an assembly reference?)
93>D:\Work\IOS-IG-SimHost-FDP-2\Hrot\Subsystems\AI\Hrot.Hsm.Editor.Tests\HsmRegionConflictsRendererTests.cs(7,23,7,32): error CS0234: The type or namespace name 'Renderers' does not exist in the namespace 'Hrot.Hsm.Editor' (are you missing an assembly reference?)
93>D:\Work\IOS-IG-SimHost-FDP-2\Hrot\Subsystems\AI\Hrot.Hsm.Editor.Tests\HsmRegionConflictsRendererTests.cs(8,23,8,33): error CS0234: The type or namespace name 'Validation' does not exist in the namespace 'Hrot.Hsm.Editor' (are you missing an assembly reference?)
93>D:\Work\IOS-IG-SimHost-FDP-2\Hrot\Subsystems\AI\Hrot.Hsm.Editor.Tests\HsmRegionConflictsRendererTests.cs(9,7,9,17): error CS0246: The type or namespace name 'NodeEditor' could not be found (are you missing a using directive or an assembly reference?)
93>D:\Work\IOS-IG-SimHost-FDP-2\Hrot\Subsystems\AI\Hrot.Hsm.Editor.Tests\HsmRegionConflictsRendererTests.cs(10,7,10,17): error CS0246: The type or namespace name 'NodeEditor' could not be found (are you missing a using directive or an assembly reference?)
93>D:\Work\IOS-IG-SimHost-FDP-2\Hrot\Subsystems\AI\Hrot.Hsm.Editor.Tests\HsmRegionConflictsRendererTests.cs(11,7,11,17): error CS0246: The type or namespace name 'NodeEditor' could not be found (are you missing a using directive or an assembly reference?)
93>D:\Work\IOS-IG-SimHost-FDP-2\Hrot\Subsystems\AI\Hrot.Hsm.Editor.Tests\HsmRegionConflictsRendererTests.cs(12,7,12,17): error CS0246: The type or namespace name 'NodeEditor' could not be found (are you missing a using directive or an assembly reference?)
93>D:\Work\IOS-IG-SimHost-FDP-2\Hrot\Subsystems\AI\Hrot.Hsm.Editor.Tests\HsmRegionConflictsRendererTests.cs(13,7,13,17): error CS0246: The type or namespace name 'NodeEditor' could not be found (are you missing a using directive or an assembly reference?)
93>D:\Work\IOS-IG-SimHost-FDP-2\Hrot\Subsystems\AI\Hrot.Hsm.Editor.Tests\HsmRendererRegistrationTests.cs(2,7,2,11): error CS0246: The type or namespace name 'Fhsm' could not be found (are you missing a using directive or an assembly reference?)
93>D:\Work\IOS-IG-SimHost-FDP-2\Hrot\Subsystems\AI\Hrot.Hsm.Editor.Tests\HsmRendererRegistrationTests.cs(3,7,3,11): error CS0246: The type or namespace name 'Fhsm' could not be found (are you missing a using directive or an assembly reference?)
93>D:\Work\IOS-IG-SimHost-FDP-2\Hrot\Subsystems\AI\Hrot.Hsm.Editor.Tests\HsmRendererRegistrationTests.cs(5,23,5,27): error CS0234: The type or namespace name 'Host' does not exist in the namespace 'Hrot.Hsm.Editor' (are you missing an assembly reference?)
93>D:\Work\IOS-IG-SimHost-FDP-2\Hrot\Subsystems\AI\Hrot.Hsm.Editor.Tests\HsmRendererRegistrationTests.cs(6,23,6,28): error CS0234: The type or namespace name 'Model' does not exist in the namespace 'Hrot.Hsm.Editor' (are you missing an assembly reference?)
93>D:\Work\IOS-IG-SimHost-FDP-2\Hrot\Subsystems\AI\Hrot.Hsm.Editor.Tests\HsmRendererRegistrationTests.cs(7,23,7,32): error CS0234: The type or namespace name 'Renderers' does not exist in the namespace 'Hrot.Hsm.Editor' (are you missing an assembly reference?)
93>D:\Work\IOS-IG-SimHost-FDP-2\Hrot\Subsystems\AI\Hrot.Hsm.Editor.Tests\HsmRendererRegistrationTests.cs(8,7,8,17): error CS0246: The type or namespace name 'NodeEditor' could not be found (are you missing a using directive or an assembly reference?)
93>D:\Work\IOS-IG-SimHost-FDP-2\Hrot\Subsystems\AI\Hrot.Hsm.Editor.Tests\HsmStepControlTests.cs(2,12,2,18): error CS0234: The type or namespace name 'Editor' does not exist in the namespace 'Hrot' (are you missing an assembly reference?)
93>D:\Work\IOS-IG-SimHost-FDP-2\Hrot\Subsystems\AI\Hrot.Hsm.Editor.Tests\HsmStepControlTests.cs(3,23,3,28): error CS0234: The type or namespace name 'Debug' does not exist in the namespace 'Hrot.Hsm.Editor' (are you missing an assembly reference?)
93>D:\Work\IOS-IG-SimHost-FDP-2\Hrot\Subsystems\AI\Hrot.Hsm.Editor.Tests\HsmSuppressionPersistenceTests.cs(5,7,5,11): error CS0246: The type or namespace name 'Fhsm' could not be found (are you missing a using directive or an assembly reference?)
93>D:\Work\IOS-IG-SimHost-FDP-2\Hrot\Subsystems\AI\Hrot.Hsm.Editor.Tests\HsmSuppressionPersistenceTests.cs(7,12,7,18): error CS0234: The type or namespace name 'Editor' does not exist in the namespace 'Hrot' (are you missing an assembly reference?)
93>D:\Work\IOS-IG-SimHost-FDP-2\Hrot\Subsystems\AI\Hrot.Hsm.Editor.Tests\HsmSuppressionPersistenceTests.cs(8,7,8,11): error CS0246: The type or namespace name 'Fhsm' could not be found (are you missing a using directive or an assembly reference?)
93>D:\Work\IOS-IG-SimHost-FDP-2\Hrot\Subsystems\AI\Hrot.Hsm.Editor.Tests\HsmSuppressionPersistenceTests.cs(9,23,9,27): error CS0234: The type or namespace name 'Emit' does not exist in the namespace 'Hrot.Hsm.Editor' (are you missing an assembly reference?)
93>D:\Work\IOS-IG-SimHost-FDP-2\Hrot\Subsystems\AI\Hrot.Hsm.Editor.Tests\HsmSuppressionPersistenceTests.cs(10,23,10,28): error CS0234: The type or namespace name 'Model' does not exist in the namespace 'Hrot.Hsm.Editor' (are you missing an assembly reference?)
93>D:\Work\IOS-IG-SimHost-FDP-2\Hrot\Subsystems\AI\Hrot.Hsm.Editor.Tests\HsmTransitionLabelRendererTests.cs(3,23,3,28): error CS0234: The type or namespace name 'Model' does not exist in the namespace 'Hrot.Hsm.Editor' (are you missing an assembly reference?)
93>D:\Work\IOS-IG-SimHost-FDP-2\Hrot\Subsystems\AI\Hrot.Hsm.Editor.Tests\HsmTransitionLabelRendererTests.cs(4,23,4,32): error CS0234: The type or namespace name 'Renderers' does not exist in the namespace 'Hrot.Hsm.Editor' (are you missing an assembly reference?)
93>D:\Work\IOS-IG-SimHost-FDP-2\Hrot\Subsystems\AI\Hrot.Hsm.Editor.Tests\HsmValidationTests.cs(5,7,5,11): error CS0246: The type or namespace name 'Fhsm' could not be found (are you missing a using directive or an assembly reference?)
93>D:\Work\IOS-IG-SimHost-FDP-2\Hrot\Subsystems\AI\Hrot.Hsm.Editor.Tests\HsmValidationTests.cs(6,23,6,28): error CS0234: The type or namespace name 'Model' does not exist in the namespace 'Hrot.Hsm.Editor' (are you missing an assembly reference?)
93>D:\Work\IOS-IG-SimHost-FDP-2\Hrot\Subsystems\AI\Hrot.Hsm.Editor.Tests\HsmValidationTests.cs(7,23,7,33): error CS0234: The type or namespace name 'Validation' does not exist in the namespace 'Hrot.Hsm.Editor' (are you missing an assembly reference?)
93>D:\Work\IOS-IG-SimHost-FDP-2\Hrot\Subsystems\AI\Hrot.Hsm.Editor.Tests\Inspector\HsmFacetDispatcherTests.cs(3,7,3,11): error CS0246: The type or namespace name 'Fhsm' could not be found (are you missing a using directive or an assembly reference?)
93>D:\Work\IOS-IG-SimHost-FDP-2\Hrot\Subsystems\AI\Hrot.Hsm.Editor.Tests\Inspector\HsmFacetDispatcherTests.cs(4,7,4,11): error CS0246: The type or namespace name 'Fhsm' could not be found (are you missing a using directive or an assembly reference?)
93>D:\Work\IOS-IG-SimHost-FDP-2\Hrot\Subsystems\AI\Hrot.Hsm.Editor.Tests\Inspector\HsmFacetDispatcherTests.cs(6,12,6,18): error CS0234: The type or namespace name 'Editor' does not exist in the namespace 'Hrot' (are you missing an assembly reference?)
93>D:\Work\IOS-IG-SimHost-FDP-2\Hrot\Subsystems\AI\Hrot.Hsm.Editor.Tests\Inspector\HsmFacetDispatcherTests.cs(7,12,7,18): error CS0234: The type or namespace name 'Editor' does not exist in the namespace 'Hrot' (are you missing an assembly reference?)
93>D:\Work\IOS-IG-SimHost-FDP-2\Hrot\Subsystems\AI\Hrot.Hsm.Editor.Tests\Inspector\HsmFacetDispatcherTests.cs(8,12,8,18): error CS0234: The type or namespace name 'Editor' does not exist in the namespace 'Hrot' (are you missing an assembly reference?)
93>D:\Work\IOS-IG-SimHost-FDP-2\Hrot\Subsystems\AI\Hrot.Hsm.Editor.Tests\Inspector\HsmFacetDispatcherTests.cs(9,12,9,18): error CS0234: The type or namespace name 'Editor' does not exist in the namespace 'Hrot' (are you missing an assembly reference?)
93>D:\Work\IOS-IG-SimHost-FDP-2\Hrot\Subsystems\AI\Hrot.Hsm.Editor.Tests\Inspector\HsmFacetDispatcherTests.cs(10,12,10,18): error CS0234: The type or namespace name 'Editor' does not exist in the namespace 'Hrot' (are you missing an assembly reference?)
93>D:\Work\IOS-IG-SimHost-FDP-2\Hrot\Subsystems\AI\Hrot.Hsm.Editor.Tests\Inspector\HsmFacetDispatcherTests.cs(11,23,11,32): error CS0234: The type or namespace name 'Inspector' does not exist in the namespace 'Hrot.Hsm.Editor' (are you missing an assembly reference?)
93>D:\Work\IOS-IG-SimHost-FDP-2\Hrot\Subsystems\AI\Hrot.Hsm.Editor.Tests\Inspector\HsmFacetDispatcherTests.cs(12,23,12,28): error CS0234: The type or namespace name 'Model' does not exist in the namespace 'Hrot.Hsm.Editor' (are you missing an assembly reference?)
93>D:\Work\IOS-IG-SimHost-FDP-2\Hrot\Subsystems\AI\Hrot.Hsm.Editor.Tests\Inspector\HsmPickerDrawerTests.cs(3,7,3,11): error CS0246: The type or namespace name 'Fhsm' could not be found (are you missing a using directive or an assembly reference?)
93>D:\Work\IOS-IG-SimHost-FDP-2\Hrot\Subsystems\AI\Hrot.Hsm.Editor.Tests\Inspector\HsmPickerDrawerTests.cs(4,7,4,11): error CS0246: The type or namespace name 'Fhsm' could not be found (are you missing a using directive or an assembly reference?)
93>D:\Work\IOS-IG-SimHost-FDP-2\Hrot\Subsystems\AI\Hrot.Hsm.Editor.Tests\Inspector\HsmPickerDrawerTests.cs(6,23,6,32): error CS0234: The type or namespace name 'Inspector' does not exist in the namespace 'Hrot.Hsm.Editor' (are you missing an assembly reference?)
93>D:\Work\IOS-IG-SimHost-FDP-2\Hrot\Subsystems\AI\Hrot.Hsm.Editor.Tests\Inspector\HsmPickerDrawerTests.cs(7,23,7,28): error CS0234: The type or namespace name 'Model' does not exist in the namespace 'Hrot.Hsm.Editor' (are you missing an assembly reference?)
93>D:\Work\IOS-IG-SimHost-FDP-2\Hrot\Subsystems\AI\Hrot.Hsm.Editor.Tests\Inspector\HsmRuntimeInspectorPaneTests.cs(3,7,3,10): error CS0246: The type or namespace name 'Fdp' could not be found (are you missing a using directive or an assembly reference?)
93>D:\Work\IOS-IG-SimHost-FDP-2\Hrot\Subsystems\AI\Hrot.Hsm.Editor.Tests\Inspector\HsmRuntimeInspectorPaneTests.cs(4,7,4,11): error CS0246: The type or namespace name 'Fhsm' could not be found (are you missing a using directive or an assembly reference?)
93>D:\Work\IOS-IG-SimHost-FDP-2\Hrot\Subsystems\AI\Hrot.Hsm.Editor.Tests\Inspector\HsmRuntimeInspectorPaneTests.cs(6,12,6,18): error CS0234: The type or namespace name 'Editor' does not exist in the namespace 'Hrot' (are you missing an assembly reference?)
93>D:\Work\IOS-IG-SimHost-FDP-2\Hrot\Subsystems\AI\Hrot.Hsm.Editor.Tests\Inspector\HsmRuntimeInspectorPaneTests.cs(7,23,7,28): error CS0234: The type or namespace name 'Debug' does not exist in the namespace 'Hrot.Hsm.Editor' (are you missing an assembly reference?)
93>D:\Work\IOS-IG-SimHost-FDP-2\Hrot\Subsystems\AI\Hrot.Hsm.Editor.Tests\Inspector\HsmRuntimeInspectorPaneTests.cs(8,23,8,32): error CS0234: The type or namespace name 'Inspector' does not exist in the namespace 'Hrot.Hsm.Editor' (are you missing an assembly reference?)
93>D:\Work\IOS-IG-SimHost-FDP-2\Hrot\Subsystems\AI\Hrot.Hsm.Editor.Tests\OutputLaneMaskInferenceTests.cs(3,7,3,11): error CS0246: The type or namespace name 'Fhsm' could not be found (are you missing a using directive or an assembly reference?)
93>D:\Work\IOS-IG-SimHost-FDP-2\Hrot\Subsystems\AI\Hrot.Hsm.Editor.Tests\OutputLaneMaskInferenceTests.cs(4,7,4,11): error CS0246: The type or namespace name 'Fhsm' could not be found (are you missing a using directive or an assembly reference?)
93>D:\Work\IOS-IG-SimHost-FDP-2\Hrot\Subsystems\AI\Hrot.Hsm.Editor.Tests\OutputLaneMaskInferenceTests.cs(6,23,6,28): error CS0234: The type or namespace name 'Model' does not exist in the namespace 'Hrot.Hsm.Editor' (are you missing an assembly reference?)
93>D:\Work\IOS-IG-SimHost-FDP-2\Hrot\Subsystems\AI\Hrot.Hsm.Editor.Tests\OutputLaneMaskInferenceTests.cs(7,23,7,33): error CS0234: The type or namespace name 'Validation' does not exist in the namespace 'Hrot.Hsm.Editor' (are you missing an assembly reference?)
93>D:\Work\IOS-IG-SimHost-FDP-2\Hrot\Subsystems\AI\Hrot.Hsm.Editor.Tests\Renderers\HsmHostServicesRuntimeOverlayTests.cs(3,7,3,11): error CS0246: The type or namespace name 'Fhsm' could not be found (are you missing a using directive or an assembly reference?)
93>D:\Work\IOS-IG-SimHost-FDP-2\Hrot\Subsystems\AI\Hrot.Hsm.Editor.Tests\Renderers\HsmHostServicesRuntimeOverlayTests.cs(4,7,4,11): error CS0246: The type or namespace name 'Fhsm' could not be found (are you missing a using directive or an assembly reference?)
93>D:\Work\IOS-IG-SimHost-FDP-2\Hrot\Subsystems\AI\Hrot.Hsm.Editor.Tests\Renderers\HsmHostServicesRuntimeOverlayTests.cs(6,7,6,10): error CS0246: The type or namespace name 'Fdp' could not be found (are you missing a using directive or an assembly reference?)
93>D:\Work\IOS-IG-SimHost-FDP-2\Hrot\Subsystems\AI\Hrot.Hsm.Editor.Tests\Renderers\HsmHostServicesRuntimeOverlayTests.cs(7,12,7,18): error CS0234: The type or namespace name 'Editor' does not exist in the namespace 'Hrot' (are you missing an assembly reference?)
93>D:\Work\IOS-IG-SimHost-FDP-2\Hrot\Subsystems\AI\Hrot.Hsm.Editor.Tests\Renderers\HsmHostServicesRuntimeOverlayTests.cs(8,23,8,28): error CS0234: The type or namespace name 'Debug' does not exist in the namespace 'Hrot.Hsm.Editor' (are you missing an assembly reference?)
93>D:\Work\IOS-IG-SimHost-FDP-2\Hrot\Subsystems\AI\Hrot.Hsm.Editor.Tests\Renderers\HsmHostServicesRuntimeOverlayTests.cs(9,23,9,27): error CS0234: The type or namespace name 'Host' does not exist in the namespace 'Hrot.Hsm.Editor' (are you missing an assembly reference?)
93>D:\Work\IOS-IG-SimHost-FDP-2\Hrot\Subsystems\AI\Hrot.Hsm.Editor.Tests\Renderers\HsmHostServicesRuntimeOverlayTests.cs(10,23,10,28): error CS0234: The type or namespace name 'Model' does not exist in the namespace 'Hrot.Hsm.Editor' (are you missing an assembly reference?)
93>D:\Work\IOS-IG-SimHost-FDP-2\Hrot\Subsystems\AI\Hrot.Hsm.Editor.Tests\Renderers\HsmHostServicesRuntimeOverlayTests.cs(11,7,11,17): error CS0246: The type or namespace name 'NodeEditor' could not be found (are you missing a using directive or an assembly reference?)
93>D:\Work\IOS-IG-SimHost-FDP-2\Hrot\Subsystems\AI\Hrot.Hsm.Editor.Tests\SaveHsmEmitTests.cs(3,7,3,11): error CS0246: The type or namespace name 'Fhsm' could not be found (are you missing a using directive or an assembly reference?)
93>D:\Work\IOS-IG-SimHost-FDP-2\Hrot\Subsystems\AI\Hrot.Hsm.Editor.Tests\SaveHsmEmitTests.cs(4,7,4,11): error CS0246: The type or namespace name 'Fhsm' could not be found (are you missing a using directive or an assembly reference?)
93>D:\Work\IOS-IG-SimHost-FDP-2\Hrot\Subsystems\AI\Hrot.Hsm.Editor.Tests\SaveHsmEmitTests.cs(5,12,5,18): error CS0234: The type or namespace name 'Editor' does not exist in the namespace 'Hrot' (are you missing an assembly reference?)
93>D:\Work\IOS-IG-SimHost-FDP-2\Hrot\Subsystems\AI\Hrot.Hsm.Editor.Tests\SaveHsmEmitTests.cs(6,23,6,27): error CS0234: The type or namespace name 'Emit' does not exist in the namespace 'Hrot.Hsm.Editor' (are you missing an assembly reference?)
93>D:\Work\IOS-IG-SimHost-FDP-2\Hrot\Subsystems\AI\Hrot.Hsm.Editor.Tests\SaveHsmEmitTests.cs(7,23,7,28): error CS0234: The type or namespace name 'Model' does not exist in the namespace 'Hrot.Hsm.Editor' (are you missing an assembly reference?)
93>D:\Work\IOS-IG-SimHost-FDP-2\Hrot\Subsystems\AI\Hrot.Hsm.Editor.Tests\StateNodeChildOrderDeterminismTests.cs(2,23,2,28): error CS0234: The type or namespace name 'Model' does not exist in the namespace 'Hrot.Hsm.Editor' (are you missing an assembly reference?)
93>D:\Work\IOS-IG-SimHost-FDP-2\Hrot\Subsystems\AI\Hrot.Hsm.Editor.Tests\StateNodeChildOrderDeterminismTests.cs(3,7,3,17): error CS0246: The type or namespace name 'NodeEditor' could not be found (are you missing a using directive or an assembly reference?)
93>D:\Work\IOS-IG-SimHost-FDP-2\Hrot\Subsystems\AI\Hrot.Hsm.Editor.Tests\Validation\HsmAssetValidatorTests.cs(2,12,2,18): error CS0234: The type or namespace name 'Editor' does not exist in the namespace 'Hrot' (are you missing an assembly reference?)
93>D:\Work\IOS-IG-SimHost-FDP-2\Hrot\Subsystems\AI\Hrot.Hsm.Editor.Tests\Validation\HsmAssetValidatorTests.cs(3,23,3,33): error CS0234: The type or namespace name 'Validation' does not exist in the namespace 'Hrot.Hsm.Editor' (are you missing an assembly reference?)
93>D:\Work\IOS-IG-SimHost-FDP-2\Hrot\Subsystems\AI\Hrot.Hsm.Editor.Tests\Validation\HsmValidatorBlackboardConflictTests.cs(3,7,3,11): error CS0246: The type or namespace name 'Fhsm' could not be found (are you missing a using directive or an assembly reference?)
93>D:\Work\IOS-IG-SimHost-FDP-2\Hrot\Subsystems\AI\Hrot.Hsm.Editor.Tests\Validation\HsmValidatorBlackboardConflictTests.cs(4,12,4,18): error CS0234: The type or namespace name 'Editor' does not exist in the namespace 'Hrot' (are you missing an assembly reference?)
93>D:\Work\IOS-IG-SimHost-FDP-2\Hrot\Subsystems\AI\Hrot.Hsm.Editor.Tests\Validation\HsmValidatorBlackboardConflictTests.cs(5,23,5,28): error CS0234: The type or namespace name 'Model' does not exist in the namespace 'Hrot.Hsm.Editor' (are you missing an assembly reference?)
93>D:\Work\IOS-IG-SimHost-FDP-2\Hrot\Subsystems\AI\Hrot.Hsm.Editor.Tests\Validation\HsmValidatorBlackboardConflictTests.cs(6,23,6,33): error CS0234: The type or namespace name 'Validation' does not exist in the namespace 'Hrot.Hsm.Editor' (are you missing an assembly reference?)
93>D:\Work\IOS-IG-SimHost-FDP-2\Hrot\Subsystems\AI\Hrot.Hsm.Editor.Tests\Windows\HsmGlobalsStripTests.cs(4,7,4,11): error CS0246: The type or namespace name 'Fhsm' could not be found (are you missing a using directive or an assembly reference?)
93>D:\Work\IOS-IG-SimHost-FDP-2\Hrot\Subsystems\AI\Hrot.Hsm.Editor.Tests\Windows\HsmGlobalsStripTests.cs(5,7,5,11): error CS0246: The type or namespace name 'Fhsm' could not be found (are you missing a using directive or an assembly reference?)
93>D:\Work\IOS-IG-SimHost-FDP-2\Hrot\Subsystems\AI\Hrot.Hsm.Editor.Tests\Windows\HsmGlobalsStripTests.cs(7,12,7,18): error CS0234: The type or namespace name 'Editor' does not exist in the namespace 'Hrot' (are you missing an assembly reference?)
93>D:\Work\IOS-IG-SimHost-FDP-2\Hrot\Subsystems\AI\Hrot.Hsm.Editor.Tests\Windows\HsmGlobalsStripTests.cs(8,23,8,32): error CS0234: The type or namespace name 'Inspector' does not exist in the namespace 'Hrot.Hsm.Editor' (are you missing an assembly reference?)
93>D:\Work\IOS-IG-SimHost-FDP-2\Hrot\Subsystems\AI\Hrot.Hsm.Editor.Tests\Windows\HsmGlobalsStripTests.cs(9,23,9,28): error CS0234: The type or namespace name 'Model' does not exist in the namespace 'Hrot.Hsm.Editor' (are you missing an assembly reference?)
93>D:\Work\IOS-IG-SimHost-FDP-2\Hrot\Subsystems\AI\Hrot.Hsm.Editor.Tests\Windows\HsmGlobalsStripTests.cs(10,23,10,30): error CS0234: The type or namespace name 'Windows' does not exist in the namespace 'Hrot.Hsm.Editor' (are you missing an assembly reference?)
93>D:\Work\IOS-IG-SimHost-FDP-2\Hrot\Subsystems\AI\Hrot.Hsm.Editor.Tests\FakeHsmSession.cs(12,40,12,56): error CS0246: The type or namespace name 'IHsmDebugSession' could not be found (are you missing a using directive or an assembly reference?)
93>D:\Work\IOS-IG-SimHost-FDP-2\Hrot\Subsystems\AI\Hrot.Hsm.Editor.Tests\Comparison\FakeCatalogHelper.cs(20,37,20,50): error CS0246: The type or namespace name 'IAssetCatalog' could not be found (are you missing a using directive or an assembly reference?)
93>D:\Work\IOS-IG-SimHost-FDP-2\Hrot\Subsystems\AI\Hrot.Hsm.Editor.Tests\Blackboard\HsmAssetLoadStateTests.cs(18,20,18,28): error CS0246: The type or namespace name 'HsmAsset' could not be found (are you missing a using directive or an assembly reference?)
93>D:\Work\IOS-IG-SimHost-FDP-2\Hrot\Subsystems\AI\Hrot.Hsm.Editor.Tests\Blackboard\HsmPruneStaleBindingsTests.cs(18,20,18,28): error CS0246: The type or namespace name 'HsmAsset' could not be found (are you missing a using directive or an assembly reference?)
93>D:\Work\IOS-IG-SimHost-FDP-2\Hrot\Subsystems\AI\Hrot.Hsm.Editor.Tests\Comparison\FakeCatalogHelper.cs(9,35,9,49): error CS0246: The type or namespace name 'IEditableAsset' could not be found (are you missing a using directive or an assembly reference?)
93>D:\Work\IOS-IG-SimHost-FDP-2\Hrot\Subsystems\AI\Hrot.Hsm.Editor.Tests\HsmAssetBlackboardTests.cs(15,20,15,28): error CS0246: The type or namespace name 'HsmAsset' could not be found (are you missing a using directive or an assembly reference?)
93>D:\Work\IOS-IG-SimHost-FDP-2\Hrot\Subsystems\AI\Hrot.Hsm.Editor.Tests\Debug\HsmDebugSessionTests.cs(550,36,550,55): error CS0246: The type or namespace name 'AiTracerCoordinator' could not be found (are you missing a using directive or an assembly reference?)
93>D:\Work\IOS-IG-SimHost-FDP-2\Hrot\Subsystems\AI\Hrot.Hsm.Editor.Tests\Host\HsmBreakpointWiringTests.cs(123,20,123,41): error CS0246: The type or namespace name 'HsmEditorHostServices' could not be found (are you missing a using directive or an assembly reference?)
93>D:\Work\IOS-IG-SimHost-FDP-2\Hrot\Subsystems\AI\Hrot.Hsm.Editor.Tests\Host\Aie032HsmTraceTimelineTests.cs(16,22,16,42): error CS0246: The type or namespace name 'HsmTraceLaneProvider' could not be found (are you missing a using directive or an assembly reference?)
93>D:\Work\IOS-IG-SimHost-FDP-2\Hrot\Subsystems\AI\Hrot.Hsm.Editor.Tests\Comparison\HsmComparisonSanitizerTests.cs(14,20,14,42): error CS0246: The type or namespace name 'HsmComparisonSanitizer' could not be found (are you missing a using directive or an assembly reference?)
93>D:\Work\IOS-IG-SimHost-FDP-2\Hrot\Subsystems\AI\Hrot.Hsm.Editor.Tests\Debug\HsmDebugSessionTests.cs(15,20,15,26): error CS0246: The type or namespace name 'Entity' could not be found (are you missing a using directive or an assembly reference?)
93>D:\Work\IOS-IG-SimHost-FDP-2\Hrot\Subsystems\AI\Hrot.Hsm.Editor.Tests\Blackboard\HsmBlackboardAggregatorTests.cs(51,45,51,55): error CS0246: The type or namespace name 'HsmBuilder' could not be found (are you missing a using directive or an assembly reference?)
93>D:\Work\IOS-IG-SimHost-FDP-2\Hrot\Subsystems\AI\Hrot.Hsm.Editor.Tests\Blackboard\HsmBlackboardAggregatorTests.cs(51,20,51,28): error CS0246: The type or namespace name 'HsmAsset' could not be found (are you missing a using directive or an assembly reference?)
93>D:\Work\IOS-IG-SimHost-FDP-2\Hrot\Subsystems\AI\Hrot.Hsm.Editor.Tests\Comparison\HsmSanitizationDeterminismTests.cs(22,20,22,42): error CS0246: The type or namespace name 'HsmComparisonSanitizer' could not be found (are you missing a using directive or an assembly reference?)
93>D:\Work\IOS-IG-SimHost-FDP-2\Hrot\Subsystems\AI\Hrot.Hsm.Editor.Tests\Blackboard\HsmPruneStaleBindingsTests.cs(30,20,30,42): error CS0246: The type or namespace name 'BlackboardAliasBinding' could not be found (are you missing a using directive or an assembly reference?)
93>D:\Work\IOS-IG-SimHost-FDP-2\Hrot\Subsystems\AI\Hrot.Hsm.Editor.Tests\Comparison\FakeCatalogHelper.cs(22,39,22,53): error CS0246: The type or namespace name 'IEditableAsset' could not be found (are you missing a using directive or an assembly reference?)
93>D:\Work\IOS-IG-SimHost-FDP-2\Hrot\Subsystems\AI\Hrot.Hsm.Editor.Tests\Host\HsmBreakpointWiringTests.cs(29,50,29,72): error CS0246: The type or namespace name 'IDataBreakpointManager' could not be found (are you missing a using directive or an assembly reference?)
93>D:\Work\IOS-IG-SimHost-FDP-2\Hrot\Subsystems\AI\Hrot.Hsm.Editor.Tests\Host\HsmCommandSinkRegionTests.cs(21,21,21,29): error CS0246: The type or namespace name 'HsmAsset' could not be found (are you missing a using directive or an assembly reference?)
93>D:\Work\IOS-IG-SimHost-FDP-2\Hrot\Subsystems\AI\Hrot.Hsm.Editor.Tests\Host\HsmCommandSinkRegionTests.cs(21,37,21,51): error CS0246: The type or namespace name 'HsmCommandSink' could not be found (are you missing a using directive or an assembly reference?)
93>D:\Work\IOS-IG-SimHost-FDP-2\Hrot\Subsystems\AI\Hrot.Hsm.Editor.Tests\Host\HsmCommandSinkRegionTests.cs(21,58,21,67): error CS0246: The type or namespace name 'StateNode' could not be found (are you missing a using directive or an assembly reference?)
93>D:\Work\IOS-IG-SimHost-FDP-2\Hrot\Subsystems\AI\Hrot.Hsm.Editor.Tests\Comparison\HsmComparisonSanitizerTests.cs(24,20,24,38): error CS0246: The type or namespace name 'SanitizationResult' could not be found (are you missing a using directive or an assembly reference?)
93>D:\Work\IOS-IG-SimHost-FDP-2\Hrot\Subsystems\AI\Hrot.Hsm.Editor.Tests\Comparison\HsmSelfComparisonTests.cs(19,20,19,42): error CS0246: The type or namespace name 'HsmComparisonSanitizer' could not be found (are you missing a using directive or an assembly reference?)
93>D:\Work\IOS-IG-SimHost-FDP-2\Hrot\Subsystems\AI\Hrot.Hsm.Editor.Tests\Debug\HsmDebugSessionTests.cs(19,20,19,35): error CS0246: The type or namespace name 'HsmStateEntered' could not be found (are you missing a using directive or an assembly reference?)
93>D:\Work\IOS-IG-SimHost-FDP-2\Hrot\Subsystems\AI\Hrot.Hsm.Editor.Tests\Comparison\HsmSanitizationDeterminismTests.cs(25,48,25,70): error CS0246: The type or namespace name 'HsmComparisonSanitizer' could not be found (are you missing a using directive or an assembly reference?)
93>D:\Work\IOS-IG-SimHost-FDP-2\Hrot\Subsystems\AI\Hrot.Hsm.Editor.Tests\Comparison\HsmSanitizationDeterminismTests.cs(25,20,25,38): error CS0246: The type or namespace name 'SanitizationResult' could not be found (are you missing a using directive or an assembly reference?)
93>D:\Work\IOS-IG-SimHost-FDP-2\Hrot\Subsystems\AI\Hrot.Hsm.Editor.Tests\HsmAssetContributorTests.cs(16,19,16,36): error CS0246: The type or namespace name 'HsmDefinitionBlob' could not be found (are you missing a using directive or an assembly reference?)
93>D:\Work\IOS-IG-SimHost-FDP-2\Hrot\Subsystems\AI\Hrot.Hsm.Editor.Tests\Comparison\FakeCatalogHelper.cs(24,31,24,45): error CS0246: The type or namespace name 'IEditableAsset' could not be found (are you missing a using directive or an assembly reference?)
93>D:\Work\IOS-IG-SimHost-FDP-2\Hrot\Subsystems\AI\Hrot.Hsm.Editor.Tests\Blackboard\HsmBlackboardAggregatorTests.cs(61,21,61,48): error CS0246: The type or namespace name 'BlackboardAggregatorService' could not be found (are you missing a using directive or an assembly reference?)
93>D:\Work\IOS-IG-SimHost-FDP-2\Hrot\Subsystems\AI\Hrot.Hsm.Editor.Tests\Blackboard\HsmBlackboardAggregatorTests.cs(61,58,61,89): error CS0246: The type or namespace name 'HsmBlackboardAggregatorStrategy' could not be found (are you missing a using directive or an assembly reference?)
93>D:\Work\IOS-IG-SimHost-FDP-2\Hrot\Subsystems\AI\Hrot.Hsm.Editor.Tests\Debug\HsmDebugSessionTests.cs(22,20,22,38): error CS0246: The type or namespace name 'HsmTransitionFired' could not be found (are you missing a using directive or an assembly reference?)
93>D:\Work\IOS-IG-SimHost-FDP-2\Hrot\Subsystems\AI\Hrot.Hsm.Editor.Tests\Comparison\FakeCatalogHelper.cs(13,12,13,21): error CS0246: The type or namespace name 'AssetKind' could not be found (are you missing a using directive or an assembly reference?)
93>D:\Work\IOS-IG-SimHost-FDP-2\Hrot\Subsystems\AI\Hrot.Hsm.Editor.Tests\Comparison\HsmSelfComparisonTests.cs(22,48,22,70): error CS0246: The type or namespace name 'HsmComparisonSanitizer' could not be found (are you missing a using directive or an assembly reference?)
93>D:\Work\IOS-IG-SimHost-FDP-2\Hrot\Subsystems\AI\Hrot.Hsm.Editor.Tests\Comparison\HsmSelfComparisonTests.cs(22,20,22,38): error CS0246: The type or namespace name 'SanitizationResult' could not be found (are you missing a using directive or an assembly reference?)
93>D:\Work\IOS-IG-SimHost-FDP-2\Hrot\Subsystems\AI\Hrot.Hsm.Editor.Tests\HsmBlackboardAliasingAssetTests.cs(17,20,17,28): error CS0246: The type or namespace name 'HsmAsset' could not be found (are you missing a using directive or an assembly reference?)
93>D:\Work\IOS-IG-SimHost-FDP-2\Hrot\Subsystems\AI\Hrot.Hsm.Editor.Tests\Comparison\FakeCatalogHelper.cs(30,26,30,40): error CS0246: The type or namespace name 'IEditableAsset' could not be found (are you missing a using directive or an assembly reference?)
93>D:\Work\IOS-IG-SimHost-FDP-2\Hrot\Subsystems\AI\Hrot.Hsm.Editor.Tests\HsmBlackboardAliasingAssetTests.cs(31,20,31,42): error CS0246: The type or namespace name 'BlackboardAliasBinding' could not be found (are you missing a using directive or an assembly reference?)
93>D:\Work\IOS-IG-SimHost-FDP-2\Hrot\Subsystems\AI\Hrot.Hsm.Editor.Tests\Blackboard\HsmBlackboardAggregatorTests.cs(24,47,24,68): error CS0246: The type or namespace name 'IActionSchemaExporter' could not be found (are you missing a using directive or an assembly reference?)
93>D:\Work\IOS-IG-SimHost-FDP-2\Hrot\Subsystems\AI\Hrot.Hsm.Editor.Tests\Host\HsmBreakpointWiringTests.cs(48,29,48,39): error CS0246: The type or namespace name 'Breakpoint' could not be found (are you missing a using directive or an assembly reference?)
93>D:\Work\IOS-IG-SimHost-FDP-2\Hrot\Subsystems\AI\Hrot.Hsm.Editor.Tests\Host\HsmBreakpointWiringTests.cs(48,41,48,47): error CS0246: The type or namespace name 'Entity' could not be found (are you missing a using directive or an assembly reference?)
93>D:\Work\IOS-IG-SimHost-FDP-2\Hrot\Subsystems\AI\Hrot.Hsm.Editor.Tests\Debug\HsmDebugSessionTests.cs(292,20,292,36): error CS0246: The type or namespace name 'EntityRepository' could not be found (are you missing a using directive or an assembly reference?)
93>D:\Work\IOS-IG-SimHost-FDP-2\Hrot\Subsystems\AI\Hrot.Hsm.Editor.Tests\Comparison\FakeCatalogHelper.cs(31,12,31,26): error CS0246: The type or namespace name 'IEditableAsset' could not be found (are you missing a using directive or an assembly reference?)
93>D:\Work\IOS-IG-SimHost-FDP-2\Hrot\Subsystems\AI\Hrot.Hsm.Editor.Tests\HsmAssetContributorTests.cs(15,6,15,19): error CS0246: The type or namespace name 'HsmDefinitionAttribute' could not be found (are you missing a using directive or an assembly reference?)
93>D:\Work\IOS-IG-SimHost-FDP-2\Hrot\Subsystems\AI\Hrot.Hsm.Editor.Tests\HsmAssetContributorTests.cs(15,6,15,19): error CS0246: The type or namespace name 'HsmDefinition' could not be found (are you missing a using directive or an assembly reference?)
93>D:\Work\IOS-IG-SimHost-FDP-2\Hrot\Subsystems\AI\Hrot.Hsm.Editor.Tests\Comparison\FakeCatalogHelper.cs(33,12,33,26): error CS0246: The type or namespace name 'IEditableAsset' could not be found (are you missing a using directive or an assembly reference?)
93>D:\Work\IOS-IG-SimHost-FDP-2\Hrot\Subsystems\AI\Hrot.Hsm.Editor.Tests\HsmAssetProjectionTests.cs(17,79,17,89): error CS0246: The type or namespace name 'HsmBuilder' could not be found (are you missing a using directive or an assembly reference?)
93>D:\Work\IOS-IG-SimHost-FDP-2\Hrot\Subsystems\AI\Hrot.Hsm.Editor.Tests\HsmAssetProjectionTests.cs(17,21,17,38): error CS0246: The type or namespace name 'HsmDefinitionBlob' could not be found (are you missing a using directive or an assembly reference?)
93>D:\Work\IOS-IG-SimHost-FDP-2\Hrot\Subsystems\AI\Hrot.Hsm.Editor.Tests\HsmAssetProjectionTests.cs(17,45,17,60): error CS0246: The type or namespace name 'MachineMetadata' could not be found (are you missing a using directive or an assembly reference?)
93>D:\Work\IOS-IG-SimHost-FDP-2\Hrot\Subsystems\AI\Hrot.Hsm.Editor.Tests\Host\HsmTraceLaneProviderTests.cs(11,22,11,42): error CS0246: The type or namespace name 'HsmTraceLaneProvider' could not be found (are you missing a using directive or an assembly reference?)
93>D:\Work\IOS-IG-SimHost-FDP-2\Hrot\Subsystems\AI\Hrot.Hsm.Editor.Tests\Blackboard\HsmBlackboardAggregatorTests.cs(26,45,26,62): error CS0246: The type or namespace name 'ActionSchemaEntry' could not be found (are you missing a using directive or an assembly reference?)
93>D:\Work\IOS-IG-SimHost-FDP-2\Hrot\Subsystems\AI\Hrot.Hsm.Editor.Tests\Host\HsmBreakpointWiringTests.cs(31,33,31,43): error CS0246: The type or namespace name 'Breakpoint' could not be found (are you missing a using directive or an assembly reference?)
93>D:\Work\IOS-IG-SimHost-FDP-2\Hrot\Subsystems\AI\Hrot.Hsm.Editor.Tests\Host\HsmBreakpointWiringTests.cs(31,16,31,28): error CS0246: The type or namespace name 'BreakpointId' could not be found (are you missing a using directive or an assembly reference?)
93>D:\Work\IOS-IG-SimHost-FDP-2\Hrot\Subsystems\AI\Hrot.Hsm.Editor.Tests\Host\HsmDocumentFactoryTests.cs(32,13,32,34): error CS0246: The type or namespace name 'AiEditorAdapterBundle' could not be found (are you missing a using directive or an assembly reference?)
93>D:\Work\IOS-IG-SimHost-FDP-2\Hrot\Subsystems\AI\Hrot.Hsm.Editor.Tests\Comparison\FakeCatalogHelper.cs(35,26,35,40): error CS0246: The type or namespace name 'IEditableAsset' could not be found (are you missing a using directive or an assembly reference?)
93>D:\Work\IOS-IG-SimHost-FDP-2\Hrot\Subsystems\AI\Hrot.Hsm.Editor.Tests\HsmBreakpointRendererTests.cs(17,14,17,23): error CS0246: The type or namespace name 'StateNode' could not be found (are you missing a using directive or an assembly reference?)
93>D:\Work\IOS-IG-SimHost-FDP-2\Hrot\Subsystems\AI\Hrot.Hsm.Editor.Tests\HsmBreakpointRendererTests.cs(18,14,18,28): error CS0246: The type or namespace name 'TransitionNode' could not be found (are you missing a using directive or an assembly reference?)
93>D:\Work\IOS-IG-SimHost-FDP-2\Hrot\Subsystems\AI\Hrot.Hsm.Editor.Tests\HsmBreakpointRendererTests.cs(16,20,16,28): error CS0246: The type or namespace name 'HsmAsset' could not be found (are you missing a using directive or an assembly reference?)
93>D:\Work\IOS-IG-SimHost-FDP-2\Hrot\Subsystems\AI\Hrot.Hsm.Editor.Tests\Blackboard\HsmBlackboardAggregatorTests.cs(32,44,32,61): error CS0246: The type or namespace name 'ActionSchemaEntry' could not be found (are you missing a using directive or an assembly reference?)
93>D:\Work\IOS-IG-SimHost-FDP-2\Hrot\Subsystems\AI\Hrot.Hsm.Editor.Tests\HsmEditorHostServicesTests.cs(19,20,19,28): error CS0246: The type or namespace name 'HsmAsset' could not be found (are you missing a using directive or an assembly reference?)
93>D:\Work\IOS-IG-SimHost-FDP-2\Hrot\Subsystems\AI\Hrot.Hsm.Editor.Tests\HsmAssetProjectionTests.cs(27,37,27,54): error CS0246: The type or namespace name 'HsmDefinitionBlob' could not be found (are you missing a using directive or an assembly reference?)
93>D:\Work\IOS-IG-SimHost-FDP-2\Hrot\Subsystems\AI\Hrot.Hsm.Editor.Tests\HsmAssetProjectionTests.cs(27,61,27,76): error CS0246: The type or namespace name 'MachineMetadata' could not be found (are you missing a using directive or an assembly reference?)
93>D:\Work\IOS-IG-SimHost-FDP-2\Hrot\Subsystems\AI\Hrot.Hsm.Editor.Tests\HsmAssetProjectionTests.cs(27,20,27,28): error CS0246: The type or namespace name 'HsmAsset' could not be found (are you missing a using directive or an assembly reference?)
93>D:\Work\IOS-IG-SimHost-FDP-2\Hrot\Subsystems\AI\Hrot.Hsm.Editor.Tests\Blackboard\HsmBlackboardAggregatorTests.cs(33,16,33,33): error CS0246: The type or namespace name 'ActionSchemaEntry' could not be found (are you missing a using directive or an assembly reference?)
93>D:\Work\IOS-IG-SimHost-FDP-2\Hrot\Subsystems\AI\Hrot.Hsm.Editor.Tests\HsmOrchestratorEmitterTests.cs(20,20,20,28): error CS0246: The type or namespace name 'HsmAsset' could not be found (are you missing a using directive or an assembly reference?)
93>D:\Work\IOS-IG-SimHost-FDP-2\Hrot\Subsystems\AI\Hrot.Hsm.Editor.Tests\HsmFluentEmitterTests.cs(16,45,16,55): error CS0246: The type or namespace name 'HsmBuilder' could not be found (are you missing a using directive or an assembly reference?)
93>D:\Work\IOS-IG-SimHost-FDP-2\Hrot\Subsystems\AI\Hrot.Hsm.Editor.Tests\HsmFluentEmitterTests.cs(16,20,16,28): error CS0246: The type or namespace name 'HsmAsset' could not be found (are you missing a using directive or an assembly reference?)
93>D:\Work\IOS-IG-SimHost-FDP-2\Hrot\Subsystems\AI\Hrot.Hsm.Editor.Tests\Host\HsmBreakpointWiringTests.cs(32,43,32,61): error CS0246: The type or namespace name 'SearchPredicateDto' could not be found (are you missing a using directive or an assembly reference?)
93>D:\Work\IOS-IG-SimHost-FDP-2\Hrot\Subsystems\AI\Hrot.Hsm.Editor.Tests\Host\HsmBreakpointWiringTests.cs(32,73,32,79): error CS0246: The type or namespace name 'Entity' could not be found (are you missing a using directive or an assembly reference?)
93>D:\Work\IOS-IG-SimHost-FDP-2\Hrot\Subsystems\AI\Hrot.Hsm.Editor.Tests\Host\HsmBreakpointWiringTests.cs(32,16,32,28): error CS0246: The type or namespace name 'BreakpointId' could not be found (are you missing a using directive or an assembly reference?)
93>D:\Work\IOS-IG-SimHost-FDP-2\Hrot\Subsystems\AI\Hrot.Hsm.Editor.Tests\Host\HsmDocumentFactoryTests.cs(34,75,34,85): error CS0246: The type or namespace name 'HsmBuilder' could not be found (are you missing a using directive or an assembly reference?)
93>D:\Work\IOS-IG-SimHost-FDP-2\Hrot\Subsystems\AI\Hrot.Hsm.Editor.Tests\Host\HsmDocumentFactoryTests.cs(34,21,34,38): error CS0246: The type or namespace name 'HsmDefinitionBlob' could not be found (are you missing a using directive or an assembly reference?)
93>D:\Work\IOS-IG-SimHost-FDP-2\Hrot\Subsystems\AI\Hrot.Hsm.Editor.Tests\Host\HsmDocumentFactoryTests.cs(34,45,34,60): error CS0246: The type or namespace name 'MachineMetadata' could not be found (are you missing a using directive or an assembly reference?)
93>D:\Work\IOS-IG-SimHost-FDP-2\Hrot\Subsystems\AI\Hrot.Hsm.Editor.Tests\FakeHsmSession.cs(46,25,46,41): error CS0246: The type or namespace name 'HsmBreakpointHit' could not be found (are you missing a using directive or an assembly reference?)
93>D:\Work\IOS-IG-SimHost-FDP-2\Hrot\Subsystems\AI\Hrot.Hsm.Editor.Tests\FakeHsmSession.cs(47,25,47,40): error CS0246: The type or namespace name 'HsmStateEntered' could not be found (are you missing a using directive or an assembly reference?)
93>D:\Work\IOS-IG-SimHost-FDP-2\Hrot\Subsystems\AI\Hrot.Hsm.Editor.Tests\FakeHsmSession.cs(48,25,48,39): error CS0246: The type or namespace name 'HsmStateExited' could not be found (are you missing a using directive or an assembly reference?)
93>D:\Work\IOS-IG-SimHost-FDP-2\Hrot\Subsystems\AI\Hrot.Hsm.Editor.Tests\FakeHsmSession.cs(49,25,49,43): error CS0246: The type or namespace name 'HsmTransitionFired' could not be found (are you missing a using directive or an assembly reference?)
93>D:\Work\IOS-IG-SimHost-FDP-2\Hrot\Subsystems\AI\Hrot.Hsm.Editor.Tests\FakeHsmSession.cs(50,25,50,39): error CS0246: The type or namespace name 'HsmEventQueued' could not be found (are you missing a using directive or an assembly reference?)
93>D:\Work\IOS-IG-SimHost-FDP-2\Hrot\Subsystems\AI\Hrot.Hsm.Editor.Tests\FakeHsmSession.cs(51,25,51,42): error CS0246: The type or namespace name 'HsmRegionConflict' could not be found (are you missing a using directive or an assembly reference?)
93>D:\Work\IOS-IG-SimHost-FDP-2\Hrot\Subsystems\AI\Hrot.Hsm.Editor.Tests\FakeHsmSession.cs(52,25,52,42): error CS0246: The type or namespace name 'HsmGuardEvaluated' could not be found (are you missing a using directive or an assembly reference?)
93>D:\Work\IOS-IG-SimHost-FDP-2\Hrot\Subsystems\AI\Hrot.Hsm.Editor.Tests\FakeHsmSession.cs(53,25,53,38): error CS0246: The type or namespace name 'HsmTimerEvent' could not be found (are you missing a using directive or an assembly reference?)
93>D:\Work\IOS-IG-SimHost-FDP-2\Hrot\Subsystems\AI\Hrot.Hsm.Editor.Tests\HsmLinkValidatorTests.cs(17,45,17,55): error CS0246: The type or namespace name 'HsmBuilder' could not be found (are you missing a using directive or an assembly reference?)
93>D:\Work\IOS-IG-SimHost-FDP-2\Hrot\Subsystems\AI\Hrot.Hsm.Editor.Tests\HsmLinkValidatorTests.cs(17,20,17,28): error CS0246: The type or namespace name 'HsmAsset' could not be found (are you missing a using directive or an assembly reference?)
93>D:\Work\IOS-IG-SimHost-FDP-2\Hrot\Subsystems\AI\Hrot.Hsm.Editor.Tests\Blackboard\HsmBlackboardAggregatorTests.cs(40,40,40,53): error CS0246: The type or namespace name 'IAssetCatalog' could not be found (are you missing a using directive or an assembly reference?)
93>D:\Work\IOS-IG-SimHost-FDP-2\Hrot\Subsystems\AI\Hrot.Hsm.Editor.Tests\HsmFluentEmitterTests.cs(26,37,26,45): error CS0246: The type or namespace name 'HsmAsset' could not be found (are you missing a using directive or an assembly reference?)
93>D:\Work\IOS-IG-SimHost-FDP-2\Hrot\Subsystems\AI\Hrot.Hsm.Editor.Tests\Host\HsmBreakpointWiringTests.cs(35,28,35,40): error CS0246: The type or namespace name 'BreakpointId' could not be found (are you missing a using directive or an assembly reference?)
93>D:\Work\IOS-IG-SimHost-FDP-2\Hrot\Subsystems\AI\Hrot.Hsm.Editor.Tests\HsmOrchestratorEmitterTests.cs(33,20,33,42): error CS0246: The type or namespace name 'BlackboardAliasBinding' could not be found (are you missing a using directive or an assembly reference?)
93>D:\Work\IOS-IG-SimHost-FDP-2\Hrot\Subsystems\AI\Hrot.Hsm.Editor.Tests\HsmQuickReloadHasherTests.cs(11,20,11,37): error CS0246: The type or namespace name 'HsmDefinitionBlob' could not be found (are you missing a using directive or an assembly reference?)
93>D:\Work\IOS-IG-SimHost-FDP-2\Hrot\Subsystems\AI\Hrot.Hsm.Editor.Tests\HsmLcaTests.cs(16,79,16,89): error CS0246: The type or namespace name 'HsmBuilder' could not be found (are you missing a using directive or an assembly reference?)
93>D:\Work\IOS-IG-SimHost-FDP-2\Hrot\Subsystems\AI\Hrot.Hsm.Editor.Tests\HsmLcaTests.cs(16,21,16,38): error CS0246: The type or namespace name 'HsmDefinitionBlob' could not be found (are you missing a using directive or an assembly reference?)
93>D:\Work\IOS-IG-SimHost-FDP-2\Hrot\Subsystems\AI\Hrot.Hsm.Editor.Tests\HsmLcaTests.cs(16,45,16,60): error CS0246: The type or namespace name 'MachineMetadata' could not be found (are you missing a using directive or an assembly reference?)
93>D:\Work\IOS-IG-SimHost-FDP-2\Hrot\Subsystems\AI\Hrot.Hsm.Editor.Tests\Host\HsmTransitionSnapHelperTests.cs(13,20,13,28): error CS0246: The type or namespace name 'HsmAsset' could not be found (are you missing a using directive or an assembly reference?)
93>D:\Work\IOS-IG-SimHost-FDP-2\Hrot\Subsystems\AI\Hrot.Hsm.Editor.Tests\FakeHsmSession.cs(14,27,14,37): error CS0246: The type or namespace name 'Breakpoint' could not be found (are you missing a using directive or an assembly reference?)
93>D:\Work\IOS-IG-SimHost-FDP-2\Hrot\Subsystems\AI\Hrot.Hsm.Editor.Tests\Host\HsmBreakpointWiringTests.cs(36,32,36,44): error CS0246: The type or namespace name 'BreakpointId' could not be found (are you missing a using directive or an assembly reference?)
93>D:\Work\IOS-IG-SimHost-FDP-2\Hrot\Subsystems\AI\Hrot.Hsm.Editor.Tests\Blackboard\HsmBlackboardAggregatorTests.cs(42,30,42,44): error CS0246: The type or namespace name 'IEditableAsset' could not be found (are you missing a using directive or an assembly reference?)
93>D:\Work\IOS-IG-SimHost-FDP-2\Hrot\Subsystems\AI\Hrot.Hsm.Editor.Tests\HsmEditorHostServicesTests.cs(31,23,31,44): error CS0246: The type or namespace name 'ICustomCanvasRenderer' could not be found (are you missing a using directive or an assembly reference?)
93>D:\Work\IOS-IG-SimHost-FDP-2\Hrot\Subsystems\AI\Hrot.Hsm.Editor.Tests\HsmEditorHostServicesTests.cs(32,9,32,22): error CS0246: The type or namespace name 'IDebugSession' could not be found (are you missing a using directive or an assembly reference?)
93>D:\Work\IOS-IG-SimHost-FDP-2\Hrot\Subsystems\AI\Hrot.Hsm.Editor.Tests\HsmEditorHostServicesTests.cs(30,20,30,41): error CS0246: The type or namespace name 'HsmEditorHostServices' could not be found (are you missing a using directive or an assembly reference?)
93>D:\Work\IOS-IG-SimHost-FDP-2\Hrot\Subsystems\AI\Hrot.Hsm.Editor.Tests\HsmLinkValidatorTests.cs(27,36,27,45): error CS0246: The type or namespace name 'StateNode' could not be found (are you missing a using directive or an assembly reference?)
93>D:\Work\IOS-IG-SimHost-FDP-2\Hrot\Subsystems\AI\Hrot.Hsm.Editor.Tests\HsmLinkValidatorTests.cs(27,20,27,25): error CS0246: The type or namespace name 'PinId' could not be found (are you missing a using directive or an assembly reference?)
93>D:\Work\IOS-IG-SimHost-FDP-2\Hrot\Subsystems\AI\Hrot.Hsm.Editor.Tests\Blackboard\HsmBlackboardAggregatorTests.cs(43,16,43,30): error CS0246: The type or namespace name 'IEditableAsset' could not be found (are you missing a using directive or an assembly reference?)
93>D:\Work\IOS-IG-SimHost-FDP-2\Hrot\Subsystems\AI\Hrot.Hsm.Editor.Tests\HsmGraphModelTests.cs(18,79,18,89): error CS0246: The type or namespace name 'HsmBuilder' could not be found (are you missing a using directive or an assembly reference?)
93>D:\Work\IOS-IG-SimHost-FDP-2\Hrot\Subsystems\AI\Hrot.Hsm.Editor.Tests\HsmGraphModelTests.cs(18,21,18,38): error CS0246: The type or namespace name 'HsmDefinitionBlob' could not be found (are you missing a using directive or an assembly reference?)
93>D:\Work\IOS-IG-SimHost-FDP-2\Hrot\Subsystems\AI\Hrot.Hsm.Editor.Tests\HsmGraphModelTests.cs(18,45,18,60): error CS0246: The type or namespace name 'MachineMetadata' could not be found (are you missing a using directive or an assembly reference?)
93>D:\Work\IOS-IG-SimHost-FDP-2\Hrot\Subsystems\AI\Hrot.Hsm.Editor.Tests\Host\HsmBreakpointWiringTests.cs(37,37,37,49): error CS0246: The type or namespace name 'BreakpointId' could not be found (are you missing a using directive or an assembly reference?)
93>D:\Work\IOS-IG-SimHost-FDP-2\Hrot\Subsystems\AI\Hrot.Hsm.Editor.Tests\Host\HsmBreakpointWiringTests.cs(37,54,37,72): error CS0246: The type or namespace name 'SearchPredicateDto' could not be found (are you missing a using directive or an assembly reference?)
93>D:\Work\IOS-IG-SimHost-FDP-2\Hrot\Subsystems\AI\Hrot.Hsm.Editor.Tests\HsmLcaTests.cs(26,37,26,54): error CS0246: The type or namespace name 'HsmDefinitionBlob' could not be found (are you missing a using directive or an assembly reference?)
93>D:\Work\IOS-IG-SimHost-FDP-2\Hrot\Subsystems\AI\Hrot.Hsm.Editor.Tests\HsmLcaTests.cs(26,61,26,76): error CS0246: The type or namespace name 'MachineMetadata' could not be found (are you missing a using directive or an assembly reference?)
93>D:\Work\IOS-IG-SimHost-FDP-2\Hrot\Subsystems\AI\Hrot.Hsm.Editor.Tests\HsmLcaTests.cs(26,20,26,28): error CS0246: The type or namespace name 'HsmAsset' could not be found (are you missing a using directive or an assembly reference?)
93>D:\Work\IOS-IG-SimHost-FDP-2\Hrot\Subsystems\AI\Hrot.Hsm.Editor.Tests\HsmLinkValidatorTests.cs(30,35,30,44): error CS0246: The type or namespace name 'StateNode' could not be found (are you missing a using directive or an assembly reference?)
93>D:\Work\IOS-IG-SimHost-FDP-2\Hrot\Subsystems\AI\Hrot.Hsm.Editor.Tests\HsmLinkValidatorTests.cs(30,20,30,25): error CS0246: The type or namespace name 'PinId' could not be found (are you missing a using directive or an assembly reference?)
93>D:\Work\IOS-IG-SimHost-FDP-2\Hrot\Subsystems\AI\Hrot.Hsm.Editor.Tests\HsmEditorHostServicesTests.cs(52,47,52,62): error CS0246: The type or namespace name 'IPickerRegistry' could not be found (are you missing a using directive or an assembly reference?)
93>D:\Work\IOS-IG-SimHost-FDP-2\Hrot\Subsystems\AI\Hrot.Hsm.Editor.Tests\Blackboard\HsmBlackboardAggregatorTests.cs(44,16,44,30): error CS0246: The type or namespace name 'IEditableAsset' could not be found (are you missing a using directive or an assembly reference?)
93>D:\Work\IOS-IG-SimHost-FDP-2\Hrot\Subsystems\AI\Hrot.Hsm.Editor.Tests\Host\HsmBreakpointWiringTests.cs(38,33,38,45): error CS0246: The type or namespace name 'BreakpointId' could not be found (are you missing a using directive or an assembly reference?)
93>D:\Work\IOS-IG-SimHost-FDP-2\Hrot\Subsystems\AI\Hrot.Hsm.Editor.Tests\HsmRendererRegistrationTests.cs(17,20,17,28): error CS0246: The type or namespace name 'HsmAsset' could not be found (are you missing a using directive or an assembly reference?)
93>D:\Work\IOS-IG-SimHost-FDP-2\Hrot\Subsystems\AI\Hrot.Hsm.Editor.Tests\Host\HsmDocumentFactoryTests.cs(44,37,44,54): error CS0246: The type or namespace name 'HsmDefinitionBlob' could not be found (are you missing a using directive or an assembly reference?)
93>D:\Work\IOS-IG-SimHost-FDP-2\Hrot\Subsystems\AI\Hrot.Hsm.Editor.Tests\Host\HsmDocumentFactoryTests.cs(44,61,44,76): error CS0246: The type or namespace name 'MachineMetadata' could not be found (are you missing a using directive or an assembly reference?)
93>D:\Work\IOS-IG-SimHost-FDP-2\Hrot\Subsystems\AI\Hrot.Hsm.Editor.Tests\Host\HsmDocumentFactoryTests.cs(44,20,44,28): error CS0246: The type or namespace name 'HsmAsset' could not be found (are you missing a using directive or an assembly reference?)
93>D:\Work\IOS-IG-SimHost-FDP-2\Hrot\Subsystems\AI\Hrot.Hsm.Editor.Tests\Blackboard\HsmBlackboardAggregatorTests.cs(45,30,45,44): error CS0246: The type or namespace name 'IEditableAsset' could not be found (are you missing a using directive or an assembly reference?)
93>D:\Work\IOS-IG-SimHost-FDP-2\Hrot\Subsystems\AI\Hrot.Hsm.Editor.Tests\HsmStepControlTests.cs(9,36,9,55): error CS0246: The type or namespace name 'AiTracerCoordinator' could not be found (are you missing a using directive or an assembly reference?)
93>D:\Work\IOS-IG-SimHost-FDP-2\Hrot\Subsystems\AI\Hrot.Hsm.Editor.Tests\Host\HsmDocumentFactoryTests.cs(48,20,48,28): error CS0246: The type or namespace name 'HsmAsset' could not be found (are you missing a using directive or an assembly reference?)
93>D:\Work\IOS-IG-SimHost-FDP-2\Hrot\Subsystems\AI\Hrot.Hsm.Editor.Tests\HsmLcaTests.cs(34,60,34,70): error CS0246: The type or namespace name 'HsmBuilder' could not be found (are you missing a using directive or an assembly reference?)
93>D:\Work\IOS-IG-SimHost-FDP-2\Hrot\Subsystems\AI\Hrot.Hsm.Editor.Tests\HsmLcaTests.cs(34,20,34,28): error CS0246: The type or namespace name 'HsmAsset' could not be found (are you missing a using directive or an assembly reference?)
93>D:\Work\IOS-IG-SimHost-FDP-2\Hrot\Subsystems\AI\Hrot.Hsm.Editor.Tests\FakeHsmSession.cs(19,12,19,22): error CS0246: The type or namespace name 'Breakpoint' could not be found (are you missing a using directive or an assembly reference?)
93>D:\Work\IOS-IG-SimHost-FDP-2\Hrot\Subsystems\AI\Hrot.Hsm.Editor.Tests\HsmRegionConflictsRendererTests.cs(20,44,20,53): error CS0246: The type or namespace name 'StateNode' could not be found (are you missing a using directive or an assembly reference?)
93>D:\Work\IOS-IG-SimHost-FDP-2\Hrot\Subsystems\AI\Hrot.Hsm.Editor.Tests\HsmRegionConflictsRendererTests.cs(20,20,20,28): error CS0246: The type or namespace name 'HsmAsset' could not be found (are you missing a using directive or an assembly reference?)
93>D:\Work\IOS-IG-SimHost-FDP-2\Hrot\Subsystems\AI\Hrot.Hsm.Editor.Tests\HsmGraphModelTests.cs(28,37,28,54): error CS0246: The type or namespace name 'HsmDefinitionBlob' could not be found (are you missing a using directive or an assembly reference?)
93>D:\Work\IOS-IG-SimHost-FDP-2\Hrot\Subsystems\AI\Hrot.Hsm.Editor.Tests\HsmGraphModelTests.cs(28,61,28,76): error CS0246: The type or namespace name 'MachineMetadata' could not be found (are you missing a using directive or an assembly reference?)
93>D:\Work\IOS-IG-SimHost-FDP-2\Hrot\Subsystems\AI\Hrot.Hsm.Editor.Tests\HsmGraphModelTests.cs(28,20,28,28): error CS0246: The type or namespace name 'HsmAsset' could not be found (are you missing a using directive or an assembly reference?)
93>D:\Work\IOS-IG-SimHost-FDP-2\Hrot\Subsystems\AI\Hrot.Hsm.Editor.Tests\Host\HsmBreakpointWiringTests.cs(43,35,43,41): error CS0246: The type or namespace name 'Entity' could not be found (are you missing a using directive or an assembly reference?)
93>D:\Work\IOS-IG-SimHost-FDP-2\Hrot\Subsystems\AI\Hrot.Hsm.Editor.Tests\HsmEditorHostServicesTests.cs(54,55,54,75): error CS0246: The type or namespace name 'IPickerSource<>' could not be found (are you missing a using directive or an assembly reference?)
93>D:\Work\IOS-IG-SimHost-FDP-2\Hrot\Subsystems\AI\Hrot.Hsm.Editor.Tests\Host\HsmDocumentFactoryTests.cs(56,20,56,28): error CS0246: The type or namespace name 'HsmAsset' could not be found (are you missing a using directive or an assembly reference?)
93>D:\Work\IOS-IG-SimHost-FDP-2\Hrot\Subsystems\AI\Hrot.Hsm.Editor.Tests\FakeHsmSession.cs(20,12,20,18): error CS0246: The type or namespace name 'Entity' could not be found (are you missing a using directive or an assembly reference?)
93>D:\Work\IOS-IG-SimHost-FDP-2\Hrot\Subsystems\AI\Hrot.Hsm.Editor.Tests\Host\HsmDocumentFactoryTests.cs(66,20,66,28): error CS0246: The type or namespace name 'HsmAsset' could not be found (are you missing a using directive or an assembly reference?)
93>D:\Work\IOS-IG-SimHost-FDP-2\Hrot\Subsystems\AI\Hrot.Hsm.Editor.Tests\HsmRegionConflictsRendererTests.cs(34,20,34,33): error CS0246: The type or namespace name 'HsmDiagnostic' could not be found (are you missing a using directive or an assembly reference?)
93>D:\Work\IOS-IG-SimHost-FDP-2\Hrot\Subsystems\AI\Hrot.Hsm.Editor.Tests\HsmEditorHostServicesTests.cs(55,16,55,36): error CS0246: The type or namespace name 'IPickerSource<>' could not be found (are you missing a using directive or an assembly reference?)
93>D:\Work\IOS-IG-SimHost-FDP-2\Hrot\Subsystems\AI\Hrot.Hsm.Editor.Tests\Host\HsmBreakpointWiringTests.cs(44,27,44,37): error CS0246: The type or namespace name 'Breakpoint' could not be found (are you missing a using directive or an assembly reference?)
93>D:\Work\IOS-IG-SimHost-FDP-2\Hrot\Subsystems\AI\Hrot.Hsm.Editor.Tests\Host\HsmBreakpointWiringTests.cs(44,42,44,48): error CS0246: The type or namespace name 'Entity' could not be found (are you missing a using directive or an assembly reference?)
93>D:\Work\IOS-IG-SimHost-FDP-2\Hrot\Subsystems\AI\Hrot.Hsm.Editor.Tests\FakeHsmSession.cs(24,31,24,41): error CS0246: The type or namespace name 'Breakpoint' could not be found (are you missing a using directive or an assembly reference?)
93>D:\Work\IOS-IG-SimHost-FDP-2\Hrot\Subsystems\AI\Hrot.Hsm.Editor.Tests\Host\HsmDocumentFactoryTests.cs(80,20,80,28): error CS0246: The type or namespace name 'HsmAsset' could not be found (are you missing a using directive or an assembly reference?)
93>D:\Work\IOS-IG-SimHost-FDP-2\Hrot\Subsystems\AI\Hrot.Hsm.Editor.Tests\Host\HsmBreakpointWiringTests.cs(47,47,47,53): error CS0246: The type or namespace name 'Entity' could not be found (are you missing a using directive or an assembly reference?)
93>D:\Work\IOS-IG-SimHost-FDP-2\Hrot\Subsystems\AI\Hrot.Hsm.Editor.Tests\FakeHsmSession.cs(26,26,26,36): error CS0246: The type or namespace name 'Breakpoint' could not be found (are you missing a using directive or an assembly reference?)
93>D:\Work\IOS-IG-SimHost-FDP-2\Hrot\Subsystems\AI\Hrot.Hsm.Editor.Tests\HsmSuppressionPersistenceTests.cs(17,79,17,89): error CS0246: The type or namespace name 'HsmBuilder' could not be found (are you missing a using directive or an assembly reference?)
93>D:\Work\IOS-IG-SimHost-FDP-2\Hrot\Subsystems\AI\Hrot.Hsm.Editor.Tests\HsmSuppressionPersistenceTests.cs(17,21,17,38): error CS0246: The type or namespace name 'HsmDefinitionBlob' could not be found (are you missing a using directive or an assembly reference?)
93>D:\Work\IOS-IG-SimHost-FDP-2\Hrot\Subsystems\AI\Hrot.Hsm.Editor.Tests\HsmSuppressionPersistenceTests.cs(17,45,17,60): error CS0246: The type or namespace name 'MachineMetadata' could not be found (are you missing a using directive or an assembly reference?)
93>D:\Work\IOS-IG-SimHost-FDP-2\Hrot\Subsystems\AI\Hrot.Hsm.Editor.Tests\HsmRegionConflictsRendererTests.cs(42,39,42,54): error CS0246: The type or namespace name 'IHitTestContext' could not be found (are you missing a using directive or an assembly reference?)
93>D:\Work\IOS-IG-SimHost-FDP-2\Hrot\Subsystems\AI\Hrot.Hsm.Editor.Tests\HsmTransitionLabelRendererTests.cs(19,9,19,23): error CS0246: The type or namespace name 'TransitionKind' could not be found (are you missing a using directive or an assembly reference?)
93>D:\Work\IOS-IG-SimHost-FDP-2\Hrot\Subsystems\AI\Hrot.Hsm.Editor.Tests\HsmTransitionLabelRendererTests.cs(13,20,13,34): error CS0246: The type or namespace name 'TransitionNode' could not be found (are you missing a using directive or an assembly reference?)
93>D:\Work\IOS-IG-SimHost-FDP-2\Hrot\Subsystems\AI\Hrot.Hsm.Editor.Tests\HsmEditorHostServicesTests.cs(60,42,60,52): error CS0246: The type or namespace name 'IClipboard' could not be found (are you missing a using directive or an assembly reference?)
93>D:\Work\IOS-IG-SimHost-FDP-2\Hrot\Subsystems\AI\Hrot.Hsm.Editor.Tests\Renderers\HsmHostServicesRuntimeOverlayTests.cs(27,13,27,34): error CS0246: The type or namespace name 'AiEditorAdapterBundle' could not be found (are you missing a using directive or an assembly reference?)
93>D:\Work\IOS-IG-SimHost-FDP-2\Hrot\Subsystems\AI\Hrot.Hsm.Editor.Tests\Host\HsmDocumentFactoryTests.cs(26,22,26,31): error CS0246: The type or namespace name 'IconAtlas' could not be found (are you missing a using directive or an assembly reference?)
93>D:\Work\IOS-IG-SimHost-FDP-2\Hrot\Subsystems\AI\Hrot.Hsm.Editor.Tests\SaveHsmEmitTests.cs(26,20,26,28): error CS0246: The type or namespace name 'HsmAsset' could not be found (are you missing a using directive or an assembly reference?)
93>D:\Work\IOS-IG-SimHost-FDP-2\Hrot\Subsystems\AI\Hrot.Hsm.Editor.Tests\HsmSuppressionPersistenceTests.cs(27,20,27,28): error CS0246: The type or namespace name 'HsmAsset' could not be found (are you missing a using directive or an assembly reference?)
93>D:\Work\IOS-IG-SimHost-FDP-2\Hrot\Subsystems\AI\Hrot.Hsm.Editor.Tests\Inspector\HsmFacetDispatcherTests.cs(26,75,26,85): error CS0246: The type or namespace name 'HsmBuilder' could not be found (are you missing a using directive or an assembly reference?)
93>D:\Work\IOS-IG-SimHost-FDP-2\Hrot\Subsystems\AI\Hrot.Hsm.Editor.Tests\Inspector\HsmFacetDispatcherTests.cs(26,21,26,38): error CS0246: The type or namespace name 'HsmDefinitionBlob' could not be found (are you missing a using directive or an assembly reference?)
93>D:\Work\IOS-IG-SimHost-FDP-2\Hrot\Subsystems\AI\Hrot.Hsm.Editor.Tests\Inspector\HsmFacetDispatcherTests.cs(26,45,26,60): error CS0246: The type or namespace name 'MachineMetadata' could not be found (are you missing a using directive or an assembly reference?)
93>D:\Work\IOS-IG-SimHost-FDP-2\Hrot\Subsystems\AI\Hrot.Hsm.Editor.Tests\Host\HsmBreakpointWiringTests.cs(51,16,51,31): error CS0246: The type or namespace name 'ISimulationView' could not be found (are you missing a using directive or an assembly reference?)
93>D:\Work\IOS-IG-SimHost-FDP-2\Hrot\Subsystems\AI\Hrot.Hsm.Editor.Tests\FakeHsmSession.cs(27,12,27,31): error CS0246: The type or namespace name 'HsmInstanceSnapshot' could not be found (are you missing a using directive or an assembly reference?)
93>D:\Work\IOS-IG-SimHost-FDP-2\Hrot\Subsystems\AI\Hrot.Hsm.Editor.Tests\HsmRegionConflictsRendererTests.cs(44,16,44,29): error CS0246: The type or namespace name 'ViewportState' could not be found (are you missing a using directive or an assembly reference?)
93>D:\Work\IOS-IG-SimHost-FDP-2\Hrot\Subsystems\AI\Hrot.Hsm.Editor.Tests\HsmGraphModelTests.cs(291,9,291,23): error CS0246: The type or namespace name 'TransitionKind' could not be found (are you missing a using directive or an assembly reference?)
93>D:\Work\IOS-IG-SimHost-FDP-2\Hrot\Subsystems\AI\Hrot.Hsm.Editor.Tests\HsmGraphModelTests.cs(290,21,290,30): error CS0246: The type or namespace name 'StateNode' could not be found (are you missing a using directive or an assembly reference?)
93>D:\Work\IOS-IG-SimHost-FDP-2\Hrot\Subsystems\AI\Hrot.Hsm.Editor.Tests\HsmGraphModelTests.cs(290,36,290,45): error CS0246: The type or namespace name 'StateNode' could not be found (are you missing a using directive or an assembly reference?)
93>D:\Work\IOS-IG-SimHost-FDP-2\Hrot\Subsystems\AI\Hrot.Hsm.Editor.Tests\HsmGraphModelTests.cs(290,51,290,65): error CS0246: The type or namespace name 'TransitionNode' could not be found (are you missing a using directive or an assembly reference?)
93>D:\Work\IOS-IG-SimHost-FDP-2\Hrot\Subsystems\AI\Hrot.Hsm.Editor.Tests\Host\HsmDocumentFactoryTests.cs(250,43,250,57): error CS0246: The type or namespace name 'IEditableAsset' could not be found (are you missing a using directive or an assembly reference?)
93>D:\Work\IOS-IG-SimHost-FDP-2\Hrot\Subsystems\AI\Hrot.Hsm.Editor.Tests\Inspector\HsmFacetDispatcherTests.cs(34,20,34,28): error CS0246: The type or namespace name 'HsmAsset' could not be found (are you missing a using directive or an assembly reference?)
93>D:\Work\IOS-IG-SimHost-FDP-2\Hrot\Subsystems\AI\Hrot.Hsm.Editor.Tests\HsmEditorHostServicesTests.cs(66,45,66,58): error CS0246: The type or namespace name 'IIconProvider' could not be found (are you missing a using directive or an assembly reference?)
93>D:\Work\IOS-IG-SimHost-FDP-2\Hrot\Subsystems\AI\Hrot.Hsm.Editor.Tests\FakeHsmSession.cs(28,26,28,40): error CS0246: The type or namespace name 'HsmTraceRecord' could not be found (are you missing a using directive or an assembly reference?)
93>D:\Work\IOS-IG-SimHost-FDP-2\Hrot\Subsystems\AI\Hrot.Hsm.Editor.Tests\HsmGraphModelTests.cs(305,20,305,28): error CS0246: The type or namespace name 'HsmAsset' could not be found (are you missing a using directive or an assembly reference?)
93>D:\Work\IOS-IG-SimHost-FDP-2\Hrot\Subsystems\AI\Hrot.Hsm.Editor.Tests\Validation\HsmAssetValidatorTests.cs(27,44,27,50): error CS0234: The type or namespace name 'Editor' does not exist in the namespace 'Hrot' (are you missing an assembly reference?)
93>D:\Work\IOS-IG-SimHost-FDP-2\Hrot\Subsystems\AI\Hrot.Hsm.Editor.Tests\HsmRegionConflictsRendererTests.cs(45,16,45,27): error CS0246: The type or namespace name 'IGraphModel' could not be found (are you missing a using directive or an assembly reference?)
93>D:\Work\IOS-IG-SimHost-FDP-2\Hrot\Subsystems\AI\Hrot.Hsm.Editor.Tests\Renderers\HsmHostServicesRuntimeOverlayTests.cs(29,75,29,85): error CS0246: The type or namespace name 'HsmBuilder' could not be found (are you missing a using directive or an assembly reference?)
93>D:\Work\IOS-IG-SimHost-FDP-2\Hrot\Subsystems\AI\Hrot.Hsm.Editor.Tests\Renderers\HsmHostServicesRuntimeOverlayTests.cs(29,21,29,38): error CS0246: The type or namespace name 'HsmDefinitionBlob' could not be found (are you missing a using directive or an assembly reference?)
93>D:\Work\IOS-IG-SimHost-FDP-2\Hrot\Subsystems\AI\Hrot.Hsm.Editor.Tests\Renderers\HsmHostServicesRuntimeOverlayTests.cs(29,45,29,60): error CS0246: The type or namespace name 'MachineMetadata' could not be found (are you missing a using directive or an assembly reference?)
94>D:\Work\IOS-IG-SimHost-FDP-2\Hrot\Subsystems\Hrot.Animation.Network.Integration.Tests\Data\TestData.cs(2,12,2,27): error CS0234: The type or namespace name 'MuscleCharacter' does not exist in the namespace 'Hrot' (are you missing an assembly reference?)
94>D:\Work\IOS-IG-SimHost-FDP-2\Hrot\Subsystems\Hrot.Animation.Network.Integration.Tests\Data\TestData.cs(3,12,3,27): error CS0234: The type or namespace name 'MuscleCharacter' does not exist in the namespace 'Hrot' (are you missing an assembly reference?)
94>D:\Work\IOS-IG-SimHost-FDP-2\Hrot\Subsystems\Hrot.Animation.Network.Integration.Tests\Data\TestData.cs(4,12,4,27): error CS0234: The type or namespace name 'MuscleCharacter' does not exist in the namespace 'Hrot' (are you missing an assembly reference?)
94>D:\Work\IOS-IG-SimHost-FDP-2\Hrot\Subsystems\Hrot.Animation.Network.Integration.Tests\Data\TestData.cs(5,12,5,27): error CS0234: The type or namespace name 'MuscleCharacter' does not exist in the namespace 'Hrot' (are you missing an assembly reference?)
94>D:\Work\IOS-IG-SimHost-FDP-2\Hrot\Subsystems\Hrot.Animation.Network.Integration.Tests\Harness\AnimationNetworkLoopbackFixture.cs(3,7,3,10): error CS0246: The type or namespace name 'Fbt' could not be found (are you missing a using directive or an assembly reference?)
94>D:\Work\IOS-IG-SimHost-FDP-2\Hrot\Subsystems\Hrot.Animation.Network.Integration.Tests\Harness\AnimationNetworkLoopbackFixture.cs(4,7,4,10): error CS0246: The type or namespace name 'Fdp' could not be found (are you missing a using directive or an assembly reference?)
94>D:\Work\IOS-IG-SimHost-FDP-2\Hrot\Subsystems\Hrot.Animation.Network.Integration.Tests\Harness\AnimationNetworkLoopbackFixture.cs(5,7,5,10): error CS0246: The type or namespace name 'Fdp' could not be found (are you missing a using directive or an assembly reference?)
94>D:\Work\IOS-IG-SimHost-FDP-2\Hrot\Subsystems\Hrot.Animation.Network.Integration.Tests\Harness\AnimationNetworkLoopbackFixture.cs(6,7,6,10): error CS0246: The type or namespace name 'Fdp' could not be found (are you missing a using directive or an assembly reference?)
94>D:\Work\IOS-IG-SimHost-FDP-2\Hrot\Subsystems\Hrot.Animation.Network.Integration.Tests\Harness\AnimationNetworkLoopbackFixture.cs(7,7,7,10): error CS0246: The type or namespace name 'Fdp' could not be found (are you missing a using directive or an assembly reference?)
94>D:\Work\IOS-IG-SimHost-FDP-2\Hrot\Subsystems\Hrot.Animation.Network.Integration.Tests\Harness\AnimationNetworkLoopbackFixture.cs(8,7,8,10): error CS0246: The type or namespace name 'Fdp' could not be found (are you missing a using directive or an assembly reference?)
94>D:\Work\IOS-IG-SimHost-FDP-2\Hrot\Subsystems\Hrot.Animation.Network.Integration.Tests\Harness\AnimationNetworkLoopbackFixture.cs(9,7,9,10): error CS0246: The type or namespace name 'Fdp' could not be found (are you missing a using directive or an assembly reference?)
94>D:\Work\IOS-IG-SimHost-FDP-2\Hrot\Subsystems\Hrot.Animation.Network.Integration.Tests\Harness\AnimationNetworkLoopbackFixture.cs(10,22,10,33): error CS0234: The type or namespace name 'Replication' does not exist in the namespace 'Hrot.Animation' (are you missing an assembly reference?)
94>D:\Work\IOS-IG-SimHost-FDP-2\Hrot\Subsystems\Hrot.Animation.Network.Integration.Tests\Harness\AnimationNetworkLoopbackFixture.cs(11,22,11,33): error CS0234: The type or namespace name 'Replication' does not exist in the namespace 'Hrot.Animation' (are you missing an assembly reference?)
94>D:\Work\IOS-IG-SimHost-FDP-2\Hrot\Subsystems\Hrot.Animation.Network.Integration.Tests\Harness\AnimationNetworkLoopbackFixture.cs(12,22,12,33): error CS0234: The type or namespace name 'Replication' does not exist in the namespace 'Hrot.Animation' (are you missing an assembly reference?)
94>D:\Work\IOS-IG-SimHost-FDP-2\Hrot\Subsystems\Hrot.Animation.Network.Integration.Tests\Harness\AnimationNetworkLoopbackFixture.cs(13,22,13,33): error CS0234: The type or namespace name 'Replication' does not exist in the namespace 'Hrot.Animation' (are you missing an assembly reference?)
94>D:\Work\IOS-IG-SimHost-FDP-2\Hrot\Subsystems\Hrot.Animation.Network.Integration.Tests\Harness\AnimationNetworkLoopbackFixture.cs(14,22,14,33): error CS0234: The type or namespace name 'Replication' does not exist in the namespace 'Hrot.Animation' (are you missing an assembly reference?)
94>D:\Work\IOS-IG-SimHost-FDP-2\Hrot\Subsystems\Hrot.Animation.Network.Integration.Tests\Harness\AnimationNetworkLoopbackFixture.cs(15,12,15,27): error CS0234: The type or namespace name 'MuscleCharacter' does not exist in the namespace 'Hrot' (are you missing an assembly reference?)
94>D:\Work\IOS-IG-SimHost-FDP-2\Hrot\Subsystems\Hrot.Animation.Network.Integration.Tests\Harness\AnimationNetworkLoopbackFixture.cs(16,12,16,27): error CS0234: The type or namespace name 'MuscleCharacter' does not exist in the namespace 'Hrot' (are you missing an assembly reference?)
94>D:\Work\IOS-IG-SimHost-FDP-2\Hrot\Subsystems\Hrot.Animation.Network.Integration.Tests\Harness\AnimationNetworkLoopbackFixture.cs(17,12,17,27): error CS0234: The type or namespace name 'MuscleCharacter' does not exist in the namespace 'Hrot' (are you missing an assembly reference?)
94>D:\Work\IOS-IG-SimHost-FDP-2\Hrot\Subsystems\Hrot.Animation.Network.Integration.Tests\Harness\AnimationNetworkLoopbackFixture.cs(18,12,18,27): error CS0234: The type or namespace name 'MuscleCharacter' does not exist in the namespace 'Hrot' (are you missing an assembly reference?)
94>D:\Work\IOS-IG-SimHost-FDP-2\Hrot\Subsystems\Hrot.Animation.Network.Integration.Tests\Harness\AnimationNetworkLoopbackFixture.cs(19,12,19,27): error CS0234: The type or namespace name 'MuscleCharacter' does not exist in the namespace 'Hrot' (are you missing an assembly reference?)
94>D:\Work\IOS-IG-SimHost-FDP-2\Hrot\Subsystems\Hrot.Animation.Network.Integration.Tests\Harness\AnimationNetworkLoopbackFixture.cs(20,12,20,27): error CS0234: The type or namespace name 'MuscleCharacter' does not exist in the namespace 'Hrot' (are you missing an assembly reference?)
94>D:\Work\IOS-IG-SimHost-FDP-2\Hrot\Subsystems\Hrot.Animation.Network.Integration.Tests\Harness\AnimationNetworkLoopbackFixture.cs(21,12,21,27): error CS0234: The type or namespace name 'MuscleCharacter' does not exist in the namespace 'Hrot' (are you missing an assembly reference?)
94>D:\Work\IOS-IG-SimHost-FDP-2\Hrot\Subsystems\Hrot.Animation.Network.Integration.Tests\Harness\AnimationTestHelpers.cs(2,7,2,10): error CS0246: The type or namespace name 'Fdp' could not be found (are you missing a using directive or an assembly reference?)
94>D:\Work\IOS-IG-SimHost-FDP-2\Hrot\Subsystems\Hrot.Animation.Network.Integration.Tests\Harness\AnimationTestHelpers.cs(3,12,3,27): error CS0234: The type or namespace name 'MuscleCharacter' does not exist in the namespace 'Hrot' (are you missing an assembly reference?)
94>D:\Work\IOS-IG-SimHost-FDP-2\Hrot\Subsystems\Hrot.Animation.Network.Integration.Tests\Harness\AnimationTestHelpers.cs(4,12,4,27): error CS0234: The type or namespace name 'MuscleCharacter' does not exist in the namespace 'Hrot' (are you missing an assembly reference?)
94>D:\Work\IOS-IG-SimHost-FDP-2\Hrot\Subsystems\Hrot.Animation.Network.Integration.Tests\NetworkedAnimationScenarios.cs(3,7,3,10): error CS0246: The type or namespace name 'Fbt' could not be found (are you missing a using directive or an assembly reference?)
94>D:\Work\IOS-IG-SimHost-FDP-2\Hrot\Subsystems\Hrot.Animation.Network.Integration.Tests\NetworkedAnimationScenarios.cs(4,7,4,10): error CS0246: The type or namespace name 'Fdp' could not be found (are you missing a using directive or an assembly reference?)
94>D:\Work\IOS-IG-SimHost-FDP-2\Hrot\Subsystems\Hrot.Animation.Network.Integration.Tests\NetworkedAnimationScenarios.cs(5,7,5,10): error CS0246: The type or namespace name 'Fdp' could not be found (are you missing a using directive or an assembly reference?)
94>D:\Work\IOS-IG-SimHost-FDP-2\Hrot\Subsystems\Hrot.Animation.Network.Integration.Tests\NetworkedAnimationScenarios.cs(6,12,6,27): error CS0234: The type or namespace name 'MuscleCharacter' does not exist in the namespace 'Hrot' (are you missing an assembly reference?)
94>D:\Work\IOS-IG-SimHost-FDP-2\Hrot\Subsystems\Hrot.Animation.Network.Integration.Tests\NetworkedAnimationScenarios.cs(7,12,7,27): error CS0234: The type or namespace name 'MuscleCharacter' does not exist in the namespace 'Hrot' (are you missing an assembly reference?)
94>D:\Work\IOS-IG-SimHost-FDP-2\Hrot\Subsystems\Hrot.Animation.Network.Integration.Tests\NetworkedAnimationScenarios.cs(8,12,8,27): error CS0234: The type or namespace name 'MuscleCharacter' does not exist in the namespace 'Hrot' (are you missing an assembly reference?)
94>D:\Work\IOS-IG-SimHost-FDP-2\Hrot\Subsystems\Hrot.Animation.Network.Integration.Tests\Data\TestData.cs(45,19,45,43): error CS0246: The type or namespace name 'CharacterAnimationDefDto' could not be found (are you missing a using directive or an assembly reference?)
94>D:\Work\IOS-IG-SimHost-FDP-2\Hrot\Subsystems\Hrot.Animation.Network.Integration.Tests\Harness\AnimationTestHelpers.cs(20,9,20,15): error CS0246: The type or namespace name 'Entity' could not be found (are you missing a using directive or an assembly reference?)
94>D:\Work\IOS-IG-SimHost-FDP-2\Hrot\Subsystems\Hrot.Animation.Network.Integration.Tests\Harness\AnimationTestHelpers.cs(22,9,22,25): error CS0246: The type or namespace name 'EntityRepository' could not be found (are you missing a using directive or an assembly reference?)
94>D:\Work\IOS-IG-SimHost-FDP-2\Hrot\Subsystems\Hrot.Animation.Network.Integration.Tests\Harness\AnimationNetworkLoopbackFixture.cs(52,12,52,28): error CS0246: The type or namespace name 'EntityRepository' could not be found (are you missing a using directive or an assembly reference?)
94>D:\Work\IOS-IG-SimHost-FDP-2\Hrot\Subsystems\Hrot.Animation.Network.Integration.Tests\Harness\AnimationNetworkLoopbackFixture.cs(55,12,55,28): error CS0246: The type or namespace name 'EntityRepository' could not be found (are you missing a using directive or an assembly reference?)
94>D:\Work\IOS-IG-SimHost-FDP-2\Hrot\Subsystems\Hrot.Animation.Network.Integration.Tests\Harness\AnimationTestHelpers.cs(47,9,47,15): error CS0246: The type or namespace name 'Entity' could not be found (are you missing a using directive or an assembly reference?)
94>D:\Work\IOS-IG-SimHost-FDP-2\Hrot\Subsystems\Hrot.Animation.Network.Integration.Tests\Harness\AnimationTestHelpers.cs(48,9,48,25): error CS0246: The type or namespace name 'EntityRepository' could not be found (are you missing a using directive or an assembly reference?)
94>D:\Work\IOS-IG-SimHost-FDP-2\Hrot\Subsystems\Hrot.Animation.Network.Integration.Tests\Harness\AnimationNetworkLoopbackFixture.cs(272,12,272,18): error CS0246: The type or namespace name 'Entity' could not be found (are you missing a using directive or an assembly reference?)
94>D:\Work\IOS-IG-SimHost-FDP-2\Hrot\Subsystems\Hrot.Animation.Network.Integration.Tests\Harness\AnimationTestHelpers.cs(70,9,70,15): error CS0246: The type or namespace name 'Entity' could not be found (are you missing a using directive or an assembly reference?)
94>D:\Work\IOS-IG-SimHost-FDP-2\Hrot\Subsystems\Hrot.Animation.Network.Integration.Tests\Harness\AnimationTestHelpers.cs(71,9,71,17): error CS0246: The type or namespace name 'StanceId' could not be found (are you missing a using directive or an assembly reference?)
94>D:\Work\IOS-IG-SimHost-FDP-2\Hrot\Subsystems\Hrot.Animation.Network.Integration.Tests\Harness\AnimationTestHelpers.cs(72,9,72,25): error CS0246: The type or namespace name 'EntityRepository' could not be found (are you missing a using directive or an assembly reference?)
94>D:\Work\IOS-IG-SimHost-FDP-2\Hrot\Subsystems\Hrot.Animation.Network.Integration.Tests\Harness\AnimationNetworkLoopbackFixture.cs(59,22,59,38): error CS0246: The type or namespace name 'NetworkEntityMap' could not be found (are you missing a using directive or an assembly reference?)
94>D:\Work\IOS-IG-SimHost-FDP-2\Hrot\Subsystems\Hrot.Animation.Network.Integration.Tests\Harness\AnimationTestHelpers.cs(86,9,86,15): error CS0246: The type or namespace name 'Entity' could not be found (are you missing a using directive or an assembly reference?)
94>D:\Work\IOS-IG-SimHost-FDP-2\Hrot\Subsystems\Hrot.Animation.Network.Integration.Tests\Harness\AnimationTestHelpers.cs(88,9,88,25): error CS0246: The type or namespace name 'EntityRepository' could not be found (are you missing a using directive or an assembly reference?)
94>D:\Work\IOS-IG-SimHost-FDP-2\Hrot\Subsystems\Hrot.Animation.Network.Integration.Tests\Harness\AnimationNetworkLoopbackFixture.cs(60,22,60,38): error CS0246: The type or namespace name 'NetworkEntityMap' could not be found (are you missing a using directive or an assembly reference?)
94>D:\Work\IOS-IG-SimHost-FDP-2\Hrot\Subsystems\Hrot.Animation.Network.Integration.Tests\Harness\AnimationNetworkLoopbackFixture.cs(64,22,64,42): error CS0246: The type or namespace name 'FakeAnimationBackend' could not be found (are you missing a using directive or an assembly reference?)
94>D:\Work\IOS-IG-SimHost-FDP-2\Hrot\Subsystems\Hrot.Animation.Network.Integration.Tests\Harness\AnimationTestHelpers.cs(118,9,118,15): error CS0246: The type or namespace name 'Entity' could not be found (are you missing a using directive or an assembly reference?)
94>D:\Work\IOS-IG-SimHost-FDP-2\Hrot\Subsystems\Hrot.Animation.Network.Integration.Tests\Harness\AnimationTestHelpers.cs(122,9,122,25): error CS0246: The type or namespace name 'EntityRepository' could not be found (are you missing a using directive or an assembly reference?)
94>D:\Work\IOS-IG-SimHost-FDP-2\Hrot\Subsystems\Hrot.Animation.Network.Integration.Tests\Harness\AnimationNetworkLoopbackFixture.cs(65,22,65,41): error CS0246: The type or namespace name 'BakedAnimationCache' could not be found (are you missing a using directive or an assembly reference?)
94>D:\Work\IOS-IG-SimHost-FDP-2\Hrot\Subsystems\Hrot.Animation.Network.Integration.Tests\Harness\AnimationTestHelpers.cs(146,50,146,56): error CS0246: The type or namespace name 'Entity' could not be found (are you missing a using directive or an assembly reference?)
94>D:\Work\IOS-IG-SimHost-FDP-2\Hrot\Subsystems\Hrot.Animation.Network.Integration.Tests\Harness\AnimationTestHelpers.cs(146,65,146,81): error CS0246: The type or namespace name 'EntityRepository' could not be found (are you missing a using directive or an assembly reference?)
94>D:\Work\IOS-IG-SimHost-FDP-2\Hrot\Subsystems\Hrot.Animation.Network.Integration.Tests\Harness\AnimationNetworkLoopbackFixture.cs(69,22,69,60): error CS0246: The type or namespace name 'AnimationCapabilityChangeReactorSystem' could not be found (are you missing a using directive or an assembly reference?)
94>D:\Work\IOS-IG-SimHost-FDP-2\Hrot\Subsystems\Hrot.Animation.Network.Integration.Tests\Harness\AnimationNetworkLoopbackFixture.cs(70,22,70,47): error CS0246: The type or namespace name 'AnimationDispatcherSystem' could not be found (are you missing a using directive or an assembly reference?)
94>D:\Work\IOS-IG-SimHost-FDP-2\Hrot\Subsystems\Hrot.Animation.Network.Integration.Tests\Harness\AnimationNetworkLoopbackFixture.cs(71,22,71,44): error CS0246: The type or namespace name 'LookAtDispatcherSystem' could not be found (are you missing a using directive or an assembly reference?)
94>D:\Work\IOS-IG-SimHost-FDP-2\Hrot\Subsystems\Hrot.Animation.Network.Integration.Tests\Harness\AnimationNetworkLoopbackFixture.cs(72,22,72,44): error CS0246: The type or namespace name 'StanceTransitionSystem' could not be found (are you missing a using directive or an assembly reference?)
94>D:\Work\IOS-IG-SimHost-FDP-2\Hrot\Subsystems\Hrot.Animation.Network.Integration.Tests\Harness\AnimationNetworkLoopbackFixture.cs(73,22,73,47): error CS0246: The type or namespace name 'MontageQueueAdvanceSystem' could not be found (are you missing a using directive or an assembly reference?)
94>D:\Work\IOS-IG-SimHost-FDP-2\Hrot\Subsystems\Hrot.Animation.Network.Integration.Tests\Harness\AnimationNetworkLoopbackFixture.cs(74,22,74,50): error CS0246: The type or namespace name 'AnimationRuntimeBridgeSystem' could not be found (are you missing a using directive or an assembly reference?)
94>D:\Work\IOS-IG-SimHost-FDP-2\Hrot\Subsystems\Hrot.Animation.Network.Integration.Tests\Harness\AnimationNetworkLoopbackFixture.cs(75,22,75,46): error CS0246: The type or namespace name 'NotifyEventEmitterSystem' could not be found (are you missing a using directive or an assembly reference?)
94>D:\Work\IOS-IG-SimHost-FDP-2\Hrot\Subsystems\Hrot.Animation.Network.Integration.Tests\Harness\AnimationNetworkLoopbackFixture.cs(76,22,76,50): error CS0246: The type or namespace name 'AnimationStateReporterSystem' could not be found (are you missing a using directive or an assembly reference?)
94>D:\Work\IOS-IG-SimHost-FDP-2\Hrot\Subsystems\Hrot.Animation.Network.Integration.Tests\Harness\AnimationNetworkLoopbackFixture.cs(77,22,77,51): error CS0246: The type or namespace name 'AnimationBackendCleanupSystem' could not be found (are you missing a using directive or an assembly reference?)
94>D:\Work\IOS-IG-SimHost-FDP-2\Hrot\Subsystems\Hrot.Animation.Network.Integration.Tests\Harness\AnimationNetworkLoopbackFixture.cs(81,38,81,63): error CS0246: The type or namespace name 'DdsAnimationChannelIntent' could not be found (are you missing a using directive or an assembly reference?)
94>D:\Work\IOS-IG-SimHost-FDP-2\Hrot\Subsystems\Hrot.Animation.Network.Integration.Tests\Harness\AnimationNetworkLoopbackFixture.cs(82,22,82,60): error CS0246: The type or namespace name 'AnimationChannelIntentEgressTranslator' could not be found (are you missing a using directive or an assembly reference?)
94>D:\Work\IOS-IG-SimHost-FDP-2\Hrot\Subsystems\Hrot.Animation.Network.Integration.Tests\Harness\AnimationNetworkLoopbackFixture.cs(84,38,84,60): error CS0246: The type or namespace name 'DdsLookAtChannelIntent' could not be found (are you missing a using directive or an assembly reference?)
94>D:\Work\IOS-IG-SimHost-FDP-2\Hrot\Subsystems\Hrot.Animation.Network.Integration.Tests\Harness\AnimationNetworkLoopbackFixture.cs(85,22,85,57): error CS0246: The type or namespace name 'LookAtChannelIntentEgressTranslator' could not be found (are you missing a using directive or an assembly reference?)
94>D:\Work\IOS-IG-SimHost-FDP-2\Hrot\Subsystems\Hrot.Animation.Network.Integration.Tests\Harness\AnimationNetworkLoopbackFixture.cs(87,38,87,53): error CS0246: The type or namespace name 'DdsStanceIntent' could not be found (are you missing a using directive or an assembly reference?)
94>D:\Work\IOS-IG-SimHost-FDP-2\Hrot\Subsystems\Hrot.Animation.Network.Integration.Tests\Harness\AnimationNetworkLoopbackFixture.cs(88,22,88,50): error CS0246: The type or namespace name 'StanceIntentEgressTranslator' could not be found (are you missing a using directive or an assembly reference?)
94>D:\Work\IOS-IG-SimHost-FDP-2\Hrot\Subsystems\Hrot.Animation.Network.Integration.Tests\Harness\AnimationNetworkLoopbackFixture.cs(90,38,90,53): error CS0246: The type or namespace name 'DdsMontageQueue' could not be found (are you missing a using directive or an assembly reference?)
94>D:\Work\IOS-IG-SimHost-FDP-2\Hrot\Subsystems\Hrot.Animation.Network.Integration.Tests\Harness\AnimationNetworkLoopbackFixture.cs(91,22,91,59): error CS0246: The type or namespace name 'AnimationMontageQueueEgressTranslator' could not be found (are you missing a using directive or an assembly reference?)
94>D:\Work\IOS-IG-SimHost-FDP-2\Hrot\Subsystems\Hrot.Animation.Network.Integration.Tests\Harness\AnimationNetworkLoopbackFixture.cs(95,22,95,61): error CS0246: The type or namespace name 'AnimationChannelIntentIngressTranslator' could not be found (are you missing a using directive or an assembly reference?)
94>D:\Work\IOS-IG-SimHost-FDP-2\Hrot\Subsystems\Hrot.Animation.Network.Integration.Tests\Harness\AnimationNetworkLoopbackFixture.cs(96,22,96,58): error CS0246: The type or namespace name 'LookAtChannelIntentIngressTranslator' could not be found (are you missing a using directive or an assembly reference?)
94>D:\Work\IOS-IG-SimHost-FDP-2\Hrot\Subsystems\Hrot.Animation.Network.Integration.Tests\Harness\AnimationNetworkLoopbackFixture.cs(97,22,97,51): error CS0246: The type or namespace name 'StanceIntentIngressTranslator' could not be found (are you missing a using directive or an assembly reference?)
94>D:\Work\IOS-IG-SimHost-FDP-2\Hrot\Subsystems\Hrot.Animation.Network.Integration.Tests\Harness\AnimationNetworkLoopbackFixture.cs(98,22,98,60): error CS0246: The type or namespace name 'AnimationMontageQueueIngressTranslator' could not be found (are you missing a using directive or an assembly reference?)
94>D:\Work\IOS-IG-SimHost-FDP-2\Hrot\Subsystems\Hrot.Animation.Network.Integration.Tests\Harness\AnimationNetworkLoopbackFixture.cs(102,38,102,63): error CS0246: The type or namespace name 'DdsAnimationChannelStatus' could not be found (are you missing a using directive or an assembly reference?)
94>D:\Work\IOS-IG-SimHost-FDP-2\Hrot\Subsystems\Hrot.Animation.Network.Integration.Tests\Harness\AnimationNetworkLoopbackFixture.cs(103,22,103,60): error CS0246: The type or namespace name 'AnimationChannelStatusEgressTranslator' could not be found (are you missing a using directive or an assembly reference?)
94>D:\Work\IOS-IG-SimHost-FDP-2\Hrot\Subsystems\Hrot.Animation.Network.Integration.Tests\Harness\AnimationNetworkLoopbackFixture.cs(105,38,105,60): error CS0246: The type or namespace name 'DdsLookAtChannelStatus' could not be found (are you missing a using directive or an assembly reference?)
94>D:\Work\IOS-IG-SimHost-FDP-2\Hrot\Subsystems\Hrot.Animation.Network.Integration.Tests\Harness\AnimationNetworkLoopbackFixture.cs(106,22,106,57): error CS0246: The type or namespace name 'LookAtChannelStatusEgressTranslator' could not be found (are you missing a using directive or an assembly reference?)
94>D:\Work\IOS-IG-SimHost-FDP-2\Hrot\Subsystems\Hrot.Animation.Network.Integration.Tests\Harness\AnimationNetworkLoopbackFixture.cs(108,38,108,53): error CS0246: The type or namespace name 'DdsStanceStatus' could not be found (are you missing a using directive or an assembly reference?)
94>D:\Work\IOS-IG-SimHost-FDP-2\Hrot\Subsystems\Hrot.Animation.Network.Integration.Tests\Harness\AnimationNetworkLoopbackFixture.cs(109,22,109,50): error CS0246: The type or namespace name 'StanceStatusEgressTranslator' could not be found (are you missing a using directive or an assembly reference?)
94>D:\Work\IOS-IG-SimHost-FDP-2\Hrot\Subsystems\Hrot.Animation.Network.Integration.Tests\Harness\AnimationNetworkLoopbackFixture.cs(113,22,113,61): error CS0246: The type or namespace name 'AnimationChannelStatusIngressTranslator' could not be found (are you missing a using directive or an assembly reference?)
94>D:\Work\IOS-IG-SimHost-FDP-2\Hrot\Subsystems\Hrot.Animation.Network.Integration.Tests\Harness\AnimationNetworkLoopbackFixture.cs(114,22,114,58): error CS0246: The type or namespace name 'LookAtChannelStatusIngressTranslator' could not be found (are you missing a using directive or an assembly reference?)
94>D:\Work\IOS-IG-SimHost-FDP-2\Hrot\Subsystems\Hrot.Animation.Network.Integration.Tests\Harness\AnimationNetworkLoopbackFixture.cs(115,22,115,51): error CS0246: The type or namespace name 'StanceStatusIngressTranslator' could not be found (are you missing a using directive or an assembly reference?)
94>D:\Work\IOS-IG-SimHost-FDP-2\Hrot\Subsystems\Hrot.Animation.Network.Integration.Tests\Harness\AnimationNetworkLoopbackFixture.cs(119,22,119,51): error CS0246: The type or namespace name 'MontageStartedEventTranslator' could not be found (are you missing a using directive or an assembly reference?)
94>D:\Work\IOS-IG-SimHost-FDP-2\Hrot\Subsystems\Hrot.Animation.Network.Integration.Tests\Harness\AnimationNetworkLoopbackFixture.cs(120,22,120,51): error CS0246: The type or namespace name 'MontageStartedEventTranslator' could not be found (are you missing a using directive or an assembly reference?)
94>D:\Work\IOS-IG-SimHost-FDP-2\Hrot\Subsystems\Hrot.Animation.Network.Integration.Tests\Harness\AnimationNetworkLoopbackFixture.cs(122,22,122,49): error CS0246: The type or namespace name 'MontageEndedEventTranslator' could not be found (are you missing a using directive or an assembly reference?)
94>D:\Work\IOS-IG-SimHost-FDP-2\Hrot\Subsystems\Hrot.Animation.Network.Integration.Tests\Harness\AnimationNetworkLoopbackFixture.cs(123,22,123,49): error CS0246: The type or namespace name 'MontageEndedEventTranslator' could not be found (are you missing a using directive or an assembly reference?)
94>D:\Work\IOS-IG-SimHost-FDP-2\Hrot\Subsystems\Hrot.Animation.Network.Integration.Tests\Harness\AnimationNetworkLoopbackFixture.cs(125,22,125,50): error CS0246: The type or namespace name 'StanceChangedEventTranslator' could not be found (are you missing a using directive or an assembly reference?)
94>D:\Work\IOS-IG-SimHost-FDP-2\Hrot\Subsystems\Hrot.Animation.Network.Integration.Tests\Harness\AnimationNetworkLoopbackFixture.cs(126,22,126,50): error CS0246: The type or namespace name 'StanceChangedEventTranslator' could not be found (are you missing a using directive or an assembly reference?)
94>D:\Work\IOS-IG-SimHost-FDP-2\Hrot\Subsystems\Hrot.Animation.Network.Integration.Tests\Harness\AnimationNetworkLoopbackFixture.cs(128,22,128,47): error CS0246: The type or namespace name 'AnimNotifyEventTranslator' could not be found (are you missing a using directive or an assembly reference?)
94>D:\Work\IOS-IG-SimHost-FDP-2\Hrot\Subsystems\Hrot.Animation.Network.Integration.Tests\Harness\AnimationNetworkLoopbackFixture.cs(129,22,129,47): error CS0246: The type or namespace name 'AnimNotifyEventTranslator' could not be found (are you missing a using directive or an assembly reference?)
94>D:\Work\IOS-IG-SimHost-FDP-2\Hrot\Subsystems\Hrot.Animation.Network.Integration.Tests\Harness\AnimationNetworkLoopbackFixture.cs(523,48,523,65): error CS0246: The type or namespace name 'IAnimDdsWriter<>' could not be found (are you missing a using directive or an assembly reference?)
94>Done building project "Hrot.Animation.Network.Integration.Tests.csproj" -- FAILED.
93>D:\Work\IOS-IG-SimHost-FDP-2\Hrot\Subsystems\AI\Hrot.Hsm.Editor.Tests\HsmGraphModelTests.cs(313,20,313,28): error CS0246: The type or namespace name 'HsmAsset' could not be found (are you missing a using directive or an assembly reference?)
93>D:\Work\IOS-IG-SimHost-FDP-2\Hrot\Subsystems\AI\Hrot.Hsm.Editor.Tests\Host\HsmDocumentFactoryTests.cs(254,16,254,25): error CS0246: The type or namespace name 'AssetKind' could not be found (are you missing a using directive or an assembly reference?)
93>D:\Work\IOS-IG-SimHost-FDP-2\Hrot\Subsystems\AI\Hrot.Hsm.Editor.Tests\HsmEditorHostServicesTests.cs(68,44,68,54): error CS0246: The type or namespace name 'IconHandle' could not be found (are you missing a using directive or an assembly reference?)
93>D:\Work\IOS-IG-SimHost-FDP-2\Hrot\Subsystems\AI\Hrot.Hsm.Editor.Tests\FakeHsmSession.cs(30,26,30,32): error CS0246: The type or namespace name 'Entity' could not be found (are you missing a using directive or an assembly reference?)
93>D:\Work\IOS-IG-SimHost-FDP-2\Hrot\Subsystems\AI\Hrot.Hsm.Editor.Tests\Validation\HsmValidatorBlackboardConflictTests.cs(312,46,312,67): error CS0246: The type or namespace name 'IActionSchemaExporter' could not be found (are you missing a using directive or an assembly reference?)
93>D:\Work\IOS-IG-SimHost-FDP-2\Hrot\Subsystems\AI\Hrot.Hsm.Editor.Tests\Renderers\HsmHostServicesRuntimeOverlayTests.cs(39,20,39,28): error CS0246: The type or namespace name 'HsmAsset' could not be found (are you missing a using directive or an assembly reference?)
93>D:\Work\IOS-IG-SimHost-FDP-2\Hrot\Subsystems\AI\Hrot.Hsm.Editor.Tests\FakeHsmSession.cs(39,56,39,62): error CS0234: The type or namespace name 'Editor' does not exist in the namespace 'Hrot' (are you missing an assembly reference?)
93>D:\Work\IOS-IG-SimHost-FDP-2\Hrot\Subsystems\AI\Hrot.Hsm.Editor.Tests\HsmRegionConflictsRendererTests.cs(46,29,46,35): error CS0246: The type or namespace name 'NodeId' could not be found (are you missing a using directive or an assembly reference?)
93>D:\Work\IOS-IG-SimHost-FDP-2\Hrot\Subsystems\AI\Hrot.Hsm.Editor.Tests\Validation\HsmValidatorBlackboardConflictTests.cs(335,41,335,64): error CS0246: The type or namespace name 'IBlackboardManagedAsset' could not be found (are you missing a using directive or an assembly reference?)
93>D:\Work\IOS-IG-SimHost-FDP-2\Hrot\Subsystems\AI\Hrot.Hsm.Editor.Tests\HsmEditorHostServicesTests.cs(75,44,75,56): error CS0246: The type or namespace name 'IInputSource' could not be found (are you missing a using directive or an assembly reference?)
93>D:\Work\IOS-IG-SimHost-FDP-2\Hrot\Subsystems\AI\Hrot.Hsm.Editor.Tests\Inspector\HsmPickerDrawerTests.cs(20,75,20,85): error CS0246: The type or namespace name 'HsmBuilder' could not be found (are you missing a using directive or an assembly reference?)
93>D:\Work\IOS-IG-SimHost-FDP-2\Hrot\Subsystems\AI\Hrot.Hsm.Editor.Tests\Inspector\HsmPickerDrawerTests.cs(20,21,20,38): error CS0246: The type or namespace name 'HsmDefinitionBlob' could not be found (are you missing a using directive or an assembly reference?)
93>D:\Work\IOS-IG-SimHost-FDP-2\Hrot\Subsystems\AI\Hrot.Hsm.Editor.Tests\Inspector\HsmPickerDrawerTests.cs(20,45,20,60): error CS0246: The type or namespace name 'MachineMetadata' could not be found (are you missing a using directive or an assembly reference?)
93>D:\Work\IOS-IG-SimHost-FDP-2\Hrot\Subsystems\AI\Hrot.Hsm.Editor.Tests\Validation\HsmAssetValidatorTests.cs(29,52,29,61): error CS0246: The type or namespace name 'AssetKind' could not be found (are you missing a using directive or an assembly reference?)
93>D:\Work\IOS-IG-SimHost-FDP-2\Hrot\Subsystems\AI\Hrot.Hsm.Editor.Tests\Host\HsmBreakpointWiringTests.cs(54,30,54,40): error CS0246: The type or namespace name 'Breakpoint' could not be found (are you missing a using directive or an assembly reference?)
93>D:\Work\IOS-IG-SimHost-FDP-2\Hrot\Subsystems\AI\Hrot.Hsm.Editor.Tests\Windows\HsmGlobalsStripTests.cs(23,75,23,85): error CS0246: The type or namespace name 'HsmBuilder' could not be found (are you missing a using directive or an assembly reference?)
93>D:\Work\IOS-IG-SimHost-FDP-2\Hrot\Subsystems\AI\Hrot.Hsm.Editor.Tests\Windows\HsmGlobalsStripTests.cs(23,21,23,38): error CS0246: The type or namespace name 'HsmDefinitionBlob' could not be found (are you missing a using directive or an assembly reference?)
93>D:\Work\IOS-IG-SimHost-FDP-2\Hrot\Subsystems\AI\Hrot.Hsm.Editor.Tests\Windows\HsmGlobalsStripTests.cs(23,45,23,60): error CS0246: The type or namespace name 'MachineMetadata' could not be found (are you missing a using directive or an assembly reference?)
93>D:\Work\IOS-IG-SimHost-FDP-2\Hrot\Subsystems\AI\Hrot.Hsm.Editor.Tests\Inspector\HsmFacetDispatcherTests.cs(46,9,46,29): error CS0246: The type or namespace name 'EditorSelectionStore' could not be found (are you missing a using directive or an assembly reference?)
93>D:\Work\IOS-IG-SimHost-FDP-2\Hrot\Subsystems\AI\Hrot.Hsm.Editor.Tests\Inspector\HsmFacetDispatcherTests.cs(46,37,46,53): error CS0246: The type or namespace name 'IFacetDispatcher' could not be found (are you missing a using directive or an assembly reference?)
93>D:\Work\IOS-IG-SimHost-FDP-2\Hrot\Subsystems\AI\Hrot.Hsm.Editor.Tests\Inspector\HsmFacetDispatcherTests.cs(45,20,45,35): error CS0246: The type or namespace name 'InspectorWindow' could not be found (are you missing a using directive or an assembly reference?)
93>D:\Work\IOS-IG-SimHost-FDP-2\Hrot\Subsystems\AI\Hrot.Hsm.Editor.Tests\Inspector\HsmRuntimeInspectorPaneTests.cs(73,9,73,22): error CS0246: The type or namespace name 'InstancePhase' could not be found (are you missing a using directive or an assembly reference?)
93>D:\Work\IOS-IG-SimHost-FDP-2\Hrot\Subsystems\AI\Hrot.Hsm.Editor.Tests\Inspector\HsmRuntimeInspectorPaneTests.cs(75,23,75,41): error CS0246: The type or namespace name 'HsmEventQueueEntry' could not be found (are you missing a using directive or an assembly reference?)
93>D:\Work\IOS-IG-SimHost-FDP-2\Hrot\Subsystems\AI\Hrot.Hsm.Editor.Tests\Inspector\HsmRuntimeInspectorPaneTests.cs(71,20,71,39): error CS0246: The type or namespace name 'HsmInstanceSnapshot' could not be found (are you missing a using directive or an assembly reference?)
93>D:\Work\IOS-IG-SimHost-FDP-2\Hrot\Subsystems\AI\Hrot.Hsm.Editor.Tests\HsmValidationTests.cs(19,9,19,18): error CS0246: The type or namespace name 'StateNode' could not be found (are you missing a using directive or an assembly reference?)
93>D:\Work\IOS-IG-SimHost-FDP-2\Hrot\Subsystems\AI\Hrot.Hsm.Editor.Tests\HsmValidationTests.cs(20,14,20,23): error CS0246: The type or namespace name 'StateNode' could not be found (are you missing a using directive or an assembly reference?)
93>D:\Work\IOS-IG-SimHost-FDP-2\Hrot\Subsystems\AI\Hrot.Hsm.Editor.Tests\HsmValidationTests.cs(21,14,21,28): error CS0246: The type or namespace name 'TransitionNode' could not be found (are you missing a using directive or an assembly reference?)
93>D:\Work\IOS-IG-SimHost-FDP-2\Hrot\Subsystems\AI\Hrot.Hsm.Editor.Tests\HsmValidationTests.cs(22,14,22,34): error CS0246: The type or namespace name 'GlobalTransitionNode' could not be found (are you missing a using directive or an assembly reference?)
93>D:\Work\IOS-IG-SimHost-FDP-2\Hrot\Subsystems\AI\Hrot.Hsm.Editor.Tests\HsmValidationTests.cs(23,14,23,24): error CS0246: The type or namespace name 'RegionNode' could not be found (are you missing a using directive or an assembly reference?)
93>D:\Work\IOS-IG-SimHost-FDP-2\Hrot\Subsystems\AI\Hrot.Hsm.Editor.Tests\HsmValidationTests.cs(24,14,24,29): error CS0246: The type or namespace name 'EventDefinition' could not be found (are you missing a using directive or an assembly reference?)
93>D:\Work\IOS-IG-SimHost-FDP-2\Hrot\Subsystems\AI\Hrot.Hsm.Editor.Tests\HsmValidationTests.cs(18,20,18,28): error CS0246: The type or namespace name 'HsmAsset' could not be found (are you missing a using directive or an assembly reference?)
93>D:\Work\IOS-IG-SimHost-FDP-2\Hrot\Subsystems\AI\Hrot.Hsm.Editor.Tests\HsmRegionConflictsRendererTests.cs(47,29,47,35): error CS0246: The type or namespace name 'LinkId' could not be found (are you missing a using directive or an assembly reference?)
93>D:\Work\IOS-IG-SimHost-FDP-2\Hrot\Subsystems\AI\Hrot.Hsm.Editor.Tests\FakeHsmSession.cs(42,12,42,24): error CS0246: The type or namespace name 'BreakpointId' could not be found (are you missing a using directive or an assembly reference?)
93>D:\Work\IOS-IG-SimHost-FDP-2\Hrot\Subsystems\AI\Hrot.Hsm.Editor.Tests\Validation\HsmValidatorBlackboardConflictTests.cs(314,41,314,57): error CS0246: The type or namespace name 'BlackboardAccess' could not be found (are you missing a using directive or an assembly reference?)
93>D:\Work\IOS-IG-SimHost-FDP-2\Hrot\Subsystems\AI\Hrot.Hsm.Editor.Tests\Renderers\HsmHostServicesRuntimeOverlayTests.cs(23,22,23,31): error CS0246: The type or namespace name 'IconAtlas' could not be found (are you missing a using directive or an assembly reference?)
93>D:\Work\IOS-IG-SimHost-FDP-2\Hrot\Subsystems\AI\Hrot.Hsm.Editor.Tests\Validation\HsmAssetValidatorTests.cs(33,12,33,21): error CS0246: The type or namespace name 'AssetKind' could not be found (are you missing a using directive or an assembly reference?)
93>D:\Work\IOS-IG-SimHost-FDP-2\Hrot\Subsystems\AI\Hrot.Hsm.Editor.Tests\Inspector\HsmPickerDrawerTests.cs(28,20,28,28): error CS0246: The type or namespace name 'HsmAsset' could not be found (are you missing a using directive or an assembly reference?)
93>D:\Work\IOS-IG-SimHost-FDP-2\Hrot\Subsystems\AI\Hrot.Hsm.Editor.Tests\Windows\HsmGlobalsStripTests.cs(31,20,31,28): error CS0246: The type or namespace name 'HsmAsset' could not be found (are you missing a using directive or an assembly reference?)
93>D:\Work\IOS-IG-SimHost-FDP-2\Hrot\Subsystems\AI\Hrot.Hsm.Editor.Tests\Host\HsmBreakpointWiringTests.cs(57,49,57,65): error CS0246: The type or namespace name 'EntityRepository' could not be found (are you missing a using directive or an assembly reference?)
93>D:\Work\IOS-IG-SimHost-FDP-2\Hrot\Subsystems\AI\Hrot.Hsm.Editor.Tests\FakeHsmSession.cs(43,33,43,45): error CS0246: The type or namespace name 'BreakpointId' could not be found (are you missing a using directive or an assembly reference?)
93>D:\Work\IOS-IG-SimHost-FDP-2\Hrot\Subsystems\AI\Hrot.Hsm.Editor.Tests\Inspector\HsmRuntimeInspectorPaneTests.cs(22,43,22,59): error CS0246: The type or namespace name 'IHsmDebugSession' could not be found (are you missing a using directive or an assembly reference?)
93>D:\Work\IOS-IG-SimHost-FDP-2\Hrot\Subsystems\AI\Hrot.Hsm.Editor.Tests\Renderers\HsmHostServicesRuntimeOverlayTests.cs(167,48,167,64): error CS0246: The type or namespace name 'IHsmDebugSession' could not be found (are you missing a using directive or an assembly reference?)
93>D:\Work\IOS-IG-SimHost-FDP-2\Hrot\Subsystems\AI\Hrot.Hsm.Editor.Tests\Inspector\HsmFacetDispatcherTests.cs(162,41,162,57): error CS0246: The type or namespace name 'IRefactorService' could not be found (are you missing a using directive or an assembly reference?)
93>D:\Work\IOS-IG-SimHost-FDP-2\Hrot\Subsystems\AI\Hrot.Hsm.Editor.Tests\Validation\HsmValidatorBlackboardConflictTests.cs(316,57,316,73): error CS0246: The type or namespace name 'BlackboardAccess' could not be found (are you missing a using directive or an assembly reference?)
93>D:\Work\IOS-IG-SimHost-FDP-2\Hrot\Subsystems\AI\Hrot.Hsm.Editor.Tests\Validation\HsmValidatorBlackboardConflictTests.cs(22,9,22,18): error CS0246: The type or namespace name 'StateNode' could not be found (are you missing a using directive or an assembly reference?)
93>D:\Work\IOS-IG-SimHost-FDP-2\Hrot\Subsystems\AI\Hrot.Hsm.Editor.Tests\Validation\HsmValidatorBlackboardConflictTests.cs(23,14,23,23): error CS0246: The type or namespace name 'StateNode' could not be found (are you missing a using directive or an assembly reference?)
93>D:\Work\IOS-IG-SimHost-FDP-2\Hrot\Subsystems\AI\Hrot.Hsm.Editor.Tests\Validation\HsmValidatorBlackboardConflictTests.cs(24,14,24,24): error CS0246: The type or namespace name 'RegionNode' could not be found (are you missing a using directive or an assembly reference?)
93>D:\Work\IOS-IG-SimHost-FDP-2\Hrot\Subsystems\AI\Hrot.Hsm.Editor.Tests\Validation\HsmValidatorBlackboardConflictTests.cs(21,20,21,28): error CS0246: The type or namespace name 'HsmAsset' could not be found (are you missing a using directive or an assembly reference?)
93>D:\Work\IOS-IG-SimHost-FDP-2\Hrot\Subsystems\AI\Hrot.Hsm.Editor.Tests\Windows\HsmGlobalsStripTests.cs(43,20,43,28): error CS0246: The type or namespace name 'HsmAsset' could not be found (are you missing a using directive or an assembly reference?)
93>D:\Work\IOS-IG-SimHost-FDP-2\Hrot\Subsystems\AI\Hrot.Hsm.Editor.Tests\Validation\HsmValidatorBlackboardConflictTests.cs(337,27,337,50): error CS0246: The type or namespace name 'BlackboardVariableEntry' could not be found (are you missing a using directive or an assembly reference?)
93>D:\Work\IOS-IG-SimHost-FDP-2\Hrot\Subsystems\AI\Hrot.Hsm.Editor.Tests\Validation\HsmValidatorBlackboardConflictTests.cs(321,12,321,29): error CS0246: The type or namespace name 'ActionSchemaEntry' could not be found (are you missing a using directive or an assembly reference?)
93>D:\Work\IOS-IG-SimHost-FDP-2\Hrot\Subsystems\AI\Hrot.Hsm.Editor.Tests\Validation\HsmValidatorBlackboardConflictTests.cs(338,46,338,68): error CS0246: The type or namespace name 'BlackboardAliasBinding' could not be found (are you missing a using directive or an assembly reference?)
93>D:\Work\IOS-IG-SimHost-FDP-2\Hrot\Subsystems\AI\Hrot.Hsm.Editor.Tests\Host\HsmBreakpointWiringTests.cs(64,47,64,62): error CS0246: The type or namespace name 'IPickerRegistry' could not be found (are you missing a using directive or an assembly reference?)
93>D:\Work\IOS-IG-SimHost-FDP-2\Hrot\Subsystems\AI\Hrot.Hsm.Editor.Tests\Inspector\HsmFacetDispatcherTests.cs(164,30,164,48): error CS0246: The type or namespace name 'AssetReferenceInfo' could not be found (are you missing a using directive or an assembly reference?)
93>D:\Work\IOS-IG-SimHost-FDP-2\Hrot\Subsystems\AI\Hrot.Hsm.Editor.Tests\HsmEditorHostServicesTests.cs(80,33,80,44): error CS0246: The type or namespace name 'MouseButton' could not be found (are you missing a using directive or an assembly reference?)
93>D:\Work\IOS-IG-SimHost-FDP-2\Hrot\Subsystems\AI\Hrot.Hsm.Editor.Tests\Validation\HsmValidatorBlackboardConflictTests.cs(327,40,327,57): error CS0246: The type or namespace name 'ActionSchemaEntry' could not be found (are you missing a using directive or an assembly reference?)
93>D:\Work\IOS-IG-SimHost-FDP-2\Hrot\Subsystems\AI\Hrot.Hsm.Editor.Tests\Windows\HsmGlobalsStripTests.cs(52,78,52,86): error CS0246: The type or namespace name 'HsmAsset' could not be found (are you missing a using directive or an assembly reference?)
93>D:\Work\IOS-IG-SimHost-FDP-2\Hrot\Subsystems\AI\Hrot.Hsm.Editor.Tests\Windows\HsmGlobalsStripTests.cs(52,21,52,41): error CS0246: The type or namespace name 'HsmGlobalsStripLogic' could not be found (are you missing a using directive or an assembly reference?)
93>D:\Work\IOS-IG-SimHost-FDP-2\Hrot\Subsystems\AI\Hrot.Hsm.Editor.Tests\Validation\HsmValidatorBlackboardConflictTests.cs(341,26,341,49): error CS0246: The type or namespace name 'BlackboardVariableEntry' could not be found (are you missing a using directive or an assembly reference?)
93>D:\Work\IOS-IG-SimHost-FDP-2\Hrot\Subsystems\AI\Hrot.Hsm.Editor.Tests\Inspector\HsmFacetDispatcherTests.cs(165,30,165,48): error CS0246: The type or namespace name 'AssetReferenceInfo' could not be found (are you missing a using directive or an assembly reference?)
93>D:\Work\IOS-IG-SimHost-FDP-2\Hrot\Subsystems\AI\Hrot.Hsm.Editor.Tests\HsmEditorHostServicesTests.cs(81,36,81,47): error CS0246: The type or namespace name 'MouseButton' could not be found (are you missing a using directive or an assembly reference?)
93>D:\Work\IOS-IG-SimHost-FDP-2\Hrot\Subsystems\AI\Hrot.Hsm.Editor.Tests\Validation\HsmValidatorBlackboardConflictTests.cs(40,21,40,29): error CS0246: The type or namespace name 'HsmAsset' could not be found (are you missing a using directive or an assembly reference?)
93>D:\Work\IOS-IG-SimHost-FDP-2\Hrot\Subsystems\AI\Hrot.Hsm.Editor.Tests\Validation\HsmValidatorBlackboardConflictTests.cs(40,37,40,46): error CS0246: The type or namespace name 'StateNode' could not be found (are you missing a using directive or an assembly reference?)
93>D:\Work\IOS-IG-SimHost-FDP-2\Hrot\Subsystems\AI\Hrot.Hsm.Editor.Tests\Validation\HsmValidatorBlackboardConflictTests.cs(40,57,40,66): error CS0246: The type or namespace name 'StateNode' could not be found (are you missing a using directive or an assembly reference?)
93>D:\Work\IOS-IG-SimHost-FDP-2\Hrot\Subsystems\AI\Hrot.Hsm.Editor.Tests\Validation\HsmValidatorBlackboardConflictTests.cs(40,75,40,84): error CS0246: The type or namespace name 'StateNode' could not be found (are you missing a using directive or an assembly reference?)
93>D:\Work\IOS-IG-SimHost-FDP-2\Hrot\Subsystems\AI\Hrot.Hsm.Editor.Tests\Host\HsmBreakpointWiringTests.cs(66,55,66,75): error CS0246: The type or namespace name 'IPickerSource<>' could not be found (are you missing a using directive or an assembly reference?)
93>D:\Work\IOS-IG-SimHost-FDP-2\Hrot\Subsystems\AI\Hrot.Hsm.Editor.Tests\Validation\HsmValidatorBlackboardConflictTests.cs(362,29,362,52): error CS0246: The type or namespace name 'BlackboardVariableEntry' could not be found (are you missing a using directive or an assembly reference?)
93>D:\Work\IOS-IG-SimHost-FDP-2\Hrot\Subsystems\AI\Hrot.Hsm.Editor.Tests\HsmEditorHostServicesTests.cs(82,37,82,48): error CS0246: The type or namespace name 'MouseButton' could not be found (are you missing a using directive or an assembly reference?)
93>D:\Work\IOS-IG-SimHost-FDP-2\Hrot\Subsystems\AI\Hrot.Hsm.Editor.Tests\Validation\HsmValidatorBlackboardConflictTests.cs(64,20,64,42): error CS0246: The type or namespace name 'BlackboardAliasBinding' could not be found (are you missing a using directive or an assembly reference?)
93>D:\Work\IOS-IG-SimHost-FDP-2\Hrot\Subsystems\AI\Hrot.Hsm.Editor.Tests\Windows\HsmGlobalsStripTests.cs(169,42,169,70): error CS0246: The type or namespace name 'IHsmGlobalsCommandDispatcher' could not be found (are you missing a using directive or an assembly reference?)
93>D:\Work\IOS-IG-SimHost-FDP-2\Hrot\Subsystems\AI\Hrot.Hsm.Editor.Tests\Inspector\HsmFacetDispatcherTests.cs(166,66,166,81): error CS0246: The type or namespace name 'RefactorOptions' could not be found (are you missing a using directive or an assembly reference?)
93>D:\Work\IOS-IG-SimHost-FDP-2\Hrot\Subsystems\AI\Hrot.Hsm.Editor.Tests\Inspector\HsmFacetDispatcherTests.cs(166,16,166,31): error CS0246: The type or namespace name 'RefactorPreview' could not be found (are you missing a using directive or an assembly reference?)
93>D:\Work\IOS-IG-SimHost-FDP-2\Hrot\Subsystems\AI\Hrot.Hsm.Editor.Tests\Host\HsmBreakpointWiringTests.cs(67,16,67,36): error CS0246: The type or namespace name 'IPickerSource<>' could not be found (are you missing a using directive or an assembly reference?)
93>D:\Work\IOS-IG-SimHost-FDP-2\Hrot\Subsystems\AI\Hrot.Hsm.Editor.Tests\Validation\HsmValidatorBlackboardConflictTests.cs(346,47,346,69): error CS0246: The type or namespace name 'BlackboardAliasBinding' could not be found (are you missing a using directive or an assembly reference?)
93>D:\Work\IOS-IG-SimHost-FDP-2\Hrot\Subsystems\AI\Hrot.Hsm.Editor.Tests\HsmEditorHostServicesTests.cs(83,42,83,53): error CS0246: The type or namespace name 'MouseButton' could not be found (are you missing a using directive or an assembly reference?)
93>D:\Work\IOS-IG-SimHost-FDP-2\Hrot\Subsystems\AI\Hrot.Hsm.Editor.Tests\Validation\HsmValidatorBlackboardConflictTests.cs(356,26,356,48): error CS0246: The type or namespace name 'BlackboardAliasBinding' could not be found (are you missing a using directive or an assembly reference?)
93>D:\Work\IOS-IG-SimHost-FDP-2\Hrot\Subsystems\AI\Hrot.Hsm.Editor.Tests\HsmEditorHostServicesTests.cs(84,31,84,40): error CS0246: The type or namespace name 'EditorKey' could not be found (are you missing a using directive or an assembly reference?)
93>D:\Work\IOS-IG-SimHost-FDP-2\Hrot\Subsystems\AI\Hrot.Hsm.Editor.Tests\Host\HsmBreakpointWiringTests.cs(72,42,72,52): error CS0246: The type or namespace name 'IClipboard' could not be found (are you missing a using directive or an assembly reference?)
93>D:\Work\IOS-IG-SimHost-FDP-2\Hrot\Subsystems\AI\Hrot.Hsm.Editor.Tests\Inspector\HsmFacetDispatcherTests.cs(168,43,168,58): error CS0246: The type or namespace name 'RefactorPreview' could not be found (are you missing a using directive or an assembly reference?)
93>D:\Work\IOS-IG-SimHost-FDP-2\Hrot\Subsystems\AI\Hrot.Hsm.Editor.Tests\Inspector\HsmFacetDispatcherTests.cs(168,16,168,30): error CS0246: The type or namespace name 'RefactorResult' could not be found (are you missing a using directive or an assembly reference?)
93>D:\Work\IOS-IG-SimHost-FDP-2\Hrot\Subsystems\AI\Hrot.Hsm.Editor.Tests\HsmEditorHostServicesTests.cs(85,34,85,43): error CS0246: The type or namespace name 'EditorKey' could not be found (are you missing a using directive or an assembly reference?)
93>D:\Work\IOS-IG-SimHost-FDP-2\Hrot\Subsystems\AI\Hrot.Hsm.Editor.Tests\Host\HsmBreakpointWiringTests.cs(78,45,78,58): error CS0246: The type or namespace name 'IIconProvider' could not be found (are you missing a using directive or an assembly reference?)
93>D:\Work\IOS-IG-SimHost-FDP-2\Hrot\Subsystems\AI\Hrot.Hsm.Editor.Tests\HsmEditorHostServicesTests.cs(86,35,86,44): error CS0246: The type or namespace name 'EditorKey' could not be found (are you missing a using directive or an assembly reference?)
93>D:\Work\IOS-IG-SimHost-FDP-2\Hrot\Subsystems\AI\Hrot.Hsm.Editor.Tests\Host\HsmBreakpointWiringTests.cs(80,44,80,54): error CS0246: The type or namespace name 'IconHandle' could not be found (are you missing a using directive or an assembly reference?)
93>D:\Work\IOS-IG-SimHost-FDP-2\Hrot\Subsystems\AI\Hrot.Hsm.Editor.Tests\Inspector\HsmRuntimeInspectorPaneTests.cs(58,29,58,45): error CS0246: The type or namespace name 'HsmBreakpointHit' could not be found (are you missing a using directive or an assembly reference?)
93>D:\Work\IOS-IG-SimHost-FDP-2\Hrot\Subsystems\AI\Hrot.Hsm.Editor.Tests\Inspector\HsmRuntimeInspectorPaneTests.cs(59,29,59,44): error CS0246: The type or namespace name 'HsmStateEntered' could not be found (are you missing a using directive or an assembly reference?)
93>D:\Work\IOS-IG-SimHost-FDP-2\Hrot\Subsystems\AI\Hrot.Hsm.Editor.Tests\Inspector\HsmRuntimeInspectorPaneTests.cs(60,29,60,43): error CS0246: The type or namespace name 'HsmStateExited' could not be found (are you missing a using directive or an assembly reference?)
93>D:\Work\IOS-IG-SimHost-FDP-2\Hrot\Subsystems\AI\Hrot.Hsm.Editor.Tests\Inspector\HsmRuntimeInspectorPaneTests.cs(61,29,61,47): error CS0246: The type or namespace name 'HsmTransitionFired' could not be found (are you missing a using directive or an assembly reference?)
93>D:\Work\IOS-IG-SimHost-FDP-2\Hrot\Subsystems\AI\Hrot.Hsm.Editor.Tests\Inspector\HsmRuntimeInspectorPaneTests.cs(62,29,62,43): error CS0246: The type or namespace name 'HsmEventQueued' could not be found (are you missing a using directive or an assembly reference?)
93>D:\Work\IOS-IG-SimHost-FDP-2\Hrot\Subsystems\AI\Hrot.Hsm.Editor.Tests\Inspector\HsmRuntimeInspectorPaneTests.cs(63,29,63,46): error CS0246: The type or namespace name 'HsmRegionConflict' could not be found (are you missing a using directive or an assembly reference?)
93>D:\Work\IOS-IG-SimHost-FDP-2\Hrot\Subsystems\AI\Hrot.Hsm.Editor.Tests\Inspector\HsmRuntimeInspectorPaneTests.cs(64,29,64,46): error CS0246: The type or namespace name 'HsmGuardEvaluated' could not be found (are you missing a using directive or an assembly reference?)
93>D:\Work\IOS-IG-SimHost-FDP-2\Hrot\Subsystems\AI\Hrot.Hsm.Editor.Tests\Inspector\HsmRuntimeInspectorPaneTests.cs(65,29,65,42): error CS0246: The type or namespace name 'HsmTimerEvent' could not be found (are you missing a using directive or an assembly reference?)
93>D:\Work\IOS-IG-SimHost-FDP-2\Hrot\Subsystems\AI\Hrot.Hsm.Editor.Tests\Inspector\HsmFacetDispatcherTests.cs(169,53,169,66): error CS0246: The type or namespace name 'DeleteOptions' could not be found (are you missing a using directive or an assembly reference?)
93>D:\Work\IOS-IG-SimHost-FDP-2\Hrot\Subsystems\AI\Hrot.Hsm.Editor.Tests\Inspector\HsmFacetDispatcherTests.cs(169,16,169,29): error CS0246: The type or namespace name 'DeletePreview' could not be found (are you missing a using directive or an assembly reference?)
93>D:\Work\IOS-IG-SimHost-FDP-2\Hrot\Subsystems\AI\Hrot.Hsm.Editor.Tests\HsmEditorHostServicesTests.cs(87,16,87,28): error CS0246: The type or namespace name 'KeyModifiers' could not be found (are you missing a using directive or an assembly reference?)
93>D:\Work\IOS-IG-SimHost-FDP-2\Hrot\Subsystems\AI\Hrot.Hsm.Editor.Tests\Host\HsmBreakpointWiringTests.cs(84,44,84,56): error CS0246: The type or namespace name 'IInputSource' could not be found (are you missing a using directive or an assembly reference?)
93>D:\Work\IOS-IG-SimHost-FDP-2\Hrot\Subsystems\AI\Hrot.Hsm.Editor.Tests\Renderers\HsmHostServicesRuntimeOverlayTests.cs(183,36,183,52): error CS0246: The type or namespace name 'HsmBreakpointHit' could not be found (are you missing a using directive or an assembly reference?)
93>D:\Work\IOS-IG-SimHost-FDP-2\Hrot\Subsystems\AI\Hrot.Hsm.Editor.Tests\Renderers\HsmHostServicesRuntimeOverlayTests.cs(184,36,184,51): error CS0246: The type or namespace name 'HsmStateEntered' could not be found (are you missing a using directive or an assembly reference?)
93>D:\Work\IOS-IG-SimHost-FDP-2\Hrot\Subsystems\AI\Hrot.Hsm.Editor.Tests\Renderers\HsmHostServicesRuntimeOverlayTests.cs(185,36,185,50): error CS0246: The type or namespace name 'HsmStateExited' could not be found (are you missing a using directive or an assembly reference?)
93>D:\Work\IOS-IG-SimHost-FDP-2\Hrot\Subsystems\AI\Hrot.Hsm.Editor.Tests\Renderers\HsmHostServicesRuntimeOverlayTests.cs(186,36,186,54): error CS0246: The type or namespace name 'HsmTransitionFired' could not be found (are you missing a using directive or an assembly reference?)
93>D:\Work\IOS-IG-SimHost-FDP-2\Hrot\Subsystems\AI\Hrot.Hsm.Editor.Tests\Renderers\HsmHostServicesRuntimeOverlayTests.cs(187,36,187,50): error CS0246: The type or namespace name 'HsmEventQueued' could not be found (are you missing a using directive or an assembly reference?)
93>D:\Work\IOS-IG-SimHost-FDP-2\Hrot\Subsystems\AI\Hrot.Hsm.Editor.Tests\Renderers\HsmHostServicesRuntimeOverlayTests.cs(188,36,188,53): error CS0246: The type or namespace name 'HsmRegionConflict' could not be found (are you missing a using directive or an assembly reference?)
93>D:\Work\IOS-IG-SimHost-FDP-2\Hrot\Subsystems\AI\Hrot.Hsm.Editor.Tests\Renderers\HsmHostServicesRuntimeOverlayTests.cs(189,36,189,53): error CS0246: The type or namespace name 'HsmGuardEvaluated' could not be found (are you missing a using directive or an assembly reference?)
93>D:\Work\IOS-IG-SimHost-FDP-2\Hrot\Subsystems\AI\Hrot.Hsm.Editor.Tests\Renderers\HsmHostServicesRuntimeOverlayTests.cs(190,36,190,49): error CS0246: The type or namespace name 'HsmTimerEvent' could not be found (are you missing a using directive or an assembly reference?)
93>D:\Work\IOS-IG-SimHost-FDP-2\Hrot\Subsystems\AI\Hrot.Hsm.Editor.Tests\Inspector\HsmRuntimeInspectorPaneTests.cs(24,26,24,45): error CS0246: The type or namespace name 'HsmInstanceSnapshot' could not be found (are you missing a using directive or an assembly reference?)
93>D:\Work\IOS-IG-SimHost-FDP-2\Hrot\Subsystems\AI\Hrot.Hsm.Editor.Tests\HsmEditorHostServicesTests.cs(91,44,91,56): error CS0246: The type or namespace name 'IEditorTheme' could not be found (are you missing a using directive or an assembly reference?)
93>D:\Work\IOS-IG-SimHost-FDP-2\Hrot\Subsystems\AI\Hrot.Hsm.Editor.Tests\Inspector\HsmFacetDispatcherTests.cs(171,43,171,56): error CS0246: The type or namespace name 'DeletePreview' could not be found (are you missing a using directive or an assembly reference?)
93>D:\Work\IOS-IG-SimHost-FDP-2\Hrot\Subsystems\AI\Hrot.Hsm.Editor.Tests\Inspector\HsmFacetDispatcherTests.cs(171,16,171,30): error CS0246: The type or namespace name 'RefactorResult' could not be found (are you missing a using directive or an assembly reference?)
93>D:\Work\IOS-IG-SimHost-FDP-2\Hrot\Subsystems\AI\Hrot.Hsm.Editor.Tests\Inspector\HsmRuntimeInspectorPaneTests.cs(26,31,26,50): error CS0246: The type or namespace name 'HsmInstanceSnapshot' could not be found (are you missing a using directive or an assembly reference?)
93>D:\Work\IOS-IG-SimHost-FDP-2\Hrot\Subsystems\AI\Hrot.Hsm.Editor.Tests\Renderers\HsmHostServicesRuntimeOverlayTests.cs(169,16,169,35): error CS0246: The type or namespace name 'HsmInstanceSnapshot' could not be found (are you missing a using directive or an assembly reference?)
93>D:\Work\IOS-IG-SimHost-FDP-2\Hrot\Subsystems\AI\Hrot.Hsm.Editor.Tests\Host\HsmBreakpointWiringTests.cs(89,33,89,44): error CS0246: The type or namespace name 'MouseButton' could not be found (are you missing a using directive or an assembly reference?)
93>D:\Work\IOS-IG-SimHost-FDP-2\Hrot\Subsystems\AI\Hrot.Hsm.Editor.Tests\Inspector\HsmRuntimeInspectorPaneTests.cs(29,16,29,35): error CS0246: The type or namespace name 'HsmInstanceSnapshot' could not be found (are you missing a using directive or an assembly reference?)
93>D:\Work\IOS-IG-SimHost-FDP-2\Hrot\Subsystems\AI\Hrot.Hsm.Editor.Tests\Renderers\HsmHostServicesRuntimeOverlayTests.cs(171,57,171,71): error CS0246: The type or namespace name 'HsmTraceRecord' could not be found (are you missing a using directive or an assembly reference?)
93>D:\Work\IOS-IG-SimHost-FDP-2\Hrot\Subsystems\AI\Hrot.Hsm.Editor.Tests\Inspector\HsmFacetDispatcherTests.cs(172,77,172,92): error CS0246: The type or namespace name 'RefactorOptions' could not be found (are you missing a using directive or an assembly reference?)
93>D:\Work\IOS-IG-SimHost-FDP-2\Hrot\Subsystems\AI\Hrot.Hsm.Editor.Tests\Inspector\HsmFacetDispatcherTests.cs(172,21,172,36): error CS0246: The type or namespace name 'RefactorPreview' could not be found (are you missing a using directive or an assembly reference?)
93>D:\Work\IOS-IG-SimHost-FDP-2\Hrot\Subsystems\AI\Hrot.Hsm.Editor.Tests\Inspector\HsmRuntimeInspectorPaneTests.cs(30,30,30,44): error CS0246: The type or namespace name 'HsmTraceRecord' could not be found (are you missing a using directive or an assembly reference?)
93>D:\Work\IOS-IG-SimHost-FDP-2\Hrot\Subsystems\AI\Hrot.Hsm.Editor.Tests\Host\HsmBreakpointWiringTests.cs(90,36,90,47): error CS0246: The type or namespace name 'MouseButton' could not be found (are you missing a using directive or an assembly reference?)
93>D:\Work\IOS-IG-SimHost-FDP-2\Hrot\Subsystems\AI\Hrot.Hsm.Editor.Tests\HsmEditorHostServicesTests.cs(102,47,102,59): error CS0246: The type or namespace name 'NodeCategory' could not be found (are you missing a using directive or an assembly reference?)
93>D:\Work\IOS-IG-SimHost-FDP-2\Hrot\Subsystems\AI\Hrot.Hsm.Editor.Tests\Renderers\HsmHostServicesRuntimeOverlayTests.cs(198,21,198,27): error CS0234: The type or namespace name 'Editor' does not exist in the namespace 'Hrot' (are you missing an assembly reference?)
93>D:\Work\IOS-IG-SimHost-FDP-2\Hrot\Subsystems\AI\Hrot.Hsm.Editor.Tests\Renderers\HsmHostServicesRuntimeOverlayTests.cs(200,42,200,48): error CS0234: The type or namespace name 'Editor' does not exist in the namespace 'Hrot' (are you missing an assembly reference?)
93>D:\Work\IOS-IG-SimHost-FDP-2\Hrot\Subsystems\AI\Hrot.Hsm.Editor.Tests\Host\HsmBreakpointWiringTests.cs(91,37,91,48): error CS0246: The type or namespace name 'MouseButton' could not be found (are you missing a using directive or an assembly reference?)
93>D:\Work\IOS-IG-SimHost-FDP-2\Hrot\Subsystems\AI\Hrot.Hsm.Editor.Tests\Renderers\HsmHostServicesRuntimeOverlayTests.cs(202,62,202,68): error CS0234: The type or namespace name 'Editor' does not exist in the namespace 'Hrot' (are you missing an assembly reference?)
93>D:\Work\IOS-IG-SimHost-FDP-2\Hrot\Subsystems\AI\Hrot.Hsm.Editor.Tests\Renderers\HsmHostServicesRuntimeOverlayTests.cs(206,21,206,27): error CS0234: The type or namespace name 'Editor' does not exist in the namespace 'Hrot' (are you missing an assembly reference?)
93>D:\Work\IOS-IG-SimHost-FDP-2\Hrot\Subsystems\AI\Hrot.Hsm.Editor.Tests\Inspector\HsmRuntimeInspectorPaneTests.cs(39,16,39,26): error CS0246: The type or namespace name 'Breakpoint' could not be found (are you missing a using directive or an assembly reference?)
93>D:\Work\IOS-IG-SimHost-FDP-2\Hrot\Subsystems\AI\Hrot.Hsm.Editor.Tests\Inspector\HsmFacetDispatcherTests.cs(174,54,174,69): error CS0246: The type or namespace name 'RefactorPreview' could not be found (are you missing a using directive or an assembly reference?)
93>D:\Work\IOS-IG-SimHost-FDP-2\Hrot\Subsystems\AI\Hrot.Hsm.Editor.Tests\Inspector\HsmFacetDispatcherTests.cs(174,21,174,35): error CS0246: The type or namespace name 'RefactorResult' could not be found (are you missing a using directive or an assembly reference?)
93>D:\Work\IOS-IG-SimHost-FDP-2\Hrot\Subsystems\AI\Hrot.Hsm.Editor.Tests\HsmEditorHostServicesTests.cs(112,45,112,58): error CS0246: The type or namespace name 'IDebugSession' could not be found (are you missing a using directive or an assembly reference?)
93>D:\Work\IOS-IG-SimHost-FDP-2\Hrot\Subsystems\AI\Hrot.Hsm.Editor.Tests\Host\HsmBreakpointWiringTests.cs(92,42,92,53): error CS0246: The type or namespace name 'MouseButton' could not be found (are you missing a using directive or an assembly reference?)
93>D:\Work\IOS-IG-SimHost-FDP-2\Hrot\Subsystems\AI\Hrot.Hsm.Editor.Tests\Inspector\HsmRuntimeInspectorPaneTests.cs(40,16,40,22): error CS0246: The type or namespace name 'Entity' could not be found (are you missing a using directive or an assembly reference?)
93>D:\Work\IOS-IG-SimHost-FDP-2\Hrot\Subsystems\AI\Hrot.Hsm.Editor.Tests\Renderers\HsmHostServicesRuntimeOverlayTests.cs(207,16,207,19): error CS0246: The type or namespace name 'Fdp' could not be found (are you missing a using directive or an assembly reference?)
93>D:\Work\IOS-IG-SimHost-FDP-2\Hrot\Subsystems\AI\Hrot.Hsm.Editor.Tests\Host\HsmBreakpointWiringTests.cs(93,31,93,40): error CS0246: The type or namespace name 'EditorKey' could not be found (are you missing a using directive or an assembly reference?)
93>D:\Work\IOS-IG-SimHost-FDP-2\Hrot\Subsystems\AI\Hrot.Hsm.Editor.Tests\Renderers\HsmHostServicesRuntimeOverlayTests.cs(215,60,215,66): error CS0234: The type or namespace name 'Editor' does not exist in the namespace 'Hrot' (are you missing an assembly reference?)
93>D:\Work\IOS-IG-SimHost-FDP-2\Hrot\Subsystems\AI\Hrot.Hsm.Editor.Tests\HsmEditorHostServicesTests.cs(116,16,116,22): error CS0246: The type or namespace name 'NodeId' could not be found (are you missing a using directive or an assembly reference?)
93>D:\Work\IOS-IG-SimHost-FDP-2\Hrot\Subsystems\AI\Hrot.Hsm.Editor.Tests\Inspector\HsmRuntimeInspectorPaneTests.cs(47,16,47,28): error CS0246: The type or namespace name 'BreakpointId' could not be found (are you missing a using directive or an assembly reference?)
93>D:\Work\IOS-IG-SimHost-FDP-2\Hrot\Subsystems\AI\Hrot.Hsm.Editor.Tests\Host\HsmBreakpointWiringTests.cs(94,34,94,43): error CS0246: The type or namespace name 'EditorKey' could not be found (are you missing a using directive or an assembly reference?)
93>D:\Work\IOS-IG-SimHost-FDP-2\Hrot\Subsystems\AI\Hrot.Hsm.Editor.Tests\Renderers\HsmHostServicesRuntimeOverlayTests.cs(217,57,217,60): error CS0246: The type or namespace name 'Fdp' could not be found (are you missing a using directive or an assembly reference?)
93>D:\Work\IOS-IG-SimHost-FDP-2\Hrot\Subsystems\AI\Hrot.Hsm.Editor.Tests\Inspector\HsmRuntimeInspectorPaneTests.cs(48,37,48,49): error CS0246: The type or namespace name 'BreakpointId' could not be found (are you missing a using directive or an assembly reference?)
93>D:\Work\IOS-IG-SimHost-FDP-2\Hrot\Subsystems\AI\Hrot.Hsm.Editor.Tests\HsmEditorHostServicesTests.cs(117,29,117,35): error CS0246: The type or namespace name 'NodeId' could not be found (are you missing a using directive or an assembly reference?)
93>D:\Work\IOS-IG-SimHost-FDP-2\Hrot\Subsystems\AI\Hrot.Hsm.Editor.Tests\Host\HsmBreakpointWiringTests.cs(95,35,95,44): error CS0246: The type or namespace name 'EditorKey' could not be found (are you missing a using directive or an assembly reference?)
93>D:\Work\IOS-IG-SimHost-FDP-2\Hrot\Subsystems\AI\Hrot.Hsm.Editor.Tests\Host\HsmBreakpointWiringTests.cs(96,16,96,28): error CS0246: The type or namespace name 'KeyModifiers' could not be found (are you missing a using directive or an assembly reference?)
93>D:\Work\IOS-IG-SimHost-FDP-2\Hrot\Subsystems\AI\Hrot.Hsm.Editor.Tests\Inspector\HsmRuntimeInspectorPaneTests.cs(50,30,50,40): error CS0246: The type or namespace name 'Breakpoint' could not be found (are you missing a using directive or an assembly reference?)
93>D:\Work\IOS-IG-SimHost-FDP-2\Hrot\Subsystems\AI\Hrot.Hsm.Editor.Tests\HsmEditorHostServicesTests.cs(118,29,118,35): error CS0246: The type or namespace name 'NodeId' could not be found (are you missing a using directive or an assembly reference?)
93>D:\Work\IOS-IG-SimHost-FDP-2\Hrot\Subsystems\AI\Hrot.Hsm.Editor.Tests\Inspector\HsmRuntimeInspectorPaneTests.cs(53,60,53,66): error CS0234: The type or namespace name 'Editor' does not exist in the namespace 'Hrot' (are you missing an assembly reference?)
93>D:\Work\IOS-IG-SimHost-FDP-2\Hrot\Subsystems\AI\Hrot.Hsm.Editor.Tests\HsmEditorHostServicesTests.cs(119,29,119,34): error CS0246: The type or namespace name 'PinId' could not be found (are you missing a using directive or an assembly reference?)
93>D:\Work\IOS-IG-SimHost-FDP-2\Hrot\Subsystems\AI\Hrot.Hsm.Editor.Tests\Host\HsmBreakpointWiringTests.cs(100,44,100,56): error CS0246: The type or namespace name 'IEditorTheme' could not be found (are you missing a using directive or an assembly reference?)
93>D:\Work\IOS-IG-SimHost-FDP-2\Hrot\Subsystems\AI\Hrot.Hsm.Editor.Tests\Inspector\HsmRuntimeInspectorPaneTests.cs(55,30,55,36): error CS0246: The type or namespace name 'Entity' could not be found (are you missing a using directive or an assembly reference?)
93>D:\Work\IOS-IG-SimHost-FDP-2\Hrot\Subsystems\AI\Hrot.Hsm.Editor.Tests\HsmGraphModelTests.cs(291,31,291,45): error CS0103: The name 'TransitionKind' does not exist in the current context
93>D:\Work\IOS-IG-SimHost-FDP-2\Hrot\Subsystems\AI\Hrot.Hsm.Editor.Tests\HsmTransitionLabelRendererTests.cs(19,31,19,45): error CS0103: The name 'TransitionKind' does not exist in the current context
93>D:\Work\IOS-IG-SimHost-FDP-2\Hrot\Subsystems\AI\Hrot.Hsm.Editor.Tests\HsmEditorHostServicesTests.cs(120,38,120,44): error CS0246: The type or namespace name 'NodeId' could not be found (are you missing a using directive or an assembly reference?)
93>D:\Work\IOS-IG-SimHost-FDP-2\Hrot\Subsystems\AI\Hrot.Hsm.Editor.Tests\OutputLaneMaskInferenceTests.cs(17,10,17,19): error CS0246: The type or namespace name 'HsmActionAttribute' could not be found (are you missing a using directive or an assembly reference?)
93>D:\Work\IOS-IG-SimHost-FDP-2\Hrot\Subsystems\AI\Hrot.Hsm.Editor.Tests\OutputLaneMaskInferenceTests.cs(17,10,17,19): error CS0246: The type or namespace name 'HsmAction' could not be found (are you missing a using directive or an assembly reference?)
93>D:\Work\IOS-IG-SimHost-FDP-2\Hrot\Subsystems\AI\Hrot.Hsm.Editor.Tests\OutputLaneMaskInferenceTests.cs(17,27,17,38): error CS0103: The name 'CommandLane' does not exist in the current context
93>D:\Work\IOS-IG-SimHost-FDP-2\Hrot\Subsystems\AI\Hrot.Hsm.Editor.Tests\Inspector\HsmRuntimeInspectorPaneTests.cs(73,31,73,44): error CS0103: The name 'InstancePhase' does not exist in the current context
93>D:\Work\IOS-IG-SimHost-FDP-2\Hrot\Subsystems\AI\Hrot.Hsm.Editor.Tests\HsmEditorHostServicesTests.cs(121,33,121,38): error CS0246: The type or namespace name 'PinId' could not be found (are you missing a using directive or an assembly reference?)
93>D:\Work\IOS-IG-SimHost-FDP-2\Hrot\Subsystems\AI\Hrot.Hsm.Editor.Tests\Host\HsmBreakpointWiringTests.cs(111,47,111,59): error CS0246: The type or namespace name 'NodeCategory' could not be found (are you missing a using directive or an assembly reference?)
93>D:\Work\IOS-IG-SimHost-FDP-2\Hrot\Subsystems\AI\Hrot.Hsm.Editor.Tests\HsmEditorHostServicesTests.cs(126,38,126,43): error CS0246: The type or namespace name 'PinId' could not be found (are you missing a using directive or an assembly reference?)
93>D:\Work\IOS-IG-SimHost-FDP-2\Hrot\Subsystems\AI\Hrot.Hsm.Editor.Tests\HsmEditorHostServicesTests.cs(130,41,130,62): error CS0246: The type or namespace name 'ICustomCanvasRenderer' could not be found (are you missing a using directive or an assembly reference?)
93>D:\Work\IOS-IG-SimHost-FDP-2\Hrot\Subsystems\AI\Hrot.Hsm.Editor.Tests\OutputLaneMaskInferenceTests.cs(20,10,20,19): error CS0246: The type or namespace name 'HsmActionAttribute' could not be found (are you missing a using directive or an assembly reference?)
93>D:\Work\IOS-IG-SimHost-FDP-2\Hrot\Subsystems\AI\Hrot.Hsm.Editor.Tests\OutputLaneMaskInferenceTests.cs(20,10,20,19): error CS0246: The type or namespace name 'HsmAction' could not be found (are you missing a using directive or an assembly reference?)
93>D:\Work\IOS-IG-SimHost-FDP-2\Hrot\Subsystems\AI\Hrot.Hsm.Editor.Tests\OutputLaneMaskInferenceTests.cs(20,27,20,38): error CS0103: The name 'CommandLane' does not exist in the current context
93>D:\Work\IOS-IG-SimHost-FDP-2\Hrot\Subsystems\AI\Hrot.Hsm.Editor.Tests\HsmEditorHostServicesTests.cs(133,16,133,32): error CS0246: The type or namespace name 'CanvasRenderPass' could not be found (are you missing a using directive or an assembly reference?)
93>D:\Work\IOS-IG-SimHost-FDP-2\Hrot\Subsystems\AI\Hrot.Hsm.Editor.Tests\HsmEditorHostServicesTests.cs(134,28,134,48): error CS0246: The type or namespace name 'ICanvasRenderContext' could not be found (are you missing a using directive or an assembly reference?)
93>D:\Work\IOS-IG-SimHost-FDP-2\Hrot\Subsystems\AI\Hrot.Hsm.Editor.Tests\OutputLaneMaskInferenceTests.cs(23,10,23,19): error CS0246: The type or namespace name 'HsmActionAttribute' could not be found (are you missing a using directive or an assembly reference?)
93>D:\Work\IOS-IG-SimHost-FDP-2\Hrot\Subsystems\AI\Hrot.Hsm.Editor.Tests\OutputLaneMaskInferenceTests.cs(23,10,23,19): error CS0246: The type or namespace name 'HsmAction' could not be found (are you missing a using directive or an assembly reference?)
93>D:\Work\IOS-IG-SimHost-FDP-2\Hrot\Subsystems\AI\Hrot.Hsm.Editor.Tests\OutputLaneMaskInferenceTests.cs(23,27,23,38): error CS0103: The name 'CommandLane' does not exist in the current context
93>D:\Work\IOS-IG-SimHost-FDP-2\Hrot\Subsystems\AI\Hrot.Hsm.Editor.Tests\OutputLaneMaskInferenceTests.cs(26,10,26,19): error CS0246: The type or namespace name 'HsmActionAttribute' could not be found (are you missing a using directive or an assembly reference?)
93>D:\Work\IOS-IG-SimHost-FDP-2\Hrot\Subsystems\AI\Hrot.Hsm.Editor.Tests\OutputLaneMaskInferenceTests.cs(26,10,26,19): error CS0246: The type or namespace name 'HsmAction' could not be found (are you missing a using directive or an assembly reference?)
93>Done building project "Hrot.Hsm.Editor.Tests.csproj" -- FAILED.
95>D:\Work\IOS-IG-SimHost-FDP-2\Hrot\Subsystems\Hrot.StrideMock\FakeStrideEffect.cs(2,12,2,14): error CS0234: The type or namespace name 'IG' does not exist in the namespace 'Hrot' (are you missing an assembly reference?)
95>D:\Work\IOS-IG-SimHost-FDP-2\Hrot\Subsystems\Hrot.StrideMock\StrideMockSubsystem.cs(5,7,5,10): error CS0246: The type or namespace name 'Fdp' could not be found (are you missing a using directive or an assembly reference?)
95>D:\Work\IOS-IG-SimHost-FDP-2\Hrot\Subsystems\Hrot.StrideMock\StrideMockSubsystem.cs(6,7,6,10): error CS0246: The type or namespace name 'Fdp' could not be found (are you missing a using directive or an assembly reference?)
95>D:\Work\IOS-IG-SimHost-FDP-2\Hrot\Subsystems\Hrot.StrideMock\StrideMockSubsystem.cs(7,7,7,10): error CS0246: The type or namespace name 'Fdp' could not be found (are you missing a using directive or an assembly reference?)
95>D:\Work\IOS-IG-SimHost-FDP-2\Hrot\Subsystems\Hrot.StrideMock\StrideMockSubsystem.cs(8,7,8,10): error CS0246: The type or namespace name 'Fdp' could not be found (are you missing a using directive or an assembly reference?)
95>D:\Work\IOS-IG-SimHost-FDP-2\Hrot\Subsystems\Hrot.StrideMock\StrideMockSubsystem.cs(9,7,9,10): error CS0246: The type or namespace name 'Fdp' could not be found (are you missing a using directive or an assembly reference?)
95>D:\Work\IOS-IG-SimHost-FDP-2\Hrot\Subsystems\Hrot.StrideMock\StrideMockSubsystem.cs(10,7,10,10): error CS0246: The type or namespace name 'Fdp' could not be found (are you missing a using directive or an assembly reference?)
95>D:\Work\IOS-IG-SimHost-FDP-2\Hrot\Subsystems\Hrot.StrideMock\StrideMockSubsystem.cs(11,7,11,10): error CS0246: The type or namespace name 'Fdp' could not be found (are you missing a using directive or an assembly reference?)
95>D:\Work\IOS-IG-SimHost-FDP-2\Hrot\Subsystems\Hrot.StrideMock\StrideMockSubsystem.cs(12,7,12,10): error CS0246: The type or namespace name 'Fdp' could not be found (are you missing a using directive or an assembly reference?)
95>D:\Work\IOS-IG-SimHost-FDP-2\Hrot\Subsystems\Hrot.StrideMock\StrideMockSubsystem.cs(13,7,13,10): error CS0246: The type or namespace name 'Fdp' could not be found (are you missing a using directive or an assembly reference?)
95>D:\Work\IOS-IG-SimHost-FDP-2\Hrot\Subsystems\Hrot.StrideMock\StrideMockSubsystem.cs(14,7,14,10): error CS0246: The type or namespace name 'Fdp' could not be found (are you missing a using directive or an assembly reference?)
95>D:\Work\IOS-IG-SimHost-FDP-2\Hrot\Subsystems\Hrot.StrideMock\StrideMockSubsystem.cs(15,7,15,10): error CS0246: The type or namespace name 'Fdp' could not be found (are you missing a using directive or an assembly reference?)
95>D:\Work\IOS-IG-SimHost-FDP-2\Hrot\Subsystems\Hrot.StrideMock\StrideMockSubsystem.cs(16,12,16,18): error CS0234: The type or namespace name 'Common' does not exist in the namespace 'Hrot' (are you missing an assembly reference?)
95>D:\Work\IOS-IG-SimHost-FDP-2\Hrot\Subsystems\Hrot.StrideMock\StrideMockSubsystem.cs(17,12,17,18): error CS0234: The type or namespace name 'Common' does not exist in the namespace 'Hrot' (are you missing an assembly reference?)
95>D:\Work\IOS-IG-SimHost-FDP-2\Hrot\Subsystems\Hrot.StrideMock\StrideMockSubsystem.cs(18,12,18,14): error CS0234: The type or namespace name 'IG' does not exist in the namespace 'Hrot' (are you missing an assembly reference?)
95>D:\Work\IOS-IG-SimHost-FDP-2\Hrot\Subsystems\Hrot.StrideMock\StrideMockSubsystem.cs(19,12,19,15): error CS0234: The type or namespace name 'Map' does not exist in the namespace 'Hrot' (are you missing an assembly reference?)
95>D:\Work\IOS-IG-SimHost-FDP-2\Hrot\Subsystems\Hrot.StrideMock\StrideMockSubsystem.cs(20,12,20,24): error CS0234: The type or namespace name 'Presentation' does not exist in the namespace 'Hrot' (are you missing an assembly reference?)
95>D:\Work\IOS-IG-SimHost-FDP-2\Hrot\Subsystems\Hrot.StrideMock\StrideNodeBootstrapper.cs(3,7,3,10): error CS0246: The type or namespace name 'Fdp' could not be found (are you missing a using directive or an assembly reference?)
95>D:\Work\IOS-IG-SimHost-FDP-2\Hrot\Subsystems\Hrot.StrideMock\StrideNodeBootstrapper.cs(4,7,4,10): error CS0246: The type or namespace name 'Fdp' could not be found (are you missing a using directive or an assembly reference?)
95>D:\Work\IOS-IG-SimHost-FDP-2\Hrot\Subsystems\Hrot.StrideMock\StrideNodeBootstrapper.cs(5,7,5,10): error CS0246: The type or namespace name 'Fdp' could not be found (are you missing a using directive or an assembly reference?)
95>D:\Work\IOS-IG-SimHost-FDP-2\Hrot\Subsystems\Hrot.StrideMock\StrideNodeBootstrapper.cs(6,7,6,10): error CS0246: The type or namespace name 'Fdp' could not be found (are you missing a using directive or an assembly reference?)
95>D:\Work\IOS-IG-SimHost-FDP-2\Hrot\Subsystems\Hrot.StrideMock\StrideNodeBootstrapper.cs(7,7,7,10): error CS0246: The type or namespace name 'Fdp' could not be found (are you missing a using directive or an assembly reference?)
95>D:\Work\IOS-IG-SimHost-FDP-2\Hrot\Subsystems\Hrot.StrideMock\StrideNodeBootstrapper.cs(8,7,8,10): error CS0246: The type or namespace name 'Fdp' could not be found (are you missing a using directive or an assembly reference?)
95>D:\Work\IOS-IG-SimHost-FDP-2\Hrot\Subsystems\Hrot.StrideMock\StrideNodeBootstrapper.cs(9,7,9,10): error CS0246: The type or namespace name 'Fdp' could not be found (are you missing a using directive or an assembly reference?)
95>D:\Work\IOS-IG-SimHost-FDP-2\Hrot\Subsystems\Hrot.StrideMock\StrideNodeBootstrapper.cs(10,7,10,10): error CS0246: The type or namespace name 'Fdp' could not be found (are you missing a using directive or an assembly reference?)
95>D:\Work\IOS-IG-SimHost-FDP-2\Hrot\Subsystems\Hrot.StrideMock\StrideNodeBootstrapper.cs(11,7,11,10): error CS0246: The type or namespace name 'Fdp' could not be found (are you missing a using directive or an assembly reference?)
95>D:\Work\IOS-IG-SimHost-FDP-2\Hrot\Subsystems\Hrot.StrideMock\StrideNodeBootstrapper.cs(12,7,12,10): error CS0246: The type or namespace name 'Fdp' could not be found (are you missing a using directive or an assembly reference?)
95>D:\Work\IOS-IG-SimHost-FDP-2\Hrot\Subsystems\Hrot.StrideMock\StrideNodeBootstrapper.cs(13,7,13,10): error CS0246: The type or namespace name 'Fdp' could not be found (are you missing a using directive or an assembly reference?)
95>D:\Work\IOS-IG-SimHost-FDP-2\Hrot\Subsystems\Hrot.StrideMock\StrideNodeBootstrapper.cs(14,7,14,10): error CS0246: The type or namespace name 'Fdp' could not be found (are you missing a using directive or an assembly reference?)
95>D:\Work\IOS-IG-SimHost-FDP-2\Hrot\Subsystems\Hrot.StrideMock\StrideNodeBootstrapper.cs(15,12,15,18): error CS0234: The type or namespace name 'Common' does not exist in the namespace 'Hrot' (are you missing an assembly reference?)
95>D:\Work\IOS-IG-SimHost-FDP-2\Hrot\Subsystems\Hrot.StrideMock\StrideNodeBootstrapper.cs(16,12,16,18): error CS0234: The type or namespace name 'Common' does not exist in the namespace 'Hrot' (are you missing an assembly reference?)
95>D:\Work\IOS-IG-SimHost-FDP-2\Hrot\Subsystems\Hrot.StrideMock\StrideNodeBootstrapper.cs(17,12,17,16): error CS0234: The type or namespace name 'Core' does not exist in the namespace 'Hrot' (are you missing an assembly reference?)
95>D:\Work\IOS-IG-SimHost-FDP-2\Hrot\Subsystems\Hrot.StrideMock\StrideNodeBootstrapper.cs(18,12,18,14): error CS0234: The type or namespace name 'IG' does not exist in the namespace 'Hrot' (are you missing an assembly reference?)
95>D:\Work\IOS-IG-SimHost-FDP-2\Hrot\Subsystems\Hrot.StrideMock\StrideNodeBootstrapper.cs(19,12,19,19): error CS0234: The type or namespace name 'Network' does not exist in the namespace 'Hrot' (are you missing an assembly reference?)
95>D:\Work\IOS-IG-SimHost-FDP-2\Hrot\Subsystems\Hrot.StrideMock\StrideNodeBootstrapper.cs(20,12,20,14): error CS0234: The type or namespace name 'IG' does not exist in the namespace 'Hrot' (are you missing an assembly reference?)
95>D:\Work\IOS-IG-SimHost-FDP-2\Hrot\Subsystems\Hrot.StrideMock\StrideNodeBootstrapper.cs(21,12,21,15): error CS0234: The type or namespace name 'Map' does not exist in the namespace 'Hrot' (are you missing an assembly reference?)
95>D:\Work\IOS-IG-SimHost-FDP-2\Hrot\Subsystems\Hrot.StrideMock\StrideNodeBootstrapper.cs(22,12,22,19): error CS0234: The type or namespace name 'SimHost' does not exist in the namespace 'Hrot' (are you missing an assembly reference?)
95>D:\Work\IOS-IG-SimHost-FDP-2\Hrot\Subsystems\Hrot.StrideMock\StrideNodeBootstrapper.cs(23,12,23,19): error CS0234: The type or namespace name 'SimHost' does not exist in the namespace 'Hrot' (are you missing an assembly reference?)
95>D:\Work\IOS-IG-SimHost-FDP-2\Hrot\Subsystems\Hrot.StrideMock\StrideNodeBootstrapper.cs(24,12,24,19): error CS0234: The type or namespace name 'SimHost' does not exist in the namespace 'Hrot' (are you missing an assembly reference?)
95>D:\Work\IOS-IG-SimHost-FDP-2\Hrot\Subsystems\Hrot.StrideMock\StrideNodeBootstrapper.cs(25,12,25,19): error CS0234: The type or namespace name 'SimHost' does not exist in the namespace 'Hrot' (are you missing an assembly reference?)
95>D:\Work\IOS-IG-SimHost-FDP-2\Hrot\Subsystems\Hrot.StrideMock\SyncFdpToStrideScript.cs(4,7,4,10): error CS0246: The type or namespace name 'Fdp' could not be found (are you missing a using directive or an assembly reference?)
95>D:\Work\IOS-IG-SimHost-FDP-2\Hrot\Subsystems\Hrot.StrideMock\SyncFdpToStrideScript.cs(5,7,5,10): error CS0246: The type or namespace name 'Fdp' could not be found (are you missing a using directive or an assembly reference?)
95>D:\Work\IOS-IG-SimHost-FDP-2\Hrot\Subsystems\Hrot.StrideMock\SyncFdpToStrideScript.cs(6,7,6,10): error CS0246: The type or namespace name 'Fdp' could not be found (are you missing a using directive or an assembly reference?)
95>D:\Work\IOS-IG-SimHost-FDP-2\Hrot\Subsystems\Hrot.StrideMock\SyncFdpToStrideScript.cs(7,12,7,14): error CS0234: The type or namespace name 'IG' does not exist in the namespace 'Hrot' (are you missing an assembly reference?)
95>D:\Work\IOS-IG-SimHost-FDP-2\Hrot\Subsystems\Hrot.StrideMock\FakeStrideEffect.cs(14,12,14,22): error CS0246: The type or namespace name 'EffectType' could not be found (are you missing a using directive or an assembly reference?)
95>D:\Work\IOS-IG-SimHost-FDP-2\Hrot\Subsystems\Hrot.StrideMock\StrideNodeBootstrapper.cs(52,46,52,75): error CS0246: The type or namespace name 'SharedApplicationBootstrapper' could not be found (are you missing a using directive or an assembly reference?)
95>D:\Work\IOS-IG-SimHost-FDP-2\Hrot\Subsystems\Hrot.StrideMock\StrideMockSubsystem.cs(36,43,36,53): error CS0246: The type or namespace name 'ISubsystem' could not be found (are you missing a using directive or an assembly reference?)
95>D:\Work\IOS-IG-SimHost-FDP-2\Hrot\Subsystems\Hrot.StrideMock\StrideMockSubsystem.cs(36,55,36,73): error CS0246: The type or namespace name 'IMapCameraProvider' could not be found (are you missing a using directive or an assembly reference?)
95>D:\Work\IOS-IG-SimHost-FDP-2\Hrot\Subsystems\Hrot.StrideMock\StrideMockSubsystem.cs(36,75,36,91): error CS0246: The type or namespace name 'IWindowRegistrar' could not be found (are you missing a using directive or an assembly reference?)
95>D:\Work\IOS-IG-SimHost-FDP-2\Hrot\Subsystems\Hrot.StrideMock\SyncFdpToStrideScript.cs(59,12,59,24): error CS0246: The type or namespace name 'ClusterState' could not be found (are you missing a using directive or an assembly reference?)
95>D:\Work\IOS-IG-SimHost-FDP-2\Hrot\Subsystems\Hrot.StrideMock\StrideMockSubsystem.cs(49,27,49,31): error CS0234: The type or namespace name 'Core' does not exist in the namespace 'Hrot' (are you missing an assembly reference?)
95>D:\Work\IOS-IG-SimHost-FDP-2\Hrot\Subsystems\Hrot.StrideMock\StrideNodeBootstrapper.cs(135,9,135,23): error CS0246: The type or namespace name 'HrotNodeConfig' could not be found (are you missing a using directive or an assembly reference?)
95>D:\Work\IOS-IG-SimHost-FDP-2\Hrot\Subsystems\Hrot.StrideMock\StrideNodeBootstrapper.cs(136,9,136,17): error CS0246: The type or namespace name 'NodeRole' could not be found (are you missing a using directive or an assembly reference?)
95>D:\Work\IOS-IG-SimHost-FDP-2\Hrot\Subsystems\Hrot.StrideMock\StrideNodeBootstrapper.cs(137,9,137,24): error CS0246: The type or namespace name 'INetworkFactory' could not be found (are you missing a using directive or an assembly reference?)
95>D:\Work\IOS-IG-SimHost-FDP-2\Hrot\Subsystems\Hrot.StrideMock\StrideNodeBootstrapper.cs(134,16,134,31): error CS0246: The type or namespace name 'HrotNodeContext' could not be found (are you missing a using directive or an assembly reference?)
95>D:\Work\IOS-IG-SimHost-FDP-2\Hrot\Subsystems\Hrot.StrideMock\SyncFdpToStrideScript.cs(174,42,174,54): error CS0246: The type or namespace name 'ClusterState' could not be found (are you missing a using directive or an assembly reference?)
95>D:\Work\IOS-IG-SimHost-FDP-2\Hrot\Subsystems\Hrot.StrideMock\StrideNodeBootstrapper.cs(185,56,185,71): error CS0246: The type or namespace name 'HrotNodeContext' could not be found (are you missing a using directive or an assembly reference?)
95>D:\Work\IOS-IG-SimHost-FDP-2\Hrot\Subsystems\Hrot.StrideMock\StrideMockSubsystem.cs(56,22,56,42): error CS0246: The type or namespace name 'EntityInspectorPanel' could not be found (are you missing a using directive or an assembly reference?)
95>D:\Work\IOS-IG-SimHost-FDP-2\Hrot\Subsystems\Hrot.StrideMock\StrideMockSubsystem.cs(57,13,57,30): error CS0246: The type or namespace name 'EventBrowserPanel' could not be found (are you missing a using directive or an assembly reference?)
95>D:\Work\IOS-IG-SimHost-FDP-2\Hrot\Subsystems\Hrot.StrideMock\SyncFdpToStrideScript.cs(39,33,39,39): error CS0246: The type or namespace name 'Entity' could not be found (are you missing a using directive or an assembly reference?)
95>D:\Work\IOS-IG-SimHost-FDP-2\Hrot\Subsystems\Hrot.StrideMock\StrideMockSubsystem.cs(58,22,58,51): error CS0246: The type or namespace name 'DiagnosticEventHistoryService' could not be found (are you missing a using directive or an assembly reference?)
95>D:\Work\IOS-IG-SimHost-FDP-2\Hrot\Subsystems\Hrot.StrideMock\StrideNodeBootstrapper.cs(191,53,191,67): error CS0246: The type or namespace name 'HrotNodeConfig' could not be found (are you missing a using directive or an assembly reference?)
95>D:\Work\IOS-IG-SimHost-FDP-2\Hrot\Subsystems\Hrot.StrideMock\StrideNodeBootstrapper.cs(191,76,191,84): error CS0246: The type or namespace name 'NodeRole' could not be found (are you missing a using directive or an assembly reference?)
95>D:\Work\IOS-IG-SimHost-FDP-2\Hrot\Subsystems\Hrot.StrideMock\StrideNodeBootstrapper.cs(191,91,191,106): error CS0246: The type or namespace name 'INetworkFactory' could not be found (are you missing a using directive or an assembly reference?)
95>D:\Work\IOS-IG-SimHost-FDP-2\Hrot\Subsystems\Hrot.StrideMock\StrideNodeBootstrapper.cs(191,24,191,39): error CS0246: The type or namespace name 'HrotNodeContext' could not be found (are you missing a using directive or an assembly reference?)
95>D:\Work\IOS-IG-SimHost-FDP-2\Hrot\Subsystems\Hrot.StrideMock\SyncFdpToStrideScript.cs(40,33,40,39): error CS0246: The type or namespace name 'Entity' could not be found (are you missing a using directive or an assembly reference?)
95>D:\Work\IOS-IG-SimHost-FDP-2\Hrot\Subsystems\Hrot.StrideMock\StrideMockSubsystem.cs(59,13,59,30): error CS0246: The type or namespace name 'RepositoryAdapter' could not be found (are you missing a using directive or an assembly reference?)
95>D:\Work\IOS-IG-SimHost-FDP-2\Hrot\Subsystems\Hrot.StrideMock\StrideNodeBootstrapper.cs(202,54,202,70): error CS0246: The type or namespace name 'EntityRepository' could not be found (are you missing a using directive or an assembly reference?)
95>D:\Work\IOS-IG-SimHost-FDP-2\Hrot\Subsystems\Hrot.StrideMock\StrideMockSubsystem.cs(60,22,60,36): error CS0246: The type or namespace name 'InspectorState' could not be found (are you missing a using directive or an assembly reference?)
95>D:\Work\IOS-IG-SimHost-FDP-2\Hrot\Subsystems\Hrot.StrideMock\StrideMockSubsystem.cs(69,37,69,41): error CS0234: The type or namespace name 'Core' does not exist in the namespace 'Hrot' (are you missing an assembly reference?)
95>D:\Work\IOS-IG-SimHost-FDP-2\Hrot\Subsystems\Hrot.StrideMock\SyncFdpToStrideScript.cs(44,27,44,33): error CS0246: The type or namespace name 'Entity' could not be found (are you missing a using directive or an assembly reference?)
95>D:\Work\IOS-IG-SimHost-FDP-2\Hrot\Subsystems\Hrot.StrideMock\StrideMockSubsystem.cs(77,12,77,25): error CS0246: The type or namespace name 'MapCameraView' could not be found (are you missing a using directive or an assembly reference?)
95>D:\Work\IOS-IG-SimHost-FDP-2\Hrot\Subsystems\Hrot.StrideMock\StrideNodeBootstrapper.cs(227,59,227,75): error CS0246: The type or namespace name 'BehaviorRegistry' could not be found (are you missing a using directive or an assembly reference?)
95>D:\Work\IOS-IG-SimHost-FDP-2\Hrot\Subsystems\Hrot.StrideMock\StrideNodeBootstrapper.cs(227,24,227,42): error CS0246: The type or namespace name 'ScenarioSerializer' could not be found (are you missing a using directive or an assembly reference?)
95>D:\Work\IOS-IG-SimHost-FDP-2\Hrot\Subsystems\Hrot.StrideMock\StrideMockSubsystem.cs(80,33,80,46): error CS0246: The type or namespace name 'MapCameraView' could not be found (are you missing a using directive or an assembly reference?)
95>D:\Work\IOS-IG-SimHost-FDP-2\Hrot\Subsystems\Hrot.StrideMock\StrideMockSubsystem.cs(85,33,85,46): error CS0246: The type or namespace name 'WindowManager' could not be found (are you missing a using directive or an assembly reference?)
95>D:\Work\IOS-IG-SimHost-FDP-2\Hrot\Subsystems\Hrot.StrideMock\StrideMockSubsystem.cs(132,28,132,43): error CS0246: The type or namespace name 'SubsystemConfig' could not be found (are you missing a using directive or an assembly reference?)
95>D:\Work\IOS-IG-SimHost-FDP-2\Hrot\Subsystems\Hrot.StrideMock\StrideNodeBootstrapper.cs(232,9,232,24): error CS0246: The type or namespace name 'HrotNodeContext' could not be found (are you missing a using directive or an assembly reference?)
95>D:\Work\IOS-IG-SimHost-FDP-2\Hrot\Subsystems\Hrot.StrideMock\StrideNodeBootstrapper.cs(233,14,233,30): error CS0246: The type or namespace name 'IEcsModuleSystem' could not be found (are you missing a using directive or an assembly reference?)
95>D:\Work\IOS-IG-SimHost-FDP-2\Hrot\Subsystems\Hrot.StrideMock\StrideNodeBootstrapper.cs(234,14,234,30): error CS0246: The type or namespace name 'IEcsModuleSystem' could not be found (are you missing a using directive or an assembly reference?)
95>D:\Work\IOS-IG-SimHost-FDP-2\Hrot\Subsystems\Hrot.StrideMock\StrideNodeBootstrapper.cs(235,14,235,30): error CS0246: The type or namespace name 'IEcsModuleSystem' could not be found (are you missing a using directive or an assembly reference?)
95>D:\Work\IOS-IG-SimHost-FDP-2\Hrot\Subsystems\Hrot.StrideMock\StrideNodeBootstrapper.cs(246,36,246,46): error CS0246: The type or namespace name 'IEcsModule' could not be found (are you missing a using directive or an assembly reference?)
95>D:\Work\IOS-IG-SimHost-FDP-2\Hrot\Subsystems\Hrot.StrideMock\StrideNodeBootstrapper.cs(256,9,256,24): error CS0246: The type or namespace name 'HrotNodeContext' could not be found (are you missing a using directive or an assembly reference?)
95>D:\Work\IOS-IG-SimHost-FDP-2\Hrot\Subsystems\Hrot.StrideMock\StrideNodeBootstrapper.cs(257,9,257,33): error CS0246: The type or namespace name 'TogglableSimulationGroup' could not be found (are you missing a using directive or an assembly reference?)
95>D:\Work\IOS-IG-SimHost-FDP-2\Hrot\Subsystems\Hrot.StrideMock\StrideNodeBootstrapper.cs(258,9,258,37): error CS0246: The type or namespace name 'TogglablePostSimulationGroup' could not be found (are you missing a using directive or an assembly reference?)
95>D:\Work\IOS-IG-SimHost-FDP-2\Hrot\Subsystems\Hrot.StrideMock\StrideNodeBootstrapper.cs(259,9,259,27): error CS0246: The type or namespace name 'ScenarioSerializer' could not be found (are you missing a using directive or an assembly reference?)
95>D:\Work\IOS-IG-SimHost-FDP-2\Hrot\Subsystems\Hrot.StrideMock\StrideNodeBootstrapper.cs(255,24,255,36): error CS0246: The type or namespace name 'ClusterSlave' could not be found (are you missing a using directive or an assembly reference?)
95>D:\Work\IOS-IG-SimHost-FDP-2\Hrot\Subsystems\Hrot.StrideMock\StrideNodeBootstrapper.cs(283,54,283,69): error CS0246: The type or namespace name 'HrotNodeContext' could not be found (are you missing a using directive or an assembly reference?)
95>D:\Work\IOS-IG-SimHost-FDP-2\Hrot\Subsystems\Hrot.StrideMock\StrideNodeBootstrapper.cs(309,9,309,24): error CS0246: The type or namespace name 'HrotNodeContext' could not be found (are you missing a using directive or an assembly reference?)
95>D:\Work\IOS-IG-SimHost-FDP-2\Hrot\Subsystems\Hrot.StrideMock\StrideNodeBootstrapper.cs(310,9,310,24): error CS0246: The type or namespace name 'INetworkFactory' could not be found (are you missing a using directive or an assembly reference?)
95>D:\Work\IOS-IG-SimHost-FDP-2\Hrot\Subsystems\Hrot.StrideMock\StrideNodeBootstrapper.cs(55,28,55,36): error CS0246: The type or namespace name 'NodeRole' could not be found (are you missing a using directive or an assembly reference?)
95>D:\Work\IOS-IG-SimHost-FDP-2\Hrot\Subsystems\Hrot.StrideMock\StrideNodeBootstrapper.cs(59,22,59,32): error CS0246: The type or namespace name 'IEcsModule' could not be found (are you missing a using directive or an assembly reference?)
95>D:\Work\IOS-IG-SimHost-FDP-2\Hrot\Subsystems\Hrot.StrideMock\StrideNodeBootstrapper.cs(60,22,60,32): error CS0246: The type or namespace name 'IEcsModule' could not be found (are you missing a using directive or an assembly reference?)
95>D:\Work\IOS-IG-SimHost-FDP-2\Hrot\Subsystems\Hrot.StrideMock\StrideNodeBootstrapper.cs(61,22,61,32): error CS0246: The type or namespace name 'IEcsModule' could not be found (are you missing a using directive or an assembly reference?)
95>D:\Work\IOS-IG-SimHost-FDP-2\Hrot\Subsystems\Hrot.StrideMock\StrideNodeBootstrapper.cs(62,22,62,32): error CS0246: The type or namespace name 'IEcsModule' could not be found (are you missing a using directive or an assembly reference?)
95>D:\Work\IOS-IG-SimHost-FDP-2\Hrot\Subsystems\Hrot.StrideMock\StrideNodeBootstrapper.cs(65,13,65,27): error CS0246: The type or namespace name 'HrotNodeConfig' could not be found (are you missing a using directive or an assembly reference?)
95>D:\Work\IOS-IG-SimHost-FDP-2\Hrot\Subsystems\Hrot.StrideMock\StrideNodeBootstrapper.cs(66,13,66,21): error CS0246: The type or namespace name 'NodeRole' could not be found (are you missing a using directive or an assembly reference?)
95>D:\Work\IOS-IG-SimHost-FDP-2\Hrot\Subsystems\Hrot.StrideMock\StrideNodeBootstrapper.cs(67,13,67,29): error CS0246: The type or namespace name 'NodeBootstrapper' could not be found (are you missing a using directive or an assembly reference?)
95>D:\Work\IOS-IG-SimHost-FDP-2\Hrot\Subsystems\Hrot.StrideMock\StrideNodeBootstrapper.cs(72,12,72,27): error CS0246: The type or namespace name 'HrotNodeContext' could not be found (are you missing a using directive or an assembly reference?)
95>D:\Work\IOS-IG-SimHost-FDP-2\Hrot\Subsystems\Hrot.StrideMock\StrideNodeBootstrapper.cs(78,12,78,36): error CS0246: The type or namespace name 'TogglableSimulationGroup' could not be found (are you missing a using directive or an assembly reference?)
95>D:\Work\IOS-IG-SimHost-FDP-2\Hrot\Subsystems\Hrot.StrideMock\StrideNodeBootstrapper.cs(83,12,83,40): error CS0246: The type or namespace name 'TogglablePostSimulationGroup' could not be found (are you missing a using directive or an assembly reference?)
95>D:\Work\IOS-IG-SimHost-FDP-2\Hrot\Subsystems\Hrot.StrideMock\StrideNodeBootstrapper.cs(89,19,89,34): error CS0246: The type or namespace name 'HrotNodeContext' could not be found (are you missing a using directive or an assembly reference?)
95>D:\Work\IOS-IG-SimHost-FDP-2\Hrot\Subsystems\Hrot.StrideMock\StrideNodeBootstrapper.cs(95,12,95,32): error CS0246: The type or namespace name 'DebugPrimitiveBuffer' could not be found (are you missing a using directive or an assembly reference?)
95>D:\Work\IOS-IG-SimHost-FDP-2\Hrot\Subsystems\Hrot.StrideMock\StrideNodeBootstrapper.cs(101,12,101,32): error CS0246: The type or namespace name 'DebugPrimitiveBuffer' could not be found (are you missing a using directive or an assembly reference?)
95>D:\Work\IOS-IG-SimHost-FDP-2\Hrot\Subsystems\Hrot.StrideMock\StrideNodeBootstrapper.cs(104,12,104,21): error CS0246: The type or namespace name 'MapCamera' could not be found (are you missing a using directive or an assembly reference?)
95>D:\Work\IOS-IG-SimHost-FDP-2\Hrot\Subsystems\Hrot.StrideMock\StrideNodeBootstrapper.cs(113,9,113,19): error CS0246: The type or namespace name 'IEcsModule' could not be found (are you missing a using directive or an assembly reference?)
95>D:\Work\IOS-IG-SimHost-FDP-2\Hrot\Subsystems\Hrot.StrideMock\StrideNodeBootstrapper.cs(114,9,114,19): error CS0246: The type or namespace name 'IEcsModule' could not be found (are you missing a using directive or an assembly reference?)
95>D:\Work\IOS-IG-SimHost-FDP-2\Hrot\Subsystems\Hrot.StrideMock\StrideNodeBootstrapper.cs(115,9,115,19): error CS0246: The type or namespace name 'IEcsModule' could not be found (are you missing a using directive or an assembly reference?)
95>D:\Work\IOS-IG-SimHost-FDP-2\Hrot\Subsystems\Hrot.StrideMock\StrideNodeBootstrapper.cs(116,9,116,19): error CS0246: The type or namespace name 'IEcsModule' could not be found (are you missing a using directive or an assembly reference?)
95>Done building project "Hrot.StrideMock.csproj" -- FAILED.
96>D:\Work\IOS-IG-SimHost-FDP-2\Hrot\Engine\Hrot.Presentation.Tests\Behavior\BehaviorUiCompilerTests.cs(2,7,2,10): error CS0246: The type or namespace name 'Fdp' could not be found (are you missing a using directive or an assembly reference?)
96>D:\Work\IOS-IG-SimHost-FDP-2\Hrot\Engine\Hrot.Presentation.Tests\Behavior\BehaviorUiCompilerTests.cs(3,25,3,33): error CS0234: The type or namespace name 'Behavior' does not exist in the namespace 'Hrot.Presentation' (are you missing an assembly reference?)
96>D:\Work\IOS-IG-SimHost-FDP-2\Hrot\Engine\Hrot.Presentation.Tests\Behavior\BrainBlackboardRendererTests.cs(3,7,3,10): error CS0246: The type or namespace name 'Fdp' could not be found (are you missing a using directive or an assembly reference?)
96>D:\Work\IOS-IG-SimHost-FDP-2\Hrot\Engine\Hrot.Presentation.Tests\Behavior\BrainBlackboardRendererTests.cs(4,7,4,10): error CS0246: The type or namespace name 'Fdp' could not be found (are you missing a using directive or an assembly reference?)
96>D:\Work\IOS-IG-SimHost-FDP-2\Hrot\Engine\Hrot.Presentation.Tests\Behavior\BrainBlackboardRendererTests.cs(5,7,5,10): error CS0246: The type or namespace name 'Fdp' could not be found (are you missing a using directive or an assembly reference?)
96>D:\Work\IOS-IG-SimHost-FDP-2\Hrot\Engine\Hrot.Presentation.Tests\Behavior\BrainBlackboardRendererTests.cs(6,7,6,10): error CS0246: The type or namespace name 'Fdp' could not be found (are you missing a using directive or an assembly reference?)
96>D:\Work\IOS-IG-SimHost-FDP-2\Hrot\Engine\Hrot.Presentation.Tests\Behavior\BrainBlackboardRendererTests.cs(7,25,7,34): error CS0234: The type or namespace name 'Renderers' does not exist in the namespace 'Hrot.Presentation' (are you missing an assembly reference?)
96>D:\Work\IOS-IG-SimHost-FDP-2\Hrot\Engine\Hrot.Presentation.Tests\Behavior\BTreeVisualizerRendererTests.cs(1,7,1,10): error CS0246: The type or namespace name 'Fbt' could not be found (are you missing a using directive or an assembly reference?)
96>D:\Work\IOS-IG-SimHost-FDP-2\Hrot\Engine\Hrot.Presentation.Tests\Behavior\BTreeVisualizerRendererTests.cs(2,25,2,34): error CS0234: The type or namespace name 'Renderers' does not exist in the namespace 'Hrot.Presentation' (are you missing an assembly reference?)
96>D:\Work\IOS-IG-SimHost-FDP-2\Hrot\Engine\Hrot.Presentation.Tests\Behavior\MissionPanelRegistryTests.cs(1,7,1,10): error CS0246: The type or namespace name 'Fdp' could not be found (are you missing a using directive or an assembly reference?)
96>D:\Work\IOS-IG-SimHost-FDP-2\Hrot\Engine\Hrot.Presentation.Tests\Behavior\MissionPanelRegistryTests.cs(2,12,2,16): error CS0234: The type or namespace name 'Core' does not exist in the namespace 'Hrot' (are you missing an assembly reference?)
96>D:\Work\IOS-IG-SimHost-FDP-2\Hrot\Engine\Hrot.Presentation.Tests\Behavior\MissionPanelRegistryTests.cs(3,25,3,33): error CS0234: The type or namespace name 'Behavior' does not exist in the namespace 'Hrot.Presentation' (are you missing an assembly reference?)
96>D:\Work\IOS-IG-SimHost-FDP-2\Hrot\Engine\Hrot.Presentation.Tests\Behavior\MissionPanelRegistryTests.cs(4,12,4,14): error CS0234: The type or namespace name 'UI' does not exist in the namespace 'Hrot' (are you missing an assembly reference?)
96>D:\Work\IOS-IG-SimHost-FDP-2\Hrot\Engine\Hrot.Presentation.Tests\Behavior\MissionPanelRegistryTests.cs(5,12,5,14): error CS0234: The type or namespace name 'UI' does not exist in the namespace 'Hrot' (are you missing an assembly reference?)
96>D:\Work\IOS-IG-SimHost-FDP-2\Hrot\Engine\Hrot.Presentation.Tests\EntityDragGizmoTests.cs(3,7,3,15): error CS0246: The type or namespace name 'CarKinem' could not be found (are you missing a using directive or an assembly reference?)
96>D:\Work\IOS-IG-SimHost-FDP-2\Hrot\Engine\Hrot.Presentation.Tests\EntityDragGizmoTests.cs(4,7,4,10): error CS0246: The type or namespace name 'Fdp' could not be found (are you missing a using directive or an assembly reference?)
96>D:\Work\IOS-IG-SimHost-FDP-2\Hrot\Engine\Hrot.Presentation.Tests\EntityDragGizmoTests.cs(5,7,5,10): error CS0246: The type or namespace name 'Fdp' could not be found (are you missing a using directive or an assembly reference?)
96>D:\Work\IOS-IG-SimHost-FDP-2\Hrot\Engine\Hrot.Presentation.Tests\EntityDragGizmoTests.cs(6,7,6,10): error CS0246: The type or namespace name 'Fdp' could not be found (are you missing a using directive or an assembly reference?)
96>D:\Work\IOS-IG-SimHost-FDP-2\Hrot\Engine\Hrot.Presentation.Tests\EntityDragGizmoTests.cs(7,7,7,10): error CS0246: The type or namespace name 'Fdp' could not be found (are you missing a using directive or an assembly reference?)
96>D:\Work\IOS-IG-SimHost-FDP-2\Hrot\Engine\Hrot.Presentation.Tests\EntityDragGizmoTests.cs(8,7,8,10): error CS0246: The type or namespace name 'Fdp' could not be found (are you missing a using directive or an assembly reference?)
96>D:\Work\IOS-IG-SimHost-FDP-2\Hrot\Engine\Hrot.Presentation.Tests\EntityDragGizmoTests.cs(9,12,9,15): error CS0234: The type or namespace name 'Map' does not exist in the namespace 'Hrot' (are you missing an assembly reference?)
96>D:\Work\IOS-IG-SimHost-FDP-2\Hrot\Engine\Hrot.Presentation.Tests\EntityDragGizmoTests.cs(10,27,10,33): error CS0234: The type or namespace name 'Gizmos' does not exist in the namespace 'Hrot.ScenarioEditor' (are you missing an assembly reference?)
96>D:\Work\IOS-IG-SimHost-FDP-2\Hrot\Engine\Hrot.Presentation.Tests\EntityPlacementGizmoTests.cs(4,7,4,10): error CS0246: The type or namespace name 'Fdp' could not be found (are you missing a using directive or an assembly reference?)
96>D:\Work\IOS-IG-SimHost-FDP-2\Hrot\Engine\Hrot.Presentation.Tests\EntityPlacementGizmoTests.cs(5,7,5,10): error CS0246: The type or namespace name 'Fdp' could not be found (are you missing a using directive or an assembly reference?)
96>D:\Work\IOS-IG-SimHost-FDP-2\Hrot\Engine\Hrot.Presentation.Tests\EntityPlacementGizmoTests.cs(6,27,6,33): error CS0234: The type or namespace name 'Gizmos' does not exist in the namespace 'Hrot.ScenarioEditor' (are you missing an assembly reference?)
96>D:\Work\IOS-IG-SimHost-FDP-2\Hrot\Engine\Hrot.Presentation.Tests\RouteWaypointGizmoTests.cs(4,7,4,10): error CS0246: The type or namespace name 'Fdp' could not be found (are you missing a using directive or an assembly reference?)
96>D:\Work\IOS-IG-SimHost-FDP-2\Hrot\Engine\Hrot.Presentation.Tests\RouteWaypointGizmoTests.cs(5,7,5,10): error CS0246: The type or namespace name 'Fdp' could not be found (are you missing a using directive or an assembly reference?)
96>D:\Work\IOS-IG-SimHost-FDP-2\Hrot\Engine\Hrot.Presentation.Tests\RouteWaypointGizmoTests.cs(6,7,6,10): error CS0246: The type or namespace name 'Fdp' could not be found (are you missing a using directive or an assembly reference?)
96>D:\Work\IOS-IG-SimHost-FDP-2\Hrot\Engine\Hrot.Presentation.Tests\RouteWaypointGizmoTests.cs(7,7,7,10): error CS0246: The type or namespace name 'Fdp' could not be found (are you missing a using directive or an assembly reference?)
96>D:\Work\IOS-IG-SimHost-FDP-2\Hrot\Engine\Hrot.Presentation.Tests\RouteWaypointGizmoTests.cs(8,12,8,15): error CS0234: The type or namespace name 'Map' does not exist in the namespace 'Hrot' (are you missing an assembly reference?)
96>D:\Work\IOS-IG-SimHost-FDP-2\Hrot\Engine\Hrot.Presentation.Tests\RouteWaypointGizmoTests.cs(9,12,9,15): error CS0234: The type or namespace name 'Map' does not exist in the namespace 'Hrot' (are you missing an assembly reference?)
96>D:\Work\IOS-IG-SimHost-FDP-2\Hrot\Engine\Hrot.Presentation.Tests\RouteWaypointGizmoTests.cs(10,27,10,33): error CS0234: The type or namespace name 'Gizmos' does not exist in the namespace 'Hrot.ScenarioEditor' (are you missing an assembly reference?)
96>D:\Work\IOS-IG-SimHost-FDP-2\Hrot\Engine\Hrot.Presentation.Tests\ScenarioEditorModuleTests.cs(3,7,3,10): error CS0246: The type or namespace name 'Fdp' could not be found (are you missing a using directive or an assembly reference?)
96>D:\Work\IOS-IG-SimHost-FDP-2\Hrot\Engine\Hrot.Presentation.Tests\ScenarioFileServiceTests.cs(4,7,4,10): error CS0246: The type or namespace name 'Fdp' could not be found (are you missing a using directive or an assembly reference?)
96>D:\Work\IOS-IG-SimHost-FDP-2\Hrot\Engine\Hrot.Presentation.Tests\ScenarioFileServiceTests.cs(5,7,5,10): error CS0246: The type or namespace name 'Fdp' could not be found (are you missing a using directive or an assembly reference?)
96>D:\Work\IOS-IG-SimHost-FDP-2\Hrot\Engine\Hrot.Presentation.Tests\ScenarioFileServiceTests.cs(6,27,6,35): error CS0234: The type or namespace name 'Services' does not exist in the namespace 'Hrot.ScenarioEditor' (are you missing an assembly reference?)
96>D:\Work\IOS-IG-SimHost-FDP-2\Hrot\Engine\Hrot.Presentation.Tests\ScenarioFileServiceTkbTests.cs(5,7,5,10): error CS0246: The type or namespace name 'Fdp' could not be found (are you missing a using directive or an assembly reference?)
96>D:\Work\IOS-IG-SimHost-FDP-2\Hrot\Engine\Hrot.Presentation.Tests\ScenarioFileServiceTkbTests.cs(6,7,6,10): error CS0246: The type or namespace name 'Fdp' could not be found (are you missing a using directive or an assembly reference?)
96>D:\Work\IOS-IG-SimHost-FDP-2\Hrot\Engine\Hrot.Presentation.Tests\ScenarioFileServiceTkbTests.cs(7,7,7,10): error CS0246: The type or namespace name 'Fdp' could not be found (are you missing a using directive or an assembly reference?)
96>D:\Work\IOS-IG-SimHost-FDP-2\Hrot\Engine\Hrot.Presentation.Tests\ScenarioFileServiceTkbTests.cs(8,12,8,15): error CS0234: The type or namespace name 'Map' does not exist in the namespace 'Hrot' (are you missing an assembly reference?)
96>D:\Work\IOS-IG-SimHost-FDP-2\Hrot\Engine\Hrot.Presentation.Tests\ScenarioFileServiceTkbTests.cs(9,12,9,15): error CS0234: The type or namespace name 'Map' does not exist in the namespace 'Hrot' (are you missing an assembly reference?)
96>D:\Work\IOS-IG-SimHost-FDP-2\Hrot\Engine\Hrot.Presentation.Tests\ScenarioFileServiceTkbTests.cs(10,27,10,35): error CS0234: The type or namespace name 'Services' does not exist in the namespace 'Hrot.ScenarioEditor' (are you missing an assembly reference?)
96>D:\Work\IOS-IG-SimHost-FDP-2\Hrot\Engine\Hrot.Presentation.Tests\ScenarioFileServiceZoneTests.cs(6,7,6,10): error CS0246: The type or namespace name 'Fdp' could not be found (are you missing a using directive or an assembly reference?)
96>D:\Work\IOS-IG-SimHost-FDP-2\Hrot\Engine\Hrot.Presentation.Tests\ScenarioFileServiceZoneTests.cs(7,7,7,10): error CS0246: The type or namespace name 'Fdp' could not be found (are you missing a using directive or an assembly reference?)
96>D:\Work\IOS-IG-SimHost-FDP-2\Hrot\Engine\Hrot.Presentation.Tests\ScenarioFileServiceZoneTests.cs(8,12,8,15): error CS0234: The type or namespace name 'Map' does not exist in the namespace 'Hrot' (are you missing an assembly reference?)
96>D:\Work\IOS-IG-SimHost-FDP-2\Hrot\Engine\Hrot.Presentation.Tests\ScenarioFileServiceZoneTests.cs(9,12,9,15): error CS0234: The type or namespace name 'Map' does not exist in the namespace 'Hrot' (are you missing an assembly reference?)
96>D:\Work\IOS-IG-SimHost-FDP-2\Hrot\Engine\Hrot.Presentation.Tests\ScenarioFileServiceZoneTests.cs(10,12,10,15): error CS0234: The type or namespace name 'Map' does not exist in the namespace 'Hrot' (are you missing an assembly reference?)
96>D:\Work\IOS-IG-SimHost-FDP-2\Hrot\Engine\Hrot.Presentation.Tests\ScenarioFileServiceZoneTests.cs(11,27,11,35): error CS0234: The type or namespace name 'Services' does not exist in the namespace 'Hrot.ScenarioEditor' (are you missing an assembly reference?)
96>D:\Work\IOS-IG-SimHost-FDP-2\Hrot\Engine\Hrot.Presentation.Tests\SelectionInteractionSystemTests.cs(3,7,3,15): error CS0246: The type or namespace name 'CarKinem' could not be found (are you missing a using directive or an assembly reference?)
96>D:\Work\IOS-IG-SimHost-FDP-2\Hrot\Engine\Hrot.Presentation.Tests\SelectionInteractionSystemTests.cs(4,7,4,10): error CS0246: The type or namespace name 'Fdp' could not be found (are you missing a using directive or an assembly reference?)
96>D:\Work\IOS-IG-SimHost-FDP-2\Hrot\Engine\Hrot.Presentation.Tests\SelectionInteractionSystemTests.cs(5,7,5,10): error CS0246: The type or namespace name 'Fdp' could not be found (are you missing a using directive or an assembly reference?)
96>D:\Work\IOS-IG-SimHost-FDP-2\Hrot\Engine\Hrot.Presentation.Tests\SelectionInteractionSystemTests.cs(6,7,6,10): error CS0246: The type or namespace name 'Fdp' could not be found (are you missing a using directive or an assembly reference?)
96>D:\Work\IOS-IG-SimHost-FDP-2\Hrot\Engine\Hrot.Presentation.Tests\SelectionInteractionSystemTests.cs(7,7,7,10): error CS0246: The type or namespace name 'Fdp' could not be found (are you missing a using directive or an assembly reference?)
96>D:\Work\IOS-IG-SimHost-FDP-2\Hrot\Engine\Hrot.Presentation.Tests\SelectionInteractionSystemTests.cs(8,7,8,10): error CS0246: The type or namespace name 'Fdp' could not be found (are you missing a using directive or an assembly reference?)
96>D:\Work\IOS-IG-SimHost-FDP-2\Hrot\Engine\Hrot.Presentation.Tests\SelectionInteractionSystemTests.cs(9,7,9,10): error CS0246: The type or namespace name 'Fdp' could not be found (are you missing a using directive or an assembly reference?)
96>D:\Work\IOS-IG-SimHost-FDP-2\Hrot\Engine\Hrot.Presentation.Tests\SelectionInteractionSystemTests.cs(10,12,10,14): error CS0234: The type or namespace name 'IG' does not exist in the namespace 'Hrot' (are you missing an assembly reference?)
96>D:\Work\IOS-IG-SimHost-FDP-2\Hrot\Engine\Hrot.Presentation.Tests\SelectionInteractionSystemTests.cs(11,12,11,15): error CS0234: The type or namespace name 'Map' does not exist in the namespace 'Hrot' (are you missing an assembly reference?)
96>D:\Work\IOS-IG-SimHost-FDP-2\Hrot\Engine\Hrot.Presentation.Tests\SelectionInteractionSystemTests.cs(12,27,12,34): error CS0234: The type or namespace name 'Systems' does not exist in the namespace 'Hrot.ScenarioEditor' (are you missing an assembly reference?)
96>D:\Work\IOS-IG-SimHost-FDP-2\Hrot\Engine\Hrot.Presentation.Tests\ToolPresenceTests.cs(1,12,1,14): error CS0234: The type or namespace name 'IG' does not exist in the namespace 'Hrot' (are you missing an assembly reference?)
96>D:\Work\IOS-IG-SimHost-FDP-2\Hrot\Engine\Hrot.Presentation.Tests\VertexEditGizmoTests.cs(4,7,4,10): error CS0246: The type or namespace name 'Fdp' could not be found (are you missing a using directive or an assembly reference?)
96>D:\Work\IOS-IG-SimHost-FDP-2\Hrot\Engine\Hrot.Presentation.Tests\VertexEditGizmoTests.cs(5,7,5,10): error CS0246: The type or namespace name 'Fdp' could not be found (are you missing a using directive or an assembly reference?)
96>D:\Work\IOS-IG-SimHost-FDP-2\Hrot\Engine\Hrot.Presentation.Tests\VertexEditGizmoTests.cs(6,7,6,10): error CS0246: The type or namespace name 'Fdp' could not be found (are you missing a using directive or an assembly reference?)
96>D:\Work\IOS-IG-SimHost-FDP-2\Hrot\Engine\Hrot.Presentation.Tests\VertexEditGizmoTests.cs(7,7,7,10): error CS0246: The type or namespace name 'Fdp' could not be found (are you missing a using directive or an assembly reference?)
96>D:\Work\IOS-IG-SimHost-FDP-2\Hrot\Engine\Hrot.Presentation.Tests\VertexEditGizmoTests.cs(8,12,8,14): error CS0234: The type or namespace name 'IG' does not exist in the namespace 'Hrot' (are you missing an assembly reference?)
96>D:\Work\IOS-IG-SimHost-FDP-2\Hrot\Engine\Hrot.Presentation.Tests\VertexEditGizmoTests.cs(9,12,9,15): error CS0234: The type or namespace name 'Map' does not exist in the namespace 'Hrot' (are you missing an assembly reference?)
96>D:\Work\IOS-IG-SimHost-FDP-2\Hrot\Engine\Hrot.Presentation.Tests\VertexEditGizmoTests.cs(10,27,10,33): error CS0234: The type or namespace name 'Gizmos' does not exist in the namespace 'Hrot.ScenarioEditor' (are you missing an assembly reference?)
96>D:\Work\IOS-IG-SimHost-FDP-2\Hrot\Engine\Hrot.Presentation.Tests\WorldResetTests.cs(1,7,1,10): error CS0246: The type or namespace name 'Fdp' could not be found (are you missing a using directive or an assembly reference?)
96>D:\Work\IOS-IG-SimHost-FDP-2\Hrot\Engine\Hrot.Presentation.Tests\WorldResetTests.cs(2,12,2,14): error CS0234: The type or namespace name 'IG' does not exist in the namespace 'Hrot' (are you missing an assembly reference?)
96>D:\Work\IOS-IG-SimHost-FDP-2\Hrot\Engine\Hrot.Presentation.Tests\WorldResetTests.cs(3,12,3,18): error CS0234: The type or namespace name 'Common' does not exist in the namespace 'Hrot' (are you missing an assembly reference?)
96>D:\Work\IOS-IG-SimHost-FDP-2\Hrot\Engine\Hrot.Presentation.Tests\WorldResetTests.cs(4,27,4,34): error CS0234: The type or namespace name 'Systems' does not exist in the namespace 'Hrot.ScenarioEditor' (are you missing an assembly reference?)
96>D:\Work\IOS-IG-SimHost-FDP-2\Hrot\Engine\Hrot.Presentation.Tests\Behavior\BehaviorUiCompilerTests.cs(12,48,12,71): error CS0246: The type or namespace name 'IPickInteractionContext' could not be found (are you missing a using directive or an assembly reference?)
96>D:\Work\IOS-IG-SimHost-FDP-2\Hrot\Engine\Hrot.Presentation.Tests\Behavior\MissionPanelRegistryTests.cs(161,51,161,66): error CS0246: The type or namespace name 'IMapPickService' could not be found (are you missing a using directive or an assembly reference?)
96>D:\Work\IOS-IG-SimHost-FDP-2\Hrot\Engine\Hrot.Presentation.Tests\Behavior\BrainBlackboardRendererTests.cs(15,29,15,52): error CS0246: The type or namespace name 'BrainBlackboardRenderer' could not be found (are you missing a using directive or an assembly reference?)
96>D:\Work\IOS-IG-SimHost-FDP-2\Hrot\Engine\Hrot.Presentation.Tests\EntityDragGizmoTests.cs(20,22,20,38): error CS0246: The type or namespace name 'EntityRepository' could not be found (are you missing a using directive or an assembly reference?)
96>D:\Work\IOS-IG-SimHost-FDP-2\Hrot\Engine\Hrot.Presentation.Tests\Behavior\BehaviorUiCompilerTests.cs(17,88,17,104): error CS0246: The type or namespace name 'PickableGeoPoint' could not be found (are you missing a using directive or an assembly reference?)
96>D:\Work\IOS-IG-SimHost-FDP-2\Hrot\Engine\Hrot.Presentation.Tests\Behavior\MissionPanelRegistryTests.cs(164,51,164,59): error CS0246: The type or namespace name 'GeoPoint' could not be found (are you missing a using directive or an assembly reference?)
96>D:\Work\IOS-IG-SimHost-FDP-2\Hrot\Engine\Hrot.Presentation.Tests\RouteWaypointGizmoTests.cs(50,13,50,31): error CS0246: The type or namespace name 'RouteWaypointGizmo' could not be found (are you missing a using directive or an assembly reference?)
96>D:\Work\IOS-IG-SimHost-FDP-2\Hrot\Engine\Hrot.Presentation.Tests\ScenarioEditorModuleTests.cs(14,46,14,61): error CS0246: The type or namespace name 'ISystemRegistry' could not be found (are you missing a using directive or an assembly reference?)
96>D:\Work\IOS-IG-SimHost-FDP-2\Hrot\Engine\Hrot.Presentation.Tests\EntityPlacementGizmoTests.cs(28,26,28,44): error CS0246: The type or namespace name 'SpawnEntityCommand' could not be found (are you missing a using directive or an assembly reference?)
96>D:\Work\IOS-IG-SimHost-FDP-2\Hrot\Engine\Hrot.Presentation.Tests\EntityPlacementGizmoTests.cs(28,56,28,76): error CS0246: The type or namespace name 'EntityPlacementGizmo' could not be found (are you missing a using directive or an assembly reference?)
96>D:\Work\IOS-IG-SimHost-FDP-2\Hrot\Engine\Hrot.Presentation.Tests\Behavior\MissionPanelRegistryTests.cs(167,42,167,50): error CS0246: The type or namespace name 'GeoPoint' could not be found (are you missing a using directive or an assembly reference?)
96>D:\Work\IOS-IG-SimHost-FDP-2\Hrot\Engine\Hrot.Presentation.Tests\EntityDragGizmoTests.cs(21,22,21,28): error CS0246: The type or namespace name 'Entity' could not be found (are you missing a using directive or an assembly reference?)
96>D:\Work\IOS-IG-SimHost-FDP-2\Hrot\Engine\Hrot.Presentation.Tests\RouteWaypointGizmoTests.cs(53,20,53,34): error CS0246: The type or namespace name 'GizmoPickToken' could not be found (are you missing a using directive or an assembly reference?)
96>D:\Work\IOS-IG-SimHost-FDP-2\Hrot\Engine\Hrot.Presentation.Tests\ScenarioFileServiceTests.cs(47,20,47,38): error CS0246: The type or namespace name 'ScenarioSerializer' could not be found (are you missing a using directive or an assembly reference?)
96>D:\Work\IOS-IG-SimHost-FDP-2\Hrot\Engine\Hrot.Presentation.Tests\ScenarioFileServiceTkbTests.cs(34,20,34,38): error CS0246: The type or namespace name 'ScenarioSerializer' could not be found (are you missing a using directive or an assembly reference?)
98>------ Rebuild All started: Project: Hrot.FakeStrideApp, Configuration: Debug Any CPU ------
96>D:\Work\IOS-IG-SimHost-FDP-2\Hrot\Engine\Hrot.Presentation.Tests\ScenarioFileServiceZoneTests.cs(36,20,36,38): error CS0246: The type or namespace name 'ScenarioSerializer' could not be found (are you missing a using directive or an assembly reference?)
96>D:\Work\IOS-IG-SimHost-FDP-2\Hrot\Engine\Hrot.Presentation.Tests\Behavior\MissionPanelRegistryTests.cs(169,25,169,33): error CS0246: The type or namespace name 'GeoPoint' could not be found (are you missing a using directive or an assembly reference?)
96>D:\Work\IOS-IG-SimHost-FDP-2\Hrot\Engine\Hrot.Presentation.Tests\ScenarioFileServiceTests.cs(53,20,53,36): error CS0246: The type or namespace name 'EntityRepository' could not be found (are you missing a using directive or an assembly reference?)
96>D:\Work\IOS-IG-SimHost-FDP-2\Hrot\Engine\Hrot.Presentation.Tests\RouteWaypointGizmoTests.cs(20,22,20,38): error CS0246: The type or namespace name 'EntityRepository' could not be found (are you missing a using directive or an assembly reference?)
96>D:\Work\IOS-IG-SimHost-FDP-2\Hrot\Engine\Hrot.Presentation.Tests\SelectionInteractionSystemTests.cs(34,13,34,19): error CS0246: The type or namespace name 'Entity' could not be found (are you missing a using directive or an assembly reference?)
96>D:\Work\IOS-IG-SimHost-FDP-2\Hrot\Engine\Hrot.Presentation.Tests\RouteWaypointGizmoTests.cs(21,22,21,28): error CS0246: The type or namespace name 'Entity' could not be found (are you missing a using directive or an assembly reference?)
96>D:\Work\IOS-IG-SimHost-FDP-2\Hrot\Engine\Hrot.Presentation.Tests\ScenarioEditorModuleTests.cs(16,31,16,47): error CS0246: The type or namespace name 'IEcsModuleSystem' could not be found (are you missing a using directive or an assembly reference?)
96>D:\Work\IOS-IG-SimHost-FDP-2\Hrot\Engine\Hrot.Presentation.Tests\SelectionInteractionSystemTests.cs(43,38,43,44): error CS0246: The type or namespace name 'Entity' could not be found (are you missing a using directive or an assembly reference?)
96>D:\Work\IOS-IG-SimHost-FDP-2\Hrot\Engine\Hrot.Presentation.Tests\Behavior\BrainBlackboardRendererTests.cs(75,40,75,59): error CS0246: The type or namespace name 'IInspectableSession' could not be found (are you missing a using directive or an assembly reference?)
96>D:\Work\IOS-IG-SimHost-FDP-2\Hrot\Engine\Hrot.Presentation.Tests\VertexEditGizmoTests.cs(74,13,74,28): error CS0246: The type or namespace name 'VertexEditGizmo' could not be found (are you missing a using directive or an assembly reference?)
96>D:\Work\IOS-IG-SimHost-FDP-2\Hrot\Engine\Hrot.Presentation.Tests\ScenarioEditorModuleTests.cs(17,30,17,46): error CS0246: The type or namespace name 'IEcsModuleSystem' could not be found (are you missing a using directive or an assembly reference?)
96>D:\Work\IOS-IG-SimHost-FDP-2\Hrot\Engine\Hrot.Presentation.Tests\SelectionInteractionSystemTests.cs(53,34,53,48): error CS0246: The type or namespace name 'MapKeyboardKey' could not be found (are you missing a using directive or an assembly reference?)
96>D:\Work\IOS-IG-SimHost-FDP-2\Hrot\Engine\Hrot.Presentation.Tests\VertexEditGizmoTests.cs(77,20,77,34): error CS0246: The type or namespace name 'GizmoPickToken' could not be found (are you missing a using directive or an assembly reference?)
96>D:\Work\IOS-IG-SimHost-FDP-2\Hrot\Engine\Hrot.Presentation.Tests\ScenarioEditorModuleTests.cs(19,59,19,75): error CS0246: The type or namespace name 'IEcsModuleSystem' could not be found (are you missing a using directive or an assembly reference?)
96>D:\Work\IOS-IG-SimHost-FDP-2\Hrot\Engine\Hrot.Presentation.Tests\SelectionInteractionSystemTests.cs(22,22,22,38): error CS0246: The type or namespace name 'EntityRepository' could not be found (are you missing a using directive or an assembly reference?)
96>D:\Work\IOS-IG-SimHost-FDP-2\Hrot\Engine\Hrot.Presentation.Tests\VertexEditGizmoTests.cs(46,22,46,38): error CS0246: The type or namespace name 'EntityRepository' could not be found (are you missing a using directive or an assembly reference?)
96>D:\Work\IOS-IG-SimHost-FDP-2\Hrot\Engine\Hrot.Presentation.Tests\ScenarioFileServiceTests.cs(20,6,20,17): error CS0246: The type or namespace name 'ComponentIdAttribute' could not be found (are you missing a using directive or an assembly reference?)
96>D:\Work\IOS-IG-SimHost-FDP-2\Hrot\Engine\Hrot.Presentation.Tests\ScenarioFileServiceTests.cs(20,6,20,17): error CS0246: The type or namespace name 'ComponentId' could not be found (are you missing a using directive or an assembly reference?)
96>D:\Work\IOS-IG-SimHost-FDP-2\Hrot\Engine\Hrot.Presentation.Tests\Behavior\BrainBlackboardRendererTests.cs(86,28,86,34): error CS0246: The type or namespace name 'Entity' could not be found (are you missing a using directive or an assembly reference?)
96>D:\Work\IOS-IG-SimHost-FDP-2\Hrot\Engine\Hrot.Presentation.Tests\VertexEditGizmoTests.cs(47,22,47,28): error CS0246: The type or namespace name 'Entity' could not be found (are you missing a using directive or an assembly reference?)
96>D:\Work\IOS-IG-SimHost-FDP-2\Hrot\Engine\Hrot.Presentation.Tests\SelectionInteractionSystemTests.cs(23,22,23,48): error CS0246: The type or namespace name 'SelectionInteractionSystem' could not be found (are you missing a using directive or an assembly reference?)
96>D:\Work\IOS-IG-SimHost-FDP-2\Hrot\Engine\Hrot.Presentation.Tests\Behavior\BrainBlackboardRendererTests.cs(87,29,87,35): error CS0246: The type or namespace name 'Entity' could not be found (are you missing a using directive or an assembly reference?)
96>D:\Work\IOS-IG-SimHost-FDP-2\Hrot\Engine\Hrot.Presentation.Tests\ScenarioEditorModuleTests.cs(20,77,20,93): error CS0246: The type or namespace name 'IEcsModuleSystem' could not be found (are you missing a using directive or an assembly reference?)
96>D:\Work\IOS-IG-SimHost-FDP-2\Hrot\Engine\Hrot.Presentation.Tests\VertexEditGizmoTests.cs(21,37,21,40): error CS0246: The type or namespace name 'Fdp' could not be found (are you missing a using directive or an assembly reference?)
96>D:\Work\IOS-IG-SimHost-FDP-2\Hrot\Engine\Hrot.Presentation.Tests\ScenarioEditorModuleTests.cs(20,16,20,32): error CS0246: The type or namespace name 'IEcsModuleSystem' could not be found (are you missing a using directive or an assembly reference?)
96>D:\Work\IOS-IG-SimHost-FDP-2\Hrot\Engine\Hrot.Presentation.Tests\Behavior\BrainBlackboardRendererTests.cs(89,34,89,40): error CS0246: The type or namespace name 'Entity' could not be found (are you missing a using directive or an assembly reference?)
96>D:\Work\IOS-IG-SimHost-FDP-2\Hrot\Engine\Hrot.Presentation.Tests\Behavior\BrainBlackboardRendererTests.cs(90,37,90,43): error CS0246: The type or namespace name 'Entity' could not be found (are you missing a using directive or an assembly reference?)
96>D:\Work\IOS-IG-SimHost-FDP-2\Hrot\Engine\Hrot.Presentation.Tests\Behavior\BrainBlackboardRendererTests.cs(94,34,94,40): error CS0246: The type or namespace name 'Entity' could not be found (are you missing a using directive or an assembly reference?)
96>D:\Work\IOS-IG-SimHost-FDP-2\Hrot\Engine\Hrot.Presentation.Tests\Behavior\BrainBlackboardRendererTests.cs(95,34,95,40): error CS0246: The type or namespace name 'Entity' could not be found (are you missing a using directive or an assembly reference?)
96>D:\Work\IOS-IG-SimHost-FDP-2\Hrot\Engine\Hrot.Presentation.Tests\VertexEditGizmoTests.cs(23,52,23,58): error CS0246: The type or namespace name 'Rgba32' could not be found (are you missing a using directive or an assembly reference?)
96>D:\Work\IOS-IG-SimHost-FDP-2\Hrot\Engine\Hrot.Presentation.Tests\VertexEditGizmoTests.cs(24,13,24,21): error CS0246: The type or namespace name 'SizeMode' could not be found (are you missing a using directive or an assembly reference?)
96>D:\Work\IOS-IG-SimHost-FDP-2\Hrot\Engine\Hrot.Presentation.Tests\VertexEditGizmoTests.cs(25,13,25,27): error CS0246: The type or namespace name 'PipelineTarget' could not be found (are you missing a using directive or an assembly reference?)
96>D:\Work\IOS-IG-SimHost-FDP-2\Hrot\Engine\Hrot.Presentation.Tests\VertexEditGizmoTests.cs(25,65,25,74): error CS0246: The type or namespace name 'LineStyle' could not be found (are you missing a using directive or an assembly reference?)
96>D:\Work\IOS-IG-SimHost-FDP-2\Hrot\Engine\Hrot.Presentation.Tests\VertexEditGizmoTests.cs(26,60,26,66): error CS0246: The type or namespace name 'Rgba32' could not be found (are you missing a using directive or an assembly reference?)
96>D:\Work\IOS-IG-SimHost-FDP-2\Hrot\Engine\Hrot.Presentation.Tests\VertexEditGizmoTests.cs(26,71,26,77): error CS0246: The type or namespace name 'Rgba32' could not be found (are you missing a using directive or an assembly reference?)
96>D:\Work\IOS-IG-SimHost-FDP-2\Hrot\Engine\Hrot.Presentation.Tests\VertexEditGizmoTests.cs(27,13,27,21): error CS0246: The type or namespace name 'SizeMode' could not be found (are you missing a using directive or an assembly reference?)
96>D:\Work\IOS-IG-SimHost-FDP-2\Hrot\Engine\Hrot.Presentation.Tests\VertexEditGizmoTests.cs(28,13,28,27): error CS0246: The type or namespace name 'PipelineTarget' could not be found (are you missing a using directive or an assembly reference?)
96>D:\Work\IOS-IG-SimHost-FDP-2\Hrot\Engine\Hrot.Presentation.Tests\VertexEditGizmoTests.cs(28,65,28,74): error CS0246: The type or namespace name 'LineStyle' could not be found (are you missing a using directive or an assembly reference?)
96>D:\Work\IOS-IG-SimHost-FDP-2\Hrot\Engine\Hrot.Presentation.Tests\VertexEditGizmoTests.cs(29,52,29,58): error CS0246: The type or namespace name 'Rgba32' could not be found (are you missing a using directive or an assembly reference?)
96>D:\Work\IOS-IG-SimHost-FDP-2\Hrot\Engine\Hrot.Presentation.Tests\VertexEditGizmoTests.cs(30,35,30,43): error CS0246: The type or namespace name 'SizeMode' could not be found (are you missing a using directive or an assembly reference?)
96>D:\Work\IOS-IG-SimHost-FDP-2\Hrot\Engine\Hrot.Presentation.Tests\VertexEditGizmoTests.cs(31,13,31,27): error CS0246: The type or namespace name 'PipelineTarget' could not be found (are you missing a using directive or an assembly reference?)
96>D:\Work\IOS-IG-SimHost-FDP-2\Hrot\Engine\Hrot.Presentation.Tests\VertexEditGizmoTests.cs(32,13,32,19): error CS0246: The type or namespace name 'Rgba32' could not be found (are you missing a using directive or an assembly reference?)
96>D:\Work\IOS-IG-SimHost-FDP-2\Hrot\Engine\Hrot.Presentation.Tests\VertexEditGizmoTests.cs(32,41,32,50): error CS0246: The type or namespace name 'LineStyle' could not be found (are you missing a using directive or an assembly reference?)
96>D:\Work\IOS-IG-SimHost-FDP-2\Hrot\Engine\Hrot.Presentation.Tests\VertexEditGizmoTests.cs(33,53,33,59): error CS0246: The type or namespace name 'Rgba32' could not be found (are you missing a using directive or an assembly reference?)
96>D:\Work\IOS-IG-SimHost-FDP-2\Hrot\Engine\Hrot.Presentation.Tests\VertexEditGizmoTests.cs(34,48,34,51): error CS0246: The type or namespace name 'Fdp' could not be found (are you missing a using directive or an assembly reference?)
96>D:\Work\IOS-IG-SimHost-FDP-2\Hrot\Engine\Hrot.Presentation.Tests\VertexEditGizmoTests.cs(34,74,34,80): error CS0246: The type or namespace name 'Rgba32' could not be found (are you missing a using directive or an assembly reference?)
96>D:\Work\IOS-IG-SimHost-FDP-2\Hrot\Engine\Hrot.Presentation.Tests\VertexEditGizmoTests.cs(35,13,35,28): error CS0246: The type or namespace name 'CoordinateSpace' could not be found (are you missing a using directive or an assembly reference?)
96>D:\Work\IOS-IG-SimHost-FDP-2\Hrot\Engine\Hrot.Presentation.Tests\VertexEditGizmoTests.cs(36,62,36,68): error CS0246: The type or namespace name 'Rgba32' could not be found (are you missing a using directive or an assembly reference?)
96>D:\Work\IOS-IG-SimHost-FDP-2\Hrot\Engine\Hrot.Presentation.Tests\VertexEditGizmoTests.cs(37,13,37,28): error CS0246: The type or namespace name 'CoordinateSpace' could not be found (are you missing a using directive or an assembly reference?)
96>D:\Work\IOS-IG-SimHost-FDP-2\Hrot\Engine\Hrot.Presentation.Tests\VertexEditGizmoTests.cs(38,37,38,43): error CS0246: The type or namespace name 'Entity' could not be found (are you missing a using directive or an assembly reference?)
96>D:\Work\IOS-IG-SimHost-FDP-2\Hrot\Engine\Hrot.Presentation.Tests\VertexEditGizmoTests.cs(38,47,38,50): error CS0246: The type or namespace name 'Fdp' could not be found (are you missing a using directive or an assembly reference?)
96>D:\Work\IOS-IG-SimHost-FDP-2\Hrot\Engine\Hrot.Presentation.Tests\VertexEditGizmoTests.cs(39,13,39,27): error CS0246: The type or namespace name 'PipelineTarget' could not be found (are you missing a using directive or an assembly reference?)
96>D:\Work\IOS-IG-SimHost-FDP-2\Hrot\Engine\Hrot.Presentation.Tests\VertexEditGizmoTests.cs(40,37,40,43): error CS0246: The type or namespace name 'Entity' could not be found (are you missing a using directive or an assembly reference?)
96>D:\Work\IOS-IG-SimHost-FDP-2\Hrot\Engine\Hrot.Presentation.Tests\VertexEditGizmoTests.cs(41,13,41,19): error CS0246: The type or namespace name 'Rgba32' could not be found (are you missing a using directive or an assembly reference?)
96>D:\Work\IOS-IG-SimHost-FDP-2\Hrot\Engine\Hrot.Presentation.Tests\VertexEditGizmoTests.cs(42,48,42,54): error CS0246: The type or namespace name 'Entity' could not be found (are you missing a using directive or an assembly reference?)
96>D:\Work\IOS-IG-SimHost-FDP-2\Hrot\Engine\Hrot.Presentation.Tests\VertexEditGizmoTests.cs(43,13,43,19): error CS0246: The type or namespace name 'Rgba32' could not be found (are you missing a using directive or an assembly reference?)
96>D:\Work\IOS-IG-SimHost-FDP-2\Hrot\Engine\Hrot.Presentation.Tests\VertexEditGizmoTests.cs(24,26,24,34): error CS0103: The name 'SizeMode' does not exist in the current context
96>D:\Work\IOS-IG-SimHost-FDP-2\Hrot\Engine\Hrot.Presentation.Tests\VertexEditGizmoTests.cs(25,33,25,47): error CS0103: The name 'PipelineTarget' does not exist in the current context
96>D:\Work\IOS-IG-SimHost-FDP-2\Hrot\Engine\Hrot.Presentation.Tests\VertexEditGizmoTests.cs(25,83,25,92): error CS0103: The name 'LineStyle' does not exist in the current context
96>D:\Work\IOS-IG-SimHost-FDP-2\Hrot\Engine\Hrot.Presentation.Tests\VertexEditGizmoTests.cs(27,26,27,34): error CS0103: The name 'SizeMode' does not exist in the current context
96>D:\Work\IOS-IG-SimHost-FDP-2\Hrot\Engine\Hrot.Presentation.Tests\VertexEditGizmoTests.cs(28,33,28,47): error CS0103: The name 'PipelineTarget' does not exist in the current context
96>D:\Work\IOS-IG-SimHost-FDP-2\Hrot\Engine\Hrot.Presentation.Tests\VertexEditGizmoTests.cs(28,83,28,92): error CS0103: The name 'LineStyle' does not exist in the current context
96>D:\Work\IOS-IG-SimHost-FDP-2\Hrot\Engine\Hrot.Presentation.Tests\VertexEditGizmoTests.cs(30,50,30,58): error CS0103: The name 'SizeMode' does not exist in the current context
96>D:\Work\IOS-IG-SimHost-FDP-2\Hrot\Engine\Hrot.Presentation.Tests\VertexEditGizmoTests.cs(31,33,31,47): error CS0103: The name 'PipelineTarget' does not exist in the current context
96>D:\Work\IOS-IG-SimHost-FDP-2\Hrot\Engine\Hrot.Presentation.Tests\VertexEditGizmoTests.cs(32,59,32,68): error CS0103: The name 'LineStyle' does not exist in the current context
96>D:\Work\IOS-IG-SimHost-FDP-2\Hrot\Engine\Hrot.Presentation.Tests\VertexEditGizmoTests.cs(35,34,35,49): error CS0103: The name 'CoordinateSpace' does not exist in the current context
96>D:\Work\IOS-IG-SimHost-FDP-2\Hrot\Engine\Hrot.Presentation.Tests\VertexEditGizmoTests.cs(37,34,37,49): error CS0103: The name 'CoordinateSpace' does not exist in the current context
96>D:\Work\IOS-IG-SimHost-FDP-2\Hrot\Engine\Hrot.Presentation.Tests\VertexEditGizmoTests.cs(39,33,39,47): error CS0103: The name 'PipelineTarget' does not exist in the current context
96>Done building project "Hrot.Presentation.Tests.csproj" -- FAILED.
97>D:\Work\IOS-IG-SimHost-FDP-2\Hrot\Subsystems\Hrot.IG.Tests\AdvancedFeaturesIntegrationTests.cs(3,15,3,25): error CS0234: The type or namespace name 'Components' does not exist in the namespace 'Hrot.IG' (are you missing an assembly reference?)
97>D:\Work\IOS-IG-SimHost-FDP-2\Hrot\Subsystems\Hrot.IG.Tests\AdvancedFeaturesIntegrationTests.cs(4,15,4,22): error CS0234: The type or namespace name 'Systems' does not exist in the namespace 'Hrot.IG' (are you missing an assembly reference?)
97>D:\Work\IOS-IG-SimHost-FDP-2\Hrot\Subsystems\Hrot.IG.Tests\AdvancedFeaturesIntegrationTests.cs(5,12,5,26): error CS0234: The type or namespace name 'ScenarioEditor' does not exist in the namespace 'Hrot' (are you missing an assembly reference?)
97>D:\Work\IOS-IG-SimHost-FDP-2\Hrot\Subsystems\Hrot.IG.Tests\AdvancedFeaturesIntegrationTests.cs(6,7,6,10): error CS0246: The type or namespace name 'Fdp' could not be found (are you missing a using directive or an assembly reference?)
97>D:\Work\IOS-IG-SimHost-FDP-2\Hrot\Subsystems\Hrot.IG.Tests\AdvancedFeaturesIntegrationTests.cs(7,7,7,10): error CS0246: The type or namespace name 'Fdp' could not be found (are you missing a using directive or an assembly reference?)
97>D:\Work\IOS-IG-SimHost-FDP-2\Hrot\Subsystems\Hrot.IG.Tests\AdvancedFeaturesIntegrationTests.cs(8,7,8,10): error CS0246: The type or namespace name 'Fdp' could not be found (are you missing a using directive or an assembly reference?)
97>D:\Work\IOS-IG-SimHost-FDP-2\Hrot\Subsystems\Hrot.IG.Tests\AdvancedFeaturesIntegrationTests.cs(9,7,9,10): error CS0246: The type or namespace name 'Fdp' could not be found (are you missing a using directive or an assembly reference?)
97>D:\Work\IOS-IG-SimHost-FDP-2\Hrot\Subsystems\Hrot.IG.Tests\AdvancedFeaturesIntegrationTests.cs(10,7,10,10): error CS0246: The type or namespace name 'Fdp' could not be found (are you missing a using directive or an assembly reference?)
97>D:\Work\IOS-IG-SimHost-FDP-2\Hrot\Subsystems\Hrot.IG.Tests\AdvancedFeaturesIntegrationTests.cs(11,7,11,10): error CS0246: The type or namespace name 'Fdp' could not be found (are you missing a using directive or an assembly reference?)
97>D:\Work\IOS-IG-SimHost-FDP-2\Hrot\Subsystems\Hrot.IG.Tests\AreaAuthoringTests.cs(5,15,5,25): error CS0234: The type or namespace name 'Components' does not exist in the namespace 'Hrot.IG' (are you missing an assembly reference?)
97>D:\Work\IOS-IG-SimHost-FDP-2\Hrot\Subsystems\Hrot.IG.Tests\AreaAuthoringTests.cs(6,12,6,15): error CS0234: The type or namespace name 'Map' does not exist in the namespace 'Hrot' (are you missing an assembly reference?)
97>D:\Work\IOS-IG-SimHost-FDP-2\Hrot\Subsystems\Hrot.IG.Tests\AreaAuthoringTests.cs(7,7,7,10): error CS0246: The type or namespace name 'Fdp' could not be found (are you missing a using directive or an assembly reference?)
97>D:\Work\IOS-IG-SimHost-FDP-2\Hrot\Subsystems\Hrot.IG.Tests\Brains\HillAttackCommanderNodesDeactivatorTests.cs(2,7,2,10): error CS0246: The type or namespace name 'Fbt' could not be found (are you missing a using directive or an assembly reference?)
97>D:\Work\IOS-IG-SimHost-FDP-2\Hrot\Subsystems\Hrot.IG.Tests\Brains\HillAttackCommanderNodesDeactivatorTests.cs(3,7,3,10): error CS0246: The type or namespace name 'Fdp' could not be found (are you missing a using directive or an assembly reference?)
97>D:\Work\IOS-IG-SimHost-FDP-2\Hrot\Subsystems\Hrot.IG.Tests\Brains\HillAttackCommanderNodesDeactivatorTests.cs(4,7,4,10): error CS0246: The type or namespace name 'Fdp' could not be found (are you missing a using directive or an assembly reference?)
97>D:\Work\IOS-IG-SimHost-FDP-2\Hrot\Subsystems\Hrot.IG.Tests\Brains\HillAttackCommanderNodesDeactivatorTests.cs(5,7,5,10): error CS0246: The type or namespace name 'Fdp' could not be found (are you missing a using directive or an assembly reference?)
97>D:\Work\IOS-IG-SimHost-FDP-2\Hrot\Subsystems\Hrot.IG.Tests\Brains\HillAttackCommanderNodesDeactivatorTests.cs(6,12,6,14): error CS0234: The type or namespace name 'AI' does not exist in the namespace 'Hrot' (are you missing an assembly reference?)
97>D:\Work\IOS-IG-SimHost-FDP-2\Hrot\Subsystems\Hrot.IG.Tests\Brains\HillAttackTankNodesDeactivatorTests.cs(2,7,2,10): error CS0246: The type or namespace name 'Fbt' could not be found (are you missing a using directive or an assembly reference?)
97>D:\Work\IOS-IG-SimHost-FDP-2\Hrot\Subsystems\Hrot.IG.Tests\Brains\HillAttackTankNodesDeactivatorTests.cs(3,7,3,10): error CS0246: The type or namespace name 'Fdp' could not be found (are you missing a using directive or an assembly reference?)
97>D:\Work\IOS-IG-SimHost-FDP-2\Hrot\Subsystems\Hrot.IG.Tests\Brains\HillAttackTankNodesDeactivatorTests.cs(4,7,4,10): error CS0246: The type or namespace name 'Fdp' could not be found (are you missing a using directive or an assembly reference?)
97>D:\Work\IOS-IG-SimHost-FDP-2\Hrot\Subsystems\Hrot.IG.Tests\Brains\HillAttackTankNodesDeactivatorTests.cs(5,7,5,10): error CS0246: The type or namespace name 'Fdp' could not be found (are you missing a using directive or an assembly reference?)
97>D:\Work\IOS-IG-SimHost-FDP-2\Hrot\Subsystems\Hrot.IG.Tests\Brains\HillAttackTankNodesDeactivatorTests.cs(6,7,6,10): error CS0246: The type or namespace name 'Fdp' could not be found (are you missing a using directive or an assembly reference?)
97>D:\Work\IOS-IG-SimHost-FDP-2\Hrot\Subsystems\Hrot.IG.Tests\Brains\HillAttackTankNodesDeactivatorTests.cs(7,7,7,10): error CS0246: The type or namespace name 'Fdp' could not be found (are you missing a using directive or an assembly reference?)
97>D:\Work\IOS-IG-SimHost-FDP-2\Hrot\Subsystems\Hrot.IG.Tests\Brains\HillAttackTankNodesDeactivatorTests.cs(8,12,8,14): error CS0234: The type or namespace name 'AI' does not exist in the namespace 'Hrot' (are you missing an assembly reference?)
97>D:\Work\IOS-IG-SimHost-FDP-2\Hrot\Subsystems\Hrot.IG.Tests\CommandHandling\DrawPersonalRouteCommandTests.cs(10,30,10,38): error CS0246: The type or namespace name 'GizmoMap' could not be found (are you missing a using directive or an assembly reference?)
97>D:\Work\IOS-IG-SimHost-FDP-2\Hrot\Subsystems\Hrot.IG.Tests\CommandHandling\DrawPersonalRouteCommandTests.cs(11,31,11,39): error CS0246: The type or namespace name 'GizmoMap' could not be found (are you missing a using directive or an assembly reference?)
97>D:\Work\IOS-IG-SimHost-FDP-2\Hrot\Subsystems\Hrot.IG.Tests\CommandHandling\DrawPersonalRouteCommandTests.cs(6,12,6,15): error CS0234: The type or namespace name 'NED' does not exist in the namespace 'Hrot' (are you missing an assembly reference?)
97>D:\Work\IOS-IG-SimHost-FDP-2\Hrot\Subsystems\Hrot.IG.Tests\CommandHandling\DrawPersonalRouteCommandTests.cs(7,12,7,16): error CS0234: The type or namespace name 'Core' does not exist in the namespace 'Hrot' (are you missing an assembly reference?)
97>D:\Work\IOS-IG-SimHost-FDP-2\Hrot\Subsystems\Hrot.IG.Tests\CommandHandling\DrawPersonalRouteCommandTests.cs(8,12,8,15): error CS0234: The type or namespace name 'Map' does not exist in the namespace 'Hrot' (are you missing an assembly reference?)
97>D:\Work\IOS-IG-SimHost-FDP-2\Hrot\Subsystems\Hrot.IG.Tests\CommandHandling\DrawPersonalRouteCommandTests.cs(9,12,9,15): error CS0234: The type or namespace name 'Map' does not exist in the namespace 'Hrot' (are you missing an assembly reference?)
97>D:\Work\IOS-IG-SimHost-FDP-2\Hrot\Subsystems\Hrot.IG.Tests\CommandHandling\SetSelectionCommandTests.cs(3,15,3,25): error CS0234: The type or namespace name 'Components' does not exist in the namespace 'Hrot.IG' (are you missing an assembly reference?)
97>D:\Work\IOS-IG-SimHost-FDP-2\Hrot\Subsystems\Hrot.IG.Tests\CommandHandling\SetSelectionCommandTests.cs(4,7,4,10): error CS0246: The type or namespace name 'Fdp' could not be found (are you missing a using directive or an assembly reference?)
97>D:\Work\IOS-IG-SimHost-FDP-2\Hrot\Subsystems\Hrot.IG.Tests\CommandHandling\SetSelectionCommandTests.cs(5,7,5,10): error CS0246: The type or namespace name 'Fdp' could not be found (are you missing a using directive or an assembly reference?)
97>D:\Work\IOS-IG-SimHost-FDP-2\Hrot\Subsystems\Hrot.IG.Tests\CommandHandling\SetViewCommandTests.cs(3,7,3,10): error CS0246: The type or namespace name 'Fdp' could not be found (are you missing a using directive or an assembly reference?)
97>D:\Work\IOS-IG-SimHost-FDP-2\Hrot\Subsystems\Hrot.IG.Tests\ContextActionsUpdateTranslatorTests.cs(1,12,1,18): error CS0234: The type or namespace name 'Common' does not exist in the namespace 'Hrot' (are you missing an assembly reference?)
97>D:\Work\IOS-IG-SimHost-FDP-2\Hrot\Subsystems\Hrot.IG.Tests\ContextActionsUpdateTranslatorTests.cs(2,12,2,19): error CS0234: The type or namespace name 'Network' does not exist in the namespace 'Hrot' (are you missing an assembly reference?)
97>D:\Work\IOS-IG-SimHost-FDP-2\Hrot\Subsystems\Hrot.IG.Tests\ContextMenuSystemTests.cs(3,12,3,18): error CS0234: The type or namespace name 'Common' does not exist in the namespace 'Hrot' (are you missing an assembly reference?)
97>D:\Work\IOS-IG-SimHost-FDP-2\Hrot\Subsystems\Hrot.IG.Tests\ContextMenuSystemTests.cs(4,15,4,25): error CS0234: The type or namespace name 'Components' does not exist in the namespace 'Hrot.IG' (are you missing an assembly reference?)
97>D:\Work\IOS-IG-SimHost-FDP-2\Hrot\Subsystems\Hrot.IG.Tests\ContextMenuSystemTests.cs(5,15,5,22): error CS0234: The type or namespace name 'Systems' does not exist in the namespace 'Hrot.IG' (are you missing an assembly reference?)
97>D:\Work\IOS-IG-SimHost-FDP-2\Hrot\Subsystems\Hrot.IG.Tests\ContextMenuSystemTests.cs(6,7,6,10): error CS0246: The type or namespace name 'Fdp' could not be found (are you missing a using directive or an assembly reference?)
97>D:\Work\IOS-IG-SimHost-FDP-2\Hrot\Subsystems\Hrot.IG.Tests\ContextMenuSystemTests.cs(7,7,7,10): error CS0246: The type or namespace name 'Fdp' could not be found (are you missing a using directive or an assembly reference?)
97>D:\Work\IOS-IG-SimHost-FDP-2\Hrot\Subsystems\Hrot.IG.Tests\ContextMenuSystemTests.cs(8,7,8,10): error CS0246: The type or namespace name 'Fdp' could not be found (are you missing a using directive or an assembly reference?)
97>D:\Work\IOS-IG-SimHost-FDP-2\Hrot\Subsystems\Hrot.IG.Tests\ContinuousDragTests.cs(4,12,4,16): error CS0234: The type or namespace name 'Core' does not exist in the namespace 'Hrot' (are you missing an assembly reference?)
97>D:\Work\IOS-IG-SimHost-FDP-2\Hrot\Subsystems\Hrot.IG.Tests\ContinuousDragTests.cs(6,12,6,15): error CS0234: The type or namespace name 'Map' does not exist in the namespace 'Hrot' (are you missing an assembly reference?)
97>D:\Work\IOS-IG-SimHost-FDP-2\Hrot\Subsystems\Hrot.IG.Tests\ContinuousDragTests.cs(7,7,7,10): error CS0246: The type or namespace name 'Fdp' could not be found (are you missing a using directive or an assembly reference?)
97>D:\Work\IOS-IG-SimHost-FDP-2\Hrot\Subsystems\Hrot.IG.Tests\ContinuousDragTests.cs(8,7,8,10): error CS0246: The type or namespace name 'Fdp' could not be found (are you missing a using directive or an assembly reference?)
97>D:\Work\IOS-IG-SimHost-FDP-2\Hrot\Subsystems\Hrot.IG.Tests\DeadReckoningSlopeStepTests.cs(4,7,4,10): error CS0246: The type or namespace name 'Fdp' could not be found (are you missing a using directive or an assembly reference?)
97>D:\Work\IOS-IG-SimHost-FDP-2\Hrot\Subsystems\Hrot.IG.Tests\DeadReckoningSlopeStepTests.cs(5,7,5,10): error CS0246: The type or namespace name 'Fdp' could not be found (are you missing a using directive or an assembly reference?)
97>D:\Work\IOS-IG-SimHost-FDP-2\Hrot\Subsystems\Hrot.IG.Tests\DeadReckoningSlopeStepTests.cs(6,7,6,10): error CS0246: The type or namespace name 'Fdp' could not be found (are you missing a using directive or an assembly reference?)
97>D:\Work\IOS-IG-SimHost-FDP-2\Hrot\Subsystems\Hrot.IG.Tests\DeadReckoningSlopeStepTests.cs(7,7,7,10): error CS0246: The type or namespace name 'Fdp' could not be found (are you missing a using directive or an assembly reference?)
97>D:\Work\IOS-IG-SimHost-FDP-2\Hrot\Subsystems\Hrot.IG.Tests\DeadReckoningSyncSystemTests.cs(2,12,2,18): error CS0234: The type or namespace name 'Common' does not exist in the namespace 'Hrot' (are you missing an assembly reference?)
97>D:\Work\IOS-IG-SimHost-FDP-2\Hrot\Subsystems\Hrot.IG.Tests\DeadReckoningSyncSystemTests.cs(3,7,3,10): error CS0246: The type or namespace name 'Fdp' could not be found (are you missing a using directive or an assembly reference?)
97>D:\Work\IOS-IG-SimHost-FDP-2\Hrot\Subsystems\Hrot.IG.Tests\DeadReckoningSyncSystemTests.cs(4,7,4,10): error CS0246: The type or namespace name 'Fdp' could not be found (are you missing a using directive or an assembly reference?)
97>D:\Work\IOS-IG-SimHost-FDP-2\Hrot\Subsystems\Hrot.IG.Tests\DeadReckoningSyncSystemTests.cs(5,7,5,10): error CS0246: The type or namespace name 'Fdp' could not be found (are you missing a using directive or an assembly reference?)
97>D:\Work\IOS-IG-SimHost-FDP-2\Hrot\Subsystems\Hrot.IG.Tests\DebugPanelStateTests.cs(1,15,1,22): error CS0234: The type or namespace name 'Systems' does not exist in the namespace 'Hrot.IG' (are you missing an assembly reference?)
97>D:\Work\IOS-IG-SimHost-FDP-2\Hrot\Subsystems\Hrot.IG.Tests\DebugPanelStateTests.cs(2,15,2,17): error CS0234: The type or namespace name 'UI' does not exist in the namespace 'Hrot.IG' (are you missing an assembly reference?)
97>D:\Work\IOS-IG-SimHost-FDP-2\Hrot\Subsystems\Hrot.IG.Tests\EntityDamageTranslatorTests.cs(1,12,1,15): error CS0234: The type or namespace name 'NED' does not exist in the namespace 'Hrot' (are you missing an assembly reference?)
97>D:\Work\IOS-IG-SimHost-FDP-2\Hrot\Subsystems\Hrot.IG.Tests\EntityDamageTranslatorTests.cs(2,15,2,25): error CS0234: The type or namespace name 'Components' does not exist in the namespace 'Hrot.IG' (are you missing an assembly reference?)
97>D:\Work\IOS-IG-SimHost-FDP-2\Hrot\Subsystems\Hrot.IG.Tests\EntityDamageTranslatorTests.cs(3,12,3,15): error CS0234: The type or namespace name 'Map' does not exist in the namespace 'Hrot' (are you missing an assembly reference?)
97>D:\Work\IOS-IG-SimHost-FDP-2\Hrot\Subsystems\Hrot.IG.Tests\EntityDamageTranslatorTests.cs(5,7,5,10): error CS0246: The type or namespace name 'Fdp' could not be found (are you missing a using directive or an assembly reference?)
97>D:\Work\IOS-IG-SimHost-FDP-2\Hrot\Subsystems\Hrot.IG.Tests\EntityDamageTranslatorTests.cs(6,7,6,10): error CS0246: The type or namespace name 'Fdp' could not be found (are you missing a using directive or an assembly reference?)
97>D:\Work\IOS-IG-SimHost-FDP-2\Hrot\Subsystems\Hrot.IG.Tests\EntityDamageTranslatorTests.cs(7,7,7,10): error CS0246: The type or namespace name 'Fdp' could not be found (are you missing a using directive or an assembly reference?)
97>D:\Work\IOS-IG-SimHost-FDP-2\Hrot\Subsystems\Hrot.IG.Tests\EntityDamageTranslatorTests.cs(8,7,8,10): error CS0246: The type or namespace name 'Fdp' could not be found (are you missing a using directive or an assembly reference?)
97>D:\Work\IOS-IG-SimHost-FDP-2\Hrot\Subsystems\Hrot.IG.Tests\EntityDamageTranslatorTests.cs(9,7,9,10): error CS0246: The type or namespace name 'Fdp' could not be found (are you missing a using directive or an assembly reference?)
97>D:\Work\IOS-IG-SimHost-FDP-2\Hrot\Subsystems\Hrot.IG.Tests\EntityDamageTranslatorTests.cs(11,7,11,10): error CS0246: The type or namespace name 'Fdp' could not be found (are you missing a using directive or an assembly reference?)
97>D:\Work\IOS-IG-SimHost-FDP-2\Hrot\Subsystems\Hrot.IG.Tests\EntityInfoTranslatorTests.cs(2,12,2,15): error CS0234: The type or namespace name 'NED' does not exist in the namespace 'Hrot' (are you missing an assembly reference?)
97>D:\Work\IOS-IG-SimHost-FDP-2\Hrot\Subsystems\Hrot.IG.Tests\EntityInfoTranslatorTests.cs(3,12,3,15): error CS0234: The type or namespace name 'Map' does not exist in the namespace 'Hrot' (are you missing an assembly reference?)
97>D:\Work\IOS-IG-SimHost-FDP-2\Hrot\Subsystems\Hrot.IG.Tests\EntityInfoTranslatorTests.cs(4,7,4,10): error CS0246: The type or namespace name 'Fdp' could not be found (are you missing a using directive or an assembly reference?)
97>D:\Work\IOS-IG-SimHost-FDP-2\Hrot\Subsystems\Hrot.IG.Tests\EntityInfoTranslatorTests.cs(5,7,5,10): error CS0246: The type or namespace name 'Fdp' could not be found (are you missing a using directive or an assembly reference?)
97>D:\Work\IOS-IG-SimHost-FDP-2\Hrot\Subsystems\Hrot.IG.Tests\EntityInfoTranslatorTests.cs(6,7,6,10): error CS0246: The type or namespace name 'Fdp' could not be found (are you missing a using directive or an assembly reference?)
97>D:\Work\IOS-IG-SimHost-FDP-2\Hrot\Subsystems\Hrot.IG.Tests\EntityInfoTranslatorTests.cs(7,7,7,10): error CS0246: The type or namespace name 'Fdp' could not be found (are you missing a using directive or an assembly reference?)
97>D:\Work\IOS-IG-SimHost-FDP-2\Hrot\Subsystems\Hrot.IG.Tests\EntityInfoTranslatorTests.cs(8,7,8,10): error CS0246: The type or namespace name 'Fdp' could not be found (are you missing a using directive or an assembly reference?)
97>D:\Work\IOS-IG-SimHost-FDP-2\Hrot\Subsystems\Hrot.IG.Tests\EntityInfoTranslatorTests.cs(9,7,9,10): error CS0246: The type or namespace name 'Fdp' could not be found (are you missing a using directive or an assembly reference?)
97>D:\Work\IOS-IG-SimHost-FDP-2\Hrot\Subsystems\Hrot.IG.Tests\EntityInspectorContextMenuTests.cs(10,27,10,30): error CS0246: The type or namespace name 'Fdp' could not be found (are you missing a using directive or an assembly reference?)
97>D:\Work\IOS-IG-SimHost-FDP-2\Hrot\Subsystems\Hrot.IG.Tests\EntityInspectorContextMenuTests.cs(3,7,3,10): error CS0246: The type or namespace name 'Fdp' could not be found (are you missing a using directive or an assembly reference?)
97>D:\Work\IOS-IG-SimHost-FDP-2\Hrot\Subsystems\Hrot.IG.Tests\EntityInspectorContextMenuTests.cs(4,7,4,10): error CS0246: The type or namespace name 'Fdp' could not be found (are you missing a using directive or an assembly reference?)
97>D:\Work\IOS-IG-SimHost-FDP-2\Hrot\Subsystems\Hrot.IG.Tests\EntityInspectorContextMenuTests.cs(5,7,5,10): error CS0246: The type or namespace name 'Fdp' could not be found (are you missing a using directive or an assembly reference?)
97>D:\Work\IOS-IG-SimHost-FDP-2\Hrot\Subsystems\Hrot.IG.Tests\EntityInspectorContextMenuTests.cs(6,7,6,10): error CS0246: The type or namespace name 'Fdp' could not be found (are you missing a using directive or an assembly reference?)
97>D:\Work\IOS-IG-SimHost-FDP-2\Hrot\Subsystems\Hrot.IG.Tests\EntityInspectorContextMenuTests.cs(7,7,7,10): error CS0246: The type or namespace name 'Fdp' could not be found (are you missing a using directive or an assembly reference?)
97>D:\Work\IOS-IG-SimHost-FDP-2\Hrot\Subsystems\Hrot.IG.Tests\EntityInspectorContextMenuTests.cs(8,7,8,10): error CS0246: The type or namespace name 'Fdp' could not be found (are you missing a using directive or an assembly reference?)
97>D:\Work\IOS-IG-SimHost-FDP-2\Hrot\Subsystems\Hrot.IG.Tests\EntityInspectorStateTests.cs(2,12,2,15): error CS0234: The type or namespace name 'NED' does not exist in the namespace 'Hrot' (are you missing an assembly reference?)
97>D:\Work\IOS-IG-SimHost-FDP-2\Hrot\Subsystems\Hrot.IG.Tests\EntityInspectorStateTests.cs(3,15,3,25): error CS0234: The type or namespace name 'Components' does not exist in the namespace 'Hrot.IG' (are you missing an assembly reference?)
97>D:\Work\IOS-IG-SimHost-FDP-2\Hrot\Subsystems\Hrot.IG.Tests\EntityInspectorStateTests.cs(4,15,4,17): error CS0234: The type or namespace name 'UI' does not exist in the namespace 'Hrot.IG' (are you missing an assembly reference?)
97>D:\Work\IOS-IG-SimHost-FDP-2\Hrot\Subsystems\Hrot.IG.Tests\EntityInspectorStateTests.cs(5,7,5,10): error CS0246: The type or namespace name 'Fdp' could not be found (are you missing a using directive or an assembly reference?)
97>D:\Work\IOS-IG-SimHost-FDP-2\Hrot\Subsystems\Hrot.IG.Tests\EntityInspectorStateTests.cs(6,7,6,10): error CS0246: The type or namespace name 'Fdp' could not be found (are you missing a using directive or an assembly reference?)
97>D:\Work\IOS-IG-SimHost-FDP-2\Hrot\Subsystems\Hrot.IG.Tests\EntityInspectorStateTests.cs(7,7,7,10): error CS0246: The type or namespace name 'Fdp' could not be found (are you missing a using directive or an assembly reference?)
97>D:\Work\IOS-IG-SimHost-FDP-2\Hrot\Subsystems\Hrot.IG.Tests\EntityMasterTranslatorTests.cs(1,12,1,15): error CS0234: The type or namespace name 'NED' does not exist in the namespace 'Hrot' (are you missing an assembly reference?)
97>D:\Work\IOS-IG-SimHost-FDP-2\Hrot\Subsystems\Hrot.IG.Tests\EntityMasterTranslatorTests.cs(2,12,2,15): error CS0234: The type or namespace name 'Map' does not exist in the namespace 'Hrot' (are you missing an assembly reference?)
97>D:\Work\IOS-IG-SimHost-FDP-2\Hrot\Subsystems\Hrot.IG.Tests\EntityMasterTranslatorTests.cs(3,7,3,10): error CS0246: The type or namespace name 'Fdp' could not be found (are you missing a using directive or an assembly reference?)
97>D:\Work\IOS-IG-SimHost-FDP-2\Hrot\Subsystems\Hrot.IG.Tests\EntityMasterTranslatorTests.cs(4,7,4,10): error CS0246: The type or namespace name 'Fdp' could not be found (are you missing a using directive or an assembly reference?)
97>D:\Work\IOS-IG-SimHost-FDP-2\Hrot\Subsystems\Hrot.IG.Tests\EntityMasterTranslatorTests.cs(5,7,5,10): error CS0246: The type or namespace name 'Fdp' could not be found (are you missing a using directive or an assembly reference?)
97>D:\Work\IOS-IG-SimHost-FDP-2\Hrot\Subsystems\Hrot.IG.Tests\EntityMasterTranslatorTests.cs(6,7,6,10): error CS0246: The type or namespace name 'Fdp' could not be found (are you missing a using directive or an assembly reference?)
97>D:\Work\IOS-IG-SimHost-FDP-2\Hrot\Subsystems\Hrot.IG.Tests\EntityMasterTranslatorTests.cs(7,7,7,10): error CS0246: The type or namespace name 'Fdp' could not be found (are you missing a using directive or an assembly reference?)
97>D:\Work\IOS-IG-SimHost-FDP-2\Hrot\Subsystems\Hrot.IG.Tests\EntityMasterTranslatorTests.cs(8,7,8,10): error CS0246: The type or namespace name 'Fdp' could not be found (are you missing a using directive or an assembly reference?)
97>D:\Work\IOS-IG-SimHost-FDP-2\Hrot\Subsystems\Hrot.IG.Tests\EntityMasterTranslatorTests.cs(12,7,12,10): error CS0246: The type or namespace name 'Fdp' could not be found (are you missing a using directive or an assembly reference?)
97>D:\Work\IOS-IG-SimHost-FDP-2\Hrot\Subsystems\Hrot.IG.Tests\Eqs\EqsVisualizersTests.cs(2,7,2,10): error CS0246: The type or namespace name 'Fdp' could not be found (are you missing a using directive or an assembly reference?)
97>D:\Work\IOS-IG-SimHost-FDP-2\Hrot\Subsystems\Hrot.IG.Tests\Eqs\EqsVisualizersTests.cs(3,7,3,10): error CS0246: The type or namespace name 'Fdp' could not be found (are you missing a using directive or an assembly reference?)
97>D:\Work\IOS-IG-SimHost-FDP-2\Hrot\Subsystems\Hrot.IG.Tests\Eqs\EqsVisualizersTests.cs(4,7,4,10): error CS0246: The type or namespace name 'Fdp' could not be found (are you missing a using directive or an assembly reference?)
97>D:\Work\IOS-IG-SimHost-FDP-2\Hrot\Subsystems\Hrot.IG.Tests\Eqs\EqsVisualizersTests.cs(5,7,5,10): error CS0246: The type or namespace name 'Fdp' could not be found (are you missing a using directive or an assembly reference?)
97>D:\Work\IOS-IG-SimHost-FDP-2\Hrot\Subsystems\Hrot.IG.Tests\Eqs\EqsVisualizersTests.cs(6,7,6,10): error CS0246: The type or namespace name 'Fdp' could not be found (are you missing a using directive or an assembly reference?)
97>D:\Work\IOS-IG-SimHost-FDP-2\Hrot\Subsystems\Hrot.IG.Tests\Eqs\EqsVisualizersTests.cs(7,15,7,21): error CS0234: The type or namespace name 'Gizmos' does not exist in the namespace 'Hrot.IG' (are you missing an assembly reference?)
97>D:\Work\IOS-IG-SimHost-FDP-2\Hrot\Subsystems\Hrot.IG.Tests\EventToEffectSystemTests.cs(2,15,2,25): error CS0234: The type or namespace name 'Components' does not exist in the namespace 'Hrot.IG' (are you missing an assembly reference?)
97>D:\Work\IOS-IG-SimHost-FDP-2\Hrot\Subsystems\Hrot.IG.Tests\EventToEffectSystemTests.cs(3,15,3,22): error CS0234: The type or namespace name 'Systems' does not exist in the namespace 'Hrot.IG' (are you missing an assembly reference?)
97>D:\Work\IOS-IG-SimHost-FDP-2\Hrot\Subsystems\Hrot.IG.Tests\EventToEffectSystemTests.cs(4,7,4,10): error CS0246: The type or namespace name 'Fdp' could not be found (are you missing a using directive or an assembly reference?)
97>D:\Work\IOS-IG-SimHost-FDP-2\Hrot\Subsystems\Hrot.IG.Tests\EventToEffectSystemTests.cs(5,7,5,10): error CS0246: The type or namespace name 'Fdp' could not be found (are you missing a using directive or an assembly reference?)
97>D:\Work\IOS-IG-SimHost-FDP-2\Hrot\Subsystems\Hrot.IG.Tests\EventToEffectSystemTests.cs(6,7,6,10): error CS0246: The type or namespace name 'Fdp' could not be found (are you missing a using directive or an assembly reference?)
97>D:\Work\IOS-IG-SimHost-FDP-2\Hrot\Subsystems\Hrot.IG.Tests\EventToEffectSystemTests.cs(7,7,7,10): error CS0246: The type or namespace name 'Fdp' could not be found (are you missing a using directive or an assembly reference?)
97>D:\Work\IOS-IG-SimHost-FDP-2\Hrot\Subsystems\Hrot.IG.Tests\EventToEffectSystemTests.cs(8,7,8,10): error CS0246: The type or namespace name 'Fdp' could not be found (are you missing a using directive or an assembly reference?)
97>D:\Work\IOS-IG-SimHost-FDP-2\Hrot\Subsystems\Hrot.IG.Tests\FireInteractionEventTranslatorTests.cs(9,38,9,41): error CS0234: The type or namespace name 'NED' does not exist in the namespace 'Hrot' (are you missing an assembly reference?)
97>D:\Work\IOS-IG-SimHost-FDP-2\Hrot\Subsystems\Hrot.IG.Tests\FireInteractionEventTranslatorTests.cs(10,38,10,41): error CS0234: The type or namespace name 'Map' does not exist in the namespace 'Hrot' (are you missing an assembly reference?)
97>D:\Work\IOS-IG-SimHost-FDP-2\Hrot\Subsystems\Hrot.IG.Tests\FireInteractionEventTranslatorTests.cs(2,12,2,15): error CS0234: The type or namespace name 'NED' does not exist in the namespace 'Hrot' (are you missing an assembly reference?)
97>D:\Work\IOS-IG-SimHost-FDP-2\Hrot\Subsystems\Hrot.IG.Tests\FireInteractionEventTranslatorTests.cs(3,12,3,15): error CS0234: The type or namespace name 'Map' does not exist in the namespace 'Hrot' (are you missing an assembly reference?)
97>D:\Work\IOS-IG-SimHost-FDP-2\Hrot\Subsystems\Hrot.IG.Tests\FireInteractionEventTranslatorTests.cs(5,7,5,10): error CS0246: The type or namespace name 'Fdp' could not be found (are you missing a using directive or an assembly reference?)
97>D:\Work\IOS-IG-SimHost-FDP-2\Hrot\Subsystems\Hrot.IG.Tests\FireInteractionEventTranslatorTests.cs(6,7,6,10): error CS0246: The type or namespace name 'Fdp' could not be found (are you missing a using directive or an assembly reference?)
97>D:\Work\IOS-IG-SimHost-FDP-2\Hrot\Subsystems\Hrot.IG.Tests\FireInteractionEventTranslatorTests.cs(7,7,7,10): error CS0246: The type or namespace name 'Fdp' could not be found (are you missing a using directive or an assembly reference?)
97>D:\Work\IOS-IG-SimHost-FDP-2\Hrot\Subsystems\Hrot.IG.Tests\FireInteractionEventTranslatorTests.cs(11,7,11,10): error CS0246: The type or namespace name 'Fdp' could not be found (are you missing a using directive or an assembly reference?)
97>D:\Work\IOS-IG-SimHost-FDP-2\Hrot\Subsystems\Hrot.IG.Tests\GeoSpatialDRTranslatorTests.cs(2,12,2,15): error CS0234: The type or namespace name 'NED' does not exist in the namespace 'Hrot' (are you missing an assembly reference?)
97>D:\Work\IOS-IG-SimHost-FDP-2\Hrot\Subsystems\Hrot.IG.Tests\GeoSpatialDRTranslatorTests.cs(3,12,3,15): error CS0234: The type or namespace name 'NED' does not exist in the namespace 'Hrot' (are you missing an assembly reference?)
97>D:\Work\IOS-IG-SimHost-FDP-2\Hrot\Subsystems\Hrot.IG.Tests\GeoSpatialDRTranslatorTests.cs(4,12,4,15): error CS0234: The type or namespace name 'Map' does not exist in the namespace 'Hrot' (are you missing an assembly reference?)
97>D:\Work\IOS-IG-SimHost-FDP-2\Hrot\Subsystems\Hrot.IG.Tests\GeoSpatialDRTranslatorTests.cs(6,7,6,10): error CS0246: The type or namespace name 'Fdp' could not be found (are you missing a using directive or an assembly reference?)
97>D:\Work\IOS-IG-SimHost-FDP-2\Hrot\Subsystems\Hrot.IG.Tests\GeoSpatialDRTranslatorTests.cs(7,7,7,10): error CS0246: The type or namespace name 'Fdp' could not be found (are you missing a using directive or an assembly reference?)
97>D:\Work\IOS-IG-SimHost-FDP-2\Hrot\Subsystems\Hrot.IG.Tests\GeoSpatialDRTranslatorTests.cs(8,7,8,10): error CS0246: The type or namespace name 'Fdp' could not be found (are you missing a using directive or an assembly reference?)
97>D:\Work\IOS-IG-SimHost-FDP-2\Hrot\Subsystems\Hrot.IG.Tests\GeoSpatialDRTranslatorTests.cs(9,7,9,10): error CS0246: The type or namespace name 'Fdp' could not be found (are you missing a using directive or an assembly reference?)
97>D:\Work\IOS-IG-SimHost-FDP-2\Hrot\Subsystems\Hrot.IG.Tests\GeoSpatialDRTranslatorTests.cs(10,7,10,10): error CS0246: The type or namespace name 'Fdp' could not be found (are you missing a using directive or an assembly reference?)
97>D:\Work\IOS-IG-SimHost-FDP-2\Hrot\Subsystems\Hrot.IG.Tests\GeoSpatialDRTranslatorTests.cs(11,7,11,10): error CS0246: The type or namespace name 'Fdp' could not be found (are you missing a using directive or an assembly reference?)
97>D:\Work\IOS-IG-SimHost-FDP-2\Hrot\Subsystems\Hrot.IG.Tests\GeoSpatialDRTranslatorTests.cs(13,7,13,10): error CS0246: The type or namespace name 'Fdp' could not be found (are you missing a using directive or an assembly reference?)
97>D:\Work\IOS-IG-SimHost-FDP-2\Hrot\Subsystems\Hrot.IG.Tests\GeoSpatialTranslatorTests.cs(2,12,2,15): error CS0234: The type or namespace name 'NED' does not exist in the namespace 'Hrot' (are you missing an assembly reference?)
97>D:\Work\IOS-IG-SimHost-FDP-2\Hrot\Subsystems\Hrot.IG.Tests\GeoSpatialTranslatorTests.cs(3,12,3,15): error CS0234: The type or namespace name 'NED' does not exist in the namespace 'Hrot' (are you missing an assembly reference?)
97>D:\Work\IOS-IG-SimHost-FDP-2\Hrot\Subsystems\Hrot.IG.Tests\GeoSpatialTranslatorTests.cs(4,12,4,15): error CS0234: The type or namespace name 'Map' does not exist in the namespace 'Hrot' (are you missing an assembly reference?)
97>D:\Work\IOS-IG-SimHost-FDP-2\Hrot\Subsystems\Hrot.IG.Tests\GeoSpatialTranslatorTests.cs(6,7,6,10): error CS0246: The type or namespace name 'Fdp' could not be found (are you missing a using directive or an assembly reference?)
97>D:\Work\IOS-IG-SimHost-FDP-2\Hrot\Subsystems\Hrot.IG.Tests\GeoSpatialTranslatorTests.cs(7,7,7,10): error CS0246: The type or namespace name 'Fdp' could not be found (are you missing a using directive or an assembly reference?)
97>D:\Work\IOS-IG-SimHost-FDP-2\Hrot\Subsystems\Hrot.IG.Tests\GeoSpatialTranslatorTests.cs(8,7,8,10): error CS0246: The type or namespace name 'Fdp' could not be found (are you missing a using directive or an assembly reference?)
97>D:\Work\IOS-IG-SimHost-FDP-2\Hrot\Subsystems\Hrot.IG.Tests\GeoSpatialTranslatorTests.cs(9,7,9,10): error CS0246: The type or namespace name 'Fdp' could not be found (are you missing a using directive or an assembly reference?)
97>D:\Work\IOS-IG-SimHost-FDP-2\Hrot\Subsystems\Hrot.IG.Tests\GeoSpatialTranslatorTests.cs(10,7,10,10): error CS0246: The type or namespace name 'Fdp' could not be found (are you missing a using directive or an assembly reference?)
97>D:\Work\IOS-IG-SimHost-FDP-2\Hrot\Subsystems\Hrot.IG.Tests\GeoSpatialTranslatorTests.cs(11,7,11,10): error CS0246: The type or namespace name 'Fdp' could not be found (are you missing a using directive or an assembly reference?)
97>D:\Work\IOS-IG-SimHost-FDP-2\Hrot\Subsystems\Hrot.IG.Tests\GeoSpatialTranslatorTests.cs(13,7,13,10): error CS0246: The type or namespace name 'Fdp' could not be found (are you missing a using directive or an assembly reference?)
97>D:\Work\IOS-IG-SimHost-FDP-2\Hrot\Subsystems\Hrot.IG.Tests\Gizmos\EntityRotationGizmoTests.cs(5,7,5,10): error CS0246: The type or namespace name 'Fdp' could not be found (are you missing a using directive or an assembly reference?)
97>D:\Work\IOS-IG-SimHost-FDP-2\Hrot\Subsystems\Hrot.IG.Tests\Gizmos\EntityRotationGizmoTests.cs(6,7,6,10): error CS0246: The type or namespace name 'Fdp' could not be found (are you missing a using directive or an assembly reference?)
97>D:\Work\IOS-IG-SimHost-FDP-2\Hrot\Subsystems\Hrot.IG.Tests\Gizmos\EntityRotationGizmoTests.cs(7,7,7,10): error CS0246: The type or namespace name 'Fdp' could not be found (are you missing a using directive or an assembly reference?)
97>D:\Work\IOS-IG-SimHost-FDP-2\Hrot\Subsystems\Hrot.IG.Tests\Gizmos\EntityRotationGizmoTests.cs(8,7,8,10): error CS0246: The type or namespace name 'Fdp' could not be found (are you missing a using directive or an assembly reference?)
97>D:\Work\IOS-IG-SimHost-FDP-2\Hrot\Subsystems\Hrot.IG.Tests\Gizmos\EntityRotationGizmoTests.cs(9,12,9,18): error CS0234: The type or namespace name 'Common' does not exist in the namespace 'Hrot' (are you missing an assembly reference?)
97>D:\Work\IOS-IG-SimHost-FDP-2\Hrot\Subsystems\Hrot.IG.Tests\Gizmos\EntityRotationGizmoTests.cs(10,15,10,21): error CS0234: The type or namespace name 'Gizmos' does not exist in the namespace 'Hrot.IG' (are you missing an assembly reference?)
97>D:\Work\IOS-IG-SimHost-FDP-2\Hrot\Subsystems\Hrot.IG.Tests\Gizmos\FullCapturingDrawBuilder.cs(6,23,6,26): error CS0246: The type or namespace name 'Fdp' could not be found (are you missing a using directive or an assembly reference?)
97>D:\Work\IOS-IG-SimHost-FDP-2\Hrot\Subsystems\Hrot.IG.Tests\Gizmos\FullCapturingDrawBuilder.cs(3,7,3,10): error CS0246: The type or namespace name 'Fdp' could not be found (are you missing a using directive or an assembly reference?)
97>D:\Work\IOS-IG-SimHost-FDP-2\Hrot\Subsystems\Hrot.IG.Tests\Gizmos\FullCapturingDrawBuilder.cs(4,7,4,10): error CS0246: The type or namespace name 'Fdp' could not be found (are you missing a using directive or an assembly reference?)
97>D:\Work\IOS-IG-SimHost-FDP-2\Hrot\Subsystems\Hrot.IG.Tests\Gizmos\GizmoRendererWiringTests.cs(2,7,2,10): error CS0246: The type or namespace name 'Fdp' could not be found (are you missing a using directive or an assembly reference?)
97>D:\Work\IOS-IG-SimHost-FDP-2\Hrot\Subsystems\Hrot.IG.Tests\Gizmos\GizmoRendererWiringTests.cs(3,7,3,10): error CS0246: The type or namespace name 'Fdp' could not be found (are you missing a using directive or an assembly reference?)
97>D:\Work\IOS-IG-SimHost-FDP-2\Hrot\Subsystems\Hrot.IG.Tests\Gizmos\GizmoRendererWiringTests.cs(4,7,4,10): error CS0246: The type or namespace name 'Fdp' could not be found (are you missing a using directive or an assembly reference?)
97>D:\Work\IOS-IG-SimHost-FDP-2\Hrot\Subsystems\Hrot.IG.Tests\Gizmos\GizmoRendererWiringTests.cs(5,12,5,18): error CS0234: The type or namespace name 'Common' does not exist in the namespace 'Hrot' (are you missing an assembly reference?)
97>D:\Work\IOS-IG-SimHost-FDP-2\Hrot\Subsystems\Hrot.IG.Tests\Gizmos\GizmoRendererWiringTests.cs(6,15,6,21): error CS0234: The type or namespace name 'Gizmos' does not exist in the namespace 'Hrot.IG' (are you missing an assembly reference?)
97>D:\Work\IOS-IG-SimHost-FDP-2\Hrot\Subsystems\Hrot.IG.Tests\Gizmos\GizmosRemoteVisualizationTests.cs(5,7,5,10): error CS0246: The type or namespace name 'Fdp' could not be found (are you missing a using directive or an assembly reference?)
97>D:\Work\IOS-IG-SimHost-FDP-2\Hrot\Subsystems\Hrot.IG.Tests\Gizmos\GizmosRemoteVisualizationTests.cs(6,7,6,10): error CS0246: The type or namespace name 'Fdp' could not be found (are you missing a using directive or an assembly reference?)
97>D:\Work\IOS-IG-SimHost-FDP-2\Hrot\Subsystems\Hrot.IG.Tests\Gizmos\GizmosRemoteVisualizationTests.cs(7,7,7,10): error CS0246: The type or namespace name 'Fdp' could not be found (are you missing a using directive or an assembly reference?)
97>D:\Work\IOS-IG-SimHost-FDP-2\Hrot\Subsystems\Hrot.IG.Tests\Gizmos\GizmosRemoteVisualizationTests.cs(8,15,8,27): error CS0234: The type or namespace name 'Abstractions' does not exist in the namespace 'Hrot.IG' (are you missing an assembly reference?)
97>D:\Work\IOS-IG-SimHost-FDP-2\Hrot\Subsystems\Hrot.IG.Tests\Gizmos\GizmosRemoteVisualizationTests.cs(9,15,9,21): error CS0234: The type or namespace name 'Gizmos' does not exist in the namespace 'Hrot.IG' (are you missing an assembly reference?)
97>D:\Work\IOS-IG-SimHost-FDP-2\Hrot\Subsystems\Hrot.IG.Tests\Gizmos\GizmosRemoteVisualizationTests.cs(10,12,10,18): error CS0234: The type or namespace name 'Common' does not exist in the namespace 'Hrot' (are you missing an assembly reference?)
97>D:\Work\IOS-IG-SimHost-FDP-2\Hrot\Subsystems\Hrot.IG.Tests\Gizmos\GizmosRemoteVisualizationTests.cs(11,12,11,15): error CS0234: The type or namespace name 'Map' does not exist in the namespace 'Hrot' (are you missing an assembly reference?)
97>D:\Work\IOS-IG-SimHost-FDP-2\Hrot\Subsystems\Hrot.IG.Tests\Gizmos\HealthBarGizmoTests.cs(9,23,9,26): error CS0246: The type or namespace name 'Fdp' could not be found (are you missing a using directive or an assembly reference?)
97>D:\Work\IOS-IG-SimHost-FDP-2\Hrot\Subsystems\Hrot.IG.Tests\Gizmos\HealthBarGizmoTests.cs(5,7,5,10): error CS0246: The type or namespace name 'Fdp' could not be found (are you missing a using directive or an assembly reference?)
97>D:\Work\IOS-IG-SimHost-FDP-2\Hrot\Subsystems\Hrot.IG.Tests\Gizmos\HealthBarGizmoTests.cs(6,7,6,10): error CS0246: The type or namespace name 'Fdp' could not be found (are you missing a using directive or an assembly reference?)
97>D:\Work\IOS-IG-SimHost-FDP-2\Hrot\Subsystems\Hrot.IG.Tests\Gizmos\HealthBarGizmoTests.cs(7,7,7,10): error CS0246: The type or namespace name 'Fdp' could not be found (are you missing a using directive or an assembly reference?)
97>D:\Work\IOS-IG-SimHost-FDP-2\Hrot\Subsystems\Hrot.IG.Tests\Gizmos\HealthBarGizmoTests.cs(10,7,10,10): error CS0246: The type or namespace name 'Fdp' could not be found (are you missing a using directive or an assembly reference?)
97>D:\Work\IOS-IG-SimHost-FDP-2\Hrot\Subsystems\Hrot.IG.Tests\Gizmos\HealthBarGizmoTests.cs(11,12,11,18): error CS0234: The type or namespace name 'Common' does not exist in the namespace 'Hrot' (are you missing an assembly reference?)
97>D:\Work\IOS-IG-SimHost-FDP-2\Hrot\Subsystems\Hrot.IG.Tests\Gizmos\HealthBarGizmoTests.cs(12,15,12,25): error CS0234: The type or namespace name 'Components' does not exist in the namespace 'Hrot.IG' (are you missing an assembly reference?)
97>D:\Work\IOS-IG-SimHost-FDP-2\Hrot\Subsystems\Hrot.IG.Tests\Gizmos\HealthBarGizmoTests.cs(13,15,13,21): error CS0234: The type or namespace name 'Gizmos' does not exist in the namespace 'Hrot.IG' (are you missing an assembly reference?)
97>D:\Work\IOS-IG-SimHost-FDP-2\Hrot\Subsystems\Hrot.IG.Tests\Gizmos\HillAttackGizmoTests.cs(6,7,6,10): error CS0246: The type or namespace name 'Fdp' could not be found (are you missing a using directive or an assembly reference?)
97>D:\Work\IOS-IG-SimHost-FDP-2\Hrot\Subsystems\Hrot.IG.Tests\Gizmos\HillAttackGizmoTests.cs(7,7,7,10): error CS0246: The type or namespace name 'Fdp' could not be found (are you missing a using directive or an assembly reference?)
97>D:\Work\IOS-IG-SimHost-FDP-2\Hrot\Subsystems\Hrot.IG.Tests\Gizmos\HillAttackGizmoTests.cs(8,7,8,10): error CS0246: The type or namespace name 'Fdp' could not be found (are you missing a using directive or an assembly reference?)
97>D:\Work\IOS-IG-SimHost-FDP-2\Hrot\Subsystems\Hrot.IG.Tests\Gizmos\HillAttackGizmoTests.cs(9,7,9,10): error CS0246: The type or namespace name 'Fdp' could not be found (are you missing a using directive or an assembly reference?)
97>D:\Work\IOS-IG-SimHost-FDP-2\Hrot\Subsystems\Hrot.IG.Tests\Gizmos\HillAttackGizmoTests.cs(10,12,10,14): error CS0234: The type or namespace name 'AI' does not exist in the namespace 'Hrot' (are you missing an assembly reference?)
97>D:\Work\IOS-IG-SimHost-FDP-2\Hrot\Subsystems\Hrot.IG.Tests\Gizmos\HillAttackGizmoTests.cs(11,12,11,14): error CS0234: The type or namespace name 'AI' does not exist in the namespace 'Hrot' (are you missing an assembly reference?)
97>D:\Work\IOS-IG-SimHost-FDP-2\Hrot\Subsystems\Hrot.IG.Tests\Gizmos\HillAttackGizmoTests.cs(12,15,12,21): error CS0234: The type or namespace name 'Gizmos' does not exist in the namespace 'Hrot.IG' (are you missing an assembly reference?)
97>D:\Work\IOS-IG-SimHost-FDP-2\Hrot\Subsystems\Hrot.IG.Tests\Gizmos\MeasureToolGizmoAdapterTests.cs(1,7,1,10): error CS0246: The type or namespace name 'Fdp' could not be found (are you missing a using directive or an assembly reference?)
97>D:\Work\IOS-IG-SimHost-FDP-2\Hrot\Subsystems\Hrot.IG.Tests\Gizmos\MeasureToolGizmoAdapterTests.cs(2,7,2,10): error CS0246: The type or namespace name 'Fdp' could not be found (are you missing a using directive or an assembly reference?)
97>D:\Work\IOS-IG-SimHost-FDP-2\Hrot\Subsystems\Hrot.IG.Tests\Gizmos\MeasureToolGizmoAdapterTests.cs(3,7,3,10): error CS0246: The type or namespace name 'Fdp' could not be found (are you missing a using directive or an assembly reference?)
97>D:\Work\IOS-IG-SimHost-FDP-2\Hrot\Subsystems\Hrot.IG.Tests\Gizmos\MeasureToolGizmoAdapterTests.cs(4,15,4,21): error CS0234: The type or namespace name 'Gizmos' does not exist in the namespace 'Hrot.IG' (are you missing an assembly reference?)
97>D:\Work\IOS-IG-SimHost-FDP-2\Hrot\Subsystems\Hrot.IG.Tests\Gizmos\MeasureToolGizmoAdapterTests.cs(5,12,5,26): error CS0234: The type or namespace name 'ScenarioEditor' does not exist in the namespace 'Hrot' (are you missing an assembly reference?)
97>D:\Work\IOS-IG-SimHost-FDP-2\Hrot\Subsystems\Hrot.IG.Tests\Gizmos\PresentationGizmoTests.cs(4,7,4,15): error CS0246: The type or namespace name 'CarKinem' could not be found (are you missing a using directive or an assembly reference?)
97>D:\Work\IOS-IG-SimHost-FDP-2\Hrot\Subsystems\Hrot.IG.Tests\Gizmos\PresentationGizmoTests.cs(5,7,5,10): error CS0246: The type or namespace name 'Fdp' could not be found (are you missing a using directive or an assembly reference?)
97>D:\Work\IOS-IG-SimHost-FDP-2\Hrot\Subsystems\Hrot.IG.Tests\Gizmos\PresentationGizmoTests.cs(6,7,6,10): error CS0246: The type or namespace name 'Fdp' could not be found (are you missing a using directive or an assembly reference?)
97>D:\Work\IOS-IG-SimHost-FDP-2\Hrot\Subsystems\Hrot.IG.Tests\Gizmos\PresentationGizmoTests.cs(7,7,7,10): error CS0246: The type or namespace name 'Fdp' could not be found (are you missing a using directive or an assembly reference?)
97>D:\Work\IOS-IG-SimHost-FDP-2\Hrot\Subsystems\Hrot.IG.Tests\Gizmos\PresentationGizmoTests.cs(8,15,8,25): error CS0234: The type or namespace name 'Components' does not exist in the namespace 'Hrot.IG' (are you missing an assembly reference?)
97>D:\Work\IOS-IG-SimHost-FDP-2\Hrot\Subsystems\Hrot.IG.Tests\Gizmos\PresentationGizmoTests.cs(9,15,9,21): error CS0234: The type or namespace name 'Gizmos' does not exist in the namespace 'Hrot.IG' (are you missing an assembly reference?)
97>D:\Work\IOS-IG-SimHost-FDP-2\Hrot\Subsystems\Hrot.IG.Tests\Gizmos\PresentationGizmoTests.cs(10,12,10,26): error CS0234: The type or namespace name 'ScenarioEditor' does not exist in the namespace 'Hrot' (are you missing an assembly reference?)
97>D:\Work\IOS-IG-SimHost-FDP-2\Hrot\Subsystems\Hrot.IG.Tests\Gizmos\PresentationGizmoTests.cs(11,12,11,15): error CS0234: The type or namespace name 'Map' does not exist in the namespace 'Hrot' (are you missing an assembly reference?)
97>D:\Work\IOS-IG-SimHost-FDP-2\Hrot\Subsystems\Hrot.IG.Tests\Gizmos\VisibilityConeGizmoTests.cs(4,7,4,10): error CS0246: The type or namespace name 'Fdp' could not be found (are you missing a using directive or an assembly reference?)
97>D:\Work\IOS-IG-SimHost-FDP-2\Hrot\Subsystems\Hrot.IG.Tests\Gizmos\VisibilityConeGizmoTests.cs(5,7,5,10): error CS0246: The type or namespace name 'Fdp' could not be found (are you missing a using directive or an assembly reference?)
97>D:\Work\IOS-IG-SimHost-FDP-2\Hrot\Subsystems\Hrot.IG.Tests\Gizmos\VisibilityConeGizmoTests.cs(6,7,6,10): error CS0246: The type or namespace name 'Fdp' could not be found (are you missing a using directive or an assembly reference?)
97>D:\Work\IOS-IG-SimHost-FDP-2\Hrot\Subsystems\Hrot.IG.Tests\Gizmos\VisibilityConeGizmoTests.cs(7,12,7,18): error CS0234: The type or namespace name 'Common' does not exist in the namespace 'Hrot' (are you missing an assembly reference?)
97>D:\Work\IOS-IG-SimHost-FDP-2\Hrot\Subsystems\Hrot.IG.Tests\Gizmos\VisibilityConeGizmoTests.cs(8,15,8,21): error CS0234: The type or namespace name 'Gizmos' does not exist in the namespace 'Hrot.IG' (are you missing an assembly reference?)
97>D:\Work\IOS-IG-SimHost-FDP-2\Hrot\Subsystems\Hrot.IG.Tests\HistoryRecordingSystemTests.cs(2,15,2,25): error CS0234: The type or namespace name 'Components' does not exist in the namespace 'Hrot.IG' (are you missing an assembly reference?)
97>D:\Work\IOS-IG-SimHost-FDP-2\Hrot\Subsystems\Hrot.IG.Tests\HistoryRecordingSystemTests.cs(3,15,3,22): error CS0234: The type or namespace name 'Systems' does not exist in the namespace 'Hrot.IG' (are you missing an assembly reference?)
97>D:\Work\IOS-IG-SimHost-FDP-2\Hrot\Subsystems\Hrot.IG.Tests\HistoryRecordingSystemTests.cs(4,7,4,10): error CS0246: The type or namespace name 'Fdp' could not be found (are you missing a using directive or an assembly reference?)
97>D:\Work\IOS-IG-SimHost-FDP-2\Hrot\Subsystems\Hrot.IG.Tests\HistoryRecordingSystemTests.cs(5,7,5,10): error CS0246: The type or namespace name 'Fdp' could not be found (are you missing a using directive or an assembly reference?)
97>D:\Work\IOS-IG-SimHost-FDP-2\Hrot\Subsystems\Hrot.IG.Tests\IgApplicationPanelTests.cs(5,12,5,15): error CS0234: The type or namespace name 'NED' does not exist in the namespace 'Hrot' (are you missing an assembly reference?)
97>D:\Work\IOS-IG-SimHost-FDP-2\Hrot\Subsystems\Hrot.IG.Tests\IgApplicationPanelTests.cs(6,15,6,25): error CS0234: The type or namespace name 'Components' does not exist in the namespace 'Hrot.IG' (are you missing an assembly reference?)
97>D:\Work\IOS-IG-SimHost-FDP-2\Hrot\Subsystems\Hrot.IG.Tests\IgApplicationPanelTests.cs(7,15,7,22): error CS0234: The type or namespace name 'Systems' does not exist in the namespace 'Hrot.IG' (are you missing an assembly reference?)
97>D:\Work\IOS-IG-SimHost-FDP-2\Hrot\Subsystems\Hrot.IG.Tests\IgApplicationPanelTests.cs(8,12,8,15): error CS0234: The type or namespace name 'Map' does not exist in the namespace 'Hrot' (are you missing an assembly reference?)
97>D:\Work\IOS-IG-SimHost-FDP-2\Hrot\Subsystems\Hrot.IG.Tests\IgApplicationPanelTests.cs(9,15,9,17): error CS0234: The type or namespace name 'UI' does not exist in the namespace 'Hrot.IG' (are you missing an assembly reference?)
97>D:\Work\IOS-IG-SimHost-FDP-2\Hrot\Subsystems\Hrot.IG.Tests\IgApplicationPanelTests.cs(10,12,10,18): error CS0234: The type or namespace name 'Common' does not exist in the namespace 'Hrot' (are you missing an assembly reference?)
97>D:\Work\IOS-IG-SimHost-FDP-2\Hrot\Subsystems\Hrot.IG.Tests\IgApplicationPanelTests.cs(11,7,11,10): error CS0246: The type or namespace name 'Fdp' could not be found (are you missing a using directive or an assembly reference?)
97>D:\Work\IOS-IG-SimHost-FDP-2\Hrot\Subsystems\Hrot.IG.Tests\IgApplicationPanelTests.cs(12,7,12,10): error CS0246: The type or namespace name 'Fdp' could not be found (are you missing a using directive or an assembly reference?)
97>D:\Work\IOS-IG-SimHost-FDP-2\Hrot\Subsystems\Hrot.IG.Tests\IgApplicationPanelTests.cs(13,7,13,10): error CS0246: The type or namespace name 'Fdp' could not be found (are you missing a using directive or an assembly reference?)
97>D:\Work\IOS-IG-SimHost-FDP-2\Hrot\Subsystems\Hrot.IG.Tests\IgApplicationPanelTests.cs(14,7,14,10): error CS0246: The type or namespace name 'Fdp' could not be found (are you missing a using directive or an assembly reference?)
97>D:\Work\IOS-IG-SimHost-FDP-2\Hrot\Subsystems\Hrot.IG.Tests\IgApplicationPanelTests.cs(15,7,15,10): error CS0246: The type or namespace name 'Fdp' could not be found (are you missing a using directive or an assembly reference?)
97>D:\Work\IOS-IG-SimHost-FDP-2\Hrot\Subsystems\Hrot.IG.Tests\IgApplicationPanelTests.cs(16,7,16,10): error CS0246: The type or namespace name 'Fdp' could not be found (are you missing a using directive or an assembly reference?)
97>D:\Work\IOS-IG-SimHost-FDP-2\Hrot\Subsystems\Hrot.IG.Tests\IgApplicationTests.cs(1,12,1,26): error CS0234: The type or namespace name 'ScenarioEditor' does not exist in the namespace 'Hrot' (are you missing an assembly reference?)
97>D:\Work\IOS-IG-SimHost-FDP-2\Hrot\Subsystems\Hrot.IG.Tests\IgApplicationTests.cs(2,12,2,15): error CS0234: The type or namespace name 'Map' does not exist in the namespace 'Hrot' (are you missing an assembly reference?)
97>D:\Work\IOS-IG-SimHost-FDP-2\Hrot\Subsystems\Hrot.IG.Tests\IgApplicationTests.cs(3,7,3,10): error CS0246: The type or namespace name 'Fdp' could not be found (are you missing a using directive or an assembly reference?)
97>D:\Work\IOS-IG-SimHost-FDP-2\Hrot\Subsystems\Hrot.IG.Tests\IgApplicationTests.cs(4,7,4,10): error CS0246: The type or namespace name 'Fdp' could not be found (are you missing a using directive or an assembly reference?)
97>D:\Work\IOS-IG-SimHost-FDP-2\Hrot\Subsystems\Hrot.IG.Tests\IgApplicationTests.cs(5,7,5,10): error CS0246: The type or namespace name 'Fdp' could not be found (are you missing a using directive or an assembly reference?)
97>D:\Work\IOS-IG-SimHost-FDP-2\Hrot\Subsystems\Hrot.IG.Tests\IgApplicationTests.cs(6,7,6,10): error CS0246: The type or namespace name 'Fdp' could not be found (are you missing a using directive or an assembly reference?)
97>D:\Work\IOS-IG-SimHost-FDP-2\Hrot\Subsystems\Hrot.IG.Tests\IgApplicationTests.cs(7,7,7,10): error CS0246: The type or namespace name 'Fdp' could not be found (are you missing a using directive or an assembly reference?)
97>D:\Work\IOS-IG-SimHost-FDP-2\Hrot\Subsystems\Hrot.IG.Tests\IgEntityDataTests.cs(2,12,2,15): error CS0234: The type or namespace name 'NED' does not exist in the namespace 'Hrot' (are you missing an assembly reference?)
97>D:\Work\IOS-IG-SimHost-FDP-2\Hrot\Subsystems\Hrot.IG.Tests\IgEntityDataTests.cs(3,7,3,10): error CS0246: The type or namespace name 'Fdp' could not be found (are you missing a using directive or an assembly reference?)
97>D:\Work\IOS-IG-SimHost-FDP-2\Hrot\Subsystems\Hrot.IG.Tests\IgGroundClampingModuleTests.cs(4,15,4,22): error CS0234: The type or namespace name 'Modules' does not exist in the namespace 'Hrot.IG' (are you missing an assembly reference?)
97>D:\Work\IOS-IG-SimHost-FDP-2\Hrot\Subsystems\Hrot.IG.Tests\IgGroundClampingModuleTests.cs(5,7,5,10): error CS0246: The type or namespace name 'Fdp' could not be found (are you missing a using directive or an assembly reference?)
97>D:\Work\IOS-IG-SimHost-FDP-2\Hrot\Subsystems\Hrot.IG.Tests\IgGroundClampingModuleTests.cs(6,7,6,10): error CS0246: The type or namespace name 'Fdp' could not be found (are you missing a using directive or an assembly reference?)
97>D:\Work\IOS-IG-SimHost-FDP-2\Hrot\Subsystems\Hrot.IG.Tests\IgGroundClampingModuleTests.cs(7,7,7,10): error CS0246: The type or namespace name 'Fdp' could not be found (are you missing a using directive or an assembly reference?)
97>D:\Work\IOS-IG-SimHost-FDP-2\Hrot\Subsystems\Hrot.IG.Tests\IgGroundClampingModuleTests.cs(8,7,8,10): error CS0246: The type or namespace name 'Fdp' could not be found (are you missing a using directive or an assembly reference?)
97>D:\Work\IOS-IG-SimHost-FDP-2\Hrot\Subsystems\Hrot.IG.Tests\IgGroundClampingModuleTests.cs(9,7,9,10): error CS0246: The type or namespace name 'Fdp' could not be found (are you missing a using directive or an assembly reference?)
97>D:\Work\IOS-IG-SimHost-FDP-2\Hrot\Subsystems\Hrot.IG.Tests\IgGroundClampingModuleTests.cs(10,7,10,10): error CS0246: The type or namespace name 'Fdp' could not be found (are you missing a using directive or an assembly reference?)
97>D:\Work\IOS-IG-SimHost-FDP-2\Hrot\Subsystems\Hrot.IG.Tests\IgHealthStateTests.cs(2,15,2,25): error CS0234: The type or namespace name 'Components' does not exist in the namespace 'Hrot.IG' (are you missing an assembly reference?)
97>D:\Work\IOS-IG-SimHost-FDP-2\Hrot\Subsystems\Hrot.IG.Tests\IgHealthStateTests.cs(3,7,3,10): error CS0246: The type or namespace name 'Fdp' could not be found (are you missing a using directive or an assembly reference?)
97>D:\Work\IOS-IG-SimHost-FDP-2\Hrot\Subsystems\Hrot.IG.Tests\IgNodeBootstrapperTests.cs(5,7,5,10): error CS0246: The type or namespace name 'Fdp' could not be found (are you missing a using directive or an assembly reference?)
97>D:\Work\IOS-IG-SimHost-FDP-2\Hrot\Subsystems\Hrot.IG.Tests\IgNodeBootstrapperTests.cs(6,12,6,18): error CS0234: The type or namespace name 'Common' does not exist in the namespace 'Hrot' (are you missing an assembly reference?)
97>D:\Work\IOS-IG-SimHost-FDP-2\Hrot\Subsystems\Hrot.IG.Tests\IgNodeBootstrapperTests.cs(7,15,7,22): error CS0234: The type or namespace name 'Systems' does not exist in the namespace 'Hrot.IG' (are you missing an assembly reference?)
97>D:\Work\IOS-IG-SimHost-FDP-2\Hrot\Subsystems\Hrot.IG.Tests\IgNodeBootstrapperTests.cs(8,15,8,22): error CS0234: The type or namespace name 'Modules' does not exist in the namespace 'Hrot.IG' (are you missing an assembly reference?)
97>D:\Work\IOS-IG-SimHost-FDP-2\Hrot\Subsystems\Hrot.IG.Tests\IgRoleComponentRegistryTests.cs(1,7,1,10): error CS0246: The type or namespace name 'Fdp' could not be found (are you missing a using directive or an assembly reference?)
97>D:\Work\IOS-IG-SimHost-FDP-2\Hrot\Subsystems\Hrot.IG.Tests\IgRoleComponentRegistryTests.cs(2,7,2,10): error CS0246: The type or namespace name 'Fdp' could not be found (are you missing a using directive or an assembly reference?)
97>D:\Work\IOS-IG-SimHost-FDP-2\Hrot\Subsystems\Hrot.IG.Tests\IgRoleComponentRegistryTests.cs(3,15,3,25): error CS0234: The type or namespace name 'Components' does not exist in the namespace 'Hrot.IG' (are you missing an assembly reference?)
97>D:\Work\IOS-IG-SimHost-FDP-2\Hrot\Subsystems\Hrot.IG.Tests\IgTestFactory.cs(2,7,2,10): error CS0246: The type or namespace name 'Fdp' could not be found (are you missing a using directive or an assembly reference?)
97>D:\Work\IOS-IG-SimHost-FDP-2\Hrot\Subsystems\Hrot.IG.Tests\IgTestFactory.cs(3,7,3,10): error CS0246: The type or namespace name 'Fdp' could not be found (are you missing a using directive or an assembly reference?)
97>D:\Work\IOS-IG-SimHost-FDP-2\Hrot\Subsystems\Hrot.IG.Tests\IgTestFactory.cs(4,12,4,18): error CS0234: The type or namespace name 'Common' does not exist in the namespace 'Hrot' (are you missing an assembly reference?)
97>D:\Work\IOS-IG-SimHost-FDP-2\Hrot\Subsystems\Hrot.IG.Tests\IgTestFactory.cs(5,12,5,15): error CS0234: The type or namespace name 'Map' does not exist in the namespace 'Hrot' (are you missing an assembly reference?)
97>D:\Work\IOS-IG-SimHost-FDP-2\Hrot\Subsystems\Hrot.IG.Tests\IgTestFactory.cs(6,12,6,19): error CS0234: The type or namespace name 'Network' does not exist in the namespace 'Hrot' (are you missing an assembly reference?)
97>D:\Work\IOS-IG-SimHost-FDP-2\Hrot\Subsystems\Hrot.IG.Tests\LayerRenderingIntegrationTests.cs(2,12,2,15): error CS0234: The type or namespace name 'NED' does not exist in the namespace 'Hrot' (are you missing an assembly reference?)
97>D:\Work\IOS-IG-SimHost-FDP-2\Hrot\Subsystems\Hrot.IG.Tests\LayerRenderingIntegrationTests.cs(3,15,3,25): error CS0234: The type or namespace name 'Components' does not exist in the namespace 'Hrot.IG' (are you missing an assembly reference?)
97>D:\Work\IOS-IG-SimHost-FDP-2\Hrot\Subsystems\Hrot.IG.Tests\LayerRenderingIntegrationTests.cs(4,15,4,22): error CS0234: The type or namespace name 'Systems' does not exist in the namespace 'Hrot.IG' (are you missing an assembly reference?)
97>D:\Work\IOS-IG-SimHost-FDP-2\Hrot\Subsystems\Hrot.IG.Tests\LayerRenderingIntegrationTests.cs(5,12,5,15): error CS0234: The type or namespace name 'Map' does not exist in the namespace 'Hrot' (are you missing an assembly reference?)
97>D:\Work\IOS-IG-SimHost-FDP-2\Hrot\Subsystems\Hrot.IG.Tests\LayerRenderingIntegrationTests.cs(6,7,6,10): error CS0246: The type or namespace name 'Fdp' could not be found (are you missing a using directive or an assembly reference?)
97>D:\Work\IOS-IG-SimHost-FDP-2\Hrot\Subsystems\Hrot.IG.Tests\LayerRenderingIntegrationTests.cs(7,7,7,10): error CS0246: The type or namespace name 'Fdp' could not be found (are you missing a using directive or an assembly reference?)
97>D:\Work\IOS-IG-SimHost-FDP-2\Hrot\Subsystems\Hrot.IG.Tests\LayerRenderingIntegrationTests.cs(8,7,8,10): error CS0246: The type or namespace name 'Fdp' could not be found (are you missing a using directive or an assembly reference?)
97>D:\Work\IOS-IG-SimHost-FDP-2\Hrot\Subsystems\Hrot.IG.Tests\MapCameraTests.cs(2,7,2,10): error CS0246: The type or namespace name 'Fdp' could not be found (are you missing a using directive or an assembly reference?)
97>D:\Work\IOS-IG-SimHost-FDP-2\Hrot\Subsystems\Hrot.IG.Tests\MapCommandControllerTests.cs(4,12,4,16): error CS0234: The type or namespace name 'Core' does not exist in the namespace 'Hrot' (are you missing an assembly reference?)
97>D:\Work\IOS-IG-SimHost-FDP-2\Hrot\Subsystems\Hrot.IG.Tests\MapCommandControllerTests.cs(5,15,5,22): error CS0234: The type or namespace name 'Systems' does not exist in the namespace 'Hrot.IG' (are you missing an assembly reference?)
97>D:\Work\IOS-IG-SimHost-FDP-2\Hrot\Subsystems\Hrot.IG.Tests\MapCommandControllerTests.cs(6,7,6,10): error CS0246: The type or namespace name 'Fdp' could not be found (are you missing a using directive or an assembly reference?)
97>D:\Work\IOS-IG-SimHost-FDP-2\Hrot\Subsystems\Hrot.IG.Tests\MapCommandControllerTests.cs(7,7,7,10): error CS0246: The type or namespace name 'Fdp' could not be found (are you missing a using directive or an assembly reference?)
97>D:\Work\IOS-IG-SimHost-FDP-2\Hrot\Subsystems\Hrot.IG.Tests\MapCommandControllerTests.cs(8,7,8,10): error CS0246: The type or namespace name 'Fdp' could not be found (are you missing a using directive or an assembly reference?)
97>D:\Work\IOS-IG-SimHost-FDP-2\Hrot\Subsystems\Hrot.IG.Tests\MapCommandControllerTests.cs(9,7,9,10): error CS0246: The type or namespace name 'Fdp' could not be found (are you missing a using directive or an assembly reference?)
97>D:\Work\IOS-IG-SimHost-FDP-2\Hrot\Subsystems\Hrot.IG.Tests\MapCommandControllerTests.cs(10,7,10,10): error CS0246: The type or namespace name 'Fdp' could not be found (are you missing a using directive or an assembly reference?)
97>D:\Work\IOS-IG-SimHost-FDP-2\Hrot\Subsystems\Hrot.IG.Tests\MapCommandControllerTests.cs(11,7,11,10): error CS0246: The type or namespace name 'Fdp' could not be found (are you missing a using directive or an assembly reference?)
97>D:\Work\IOS-IG-SimHost-FDP-2\Hrot\Subsystems\Hrot.IG.Tests\MapCommandControllerTests.cs(12,7,12,10): error CS0246: The type or namespace name 'Fdp' could not be found (are you missing a using directive or an assembly reference?)
97>D:\Work\IOS-IG-SimHost-FDP-2\Hrot\Subsystems\Hrot.IG.Tests\MapCullingSystemTests.cs(2,15,2,25): error CS0234: The type or namespace name 'Components' does not exist in the namespace 'Hrot.IG' (are you missing an assembly reference?)
97>D:\Work\IOS-IG-SimHost-FDP-2\Hrot\Subsystems\Hrot.IG.Tests\MapCullingSystemTests.cs(3,15,3,22): error CS0234: The type or namespace name 'Systems' does not exist in the namespace 'Hrot.IG' (are you missing an assembly reference?)
97>D:\Work\IOS-IG-SimHost-FDP-2\Hrot\Subsystems\Hrot.IG.Tests\MapCullingSystemTests.cs(4,7,4,10): error CS0246: The type or namespace name 'Fdp' could not be found (are you missing a using directive or an assembly reference?)
97>D:\Work\IOS-IG-SimHost-FDP-2\Hrot\Subsystems\Hrot.IG.Tests\MapCullingSystemTests.cs(5,7,5,10): error CS0246: The type or namespace name 'Fdp' could not be found (are you missing a using directive or an assembly reference?)
97>D:\Work\IOS-IG-SimHost-FDP-2\Hrot\Subsystems\Hrot.IG.Tests\MapEntitySymbolTranslatorTests.cs(1,12,1,15): error CS0234: The type or namespace name 'NED' does not exist in the namespace 'Hrot' (are you missing an assembly reference?)
97>D:\Work\IOS-IG-SimHost-FDP-2\Hrot\Subsystems\Hrot.IG.Tests\MapEntitySymbolTranslatorTests.cs(2,15,2,25): error CS0234: The type or namespace name 'Components' does not exist in the namespace 'Hrot.IG' (are you missing an assembly reference?)
97>D:\Work\IOS-IG-SimHost-FDP-2\Hrot\Subsystems\Hrot.IG.Tests\MapEntitySymbolTranslatorTests.cs(3,12,3,15): error CS0234: The type or namespace name 'Map' does not exist in the namespace 'Hrot' (are you missing an assembly reference?)
97>D:\Work\IOS-IG-SimHost-FDP-2\Hrot\Subsystems\Hrot.IG.Tests\MapEntitySymbolTranslatorTests.cs(4,7,4,10): error CS0246: The type or namespace name 'Fdp' could not be found (are you missing a using directive or an assembly reference?)
97>D:\Work\IOS-IG-SimHost-FDP-2\Hrot\Subsystems\Hrot.IG.Tests\MapEntitySymbolTranslatorTests.cs(5,7,5,10): error CS0246: The type or namespace name 'Fdp' could not be found (are you missing a using directive or an assembly reference?)
97>D:\Work\IOS-IG-SimHost-FDP-2\Hrot\Subsystems\Hrot.IG.Tests\MapEntitySymbolTranslatorTests.cs(6,7,6,10): error CS0246: The type or namespace name 'Fdp' could not be found (are you missing a using directive or an assembly reference?)
97>D:\Work\IOS-IG-SimHost-FDP-2\Hrot\Subsystems\Hrot.IG.Tests\MapEntitySymbolTranslatorTests.cs(8,7,8,10): error CS0246: The type or namespace name 'Fdp' could not be found (are you missing a using directive or an assembly reference?)
97>D:\Work\IOS-IG-SimHost-FDP-2\Hrot\Subsystems\Hrot.IG.Tests\MapEventTranslatorTests.cs(3,15,3,25): error CS0234: The type or namespace name 'Components' does not exist in the namespace 'Hrot.IG' (are you missing an assembly reference?)
97>D:\Work\IOS-IG-SimHost-FDP-2\Hrot\Subsystems\Hrot.IG.Tests\MapEventTranslatorTests.cs(4,12,4,26): error CS0234: The type or namespace name 'ScenarioEditor' does not exist in the namespace 'Hrot' (are you missing an assembly reference?)
97>D:\Work\IOS-IG-SimHost-FDP-2\Hrot\Subsystems\Hrot.IG.Tests\MapEventTranslatorTests.cs(5,15,5,17): error CS0234: The type or namespace name 'UI' does not exist in the namespace 'Hrot.IG' (are you missing an assembly reference?)
97>D:\Work\IOS-IG-SimHost-FDP-2\Hrot\Subsystems\Hrot.IG.Tests\MapEventTranslatorTests.cs(6,7,6,10): error CS0246: The type or namespace name 'Fdp' could not be found (are you missing a using directive or an assembly reference?)
97>D:\Work\IOS-IG-SimHost-FDP-2\Hrot\Subsystems\Hrot.IG.Tests\MapEventTranslatorTests.cs(7,7,7,10): error CS0246: The type or namespace name 'Fdp' could not be found (are you missing a using directive or an assembly reference?)
97>D:\Work\IOS-IG-SimHost-FDP-2\Hrot\Subsystems\Hrot.IG.Tests\MapEventTranslatorTests.cs(8,7,8,10): error CS0246: The type or namespace name 'Fdp' could not be found (are you missing a using directive or an assembly reference?)
97>D:\Work\IOS-IG-SimHost-FDP-2\Hrot\Subsystems\Hrot.IG.Tests\MeasureToolTests.cs(2,7,2,10): error CS0246: The type or namespace name 'Fdp' could not be found (are you missing a using directive or an assembly reference?)
97>D:\Work\IOS-IG-SimHost-FDP-2\Hrot\Subsystems\Hrot.IG.Tests\MeasureToolTests.cs(3,7,3,10): error CS0246: The type or namespace name 'Fdp' could not be found (are you missing a using directive or an assembly reference?)
97>D:\Work\IOS-IG-SimHost-FDP-2\Hrot\Subsystems\Hrot.IG.Tests\MeasureToolTests.cs(4,7,4,10): error CS0246: The type or namespace name 'Fdp' could not be found (are you missing a using directive or an assembly reference?)
97>D:\Work\IOS-IG-SimHost-FDP-2\Hrot\Subsystems\Hrot.IG.Tests\MeasureToolTests.cs(5,12,5,26): error CS0234: The type or namespace name 'ScenarioEditor' does not exist in the namespace 'Hrot' (are you missing an assembly reference?)
97>D:\Work\IOS-IG-SimHost-FDP-2\Hrot\Subsystems\Hrot.IG.Tests\MiniExConPanelStateTests.cs(2,15,2,25): error CS0234: The type or namespace name 'Components' does not exist in the namespace 'Hrot.IG' (are you missing an assembly reference?)
97>D:\Work\IOS-IG-SimHost-FDP-2\Hrot\Subsystems\Hrot.IG.Tests\MiniExConPanelStateTests.cs(3,15,3,17): error CS0234: The type or namespace name 'UI' does not exist in the namespace 'Hrot.IG' (are you missing an assembly reference?)
97>D:\Work\IOS-IG-SimHost-FDP-2\Hrot\Subsystems\Hrot.IG.Tests\MiniExConPanelStateTests.cs(4,7,4,10): error CS0246: The type or namespace name 'Fdp' could not be found (are you missing a using directive or an assembly reference?)
97>D:\Work\IOS-IG-SimHost-FDP-2\Hrot\Subsystems\Hrot.IG.Tests\MiniExConPanelStateTests.cs(5,7,5,10): error CS0246: The type or namespace name 'Fdp' could not be found (are you missing a using directive or an assembly reference?)
97>D:\Work\IOS-IG-SimHost-FDP-2\Hrot\Subsystems\Hrot.IG.Tests\PerformanceMetricsTests.cs(2,15,2,25): error CS0234: The type or namespace name 'Components' does not exist in the namespace 'Hrot.IG' (are you missing an assembly reference?)
97>D:\Work\IOS-IG-SimHost-FDP-2\Hrot\Subsystems\Hrot.IG.Tests\PerformanceMetricsTests.cs(3,15,3,17): error CS0234: The type or namespace name 'UI' does not exist in the namespace 'Hrot.IG' (are you missing an assembly reference?)
97>D:\Work\IOS-IG-SimHost-FDP-2\Hrot\Subsystems\Hrot.IG.Tests\PerformanceMetricsTests.cs(4,7,4,10): error CS0246: The type or namespace name 'Fdp' could not be found (are you missing a using directive or an assembly reference?)
97>D:\Work\IOS-IG-SimHost-FDP-2\Hrot\Subsystems\Hrot.IG.Tests\PerformanceMetricsTests.cs(5,7,5,10): error CS0246: The type or namespace name 'Fdp' could not be found (are you missing a using directive or an assembly reference?)
97>D:\Work\IOS-IG-SimHost-FDP-2\Hrot\Subsystems\Hrot.IG.Tests\RouteAuthoringTests.cs(5,12,5,15): error CS0234: The type or namespace name 'Map' does not exist in the namespace 'Hrot' (are you missing an assembly reference?)
97>D:\Work\IOS-IG-SimHost-FDP-2\Hrot\Subsystems\Hrot.IG.Tests\RouteAuthoringTests.cs(6,12,6,15): error CS0234: The type or namespace name 'Map' does not exist in the namespace 'Hrot' (are you missing an assembly reference?)
97>D:\Work\IOS-IG-SimHost-FDP-2\Hrot\Subsystems\Hrot.IG.Tests\RouteAuthoringTests.cs(7,7,7,10): error CS0246: The type or namespace name 'Fdp' could not be found (are you missing a using directive or an assembly reference?)
97>D:\Work\IOS-IG-SimHost-FDP-2\Hrot\Subsystems\Hrot.IG.Tests\SelectionRenderSystemTests.cs(2,15,2,25): error CS0234: The type or namespace name 'Components' does not exist in the namespace 'Hrot.IG' (are you missing an assembly reference?)
97>D:\Work\IOS-IG-SimHost-FDP-2\Hrot\Subsystems\Hrot.IG.Tests\SelectionRenderSystemTests.cs(3,12,3,26): error CS0234: The type or namespace name 'ScenarioEditor' does not exist in the namespace 'Hrot' (are you missing an assembly reference?)
97>D:\Work\IOS-IG-SimHost-FDP-2\Hrot\Subsystems\Hrot.IG.Tests\SelectionRenderSystemTests.cs(4,7,4,10): error CS0246: The type or namespace name 'Fdp' could not be found (are you missing a using directive or an assembly reference?)
97>D:\Work\IOS-IG-SimHost-FDP-2\Hrot\Subsystems\Hrot.IG.Tests\SelectionRenderSystemTests.cs(5,7,5,10): error CS0246: The type or namespace name 'Fdp' could not be found (are you missing a using directive or an assembly reference?)
97>D:\Work\IOS-IG-SimHost-FDP-2\Hrot\Subsystems\Hrot.IG.Tests\SelectionRenderSystemTests.cs(6,7,6,10): error CS0246: The type or namespace name 'Fdp' could not be found (are you missing a using directive or an assembly reference?)
97>D:\Work\IOS-IG-SimHost-FDP-2\Hrot\Subsystems\Hrot.IG.Tests\SelectionRenderSystemTests.cs(7,7,7,10): error CS0246: The type or namespace name 'Fdp' could not be found (are you missing a using directive or an assembly reference?)
97>D:\Work\IOS-IG-SimHost-FDP-2\Hrot\Subsystems\Hrot.IG.Tests\ShiftRightClickTests.cs(2,15,2,25): error CS0234: The type or namespace name 'Components' does not exist in the namespace 'Hrot.IG' (are you missing an assembly reference?)
97>D:\Work\IOS-IG-SimHost-FDP-2\Hrot\Subsystems\Hrot.IG.Tests\ShiftRightClickTests.cs(3,12,3,15): error CS0234: The type or namespace name 'Map' does not exist in the namespace 'Hrot' (are you missing an assembly reference?)
97>D:\Work\IOS-IG-SimHost-FDP-2\Hrot\Subsystems\Hrot.IG.Tests\ShiftRightClickTests.cs(4,7,4,10): error CS0246: The type or namespace name 'Fdp' could not be found (are you missing a using directive or an assembly reference?)
97>D:\Work\IOS-IG-SimHost-FDP-2\Hrot\Subsystems\Hrot.IG.Tests\SpawningModuleIntegrationTests.cs(3,15,3,22): error CS0234: The type or namespace name 'Modules' does not exist in the namespace 'Hrot.IG' (are you missing an assembly reference?)
97>D:\Work\IOS-IG-SimHost-FDP-2\Hrot\Subsystems\Hrot.IG.Tests\SpawningModuleIntegrationTests.cs(4,7,4,10): error CS0246: The type or namespace name 'Fdp' could not be found (are you missing a using directive or an assembly reference?)
97>D:\Work\IOS-IG-SimHost-FDP-2\Hrot\Subsystems\Hrot.IG.Tests\SpawningModuleIntegrationTests.cs(5,7,5,10): error CS0246: The type or namespace name 'Fdp' could not be found (are you missing a using directive or an assembly reference?)
97>D:\Work\IOS-IG-SimHost-FDP-2\Hrot\Subsystems\Hrot.IG.Tests\SpawningModuleIntegrationTests.cs(6,7,6,10): error CS0246: The type or namespace name 'Fdp' could not be found (are you missing a using directive or an assembly reference?)
97>D:\Work\IOS-IG-SimHost-FDP-2\Hrot\Subsystems\Hrot.IG.Tests\SpawningModuleIntegrationTests.cs(7,7,7,10): error CS0246: The type or namespace name 'Fdp' could not be found (are you missing a using directive or an assembly reference?)
97>D:\Work\IOS-IG-SimHost-FDP-2\Hrot\Subsystems\Hrot.IG.Tests\SpawningModuleIntegrationTests.cs(8,7,8,10): error CS0246: The type or namespace name 'Fdp' could not be found (are you missing a using directive or an assembly reference?)
97>D:\Work\IOS-IG-SimHost-FDP-2\Hrot\Subsystems\Hrot.IG.Tests\SpawningModuleIntegrationTests.cs(9,7,9,10): error CS0246: The type or namespace name 'Fdp' could not be found (are you missing a using directive or an assembly reference?)
97>D:\Work\IOS-IG-SimHost-FDP-2\Hrot\Subsystems\Hrot.IG.Tests\SpawningModuleIntegrationTests.cs(10,7,10,10): error CS0246: The type or namespace name 'Fdp' could not be found (are you missing a using directive or an assembly reference?)
97>D:\Work\IOS-IG-SimHost-FDP-2\Hrot\Subsystems\Hrot.IG.Tests\SpawningModuleIntegrationTests.cs(11,7,11,10): error CS0246: The type or namespace name 'Fdp' could not be found (are you missing a using directive or an assembly reference?)
97>D:\Work\IOS-IG-SimHost-FDP-2\Hrot\Subsystems\Hrot.IG.Tests\SpawningModuleIntegrationTests.cs(12,7,12,10): error CS0246: The type or namespace name 'Fdp' could not be found (are you missing a using directive or an assembly reference?)
97>D:\Work\IOS-IG-SimHost-FDP-2\Hrot\Subsystems\Hrot.IG.Tests\SpawningModuleIntegrationTests.cs(13,7,13,10): error CS0246: The type or namespace name 'Fdp' could not be found (are you missing a using directive or an assembly reference?)
97>D:\Work\IOS-IG-SimHost-FDP-2\Hrot\Subsystems\Hrot.IG.Tests\SpawningModuleIntegrationTests.cs(14,7,14,10): error CS0246: The type or namespace name 'Fdp' could not be found (are you missing a using directive or an assembly reference?)
97>D:\Work\IOS-IG-SimHost-FDP-2\Hrot\Subsystems\Hrot.IG.Tests\SpawningModuleIntegrationTests.cs(15,7,15,10): error CS0246: The type or namespace name 'Fdp' could not be found (are you missing a using directive or an assembly reference?)
97>D:\Work\IOS-IG-SimHost-FDP-2\Hrot\Subsystems\Hrot.IG.Tests\StyleResolutionSystemTests.cs(2,12,2,15): error CS0234: The type or namespace name 'NED' does not exist in the namespace 'Hrot' (are you missing an assembly reference?)
97>D:\Work\IOS-IG-SimHost-FDP-2\Hrot\Subsystems\Hrot.IG.Tests\StyleResolutionSystemTests.cs(3,15,3,25): error CS0234: The type or namespace name 'Components' does not exist in the namespace 'Hrot.IG' (are you missing an assembly reference?)
97>D:\Work\IOS-IG-SimHost-FDP-2\Hrot\Subsystems\Hrot.IG.Tests\StyleResolutionSystemTests.cs(4,15,4,22): error CS0234: The type or namespace name 'Systems' does not exist in the namespace 'Hrot.IG' (are you missing an assembly reference?)
97>D:\Work\IOS-IG-SimHost-FDP-2\Hrot\Subsystems\Hrot.IG.Tests\StyleResolutionSystemTests.cs(5,12,5,15): error CS0234: The type or namespace name 'Map' does not exist in the namespace 'Hrot' (are you missing an assembly reference?)
97>D:\Work\IOS-IG-SimHost-FDP-2\Hrot\Subsystems\Hrot.IG.Tests\StyleResolutionSystemTests.cs(6,7,6,10): error CS0246: The type or namespace name 'Fdp' could not be found (are you missing a using directive or an assembly reference?)
97>D:\Work\IOS-IG-SimHost-FDP-2\Hrot\Subsystems\Hrot.IG.Tests\StyleResolutionSystemTests.cs(7,7,7,10): error CS0246: The type or namespace name 'Fdp' could not be found (are you missing a using directive or an assembly reference?)
97>D:\Work\IOS-IG-SimHost-FDP-2\Hrot\Subsystems\Hrot.IG.Tests\StyleResolutionSystemTests.cs(8,7,8,10): error CS0246: The type or namespace name 'Fdp' could not be found (are you missing a using directive or an assembly reference?)
97>D:\Work\IOS-IG-SimHost-FDP-2\Hrot\Subsystems\Hrot.IG.Tests\StyleResolutionSystemTests.cs(9,7,9,10): error CS0246: The type or namespace name 'Fdp' could not be found (are you missing a using directive or an assembly reference?)
97>D:\Work\IOS-IG-SimHost-FDP-2\Hrot\Subsystems\Hrot.IG.Tests\SubsystemHeadlessTests.cs(1,7,1,10): error CS0246: The type or namespace name 'Fdp' could not be found (are you missing a using directive or an assembly reference?)
97>D:\Work\IOS-IG-SimHost-FDP-2\Hrot\Subsystems\Hrot.IG.Tests\ToolInteractionIntegrationTests.cs(5,15,5,27): error CS0234: The type or namespace name 'Abstractions' does not exist in the namespace 'Hrot.IG' (are you missing an assembly reference?)
97>D:\Work\IOS-IG-SimHost-FDP-2\Hrot\Subsystems\Hrot.IG.Tests\ToolInteractionIntegrationTests.cs(6,15,6,25): error CS0234: The type or namespace name 'Components' does not exist in the namespace 'Hrot.IG' (are you missing an assembly reference?)
97>D:\Work\IOS-IG-SimHost-FDP-2\Hrot\Subsystems\Hrot.IG.Tests\ToolInteractionIntegrationTests.cs(7,7,7,10): error CS0246: The type or namespace name 'Fdp' could not be found (are you missing a using directive or an assembly reference?)
97>D:\Work\IOS-IG-SimHost-FDP-2\Hrot\Subsystems\Hrot.IG.Tests\ToolInteractionIntegrationTests.cs(8,7,8,10): error CS0246: The type or namespace name 'Fdp' could not be found (are you missing a using directive or an assembly reference?)
97>D:\Work\IOS-IG-SimHost-FDP-2\Hrot\Subsystems\Hrot.IG.Tests\ToolInteractionIntegrationTests.cs(9,7,9,10): error CS0246: The type or namespace name 'Fdp' could not be found (are you missing a using directive or an assembly reference?)
97>D:\Work\IOS-IG-SimHost-FDP-2\Hrot\Subsystems\Hrot.IG.Tests\ToolInteractionIntegrationTests.cs(10,7,10,10): error CS0246: The type or namespace name 'Fdp' could not be found (are you missing a using directive or an assembly reference?)
97>D:\Work\IOS-IG-SimHost-FDP-2\Hrot\Subsystems\Hrot.IG.Tests\ToolInteractionIntegrationTests.cs(11,12,11,26): error CS0234: The type or namespace name 'ScenarioEditor' does not exist in the namespace 'Hrot' (are you missing an assembly reference?)
97>D:\Work\IOS-IG-SimHost-FDP-2\Hrot\Subsystems\Hrot.IG.Tests\ToolInteractionIntegrationTests.cs(12,7,12,10): error CS0246: The type or namespace name 'Fdp' could not be found (are you missing a using directive or an assembly reference?)
97>D:\Work\IOS-IG-SimHost-FDP-2\Hrot\Subsystems\Hrot.IG.Tests\ToolInteractionIntegrationTests.cs(13,7,13,10): error CS0246: The type or namespace name 'Fdp' could not be found (are you missing a using directive or an assembly reference?)
97>D:\Work\IOS-IG-SimHost-FDP-2\Hrot\Subsystems\Hrot.IG.Tests\ToolInteractionIntegrationTests.cs(14,7,14,10): error CS0246: The type or namespace name 'Fdp' could not be found (are you missing a using directive or an assembly reference?)
97>D:\Work\IOS-IG-SimHost-FDP-2\Hrot\Subsystems\Hrot.IG.Tests\ToolInteractionIntegrationTests.cs(15,7,15,10): error CS0246: The type or namespace name 'Fdp' could not be found (are you missing a using directive or an assembly reference?)
97>D:\Work\IOS-IG-SimHost-FDP-2\Hrot\Subsystems\Hrot.IG.Tests\ToolInteractionIntegrationTests.cs(16,7,16,10): error CS0246: The type or namespace name 'Fdp' could not be found (are you missing a using directive or an assembly reference?)
97>D:\Work\IOS-IG-SimHost-FDP-2\Hrot\Subsystems\Hrot.IG.Tests\ToolInteractionIntegrationTests.cs(17,7,17,10): error CS0246: The type or namespace name 'Fdp' could not be found (are you missing a using directive or an assembly reference?)
97>D:\Work\IOS-IG-SimHost-FDP-2\Hrot\Subsystems\Hrot.IG.Tests\ToolInteractionIntegrationTests.cs(18,7,18,10): error CS0246: The type or namespace name 'Fdp' could not be found (are you missing a using directive or an assembly reference?)
97>D:\Work\IOS-IG-SimHost-FDP-2\Hrot\Subsystems\Hrot.IG.Tests\TraceLoggingTests.cs(5,12,5,15): error CS0234: The type or namespace name 'NED' does not exist in the namespace 'Hrot' (are you missing an assembly reference?)
97>D:\Work\IOS-IG-SimHost-FDP-2\Hrot\Subsystems\Hrot.IG.Tests\TraceLoggingTests.cs(6,12,6,15): error CS0234: The type or namespace name 'NED' does not exist in the namespace 'Hrot' (are you missing an assembly reference?)
97>D:\Work\IOS-IG-SimHost-FDP-2\Hrot\Subsystems\Hrot.IG.Tests\TraceLoggingTests.cs(8,15,8,25): error CS0234: The type or namespace name 'Components' does not exist in the namespace 'Hrot.IG' (are you missing an assembly reference?)
97>D:\Work\IOS-IG-SimHost-FDP-2\Hrot\Subsystems\Hrot.IG.Tests\TraceLoggingTests.cs(9,12,9,15): error CS0234: The type or namespace name 'Map' does not exist in the namespace 'Hrot' (are you missing an assembly reference?)
97>D:\Work\IOS-IG-SimHost-FDP-2\Hrot\Subsystems\Hrot.IG.Tests\TraceLoggingTests.cs(11,7,11,10): error CS0246: The type or namespace name 'Fdp' could not be found (are you missing a using directive or an assembly reference?)
97>D:\Work\IOS-IG-SimHost-FDP-2\Hrot\Subsystems\Hrot.IG.Tests\TraceLoggingTests.cs(12,7,12,10): error CS0246: The type or namespace name 'Fdp' could not be found (are you missing a using directive or an assembly reference?)
97>D:\Work\IOS-IG-SimHost-FDP-2\Hrot\Subsystems\Hrot.IG.Tests\TransformSyncSystemAltitudeTests.cs(2,7,2,10): error CS0246: The type or namespace name 'Fdp' could not be found (are you missing a using directive or an assembly reference?)
97>D:\Work\IOS-IG-SimHost-FDP-2\Hrot\Subsystems\Hrot.IG.Tests\TransformSyncSystemAltitudeTests.cs(3,7,3,10): error CS0246: The type or namespace name 'Fdp' could not be found (are you missing a using directive or an assembly reference?)
97>D:\Work\IOS-IG-SimHost-FDP-2\Hrot\Subsystems\Hrot.IG.Tests\TransformSyncSystemAltitudeTests.cs(4,7,4,10): error CS0246: The type or namespace name 'Fdp' could not be found (are you missing a using directive or an assembly reference?)
97>D:\Work\IOS-IG-SimHost-FDP-2\Hrot\Subsystems\Hrot.IG.Tests\TransformSyncSystemAltitudeTests.cs(5,7,5,10): error CS0246: The type or namespace name 'Fdp' could not be found (are you missing a using directive or an assembly reference?)
97>D:\Work\IOS-IG-SimHost-FDP-2\Hrot\Subsystems\Hrot.IG.Tests\TransformSyncSystemRegistrationTests.cs(3,7,3,10): error CS0246: The type or namespace name 'Fdp' could not be found (are you missing a using directive or an assembly reference?)
97>D:\Work\IOS-IG-SimHost-FDP-2\Hrot\Subsystems\Hrot.IG.Tests\TransformSyncSystemRegistrationTests.cs(4,7,4,10): error CS0246: The type or namespace name 'Fdp' could not be found (are you missing a using directive or an assembly reference?)
97>D:\Work\IOS-IG-SimHost-FDP-2\Hrot\Subsystems\Hrot.IG.Tests\TransformSyncSystemRegistrationTests.cs(5,7,5,10): error CS0246: The type or namespace name 'Fdp' could not be found (are you missing a using directive or an assembly reference?)
97>D:\Work\IOS-IG-SimHost-FDP-2\Hrot\Subsystems\Hrot.IG.Tests\TransformSyncSystemRegistrationTests.cs(6,7,6,10): error CS0246: The type or namespace name 'Fdp' could not be found (are you missing a using directive or an assembly reference?)
97>D:\Work\IOS-IG-SimHost-FDP-2\Hrot\Subsystems\Hrot.IG.Tests\UiLogicSeparationAuditTests.cs(4,15,4,17): error CS0234: The type or namespace name 'UI' does not exist in the namespace 'Hrot.IG' (are you missing an assembly reference?)
97>D:\Work\IOS-IG-SimHost-FDP-2\Hrot\Subsystems\Hrot.IG.Tests\UniqueNameGeneratorTests.cs(2,15,2,22): error CS0234: The type or namespace name 'Systems' does not exist in the namespace 'Hrot.IG' (are you missing an assembly reference?)
97>D:\Work\IOS-IG-SimHost-FDP-2\Hrot\Subsystems\Hrot.IG.Tests\UniqueNameGeneratorTests.cs(3,7,3,10): error CS0246: The type or namespace name 'Fdp' could not be found (are you missing a using directive or an assembly reference?)
97>D:\Work\IOS-IG-SimHost-FDP-2\Hrot\Subsystems\Hrot.IG.Tests\WaypointEditorPanelTests.cs(5,12,5,26): error CS0234: The type or namespace name 'ScenarioEditor' does not exist in the namespace 'Hrot' (are you missing an assembly reference?)
97>D:\Work\IOS-IG-SimHost-FDP-2\Hrot\Subsystems\Hrot.IG.Tests\WaypointEditorPanelTests.cs(6,15,6,17): error CS0234: The type or namespace name 'UI' does not exist in the namespace 'Hrot.IG' (are you missing an assembly reference?)
97>D:\Work\IOS-IG-SimHost-FDP-2\Hrot\Subsystems\Hrot.IG.Tests\WaypointEditorPanelTests.cs(7,12,7,15): error CS0234: The type or namespace name 'Map' does not exist in the namespace 'Hrot' (are you missing an assembly reference?)
97>D:\Work\IOS-IG-SimHost-FDP-2\Hrot\Subsystems\Hrot.IG.Tests\WeaponFireIngressTranslatorTests.cs(1,12,1,15): error CS0234: The type or namespace name 'NED' does not exist in the namespace 'Hrot' (are you missing an assembly reference?)
97>D:\Work\IOS-IG-SimHost-FDP-2\Hrot\Subsystems\Hrot.IG.Tests\WeaponFireIngressTranslatorTests.cs(2,12,2,19): error CS0234: The type or namespace name 'Network' does not exist in the namespace 'Hrot' (are you missing an assembly reference?)
97>D:\Work\IOS-IG-SimHost-FDP-2\Hrot\Subsystems\Hrot.IG.Tests\WeaponFireIngressTranslatorTests.cs(3,7,3,10): error CS0246: The type or namespace name 'Fdp' could not be found (are you missing a using directive or an assembly reference?)
97>D:\Work\IOS-IG-SimHost-FDP-2\Hrot\Subsystems\Hrot.IG.Tests\WeaponFireIngressTranslatorTests.cs(4,7,4,10): error CS0246: The type or namespace name 'Fdp' could not be found (are you missing a using directive or an assembly reference?)
97>D:\Work\IOS-IG-SimHost-FDP-2\Hrot\Subsystems\Hrot.IG.Tests\WeaponFireIngressTranslatorTests.cs(5,7,5,10): error CS0246: The type or namespace name 'Fdp' could not be found (are you missing a using directive or an assembly reference?)
97>D:\Work\IOS-IG-SimHost-FDP-2\Hrot\Subsystems\Hrot.IG.Tests\WeaponFireIngressTranslatorTests.cs(6,7,6,10): error CS0246: The type or namespace name 'Fdp' could not be found (are you missing a using directive or an assembly reference?)
97>D:\Work\IOS-IG-SimHost-FDP-2\Hrot\Subsystems\Hrot.IG.Tests\AdvancedFeaturesIntegrationTests.cs(70,20,70,36): error CS0246: The type or namespace name 'EntityRepository' could not be found (are you missing a using directive or an assembly reference?)
97>D:\Work\IOS-IG-SimHost-FDP-2\Hrot\Subsystems\Hrot.IG.Tests\ContinuousDragTests.cs(55,20,55,33): error CS0246: The type or namespace name 'IgApplication' could not be found (are you missing a using directive or an assembly reference?)
97>D:\Work\IOS-IG-SimHost-FDP-2\Hrot\Subsystems\Hrot.IG.Tests\DeadReckoningSyncSystemIntegrationTests.cs(13,22,13,35): error CS0246: The type or namespace name 'IgApplication' could not be found (are you missing a using directive or an assembly reference?)
97>D:\Work\IOS-IG-SimHost-FDP-2\Hrot\Subsystems\Hrot.IG.Tests\DebugPanelStateTests.cs(18,21,18,36): error CS0246: The type or namespace name 'DebugPanelState' could not be found (are you missing a using directive or an assembly reference?)
97>D:\Work\IOS-IG-SimHost-FDP-2\Hrot\Subsystems\Hrot.IG.Tests\DebugPanelStateTests.cs(18,44,18,57): error CS0246: The type or namespace name 'MapUserConfig' could not be found (are you missing a using directive or an assembly reference?)
97>D:\Work\IOS-IG-SimHost-FDP-2\Hrot\Subsystems\Hrot.IG.Tests\AdvancedFeaturesIntegrationTests.cs(92,35,92,51): error CS0246: The type or namespace name 'EntityRepository' could not be found (are you missing a using directive or an assembly reference?)
97>D:\Work\IOS-IG-SimHost-FDP-2\Hrot\Subsystems\Hrot.IG.Tests\AdvancedFeaturesIntegrationTests.cs(92,58,92,74): error CS0246: The type or namespace name 'IEcsModuleSystem' could not be found (are you missing a using directive or an assembly reference?)
97>D:\Work\IOS-IG-SimHost-FDP-2\Hrot\Subsystems\Hrot.IG.Tests\ContinuousDragTests.cs(66,37,66,50): error CS0246: The type or namespace name 'IgApplication' could not be found (are you missing a using directive or an assembly reference?)
97>D:\Work\IOS-IG-SimHost-FDP-2\Hrot\Subsystems\Hrot.IG.Tests\EntityInspectorContextMenuTests.cs(153,51,153,70): error CS0246: The type or namespace name 'IContextMenuBuilder' could not be found (are you missing a using directive or an assembly reference?)
97>D:\Work\IOS-IG-SimHost-FDP-2\Hrot\Subsystems\Hrot.IG.Tests\DeadReckoningSyncSystemTests.cs(12,24,12,40): error CS0246: The type or namespace name 'EntityRepository' could not be found (are you missing a using directive or an assembly reference?)
97>D:\Work\IOS-IG-SimHost-FDP-2\Hrot\Subsystems\Hrot.IG.Tests\ContinuousDragTests.cs(41,41,41,56): error CS0246: The type or namespace name 'ICommandGateway' could not be found (are you missing a using directive or an assembly reference?)
97>D:\Work\IOS-IG-SimHost-FDP-2\Hrot\Subsystems\Hrot.IG.Tests\DeadReckoningSyncSystemTests.cs(23,46,23,62): error CS0246: The type or namespace name 'EntityRepository' could not be found (are you missing a using directive or an assembly reference?)
97>D:\Work\IOS-IG-SimHost-FDP-2\Hrot\Subsystems\Hrot.IG.Tests\ContextMenuSystemTests.cs(40,20,40,36): error CS0246: The type or namespace name 'EntityRepository' could not be found (are you missing a using directive or an assembly reference?)
97>D:\Work\IOS-IG-SimHost-FDP-2\Hrot\Subsystems\Hrot.IG.Tests\EntityInfoTranslatorTests.cs(15,25,15,41): error CS0246: The type or namespace name 'EntityRepository' could not be found (are you missing a using directive or an assembly reference?)
97>D:\Work\IOS-IG-SimHost-FDP-2\Hrot\Subsystems\Hrot.IG.Tests\EntityInfoTranslatorTests.cs(15,48,15,64): error CS0246: The type or namespace name 'NetworkEntityMap' could not be found (are you missing a using directive or an assembly reference?)
97>D:\Work\IOS-IG-SimHost-FDP-2\Hrot\Subsystems\Hrot.IG.Tests\EntityInfoTranslatorTests.cs(15,76,15,87): error CS0246: The type or namespace name 'FdpEventBus' could not be found (are you missing a using directive or an assembly reference?)
97>D:\Work\IOS-IG-SimHost-FDP-2\Hrot\Subsystems\Hrot.IG.Tests\EntityInfoTranslatorTests.cs(15,98,15,125): error CS0246: The type or namespace name 'EntityInfoIngressTranslator' could not be found (are you missing a using directive or an assembly reference?)
97>D:\Work\IOS-IG-SimHost-FDP-2\Hrot\Subsystems\Hrot.IG.Tests\EntityInspectorContextMenuTests.cs(160,12,160,31): error CS0246: The type or namespace name 'IContextMenuBuilder' could not be found (are you missing a using directive or an assembly reference?)
97>D:\Work\IOS-IG-SimHost-FDP-2\Hrot\Subsystems\Hrot.IG.Tests\ContinuousDragTests.cs(45,44,45,63): error CS0246: The type or namespace name 'CreateEntityCommand' could not be found (are you missing a using directive or an assembly reference?)
97>D:\Work\IOS-IG-SimHost-FDP-2\Hrot\Subsystems\Hrot.IG.Tests\ContextMenuSystemTests.cs(48,35,48,51): error CS0246: The type or namespace name 'EntityRepository' could not be found (are you missing a using directive or an assembly reference?)
97>D:\Work\IOS-IG-SimHost-FDP-2\Hrot\Subsystems\Hrot.IG.Tests\ContextMenuSystemTests.cs(48,58,48,75): error CS0246: The type or namespace name 'ContextMenuSystem' could not be found (are you missing a using directive or an assembly reference?)
97>D:\Work\IOS-IG-SimHost-FDP-2\Hrot\Subsystems\Hrot.IG.Tests\CommandHandling\DrawPersonalRouteCommandTests.cs(21,22,21,35): error CS0246: The type or namespace name 'IgApplication' could not be found (are you missing a using directive or an assembly reference?)
97>D:\Work\IOS-IG-SimHost-FDP-2\Hrot\Subsystems\Hrot.IG.Tests\ContinuousDragTests.cs(46,47,46,76): error CS0246: The type or namespace name 'UpdateEntityDescriptorCommand' could not be found (are you missing a using directive or an assembly reference?)
97>D:\Work\IOS-IG-SimHost-FDP-2\Hrot\Subsystems\Hrot.IG.Tests\AreaAuthoringTests.cs(50,13,50,31): error CS0246: The type or namespace name 'SpawnEntityCommand' could not be found (are you missing a using directive or an assembly reference?)
97>D:\Work\IOS-IG-SimHost-FDP-2\Hrot\Subsystems\Hrot.IG.Tests\ContextMenuSystemTests.cs(62,40,62,56): error CS0246: The type or namespace name 'EntityRepository' could not be found (are you missing a using directive or an assembly reference?)
97>D:\Work\IOS-IG-SimHost-FDP-2\Hrot\Subsystems\Hrot.IG.Tests\ContextMenuSystemTests.cs(62,63,62,80): error CS0246: The type or namespace name 'ContextMenuSystem' could not be found (are you missing a using directive or an assembly reference?)
97>D:\Work\IOS-IG-SimHost-FDP-2\Hrot\Subsystems\Hrot.IG.Tests\EntityDamageTranslatorTests.cs(72,66,72,95): error CS0246: The type or namespace name 'EntityDamageIngressTranslator' could not be found (are you missing a using directive or an assembly reference?)
97>D:\Work\IOS-IG-SimHost-FDP-2\Hrot\Subsystems\Hrot.IG.Tests\EntityInspectorStateTests.cs(41,20,41,36): error CS0246: The type or namespace name 'EntityRepository' could not be found (are you missing a using directive or an assembly reference?)
97>D:\Work\IOS-IG-SimHost-FDP-2\Hrot\Subsystems\Hrot.IG.Tests\CommandHandling\DrawPersonalRouteCommandTests.cs(35,47,35,62): error CS0246: The type or namespace name 'ICommandGateway' could not be found (are you missing a using directive or an assembly reference?)
97>D:\Work\IOS-IG-SimHost-FDP-2\Hrot\Subsystems\Hrot.IG.Tests\ContextMenuSystemTests.cs(69,44,69,60): error CS0246: The type or namespace name 'EntityRepository' could not be found (are you missing a using directive or an assembly reference?)
97>D:\Work\IOS-IG-SimHost-FDP-2\Hrot\Subsystems\Hrot.IG.Tests\AreaAuthoringTests.cs(22,22,22,35): error CS0246: The type or namespace name 'IgApplication' could not be found (are you missing a using directive or an assembly reference?)
97>D:\Work\IOS-IG-SimHost-FDP-2\Hrot\Subsystems\Hrot.IG.Tests\CommandHandling\DrawPersonalRouteCommandTests.cs(37,21,37,42): error CS0246: The type or namespace name 'MissionControlCommand' could not be found (are you missing a using directive or an assembly reference?)
97>D:\Work\IOS-IG-SimHost-FDP-2\Hrot\Subsystems\Hrot.IG.Tests\EntityInspectorStateTests.cs(52,44,52,60): error CS0246: The type or namespace name 'EntityRepository' could not be found (are you missing a using directive or an assembly reference?)
97>D:\Work\IOS-IG-SimHost-FDP-2\Hrot\Subsystems\Hrot.IG.Tests\EntityInspectorStateTests.cs(52,20,52,26): error CS0246: The type or namespace name 'Entity' could not be found (are you missing a using directive or an assembly reference?)
97>D:\Work\IOS-IG-SimHost-FDP-2\Hrot\Subsystems\Hrot.IG.Tests\AreaAuthoringTests.cs(23,27,23,45): error CS0246: The type or namespace name 'SpawnEntityCommand' could not be found (are you missing a using directive or an assembly reference?)
97>D:\Work\IOS-IG-SimHost-FDP-2\Hrot\Subsystems\Hrot.IG.Tests\EntityDamageTranslatorTests.cs(76,17,76,33): error CS0246: The type or namespace name 'NetworkEntityMap' could not be found (are you missing a using directive or an assembly reference?)
97>D:\Work\IOS-IG-SimHost-FDP-2\Hrot\Subsystems\Hrot.IG.Tests\EntityDamageTranslatorTests.cs(77,17,77,36): error CS0246: The type or namespace name 'GhostCreationSystem' could not be found (are you missing a using directive or an assembly reference?)
97>D:\Work\IOS-IG-SimHost-FDP-2\Hrot\Subsystems\Hrot.IG.Tests\EntityInspectorContextMenuTests.cs(43,13,43,43): error CS0246: The type or namespace name 'LambdaEntityContextMenuHandler' could not be found (are you missing a using directive or an assembly reference?)
97>D:\Work\IOS-IG-SimHost-FDP-2\Hrot\Subsystems\Hrot.IG.Tests\ContinuousDragTests.cs(47,73,47,94): error CS0246: The type or namespace name 'MissionControlCommand' could not be found (are you missing a using directive or an assembly reference?)
97>D:\Work\IOS-IG-SimHost-FDP-2\Hrot\Subsystems\Hrot.IG.Tests\ContinuousDragTests.cs(47,21,47,40): error CS0246: The type or namespace name 'MissionCommitResult' could not be found (are you missing a using directive or an assembly reference?)
97>D:\Work\IOS-IG-SimHost-FDP-2\Hrot\Subsystems\Hrot.IG.Tests\ContextMenuSystemTests.cs(75,54,75,70): error CS0246: The type or namespace name 'EntityRepository' could not be found (are you missing a using directive or an assembly reference?)
97>D:\Work\IOS-IG-SimHost-FDP-2\Hrot\Subsystems\Hrot.IG.Tests\ContextMenuSystemTests.cs(75,77,75,83): error CS0246: The type or namespace name 'Entity' could not be found (are you missing a using directive or an assembly reference?)
97>D:\Work\IOS-IG-SimHost-FDP-2\Hrot\Subsystems\Hrot.IG.Tests\ContextMenuSystemTests.cs(75,20,75,36): error CS0246: The type or namespace name 'ContextMenuState' could not be found (are you missing a using directive or an assembly reference?)
97>D:\Work\IOS-IG-SimHost-FDP-2\Hrot\Subsystems\Hrot.IG.Tests\CommandHandling\DrawPersonalRouteCommandTests.cs(41,44,41,63): error CS0246: The type or namespace name 'CreateEntityCommand' could not be found (are you missing a using directive or an assembly reference?)
97>D:\Work\IOS-IG-SimHost-FDP-2\Hrot\Subsystems\Hrot.IG.Tests\CommandHandling\DrawPersonalRouteCommandTests.cs(44,47,44,76): error CS0246: The type or namespace name 'UpdateEntityDescriptorCommand' could not be found (are you missing a using directive or an assembly reference?)
97>D:\Work\IOS-IG-SimHost-FDP-2\Hrot\Subsystems\Hrot.IG.Tests\ContinuousDragTests.cs(49,46,49,49): error CS0246: The type or namespace name 'Fdp' could not be found (are you missing a using directive or an assembly reference?)
97>D:\Work\IOS-IG-SimHost-FDP-2\Hrot\Subsystems\Hrot.IG.Tests\ContextMenuSystemTests.cs(507,20,507,37): error CS0246: The type or namespace name 'ContextMenuSystem' could not be found (are you missing a using directive or an assembly reference?)
97>D:\Work\IOS-IG-SimHost-FDP-2\Hrot\Subsystems\Hrot.IG.Tests\CommandHandling\DrawPersonalRouteCommandTests.cs(48,13,48,34): error CS0246: The type or namespace name 'MissionControlCommand' could not be found (are you missing a using directive or an assembly reference?)
97>D:\Work\IOS-IG-SimHost-FDP-2\Hrot\Subsystems\Hrot.IG.Tests\CommandHandling\DrawPersonalRouteCommandTests.cs(47,21,47,40): error CS0246: The type or namespace name 'MissionCommitResult' could not be found (are you missing a using directive or an assembly reference?)
97>D:\Work\IOS-IG-SimHost-FDP-2\Hrot\Subsystems\Hrot.IG.Tests\EntityDamageTranslatorTests.cs(82,42,82,54): error CS0246: The type or namespace name 'EntityDamage' could not be found (are you missing a using directive or an assembly reference?)
97>D:\Work\IOS-IG-SimHost-FDP-2\Hrot\Subsystems\Hrot.IG.Tests\EntityDamageTranslatorTests.cs(82,61,82,81): error CS0246: The type or namespace name 'IEntityCommandBuffer' could not be found (are you missing a using directive or an assembly reference?)
97>D:\Work\IOS-IG-SimHost-FDP-2\Hrot\Subsystems\Hrot.IG.Tests\EntityDamageTranslatorTests.cs(82,87,82,102): error CS0246: The type or namespace name 'ISimulationView' could not be found (are you missing a using directive or an assembly reference?)
97>D:\Work\IOS-IG-SimHost-FDP-2\Hrot\Subsystems\Hrot.IG.Tests\CommandHandling\DrawPersonalRouteCommandTests.cs(54,46,54,49): error CS0246: The type or namespace name 'Fdp' could not be found (are you missing a using directive or an assembly reference?)
97>D:\Work\IOS-IG-SimHost-FDP-2\Hrot\Subsystems\Hrot.IG.Tests\EntityDamageTranslatorTests.cs(88,55,88,75): error CS0246: The type or namespace name 'IEntityCommandBuffer' could not be found (are you missing a using directive or an assembly reference?)
97>D:\Work\IOS-IG-SimHost-FDP-2\Hrot\Subsystems\Hrot.IG.Tests\DeadReckoningSlopeStepTests.cs(40,20,40,36): error CS0246: The type or namespace name 'EntityRepository' could not be found (are you missing a using directive or an assembly reference?)
97>D:\Work\IOS-IG-SimHost-FDP-2\Hrot\Subsystems\Hrot.IG.Tests\EntityInspectorContextMenuTests.cs(73,36,73,61): error CS0246: The type or namespace name 'IEntityContextMenuHandler' could not be found (are you missing a using directive or an assembly reference?)
97>D:\Work\IOS-IG-SimHost-FDP-2\Hrot\Subsystems\Hrot.IG.Tests\EntityInspectorContextMenuTests.cs(73,71,73,77): error CS0246: The type or namespace name 'Entity' could not be found (are you missing a using directive or an assembly reference?)
97>D:\Work\IOS-IG-SimHost-FDP-2\Hrot\Subsystems\Hrot.IG.Tests\CommandHandling\DrawPersonalRouteCommandTests.cs(58,47,58,64): error CS0246: The type or namespace name 'IIgNetworkAdapter' could not be found (are you missing a using directive or an assembly reference?)
97>D:\Work\IOS-IG-SimHost-FDP-2\Hrot\Subsystems\Hrot.IG.Tests\DeadReckoningSlopeStepTests.cs(49,34,49,50): error CS0246: The type or namespace name 'EntityRepository' could not be found (are you missing a using directive or an assembly reference?)
97>D:\Work\IOS-IG-SimHost-FDP-2\Hrot\Subsystems\Hrot.IG.Tests\EventToEffectSystemTests.cs(42,20,42,36): error CS0246: The type or namespace name 'EntityRepository' could not be found (are you missing a using directive or an assembly reference?)
97>D:\Work\IOS-IG-SimHost-FDP-2\Hrot\Subsystems\Hrot.IG.Tests\EntityInspectorContextMenuTests.cs(26,22,26,38): error CS0246: The type or namespace name 'EntityRepository' could not be found (are you missing a using directive or an assembly reference?)
97>D:\Work\IOS-IG-SimHost-FDP-2\Hrot\Subsystems\Hrot.IG.Tests\EntityDamageTranslatorTests.cs(91,20,91,33): error CS0246: The type or namespace name 'IgHealthState' could not be found (are you missing a using directive or an assembly reference?)
97>D:\Work\IOS-IG-SimHost-FDP-2\Hrot\Subsystems\Hrot.IG.Tests\GeoSpatialDRTranslatorTests.cs(80,64,80,91): error CS0246: The type or namespace name 'GeoSpatialIngressTranslator' could not be found (are you missing a using directive or an assembly reference?)
97>D:\Work\IOS-IG-SimHost-FDP-2\Hrot\Subsystems\Hrot.IG.Tests\CommandHandling\DrawPersonalRouteCommandTests.cs(69,16,69,31): error CS0246: The type or namespace name 'ICommandGateway' could not be found (are you missing a using directive or an assembly reference?)
97>D:\Work\IOS-IG-SimHost-FDP-2\Hrot\Subsystems\Hrot.IG.Tests\EventToEffectSystemTests.cs(53,40,53,56): error CS0246: The type or namespace name 'EntityRepository' could not be found (are you missing a using directive or an assembly reference?)
97>D:\Work\IOS-IG-SimHost-FDP-2\Hrot\Subsystems\Hrot.IG.Tests\EventToEffectSystemTests.cs(53,63,53,82): error CS0246: The type or namespace name 'EventToEffectSystem' could not be found (are you missing a using directive or an assembly reference?)
97>D:\Work\IOS-IG-SimHost-FDP-2\Hrot\Subsystems\Hrot.IG.Tests\EntityDamageTranslatorTests.cs(93,20,93,26): error CS0246: The type or namespace name 'Entity' could not be found (are you missing a using directive or an assembly reference?)
97>D:\Work\IOS-IG-SimHost-FDP-2\Hrot\Subsystems\Hrot.IG.Tests\CommandHandling\DrawPersonalRouteCommandTests.cs(70,16,70,19): error CS0246: The type or namespace name 'Fdp' could not be found (are you missing a using directive or an assembly reference?)
97>D:\Work\IOS-IG-SimHost-FDP-2\Hrot\Subsystems\Hrot.IG.Tests\EntityMasterTranslatorTests.cs(42,21,42,37): error CS0246: The type or namespace name 'EntityRepository' could not be found (are you missing a using directive or an assembly reference?)
97>D:\Work\IOS-IG-SimHost-FDP-2\Hrot\Subsystems\Hrot.IG.Tests\EntityMasterTranslatorTests.cs(42,44,42,60): error CS0246: The type or namespace name 'NetworkEntityMap' could not be found (are you missing a using directive or an assembly reference?)
97>D:\Work\IOS-IG-SimHost-FDP-2\Hrot\Subsystems\Hrot.IG.Tests\EntityMasterTranslatorTests.cs(42,72,42,83): error CS0246: The type or namespace name 'FdpEventBus' could not be found (are you missing a using directive or an assembly reference?)
97>D:\Work\IOS-IG-SimHost-FDP-2\Hrot\Subsystems\Hrot.IG.Tests\EntityMasterTranslatorTests.cs(42,94,42,123): error CS0246: The type or namespace name 'EntityMasterIngressTranslator' could not be found (are you missing a using directive or an assembly reference?)
97>D:\Work\IOS-IG-SimHost-FDP-2\Hrot\Subsystems\Hrot.IG.Tests\EventToEffectSystemTests.cs(61,42,61,58): error CS0246: The type or namespace name 'EntityRepository' could not be found (are you missing a using directive or an assembly reference?)
97>D:\Work\IOS-IG-SimHost-FDP-2\Hrot\Subsystems\Hrot.IG.Tests\EventToEffectSystemTests.cs(61,65,61,90): error CS0246: The type or namespace name 'VisualEffectCleanupSystem' could not be found (are you missing a using directive or an assembly reference?)
97>D:\Work\IOS-IG-SimHost-FDP-2\Hrot\Subsystems\Hrot.IG.Tests\CommandHandling\DrawPersonalRouteCommandTests.cs(71,16,71,19): error CS0246: The type or namespace name 'Fdp' could not be found (are you missing a using directive or an assembly reference?)
97>D:\Work\IOS-IG-SimHost-FDP-2\Hrot\Subsystems\Hrot.IG.Tests\EntityDamageTranslatorTests.cs(94,39,94,45): error CS0246: The type or namespace name 'Entity' could not be found (are you missing a using directive or an assembly reference?)
97>D:\Work\IOS-IG-SimHost-FDP-2\Hrot\Subsystems\Hrot.IG.Tests\Gizmos\EntityRotationGizmoTests.cs(21,26,21,47): error CS0246: The type or namespace name 'GizmoSettingsRegistry' could not be found (are you missing a using directive or an assembly reference?)
97>D:\Work\IOS-IG-SimHost-FDP-2\Hrot\Subsystems\Hrot.IG.Tests\CommandHandling\DrawPersonalRouteCommandTests.cs(75,35,75,51): error CS0246: The type or namespace name 'MapClickEventDto' could not be found (are you missing a using directive or an assembly reference?)
97>D:\Work\IOS-IG-SimHost-FDP-2\Hrot\Subsystems\Hrot.IG.Tests\EventToEffectSystemTests.cs(71,63,71,79): error CS0246: The type or namespace name 'EntityRepository' could not be found (are you missing a using directive or an assembly reference?)
97>D:\Work\IOS-IG-SimHost-FDP-2\Hrot\Subsystems\Hrot.IG.Tests\Gizmos\EntityRotationGizmoTests.cs(22,26,22,42): error CS0246: The type or namespace name 'EntityRepository' could not be found (are you missing a using directive or an assembly reference?)
97>D:\Work\IOS-IG-SimHost-FDP-2\Hrot\Subsystems\Hrot.IG.Tests\CommandHandling\DrawPersonalRouteCommandTests.cs(76,43,76,67): error CS0246: The type or namespace name 'SelectionChangedEventDto' could not be found (are you missing a using directive or an assembly reference?)
97>D:\Work\IOS-IG-SimHost-FDP-2\Hrot\Subsystems\Hrot.IG.Tests\Gizmos\FullCapturingDrawBuilder.cs(12,54,12,71): error CS0246: The type or namespace name 'IDebugDrawBuilder' could not be found (are you missing a using directive or an assembly reference?)
97>D:\Work\IOS-IG-SimHost-FDP-2\Hrot\Subsystems\Hrot.IG.Tests\CommandHandling\DrawPersonalRouteCommandTests.cs(77,40,77,56): error CS0246: The type or namespace name 'MapCommandAckDto' could not be found (are you missing a using directive or an assembly reference?)
97>D:\Work\IOS-IG-SimHost-FDP-2\Hrot\Subsystems\Hrot.IG.Tests\IgApplicationPanelTests.cs(268,53,268,66): error CS0246: The type or namespace name 'IgApplication' could not be found (are you missing a using directive or an assembly reference?)
97>D:\Work\IOS-IG-SimHost-FDP-2\Hrot\Subsystems\Hrot.IG.Tests\EntityDamageTranslatorTests.cs(95,41,95,47): error CS0246: The type or namespace name 'Entity' could not be found (are you missing a using directive or an assembly reference?)
97>D:\Work\IOS-IG-SimHost-FDP-2\Hrot\Subsystems\Hrot.IG.Tests\GeoSpatialDRTranslatorTests.cs(84,17,84,33): error CS0246: The type or namespace name 'NetworkEntityMap' could not be found (are you missing a using directive or an assembly reference?)
97>D:\Work\IOS-IG-SimHost-FDP-2\Hrot\Subsystems\Hrot.IG.Tests\GeoSpatialDRTranslatorTests.cs(85,17,85,37): error CS0246: The type or namespace name 'IGeographicTransform' could not be found (are you missing a using directive or an assembly reference?)
97>D:\Work\IOS-IG-SimHost-FDP-2\Hrot\Subsystems\Hrot.IG.Tests\GeoSpatialDRTranslatorTests.cs(86,17,86,36): error CS0246: The type or namespace name 'GhostCreationSystem' could not be found (are you missing a using directive or an assembly reference?)
97>D:\Work\IOS-IG-SimHost-FDP-2\Hrot\Subsystems\Hrot.IG.Tests\CommandHandling\DrawPersonalRouteCommandTests.cs(80,16,80,28): error CS0246: The type or namespace name 'MapConfigDto' could not be found (are you missing a using directive or an assembly reference?)
97>D:\Work\IOS-IG-SimHost-FDP-2\Hrot\Subsystems\Hrot.IG.Tests\Gizmos\FullCapturingDrawBuilder.cs(14,57,14,63): error CS0246: The type or namespace name 'Rgba32' could not be found (are you missing a using directive or an assembly reference?)
97>D:\Work\IOS-IG-SimHost-FDP-2\Hrot\Subsystems\Hrot.IG.Tests\EntityDamageTranslatorTests.cs(96,46,96,52): error CS0246: The type or namespace name 'Entity' could not be found (are you missing a using directive or an assembly reference?)
97>D:\Work\IOS-IG-SimHost-FDP-2\Hrot\Subsystems\Hrot.IG.Tests\CommandHandling\DrawPersonalRouteCommandTests.cs(81,16,81,29): error CS0246: The type or namespace name 'MapCommandDto' could not be found (are you missing a using directive or an assembly reference?)
97>D:\Work\IOS-IG-SimHost-FDP-2\Hrot\Subsystems\Hrot.IG.Tests\IgGroundClampingModuleTests.cs(22,46,22,61): error CS0246: The type or namespace name 'ISystemRegistry' could not be found (are you missing a using directive or an assembly reference?)
97>D:\Work\IOS-IG-SimHost-FDP-2\Hrot\Subsystems\Hrot.IG.Tests\Gizmos\GizmoRendererWiringTests.cs(17,26,17,39): error CS0246: The type or namespace name 'IgApplication' could not be found (are you missing a using directive or an assembly reference?)
97>D:\Work\IOS-IG-SimHost-FDP-2\Hrot\Subsystems\Hrot.IG.Tests\Gizmos\FullCapturingDrawBuilder.cs(15,69,15,75): error CS0246: The type or namespace name 'Rgba32' could not be found (are you missing a using directive or an assembly reference?)
97>D:\Work\IOS-IG-SimHost-FDP-2\Hrot\Subsystems\Hrot.IG.Tests\CommandHandling\DrawPersonalRouteCommandTests.cs(82,16,82,37): error CS0246: The type or namespace name 'EntityLifecycleAckDto' could not be found (are you missing a using directive or an assembly reference?)
97>D:\Work\IOS-IG-SimHost-FDP-2\Hrot\Subsystems\Hrot.IG.Tests\Gizmos\GizmosRemoteVisualizationTests.cs(20,51,20,64): error CS0246: The type or namespace name 'IDdsWriter<>' could not be found (are you missing a using directive or an assembly reference?)
97>D:\Work\IOS-IG-SimHost-FDP-2\Hrot\Subsystems\Hrot.IG.Tests\EntityMasterTranslatorTests.cs(38,29,38,42): error CS0246: The type or namespace name 'DisTypeStruct' could not be found (are you missing a using directive or an assembly reference?)
97>D:\Work\IOS-IG-SimHost-FDP-2\Hrot\Subsystems\Hrot.IG.Tests\EntityDamageTranslatorTests.cs(97,41,97,47): error CS0246: The type or namespace name 'Entity' could not be found (are you missing a using directive or an assembly reference?)
97>D:\Work\IOS-IG-SimHost-FDP-2\Hrot\Subsystems\Hrot.IG.Tests\Gizmos\FullCapturingDrawBuilder.cs(16,59,16,65): error CS0246: The type or namespace name 'Rgba32' could not be found (are you missing a using directive or an assembly reference?)
97>D:\Work\IOS-IG-SimHost-FDP-2\Hrot\Subsystems\Hrot.IG.Tests\IgGroundClampingModuleTests.cs(24,31,24,47): error CS0246: The type or namespace name 'IEcsModuleSystem' could not be found (are you missing a using directive or an assembly reference?)
97>D:\Work\IOS-IG-SimHost-FDP-2\Hrot\Subsystems\Hrot.IG.Tests\GeoSpatialDRTranslatorTests.cs(91,42,91,50): error CS0246: The type or namespace name 'WorldPos' could not be found (are you missing a using directive or an assembly reference?)
97>D:\Work\IOS-IG-SimHost-FDP-2\Hrot\Subsystems\Hrot.IG.Tests\GeoSpatialDRTranslatorTests.cs(91,57,91,77): error CS0246: The type or namespace name 'IEntityCommandBuffer' could not be found (are you missing a using directive or an assembly reference?)
97>D:\Work\IOS-IG-SimHost-FDP-2\Hrot\Subsystems\Hrot.IG.Tests\GeoSpatialDRTranslatorTests.cs(91,83,91,98): error CS0246: The type or namespace name 'ISimulationView' could not be found (are you missing a using directive or an assembly reference?)
97>D:\Work\IOS-IG-SimHost-FDP-2\Hrot\Subsystems\Hrot.IG.Tests\EntityMasterTranslatorTests.cs(172,51,172,71): error CS0246: The type or namespace name 'IEntityCommandBuffer' could not be found (are you missing a using directive or an assembly reference?)
97>D:\Work\IOS-IG-SimHost-FDP-2\Hrot\Subsystems\Hrot.IG.Tests\EntityDamageTranslatorTests.cs(103,44,103,50): error CS0246: The type or namespace name 'Entity' could not be found (are you missing a using directive or an assembly reference?)
97>D:\Work\IOS-IG-SimHost-FDP-2\Hrot\Subsystems\Hrot.IG.Tests\IgGroundClampingModuleTests.cs(25,30,25,46): error CS0246: The type or namespace name 'IEcsModuleSystem' could not be found (are you missing a using directive or an assembly reference?)
97>D:\Work\IOS-IG-SimHost-FDP-2\Hrot\Subsystems\Hrot.IG.Tests\Gizmos\FullCapturingDrawBuilder.cs(17,61,17,67): error CS0246: The type or namespace name 'Rgba32' could not be found (are you missing a using directive or an assembly reference?)
97>D:\Work\IOS-IG-SimHost-FDP-2\Hrot\Subsystems\Hrot.IG.Tests\GeoSpatialDRTranslatorTests.cs(97,49,97,69): error CS0246: The type or namespace name 'IGeographicTransform' could not be found (are you missing a using directive or an assembly reference?)
97>D:\Work\IOS-IG-SimHost-FDP-2\Hrot\Subsystems\Hrot.IG.Tests\Gizmos\FullCapturingDrawBuilder.cs(18,31,18,37): error CS0246: The type or namespace name 'Entity' could not be found (are you missing a using directive or an assembly reference?)
97>D:\Work\IOS-IG-SimHost-FDP-2\Hrot\Subsystems\Hrot.IG.Tests\EntityDamageTranslatorTests.cs(104,48,104,54): error CS0246: The type or namespace name 'Entity' could not be found (are you missing a using directive or an assembly reference?)
97>D:\Work\IOS-IG-SimHost-FDP-2\Hrot\Subsystems\Hrot.IG.Tests\IgGroundClampingModuleTests.cs(27,59,27,75): error CS0246: The type or namespace name 'IEcsModuleSystem' could not be found (are you missing a using directive or an assembly reference?)
97>D:\Work\IOS-IG-SimHost-FDP-2\Hrot\Subsystems\Hrot.IG.Tests\EntityDamageTranslatorTests.cs(105,48,105,54): error CS0246: The type or namespace name 'Entity' could not be found (are you missing a using directive or an assembly reference?)
97>D:\Work\IOS-IG-SimHost-FDP-2\Hrot\Subsystems\Hrot.IG.Tests\Gizmos\FullCapturingDrawBuilder.cs(20,57,20,63): error CS0246: The type or namespace name 'Rgba32' could not be found (are you missing a using directive or an assembly reference?)
97>D:\Work\IOS-IG-SimHost-FDP-2\Hrot\Subsystems\Hrot.IG.Tests\GeoSpatialDRTranslatorTests.cs(104,55,104,75): error CS0246: The type or namespace name 'IEntityCommandBuffer' could not be found (are you missing a using directive or an assembly reference?)
97>D:\Work\IOS-IG-SimHost-FDP-2\Hrot\Subsystems\Hrot.IG.Tests\CommandHandling\SetSelectionCommandTests.cs(15,22,15,35): error CS0246: The type or namespace name 'IgApplication' could not be found (are you missing a using directive or an assembly reference?)
97>D:\Work\IOS-IG-SimHost-FDP-2\Hrot\Subsystems\Hrot.IG.Tests\Gizmos\HealthBarGizmoTests.cs(22,50,22,67): error CS0246: The type or namespace name 'IDebugDrawBuilder' could not be found (are you missing a using directive or an assembly reference?)
97>D:\Work\IOS-IG-SimHost-FDP-2\Hrot\Subsystems\Hrot.IG.Tests\EntityMasterTranslatorTests.cs(176,16,176,27): error CS0246: The type or namespace name 'TkbIdentity' could not be found (are you missing a using directive or an assembly reference?)
97>D:\Work\IOS-IG-SimHost-FDP-2\Hrot\Subsystems\Hrot.IG.Tests\EntityDamageTranslatorTests.cs(106,51,106,57): error CS0246: The type or namespace name 'Entity' could not be found (are you missing a using directive or an assembly reference?)
97>D:\Work\IOS-IG-SimHost-FDP-2\Hrot\Subsystems\Hrot.IG.Tests\IgGroundClampingModuleTests.cs(28,77,28,93): error CS0246: The type or namespace name 'IEcsModuleSystem' could not be found (are you missing a using directive or an assembly reference?)
97>D:\Work\IOS-IG-SimHost-FDP-2\Hrot\Subsystems\Hrot.IG.Tests\IgNodeBootstrapperTests.cs(23,20,23,38): error CS0246: The type or namespace name 'IgNodeBootstrapper' could not be found (are you missing a using directive or an assembly reference?)
97>D:\Work\IOS-IG-SimHost-FDP-2\Hrot\Subsystems\Hrot.IG.Tests\CommandHandling\SetViewCommandTests.cs(13,22,13,35): error CS0246: The type or namespace name 'IgApplication' could not be found (are you missing a using directive or an assembly reference?)
97>D:\Work\IOS-IG-SimHost-FDP-2\Hrot\Subsystems\Hrot.IG.Tests\Gizmos\HealthBarGizmoTests.cs(58,26,58,47): error CS0246: The type or namespace name 'GizmoSettingsRegistry' could not be found (are you missing a using directive or an assembly reference?)
97>D:\Work\IOS-IG-SimHost-FDP-2\Hrot\Subsystems\Hrot.IG.Tests\GeoSpatialDRTranslatorTests.cs(107,20,107,35): error CS0246: The type or namespace name 'NetworkVelocity' could not be found (are you missing a using directive or an assembly reference?)
97>D:\Work\IOS-IG-SimHost-FDP-2\Hrot\Subsystems\Hrot.IG.Tests\Gizmos\FullCapturingDrawBuilder.cs(24,68,24,74): error CS0246: The type or namespace name 'Rgba32' could not be found (are you missing a using directive or an assembly reference?)
97>D:\Work\IOS-IG-SimHost-FDP-2\Hrot\Subsystems\Hrot.IG.Tests\Gizmos\FullCapturingDrawBuilder.cs(25,13,25,28): error CS0246: The type or namespace name 'CoordinateSpace' could not be found (are you missing a using directive or an assembly reference?)
97>D:\Work\IOS-IG-SimHost-FDP-2\Hrot\Subsystems\Hrot.IG.Tests\EntityDamageTranslatorTests.cs(108,48,108,54): error CS0246: The type or namespace name 'Entity' could not be found (are you missing a using directive or an assembly reference?)
97>D:\Work\IOS-IG-SimHost-FDP-2\Hrot\Subsystems\Hrot.IG.Tests\IgGroundClampingModuleTests.cs(28,16,28,32): error CS0246: The type or namespace name 'IEcsModuleSystem' could not be found (are you missing a using directive or an assembly reference?)
97>D:\Work\IOS-IG-SimHost-FDP-2\Hrot\Subsystems\Hrot.IG.Tests\Gizmos\HealthBarGizmoTests.cs(24,31,24,37): error CS0246: The type or namespace name 'Entity' could not be found (are you missing a using directive or an assembly reference?)
97>D:\Work\IOS-IG-SimHost-FDP-2\Hrot\Subsystems\Hrot.IG.Tests\IgApplicationTests.cs(21,22,21,35): error CS0246: The type or namespace name 'IgApplication' could not be found (are you missing a using directive or an assembly reference?)
97>D:\Work\IOS-IG-SimHost-FDP-2\Hrot\Subsystems\Hrot.IG.Tests\Gizmos\HealthBarGizmoTests.cs(59,26,59,42): error CS0246: The type or namespace name 'EntityRepository' could not be found (are you missing a using directive or an assembly reference?)
97>D:\Work\IOS-IG-SimHost-FDP-2\Hrot\Subsystems\Hrot.IG.Tests\EntityMasterTranslatorTests.cs(177,16,177,32): error CS0246: The type or namespace name 'NetworkAuthority' could not be found (are you missing a using directive or an assembly reference?)
97>D:\Work\IOS-IG-SimHost-FDP-2\Hrot\Subsystems\Hrot.IG.Tests\GeoSpatialDRTranslatorTests.cs(109,20,109,26): error CS0246: The type or namespace name 'Entity' could not be found (are you missing a using directive or an assembly reference?)
97>D:\Work\IOS-IG-SimHost-FDP-2\Hrot\Subsystems\Hrot.IG.Tests\EntityDamageTranslatorTests.cs(109,48,109,54): error CS0246: The type or namespace name 'Entity' could not be found (are you missing a using directive or an assembly reference?)
97>D:\Work\IOS-IG-SimHost-FDP-2\Hrot\Subsystems\Hrot.IG.Tests\IgGroundClampingModuleTests.cs(33,48,33,64): error CS0246: The type or namespace name 'ITerrainProvider' could not be found (are you missing a using directive or an assembly reference?)
97>D:\Work\IOS-IG-SimHost-FDP-2\Hrot\Subsystems\Hrot.IG.Tests\IgNodeBootstrapperTests.cs(38,73,38,91): error CS0246: The type or namespace name 'IgNodeBootstrapper' could not be found (are you missing a using directive or an assembly reference?)
97>D:\Work\IOS-IG-SimHost-FDP-2\Hrot\Subsystems\Hrot.IG.Tests\IgNodeBootstrapperTests.cs(38,34,38,44): error CS0246: The type or namespace name 'IEcsModule' could not be found (are you missing a using directive or an assembly reference?)
97>D:\Work\IOS-IG-SimHost-FDP-2\Hrot\Subsystems\Hrot.IG.Tests\EntityMasterTranslatorTests.cs(179,16,179,22): error CS0246: The type or namespace name 'Entity' could not be found (are you missing a using directive or an assembly reference?)
97>D:\Work\IOS-IG-SimHost-FDP-2\Hrot\Subsystems\Hrot.IG.Tests\GeoSpatialDRTranslatorTests.cs(110,39,110,45): error CS0246: The type or namespace name 'Entity' could not be found (are you missing a using directive or an assembly reference?)
97>D:\Work\IOS-IG-SimHost-FDP-2\Hrot\Subsystems\Hrot.IG.Tests\IgTestFactory.cs(23,26,23,30): error CS0234: The type or namespace name 'Core' does not exist in the namespace 'Hrot' (are you missing an assembly reference?)
97>D:\Work\IOS-IG-SimHost-FDP-2\Hrot\Subsystems\Hrot.IG.Tests\Gizmos\HealthBarGizmoTests.cs(26,37,26,43): error CS0246: The type or namespace name 'Entity' could not be found (are you missing a using directive or an assembly reference?)
97>D:\Work\IOS-IG-SimHost-FDP-2\Hrot\Subsystems\Hrot.IG.Tests\Gizmos\HealthBarGizmoTests.cs(27,13,27,27): error CS0246: The type or namespace name 'PipelineTarget' could not be found (are you missing a using directive or an assembly reference?)
97>D:\Work\IOS-IG-SimHost-FDP-2\Hrot\Subsystems\Hrot.IG.Tests\LayerRenderingIntegrationTests.cs(51,20,51,36): error CS0246: The type or namespace name 'EntityRepository' could not be found (are you missing a using directive or an assembly reference?)
97>D:\Work\IOS-IG-SimHost-FDP-2\Hrot\Subsystems\Hrot.IG.Tests\EntityDamageTranslatorTests.cs(110,43,110,49): error CS0246: The type or namespace name 'Entity' could not be found (are you missing a using directive or an assembly reference?)
97>D:\Work\IOS-IG-SimHost-FDP-2\Hrot\Subsystems\Hrot.IG.Tests\EntityDamageTranslatorTests.cs(110,58,110,73): error CS0246: The type or namespace name 'EntityLifecycle' could not be found (are you missing a using directive or an assembly reference?)
97>D:\Work\IOS-IG-SimHost-FDP-2\Hrot\Subsystems\Hrot.IG.Tests\EntityMasterTranslatorTests.cs(180,35,180,41): error CS0246: The type or namespace name 'Entity' could not be found (are you missing a using directive or an assembly reference?)
97>D:\Work\IOS-IG-SimHost-FDP-2\Hrot\Subsystems\Hrot.IG.Tests\Gizmos\FullCapturingDrawBuilder.cs(28,58,28,64): error CS0246: The type or namespace name 'Rgba32' could not be found (are you missing a using directive or an assembly reference?)
97>D:\Work\IOS-IG-SimHost-FDP-2\Hrot\Subsystems\Hrot.IG.Tests\Gizmos\FullCapturingDrawBuilder.cs(29,35,29,43): error CS0246: The type or namespace name 'SizeMode' could not be found (are you missing a using directive or an assembly reference?)
97>D:\Work\IOS-IG-SimHost-FDP-2\Hrot\Subsystems\Hrot.IG.Tests\Gizmos\FullCapturingDrawBuilder.cs(30,13,30,27): error CS0246: The type or namespace name 'PipelineTarget' could not be found (are you missing a using directive or an assembly reference?)
97>D:\Work\IOS-IG-SimHost-FDP-2\Hrot\Subsystems\Hrot.IG.Tests\Gizmos\FullCapturingDrawBuilder.cs(30,73,30,82): error CS0246: The type or namespace name 'LineStyle' could not be found (are you missing a using directive or an assembly reference?)
97>D:\Work\IOS-IG-SimHost-FDP-2\Hrot\Subsystems\Hrot.IG.Tests\LayerRenderingIntegrationTests.cs(72,35,72,51): error CS0246: The type or namespace name 'EntityRepository' could not be found (are you missing a using directive or an assembly reference?)
97>D:\Work\IOS-IG-SimHost-FDP-2\Hrot\Subsystems\Hrot.IG.Tests\LayerRenderingIntegrationTests.cs(72,58,72,74): error CS0246: The type or namespace name 'IEcsModuleSystem' could not be found (are you missing a using directive or an assembly reference?)
97>D:\Work\IOS-IG-SimHost-FDP-2\Hrot\Subsystems\Hrot.IG.Tests\MapCullingSystemTests.cs(34,20,34,36): error CS0246: The type or namespace name 'EntityRepository' could not be found (are you missing a using directive or an assembly reference?)
97>D:\Work\IOS-IG-SimHost-FDP-2\Hrot\Subsystems\Hrot.IG.Tests\Gizmos\HillAttackGizmoTests.cs(154,24,154,47): error CS0246: The type or namespace name 'PlatoonHillAttackParams' could not be found (are you missing a using directive or an assembly reference?)
97>D:\Work\IOS-IG-SimHost-FDP-2\Hrot\Subsystems\Hrot.IG.Tests\MapCullingSystemTests.cs(42,20,42,37): error CS0246: The type or namespace name 'MapCameraViewport' could not be found (are you missing a using directive or an assembly reference?)
97>D:\Work\IOS-IG-SimHost-FDP-2\Hrot\Subsystems\Hrot.IG.Tests\IgGroundClampingModuleTests.cs(36,13,36,45): error CS0246: The type or namespace name 'NativeArray<>' could not be found (are you missing a using directive or an assembly reference?)
97>D:\Work\IOS-IG-SimHost-FDP-2\Hrot\Subsystems\Hrot.IG.Tests\IgGroundClampingModuleTests.cs(36,25,36,44): error CS0246: The type or namespace name 'TerrainQueryRequest' could not be found (are you missing a using directive or an assembly reference?)
97>D:\Work\IOS-IG-SimHost-FDP-2\Hrot\Subsystems\Hrot.IG.Tests\IgGroundClampingModuleTests.cs(37,13,37,44): error CS0246: The type or namespace name 'NativeArray<>' could not be found (are you missing a using directive or an assembly reference?)
97>D:\Work\IOS-IG-SimHost-FDP-2\Hrot\Subsystems\Hrot.IG.Tests\IgGroundClampingModuleTests.cs(37,25,37,43): error CS0246: The type or namespace name 'TerrainQueryResult' could not be found (are you missing a using directive or an assembly reference?)
97>D:\Work\IOS-IG-SimHost-FDP-2\Hrot\Subsystems\Hrot.IG.Tests\Gizmos\HealthBarGizmoTests.cs(33,58,33,64): error CS0246: The type or namespace name 'Rgba32' could not be found (are you missing a using directive or an assembly reference?)
97>D:\Work\IOS-IG-SimHost-FDP-2\Hrot\Subsystems\Hrot.IG.Tests\Gizmos\HealthBarGizmoTests.cs(34,13,34,21): error CS0246: The type or namespace name 'SizeMode' could not be found (are you missing a using directive or an assembly reference?)
97>D:\Work\IOS-IG-SimHost-FDP-2\Hrot\Subsystems\Hrot.IG.Tests\Gizmos\HealthBarGizmoTests.cs(34,56,34,70): error CS0246: The type or namespace name 'PipelineTarget' could not be found (are you missing a using directive or an assembly reference?)
97>D:\Work\IOS-IG-SimHost-FDP-2\Hrot\Subsystems\Hrot.IG.Tests\Gizmos\HealthBarGizmoTests.cs(34,116,34,125): error CS0246: The type or namespace name 'LineStyle' could not be found (are you missing a using directive or an assembly reference?)
97>D:\Work\IOS-IG-SimHost-FDP-2\Hrot\Subsystems\Hrot.IG.Tests\GeoSpatialDRTranslatorTests.cs(111,41,111,47): error CS0246: The type or namespace name 'Entity' could not be found (are you missing a using directive or an assembly reference?)
97>D:\Work\IOS-IG-SimHost-FDP-2\Hrot\Subsystems\Hrot.IG.Tests\MapEntitySymbolTranslatorTests.cs(17,25,17,41): error CS0246: The type or namespace name 'EntityRepository' could not be found (are you missing a using directive or an assembly reference?)
97>D:\Work\IOS-IG-SimHost-FDP-2\Hrot\Subsystems\Hrot.IG.Tests\MapEntitySymbolTranslatorTests.cs(17,48,17,64): error CS0246: The type or namespace name 'NetworkEntityMap' could not be found (are you missing a using directive or an assembly reference?)
97>D:\Work\IOS-IG-SimHost-FDP-2\Hrot\Subsystems\Hrot.IG.Tests\MapEntitySymbolTranslatorTests.cs(17,76,17,108): error CS0246: The type or namespace name 'MapEntitySymbolIngressTranslator' could not be found (are you missing a using directive or an assembly reference?)
97>D:\Work\IOS-IG-SimHost-FDP-2\Hrot\Subsystems\Hrot.IG.Tests\EntityMasterTranslatorTests.cs(181,37,181,43): error CS0246: The type or namespace name 'Entity' could not be found (are you missing a using directive or an assembly reference?)
97>D:\Work\IOS-IG-SimHost-FDP-2\Hrot\Subsystems\Hrot.IG.Tests\PerformanceMetricsTests.cs(38,20,38,36): error CS0246: The type or namespace name 'EntityRepository' could not be found (are you missing a using directive or an assembly reference?)
97>D:\Work\IOS-IG-SimHost-FDP-2\Hrot\Subsystems\Hrot.IG.Tests\MapCullingSystemTests.cs(55,42,55,58): error CS0246: The type or namespace name 'EntityRepository' could not be found (are you missing a using directive or an assembly reference?)
97>D:\Work\IOS-IG-SimHost-FDP-2\Hrot\Subsystems\Hrot.IG.Tests\MapCullingSystemTests.cs(55,20,55,26): error CS0246: The type or namespace name 'Entity' could not be found (are you missing a using directive or an assembly reference?)
97>D:\Work\IOS-IG-SimHost-FDP-2\Hrot\Subsystems\Hrot.IG.Tests\Gizmos\FullCapturingDrawBuilder.cs(33,62,33,68): error CS0246: The type or namespace name 'Rgba32' could not be found (are you missing a using directive or an assembly reference?)
97>D:\Work\IOS-IG-SimHost-FDP-2\Hrot\Subsystems\Hrot.IG.Tests\Gizmos\FullCapturingDrawBuilder.cs(34,35,34,43): error CS0246: The type or namespace name 'SizeMode' could not be found (are you missing a using directive or an assembly reference?)
97>D:\Work\IOS-IG-SimHost-FDP-2\Hrot\Subsystems\Hrot.IG.Tests\Gizmos\FullCapturingDrawBuilder.cs(35,13,35,27): error CS0246: The type or namespace name 'PipelineTarget' could not be found (are you missing a using directive or an assembly reference?)
97>D:\Work\IOS-IG-SimHost-FDP-2\Hrot\Subsystems\Hrot.IG.Tests\Gizmos\FullCapturingDrawBuilder.cs(36,13,36,19): error CS0246: The type or namespace name 'Rgba32' could not be found (are you missing a using directive or an assembly reference?)
97>D:\Work\IOS-IG-SimHost-FDP-2\Hrot\Subsystems\Hrot.IG.Tests\Gizmos\FullCapturingDrawBuilder.cs(36,41,36,50): error CS0246: The type or namespace name 'LineStyle' could not be found (are you missing a using directive or an assembly reference?)
97>D:\Work\IOS-IG-SimHost-FDP-2\Hrot\Subsystems\Hrot.IG.Tests\Gizmos\HillAttackGizmoTests.cs(164,13,164,29): error CS0246: The type or namespace name 'EntityRepository' could not be found (are you missing a using directive or an assembly reference?)
97>D:\Work\IOS-IG-SimHost-FDP-2\Hrot\Subsystems\Hrot.IG.Tests\Gizmos\HillAttackGizmoTests.cs(165,13,165,36): error CS0246: The type or namespace name 'PlatoonHillAttackParams' could not be found (are you missing a using directive or an assembly reference?)
97>D:\Work\IOS-IG-SimHost-FDP-2\Hrot\Subsystems\Hrot.IG.Tests\Gizmos\HillAttackGizmoTests.cs(163,31,163,37): error CS0246: The type or namespace name 'Entity' could not be found (are you missing a using directive or an assembly reference?)
97>D:\Work\IOS-IG-SimHost-FDP-2\Hrot\Subsystems\Hrot.IG.Tests\GeoSpatialDRTranslatorTests.cs(112,46,112,52): error CS0246: The type or namespace name 'Entity' could not be found (are you missing a using directive or an assembly reference?)
97>D:\Work\IOS-IG-SimHost-FDP-2\Hrot\Subsystems\Hrot.IG.Tests\MapEntitySymbolTranslatorTests.cs(106,55,106,75): error CS0246: The type or namespace name 'IEntityCommandBuffer' could not be found (are you missing a using directive or an assembly reference?)
97>D:\Work\IOS-IG-SimHost-FDP-2\Hrot\Subsystems\Hrot.IG.Tests\Gizmos\HillAttackGizmoTests.cs(23,26,23,47): error CS0246: The type or namespace name 'GizmoSettingsRegistry' could not be found (are you missing a using directive or an assembly reference?)
97>D:\Work\IOS-IG-SimHost-FDP-2\Hrot\Subsystems\Hrot.IG.Tests\Gizmos\FullCapturingDrawBuilder.cs(39,37,39,43): error CS0246: The type or namespace name 'Entity' could not be found (are you missing a using directive or an assembly reference?)
97>D:\Work\IOS-IG-SimHost-FDP-2\Hrot\Subsystems\Hrot.IG.Tests\Gizmos\FullCapturingDrawBuilder.cs(40,13,40,27): error CS0246: The type or namespace name 'PipelineTarget' could not be found (are you missing a using directive or an assembly reference?)
97>D:\Work\IOS-IG-SimHost-FDP-2\Hrot\Subsystems\Hrot.IG.Tests\EntityMasterTranslatorTests.cs(189,42,189,48): error CS0246: The type or namespace name 'Entity' could not be found (are you missing a using directive or an assembly reference?)
97>D:\Work\IOS-IG-SimHost-FDP-2\Hrot\Subsystems\Hrot.IG.Tests\MapCameraTests.cs(18,20,18,29): error CS0246: The type or namespace name 'MapCamera' could not be found (are you missing a using directive or an assembly reference?)
97>D:\Work\IOS-IG-SimHost-FDP-2\Hrot\Subsystems\Hrot.IG.Tests\PerformanceMetricsTests.cs(47,40,47,56): error CS0246: The type or namespace name 'EntityRepository' could not be found (are you missing a using directive or an assembly reference?)
97>D:\Work\IOS-IG-SimHost-FDP-2\Hrot\Subsystems\Hrot.IG.Tests\PerformanceMetricsTests.cs(47,20,47,26): error CS0246: The type or namespace name 'Entity' could not be found (are you missing a using directive or an assembly reference?)
97>D:\Work\IOS-IG-SimHost-FDP-2\Hrot\Subsystems\Hrot.IG.Tests\Gizmos\HillAttackGizmoTests.cs(24,26,24,42): error CS0246: The type or namespace name 'EntityRepository' could not be found (are you missing a using directive or an assembly reference?)
97>D:\Work\IOS-IG-SimHost-FDP-2\Hrot\Subsystems\Hrot.IG.Tests\GeoSpatialDRTranslatorTests.cs(113,41,113,47): error CS0246: The type or namespace name 'Entity' could not be found (are you missing a using directive or an assembly reference?)
97>D:\Work\IOS-IG-SimHost-FDP-2\Hrot\Subsystems\Hrot.IG.Tests\MapCullingSystemTests.cs(66,35,66,51): error CS0246: The type or namespace name 'EntityRepository' could not be found (are you missing a using directive or an assembly reference?)
97>D:\Work\IOS-IG-SimHost-FDP-2\Hrot\Subsystems\Hrot.IG.Tests\MapCullingSystemTests.cs(66,58,66,74): error CS0246: The type or namespace name 'MapCullingSystem' could not be found (are you missing a using directive or an assembly reference?)
97>D:\Work\IOS-IG-SimHost-FDP-2\Hrot\Subsystems\Hrot.IG.Tests\Gizmos\HealthBarGizmoTests.cs(35,66,35,72): error CS0246: The type or namespace name 'Rgba32' could not be found (are you missing a using directive or an assembly reference?)
97>D:\Work\IOS-IG-SimHost-FDP-2\Hrot\Subsystems\Hrot.IG.Tests\Gizmos\HealthBarGizmoTests.cs(35,85,35,91): error CS0246: The type or namespace name 'Rgba32' could not be found (are you missing a using directive or an assembly reference?)
97>D:\Work\IOS-IG-SimHost-FDP-2\Hrot\Subsystems\Hrot.IG.Tests\Gizmos\HealthBarGizmoTests.cs(36,35,36,43): error CS0246: The type or namespace name 'SizeMode' could not be found (are you missing a using directive or an assembly reference?)
97>D:\Work\IOS-IG-SimHost-FDP-2\Hrot\Subsystems\Hrot.IG.Tests\Gizmos\HealthBarGizmoTests.cs(36,78,36,92): error CS0246: The type or namespace name 'PipelineTarget' could not be found (are you missing a using directive or an assembly reference?)
97>D:\Work\IOS-IG-SimHost-FDP-2\Hrot\Subsystems\Hrot.IG.Tests\Gizmos\HealthBarGizmoTests.cs(36,138,36,147): error CS0246: The type or namespace name 'LineStyle' could not be found (are you missing a using directive or an assembly reference?)
97>D:\Work\IOS-IG-SimHost-FDP-2\Hrot\Subsystems\Hrot.IG.Tests\MiniExConPanelStateTests.cs(39,20,39,31): error CS0246: The type or namespace name 'FdpEventBus' could not be found (are you missing a using directive or an assembly reference?)
97>D:\Work\IOS-IG-SimHost-FDP-2\Hrot\Subsystems\Hrot.IG.Tests\SelectionRenderSystemTests.cs(18,20,18,36): error CS0246: The type or namespace name 'EntityRepository' could not be found (are you missing a using directive or an assembly reference?)
97>D:\Work\IOS-IG-SimHost-FDP-2\Hrot\Subsystems\Hrot.IG.Tests\MapEntitySymbolTranslatorTests.cs(109,20,109,36): error CS0246: The type or namespace name 'IgSymbolOverride' could not be found (are you missing a using directive or an assembly reference?)
97>D:\Work\IOS-IG-SimHost-FDP-2\Hrot\Subsystems\Hrot.IG.Tests\EntityMasterTranslatorTests.cs(190,37,190,43): error CS0246: The type or namespace name 'Entity' could not be found (are you missing a using directive or an assembly reference?)
97>D:\Work\IOS-IG-SimHost-FDP-2\Hrot\Subsystems\Hrot.IG.Tests\Gizmos\FullCapturingDrawBuilder.cs(44,66,44,72): error CS0246: The type or namespace name 'Rgba32' could not be found (are you missing a using directive or an assembly reference?)
97>D:\Work\IOS-IG-SimHost-FDP-2\Hrot\Subsystems\Hrot.IG.Tests\Gizmos\FullCapturingDrawBuilder.cs(44,85,44,91): error CS0246: The type or namespace name 'Rgba32' could not be found (are you missing a using directive or an assembly reference?)
97>D:\Work\IOS-IG-SimHost-FDP-2\Hrot\Subsystems\Hrot.IG.Tests\Gizmos\FullCapturingDrawBuilder.cs(45,35,45,43): error CS0246: The type or namespace name 'SizeMode' could not be found (are you missing a using directive or an assembly reference?)
97>D:\Work\IOS-IG-SimHost-FDP-2\Hrot\Subsystems\Hrot.IG.Tests\Gizmos\FullCapturingDrawBuilder.cs(46,13,46,27): error CS0246: The type or namespace name 'PipelineTarget' could not be found (are you missing a using directive or an assembly reference?)
97>D:\Work\IOS-IG-SimHost-FDP-2\Hrot\Subsystems\Hrot.IG.Tests\Gizmos\FullCapturingDrawBuilder.cs(46,73,46,82): error CS0246: The type or namespace name 'LineStyle' could not be found (are you missing a using directive or an assembly reference?)
97>D:\Work\IOS-IG-SimHost-FDP-2\Hrot\Subsystems\Hrot.IG.Tests\PerformanceMetricsTests.cs(68,37,68,53): error CS0246: The type or namespace name 'EntityRepository' could not be found (are you missing a using directive or an assembly reference?)
97>D:\Work\IOS-IG-SimHost-FDP-2\Hrot\Subsystems\Hrot.IG.Tests\PerformanceMetricsTests.cs(68,60,68,78): error CS0246: The type or namespace name 'PerformanceMetrics' could not be found (are you missing a using directive or an assembly reference?)
97>D:\Work\IOS-IG-SimHost-FDP-2\Hrot\Subsystems\Hrot.IG.Tests\MapCameraTests.cs(35,34,35,43): error CS0246: The type or namespace name 'MapCamera' could not be found (are you missing a using directive or an assembly reference?)
97>D:\Work\IOS-IG-SimHost-FDP-2\Hrot\Subsystems\Hrot.IG.Tests\GeoSpatialDRTranslatorTests.cs(121,44,121,50): error CS0246: The type or namespace name 'Entity' could not be found (are you missing a using directive or an assembly reference?)
97>D:\Work\IOS-IG-SimHost-FDP-2\Hrot\Subsystems\Hrot.IG.Tests\MapEntitySymbolTranslatorTests.cs(111,20,111,26): error CS0246: The type or namespace name 'Entity' could not be found (are you missing a using directive or an assembly reference?)
97>D:\Work\IOS-IG-SimHost-FDP-2\Hrot\Subsystems\Hrot.IG.Tests\EntityMasterTranslatorTests.cs(191,40,191,46): error CS0246: The type or namespace name 'Entity' could not be found (are you missing a using directive or an assembly reference?)
97>D:\Work\IOS-IG-SimHost-FDP-2\Hrot\Subsystems\Hrot.IG.Tests\Gizmos\FullCapturingDrawBuilder.cs(48,65,48,71): error CS0246: The type or namespace name 'Rgba32' could not be found (are you missing a using directive or an assembly reference?)
97>D:\Work\IOS-IG-SimHost-FDP-2\Hrot\Subsystems\Hrot.IG.Tests\Gizmos\FullCapturingDrawBuilder.cs(49,13,49,28): error CS0246: The type or namespace name 'CoordinateSpace' could not be found (are you missing a using directive or an assembly reference?)
97>D:\Work\IOS-IG-SimHost-FDP-2\Hrot\Subsystems\Hrot.IG.Tests\Gizmos\HealthBarGizmoTests.cs(37,62,37,68): error CS0246: The type or namespace name 'Rgba32' could not be found (are you missing a using directive or an assembly reference?)
97>D:\Work\IOS-IG-SimHost-FDP-2\Hrot\Subsystems\Hrot.IG.Tests\Gizmos\HealthBarGizmoTests.cs(38,35,38,43): error CS0246: The type or namespace name 'SizeMode' could not be found (are you missing a using directive or an assembly reference?)
97>D:\Work\IOS-IG-SimHost-FDP-2\Hrot\Subsystems\Hrot.IG.Tests\Gizmos\HealthBarGizmoTests.cs(39,13,39,27): error CS0246: The type or namespace name 'PipelineTarget' could not be found (are you missing a using directive or an assembly reference?)
97>D:\Work\IOS-IG-SimHost-FDP-2\Hrot\Subsystems\Hrot.IG.Tests\Gizmos\HealthBarGizmoTests.cs(40,13,40,19): error CS0246: The type or namespace name 'Rgba32' could not be found (are you missing a using directive or an assembly reference?)
97>D:\Work\IOS-IG-SimHost-FDP-2\Hrot\Subsystems\Hrot.IG.Tests\Gizmos\HealthBarGizmoTests.cs(40,41,40,50): error CS0246: The type or namespace name 'LineStyle' could not be found (are you missing a using directive or an assembly reference?)
97>D:\Work\IOS-IG-SimHost-FDP-2\Hrot\Subsystems\Hrot.IG.Tests\Gizmos\MeasureToolGizmoAdapterTests.cs(15,25,15,43): error CS0246: The type or namespace name 'GlobalGizmoManager' could not be found (are you missing a using directive or an assembly reference?)
97>D:\Work\IOS-IG-SimHost-FDP-2\Hrot\Subsystems\Hrot.IG.Tests\Gizmos\MeasureToolGizmoAdapterTests.cs(15,53,15,74): error CS0246: The type or namespace name 'GizmoSettingsRegistry' could not be found (are you missing a using directive or an assembly reference?)
97>D:\Work\IOS-IG-SimHost-FDP-2\Hrot\Subsystems\Hrot.IG.Tests\Gizmos\MeasureToolGizmoAdapterTests.cs(15,85,15,108): error CS0246: The type or namespace name 'MeasureToolGizmoAdapter' could not be found (are you missing a using directive or an assembly reference?)
97>D:\Work\IOS-IG-SimHost-FDP-2\Hrot\Subsystems\Hrot.IG.Tests\MapEntitySymbolTranslatorTests.cs(112,39,112,45): error CS0246: The type or namespace name 'Entity' could not be found (are you missing a using directive or an assembly reference?)
97>D:\Work\IOS-IG-SimHost-FDP-2\Hrot\Subsystems\Hrot.IG.Tests\GeoSpatialDRTranslatorTests.cs(122,48,122,54): error CS0246: The type or namespace name 'Entity' could not be found (are you missing a using directive or an assembly reference?)
97>D:\Work\IOS-IG-SimHost-FDP-2\Hrot\Subsystems\Hrot.IG.Tests\MiniExConPanelStateTests.cs(41,51,41,69): error CS0246: The type or namespace name 'SpawnEntityCommand' could not be found (are you missing a using directive or an assembly reference?)
97>D:\Work\IOS-IG-SimHost-FDP-2\Hrot\Subsystems\Hrot.IG.Tests\MiniExConPanelStateTests.cs(41,20,41,32): error CS0246: The type or namespace name 'SimTransform' could not be found (are you missing a using directive or an assembly reference?)
97>D:\Work\IOS-IG-SimHost-FDP-2\Hrot\Subsystems\Hrot.IG.Tests\EntityMasterTranslatorTests.cs(192,44,192,50): error CS0246: The type or namespace name 'Entity' could not be found (are you missing a using directive or an assembly reference?)
97>D:\Work\IOS-IG-SimHost-FDP-2\Hrot\Subsystems\Hrot.IG.Tests\Gizmos\HealthBarGizmoTests.cs(41,57,41,63): error CS0246: The type or namespace name 'Rgba32' could not be found (are you missing a using directive or an assembly reference?)
97>D:\Work\IOS-IG-SimHost-FDP-2\Hrot\Subsystems\Hrot.IG.Tests\MapEntitySymbolTranslatorTests.cs(113,41,113,47): error CS0246: The type or namespace name 'Entity' could not be found (are you missing a using directive or an assembly reference?)
97>D:\Work\IOS-IG-SimHost-FDP-2\Hrot\Subsystems\Hrot.IG.Tests\Gizmos\FullCapturingDrawBuilder.cs(51,37,51,43): error CS0246: The type or namespace name 'Entity' could not be found (are you missing a using directive or an assembly reference?)
97>D:\Work\IOS-IG-SimHost-FDP-2\Hrot\Subsystems\Hrot.IG.Tests\Gizmos\FullCapturingDrawBuilder.cs(52,13,52,19): error CS0246: The type or namespace name 'Rgba32' could not be found (are you missing a using directive or an assembly reference?)
97>D:\Work\IOS-IG-SimHost-FDP-2\Hrot\Subsystems\Hrot.IG.Tests\GeoSpatialDRTranslatorTests.cs(123,48,123,54): error CS0246: The type or namespace name 'Entity' could not be found (are you missing a using directive or an assembly reference?)
97>D:\Work\IOS-IG-SimHost-FDP-2\Hrot\Subsystems\Hrot.IG.Tests\EntityMasterTranslatorTests.cs(193,44,193,50): error CS0246: The type or namespace name 'Entity' could not be found (are you missing a using directive or an assembly reference?)
97>D:\Work\IOS-IG-SimHost-FDP-2\Hrot\Subsystems\Hrot.IG.Tests\MiniExConPanelStateTests.cs(48,60,48,78): error CS0246: The type or namespace name 'SpawnEntityCommand' could not be found (are you missing a using directive or an assembly reference?)
97>D:\Work\IOS-IG-SimHost-FDP-2\Hrot\Subsystems\Hrot.IG.Tests\MiniExConPanelStateTests.cs(48,20,48,36): error CS0246: The type or namespace name 'IgSymbolOverride' could not be found (are you missing a using directive or an assembly reference?)
97>D:\Work\IOS-IG-SimHost-FDP-2\Hrot\Subsystems\Hrot.IG.Tests\MapEntitySymbolTranslatorTests.cs(114,46,114,52): error CS0246: The type or namespace name 'Entity' could not be found (are you missing a using directive or an assembly reference?)
97>D:\Work\IOS-IG-SimHost-FDP-2\Hrot\Subsystems\Hrot.IG.Tests\GeoSpatialDRTranslatorTests.cs(124,51,124,57): error CS0246: The type or namespace name 'Entity' could not be found (are you missing a using directive or an assembly reference?)
97>D:\Work\IOS-IG-SimHost-FDP-2\Hrot\Subsystems\Hrot.IG.Tests\ShiftRightClickTests.cs(31,13,31,19): error CS0246: The type or namespace name 'Entity' could not be found (are you missing a using directive or an assembly reference?)
97>D:\Work\IOS-IG-SimHost-FDP-2\Hrot\Subsystems\Hrot.IG.Tests\Gizmos\HealthBarGizmoTests.cs(42,68,42,74): error CS0246: The type or namespace name 'Rgba32' could not be found (are you missing a using directive or an assembly reference?)
97>D:\Work\IOS-IG-SimHost-FDP-2\Hrot\Subsystems\Hrot.IG.Tests\Gizmos\HealthBarGizmoTests.cs(43,13,43,28): error CS0246: The type or namespace name 'CoordinateSpace' could not be found (are you missing a using directive or an assembly reference?)
97>D:\Work\IOS-IG-SimHost-FDP-2\Hrot\Subsystems\Hrot.IG.Tests\EntityMasterTranslatorTests.cs(194,47,194,53): error CS0246: The type or namespace name 'Entity' could not be found (are you missing a using directive or an assembly reference?)
97>D:\Work\IOS-IG-SimHost-FDP-2\Hrot\Subsystems\Hrot.IG.Tests\Gizmos\FullCapturingDrawBuilder.cs(54,48,54,54): error CS0246: The type or namespace name 'Entity' could not be found (are you missing a using directive or an assembly reference?)
97>D:\Work\IOS-IG-SimHost-FDP-2\Hrot\Subsystems\Hrot.IG.Tests\Gizmos\FullCapturingDrawBuilder.cs(55,13,55,19): error CS0246: The type or namespace name 'Rgba32' could not be found (are you missing a using directive or an assembly reference?)
97>D:\Work\IOS-IG-SimHost-FDP-2\Hrot\Subsystems\Hrot.IG.Tests\MapEntitySymbolTranslatorTests.cs(115,41,115,47): error CS0246: The type or namespace name 'Entity' could not be found (are you missing a using directive or an assembly reference?)
97>D:\Work\IOS-IG-SimHost-FDP-2\Hrot\Subsystems\Hrot.IG.Tests\MapCommandControllerTests.cs(25,9,25,18): error CS0246: The type or namespace name 'MapCanvas' could not be found (are you missing a using directive or an assembly reference?)
97>D:\Work\IOS-IG-SimHost-FDP-2\Hrot\Subsystems\Hrot.IG.Tests\MapCommandControllerTests.cs(26,9,26,20): error CS0246: The type or namespace name 'FdpEventBus' could not be found (are you missing a using directive or an assembly reference?)
97>D:\Work\IOS-IG-SimHost-FDP-2\Hrot\Subsystems\Hrot.IG.Tests\MapCommandControllerTests.cs(28,9,28,27): error CS0246: The type or namespace name 'GlobalGizmoManager' could not be found (are you missing a using directive or an assembly reference?)
97>D:\Work\IOS-IG-SimHost-FDP-2\Hrot\Subsystems\Hrot.IG.Tests\MapCommandControllerTests.cs(29,9,29,25): error CS0246: The type or namespace name 'EntityRepository' could not be found (are you missing a using directive or an assembly reference?)
97>D:\Work\IOS-IG-SimHost-FDP-2\Hrot\Subsystems\Hrot.IG.Tests\MapCommandControllerTests.cs(30,9,30,29): error CS0246: The type or namespace name 'MapCommandController' could not be found (are you missing a using directive or an assembly reference?)
97>D:\Work\IOS-IG-SimHost-FDP-2\Hrot\Subsystems\Hrot.IG.Tests\ShiftRightClickTests.cs(40,13,40,19): error CS0246: The type or namespace name 'Entity' could not be found (are you missing a using directive or an assembly reference?)
97>D:\Work\IOS-IG-SimHost-FDP-2\Hrot\Subsystems\Hrot.IG.Tests\GeoSpatialDRTranslatorTests.cs(126,48,126,54): error CS0246: The type or namespace name 'Entity' could not be found (are you missing a using directive or an assembly reference?)
97>D:\Work\IOS-IG-SimHost-FDP-2\Hrot\Subsystems\Hrot.IG.Tests\Gizmos\PresentationGizmoTests.cs(22,26,22,42): error CS0246: The type or namespace name 'EntityRepository' could not be found (are you missing a using directive or an assembly reference?)
97>D:\Work\IOS-IG-SimHost-FDP-2\Hrot\Subsystems\Hrot.IG.Tests\Gizmos\HealthBarGizmoTests.cs(44,65,44,71): error CS0246: The type or namespace name 'Rgba32' could not be found (are you missing a using directive or an assembly reference?)
97>D:\Work\IOS-IG-SimHost-FDP-2\Hrot\Subsystems\Hrot.IG.Tests\Gizmos\HealthBarGizmoTests.cs(45,13,45,28): error CS0246: The type or namespace name 'CoordinateSpace' could not be found (are you missing a using directive or an assembly reference?)
97>D:\Work\IOS-IG-SimHost-FDP-2\Hrot\Subsystems\Hrot.IG.Tests\Gizmos\VisibilityConeGizmoTests.cs(19,26,19,42): error CS0246: The type or namespace name 'EntityRepository' could not be found (are you missing a using directive or an assembly reference?)
97>D:\Work\IOS-IG-SimHost-FDP-2\Hrot\Subsystems\Hrot.IG.Tests\MapEntitySymbolTranslatorTests.cs(116,44,116,50): error CS0246: The type or namespace name 'Entity' could not be found (are you missing a using directive or an assembly reference?)
97>D:\Work\IOS-IG-SimHost-FDP-2\Hrot\Subsystems\Hrot.IG.Tests\GeoSpatialDRTranslatorTests.cs(127,48,127,54): error CS0246: The type or namespace name 'Entity' could not be found (are you missing a using directive or an assembly reference?)
97>D:\Work\IOS-IG-SimHost-FDP-2\Hrot\Subsystems\Hrot.IG.Tests\ShiftRightClickTests.cs(49,13,49,38): error CS0246: The type or namespace name 'CmdAppendPersonalWaypoint' could not be found (are you missing a using directive or an assembly reference?)
97>D:\Work\IOS-IG-SimHost-FDP-2\Hrot\Subsystems\Hrot.IG.Tests\EntityMasterTranslatorTests.cs(196,44,196,50): error CS0246: The type or namespace name 'Entity' could not be found (are you missing a using directive or an assembly reference?)
97>D:\Work\IOS-IG-SimHost-FDP-2\Hrot\Subsystems\Hrot.IG.Tests\RouteAuthoringTests.cs(47,13,47,31): error CS0246: The type or namespace name 'SpawnEntityCommand' could not be found (are you missing a using directive or an assembly reference?)
97>D:\Work\IOS-IG-SimHost-FDP-2\Hrot\Subsystems\Hrot.IG.Tests\MapCameraTests.cs(43,34,43,43): error CS0246: The type or namespace name 'MapCamera' could not be found (are you missing a using directive or an assembly reference?)
97>D:\Work\IOS-IG-SimHost-FDP-2\Hrot\Subsystems\Hrot.IG.Tests\MapEntitySymbolTranslatorTests.cs(117,48,117,54): error CS0246: The type or namespace name 'Entity' could not be found (are you missing a using directive or an assembly reference?)
97>D:\Work\IOS-IG-SimHost-FDP-2\Hrot\Subsystems\Hrot.IG.Tests\EntityMasterTranslatorTests.cs(197,44,197,50): error CS0246: The type or namespace name 'Entity' could not be found (are you missing a using directive or an assembly reference?)
97>D:\Work\IOS-IG-SimHost-FDP-2\Hrot\Subsystems\Hrot.IG.Tests\MapCommandControllerTests.cs(48,43,48,61): error CS0246: The type or namespace name 'GlobalGizmoManager' could not be found (are you missing a using directive or an assembly reference?)
97>D:\Work\IOS-IG-SimHost-FDP-2\Hrot\Subsystems\Hrot.IG.Tests\MapCommandControllerTests.cs(48,71,48,87): error CS0246: The type or namespace name 'EntityRepository' could not be found (are you missing a using directive or an assembly reference?)
97>D:\Work\IOS-IG-SimHost-FDP-2\Hrot\Subsystems\Hrot.IG.Tests\Gizmos\HealthBarGizmoTests.cs(46,37,46,43): error CS0246: The type or namespace name 'Entity' could not be found (are you missing a using directive or an assembly reference?)
97>D:\Work\IOS-IG-SimHost-FDP-2\Hrot\Subsystems\Hrot.IG.Tests\Gizmos\HealthBarGizmoTests.cs(47,13,47,19): error CS0246: The type or namespace name 'Rgba32' could not be found (are you missing a using directive or an assembly reference?)
97>D:\Work\IOS-IG-SimHost-FDP-2\Hrot\Subsystems\Hrot.IG.Tests\ShiftRightClickTests.cs(18,22,18,35): error CS0246: The type or namespace name 'IgApplication' could not be found (are you missing a using directive or an assembly reference?)
97>D:\Work\IOS-IG-SimHost-FDP-2\Hrot\Subsystems\Hrot.IG.Tests\GeoSpatialDRTranslatorTests.cs(128,43,128,49): error CS0246: The type or namespace name 'Entity' could not be found (are you missing a using directive or an assembly reference?)
97>D:\Work\IOS-IG-SimHost-FDP-2\Hrot\Subsystems\Hrot.IG.Tests\GeoSpatialDRTranslatorTests.cs(128,58,128,73): error CS0246: The type or namespace name 'EntityLifecycle' could not be found (are you missing a using directive or an assembly reference?)
97>D:\Work\IOS-IG-SimHost-FDP-2\Hrot\Subsystems\Hrot.IG.Tests\RouteAuthoringTests.cs(22,22,22,35): error CS0246: The type or namespace name 'IgApplication' could not be found (are you missing a using directive or an assembly reference?)
97>D:\Work\IOS-IG-SimHost-FDP-2\Hrot\Subsystems\Hrot.IG.Tests\MapEntitySymbolTranslatorTests.cs(118,48,118,54): error CS0246: The type or namespace name 'Entity' could not be found (are you missing a using directive or an assembly reference?)
97>D:\Work\IOS-IG-SimHost-FDP-2\Hrot\Subsystems\Hrot.IG.Tests\MapCameraTests.cs(51,36,51,45): error CS0246: The type or namespace name 'MapCamera' could not be found (are you missing a using directive or an assembly reference?)
97>D:\Work\IOS-IG-SimHost-FDP-2\Hrot\Subsystems\Hrot.IG.Tests\MapEntitySymbolTranslatorTests.cs(124,51,124,57): error CS0246: The type or namespace name 'Entity' could not be found (are you missing a using directive or an assembly reference?)
97>D:\Work\IOS-IG-SimHost-FDP-2\Hrot\Subsystems\Hrot.IG.Tests\RouteAuthoringTests.cs(23,27,23,45): error CS0246: The type or namespace name 'SpawnEntityCommand' could not be found (are you missing a using directive or an assembly reference?)
97>D:\Work\IOS-IG-SimHost-FDP-2\Hrot\Subsystems\Hrot.IG.Tests\MapCommandControllerTests.cs(61,44,61,62): error CS0246: The type or namespace name 'GlobalGizmoManager' could not be found (are you missing a using directive or an assembly reference?)
97>D:\Work\IOS-IG-SimHost-FDP-2\Hrot\Subsystems\Hrot.IG.Tests\MapCommandControllerTests.cs(61,72,61,88): error CS0246: The type or namespace name 'EntityRepository' could not be found (are you missing a using directive or an assembly reference?)
97>D:\Work\IOS-IG-SimHost-FDP-2\Hrot\Subsystems\Hrot.IG.Tests\Gizmos\HealthBarGizmoTests.cs(48,48,48,54): error CS0246: The type or namespace name 'Entity' could not be found (are you missing a using directive or an assembly reference?)
97>D:\Work\IOS-IG-SimHost-FDP-2\Hrot\Subsystems\Hrot.IG.Tests\Gizmos\HealthBarGizmoTests.cs(49,13,49,19): error CS0246: The type or namespace name 'Rgba32' could not be found (are you missing a using directive or an assembly reference?)
97>D:\Work\IOS-IG-SimHost-FDP-2\Hrot\Subsystems\Hrot.IG.Tests\MapEntitySymbolTranslatorTests.cs(126,48,126,54): error CS0246: The type or namespace name 'Entity' could not be found (are you missing a using directive or an assembly reference?)
97>D:\Work\IOS-IG-SimHost-FDP-2\Hrot\Subsystems\Hrot.IG.Tests\EntityMasterTranslatorTests.cs(198,39,198,45): error CS0246: The type or namespace name 'Entity' could not be found (are you missing a using directive or an assembly reference?)
97>D:\Work\IOS-IG-SimHost-FDP-2\Hrot\Subsystems\Hrot.IG.Tests\EntityMasterTranslatorTests.cs(198,54,198,69): error CS0246: The type or namespace name 'EntityLifecycle' could not be found (are you missing a using directive or an assembly reference?)
97>D:\Work\IOS-IG-SimHost-FDP-2\Hrot\Subsystems\Hrot.IG.Tests\MapEntitySymbolTranslatorTests.cs(127,48,127,54): error CS0246: The type or namespace name 'Entity' could not be found (are you missing a using directive or an assembly reference?)
97>D:\Work\IOS-IG-SimHost-FDP-2\Hrot\Subsystems\Hrot.IG.Tests\MapCommandControllerTests.cs(73,69,73,80): error CS0246: The type or namespace name 'FdpEventBus' could not be found (are you missing a using directive or an assembly reference?)
97>D:\Work\IOS-IG-SimHost-FDP-2\Hrot\Subsystems\Hrot.IG.Tests\MapCommandControllerTests.cs(73,34,73,52): error CS0246: The type or namespace name 'SpawnEntityCommand' could not be found (are you missing a using directive or an assembly reference?)
97>D:\Work\IOS-IG-SimHost-FDP-2\Hrot\Subsystems\Hrot.IG.Tests\MapEntitySymbolTranslatorTests.cs(128,43,128,49): error CS0246: The type or namespace name 'Entity' could not be found (are you missing a using directive or an assembly reference?)
97>D:\Work\IOS-IG-SimHost-FDP-2\Hrot\Subsystems\Hrot.IG.Tests\MapEntitySymbolTranslatorTests.cs(128,58,128,73): error CS0246: The type or namespace name 'EntityLifecycle' could not be found (are you missing a using directive or an assembly reference?)
97>D:\Work\IOS-IG-SimHost-FDP-2\Hrot\Subsystems\Hrot.IG.Tests\GeoSpatialTranslatorTests.cs(146,64,146,91): error CS0246: The type or namespace name 'GeoSpatialIngressTranslator' could not be found (are you missing a using directive or an assembly reference?)
97>D:\Work\IOS-IG-SimHost-FDP-2\Hrot\Subsystems\Hrot.IG.Tests\MapCommandControllerTests.cs(20,21,20,37): error CS0246: The type or namespace name 'MapCommandAckDto' could not be found (are you missing a using directive or an assembly reference?)
97>D:\Work\IOS-IG-SimHost-FDP-2\Hrot\Subsystems\Hrot.IG.Tests\MapCommandControllerTests.cs(21,23,21,39): error CS0246: The type or namespace name 'MapCommandAckDto' could not be found (are you missing a using directive or an assembly reference?)
97>D:\Work\IOS-IG-SimHost-FDP-2\Hrot\Subsystems\Hrot.IG.Tests\ToolInteractionIntegrationTests.cs(48,20,48,36): error CS0246: The type or namespace name 'EntityRepository' could not be found (are you missing a using directive or an assembly reference?)
97>D:\Work\IOS-IG-SimHost-FDP-2\Hrot\Subsystems\Hrot.IG.Tests\MapCameraTests.cs(203,20,203,29): error CS0246: The type or namespace name 'MapCamera' could not be found (are you missing a using directive or an assembly reference?)
97>D:\Work\IOS-IG-SimHost-FDP-2\Hrot\Subsystems\Hrot.IG.Tests\GeoSpatialTranslatorTests.cs(150,17,150,33): error CS0246: The type or namespace name 'NetworkEntityMap' could not be found (are you missing a using directive or an assembly reference?)
97>D:\Work\IOS-IG-SimHost-FDP-2\Hrot\Subsystems\Hrot.IG.Tests\GeoSpatialTranslatorTests.cs(151,17,151,37): error CS0246: The type or namespace name 'IGeographicTransform' could not be found (are you missing a using directive or an assembly reference?)
97>D:\Work\IOS-IG-SimHost-FDP-2\Hrot\Subsystems\Hrot.IG.Tests\GeoSpatialTranslatorTests.cs(152,17,152,36): error CS0246: The type or namespace name 'GhostCreationSystem' could not be found (are you missing a using directive or an assembly reference?)
97>D:\Work\IOS-IG-SimHost-FDP-2\Hrot\Subsystems\Hrot.IG.Tests\Gizmos\FullCapturingDrawBuilder.cs(25,37,25,52): error CS0103: The name 'CoordinateSpace' does not exist in the current context
97>D:\Work\IOS-IG-SimHost-FDP-2\Hrot\Subsystems\Hrot.IG.Tests\SpawningModuleIntegrationTests.cs(47,14,47,30): error CS0246: The type or namespace name 'EntityRepository' could not be found (are you missing a using directive or an assembly reference?)
97>D:\Work\IOS-IG-SimHost-FDP-2\Hrot\Subsystems\Hrot.IG.Tests\SpawningModuleIntegrationTests.cs(47,37,47,58): error CS0246: The type or namespace name 'NetworkSpawningSystem' could not be found (are you missing a using directive or an assembly reference?)
97>D:\Work\IOS-IG-SimHost-FDP-2\Hrot\Subsystems\Hrot.IG.Tests\SpawningModuleIntegrationTests.cs(47,67,47,83): error CS0246: The type or namespace name 'NetworkEntityMap' could not be found (are you missing a using directive or an assembly reference?)
97>D:\Work\IOS-IG-SimHost-FDP-2\Hrot\Subsystems\Hrot.IG.Tests\ToolInteractionIntegrationTests.cs(66,39,66,55): error CS0246: The type or namespace name 'EntityRepository' could not be found (are you missing a using directive or an assembly reference?)
97>D:\Work\IOS-IG-SimHost-FDP-2\Hrot\Subsystems\Hrot.IG.Tests\ToolInteractionIntegrationTests.cs(66,20,66,26): error CS0246: The type or namespace name 'Entity' could not be found (are you missing a using directive or an assembly reference?)
97>D:\Work\IOS-IG-SimHost-FDP-2\Hrot\Subsystems\Hrot.IG.Tests\LayerRenderingIntegrationTests.cs(47,40,47,57): error CS0103: The name 'IgCameraConstants' does not exist in the current context
97>D:\Work\IOS-IG-SimHost-FDP-2\Hrot\Subsystems\Hrot.IG.Tests\MapCameraTests.cs(215,34,215,43): error CS0246: The type or namespace name 'MapCamera' could not be found (are you missing a using directive or an assembly reference?)
97>D:\Work\IOS-IG-SimHost-FDP-2\Hrot\Subsystems\Hrot.IG.Tests\Gizmos\FullCapturingDrawBuilder.cs(29,55,29,63): error CS0103: The name 'SizeMode' does not exist in the current context
97>D:\Work\IOS-IG-SimHost-FDP-2\Hrot\Subsystems\Hrot.IG.Tests\Gizmos\HealthBarGizmoTests.cs(27,45,27,59): error CS0103: The name 'PipelineTarget' does not exist in the current context
97>D:\Work\IOS-IG-SimHost-FDP-2\Hrot\Subsystems\Hrot.IG.Tests\MapEventTranslatorTests.cs(32,20,32,36): error CS0246: The type or namespace name 'EntityRepository' could not be found (are you missing a using directive or an assembly reference?)
97>D:\Work\IOS-IG-SimHost-FDP-2\Hrot\Subsystems\Hrot.IG.Tests\Gizmos\FullCapturingDrawBuilder.cs(30,37,30,51): error CS0103: The name 'PipelineTarget' does not exist in the current context
97>D:\Work\IOS-IG-SimHost-FDP-2\Hrot\Subsystems\Hrot.IG.Tests\Gizmos\HealthBarGizmoTests.cs(34,33,34,41): error CS0103: The name 'SizeMode' does not exist in the current context
97>D:\Work\IOS-IG-SimHost-FDP-2\Hrot\Subsystems\Hrot.IG.Tests\ToolInteractionIntegrationTests.cs(40,50,40,63): error CS0246: The type or namespace name 'IDdsWriter<>' could not be found (are you missing a using directive or an assembly reference?)
97>D:\Work\IOS-IG-SimHost-FDP-2\Hrot\Subsystems\Hrot.IG.Tests\Gizmos\FullCapturingDrawBuilder.cs(30,91,30,100): error CS0103: The name 'LineStyle' does not exist in the current context
97>D:\Work\IOS-IG-SimHost-FDP-2\Hrot\Subsystems\Hrot.IG.Tests\TraceLoggingTests.cs(95,38,95,54): error CS0246: The type or namespace name 'EntityRepository' could not be found (are you missing a using directive or an assembly reference?)
97>D:\Work\IOS-IG-SimHost-FDP-2\Hrot\Subsystems\Hrot.IG.Tests\TraceLoggingTests.cs(95,82,95,88): error CS0246: The type or namespace name 'Entity' could not be found (are you missing a using directive or an assembly reference?)
97>D:\Work\IOS-IG-SimHost-FDP-2\Hrot\Subsystems\Hrot.IG.Tests\GeoSpatialTranslatorTests.cs(157,42,157,50): error CS0246: The type or namespace name 'WorldPos' could not be found (are you missing a using directive or an assembly reference?)
97>D:\Work\IOS-IG-SimHost-FDP-2\Hrot\Subsystems\Hrot.IG.Tests\GeoSpatialTranslatorTests.cs(157,57,157,77): error CS0246: The type or namespace name 'IEntityCommandBuffer' could not be found (are you missing a using directive or an assembly reference?)
97>D:\Work\IOS-IG-SimHost-FDP-2\Hrot\Subsystems\Hrot.IG.Tests\GeoSpatialTranslatorTests.cs(157,83,157,98): error CS0246: The type or namespace name 'ISimulationView' could not be found (are you missing a using directive or an assembly reference?)
97>D:\Work\IOS-IG-SimHost-FDP-2\Hrot\Subsystems\Hrot.IG.Tests\TransformSyncSystemRegistrationTests.cs(27,20,27,36): error CS0246: The type or namespace name 'EntityRepository' could not be found (are you missing a using directive or an assembly reference?)
97>D:\Work\IOS-IG-SimHost-FDP-2\Hrot\Subsystems\Hrot.IG.Tests\Gizmos\FullCapturingDrawBuilder.cs(34,55,34,63): error CS0103: The name 'SizeMode' does not exist in the current context
97>D:\Work\IOS-IG-SimHost-FDP-2\Hrot\Subsystems\Hrot.IG.Tests\GeoSpatialTranslatorTests.cs(163,49,163,69): error CS0246: The type or namespace name 'IGeographicTransform' could not be found (are you missing a using directive or an assembly reference?)
97>D:\Work\IOS-IG-SimHost-FDP-2\Hrot\Subsystems\Hrot.IG.Tests\TransformSyncSystemRegistrationTests.cs(36,42,36,58): error CS0246: The type or namespace name 'EntityRepository' could not be found (are you missing a using directive or an assembly reference?)
97>D:\Work\IOS-IG-SimHost-FDP-2\Hrot\Subsystems\Hrot.IG.Tests\Gizmos\FullCapturingDrawBuilder.cs(35,37,35,51): error CS0103: The name 'PipelineTarget' does not exist in the current context
97>D:\Work\IOS-IG-SimHost-FDP-2\Hrot\Subsystems\Hrot.IG.Tests\Gizmos\HealthBarGizmoTests.cs(34,80,34,94): error CS0103: The name 'PipelineTarget' does not exist in the current context
97>D:\Work\IOS-IG-SimHost-FDP-2\Hrot\Subsystems\Hrot.IG.Tests\Gizmos\FullCapturingDrawBuilder.cs(36,59,36,68): error CS0103: The name 'LineStyle' does not exist in the current context
97>D:\Work\IOS-IG-SimHost-FDP-2\Hrot\Subsystems\Hrot.IG.Tests\Gizmos\FullCapturingDrawBuilder.cs(40,45,40,59): error CS0103: The name 'PipelineTarget' does not exist in the current context
97>D:\Work\IOS-IG-SimHost-FDP-2\Hrot\Subsystems\Hrot.IG.Tests\WeaponFireIngressTranslatorTests.cs(35,17,35,44): error CS0246: The type or namespace name 'WeaponFireIngressTranslator' could not be found (are you missing a using directive or an assembly reference?)
97>D:\Work\IOS-IG-SimHost-FDP-2\Hrot\Subsystems\Hrot.IG.Tests\GeoSpatialTranslatorTests.cs(177,55,177,75): error CS0246: The type or namespace name 'IEntityCommandBuffer' could not be found (are you missing a using directive or an assembly reference?)
97>D:\Work\IOS-IG-SimHost-FDP-2\Hrot\Subsystems\Hrot.IG.Tests\SpawningModuleIntegrationTests.cs(75,36,75,52): error CS0246: The type or namespace name 'EntityRepository' could not be found (are you missing a using directive or an assembly reference?)
97>D:\Work\IOS-IG-SimHost-FDP-2\Hrot\Subsystems\Hrot.IG.Tests\SpawningModuleIntegrationTests.cs(75,59,75,80): error CS0246: The type or namespace name 'NetworkSpawningSystem' could not be found (are you missing a using directive or an assembly reference?)
97>D:\Work\IOS-IG-SimHost-FDP-2\Hrot\Subsystems\Hrot.IG.Tests\Gizmos\HealthBarGizmoTests.cs(34,134,34,143): error CS0103: The name 'LineStyle' does not exist in the current context
97>D:\Work\IOS-IG-SimHost-FDP-2\Hrot\Subsystems\Hrot.IG.Tests\Gizmos\FullCapturingDrawBuilder.cs(45,55,45,63): error CS0103: The name 'SizeMode' does not exist in the current context
97>D:\Work\IOS-IG-SimHost-FDP-2\Hrot\Subsystems\Hrot.IG.Tests\Gizmos\FullCapturingDrawBuilder.cs(46,37,46,51): error CS0103: The name 'PipelineTarget' does not exist in the current context
97>D:\Work\IOS-IG-SimHost-FDP-2\Hrot\Subsystems\Hrot.IG.Tests\Gizmos\HealthBarGizmoTests.cs(36,55,36,63): error CS0103: The name 'SizeMode' does not exist in the current context
97>D:\Work\IOS-IG-SimHost-FDP-2\Hrot\Subsystems\Hrot.IG.Tests\SpawningModuleIntegrationTests.cs(36,44,36,63): error CS0246: The type or namespace name 'INetworkIdAllocator' could not be found (are you missing a using directive or an assembly reference?)
97>D:\Work\IOS-IG-SimHost-FDP-2\Hrot\Subsystems\Hrot.IG.Tests\Gizmos\FullCapturingDrawBuilder.cs(46,91,46,100): error CS0103: The name 'LineStyle' does not exist in the current context
97>D:\Work\IOS-IG-SimHost-FDP-2\Hrot\Subsystems\Hrot.IG.Tests\MapCullingSystemTests.cs(45,22,45,39): error CS0103: The name 'IgCameraConstants' does not exist in the current context
97>D:\Work\IOS-IG-SimHost-FDP-2\Hrot\Subsystems\Hrot.IG.Tests\TraceLoggingTests.cs(27,22,27,35): error CS0246: The type or namespace name 'IgApplication' could not be found (are you missing a using directive or an assembly reference?)
97>D:\Work\IOS-IG-SimHost-FDP-2\Hrot\Subsystems\Hrot.IG.Tests\WeaponFireIngressTranslatorTests.cs(44,13,44,40): error CS0246: The type or namespace name 'WeaponFireIngressTranslator' could not be found (are you missing a using directive or an assembly reference?)
97>D:\Work\IOS-IG-SimHost-FDP-2\Hrot\Subsystems\Hrot.IG.Tests\WeaponFireIngressTranslatorTests.cs(45,16,45,26): error CS0246: The type or namespace name 'WeaponFire' could not be found (are you missing a using directive or an assembly reference?)
97>D:\Work\IOS-IG-SimHost-FDP-2\Hrot\Subsystems\Hrot.IG.Tests\WeaponFireIngressTranslatorTests.cs(43,30,43,52): error CS0246: The type or namespace name 'WeaponFireNotification' could not be found (are you missing a using directive or an assembly reference?)
97>D:\Work\IOS-IG-SimHost-FDP-2\Hrot\Subsystems\Hrot.IG.Tests\Gizmos\HealthBarGizmoTests.cs(36,102,36,116): error CS0103: The name 'PipelineTarget' does not exist in the current context
97>D:\Work\IOS-IG-SimHost-FDP-2\Hrot\Subsystems\Hrot.IG.Tests\GeoSpatialTranslatorTests.cs(182,20,182,36): error CS0246: The type or namespace name 'NetworkTransform' could not be found (are you missing a using directive or an assembly reference?)
97>D:\Work\IOS-IG-SimHost-FDP-2\Hrot\Subsystems\Hrot.IG.Tests\Gizmos\FullCapturingDrawBuilder.cs(49,37,49,52): error CS0103: The name 'CoordinateSpace' does not exist in the current context
97>D:\Work\IOS-IG-SimHost-FDP-2\Hrot\Subsystems\Hrot.IG.Tests\Gizmos\HealthBarGizmoTests.cs(36,156,36,165): error CS0103: The name 'LineStyle' does not exist in the current context
97>D:\Work\IOS-IG-SimHost-FDP-2\Hrot\Subsystems\Hrot.IG.Tests\GeoSpatialTranslatorTests.cs(183,20,183,32): error CS0246: The type or namespace name 'SimTransform' could not be found (are you missing a using directive or an assembly reference?)
97>D:\Work\IOS-IG-SimHost-FDP-2\Hrot\Subsystems\Hrot.IG.Tests\WeaponFireIngressTranslatorTests.cs(20,26,20,42): error CS0246: The type or namespace name 'EntityRepository' could not be found (are you missing a using directive or an assembly reference?)
97>D:\Work\IOS-IG-SimHost-FDP-2\Hrot\Subsystems\Hrot.IG.Tests\Gizmos\HealthBarGizmoTests.cs(38,55,38,63): error CS0103: The name 'SizeMode' does not exist in the current context
97>D:\Work\IOS-IG-SimHost-FDP-2\Hrot\Subsystems\Hrot.IG.Tests\WeaponFireIngressTranslatorTests.cs(21,26,21,42): error CS0246: The type or namespace name 'NetworkEntityMap' could not be found (are you missing a using directive or an assembly reference?)
97>D:\Work\IOS-IG-SimHost-FDP-2\Hrot\Subsystems\Hrot.IG.Tests\GeoSpatialTranslatorTests.cs(185,20,185,26): error CS0246: The type or namespace name 'Entity' could not be found (are you missing a using directive or an assembly reference?)
97>D:\Work\IOS-IG-SimHost-FDP-2\Hrot\Subsystems\Hrot.IG.Tests\Gizmos\HealthBarGizmoTests.cs(39,37,39,51): error CS0103: The name 'PipelineTarget' does not exist in the current context
97>D:\Work\IOS-IG-SimHost-FDP-2\Hrot\Subsystems\Hrot.IG.Tests\GeoSpatialTranslatorTests.cs(186,39,186,45): error CS0246: The type or namespace name 'Entity' could not be found (are you missing a using directive or an assembly reference?)
97>D:\Work\IOS-IG-SimHost-FDP-2\Hrot\Subsystems\Hrot.IG.Tests\Gizmos\HealthBarGizmoTests.cs(40,59,40,68): error CS0103: The name 'LineStyle' does not exist in the current context
97>D:\Work\IOS-IG-SimHost-FDP-2\Hrot\Subsystems\Hrot.IG.Tests\Gizmos\HealthBarGizmoTests.cs(43,37,43,52): error CS0103: The name 'CoordinateSpace' does not exist in the current context
97>D:\Work\IOS-IG-SimHost-FDP-2\Hrot\Subsystems\Hrot.IG.Tests\GeoSpatialTranslatorTests.cs(187,41,187,47): error CS0246: The type or namespace name 'Entity' could not be found (are you missing a using directive or an assembly reference?)
97>D:\Work\IOS-IG-SimHost-FDP-2\Hrot\Subsystems\Hrot.IG.Tests\Gizmos\HealthBarGizmoTests.cs(45,37,45,52): error CS0103: The name 'CoordinateSpace' does not exist in the current context
97>D:\Work\IOS-IG-SimHost-FDP-2\Hrot\Subsystems\Hrot.IG.Tests\GeoSpatialTranslatorTests.cs(192,46,192,52): error CS0246: The type or namespace name 'Entity' could not be found (are you missing a using directive or an assembly reference?)
97>D:\Work\IOS-IG-SimHost-FDP-2\Hrot\Subsystems\Hrot.IG.Tests\StyleResolutionSystemTests.cs(34,20,34,36): error CS0246: The type or namespace name 'EntityRepository' could not be found (are you missing a using directive or an assembly reference?)
97>D:\Work\IOS-IG-SimHost-FDP-2\Hrot\Subsystems\Hrot.IG.Tests\WaypointEditorPanelTests.cs(54,20,54,39): error CS0246: The type or namespace name 'WaypointEditorPanel' could not be found (are you missing a using directive or an assembly reference?)
97>D:\Work\IOS-IG-SimHost-FDP-2\Hrot\Subsystems\Hrot.IG.Tests\GeoSpatialTranslatorTests.cs(193,41,193,47): error CS0246: The type or namespace name 'Entity' could not be found (are you missing a using directive or an assembly reference?)
97>D:\Work\IOS-IG-SimHost-FDP-2\Hrot\Subsystems\Hrot.IG.Tests\GeoSpatialTranslatorTests.cs(206,44,206,50): error CS0246: The type or namespace name 'Entity' could not be found (are you missing a using directive or an assembly reference?)
97>D:\Work\IOS-IG-SimHost-FDP-2\Hrot\Subsystems\Hrot.IG.Tests\HistoryRecordingSystemTests.cs(37,20,37,36): error CS0246: The type or namespace name 'EntityRepository' could not be found (are you missing a using directive or an assembly reference?)
97>D:\Work\IOS-IG-SimHost-FDP-2\Hrot\Subsystems\Hrot.IG.Tests\TransformSyncSystemAltitudeTests.cs(18,20,18,36): error CS0246: The type or namespace name 'EntityRepository' could not be found (are you missing a using directive or an assembly reference?)
97>D:\Work\IOS-IG-SimHost-FDP-2\Hrot\Subsystems\Hrot.IG.Tests\WaypointEditorPanelTests.cs(57,20,57,29): error CS0246: The type or namespace name 'RoutePlan' could not be found (are you missing a using directive or an assembly reference?)
97>D:\Work\IOS-IG-SimHost-FDP-2\Hrot\Subsystems\Hrot.IG.Tests\GeoSpatialTranslatorTests.cs(207,48,207,54): error CS0246: The type or namespace name 'Entity' could not be found (are you missing a using directive or an assembly reference?)
97>D:\Work\IOS-IG-SimHost-FDP-2\Hrot\Subsystems\Hrot.IG.Tests\StyleResolutionSystemTests.cs(54,44,54,60): error CS0246: The type or namespace name 'EntityRepository' could not be found (are you missing a using directive or an assembly reference?)
97>D:\Work\IOS-IG-SimHost-FDP-2\Hrot\Subsystems\Hrot.IG.Tests\StyleResolutionSystemTests.cs(54,20,54,26): error CS0246: The type or namespace name 'Entity' could not be found (are you missing a using directive or an assembly reference?)
97>D:\Work\IOS-IG-SimHost-FDP-2\Hrot\Subsystems\Hrot.IG.Tests\HistoryRecordingSystemTests.cs(47,40,47,56): error CS0246: The type or namespace name 'EntityRepository' could not be found (are you missing a using directive or an assembly reference?)
97>D:\Work\IOS-IG-SimHost-FDP-2\Hrot\Subsystems\Hrot.IG.Tests\HistoryRecordingSystemTests.cs(47,20,47,26): error CS0246: The type or namespace name 'Entity' could not be found (are you missing a using directive or an assembly reference?)
97>D:\Work\IOS-IG-SimHost-FDP-2\Hrot\Subsystems\Hrot.IG.Tests\TransformSyncSystemAltitudeTests.cs(27,42,27,58): error CS0246: The type or namespace name 'EntityRepository' could not be found (are you missing a using directive or an assembly reference?)
97>D:\Work\IOS-IG-SimHost-FDP-2\Hrot\Subsystems\Hrot.IG.Tests\GeoSpatialTranslatorTests.cs(208,48,208,54): error CS0246: The type or namespace name 'Entity' could not be found (are you missing a using directive or an assembly reference?)
97>D:\Work\IOS-IG-SimHost-FDP-2\Hrot\Subsystems\Hrot.IG.Tests\WaypointEditorPanelTests.cs(73,51,73,60): error CS0246: The type or namespace name 'RoutePlan' could not be found (are you missing a using directive or an assembly reference?)
97>D:\Work\IOS-IG-SimHost-FDP-2\Hrot\Subsystems\Hrot.IG.Tests\GeoSpatialTranslatorTests.cs(209,51,209,57): error CS0246: The type or namespace name 'Entity' could not be found (are you missing a using directive or an assembly reference?)
97>D:\Work\IOS-IG-SimHost-FDP-2\Hrot\Subsystems\Hrot.IG.Tests\HistoryRecordingSystemTests.cs(65,35,65,51): error CS0246: The type or namespace name 'EntityRepository' could not be found (are you missing a using directive or an assembly reference?)
97>D:\Work\IOS-IG-SimHost-FDP-2\Hrot\Subsystems\Hrot.IG.Tests\HistoryRecordingSystemTests.cs(65,58,65,80): error CS0246: The type or namespace name 'HistoryRecordingSystem' could not be found (are you missing a using directive or an assembly reference?)
97>D:\Work\IOS-IG-SimHost-FDP-2\Hrot\Subsystems\Hrot.IG.Tests\StyleResolutionSystemTests.cs(66,35,66,51): error CS0246: The type or namespace name 'EntityRepository' could not be found (are you missing a using directive or an assembly reference?)
97>D:\Work\IOS-IG-SimHost-FDP-2\Hrot\Subsystems\Hrot.IG.Tests\StyleResolutionSystemTests.cs(66,58,66,79): error CS0246: The type or namespace name 'StyleResolutionSystem' could not be found (are you missing a using directive or an assembly reference?)
97>D:\Work\IOS-IG-SimHost-FDP-2\Hrot\Subsystems\Hrot.IG.Tests\WaypointEditorPanelTests.cs(32,43,32,68): error CS0246: The type or namespace name 'IRouteWaypointEditorState' could not be found (are you missing a using directive or an assembly reference?)
97>D:\Work\IOS-IG-SimHost-FDP-2\Hrot\Subsystems\Hrot.IG.Tests\GeoSpatialTranslatorTests.cs(211,48,211,54): error CS0246: The type or namespace name 'Entity' could not be found (are you missing a using directive or an assembly reference?)
97>D:\Work\IOS-IG-SimHost-FDP-2\Hrot\Subsystems\Hrot.IG.Tests\GeoSpatialTranslatorTests.cs(212,48,212,54): error CS0246: The type or namespace name 'Entity' could not be found (are you missing a using directive or an assembly reference?)
97>D:\Work\IOS-IG-SimHost-FDP-2\Hrot\Subsystems\Hrot.IG.Tests\HistoryRecordingSystemTests.cs(48,32,48,53): error CS0103: The name 'HistoryTrailConstants' does not exist in the current context
97>D:\Work\IOS-IG-SimHost-FDP-2\Hrot\Subsystems\Hrot.IG.Tests\WaypointEditorPanelTests.cs(34,26,34,39): error CS0246: The type or namespace name 'RouteWaypoint' could not be found (are you missing a using directive or an assembly reference?)
97>D:\Work\IOS-IG-SimHost-FDP-2\Hrot\Subsystems\Hrot.IG.Tests\GeoSpatialTranslatorTests.cs(213,43,213,49): error CS0246: The type or namespace name 'Entity' could not be found (are you missing a using directive or an assembly reference?)
97>D:\Work\IOS-IG-SimHost-FDP-2\Hrot\Subsystems\Hrot.IG.Tests\GeoSpatialTranslatorTests.cs(213,58,213,73): error CS0246: The type or namespace name 'EntityLifecycle' could not be found (are you missing a using directive or an assembly reference?)
97>D:\Work\IOS-IG-SimHost-FDP-2\Hrot\Subsystems\Hrot.IG.Tests\WaypointEditorPanelTests.cs(38,31,38,40): error CS0246: The type or namespace name 'RoutePlan' could not be found (are you missing a using directive or an assembly reference?)
97>D:\Work\IOS-IG-SimHost-FDP-2\Hrot\Subsystems\Hrot.IG.Tests\WaypointEditorPanelTests.cs(45,20,45,33): error CS0246: The type or namespace name 'RouteWaypoint' could not be found (are you missing a using directive or an assembly reference?)
97>Done building project "Hrot.IG.Tests.csproj" -- FAILED.
98>Running CycloneDDS Code Generator (Hrot.FakeStrideApp)
85>Hrot.Blueprints.Editor -> D:\Work\IOS-IG-SimHost-FDP-2\Hrot\Subsystems\Blueprints\Hrot.Blueprints.Editor\bin\Debug\net8.0\Hrot.Blueprints.Editor.dll
99>------ Rebuild All started: Project: Hrot.Diagnostics.Breakpoints.Tests, Configuration: Debug Any CPU ------
100>------ Rebuild All started: Project: Hrot.Editor.AiShared.Tests, Configuration: Debug Any CPU ------
101>------ Rebuild All started: Project: Hrot.CGF, Configuration: Debug Any CPU ------
98>D:\Work\IOS-IG-SimHost-FDP-2\Hrot\Runner\Hrot.FakeStrideApp\FakeStrideApp.cs(4,7,4,10): error CS0246: The type or namespace name 'Fdp' could not be found (are you missing a using directive or an assembly reference?)
98>D:\Work\IOS-IG-SimHost-FDP-2\Hrot\Runner\Hrot.FakeStrideApp\FakeStrideApp.cs(5,7,5,10): error CS0246: The type or namespace name 'Fdp' could not be found (are you missing a using directive or an assembly reference?)
98>D:\Work\IOS-IG-SimHost-FDP-2\Hrot\Runner\Hrot.FakeStrideApp\FakeStrideApp.cs(6,7,6,10): error CS0246: The type or namespace name 'Fdp' could not be found (are you missing a using directive or an assembly reference?)
98>D:\Work\IOS-IG-SimHost-FDP-2\Hrot\Runner\Hrot.FakeStrideApp\FakeStrideApp.cs(7,7,7,10): error CS0246: The type or namespace name 'Fdp' could not be found (are you missing a using directive or an assembly reference?)
98>D:\Work\IOS-IG-SimHost-FDP-2\Hrot\Runner\Hrot.FakeStrideApp\FakeStrideApp.cs(8,7,8,10): error CS0246: The type or namespace name 'Fdp' could not be found (are you missing a using directive or an assembly reference?)
98>D:\Work\IOS-IG-SimHost-FDP-2\Hrot\Runner\Hrot.FakeStrideApp\FakeStrideApp.cs(9,7,9,10): error CS0246: The type or namespace name 'Fdp' could not be found (are you missing a using directive or an assembly reference?)
98>D:\Work\IOS-IG-SimHost-FDP-2\Hrot\Runner\Hrot.FakeStrideApp\FakeStrideApp.cs(10,12,10,18): error CS0234: The type or namespace name 'Common' does not exist in the namespace 'Hrot' (are you missing an assembly reference?)
98>D:\Work\IOS-IG-SimHost-FDP-2\Hrot\Runner\Hrot.FakeStrideApp\FakeStrideApp.cs(11,12,11,14): error CS0234: The type or namespace name 'IG' does not exist in the namespace 'Hrot' (are you missing an assembly reference?)
98>D:\Work\IOS-IG-SimHost-FDP-2\Hrot\Runner\Hrot.FakeStrideApp\FakeStrideApp.cs(12,12,12,15): error CS0234: The type or namespace name 'Map' does not exist in the namespace 'Hrot' (are you missing an assembly reference?)
98>D:\Work\IOS-IG-SimHost-FDP-2\Hrot\Runner\Hrot.FakeStrideApp\FakeStrideApp.cs(13,12,13,19): error CS0234: The type or namespace name 'Network' does not exist in the namespace 'Hrot' (are you missing an assembly reference?)
98>D:\Work\IOS-IG-SimHost-FDP-2\Hrot\Runner\Hrot.FakeStrideApp\FakeStrideApp.cs(14,12,14,22): error CS0234: The type or namespace name 'StrideMock' does not exist in the namespace 'Hrot' (are you missing an assembly reference?)
98>D:\Work\IOS-IG-SimHost-FDP-2\Hrot\Runner\Hrot.FakeStrideApp\Program.cs(1,7,1,10): error CS0246: The type or namespace name 'Fdp' could not be found (are you missing a using directive or an assembly reference?)
98>D:\Work\IOS-IG-SimHost-FDP-2\Hrot\Runner\Hrot.FakeStrideApp\FakeStrideApp.cs(32,37,32,51): error CS0246: The type or namespace name 'FdpApplication' could not be found (are you missing a using directive or an assembly reference?)
98>D:\Work\IOS-IG-SimHost-FDP-2\Hrot\Runner\Hrot.FakeStrideApp\FakeStrideApp.cs(38,13,38,35): error CS0246: The type or namespace name 'StrideNodeBootstrapper' could not be found (are you missing a using directive or an assembly reference?)
98>D:\Work\IOS-IG-SimHost-FDP-2\Hrot\Runner\Hrot.FakeStrideApp\FakeStrideApp.cs(39,13,39,34): error CS0246: The type or namespace name 'SyncFdpToStrideScript' could not be found (are you missing a using directive or an assembly reference?)
98>D:\Work\IOS-IG-SimHost-FDP-2\Hrot\Runner\Hrot.FakeStrideApp\FakeStrideApp.cs(40,13,40,32): error CS0246: The type or namespace name 'RaylibInputProvider' could not be found (are you missing a using directive or an assembly reference?)
98>D:\Work\IOS-IG-SimHost-FDP-2\Hrot\Runner\Hrot.FakeStrideApp\FakeStrideApp.cs(46,26,46,43): error CS0246: The type or namespace name 'ApplicationConfig' could not be found (are you missing a using directive or an assembly reference?)
98>Done building project "Hrot.FakeStrideApp.csproj" -- FAILED.
102>------ Rebuild All started: Project: Hrot.FakeStrideApp.Tests, Configuration: Debug Any CPU ------
101>D:\Work\IOS-IG-SimHost-FDP-2\Hrot\Subsystems\Hrot.CGF\CgfApplication.cs(4,12,4,18): error CS0234: The type or namespace name 'Common' does not exist in the namespace 'Hrot' (are you missing an assembly reference?)
101>D:\Work\IOS-IG-SimHost-FDP-2\Hrot\Subsystems\Hrot.CGF\CgfApplication.cs(5,12,5,18): error CS0234: The type or namespace name 'Common' does not exist in the namespace 'Hrot' (are you missing an assembly reference?)
101>D:\Work\IOS-IG-SimHost-FDP-2\Hrot\Subsystems\Hrot.CGF\CgfApplication.cs(6,12,6,16): error CS0234: The type or namespace name 'Core' does not exist in the namespace 'Hrot' (are you missing an assembly reference?)
101>D:\Work\IOS-IG-SimHost-FDP-2\Hrot\Subsystems\Hrot.CGF\CgfApplication.cs(7,12,7,15): error CS0234: The type or namespace name 'NED' does not exist in the namespace 'Hrot' (are you missing an assembly reference?)
101>D:\Work\IOS-IG-SimHost-FDP-2\Hrot\Subsystems\Hrot.CGF\CgfApplication.cs(8,12,8,19): error CS0234: The type or namespace name 'SimHost' does not exist in the namespace 'Hrot' (are you missing an assembly reference?)
101>D:\Work\IOS-IG-SimHost-FDP-2\Hrot\Subsystems\Hrot.CGF\CgfApplication.cs(10,7,10,10): error CS0246: The type or namespace name 'Fdp' could not be found (are you missing a using directive or an assembly reference?)
101>D:\Work\IOS-IG-SimHost-FDP-2\Hrot\Subsystems\Hrot.CGF\CgfApplication.cs(11,7,11,10): error CS0246: The type or namespace name 'Fdp' could not be found (are you missing a using directive or an assembly reference?)
101>D:\Work\IOS-IG-SimHost-FDP-2\Hrot\Subsystems\Hrot.CGF\CgfApplication.cs(12,7,12,10): error CS0246: The type or namespace name 'Fdp' could not be found (are you missing a using directive or an assembly reference?)
101>D:\Work\IOS-IG-SimHost-FDP-2\Hrot\Subsystems\Hrot.CGF\CgfApplication.cs(13,7,13,10): error CS0246: The type or namespace name 'Fdp' could not be found (are you missing a using directive or an assembly reference?)
101>D:\Work\IOS-IG-SimHost-FDP-2\Hrot\Subsystems\Hrot.CGF\CgfApplication.cs(14,7,14,10): error CS0246: The type or namespace name 'Fdp' could not be found (are you missing a using directive or an assembly reference?)
101>D:\Work\IOS-IG-SimHost-FDP-2\Hrot\Subsystems\Hrot.CGF\CgfApplication.cs(15,12,15,18): error CS0234: The type or namespace name 'Common' does not exist in the namespace 'Hrot' (are you missing an assembly reference?)
101>D:\Work\IOS-IG-SimHost-FDP-2\Hrot\Subsystems\Hrot.CGF\CgfApplication.cs(16,7,16,10): error CS0246: The type or namespace name 'Fdp' could not be found (are you missing a using directive or an assembly reference?)
101>D:\Work\IOS-IG-SimHost-FDP-2\Hrot\Subsystems\Hrot.CGF\CgfApplication.cs(17,7,17,10): error CS0246: The type or namespace name 'Fdp' could not be found (are you missing a using directive or an assembly reference?)
101>D:\Work\IOS-IG-SimHost-FDP-2\Hrot\Subsystems\Hrot.CGF\CgfApplication.cs(18,7,18,10): error CS0246: The type or namespace name 'Fdp' could not be found (are you missing a using directive or an assembly reference?)
101>D:\Work\IOS-IG-SimHost-FDP-2\Hrot\Subsystems\Hrot.CGF\CgfApplication.cs(19,7,19,10): error CS0246: The type or namespace name 'Fdp' could not be found (are you missing a using directive or an assembly reference?)
101>D:\Work\IOS-IG-SimHost-FDP-2\Hrot\Subsystems\Hrot.CGF\CgfApplication.cs(20,7,20,10): error CS0246: The type or namespace name 'Fdp' could not be found (are you missing a using directive or an assembly reference?)
101>D:\Work\IOS-IG-SimHost-FDP-2\Hrot\Subsystems\Hrot.CGF\CgfApplication.cs(21,7,21,10): error CS0246: The type or namespace name 'Fdp' could not be found (are you missing a using directive or an assembly reference?)
101>D:\Work\IOS-IG-SimHost-FDP-2\Hrot\Subsystems\Hrot.CGF\CgfApplication.cs(22,12,22,15): error CS0234: The type or namespace name 'Map' does not exist in the namespace 'Hrot' (are you missing an assembly reference?)
101>D:\Work\IOS-IG-SimHost-FDP-2\Hrot\Subsystems\Hrot.CGF\CgfApplication.cs(23,7,23,10): error CS0246: The type or namespace name 'Fdp' could not be found (are you missing a using directive or an assembly reference?)
101>D:\Work\IOS-IG-SimHost-FDP-2\Hrot\Subsystems\Hrot.CGF\CgfComponentRegistry.cs(1,7,1,10): error CS0246: The type or namespace name 'Fdp' could not be found (are you missing a using directive or an assembly reference?)
101>D:\Work\IOS-IG-SimHost-FDP-2\Hrot\Subsystems\Hrot.CGF\CgfComponentRegistry.cs(2,7,2,10): error CS0246: The type or namespace name 'Fdp' could not be found (are you missing a using directive or an assembly reference?)
101>D:\Work\IOS-IG-SimHost-FDP-2\Hrot\Subsystems\Hrot.CGF\CgfComponentRegistry.cs(3,7,3,10): error CS0246: The type or namespace name 'Fdp' could not be found (are you missing a using directive or an assembly reference?)
101>D:\Work\IOS-IG-SimHost-FDP-2\Hrot\Subsystems\Hrot.CGF\CgfComponentRegistry.cs(4,7,4,10): error CS0246: The type or namespace name 'Fdp' could not be found (are you missing a using directive or an assembly reference?)
101>D:\Work\IOS-IG-SimHost-FDP-2\Hrot\Subsystems\Hrot.CGF\CgfComponentRegistry.cs(5,7,5,10): error CS0246: The type or namespace name 'Fdp' could not be found (are you missing a using directive or an assembly reference?)
101>D:\Work\IOS-IG-SimHost-FDP-2\Hrot\Subsystems\Hrot.CGF\CgfComponentRegistry.cs(6,12,6,15): error CS0234: The type or namespace name 'Map' does not exist in the namespace 'Hrot' (are you missing an assembly reference?)
101>D:\Work\IOS-IG-SimHost-FDP-2\Hrot\Subsystems\Hrot.CGF\CgfComponentRegistry.cs(7,12,7,19): error CS0234: The type or namespace name 'SimHost' does not exist in the namespace 'Hrot' (are you missing an assembly reference?)
101>D:\Work\IOS-IG-SimHost-FDP-2\Hrot\Subsystems\Hrot.CGF\CgfLogicPack.cs(3,7,3,15): error CS0246: The type or namespace name 'CarKinem' could not be found (are you missing a using directive or an assembly reference?)
101>D:\Work\IOS-IG-SimHost-FDP-2\Hrot\Subsystems\Hrot.CGF\CgfLogicPack.cs(4,7,4,15): error CS0246: The type or namespace name 'CarKinem' could not be found (are you missing a using directive or an assembly reference?)
101>D:\Work\IOS-IG-SimHost-FDP-2\Hrot\Subsystems\Hrot.CGF\CgfLogicPack.cs(5,7,5,10): error CS0246: The type or namespace name 'Fdp' could not be found (are you missing a using directive or an assembly reference?)
101>D:\Work\IOS-IG-SimHost-FDP-2\Hrot\Subsystems\Hrot.CGF\CgfLogicPack.cs(6,7,6,10): error CS0246: The type or namespace name 'Fdp' could not be found (are you missing a using directive or an assembly reference?)
101>D:\Work\IOS-IG-SimHost-FDP-2\Hrot\Subsystems\Hrot.CGF\CgfLogicPack.cs(7,7,7,10): error CS0246: The type or namespace name 'Fdp' could not be found (are you missing a using directive or an assembly reference?)
101>D:\Work\IOS-IG-SimHost-FDP-2\Hrot\Subsystems\Hrot.CGF\CgfLogicPack.cs(8,7,8,10): error CS0246: The type or namespace name 'Fdp' could not be found (are you missing a using directive or an assembly reference?)
101>D:\Work\IOS-IG-SimHost-FDP-2\Hrot\Subsystems\Hrot.CGF\CgfLogicPack.cs(9,7,9,10): error CS0246: The type or namespace name 'Fdp' could not be found (are you missing a using directive or an assembly reference?)
101>D:\Work\IOS-IG-SimHost-FDP-2\Hrot\Subsystems\Hrot.CGF\CgfLogicPack.cs(10,7,10,10): error CS0246: The type or namespace name 'Fdp' could not be found (are you missing a using directive or an assembly reference?)
101>D:\Work\IOS-IG-SimHost-FDP-2\Hrot\Subsystems\Hrot.CGF\CgfLogicPack.cs(11,7,11,10): error CS0246: The type or namespace name 'Fdp' could not be found (are you missing a using directive or an assembly reference?)
101>D:\Work\IOS-IG-SimHost-FDP-2\Hrot\Subsystems\Hrot.CGF\CgfLogicPack.cs(12,7,12,10): error CS0246: The type or namespace name 'Fdp' could not be found (are you missing a using directive or an assembly reference?)
101>D:\Work\IOS-IG-SimHost-FDP-2\Hrot\Subsystems\Hrot.CGF\CgfLogicPack.cs(13,7,13,10): error CS0246: The type or namespace name 'Fdp' could not be found (are you missing a using directive or an assembly reference?)
101>D:\Work\IOS-IG-SimHost-FDP-2\Hrot\Subsystems\Hrot.CGF\CgfLogicPack.cs(14,7,14,10): error CS0246: The type or namespace name 'Fdp' could not be found (are you missing a using directive or an assembly reference?)
101>D:\Work\IOS-IG-SimHost-FDP-2\Hrot\Subsystems\Hrot.CGF\CgfLogicPack.cs(15,7,15,10): error CS0246: The type or namespace name 'Fdp' could not be found (are you missing a using directive or an assembly reference?)
101>D:\Work\IOS-IG-SimHost-FDP-2\Hrot\Subsystems\Hrot.CGF\CgfLogicPack.cs(16,7,16,10): error CS0246: The type or namespace name 'Fdp' could not be found (are you missing a using directive or an assembly reference?)
101>D:\Work\IOS-IG-SimHost-FDP-2\Hrot\Subsystems\Hrot.CGF\CgfLogicPack.cs(19,12,19,18): error CS0234: The type or namespace name 'Common' does not exist in the namespace 'Hrot' (are you missing an assembly reference?)
101>D:\Work\IOS-IG-SimHost-FDP-2\Hrot\Subsystems\Hrot.CGF\CgfLogicPack.cs(20,12,20,16): error CS0234: The type or namespace name 'Core' does not exist in the namespace 'Hrot' (are you missing an assembly reference?)
101>D:\Work\IOS-IG-SimHost-FDP-2\Hrot\Subsystems\Hrot.CGF\CgfLogicPack.cs(21,12,21,19): error CS0234: The type or namespace name 'SimHost' does not exist in the namespace 'Hrot' (are you missing an assembly reference?)
101>D:\Work\IOS-IG-SimHost-FDP-2\Hrot\Subsystems\Hrot.CGF\CgfLogicPack.cs(22,7,22,10): error CS0246: The type or namespace name 'Fdp' could not be found (are you missing a using directive or an assembly reference?)
101>D:\Work\IOS-IG-SimHost-FDP-2\Hrot\Subsystems\Hrot.CGF\CgfLogicPack.cs(23,7,23,10): error CS0246: The type or namespace name 'Fdp' could not be found (are you missing a using directive or an assembly reference?)
101>D:\Work\IOS-IG-SimHost-FDP-2\Hrot\Subsystems\Hrot.CGF\CgfSubsystem.cs(62,33,62,36): error CS0246: The type or namespace name 'Fdp' could not be found (are you missing a using directive or an assembly reference?)
101>D:\Work\IOS-IG-SimHost-FDP-2\Hrot\Subsystems\Hrot.CGF\CgfSubsystem.cs(64,33,64,36): error CS0246: The type or namespace name 'Fdp' could not be found (are you missing a using directive or an assembly reference?)
101>D:\Work\IOS-IG-SimHost-FDP-2\Hrot\Subsystems\Hrot.CGF\CgfSubsystem.cs(63,33,63,36): error CS0246: The type or namespace name 'Fdp' could not be found (are you missing a using directive or an assembly reference?)
101>D:\Work\IOS-IG-SimHost-FDP-2\Hrot\Subsystems\Hrot.CGF\CgfSubsystem.cs(61,33,61,36): error CS0246: The type or namespace name 'Fdp' could not be found (are you missing a using directive or an assembly reference?)
101>D:\Work\IOS-IG-SimHost-FDP-2\Hrot\Subsystems\Hrot.CGF\CgfSubsystem.cs(3,7,3,10): error CS0246: The type or namespace name 'Fdp' could not be found (are you missing a using directive or an assembly reference?)
101>D:\Work\IOS-IG-SimHost-FDP-2\Hrot\Subsystems\Hrot.CGF\CgfSubsystem.cs(4,7,4,10): error CS0246: The type or namespace name 'Fdp' could not be found (are you missing a using directive or an assembly reference?)
101>D:\Work\IOS-IG-SimHost-FDP-2\Hrot\Subsystems\Hrot.CGF\CgfSubsystem.cs(5,7,5,10): error CS0246: The type or namespace name 'Fdp' could not be found (are you missing a using directive or an assembly reference?)
101>D:\Work\IOS-IG-SimHost-FDP-2\Hrot\Subsystems\Hrot.CGF\CgfSubsystem.cs(6,7,6,10): error CS0246: The type or namespace name 'Fdp' could not be found (are you missing a using directive or an assembly reference?)
101>D:\Work\IOS-IG-SimHost-FDP-2\Hrot\Subsystems\Hrot.CGF\CgfSubsystem.cs(7,7,7,10): error CS0246: The type or namespace name 'Fdp' could not be found (are you missing a using directive or an assembly reference?)
101>D:\Work\IOS-IG-SimHost-FDP-2\Hrot\Subsystems\Hrot.CGF\CgfSubsystem.cs(8,7,8,10): error CS0246: The type or namespace name 'Fdp' could not be found (are you missing a using directive or an assembly reference?)
101>D:\Work\IOS-IG-SimHost-FDP-2\Hrot\Subsystems\Hrot.CGF\CgfSubsystem.cs(9,7,9,10): error CS0246: The type or namespace name 'Fdp' could not be found (are you missing a using directive or an assembly reference?)
101>D:\Work\IOS-IG-SimHost-FDP-2\Hrot\Subsystems\Hrot.CGF\CgfSubsystem.cs(10,7,10,10): error CS0246: The type or namespace name 'Fdp' could not be found (are you missing a using directive or an assembly reference?)
101>D:\Work\IOS-IG-SimHost-FDP-2\Hrot\Subsystems\Hrot.CGF\CgfSubsystem.cs(11,7,11,10): error CS0246: The type or namespace name 'Fdp' could not be found (are you missing a using directive or an assembly reference?)
101>D:\Work\IOS-IG-SimHost-FDP-2\Hrot\Subsystems\Hrot.CGF\CgfSubsystem.cs(12,7,12,10): error CS0246: The type or namespace name 'Fdp' could not be found (are you missing a using directive or an assembly reference?)
101>D:\Work\IOS-IG-SimHost-FDP-2\Hrot\Subsystems\Hrot.CGF\CgfSubsystem.cs(13,7,13,10): error CS0246: The type or namespace name 'Fdp' could not be found (are you missing a using directive or an assembly reference?)
101>D:\Work\IOS-IG-SimHost-FDP-2\Hrot\Subsystems\Hrot.CGF\CgfSubsystem.cs(14,7,14,10): error CS0246: The type or namespace name 'Fdp' could not be found (are you missing a using directive or an assembly reference?)
101>D:\Work\IOS-IG-SimHost-FDP-2\Hrot\Subsystems\Hrot.CGF\CgfSubsystem.cs(15,7,15,10): error CS0246: The type or namespace name 'Fdp' could not be found (are you missing a using directive or an assembly reference?)
101>D:\Work\IOS-IG-SimHost-FDP-2\Hrot\Subsystems\Hrot.CGF\CgfSubsystem.cs(16,7,16,10): error CS0246: The type or namespace name 'Fdp' could not be found (are you missing a using directive or an assembly reference?)
101>D:\Work\IOS-IG-SimHost-FDP-2\Hrot\Subsystems\Hrot.CGF\CgfSubsystem.cs(17,7,17,10): error CS0246: The type or namespace name 'Fdp' could not be found (are you missing a using directive or an assembly reference?)
101>D:\Work\IOS-IG-SimHost-FDP-2\Hrot\Subsystems\Hrot.CGF\CgfSubsystem.cs(18,7,18,10): error CS0246: The type or namespace name 'Fdp' could not be found (are you missing a using directive or an assembly reference?)
101>D:\Work\IOS-IG-SimHost-FDP-2\Hrot\Subsystems\Hrot.CGF\CgfSubsystem.cs(19,7,19,10): error CS0246: The type or namespace name 'Fdp' could not be found (are you missing a using directive or an assembly reference?)
101>D:\Work\IOS-IG-SimHost-FDP-2\Hrot\Subsystems\Hrot.CGF\CgfSubsystem.cs(20,7,20,10): error CS0246: The type or namespace name 'Fdp' could not be found (are you missing a using directive or an assembly reference?)
101>D:\Work\IOS-IG-SimHost-FDP-2\Hrot\Subsystems\Hrot.CGF\CgfSubsystem.cs(21,7,21,10): error CS0246: The type or namespace name 'Fdp' could not be found (are you missing a using directive or an assembly reference?)
101>D:\Work\IOS-IG-SimHost-FDP-2\Hrot\Subsystems\Hrot.CGF\CgfSubsystem.cs(22,7,22,10): error CS0246: The type or namespace name 'Fdp' could not be found (are you missing a using directive or an assembly reference?)
101>D:\Work\IOS-IG-SimHost-FDP-2\Hrot\Subsystems\Hrot.CGF\CgfSubsystem.cs(23,7,23,10): error CS0246: The type or namespace name 'Fdp' could not be found (are you missing a using directive or an assembly reference?)
101>D:\Work\IOS-IG-SimHost-FDP-2\Hrot\Subsystems\Hrot.CGF\CgfSubsystem.cs(24,7,24,10): error CS0246: The type or namespace name 'Fdp' could not be found (are you missing a using directive or an assembly reference?)
101>D:\Work\IOS-IG-SimHost-FDP-2\Hrot\Subsystems\Hrot.CGF\CgfSubsystem.cs(25,7,25,10): error CS0246: The type or namespace name 'Fdp' could not be found (are you missing a using directive or an assembly reference?)
101>D:\Work\IOS-IG-SimHost-FDP-2\Hrot\Subsystems\Hrot.CGF\CgfSubsystem.cs(27,7,27,10): error CS0246: The type or namespace name 'Fdp' could not be found (are you missing a using directive or an assembly reference?)
101>D:\Work\IOS-IG-SimHost-FDP-2\Hrot\Subsystems\Hrot.CGF\CgfSubsystem.cs(28,7,28,10): error CS0246: The type or namespace name 'Fdp' could not be found (are you missing a using directive or an assembly reference?)
101>D:\Work\IOS-IG-SimHost-FDP-2\Hrot\Subsystems\Hrot.CGF\CgfSubsystem.cs(29,7,29,10): error CS0246: The type or namespace name 'Fdp' could not be found (are you missing a using directive or an assembly reference?)
101>D:\Work\IOS-IG-SimHost-FDP-2\Hrot\Subsystems\Hrot.CGF\CgfSubsystem.cs(30,7,30,10): error CS0246: The type or namespace name 'Fdp' could not be found (are you missing a using directive or an assembly reference?)
101>D:\Work\IOS-IG-SimHost-FDP-2\Hrot\Subsystems\Hrot.CGF\CgfSubsystem.cs(33,12,33,18): error CS0234: The type or namespace name 'Common' does not exist in the namespace 'Hrot' (are you missing an assembly reference?)
101>D:\Work\IOS-IG-SimHost-FDP-2\Hrot\Subsystems\Hrot.CGF\CgfSubsystem.cs(34,12,34,18): error CS0234: The type or namespace name 'Common' does not exist in the namespace 'Hrot' (are you missing an assembly reference?)
101>D:\Work\IOS-IG-SimHost-FDP-2\Hrot\Subsystems\Hrot.CGF\CgfSubsystem.cs(35,12,35,18): error CS0234: The type or namespace name 'Common' does not exist in the namespace 'Hrot' (are you missing an assembly reference?)
101>D:\Work\IOS-IG-SimHost-FDP-2\Hrot\Subsystems\Hrot.CGF\CgfSubsystem.cs(36,12,36,18): error CS0234: The type or namespace name 'Common' does not exist in the namespace 'Hrot' (are you missing an assembly reference?)
101>D:\Work\IOS-IG-SimHost-FDP-2\Hrot\Subsystems\Hrot.CGF\CgfSubsystem.cs(37,12,37,16): error CS0234: The type or namespace name 'Core' does not exist in the namespace 'Hrot' (are you missing an assembly reference?)
101>D:\Work\IOS-IG-SimHost-FDP-2\Hrot\Subsystems\Hrot.CGF\CgfSubsystem.cs(38,12,38,15): error CS0234: The type or namespace name 'Map' does not exist in the namespace 'Hrot' (are you missing an assembly reference?)
101>D:\Work\IOS-IG-SimHost-FDP-2\Hrot\Subsystems\Hrot.CGF\CgfSubsystem.cs(39,7,39,10): error CS0246: The type or namespace name 'Fdp' could not be found (are you missing a using directive or an assembly reference?)
101>D:\Work\IOS-IG-SimHost-FDP-2\Hrot\Subsystems\Hrot.CGF\CgfSubsystem.cs(40,7,40,10): error CS0246: The type or namespace name 'Fdp' could not be found (are you missing a using directive or an assembly reference?)
101>D:\Work\IOS-IG-SimHost-FDP-2\Hrot\Subsystems\Hrot.CGF\CgfSubsystem.cs(41,7,41,10): error CS0246: The type or namespace name 'Fdp' could not be found (are you missing a using directive or an assembly reference?)
101>D:\Work\IOS-IG-SimHost-FDP-2\Hrot\Subsystems\Hrot.CGF\CgfSubsystem.cs(42,7,42,10): error CS0246: The type or namespace name 'Fdp' could not be found (are you missing a using directive or an assembly reference?)
101>D:\Work\IOS-IG-SimHost-FDP-2\Hrot\Subsystems\Hrot.CGF\CgfSubsystem.cs(43,12,43,14): error CS0234: The type or namespace name 'AI' does not exist in the namespace 'Hrot' (are you missing an assembly reference?)
101>D:\Work\IOS-IG-SimHost-FDP-2\Hrot\Subsystems\Hrot.CGF\CgfSubsystem.cs(44,12,44,24): error CS0234: The type or namespace name 'Presentation' does not exist in the namespace 'Hrot' (are you missing an assembly reference?)
101>D:\Work\IOS-IG-SimHost-FDP-2\Hrot\Subsystems\Hrot.CGF\CgfSubsystem.cs(45,12,45,24): error CS0234: The type or namespace name 'Presentation' does not exist in the namespace 'Hrot' (are you missing an assembly reference?)
101>D:\Work\IOS-IG-SimHost-FDP-2\Hrot\Subsystems\Hrot.CGF\CgfSubsystem.cs(46,12,46,24): error CS0234: The type or namespace name 'Presentation' does not exist in the namespace 'Hrot' (are you missing an assembly reference?)
101>D:\Work\IOS-IG-SimHost-FDP-2\Hrot\Subsystems\Hrot.CGF\CgfSubsystem.cs(47,12,47,14): error CS0234: The type or namespace name 'UI' does not exist in the namespace 'Hrot' (are you missing an assembly reference?)
101>D:\Work\IOS-IG-SimHost-FDP-2\Hrot\Subsystems\Hrot.CGF\CgfSubsystem.cs(48,12,48,14): error CS0234: The type or namespace name 'UI' does not exist in the namespace 'Hrot' (are you missing an assembly reference?)
101>D:\Work\IOS-IG-SimHost-FDP-2\Hrot\Subsystems\Hrot.CGF\CgfSubsystem.cs(49,12,49,14): error CS0234: The type or namespace name 'UI' does not exist in the namespace 'Hrot' (are you missing an assembly reference?)
101>D:\Work\IOS-IG-SimHost-FDP-2\Hrot\Subsystems\Hrot.CGF\CgfSubsystem.cs(50,12,50,14): error CS0234: The type or namespace name 'UI' does not exist in the namespace 'Hrot' (are you missing an assembly reference?)
101>D:\Work\IOS-IG-SimHost-FDP-2\Hrot\Subsystems\Hrot.CGF\CgfSubsystem.cs(51,12,51,19): error CS0234: The type or namespace name 'SimHost' does not exist in the namespace 'Hrot' (are you missing an assembly reference?)
101>D:\Work\IOS-IG-SimHost-FDP-2\Hrot\Subsystems\Hrot.CGF\CgfSubsystem.cs(52,12,52,23): error CS0234: The type or namespace name 'Diagnostics' does not exist in the namespace 'Hrot' (are you missing an assembly reference?)
101>D:\Work\IOS-IG-SimHost-FDP-2\Hrot\Subsystems\Hrot.CGF\CgfSubsystem.cs(53,12,53,22): error CS0234: The type or namespace name 'Blueprints' does not exist in the namespace 'Hrot' (are you missing an assembly reference?)
101>D:\Work\IOS-IG-SimHost-FDP-2\Hrot\Subsystems\Hrot.CGF\CgfSubsystem.cs(54,7,54,17): error CS0246: The type or namespace name 'StructEdit' could not be found (are you missing a using directive or an assembly reference?)
101>D:\Work\IOS-IG-SimHost-FDP-2\Hrot\Subsystems\Hrot.CGF\CgfSubsystem.cs(55,7,55,10): error CS0246: The type or namespace name 'Fdp' could not be found (are you missing a using directive or an assembly reference?)
101>D:\Work\IOS-IG-SimHost-FDP-2\Hrot\Subsystems\Hrot.CGF\Components\MissionAdapterState.cs(1,7,1,10): error CS0246: The type or namespace name 'Fdp' could not be found (are you missing a using directive or an assembly reference?)
101>D:\Work\IOS-IG-SimHost-FDP-2\Hrot\Subsystems\Hrot.CGF\Configuration\CgfBehaviorSetup.cs(5,7,5,10): error CS0246: The type or namespace name 'Fdp' could not be found (are you missing a using directive or an assembly reference?)
101>D:\Work\IOS-IG-SimHost-FDP-2\Hrot\Subsystems\Hrot.CGF\Configuration\CgfBehaviorSetup.cs(6,7,6,10): error CS0246: The type or namespace name 'Fdp' could not be found (are you missing a using directive or an assembly reference?)
101>D:\Work\IOS-IG-SimHost-FDP-2\Hrot\Subsystems\Hrot.CGF\Configuration\CgfBehaviorSetup.cs(7,7,7,10): error CS0246: The type or namespace name 'Fdp' could not be found (are you missing a using directive or an assembly reference?)
101>D:\Work\IOS-IG-SimHost-FDP-2\Hrot\Subsystems\Hrot.CGF\Configuration\CgfBehaviorSetup.cs(8,12,8,15): error CS0234: The type or namespace name 'Map' does not exist in the namespace 'Hrot' (are you missing an assembly reference?)
101>D:\Work\IOS-IG-SimHost-FDP-2\Hrot\Subsystems\Hrot.CGF\Configuration\CgfBehaviorSetup.cs(9,12,9,24): error CS0234: The type or namespace name 'Presentation' does not exist in the namespace 'Hrot' (are you missing an assembly reference?)
101>D:\Work\IOS-IG-SimHost-FDP-2\Hrot\Subsystems\Hrot.CGF\Gizmos\CgfEntityPresentationGizmo.cs(3,7,3,15): error CS0246: The type or namespace name 'CarKinem' could not be found (are you missing a using directive or an assembly reference?)
101>D:\Work\IOS-IG-SimHost-FDP-2\Hrot\Subsystems\Hrot.CGF\Gizmos\CgfEntityPresentationGizmo.cs(4,7,4,10): error CS0246: The type or namespace name 'Fdp' could not be found (are you missing a using directive or an assembly reference?)
101>D:\Work\IOS-IG-SimHost-FDP-2\Hrot\Subsystems\Hrot.CGF\Gizmos\CgfEntityPresentationGizmo.cs(5,7,5,10): error CS0246: The type or namespace name 'Fdp' could not be found (are you missing a using directive or an assembly reference?)
101>D:\Work\IOS-IG-SimHost-FDP-2\Hrot\Subsystems\Hrot.CGF\Gizmos\CgfEntityPresentationGizmo.cs(6,7,6,10): error CS0246: The type or namespace name 'Fdp' could not be found (are you missing a using directive or an assembly reference?)
101>D:\Work\IOS-IG-SimHost-FDP-2\Hrot\Subsystems\Hrot.CGF\Gizmos\CgfEntityPresentationGizmo.cs(7,7,7,10): error CS0246: The type or namespace name 'Fdp' could not be found (are you missing a using directive or an assembly reference?)
101>D:\Work\IOS-IG-SimHost-FDP-2\Hrot\Subsystems\Hrot.CGF\Gizmos\CgfEntityPresentationGizmo.cs(8,12,8,26): error CS0234: The type or namespace name 'ScenarioEditor' does not exist in the namespace 'Hrot' (are you missing an assembly reference?)
101>D:\Work\IOS-IG-SimHost-FDP-2\Hrot\Subsystems\Hrot.CGF\Modules\Orchestration\CgfRecordReplayController.cs(3,7,3,10): error CS0246: The type or namespace name 'Fdp' could not be found (are you missing a using directive or an assembly reference?)
101>D:\Work\IOS-IG-SimHost-FDP-2\Hrot\Subsystems\Hrot.CGF\Modules\Orchestration\CgfRecordReplayController.cs(4,7,4,10): error CS0246: The type or namespace name 'Fdp' could not be found (are you missing a using directive or an assembly reference?)
101>D:\Work\IOS-IG-SimHost-FDP-2\Hrot\Subsystems\Hrot.CGF\Modules\Orchestration\CgfRecordReplayController.cs(5,7,5,10): error CS0246: The type or namespace name 'Fdp' could not be found (are you missing a using directive or an assembly reference?)
101>D:\Work\IOS-IG-SimHost-FDP-2\Hrot\Subsystems\Hrot.CGF\Modules\Orchestration\Handlers\FailLoudRecordReplayStub.cs(4,12,4,15): error CS0234: The type or namespace name 'NED' does not exist in the namespace 'Hrot' (are you missing an assembly reference?)
101>D:\Work\IOS-IG-SimHost-FDP-2\Hrot\Subsystems\Hrot.CGF\Modules\Orchestration\Handlers\FailLoudRecordReplayStub.cs(5,12,5,18): error CS0234: The type or namespace name 'Common' does not exist in the namespace 'Hrot' (are you missing an assembly reference?)
101>D:\Work\IOS-IG-SimHost-FDP-2\Hrot\Subsystems\Hrot.CGF\Modules\Orchestration\Handlers\FailLoudRecordReplayStub.cs(6,7,6,10): error CS0246: The type or namespace name 'Fdp' could not be found (are you missing a using directive or an assembly reference?)
101>D:\Work\IOS-IG-SimHost-FDP-2\Hrot\Subsystems\Hrot.CGF\Modules\Orchestration\Handlers\FailLoudRecordReplayStub.cs(7,7,7,10): error CS0246: The type or namespace name 'Fdp' could not be found (are you missing a using directive or an assembly reference?)
101>D:\Work\IOS-IG-SimHost-FDP-2\Hrot\Subsystems\Hrot.CGF\Orchestration\Handlers\CgfEpisodeLoadHandler.cs(5,7,5,10): error CS0246: The type or namespace name 'Fdp' could not be found (are you missing a using directive or an assembly reference?)
101>D:\Work\IOS-IG-SimHost-FDP-2\Hrot\Subsystems\Hrot.CGF\Orchestration\Handlers\CgfEpisodeLoadHandler.cs(6,7,6,10): error CS0246: The type or namespace name 'Fdp' could not be found (are you missing a using directive or an assembly reference?)
101>D:\Work\IOS-IG-SimHost-FDP-2\Hrot\Subsystems\Hrot.CGF\Orchestration\Handlers\CgfEpisodeLoadHandler.cs(7,7,7,10): error CS0246: The type or namespace name 'Fdp' could not be found (are you missing a using directive or an assembly reference?)
101>D:\Work\IOS-IG-SimHost-FDP-2\Hrot\Subsystems\Hrot.CGF\Orchestration\Handlers\CgfEpisodeLoadHandler.cs(8,7,8,10): error CS0246: The type or namespace name 'Fdp' could not be found (are you missing a using directive or an assembly reference?)
101>D:\Work\IOS-IG-SimHost-FDP-2\Hrot\Subsystems\Hrot.CGF\Orchestration\Handlers\CgfEpisodeLoadHandler.cs(9,7,9,10): error CS0246: The type or namespace name 'Fdp' could not be found (are you missing a using directive or an assembly reference?)
101>D:\Work\IOS-IG-SimHost-FDP-2\Hrot\Subsystems\Hrot.CGF\Orchestration\Handlers\CgfEpisodeLoadHandler.cs(10,7,10,10): error CS0246: The type or namespace name 'Fdp' could not be found (are you missing a using directive or an assembly reference?)
101>D:\Work\IOS-IG-SimHost-FDP-2\Hrot\Subsystems\Hrot.CGF\Orchestration\Handlers\CgfEpisodeLoadHandler.cs(11,7,11,10): error CS0246: The type or namespace name 'Fdp' could not be found (are you missing a using directive or an assembly reference?)
101>D:\Work\IOS-IG-SimHost-FDP-2\Hrot\Subsystems\Hrot.CGF\Orchestration\Handlers\CgfEpisodeLoadHandler.cs(12,7,12,10): error CS0246: The type or namespace name 'Fdp' could not be found (are you missing a using directive or an assembly reference?)
101>D:\Work\IOS-IG-SimHost-FDP-2\Hrot\Subsystems\Hrot.CGF\Orchestration\Handlers\CgfEpisodeLoadHandler.cs(13,12,13,16): error CS0234: The type or namespace name 'Core' does not exist in the namespace 'Hrot' (are you missing an assembly reference?)
101>D:\Work\IOS-IG-SimHost-FDP-2\Hrot\Subsystems\Hrot.CGF\Orchestration\Handlers\CgfScenarioLoadHandler.cs(5,7,5,10): error CS0246: The type or namespace name 'Fdp' could not be found (are you missing a using directive or an assembly reference?)
101>D:\Work\IOS-IG-SimHost-FDP-2\Hrot\Subsystems\Hrot.CGF\Orchestration\Handlers\CgfScenarioLoadHandler.cs(6,7,6,10): error CS0246: The type or namespace name 'Fdp' could not be found (are you missing a using directive or an assembly reference?)
101>D:\Work\IOS-IG-SimHost-FDP-2\Hrot\Subsystems\Hrot.CGF\Orchestration\Handlers\CgfScenarioLoadHandler.cs(7,7,7,10): error CS0246: The type or namespace name 'Fdp' could not be found (are you missing a using directive or an assembly reference?)
101>D:\Work\IOS-IG-SimHost-FDP-2\Hrot\Subsystems\Hrot.CGF\Orchestration\Handlers\CgfScenarioLoadHandler.cs(8,7,8,10): error CS0246: The type or namespace name 'Fdp' could not be found (are you missing a using directive or an assembly reference?)
101>D:\Work\IOS-IG-SimHost-FDP-2\Hrot\Subsystems\Hrot.CGF\Orchestration\Handlers\CgfScenarioLoadHandler.cs(9,7,9,10): error CS0246: The type or namespace name 'Fdp' could not be found (are you missing a using directive or an assembly reference?)
101>D:\Work\IOS-IG-SimHost-FDP-2\Hrot\Subsystems\Hrot.CGF\Orchestration\Handlers\CgfScenarioLoadHandler.cs(10,7,10,10): error CS0246: The type or namespace name 'Fdp' could not be found (are you missing a using directive or an assembly reference?)
101>D:\Work\IOS-IG-SimHost-FDP-2\Hrot\Subsystems\Hrot.CGF\Orchestration\Handlers\CgfScenarioLoadHandler.cs(11,7,11,10): error CS0246: The type or namespace name 'Fdp' could not be found (are you missing a using directive or an assembly reference?)
101>D:\Work\IOS-IG-SimHost-FDP-2\Hrot\Subsystems\Hrot.CGF\Orchestration\Handlers\CgfScenarioLoadHandler.cs(12,12,12,18): error CS0234: The type or namespace name 'Common' does not exist in the namespace 'Hrot' (are you missing an assembly reference?)
101>D:\Work\IOS-IG-SimHost-FDP-2\Hrot\Subsystems\Hrot.CGF\Orchestration\Handlers\CgfScenarioLoadHandler.cs(13,12,13,16): error CS0234: The type or namespace name 'Core' does not exist in the namespace 'Hrot' (are you missing an assembly reference?)
101>D:\Work\IOS-IG-SimHost-FDP-2\Hrot\Subsystems\Hrot.CGF\Orchestration\StagingEntityExtractor.cs(4,7,4,10): error CS0246: The type or namespace name 'Fdp' could not be found (are you missing a using directive or an assembly reference?)
101>D:\Work\IOS-IG-SimHost-FDP-2\Hrot\Subsystems\Hrot.CGF\Orchestration\StagingEntityExtractor.cs(5,7,5,10): error CS0246: The type or namespace name 'Fdp' could not be found (are you missing a using directive or an assembly reference?)
101>D:\Work\IOS-IG-SimHost-FDP-2\Hrot\Subsystems\Hrot.CGF\Orchestration\StagingEntityExtractor.cs(6,7,6,10): error CS0246: The type or namespace name 'Fdp' could not be found (are you missing a using directive or an assembly reference?)
101>D:\Work\IOS-IG-SimHost-FDP-2\Hrot\Subsystems\Hrot.CGF\Orchestration\StagingEntityExtractor.cs(7,7,7,10): error CS0246: The type or namespace name 'Fdp' could not be found (are you missing a using directive or an assembly reference?)
101>D:\Work\IOS-IG-SimHost-FDP-2\Hrot\Subsystems\Hrot.CGF\Orchestration\StagingEntityExtractor.cs(8,7,8,10): error CS0246: The type or namespace name 'Fdp' could not be found (are you missing a using directive or an assembly reference?)
101>D:\Work\IOS-IG-SimHost-FDP-2\Hrot\Subsystems\Hrot.CGF\Orchestration\StagingEntityExtractor.cs(9,7,9,10): error CS0246: The type or namespace name 'Fdp' could not be found (are you missing a using directive or an assembly reference?)
101>D:\Work\IOS-IG-SimHost-FDP-2\Hrot\Subsystems\Hrot.CGF\Orchestration\StagingEntityExtractor.cs(11,12,11,18): error CS0234: The type or namespace name 'Common' does not exist in the namespace 'Hrot' (are you missing an assembly reference?)
101>D:\Work\IOS-IG-SimHost-FDP-2\Hrot\Subsystems\Hrot.CGF\Orchestration\StagingEntityExtractor.cs(12,12,12,16): error CS0234: The type or namespace name 'Core' does not exist in the namespace 'Hrot' (are you missing an assembly reference?)
101>D:\Work\IOS-IG-SimHost-FDP-2\Hrot\Subsystems\Hrot.CGF\Systems\CgfThreatEvaluationSystem.cs(2,7,2,10): error CS0246: The type or namespace name 'Fdp' could not be found (are you missing a using directive or an assembly reference?)
101>D:\Work\IOS-IG-SimHost-FDP-2\Hrot\Subsystems\Hrot.CGF\Systems\CgfThreatEvaluationSystem.cs(3,7,3,10): error CS0246: The type or namespace name 'Fdp' could not be found (are you missing a using directive or an assembly reference?)
101>D:\Work\IOS-IG-SimHost-FDP-2\Hrot\Subsystems\Hrot.CGF\Systems\CgfThreatEvaluationSystem.cs(4,7,4,10): error CS0246: The type or namespace name 'Fdp' could not be found (are you missing a using directive or an assembly reference?)
101>D:\Work\IOS-IG-SimHost-FDP-2\Hrot\Subsystems\Hrot.CGF\Systems\CreateEntityRequestSystem.cs(3,7,3,10): error CS0246: The type or namespace name 'Fdp' could not be found (are you missing a using directive or an assembly reference?)
101>D:\Work\IOS-IG-SimHost-FDP-2\Hrot\Subsystems\Hrot.CGF\Systems\CreateEntityRequestSystem.cs(4,12,4,16): error CS0234: The type or namespace name 'Core' does not exist in the namespace 'Hrot' (are you missing an assembly reference?)
101>D:\Work\IOS-IG-SimHost-FDP-2\Hrot\Subsystems\Hrot.CGF\Systems\CreateEntityRequestSystem.cs(5,7,5,10): error CS0246: The type or namespace name 'Fdp' could not be found (are you missing a using directive or an assembly reference?)
101>D:\Work\IOS-IG-SimHost-FDP-2\Hrot\Subsystems\Hrot.CGF\Systems\CreateEntityRequestSystem.cs(6,7,6,10): error CS0246: The type or namespace name 'Fdp' could not be found (are you missing a using directive or an assembly reference?)
101>D:\Work\IOS-IG-SimHost-FDP-2\Hrot\Subsystems\Hrot.CGF\Systems\CreateEntityRequestSystem.cs(7,7,7,10): error CS0246: The type or namespace name 'Fdp' could not be found (are you missing a using directive or an assembly reference?)
101>D:\Work\IOS-IG-SimHost-FDP-2\Hrot\Subsystems\Hrot.CGF\Systems\CreateEntityRequestSystem.cs(8,7,8,10): error CS0246: The type or namespace name 'Fdp' could not be found (are you missing a using directive or an assembly reference?)
101>D:\Work\IOS-IG-SimHost-FDP-2\Hrot\Subsystems\Hrot.CGF\Systems\CreateEntityRequestSystem.cs(9,7,9,10): error CS0246: The type or namespace name 'Fdp' could not be found (are you missing a using directive or an assembly reference?)
101>D:\Work\IOS-IG-SimHost-FDP-2\Hrot\Subsystems\Hrot.CGF\Systems\CreateEntityRequestSystem.cs(10,7,10,10): error CS0246: The type or namespace name 'Fdp' could not be found (are you missing a using directive or an assembly reference?)
101>D:\Work\IOS-IG-SimHost-FDP-2\Hrot\Subsystems\Hrot.CGF\Systems\CreateEntityRequestSystem.cs(11,7,11,10): error CS0246: The type or namespace name 'Fdp' could not be found (are you missing a using directive or an assembly reference?)
101>D:\Work\IOS-IG-SimHost-FDP-2\Hrot\Subsystems\Hrot.CGF\Systems\CreateEntityRequestSystem.cs(12,7,12,10): error CS0246: The type or namespace name 'Fdp' could not be found (are you missing a using directive or an assembly reference?)
101>D:\Work\IOS-IG-SimHost-FDP-2\Hrot\Subsystems\Hrot.CGF\Systems\CreateEntityRequestSystem.cs(13,7,13,10): error CS0246: The type or namespace name 'Fdp' could not be found (are you missing a using directive or an assembly reference?)
101>D:\Work\IOS-IG-SimHost-FDP-2\Hrot\Subsystems\Hrot.CGF\Systems\CreateEntityRequestSystem.cs(14,7,14,10): error CS0246: The type or namespace name 'Fdp' could not be found (are you missing a using directive or an assembly reference?)
101>D:\Work\IOS-IG-SimHost-FDP-2\Hrot\Subsystems\Hrot.CGF\Systems\DeleteEntityRequestSystem.cs(2,12,2,16): error CS0234: The type or namespace name 'Core' does not exist in the namespace 'Hrot' (are you missing an assembly reference?)
101>D:\Work\IOS-IG-SimHost-FDP-2\Hrot\Subsystems\Hrot.CGF\Systems\DeleteEntityRequestSystem.cs(3,7,3,10): error CS0246: The type or namespace name 'Fdp' could not be found (are you missing a using directive or an assembly reference?)
101>D:\Work\IOS-IG-SimHost-FDP-2\Hrot\Subsystems\Hrot.CGF\Systems\DeleteEntityRequestSystem.cs(4,7,4,10): error CS0246: The type or namespace name 'Fdp' could not be found (are you missing a using directive or an assembly reference?)
101>D:\Work\IOS-IG-SimHost-FDP-2\Hrot\Subsystems\Hrot.CGF\Systems\DeleteEntityRequestSystem.cs(5,7,5,10): error CS0246: The type or namespace name 'Fdp' could not be found (are you missing a using directive or an assembly reference?)
101>D:\Work\IOS-IG-SimHost-FDP-2\Hrot\Subsystems\Hrot.CGF\Systems\DeleteEntityRequestSystem.cs(6,7,6,10): error CS0246: The type or namespace name 'Fdp' could not be found (are you missing a using directive or an assembly reference?)
101>D:\Work\IOS-IG-SimHost-FDP-2\Hrot\Subsystems\Hrot.CGF\Systems\DeleteEntityRequestSystem.cs(7,7,7,10): error CS0246: The type or namespace name 'Fdp' could not be found (are you missing a using directive or an assembly reference?)
101>D:\Work\IOS-IG-SimHost-FDP-2\Hrot\Subsystems\Hrot.CGF\Systems\DeleteEntityRequestSystem.cs(8,7,8,10): error CS0246: The type or namespace name 'Fdp' could not be found (are you missing a using directive or an assembly reference?)
101>D:\Work\IOS-IG-SimHost-FDP-2\Hrot\Subsystems\Hrot.CGF\Systems\EntityRequestFinalizationSystem.cs(3,12,3,16): error CS0234: The type or namespace name 'Core' does not exist in the namespace 'Hrot' (are you missing an assembly reference?)
101>D:\Work\IOS-IG-SimHost-FDP-2\Hrot\Subsystems\Hrot.CGF\Systems\EntityRequestFinalizationSystem.cs(4,7,4,10): error CS0246: The type or namespace name 'Fdp' could not be found (are you missing a using directive or an assembly reference?)
101>D:\Work\IOS-IG-SimHost-FDP-2\Hrot\Subsystems\Hrot.CGF\Systems\EntityRequestFinalizationSystem.cs(5,7,5,10): error CS0246: The type or namespace name 'Fdp' could not be found (are you missing a using directive or an assembly reference?)
101>D:\Work\IOS-IG-SimHost-FDP-2\Hrot\Subsystems\Hrot.CGF\Systems\EntityRequestFinalizationSystem.cs(6,7,6,10): error CS0246: The type or namespace name 'Fdp' could not be found (are you missing a using directive or an assembly reference?)
101>D:\Work\IOS-IG-SimHost-FDP-2\Hrot\Subsystems\Hrot.CGF\Systems\EntityRequestFinalizationSystem.cs(7,7,7,10): error CS0246: The type or namespace name 'Fdp' could not be found (are you missing a using directive or an assembly reference?)
101>D:\Work\IOS-IG-SimHost-FDP-2\Hrot\Subsystems\Hrot.CGF\Systems\MissionAdapterSystem.cs(2,7,2,10): error CS0246: The type or namespace name 'Fdp' could not be found (are you missing a using directive or an assembly reference?)
101>D:\Work\IOS-IG-SimHost-FDP-2\Hrot\Subsystems\Hrot.CGF\Systems\MissionAdapterSystem.cs(3,7,3,10): error CS0246: The type or namespace name 'Fdp' could not be found (are you missing a using directive or an assembly reference?)
101>D:\Work\IOS-IG-SimHost-FDP-2\Hrot\Subsystems\Hrot.CGF\Systems\MissionAdapterSystem.cs(4,7,4,10): error CS0246: The type or namespace name 'Fdp' could not be found (are you missing a using directive or an assembly reference?)
101>D:\Work\IOS-IG-SimHost-FDP-2\Hrot\Subsystems\Hrot.CGF\Systems\MissionAdapterSystem.cs(5,7,5,10): error CS0246: The type or namespace name 'Fdp' could not be found (are you missing a using directive or an assembly reference?)
101>D:\Work\IOS-IG-SimHost-FDP-2\Hrot\Subsystems\Hrot.CGF\Systems\Routing\RouteContextSystem.cs(3,12,3,15): error CS0234: The type or namespace name 'Map' does not exist in the namespace 'Hrot' (are you missing an assembly reference?)
101>D:\Work\IOS-IG-SimHost-FDP-2\Hrot\Subsystems\Hrot.CGF\Systems\Routing\RouteContextSystem.cs(4,7,4,10): error CS0246: The type or namespace name 'Fdp' could not be found (are you missing a using directive or an assembly reference?)
101>D:\Work\IOS-IG-SimHost-FDP-2\Hrot\Subsystems\Hrot.CGF\Systems\Routing\RouteContextSystem.cs(5,7,5,10): error CS0246: The type or namespace name 'Fdp' could not be found (are you missing a using directive or an assembly reference?)
101>D:\Work\IOS-IG-SimHost-FDP-2\Hrot\Subsystems\Hrot.CGF\Systems\Routing\RouteContextSystem.cs(6,7,6,10): error CS0246: The type or namespace name 'Fdp' could not be found (are you missing a using directive or an assembly reference?)
101>D:\Work\IOS-IG-SimHost-FDP-2\Hrot\Subsystems\Hrot.CGF\Systems\Routing\RouteContextSystem.cs(7,7,7,10): error CS0246: The type or namespace name 'Fdp' could not be found (are you missing a using directive or an assembly reference?)
101>D:\Work\IOS-IG-SimHost-FDP-2\Hrot\Subsystems\Hrot.CGF\Systems\Routing\RouteContextSystem.cs(8,7,8,10): error CS0246: The type or namespace name 'Fdp' could not be found (are you missing a using directive or an assembly reference?)
101>D:\Work\IOS-IG-SimHost-FDP-2\Hrot\Subsystems\Hrot.CGF\Systems\Routing\RouteContextSystem.cs(9,7,9,10): error CS0246: The type or namespace name 'Fdp' could not be found (are you missing a using directive or an assembly reference?)
101>D:\Work\IOS-IG-SimHost-FDP-2\Hrot\Subsystems\Hrot.CGF\Systems\TacticalIntentResolutionSystem.cs(3,7,3,10): error CS0246: The type or namespace name 'Fdp' could not be found (are you missing a using directive or an assembly reference?)
101>D:\Work\IOS-IG-SimHost-FDP-2\Hrot\Subsystems\Hrot.CGF\Systems\TacticalIntentResolutionSystem.cs(4,7,4,10): error CS0246: The type or namespace name 'Fdp' could not be found (are you missing a using directive or an assembly reference?)
101>D:\Work\IOS-IG-SimHost-FDP-2\Hrot\Subsystems\Hrot.CGF\Systems\TacticalIntentResolutionSystem.cs(5,7,5,10): error CS0246: The type or namespace name 'Fdp' could not be found (are you missing a using directive or an assembly reference?)
101>D:\Work\IOS-IG-SimHost-FDP-2\Hrot\Subsystems\Hrot.CGF\Systems\TacticalIntentResolutionSystem.cs(6,7,6,10): error CS0246: The type or namespace name 'Fdp' could not be found (are you missing a using directive or an assembly reference?)
101>D:\Work\IOS-IG-SimHost-FDP-2\Hrot\Subsystems\Hrot.CGF\Systems\TacticalIntentResolutionSystem.cs(7,7,7,10): error CS0246: The type or namespace name 'Fdp' could not be found (are you missing a using directive or an assembly reference?)
101>D:\Work\IOS-IG-SimHost-FDP-2\Hrot\Subsystems\Hrot.CGF\Systems\TacticalIntentResolutionSystem.cs(8,7,8,10): error CS0246: The type or namespace name 'Fdp' could not be found (are you missing a using directive or an assembly reference?)
101>D:\Work\IOS-IG-SimHost-FDP-2\Hrot\Subsystems\Hrot.CGF\Modules\Orchestration\CgfRecordReplayController.cs(30,53,30,76): error CS0246: The type or namespace name 'IRecordReplayController' could not be found (are you missing a using directive or an assembly reference?)
101>D:\Work\IOS-IG-SimHost-FDP-2\Hrot\Subsystems\Hrot.CGF\Gizmos\CgfEntityPresentationGizmo.cs(16,54,16,69): error CS0246: The type or namespace name 'IStatelessGizmo' could not be found (are you missing a using directive or an assembly reference?)
101>D:\Work\IOS-IG-SimHost-FDP-2\Hrot\Subsystems\Hrot.CGF\CgfLogicPack.cs(50,40,50,50): error CS0246: The type or namespace name 'IEcsModule' could not be found (are you missing a using directive or an assembly reference?)
101>D:\Work\IOS-IG-SimHost-FDP-2\Hrot\Subsystems\Hrot.CGF\CgfComponentRegistry.cs(13,36,13,52): error CS0246: The type or namespace name 'EntityRepository' could not be found (are you missing a using directive or an assembly reference?)
101>D:\Work\IOS-IG-SimHost-FDP-2\Hrot\Subsystems\Hrot.CGF\Orchestration\Handlers\CgfEpisodeLoadHandler.cs(29,49,29,69): error CS0246: The type or namespace name 'IClusterStateHandler' could not be found (are you missing a using directive or an assembly reference?)
101>D:\Work\IOS-IG-SimHost-FDP-2\Hrot\Subsystems\Hrot.CGF\CgfApplication.cs(62,18,62,53): error CS0246: The type or namespace name 'ScenarioEntityCreationRequestSource' could not be found (are you missing a using directive or an assembly reference?)
101>D:\Work\IOS-IG-SimHost-FDP-2\Hrot\Subsystems\Hrot.CGF\Systems\CgfThreatEvaluationSystem.cs(21,53,21,69): error CS0246: The type or namespace name 'IEcsModuleSystem' could not be found (are you missing a using directive or an assembly reference?)
101>D:\Work\IOS-IG-SimHost-FDP-2\Hrot\Subsystems\Hrot.CGF\Systems\CreateEntityRequestSystem.cs(41,46,41,62): error CS0246: The type or namespace name 'IEcsModuleSystem' could not be found (are you missing a using directive or an assembly reference?)
101>D:\Work\IOS-IG-SimHost-FDP-2\Hrot\Subsystems\Hrot.CGF\CgfApplication.cs(66,16,66,19): error CS0246: The type or namespace name 'Fdp' could not be found (are you missing a using directive or an assembly reference?)
101>D:\Work\IOS-IG-SimHost-FDP-2\Hrot\Subsystems\Hrot.CGF\Modules\Orchestration\CgfRecordReplayController.cs(74,21,74,31): error CS0246: The type or namespace name 'GlobalTime' could not be found (are you missing a using directive or an assembly reference?)
101>D:\Work\IOS-IG-SimHost-FDP-2\Hrot\Subsystems\Hrot.CGF\Systems\DeleteEntityRequestSystem.cs(29,46,29,62): error CS0246: The type or namespace name 'IEcsModuleSystem' could not be found (are you missing a using directive or an assembly reference?)
101>D:\Work\IOS-IG-SimHost-FDP-2\Hrot\Subsystems\Hrot.CGF\CgfApplication.cs(72,18,72,29): error CS0246: The type or namespace name 'FdpEventBus' could not be found (are you missing a using directive or an assembly reference?)
101>D:\Work\IOS-IG-SimHost-FDP-2\Hrot\Subsystems\Hrot.CGF\CgfLogicPack.cs(56,16,56,31): error CS0246: The type or namespace name 'ExecutionPolicy' could not be found (are you missing a using directive or an assembly reference?)
101>D:\Work\IOS-IG-SimHost-FDP-2\Hrot\Subsystems\Hrot.CGF\Modules\Orchestration\CgfRecordReplayController.cs(84,41,84,51): error CS0246: The type or namespace name 'GlobalTime' could not be found (are you missing a using directive or an assembly reference?)
101>D:\Work\IOS-IG-SimHost-FDP-2\Hrot\Subsystems\Hrot.CGF\CgfApplication.cs(75,18,75,34): error CS0246: The type or namespace name 'EntityRepository' could not be found (are you missing a using directive or an assembly reference?)
101>D:\Work\IOS-IG-SimHost-FDP-2\Hrot\Subsystems\Hrot.CGF\CgfSubsystem.cs(72,36,72,46): error CS0246: The type or namespace name 'ISubsystem' could not be found (are you missing a using directive or an assembly reference?)
101>D:\Work\IOS-IG-SimHost-FDP-2\Hrot\Subsystems\Hrot.CGF\CgfSubsystem.cs(72,48,72,51): error CS0246: The type or namespace name 'Fdp' could not be found (are you missing a using directive or an assembly reference?)
101>D:\Work\IOS-IG-SimHost-FDP-2\Hrot\Subsystems\Hrot.CGF\CgfSubsystem.cs(72,87,72,103): error CS0246: The type or namespace name 'IWindowRegistrar' could not be found (are you missing a using directive or an assembly reference?)
101>D:\Work\IOS-IG-SimHost-FDP-2\Hrot\Subsystems\Hrot.CGF\CgfSubsystem.cs(72,110,72,116): error CS0234: The type or namespace name 'Common' does not exist in the namespace 'Hrot' (are you missing an assembly reference?)
101>D:\Work\IOS-IG-SimHost-FDP-2\Hrot\Subsystems\Hrot.CGF\CgfLogicPack.cs(59,26,59,46): error CS0246: The type or namespace name 'MissionControlModule' could not be found (are you missing a using directive or an assembly reference?)
101>D:\Work\IOS-IG-SimHost-FDP-2\Hrot\Subsystems\Hrot.CGF\Modules\Orchestration\CgfRecordReplayController.cs(116,16,116,26): error CS0246: The type or namespace name 'GlobalTime' could not be found (are you missing a using directive or an assembly reference?)
101>D:\Work\IOS-IG-SimHost-FDP-2\Hrot\Subsystems\Hrot.CGF\Modules\Orchestration\Handlers\FailLoudRecordReplayStub.cs(44,52,44,69): error CS0246: The type or namespace name 'IClusterOpHandler' could not be found (are you missing a using directive or an assembly reference?)
101>D:\Work\IOS-IG-SimHost-FDP-2\Hrot\Subsystems\Hrot.CGF\CgfApplication.cs(228,29,228,39): error CS0246: The type or namespace name 'IEcsModule' could not be found (are you missing a using directive or an assembly reference?)
101>D:\Work\IOS-IG-SimHost-FDP-2\Hrot\Subsystems\Hrot.CGF\Configuration\CgfBehaviorSetup.cs(43,13,43,29): error CS0246: The type or namespace name 'BehaviorRegistry' could not be found (are you missing a using directive or an assembly reference?)
101>D:\Work\IOS-IG-SimHost-FDP-2\Hrot\Subsystems\Hrot.CGF\Configuration\CgfBehaviorSetup.cs(44,13,44,33): error CS0246: The type or namespace name 'IGeographicTransform' could not be found (are you missing a using directive or an assembly reference?)
101>D:\Work\IOS-IG-SimHost-FDP-2\Hrot\Subsystems\Hrot.CGF\Configuration\CgfBehaviorSetup.cs(45,13,45,29): error CS0246: The type or namespace name 'NetworkEntityMap' could not be found (are you missing a using directive or an assembly reference?)
101>D:\Work\IOS-IG-SimHost-FDP-2\Hrot\Subsystems\Hrot.CGF\Orchestration\StagingEntityExtractor.cs(38,50,38,74): error CS0246: The type or namespace name 'IScenarioEntityExtractor' could not be found (are you missing a using directive or an assembly reference?)
101>D:\Work\IOS-IG-SimHost-FDP-2\Hrot\Subsystems\Hrot.CGF\Systems\MissionAdapterSystem.cs(31,41,31,57): error CS0246: The type or namespace name 'IEcsModuleSystem' could not be found (are you missing a using directive or an assembly reference?)
101>D:\Work\IOS-IG-SimHost-FDP-2\Hrot\Subsystems\Hrot.CGF\CgfLogicPack.cs(60,26,60,48): error CS0246: The type or namespace name 'CognitiveRuntimeModule' could not be found (are you missing a using directive or an assembly reference?)
101>D:\Work\IOS-IG-SimHost-FDP-2\Hrot\Subsystems\Hrot.CGF\Gizmos\CgfEntityPresentationGizmo.cs(15,6,15,20): error CS0246: The type or namespace name 'GizmoProjectorAttribute' could not be found (are you missing a using directive or an assembly reference?)
101>D:\Work\IOS-IG-SimHost-FDP-2\Hrot\Subsystems\Hrot.CGF\Gizmos\CgfEntityPresentationGizmo.cs(15,6,15,20): error CS0246: The type or namespace name 'GizmoProjector' could not be found (are you missing a using directive or an assembly reference?)
101>D:\Work\IOS-IG-SimHost-FDP-2\Hrot\Subsystems\Hrot.CGF\Gizmos\CgfEntityPresentationGizmo.cs(15,28,15,40): error CS0246: The type or namespace name 'SimTransform' could not be found (are you missing a using directive or an assembly reference?)
101>D:\Work\IOS-IG-SimHost-FDP-2\Hrot\Subsystems\Hrot.CGF\Gizmos\CgfEntityPresentationGizmo.cs(15,50,15,65): error CS0246: The type or namespace name 'NetworkIdentity' could not be found (are you missing a using directive or an assembly reference?)
101>D:\Work\IOS-IG-SimHost-FDP-2\Hrot\Subsystems\Hrot.CGF\Modules\Orchestration\Handlers\FailLoudRecordReplayStub.cs(69,31,69,41): error CS0246: The type or namespace name 'NodeOpType' could not be found (are you missing a using directive or an assembly reference?)
101>D:\Work\IOS-IG-SimHost-FDP-2\Hrot\Subsystems\Hrot.CGF\Configuration\CgfBehaviorSetup.cs(84,23,84,47): error CS0246: The type or namespace name 'ScenarioBehaviorRemapper' could not be found (are you missing a using directive or an assembly reference?)
101>D:\Work\IOS-IG-SimHost-FDP-2\Hrot\Subsystems\Hrot.CGF\CgfLogicPack.cs(61,26,61,46): error CS0246: The type or namespace name 'ActionDispatchModule' could not be found (are you missing a using directive or an assembly reference?)
101>D:\Work\IOS-IG-SimHost-FDP-2\Hrot\Subsystems\Hrot.CGF\CgfApplication.cs(39,26,39,29): error CS0246: The type or namespace name 'Fdp' could not be found (are you missing a using directive or an assembly reference?)
101>D:\Work\IOS-IG-SimHost-FDP-2\Hrot\Subsystems\Hrot.CGF\Modules\Orchestration\Handlers\FailLoudRecordReplayStub.cs(79,43,79,56): error CS0246: The type or namespace name 'NodeOpCommand' could not be found (are you missing a using directive or an assembly reference?)
101>D:\Work\IOS-IG-SimHost-FDP-2\Hrot\Subsystems\Hrot.CGF\CgfApplication.cs(40,26,40,37): error CS0246: The type or namespace name 'FdpEventBus' could not be found (are you missing a using directive or an assembly reference?)
101>D:\Work\IOS-IG-SimHost-FDP-2\Hrot\Subsystems\Hrot.CGF\Systems\Routing\RouteContextSystem.cs(36,42,36,58): error CS0246: The type or namespace name 'IEcsModuleSystem' could not be found (are you missing a using directive or an assembly reference?)
101>D:\Work\IOS-IG-SimHost-FDP-2\Hrot\Subsystems\Hrot.CGF\Orchestration\StagingEntityExtractor.cs(133,46,133,70): error CS0246: The type or namespace name 'IScenarioEntityExtractor' could not be found (are you missing a using directive or an assembly reference?)
101>D:\Work\IOS-IG-SimHost-FDP-2\Hrot\Subsystems\Hrot.CGF\Systems\TacticalIntentResolutionSystem.cs(53,58,53,74): error CS0246: The type or namespace name 'IEcsModuleSystem' could not be found (are you missing a using directive or an assembly reference?)
101>D:\Work\IOS-IG-SimHost-FDP-2\Hrot\Subsystems\Hrot.CGF\Orchestration\Handlers\CgfScenarioLoadHandler.cs(37,50,37,78): error CS0246: The type or namespace name 'ITickableClusterStateHandler' could not be found (are you missing a using directive or an assembly reference?)
101>D:\Work\IOS-IG-SimHost-FDP-2\Hrot\Subsystems\Hrot.CGF\CgfApplication.cs(41,26,41,37): error CS0246: The type or namespace name 'FdpEventBus' could not be found (are you missing a using directive or an assembly reference?)
101>D:\Work\IOS-IG-SimHost-FDP-2\Hrot\Subsystems\Hrot.CGF\Modules\Orchestration\Handlers\FailLoudRecordReplayStub.cs(91,28,91,41): error CS0246: The type or namespace name 'NodeOpCommand' could not be found (are you missing a using directive or an assembly reference?)
101>D:\Work\IOS-IG-SimHost-FDP-2\Hrot\Subsystems\Hrot.CGF\Modules\Orchestration\Handlers\FailLoudRecordReplayStub.cs(91,47,91,63): error CS0246: The type or namespace name 'EntityRepository' could not be found (are you missing a using directive or an assembly reference?)
101>D:\Work\IOS-IG-SimHost-FDP-2\Hrot\Subsystems\Hrot.CGF\Orchestration\StagingEntityExtractor.cs(46,33,46,43): error CS0246: The type or namespace name 'BitMask512' could not be found (are you missing a using directive or an assembly reference?)
101>D:\Work\IOS-IG-SimHost-FDP-2\Hrot\Subsystems\Hrot.CGF\CgfApplication.cs(42,26,42,55): error CS0246: The type or namespace name 'ISlaveOrchestrationTranslator' could not be found (are you missing a using directive or an assembly reference?)
101>D:\Work\IOS-IG-SimHost-FDP-2\Hrot\Subsystems\Hrot.CGF\Orchestration\StagingEntityExtractor.cs(48,24,48,34): error CS0246: The type or namespace name 'BitMask512' could not be found (are you missing a using directive or an assembly reference?)
101>D:\Work\IOS-IG-SimHost-FDP-2\Hrot\Subsystems\Hrot.CGF\CgfSubsystem.cs(113,67,113,73): error CS0234: The type or namespace name 'Common' does not exist in the namespace 'Hrot' (are you missing an assembly reference?)
101>D:\Work\IOS-IG-SimHost-FDP-2\Hrot\Subsystems\Hrot.CGF\Modules\Orchestration\Handlers\FailLoudRecordReplayStub.cs(97,27,97,40): error CS0246: The type or namespace name 'NodeOpCommand' could not be found (are you missing a using directive or an assembly reference?)
101>D:\Work\IOS-IG-SimHost-FDP-2\Hrot\Subsystems\Hrot.CGF\Modules\Orchestration\Handlers\FailLoudRecordReplayStub.cs(97,46,97,62): error CS0246: The type or namespace name 'EntityRepository' could not be found (are you missing a using directive or an assembly reference?)
101>D:\Work\IOS-IG-SimHost-FDP-2\Hrot\Subsystems\Hrot.CGF\Orchestration\Handlers\CgfScenarioLoadHandler.cs(88,31,88,41): error CS0246: The type or namespace name 'NodeOpType' could not be found (are you missing a using directive or an assembly reference?)
101>D:\Work\IOS-IG-SimHost-FDP-2\Hrot\Subsystems\Hrot.CGF\CgfApplication.cs(43,26,43,47): error CS0246: The type or namespace name 'IDescriptorTranslator' could not be found (are you missing a using directive or an assembly reference?)
101>D:\Work\IOS-IG-SimHost-FDP-2\Hrot\Subsystems\Hrot.CGF\Systems\EntityRequestFinalizationSystem.cs(31,52,31,68): error CS0246: The type or namespace name 'IEcsModuleSystem' could not be found (are you missing a using directive or an assembly reference?)
101>D:\Work\IOS-IG-SimHost-FDP-2\Hrot\Subsystems\Hrot.CGF\Gizmos\CgfEntityPresentationGizmo.cs(18,26,18,41): error CS0246: The type or namespace name 'ISimulationView' could not be found (are you missing a using directive or an assembly reference?)
101>D:\Work\IOS-IG-SimHost-FDP-2\Hrot\Subsystems\Hrot.CGF\Gizmos\CgfEntityPresentationGizmo.cs(18,48,18,54): error CS0246: The type or namespace name 'Entity' could not be found (are you missing a using directive or an assembly reference?)
101>D:\Work\IOS-IG-SimHost-FDP-2\Hrot\Subsystems\Hrot.CGF\Gizmos\CgfEntityPresentationGizmo.cs(18,63,18,80): error CS0246: The type or namespace name 'IDebugDrawBuilder' could not be found (are you missing a using directive or an assembly reference?)
101>D:\Work\IOS-IG-SimHost-FDP-2\Hrot\Subsystems\Hrot.CGF\Orchestration\Handlers\CgfScenarioLoadHandler.cs(93,31,93,50): error CS0246: The type or namespace name 'ExecuteNodeOpIntent' could not be found (are you missing a using directive or an assembly reference?)
101>D:\Work\IOS-IG-SimHost-FDP-2\Hrot\Subsystems\Hrot.CGF\CgfApplication.cs(44,26,44,47): error CS0246: The type or namespace name 'IDescriptorTranslator' could not be found (are you missing a using directive or an assembly reference?)
101>D:\Work\IOS-IG-SimHost-FDP-2\Hrot\Subsystems\Hrot.CGF\Orchestration\StagingEntityExtractor.cs(95,58,95,74): error CS0246: The type or namespace name 'EntityRepository' could not be found (are you missing a using directive or an assembly reference?)
101>D:\Work\IOS-IG-SimHost-FDP-2\Hrot\Subsystems\Hrot.CGF\Orchestration\Handlers\CgfScenarioLoadHandler.cs(39,26,39,44): error CS0246: The type or namespace name 'ScenarioSerializer' could not be found (are you missing a using directive or an assembly reference?)
101>D:\Work\IOS-IG-SimHost-FDP-2\Hrot\Subsystems\Hrot.CGF\CgfApplication.cs(48,26,48,42): error CS0246: The type or namespace name 'EntityRepository' could not be found (are you missing a using directive or an assembly reference?)
101>D:\Work\IOS-IG-SimHost-FDP-2\Hrot\Subsystems\Hrot.CGF\Orchestration\Handlers\CgfScenarioLoadHandler.cs(40,26,40,41): error CS0246: The type or namespace name 'IScenarioLoader' could not be found (are you missing a using directive or an assembly reference?)
101>D:\Work\IOS-IG-SimHost-FDP-2\Hrot\Subsystems\Hrot.CGF\CgfLogicPack.cs(62,26,62,55): error CS0246: The type or namespace name 'MissionControlExecutionSystem' could not be found (are you missing a using directive or an assembly reference?)
101>D:\Work\IOS-IG-SimHost-FDP-2\Hrot\Subsystems\Hrot.CGF\CgfApplication.cs(49,26,49,42): error CS0246: The type or namespace name 'ModuleHostKernel' could not be found (are you missing a using directive or an assembly reference?)
101>D:\Work\IOS-IG-SimHost-FDP-2\Hrot\Subsystems\Hrot.CGF\Orchestration\Handlers\CgfScenarioLoadHandler.cs(42,26,42,61): error CS0246: The type or namespace name 'ScenarioEntityCreationRequestSource' could not be found (are you missing a using directive or an assembly reference?)
101>D:\Work\IOS-IG-SimHost-FDP-2\Hrot\Subsystems\Hrot.CGF\Orchestration\Handlers\CgfScenarioLoadHandler.cs(43,26,43,45): error CS0246: The type or namespace name 'INetworkIdAllocator' could not be found (are you missing a using directive or an assembly reference?)
101>D:\Work\IOS-IG-SimHost-FDP-2\Hrot\Subsystems\Hrot.CGF\Orchestration\StagingEntityExtractor.cs(134,13,134,31): error CS0246: The type or namespace name 'ScenarioSerializer' could not be found (are you missing a using directive or an assembly reference?)
101>D:\Work\IOS-IG-SimHost-FDP-2\Hrot\Subsystems\Hrot.CGF\Orchestration\StagingEntityExtractor.cs(136,13,136,32): error CS0246: The type or namespace name 'INetworkIdAllocator' could not be found (are you missing a using directive or an assembly reference?)
101>D:\Work\IOS-IG-SimHost-FDP-2\Hrot\Subsystems\Hrot.CGF\Orchestration\StagingEntityExtractor.cs(133,23,133,44): error CS0246: The type or namespace name 'EntityCreationRequest' could not be found (are you missing a using directive or an assembly reference?)
101>D:\Work\IOS-IG-SimHost-FDP-2\Hrot\Subsystems\Hrot.CGF\Orchestration\StagingEntityExtractor.cs(133,46,133,70): error CS0538: 'IScenarioEntityExtractor' in explicit interface declaration is not an interface
101>D:\Work\IOS-IG-SimHost-FDP-2\Hrot\Subsystems\Hrot.CGF\Orchestration\Handlers\CgfEpisodeLoadHandler.cs(31,26,31,44): error CS0246: The type or namespace name 'ScenarioSerializer' could not be found (are you missing a using directive or an assembly reference?)
101>D:\Work\IOS-IG-SimHost-FDP-2\Hrot\Subsystems\Hrot.CGF\CgfLogicPack.cs(66,26,66,49): error CS0246: The type or namespace name 'HealthApplicationSystem' could not be found (are you missing a using directive or an assembly reference?)
101>D:\Work\IOS-IG-SimHost-FDP-2\Hrot\Subsystems\Hrot.CGF\Orchestration\Handlers\CgfScenarioLoadHandler.cs(44,26,44,42): error CS0246: The type or namespace name 'EntityRepository' could not be found (are you missing a using directive or an assembly reference?)
101>D:\Work\IOS-IG-SimHost-FDP-2\Hrot\Subsystems\Hrot.CGF\CgfApplication.cs(55,26,55,61): error CS0246: The type or namespace name 'ScenarioEntityCreationRequestSource' could not be found (are you missing a using directive or an assembly reference?)
101>D:\Work\IOS-IG-SimHost-FDP-2\Hrot\Subsystems\Hrot.CGF\CgfSubsystem.cs(113,5,113,8): error CS0246: The type or namespace name 'Fdp' could not be found (are you missing a using directive or an assembly reference?)
101>D:\Work\IOS-IG-SimHost-FDP-2\Hrot\Subsystems\Hrot.CGF\CgfSubsystem.cs(113,62,113,111): error CS0538: 'Common.Diagnostics.Gizmos.IGizmoControllable' in explicit interface declaration is not an interface
101>D:\Work\IOS-IG-SimHost-FDP-2\Hrot\Subsystems\Hrot.CGF\Orchestration\Handlers\CgfScenarioLoadHandler.cs(45,26,45,50): error CS0246: The type or namespace name 'ScenarioBehaviorRemapper' could not be found (are you missing a using directive or an assembly reference?)
101>D:\Work\IOS-IG-SimHost-FDP-2\Hrot\Subsystems\Hrot.CGF\Orchestration\Handlers\CgfEpisodeLoadHandler.cs(32,26,32,41): error CS0246: The type or namespace name 'IScenarioLoader' could not be found (are you missing a using directive or an assembly reference?)
101>D:\Work\IOS-IG-SimHost-FDP-2\Hrot\Subsystems\Hrot.CGF\CgfLogicPack.cs(66,105,66,135): error CS0246: The type or namespace name 'ActiveSensorTracksUpdateSystem' could not be found (are you missing a using directive or an assembly reference?)
101>D:\Work\IOS-IG-SimHost-FDP-2\Hrot\Subsystems\Hrot.CGF\Orchestration\Handlers\CgfScenarioLoadHandler.cs(46,26,46,49): error CS0246: The type or namespace name 'IRecordReplayController' could not be found (are you missing a using directive or an assembly reference?)
101>D:\Work\IOS-IG-SimHost-FDP-2\Hrot\Subsystems\Hrot.CGF\Orchestration\Handlers\CgfEpisodeLoadHandler.cs(34,26,34,61): error CS0246: The type or namespace name 'ScenarioEntityCreationRequestSource' could not be found (are you missing a using directive or an assembly reference?)
101>D:\Work\IOS-IG-SimHost-FDP-2\Hrot\Subsystems\Hrot.CGF\CgfSubsystem.cs(74,13,74,28): error CS0246: The type or namespace name 'HrotNodeContext' could not be found (are you missing a using directive or an assembly reference?)
101>D:\Work\IOS-IG-SimHost-FDP-2\Hrot\Subsystems\Hrot.CGF\Orchestration\Handlers\CgfScenarioLoadHandler.cs(49,31,49,52): error CS0246: The type or namespace name 'EntityCreationRequest' could not be found (are you missing a using directive or an assembly reference?)
101>D:\Work\IOS-IG-SimHost-FDP-2\Hrot\Subsystems\Hrot.CGF\Orchestration\StagingEntityExtractor.cs(155,13,155,31): error CS0246: The type or namespace name 'ScenarioSerializer' could not be found (are you missing a using directive or an assembly reference?)
101>D:\Work\IOS-IG-SimHost-FDP-2\Hrot\Subsystems\Hrot.CGF\Orchestration\StagingEntityExtractor.cs(157,13,157,32): error CS0246: The type or namespace name 'INetworkIdAllocator' could not be found (are you missing a using directive or an assembly reference?)
101>D:\Work\IOS-IG-SimHost-FDP-2\Hrot\Subsystems\Hrot.CGF\Orchestration\StagingEntityExtractor.cs(159,13,159,37): error CS0246: The type or namespace name 'ScenarioBehaviorRemapper' could not be found (are you missing a using directive or an assembly reference?)
101>D:\Work\IOS-IG-SimHost-FDP-2\Hrot\Subsystems\Hrot.CGF\Orchestration\StagingEntityExtractor.cs(154,30,154,51): error CS0246: The type or namespace name 'EntityCreationRequest' could not be found (are you missing a using directive or an assembly reference?)
101>D:\Work\IOS-IG-SimHost-FDP-2\Hrot\Subsystems\Hrot.CGF\Orchestration\Handlers\CgfEpisodeLoadHandler.cs(35,26,35,45): error CS0246: The type or namespace name 'INetworkIdAllocator' could not be found (are you missing a using directive or an assembly reference?)
101>D:\Work\IOS-IG-SimHost-FDP-2\Hrot\Subsystems\Hrot.CGF\CgfSubsystem.cs(75,13,75,29): error CS0246: The type or namespace name 'NetworkEntityMap' could not be found (are you missing a using directive or an assembly reference?)
101>D:\Work\IOS-IG-SimHost-FDP-2\Hrot\Subsystems\Hrot.CGF\CgfApplication.cs(100,13,100,31): error CS0246: The type or namespace name 'ScenarioSerializer' could not be found (are you missing a using directive or an assembly reference?)
101>D:\Work\IOS-IG-SimHost-FDP-2\Hrot\Subsystems\Hrot.CGF\CgfApplication.cs(101,13,101,28): error CS0246: The type or namespace name 'INetworkFactory' could not be found (are you missing a using directive or an assembly reference?)
101>D:\Work\IOS-IG-SimHost-FDP-2\Hrot\Subsystems\Hrot.CGF\CgfLogicPack.cs(69,26,69,45): error CS0246: The type or namespace name 'UnitHierarchySystem' could not be found (are you missing a using directive or an assembly reference?)
101>D:\Work\IOS-IG-SimHost-FDP-2\Hrot\Subsystems\Hrot.CGF\Orchestration\StagingEntityExtractor.cs(353,13,353,37): error CS0246: The type or namespace name 'ScenarioBehaviorRemapper' could not be found (are you missing a using directive or an assembly reference?)
101>D:\Work\IOS-IG-SimHost-FDP-2\Hrot\Subsystems\Hrot.CGF\Orchestration\Handlers\CgfEpisodeLoadHandler.cs(36,26,36,42): error CS0246: The type or namespace name 'EntityRepository' could not be found (are you missing a using directive or an assembly reference?)
101>D:\Work\IOS-IG-SimHost-FDP-2\Hrot\Subsystems\Hrot.CGF\CgfLogicPack.cs(73,18,73,53): error CS0246: The type or namespace name 'ScenarioEntityCreationRequestSource' could not be found (are you missing a using directive or an assembly reference?)
101>D:\Work\IOS-IG-SimHost-FDP-2\Hrot\Subsystems\Hrot.CGF\Orchestration\Handlers\CgfEpisodeLoadHandler.cs(37,26,37,50): error CS0246: The type or namespace name 'ScenarioBehaviorRemapper' could not be found (are you missing a using directive or an assembly reference?)
101>D:\Work\IOS-IG-SimHost-FDP-2\Hrot\Subsystems\Hrot.CGF\CgfSubsystem.cs(79,54,79,81): error CS0246: The type or namespace name 'ClusterTimeTransportAdapter' could not be found (are you missing a using directive or an assembly reference?)
101>D:\Work\IOS-IG-SimHost-FDP-2\Hrot\Subsystems\Hrot.CGF\Orchestration\Handlers\CgfEpisodeLoadHandler.cs(39,31,39,52): error CS0246: The type or namespace name 'EntityCreationRequest' could not be found (are you missing a using directive or an assembly reference?)
101>D:\Work\IOS-IG-SimHost-FDP-2\Hrot\Subsystems\Hrot.CGF\CgfLogicPack.cs(76,30,76,46): error CS0246: The type or namespace name 'IEcsModuleSystem' could not be found (are you missing a using directive or an assembly reference?)
101>D:\Work\IOS-IG-SimHost-FDP-2\Hrot\Subsystems\Hrot.CGF\Orchestration\Handlers\CgfScenarioLoadHandler.cs(55,13,55,31): error CS0246: The type or namespace name 'ScenarioSerializer' could not be found (are you missing a using directive or an assembly reference?)
101>D:\Work\IOS-IG-SimHost-FDP-2\Hrot\Subsystems\Hrot.CGF\Orchestration\Handlers\CgfScenarioLoadHandler.cs(56,13,56,28): error CS0246: The type or namespace name 'IScenarioLoader' could not be found (are you missing a using directive or an assembly reference?)
101>D:\Work\IOS-IG-SimHost-FDP-2\Hrot\Subsystems\Hrot.CGF\Orchestration\Handlers\CgfScenarioLoadHandler.cs(58,13,58,48): error CS0246: The type or namespace name 'ScenarioEntityCreationRequestSource' could not be found (are you missing a using directive or an assembly reference?)
101>D:\Work\IOS-IG-SimHost-FDP-2\Hrot\Subsystems\Hrot.CGF\Orchestration\Handlers\CgfScenarioLoadHandler.cs(59,13,59,32): error CS0246: The type or namespace name 'INetworkIdAllocator' could not be found (are you missing a using directive or an assembly reference?)
101>D:\Work\IOS-IG-SimHost-FDP-2\Hrot\Subsystems\Hrot.CGF\Orchestration\Handlers\CgfScenarioLoadHandler.cs(60,13,60,37): error CS0246: The type or namespace name 'ScenarioBehaviorRemapper' could not be found (are you missing a using directive or an assembly reference?)
101>D:\Work\IOS-IG-SimHost-FDP-2\Hrot\Subsystems\Hrot.CGF\CgfSubsystem.cs(79,115,79,131): error CS0246: The type or namespace name 'BehaviorRegistry' could not be found (are you missing a using directive or an assembly reference?)
101>D:\Work\IOS-IG-SimHost-FDP-2\Hrot\Subsystems\Hrot.CGF\Orchestration\StagingEntityExtractor.cs(453,39,453,54): error CS0246: The type or namespace name 'IComponentTable' could not be found (are you missing a using directive or an assembly reference?)
101>D:\Work\IOS-IG-SimHost-FDP-2\Hrot\Subsystems\Hrot.CGF\Orchestration\StagingEntityExtractor.cs(455,16,455,26): error CS0246: The type or namespace name 'BitMask512' could not be found (are you missing a using directive or an assembly reference?)
101>D:\Work\IOS-IG-SimHost-FDP-2\Hrot\Subsystems\Hrot.CGF\Orchestration\StagingEntityExtractor.cs(456,16,456,26): error CS0246: The type or namespace name 'BitMask512' could not be found (are you missing a using directive or an assembly reference?)
101>D:\Work\IOS-IG-SimHost-FDP-2\Hrot\Subsystems\Hrot.CGF\Systems\CgfThreatEvaluationSystem.cs(20,6,20,19): error CS0246: The type or namespace name 'UpdateInPhaseAttribute' could not be found (are you missing a using directive or an assembly reference?)
101>D:\Work\IOS-IG-SimHost-FDP-2\Hrot\Subsystems\Hrot.CGF\Systems\CgfThreatEvaluationSystem.cs(20,6,20,19): error CS0246: The type or namespace name 'UpdateInPhase' could not be found (are you missing a using directive or an assembly reference?)
101>D:\Work\IOS-IG-SimHost-FDP-2\Hrot\Subsystems\Hrot.CGF\Systems\CgfThreatEvaluationSystem.cs(20,20,20,31): error CS0103: The name 'SystemPhase' does not exist in the current context
101>D:\Work\IOS-IG-SimHost-FDP-2\Hrot\Subsystems\Hrot.CGF\Systems\Routing\RouteContextSystem.cs(35,2,35,15): error CS0246: The type or namespace name 'UpdateInPhaseAttribute' could not be found (are you missing a using directive or an assembly reference?)
101>D:\Work\IOS-IG-SimHost-FDP-2\Hrot\Subsystems\Hrot.CGF\Systems\Routing\RouteContextSystem.cs(35,2,35,15): error CS0246: The type or namespace name 'UpdateInPhase' could not be found (are you missing a using directive or an assembly reference?)
101>D:\Work\IOS-IG-SimHost-FDP-2\Hrot\Subsystems\Hrot.CGF\Systems\Routing\RouteContextSystem.cs(35,16,35,27): error CS0103: The name 'SystemPhase' does not exist in the current context
101>D:\Work\IOS-IG-SimHost-FDP-2\Hrot\Subsystems\Hrot.CGF\Components\MissionAdapterState.cs(28,6,28,17): error CS0246: The type or namespace name 'ComponentIdAttribute' could not be found (are you missing a using directive or an assembly reference?)
101>D:\Work\IOS-IG-SimHost-FDP-2\Hrot\Subsystems\Hrot.CGF\Components\MissionAdapterState.cs(28,6,28,17): error CS0246: The type or namespace name 'ComponentId' could not be found (are you missing a using directive or an assembly reference?)
101>D:\Work\IOS-IG-SimHost-FDP-2\Hrot\Subsystems\Hrot.CGF\Components\MissionAdapterState.cs(29,6,29,16): error CS0246: The type or namespace name 'DataPolicyAttribute' could not be found (are you missing a using directive or an assembly reference?)
101>D:\Work\IOS-IG-SimHost-FDP-2\Hrot\Subsystems\Hrot.CGF\Components\MissionAdapterState.cs(29,6,29,16): error CS0246: The type or namespace name 'DataPolicy' could not be found (are you missing a using directive or an assembly reference?)
101>D:\Work\IOS-IG-SimHost-FDP-2\Hrot\Subsystems\Hrot.CGF\Components\MissionAdapterState.cs(29,17,29,27): error CS0103: The name 'DataPolicy' does not exist in the current context
101>D:\Work\IOS-IG-SimHost-FDP-2\Hrot\Subsystems\Hrot.CGF\Systems\DeleteEntityRequestSystem.cs(28,6,28,19): error CS0246: The type or namespace name 'UpdateInPhaseAttribute' could not be found (are you missing a using directive or an assembly reference?)
101>D:\Work\IOS-IG-SimHost-FDP-2\Hrot\Subsystems\Hrot.CGF\Systems\DeleteEntityRequestSystem.cs(28,6,28,19): error CS0246: The type or namespace name 'UpdateInPhase' could not be found (are you missing a using directive or an assembly reference?)
101>D:\Work\IOS-IG-SimHost-FDP-2\Hrot\Subsystems\Hrot.CGF\Systems\DeleteEntityRequestSystem.cs(28,20,28,31): error CS0103: The name 'SystemPhase' does not exist in the current context
101>D:\Work\IOS-IG-SimHost-FDP-2\Hrot\Subsystems\Hrot.CGF\Systems\EntityRequestFinalizationSystem.cs(30,6,30,19): error CS0246: The type or namespace name 'UpdateInPhaseAttribute' could not be found (are you missing a using directive or an assembly reference?)
101>D:\Work\IOS-IG-SimHost-FDP-2\Hrot\Subsystems\Hrot.CGF\Systems\EntityRequestFinalizationSystem.cs(30,6,30,19): error CS0246: The type or namespace name 'UpdateInPhase' could not be found (are you missing a using directive or an assembly reference?)
101>D:\Work\IOS-IG-SimHost-FDP-2\Hrot\Subsystems\Hrot.CGF\Systems\EntityRequestFinalizationSystem.cs(30,20,30,31): error CS0103: The name 'SystemPhase' does not exist in the current context
101>D:\Work\IOS-IG-SimHost-FDP-2\Hrot\Subsystems\Hrot.CGF\Systems\TacticalIntentResolutionSystem.cs(52,6,52,19): error CS0246: The type or namespace name 'UpdateInPhaseAttribute' could not be found (are you missing a using directive or an assembly reference?)
101>D:\Work\IOS-IG-SimHost-FDP-2\Hrot\Subsystems\Hrot.CGF\Systems\TacticalIntentResolutionSystem.cs(52,6,52,19): error CS0246: The type or namespace name 'UpdateInPhase' could not be found (are you missing a using directive or an assembly reference?)
101>D:\Work\IOS-IG-SimHost-FDP-2\Hrot\Subsystems\Hrot.CGF\Systems\TacticalIntentResolutionSystem.cs(52,20,52,31): error CS0103: The name 'SystemPhase' does not exist in the current context
101>D:\Work\IOS-IG-SimHost-FDP-2\Hrot\Subsystems\Hrot.CGF\CgfApplication.cs(100,83,100,105): error CS0103: The name 'OrchestrationConstants' does not exist in the current context
101>D:\Work\IOS-IG-SimHost-FDP-2\Hrot\Subsystems\Hrot.CGF\CgfSubsystem.cs(80,13,80,32): error CS0246: The type or namespace name 'TogglableInputGroup' could not be found (are you missing a using directive or an assembly reference?)
101>D:\Work\IOS-IG-SimHost-FDP-2\Hrot\Subsystems\Hrot.CGF\CgfLogicPack.cs(79,30,79,46): error CS0246: The type or namespace name 'IEcsModuleSystem' could not be found (are you missing a using directive or an assembly reference?)
101>D:\Work\IOS-IG-SimHost-FDP-2\Hrot\Subsystems\Hrot.CGF\Systems\CreateEntityRequestSystem.cs(40,6,40,19): error CS0246: The type or namespace name 'UpdateInPhaseAttribute' could not be found (are you missing a using directive or an assembly reference?)
101>D:\Work\IOS-IG-SimHost-FDP-2\Hrot\Subsystems\Hrot.CGF\Systems\CreateEntityRequestSystem.cs(40,6,40,19): error CS0246: The type or namespace name 'UpdateInPhase' could not be found (are you missing a using directive or an assembly reference?)
101>D:\Work\IOS-IG-SimHost-FDP-2\Hrot\Subsystems\Hrot.CGF\Systems\CreateEntityRequestSystem.cs(40,20,40,31): error CS0103: The name 'SystemPhase' does not exist in the current context
101>D:\Work\IOS-IG-SimHost-FDP-2\Hrot\Subsystems\Hrot.CGF\Systems\CgfThreatEvaluationSystem.cs(23,26,23,48): error CS0246: The type or namespace name 'ThreatEvaluationSystem' could not be found (are you missing a using directive or an assembly reference?)
101>D:\Work\IOS-IG-SimHost-FDP-2\Hrot\Subsystems\Hrot.CGF\Systems\MissionAdapterSystem.cs(30,6,30,19): error CS0246: The type or namespace name 'UpdateInPhaseAttribute' could not be found (are you missing a using directive or an assembly reference?)
101>D:\Work\IOS-IG-SimHost-FDP-2\Hrot\Subsystems\Hrot.CGF\Systems\MissionAdapterSystem.cs(30,6,30,19): error CS0246: The type or namespace name 'UpdateInPhase' could not be found (are you missing a using directive or an assembly reference?)
101>D:\Work\IOS-IG-SimHost-FDP-2\Hrot\Subsystems\Hrot.CGF\Systems\MissionAdapterSystem.cs(30,20,30,31): error CS0103: The name 'SystemPhase' does not exist in the current context
101>D:\Work\IOS-IG-SimHost-FDP-2\Hrot\Subsystems\Hrot.CGF\Systems\DeleteEntityRequestSystem.cs(31,26,31,54): error CS0246: The type or namespace name 'IEntityDeletionRequestSource' could not be found (are you missing a using directive or an assembly reference?)
101>D:\Work\IOS-IG-SimHost-FDP-2\Hrot\Subsystems\Hrot.CGF\Systems\TacticalIntentResolutionSystem.cs(57,26,57,54): error CS0246: The type or namespace name 'TacticalIntentMapperRegistry' could not be found (are you missing a using directive or an assembly reference?)
101>D:\Work\IOS-IG-SimHost-FDP-2\Hrot\Subsystems\Hrot.CGF\Systems\Routing\RouteContextSystem.cs(49,13,49,24): error CS0246: The type or namespace name 'EntityQuery' could not be found (are you missing a using directive or an assembly reference?)
101>D:\Work\IOS-IG-SimHost-FDP-2\Hrot\Subsystems\Hrot.CGF\CgfSubsystem.cs(81,13,81,37): error CS0246: The type or namespace name 'TogglableSimulationGroup' could not be found (are you missing a using directive or an assembly reference?)
101>D:\Work\IOS-IG-SimHost-FDP-2\Hrot\Subsystems\Hrot.CGF\Systems\CgfThreatEvaluationSystem.cs(25,29,25,44): error CS0246: The type or namespace name 'ISimulationView' could not be found (are you missing a using directive or an assembly reference?)
101>D:\Work\IOS-IG-SimHost-FDP-2\Hrot\Subsystems\Hrot.CGF\Systems\EntityRequestFinalizationSystem.cs(40,26,40,40): error CS0246: The type or namespace name 'IEntityAckSink' could not be found (are you missing a using directive or an assembly reference?)
101>D:\Work\IOS-IG-SimHost-FDP-2\Hrot\Subsystems\Hrot.CGF\CgfSubsystem.cs(82,18,82,22): error CS0234: The type or namespace name 'Core' does not exist in the namespace 'Hrot' (are you missing an assembly reference?)
101>D:\Work\IOS-IG-SimHost-FDP-2\Hrot\Subsystems\Hrot.CGF\Systems\TacticalIntentResolutionSystem.cs(58,26,58,42): error CS0246: The type or namespace name 'BehaviorRegistry' could not be found (are you missing a using directive or an assembly reference?)
101>D:\Work\IOS-IG-SimHost-FDP-2\Hrot\Subsystems\Hrot.CGF\Systems\MissionAdapterSystem.cs(35,36,35,51): error CS0246: The type or namespace name 'ISimulationView' could not be found (are you missing a using directive or an assembly reference?)
101>D:\Work\IOS-IG-SimHost-FDP-2\Hrot\Subsystems\Hrot.CGF\Systems\Routing\RouteContextSystem.cs(50,13,50,24): error CS0246: The type or namespace name 'EntityQuery' could not be found (are you missing a using directive or an assembly reference?)
101>D:\Work\IOS-IG-SimHost-FDP-2\Hrot\Subsystems\Hrot.CGF\Systems\DeleteEntityRequestSystem.cs(32,26,32,40): error CS0246: The type or namespace name 'IEntityAckSink' could not be found (are you missing a using directive or an assembly reference?)
101>D:\Work\IOS-IG-SimHost-FDP-2\Hrot\Subsystems\Hrot.CGF\Systems\EntityRequestFinalizationSystem.cs(41,26,41,42): error CS0246: The type or namespace name 'NetworkEntityMap' could not be found (are you missing a using directive or an assembly reference?)
101>D:\Work\IOS-IG-SimHost-FDP-2\Hrot\Subsystems\Hrot.CGF\CgfSubsystem.cs(83,13,83,33): error CS0246: The type or namespace name 'PhysicsToolkitModule' could not be found (are you missing a using directive or an assembly reference?)
101>D:\Work\IOS-IG-SimHost-FDP-2\Hrot\Subsystems\Hrot.CGF\Systems\Routing\RouteContextSystem.cs(62,25,62,40): error CS0246: The type or namespace name 'ISimulationView' could not be found (are you missing a using directive or an assembly reference?)
101>D:\Work\IOS-IG-SimHost-FDP-2\Hrot\Subsystems\Hrot.CGF\Orchestration\Handlers\CgfScenarioLoadHandler.cs(66,13,66,31): error CS0246: The type or namespace name 'ScenarioSerializer' could not be found (are you missing a using directive or an assembly reference?)
101>D:\Work\IOS-IG-SimHost-FDP-2\Hrot\Subsystems\Hrot.CGF\Orchestration\Handlers\CgfScenarioLoadHandler.cs(67,13,67,28): error CS0246: The type or namespace name 'IScenarioLoader' could not be found (are you missing a using directive or an assembly reference?)
101>D:\Work\IOS-IG-SimHost-FDP-2\Hrot\Subsystems\Hrot.CGF\Orchestration\Handlers\CgfScenarioLoadHandler.cs(69,13,69,48): error CS0246: The type or namespace name 'ScenarioEntityCreationRequestSource' could not be found (are you missing a using directive or an assembly reference?)
101>D:\Work\IOS-IG-SimHost-FDP-2\Hrot\Subsystems\Hrot.CGF\Orchestration\Handlers\CgfScenarioLoadHandler.cs(70,13,70,32): error CS0246: The type or namespace name 'INetworkIdAllocator' could not be found (are you missing a using directive or an assembly reference?)
101>D:\Work\IOS-IG-SimHost-FDP-2\Hrot\Subsystems\Hrot.CGF\Orchestration\Handlers\CgfScenarioLoadHandler.cs(71,13,71,29): error CS0246: The type or namespace name 'EntityRepository' could not be found (are you missing a using directive or an assembly reference?)
101>D:\Work\IOS-IG-SimHost-FDP-2\Hrot\Subsystems\Hrot.CGF\Orchestration\Handlers\CgfScenarioLoadHandler.cs(72,13,72,37): error CS0246: The type or namespace name 'ScenarioBehaviorRemapper' could not be found (are you missing a using directive or an assembly reference?)
101>D:\Work\IOS-IG-SimHost-FDP-2\Hrot\Subsystems\Hrot.CGF\Orchestration\Handlers\CgfScenarioLoadHandler.cs(73,13,73,36): error CS0246: The type or namespace name 'IRecordReplayController' could not be found (are you missing a using directive or an assembly reference?)
101>D:\Work\IOS-IG-SimHost-FDP-2\Hrot\Subsystems\Hrot.CGF\Systems\DeleteEntityRequestSystem.cs(33,26,33,42): error CS0246: The type or namespace name 'NetworkEntityMap' could not be found (are you missing a using directive or an assembly reference?)
101>D:\Work\IOS-IG-SimHost-FDP-2\Hrot\Subsystems\Hrot.CGF\Systems\TacticalIntentResolutionSystem.cs(68,13,68,41): error CS0246: The type or namespace name 'TacticalIntentMapperRegistry' could not be found (are you missing a using directive or an assembly reference?)
101>D:\Work\IOS-IG-SimHost-FDP-2\Hrot\Subsystems\Hrot.CGF\Systems\TacticalIntentResolutionSystem.cs(69,13,69,29): error CS0246: The type or namespace name 'BehaviorRegistry' could not be found (are you missing a using directive or an assembly reference?)
101>D:\Work\IOS-IG-SimHost-FDP-2\Hrot\Subsystems\Hrot.CGF\Systems\Routing\RouteContextSystem.cs(146,44,146,53): error CS0246: The type or namespace name 'RoutePlan' could not be found (are you missing a using directive or an assembly reference?)
101>D:\Work\IOS-IG-SimHost-FDP-2\Hrot\Subsystems\Hrot.CGF\Orchestration\Handlers\CgfScenarioLoadHandler.cs(102,49,102,68): error CS0246: The type or namespace name 'ExecuteNodeOpIntent' could not be found (are you missing a using directive or an assembly reference?)
101>D:\Work\IOS-IG-SimHost-FDP-2\Hrot\Subsystems\Hrot.CGF\Systems\TacticalIntentResolutionSystem.cs(78,29,78,44): error CS0246: The type or namespace name 'ISimulationView' could not be found (are you missing a using directive or an assembly reference?)
101>D:\Work\IOS-IG-SimHost-FDP-2\Hrot\Subsystems\Hrot.CGF\Systems\CreateEntityRequestSystem.cs(46,26,46,54): error CS0246: The type or namespace name 'IEntityCreationRequestSource' could not be found (are you missing a using directive or an assembly reference?)
101>D:\Work\IOS-IG-SimHost-FDP-2\Hrot\Subsystems\Hrot.CGF\Orchestration\Handlers\CgfEpisodeLoadHandler.cs(45,13,45,31): error CS0246: The type or namespace name 'ScenarioSerializer' could not be found (are you missing a using directive or an assembly reference?)
101>D:\Work\IOS-IG-SimHost-FDP-2\Hrot\Subsystems\Hrot.CGF\Orchestration\Handlers\CgfEpisodeLoadHandler.cs(46,13,46,28): error CS0246: The type or namespace name 'IScenarioLoader' could not be found (are you missing a using directive or an assembly reference?)
101>D:\Work\IOS-IG-SimHost-FDP-2\Hrot\Subsystems\Hrot.CGF\Orchestration\Handlers\CgfEpisodeLoadHandler.cs(48,13,48,48): error CS0246: The type or namespace name 'ScenarioEntityCreationRequestSource' could not be found (are you missing a using directive or an assembly reference?)
101>D:\Work\IOS-IG-SimHost-FDP-2\Hrot\Subsystems\Hrot.CGF\Orchestration\Handlers\CgfEpisodeLoadHandler.cs(49,13,49,32): error CS0246: The type or namespace name 'INetworkIdAllocator' could not be found (are you missing a using directive or an assembly reference?)
101>D:\Work\IOS-IG-SimHost-FDP-2\Hrot\Subsystems\Hrot.CGF\Orchestration\Handlers\CgfEpisodeLoadHandler.cs(50,13,50,29): error CS0246: The type or namespace name 'EntityRepository' could not be found (are you missing a using directive or an assembly reference?)
101>D:\Work\IOS-IG-SimHost-FDP-2\Hrot\Subsystems\Hrot.CGF\Orchestration\Handlers\CgfEpisodeLoadHandler.cs(51,13,51,37): error CS0246: The type or namespace name 'ScenarioBehaviorRemapper' could not be found (are you missing a using directive or an assembly reference?)
101>D:\Work\IOS-IG-SimHost-FDP-2\Hrot\Subsystems\Hrot.CGF\Systems\EntityRequestFinalizationSystem.cs(44,13,44,27): error CS0246: The type or namespace name 'IEntityAckSink' could not be found (are you missing a using directive or an assembly reference?)
101>D:\Work\IOS-IG-SimHost-FDP-2\Hrot\Subsystems\Hrot.CGF\Systems\EntityRequestFinalizationSystem.cs(45,13,45,29): error CS0246: The type or namespace name 'NetworkEntityMap' could not be found (are you missing a using directive or an assembly reference?)
101>D:\Work\IOS-IG-SimHost-FDP-2\Hrot\Subsystems\Hrot.CGF\Systems\CreateEntityRequestSystem.cs(47,26,47,40): error CS0246: The type or namespace name 'IEntityAckSink' could not be found (are you missing a using directive or an assembly reference?)
101>D:\Work\IOS-IG-SimHost-FDP-2\Hrot\Subsystems\Hrot.CGF\Systems\Routing\RouteContextSystem.cs(178,37,178,43): error CS0246: The type or namespace name 'Entity' could not be found (are you missing a using directive or an assembly reference?)
101>D:\Work\IOS-IG-SimHost-FDP-2\Hrot\Subsystems\Hrot.CGF\Systems\Routing\RouteContextSystem.cs(178,81,178,97): error CS0246: The type or namespace name 'EntityRepository' could not be found (are you missing a using directive or an assembly reference?)
101>D:\Work\IOS-IG-SimHost-FDP-2\Hrot\Subsystems\Hrot.CGF\Orchestration\Handlers\CgfScenarioLoadHandler.cs(159,28,159,47): error CS0246: The type or namespace name 'ExecuteNodeOpIntent' could not be found (are you missing a using directive or an assembly reference?)
101>D:\Work\IOS-IG-SimHost-FDP-2\Hrot\Subsystems\Hrot.CGF\Orchestration\Handlers\CgfScenarioLoadHandler.cs(159,56,159,72): error CS0246: The type or namespace name 'EntityRepository' could not be found (are you missing a using directive or an assembly reference?)
101>D:\Work\IOS-IG-SimHost-FDP-2\Hrot\Subsystems\Hrot.CGF\CgfSubsystem.cs(86,13,86,29): error CS0246: The type or namespace name 'EntityRepository' could not be found (are you missing a using directive or an assembly reference?)
101>D:\Work\IOS-IG-SimHost-FDP-2\Hrot\Subsystems\Hrot.CGF\CgfLogicPack.cs(110,13,110,29): error CS0246: The type or namespace name 'BehaviorRegistry' could not be found (are you missing a using directive or an assembly reference?)
101>D:\Work\IOS-IG-SimHost-FDP-2\Hrot\Subsystems\Hrot.CGF\CgfLogicPack.cs(111,13,111,29): error CS0246: The type or namespace name 'NetworkEntityMap' could not be found (are you missing a using directive or an assembly reference?)
101>D:\Work\IOS-IG-SimHost-FDP-2\Hrot\Subsystems\Hrot.CGF\CgfLogicPack.cs(112,13,112,48): error CS0246: The type or namespace name 'ScenarioEntityCreationRequestSource' could not be found (are you missing a using directive or an assembly reference?)
101>D:\Work\IOS-IG-SimHost-FDP-2\Hrot\Subsystems\Hrot.CGF\CgfLogicPack.cs(113,13,113,41): error CS0246: The type or namespace name 'TacticalIntentMapperRegistry' could not be found (are you missing a using directive or an assembly reference?)
101>D:\Work\IOS-IG-SimHost-FDP-2\Hrot\Subsystems\Hrot.CGF\CgfLogicPack.cs(114,13,114,23): error CS0246: The type or namespace name 'VehicleAPI' could not be found (are you missing a using directive or an assembly reference?)
101>D:\Work\IOS-IG-SimHost-FDP-2\Hrot\Subsystems\Hrot.CGF\Orchestration\Handlers\CgfEpisodeLoadHandler.cs(63,31,63,41): error CS0246: The type or namespace name 'NodeOpType' could not be found (are you missing a using directive or an assembly reference?)
101>D:\Work\IOS-IG-SimHost-FDP-2\Hrot\Subsystems\Hrot.CGF\Systems\CreateEntityRequestSystem.cs(48,26,48,38): error CS0246: The type or namespace name 'ITkbDatabase' could not be found (are you missing a using directive or an assembly reference?)
101>D:\Work\IOS-IG-SimHost-FDP-2\Hrot\Subsystems\Hrot.CGF\Systems\CreateEntityRequestSystem.cs(49,26,49,45): error CS0246: The type or namespace name 'INetworkIdAllocator' could not be found (are you missing a using directive or an assembly reference?)
101>D:\Work\IOS-IG-SimHost-FDP-2\Hrot\Subsystems\Hrot.CGF\Systems\DeleteEntityRequestSystem.cs(38,13,38,41): error CS0246: The type or namespace name 'IEntityDeletionRequestSource' could not be found (are you missing a using directive or an assembly reference?)
101>D:\Work\IOS-IG-SimHost-FDP-2\Hrot\Subsystems\Hrot.CGF\Systems\DeleteEntityRequestSystem.cs(39,13,39,27): error CS0246: The type or namespace name 'IEntityAckSink' could not be found (are you missing a using directive or an assembly reference?)
101>D:\Work\IOS-IG-SimHost-FDP-2\Hrot\Subsystems\Hrot.CGF\Systems\DeleteEntityRequestSystem.cs(40,13,40,29): error CS0246: The type or namespace name 'NetworkEntityMap' could not be found (are you missing a using directive or an assembly reference?)
101>D:\Work\IOS-IG-SimHost-FDP-2\Hrot\Subsystems\Hrot.CGF\Systems\EntityRequestFinalizationSystem.cs(62,29,62,44): error CS0246: The type or namespace name 'ISimulationView' could not be found (are you missing a using directive or an assembly reference?)
101>D:\Work\IOS-IG-SimHost-FDP-2\Hrot\Subsystems\Hrot.CGF\Orchestration\Handlers\CgfScenarioLoadHandler.cs(177,27,177,46): error CS0246: The type or namespace name 'ExecuteNodeOpIntent' could not be found (are you missing a using directive or an assembly reference?)
101>D:\Work\IOS-IG-SimHost-FDP-2\Hrot\Subsystems\Hrot.CGF\Orchestration\Handlers\CgfScenarioLoadHandler.cs(177,55,177,71): error CS0246: The type or namespace name 'EntityRepository' could not be found (are you missing a using directive or an assembly reference?)
101>D:\Work\IOS-IG-SimHost-FDP-2\Hrot\Subsystems\Hrot.CGF\CgfLogicPack.cs(176,37,176,52): error CS0246: The type or namespace name 'ISystemRegistry' could not be found (are you missing a using directive or an assembly reference?)
101>D:\Work\IOS-IG-SimHost-FDP-2\Hrot\Subsystems\Hrot.CGF\CgfSubsystem.cs(87,13,87,34): error CS0246: The type or namespace name 'DebugSnapshotProvider' could not be found (are you missing a using directive or an assembly reference?)
101>D:\Work\IOS-IG-SimHost-FDP-2\Hrot\Subsystems\Hrot.CGF\Orchestration\Handlers\CgfEpisodeLoadHandler.cs(68,43,68,62): error CS0246: The type or namespace name 'ExecuteNodeOpIntent' could not be found (are you missing a using directive or an assembly reference?)
101>D:\Work\IOS-IG-SimHost-FDP-2\Hrot\Subsystems\Hrot.CGF\Systems\CreateEntityRequestSystem.cs(52,26,52,47): error CS0246: The type or namespace name 'JsonAttributeCompiler' could not be found (are you missing a using directive or an assembly reference?)
101>D:\Work\IOS-IG-SimHost-FDP-2\Hrot\Subsystems\Hrot.CGF\CgfLogicPack.cs(179,26,179,41): error CS0246: The type or namespace name 'ISimulationView' could not be found (are you missing a using directive or an assembly reference?)
101>D:\Work\IOS-IG-SimHost-FDP-2\Hrot\Subsystems\Hrot.CGF\Systems\DeleteEntityRequestSystem.cs(52,29,52,44): error CS0246: The type or namespace name 'ISimulationView' could not be found (are you missing a using directive or an assembly reference?)
101>D:\Work\IOS-IG-SimHost-FDP-2\Hrot\Subsystems\Hrot.CGF\CgfSubsystem.cs(88,13,88,34): error CS0246: The type or namespace name 'DataBreakpointManager' could not be found (are you missing a using directive or an assembly reference?)
101>D:\Work\IOS-IG-SimHost-FDP-2\Hrot\Subsystems\Hrot.CGF\Systems\CreateEntityRequestSystem.cs(54,26,54,56): error CS0246: The type or namespace name 'IOwnershipDistributionStrategy' could not be found (are you missing a using directive or an assembly reference?)
101>D:\Work\IOS-IG-SimHost-FDP-2\Hrot\Subsystems\Hrot.CGF\Systems\CreateEntityRequestSystem.cs(61,17,61,33): error CS0246: The type or namespace name 'ListPatchContext' could not be found (are you missing a using directive or an assembly reference?)
101>D:\Work\IOS-IG-SimHost-FDP-2\Hrot\Subsystems\Hrot.CGF\Orchestration\Handlers\CgfEpisodeLoadHandler.cs(85,28,85,47): error CS0246: The type or namespace name 'ExecuteNodeOpIntent' could not be found (are you missing a using directive or an assembly reference?)
101>D:\Work\IOS-IG-SimHost-FDP-2\Hrot\Subsystems\Hrot.CGF\Orchestration\Handlers\CgfEpisodeLoadHandler.cs(85,56,85,72): error CS0246: The type or namespace name 'EntityRepository' could not be found (are you missing a using directive or an assembly reference?)
101>D:\Work\IOS-IG-SimHost-FDP-2\Hrot\Subsystems\Hrot.CGF\CgfSubsystem.cs(89,13,89,33): error CS0246: The type or namespace name 'DataBreakpointSystem' could not be found (are you missing a using directive or an assembly reference?)
101>D:\Work\IOS-IG-SimHost-FDP-2\Hrot\Subsystems\Hrot.CGF\Systems\DeleteEntityRequestSystem.cs(57,37,57,52): error CS0246: The type or namespace name 'ISimulationView' could not be found (are you missing a using directive or an assembly reference?)
101>D:\Work\IOS-IG-SimHost-FDP-2\Hrot\Subsystems\Hrot.CGF\Systems\DeleteEntityRequestSystem.cs(57,59,57,80): error CS0246: The type or namespace name 'EntityDeletionRequest' could not be found (are you missing a using directive or an assembly reference?)
101>D:\Work\IOS-IG-SimHost-FDP-2\Hrot\Subsystems\Hrot.CGF\CgfSubsystem.cs(92,13,92,48): error CS0246: The type or namespace name 'ScenarioEntityCreationRequestSource' could not be found (are you missing a using directive or an assembly reference?)
101>D:\Work\IOS-IG-SimHost-FDP-2\Hrot\Subsystems\Hrot.CGF\Orchestration\Handlers\CgfEpisodeLoadHandler.cs(96,27,96,46): error CS0246: The type or namespace name 'ExecuteNodeOpIntent' could not be found (are you missing a using directive or an assembly reference?)
101>D:\Work\IOS-IG-SimHost-FDP-2\Hrot\Subsystems\Hrot.CGF\Orchestration\Handlers\CgfEpisodeLoadHandler.cs(96,55,96,71): error CS0246: The type or namespace name 'EntityRepository' could not be found (are you missing a using directive or an assembly reference?)
101>D:\Work\IOS-IG-SimHost-FDP-2\Hrot\Subsystems\Hrot.CGF\CgfSubsystem.cs(98,14,98,49): error CS0246: The type or namespace name 'ScenarioEntityCreationRequestSource' could not be found (are you missing a using directive or an assembly reference?)
101>D:\Work\IOS-IG-SimHost-FDP-2\Hrot\Subsystems\Hrot.CGF\Orchestration\Handlers\CgfEpisodeLoadHandler.cs(106,51,106,70): error CS0246: The type or namespace name 'ExecuteNodeOpIntent' could not be found (are you missing a using directive or an assembly reference?)
101>D:\Work\IOS-IG-SimHost-FDP-2\Hrot\Subsystems\Hrot.CGF\CgfSubsystem.cs(101,13,101,22): error CS0246: The type or namespace name 'MapCanvas' could not be found (are you missing a using directive or an assembly reference?)
101>D:\Work\IOS-IG-SimHost-FDP-2\Hrot\Subsystems\Hrot.CGF\Orchestration\Handlers\CgfEpisodeLoadHandler.cs(156,50,156,69): error CS0246: The type or namespace name 'ExecuteNodeOpIntent' could not be found (are you missing a using directive or an assembly reference?)
101>D:\Work\IOS-IG-SimHost-FDP-2\Hrot\Subsystems\Hrot.CGF\Systems\CreateEntityRequestSystem.cs(93,13,93,41): error CS0246: The type or namespace name 'IEntityCreationRequestSource' could not be found (are you missing a using directive or an assembly reference?)
101>D:\Work\IOS-IG-SimHost-FDP-2\Hrot\Subsystems\Hrot.CGF\Systems\CreateEntityRequestSystem.cs(94,13,94,27): error CS0246: The type or namespace name 'IEntityAckSink' could not be found (are you missing a using directive or an assembly reference?)
101>D:\Work\IOS-IG-SimHost-FDP-2\Hrot\Subsystems\Hrot.CGF\Systems\CreateEntityRequestSystem.cs(95,13,95,25): error CS0246: The type or namespace name 'ITkbDatabase' could not be found (are you missing a using directive or an assembly reference?)
101>D:\Work\IOS-IG-SimHost-FDP-2\Hrot\Subsystems\Hrot.CGF\Systems\CreateEntityRequestSystem.cs(96,13,96,32): error CS0246: The type or namespace name 'INetworkIdAllocator' could not be found (are you missing a using directive or an assembly reference?)
101>D:\Work\IOS-IG-SimHost-FDP-2\Hrot\Subsystems\Hrot.CGF\Systems\CreateEntityRequestSystem.cs(98,13,98,34): error CS0246: The type or namespace name 'JsonAttributeCompiler' could not be found (are you missing a using directive or an assembly reference?)
101>D:\Work\IOS-IG-SimHost-FDP-2\Hrot\Subsystems\Hrot.CGF\Systems\CreateEntityRequestSystem.cs(101,13,101,43): error CS0246: The type or namespace name 'IOwnershipDistributionStrategy' could not be found (are you missing a using directive or an assembly reference?)
101>D:\Work\IOS-IG-SimHost-FDP-2\Hrot\Subsystems\Hrot.CGF\CgfSubsystem.cs(102,13,102,34): error CS0246: The type or namespace name 'DefaultSelectionState' could not be found (are you missing a using directive or an assembly reference?)
101>D:\Work\IOS-IG-SimHost-FDP-2\Hrot\Subsystems\Hrot.CGF\Orchestration\Handlers\CgfEpisodeLoadHandler.cs(208,60,208,76): error CS0246: The type or namespace name 'EntityRepository' could not be found (are you missing a using directive or an assembly reference?)
101>D:\Work\IOS-IG-SimHost-FDP-2\Hrot\Subsystems\Hrot.CGF\Systems\CreateEntityRequestSystem.cs(119,33,119,54): error CS0246: The type or namespace name 'EntityCreationRequest' could not be found (are you missing a using directive or an assembly reference?)
101>D:\Work\IOS-IG-SimHost-FDP-2\Hrot\Subsystems\Hrot.CGF\Systems\CreateEntityRequestSystem.cs(122,29,122,44): error CS0246: The type or namespace name 'ISimulationView' could not be found (are you missing a using directive or an assembly reference?)
101>D:\Work\IOS-IG-SimHost-FDP-2\Hrot\Subsystems\Hrot.CGF\Systems\CreateEntityRequestSystem.cs(144,45,144,66): error CS0246: The type or namespace name 'EntityCreationRequest' could not be found (are you missing a using directive or an assembly reference?)
101>D:\Work\IOS-IG-SimHost-FDP-2\Hrot\Subsystems\Hrot.CGF\CgfSubsystem.cs(104,13,104,24): error CS0246: The type or namespace name 'EntityQuery' could not be found (are you missing a using directive or an assembly reference?)
101>D:\Work\IOS-IG-SimHost-FDP-2\Hrot\Subsystems\Hrot.CGF\Systems\CreateEntityRequestSystem.cs(206,44,206,59): error CS0246: The type or namespace name 'ISimulationView' could not be found (are you missing a using directive or an assembly reference?)
101>D:\Work\IOS-IG-SimHost-FDP-2\Hrot\Subsystems\Hrot.CGF\Systems\CreateEntityRequestSystem.cs(444,22,444,37): error CS0246: The type or namespace name 'DescriptorGrant' could not be found (are you missing a using directive or an assembly reference?)
101>D:\Work\IOS-IG-SimHost-FDP-2\Hrot\Subsystems\Hrot.CGF\CgfSubsystem.cs(105,13,105,16): error CS0246: The type or namespace name 'Fdp' could not be found (are you missing a using directive or an assembly reference?)
101>D:\Work\IOS-IG-SimHost-FDP-2\Hrot\Subsystems\Hrot.CGF\Systems\CreateEntityRequestSystem.cs(459,20,459,41): error CS0246: The type or namespace name 'EntityCreationRequest' could not be found (are you missing a using directive or an assembly reference?)
101>D:\Work\IOS-IG-SimHost-FDP-2\Hrot\Subsystems\Hrot.CGF\CgfSubsystem.cs(106,13,106,16): error CS0246: The type or namespace name 'Fdp' could not be found (are you missing a using directive or an assembly reference?)
101>D:\Work\IOS-IG-SimHost-FDP-2\Hrot\Subsystems\Hrot.CGF\CgfSubsystem.cs(107,13,107,16): error CS0246: The type or namespace name 'Fdp' could not be found (are you missing a using directive or an assembly reference?)
101>D:\Work\IOS-IG-SimHost-FDP-2\Hrot\Subsystems\Hrot.CGF\CgfSubsystem.cs(108,13,108,16): error CS0246: The type or namespace name 'Fdp' could not be found (are you missing a using directive or an assembly reference?)
101>D:\Work\IOS-IG-SimHost-FDP-2\Hrot\Subsystems\Hrot.CGF\CgfSubsystem.cs(109,13,109,16): error CS0246: The type or namespace name 'Fdp' could not be found (are you missing a using directive or an assembly reference?)
101>D:\Work\IOS-IG-SimHost-FDP-2\Hrot\Subsystems\Hrot.CGF\CgfSubsystem.cs(111,14,111,17): error CS0246: The type or namespace name 'Fdp' could not be found (are you missing a using directive or an assembly reference?)
101>D:\Work\IOS-IG-SimHost-FDP-2\Hrot\Subsystems\Hrot.CGF\CgfSubsystem.cs(119,13,119,42): error CS0246: The type or namespace name 'DiagnosticEventHistoryService' could not be found (are you missing a using directive or an assembly reference?)
101>D:\Work\IOS-IG-SimHost-FDP-2\Hrot\Subsystems\Hrot.CGF\CgfSubsystem.cs(125,13,125,28): error CS0246: The type or namespace name 'DebugGizmoLayer' could not be found (are you missing a using directive or an assembly reference?)
101>D:\Work\IOS-IG-SimHost-FDP-2\Hrot\Subsystems\Hrot.CGF\CgfSubsystem.cs(137,30,137,34): error CS0234: The type or namespace name 'Core' does not exist in the namespace 'Hrot' (are you missing an assembly reference?)
101>D:\Work\IOS-IG-SimHost-FDP-2\Hrot\Subsystems\Hrot.CGF\CgfSubsystem.cs(143,14,143,30): error CS0246: The type or namespace name 'NetworkEntityMap' could not be found (are you missing a using directive or an assembly reference?)
101>D:\Work\IOS-IG-SimHost-FDP-2\Hrot\Subsystems\Hrot.CGF\CgfSubsystem.cs(146,14,146,17): error CS0246: The type or namespace name 'Fdp' could not be found (are you missing a using directive or an assembly reference?)
101>D:\Work\IOS-IG-SimHost-FDP-2\Hrot\Subsystems\Hrot.CGF\CgfSubsystem.cs(149,14,149,36): error CS0246: The type or namespace name 'IDataBreakpointManager' could not be found (are you missing a using directive or an assembly reference?)
101>D:\Work\IOS-IG-SimHost-FDP-2\Hrot\Subsystems\Hrot.CGF\CgfSubsystem.cs(152,14,152,35): error CS0246: The type or namespace name 'DebugSnapshotProvider' could not be found (are you missing a using directive or an assembly reference?)
101>D:\Work\IOS-IG-SimHost-FDP-2\Hrot\Subsystems\Hrot.CGF\CgfSubsystem.cs(157,14,157,30): error CS0246: The type or namespace name 'BehaviorRegistry' could not be found (are you missing a using directive or an assembly reference?)
101>D:\Work\IOS-IG-SimHost-FDP-2\Hrot\Subsystems\Hrot.CGF\CgfSubsystem.cs(200,28,200,43): error CS0246: The type or namespace name 'SubsystemConfig' could not be found (are you missing a using directive or an assembly reference?)
101>D:\Work\IOS-IG-SimHost-FDP-2\Hrot\Subsystems\Hrot.CGF\CgfSubsystem.cs(626,12,626,25): error CS0246: The type or namespace name 'MapCameraView' could not be found (are you missing a using directive or an assembly reference?)
101>D:\Work\IOS-IG-SimHost-FDP-2\Hrot\Subsystems\Hrot.CGF\CgfSubsystem.cs(629,33,629,46): error CS0246: The type or namespace name 'MapCameraView' could not be found (are you missing a using directive or an assembly reference?)
101>D:\Work\IOS-IG-SimHost-FDP-2\Hrot\Subsystems\Hrot.CGF\CgfSubsystem.cs(632,12,632,21): error CS0246: The type or namespace name 'MapCamera' could not be found (are you missing a using directive or an assembly reference?)
101>D:\Work\IOS-IG-SimHost-FDP-2\Hrot\Subsystems\Hrot.CGF\CgfSubsystem.cs(635,33,635,36): error CS0246: The type or namespace name 'Fdp' could not be found (are you missing a using directive or an assembly reference?)
101>D:\Work\IOS-IG-SimHost-FDP-2\Hrot\Subsystems\Hrot.CGF\CgfSubsystem.cs(720,39,720,45): error CS0246: The type or namespace name 'Entity' could not be found (are you missing a using directive or an assembly reference?)
101>D:\Work\IOS-IG-SimHost-FDP-2\Hrot\Subsystems\Hrot.CGF\CgfSubsystem.cs(743,31,743,37): error CS0246: The type or namespace name 'Entity' could not be found (are you missing a using directive or an assembly reference?)
101>D:\Work\IOS-IG-SimHost-FDP-2\Hrot\Subsystems\Hrot.CGF\CgfSubsystem.cs(785,48,785,58): error CS0246: The type or namespace name 'IEcsModule' could not be found (are you missing a using directive or an assembly reference?)
101>D:\Work\IOS-IG-SimHost-FDP-2\Hrot\Subsystems\Hrot.CGF\CgfSubsystem.cs(787,26,787,50): error CS0246: The type or namespace name 'TogglableSimulationGroup' could not be found (are you missing a using directive or an assembly reference?)
101>D:\Work\IOS-IG-SimHost-FDP-2\Hrot\Subsystems\Hrot.CGF\CgfSubsystem.cs(789,16,789,31): error CS0246: The type or namespace name 'ExecutionPolicy' could not be found (are you missing a using directive or an assembly reference?)
101>D:\Work\IOS-IG-SimHost-FDP-2\Hrot\Subsystems\Hrot.CGF\CgfSubsystem.cs(790,36,790,60): error CS0246: The type or namespace name 'TogglableSimulationGroup' could not be found (are you missing a using directive or an assembly reference?)
101>D:\Work\IOS-IG-SimHost-FDP-2\Hrot\Subsystems\Hrot.CGF\CgfSubsystem.cs(791,37,791,52): error CS0246: The type or namespace name 'ISystemRegistry' could not be found (are you missing a using directive or an assembly reference?)
101>D:\Work\IOS-IG-SimHost-FDP-2\Hrot\Subsystems\Hrot.CGF\CgfSubsystem.cs(792,26,792,41): error CS0246: The type or namespace name 'ISimulationView' could not be found (are you missing a using directive or an assembly reference?)
101>D:\Work\IOS-IG-SimHost-FDP-2\Hrot\Subsystems\Hrot.CGF\CgfSubsystem.cs(796,55,796,65): error CS0234: The type or namespace name 'Blueprints' does not exist in the namespace 'Hrot' (are you missing an assembly reference?)
101>D:\Work\IOS-IG-SimHost-FDP-2\Hrot\Subsystems\Hrot.CGF\CgfSubsystem.cs(798,17,798,39): error CS0246: The type or namespace name 'IDataBreakpointManager' could not be found (are you missing a using directive or an assembly reference?)
101>D:\Work\IOS-IG-SimHost-FDP-2\Hrot\Subsystems\Hrot.CGF\CgfSubsystem.cs(804,32,804,54): error CS0246: The type or namespace name 'IDataBreakpointManager' could not be found (are you missing a using directive or an assembly reference?)
101>Done building project "Hrot.CGF.csproj" -- FAILED.
103>------ Rebuild All started: Project: Hrot.ReplayBrowser, Configuration: Debug Any CPU ------
104>------ Rebuild All started: Project: Hrot.Editor, Configuration: Debug Any CPU ------
105>------ Rebuild All started: Project: Hrot.SimHost.Integration.Tests, Configuration: Debug Any CPU ------
106>------ Rebuild All started: Project: Hrot.SimHost.Tests, Configuration: Debug Any CPU ------
99>D:\Work\IOS-IG-SimHost-FDP-2\Hrot\Diagnostics\Hrot.Diagnostics.Breakpoints.Tests\AllocationOptimizationTests.cs(2,7,2,10): error CS0246: The type or namespace name 'Fdp' could not be found (are you missing a using directive or an assembly reference?)
99>D:\Work\IOS-IG-SimHost-FDP-2\Hrot\Diagnostics\Hrot.Diagnostics.Breakpoints.Tests\AllocationOptimizationTests.cs(3,7,3,10): error CS0246: The type or namespace name 'Fdp' could not be found (are you missing a using directive or an assembly reference?)
99>D:\Work\IOS-IG-SimHost-FDP-2\Hrot\Diagnostics\Hrot.Diagnostics.Breakpoints.Tests\AllocationOptimizationTests.cs(4,7,4,10): error CS0246: The type or namespace name 'Fdp' could not be found (are you missing a using directive or an assembly reference?)
99>D:\Work\IOS-IG-SimHost-FDP-2\Hrot\Diagnostics\Hrot.Diagnostics.Breakpoints.Tests\AllocationOptimizationTests.cs(6,7,6,17): error CS0246: The type or namespace name 'StructEdit' could not be found (are you missing a using directive or an assembly reference?)
99>D:\Work\IOS-IG-SimHost-FDP-2\Hrot\Diagnostics\Hrot.Diagnostics.Breakpoints.Tests\BlueprintContextMenuTests.cs(3,7,3,10): error CS0246: The type or namespace name 'Fdp' could not be found (are you missing a using directive or an assembly reference?)
99>D:\Work\IOS-IG-SimHost-FDP-2\Hrot\Diagnostics\Hrot.Diagnostics.Breakpoints.Tests\BlueprintContextMenuTests.cs(4,7,4,10): error CS0246: The type or namespace name 'Fdp' could not be found (are you missing a using directive or an assembly reference?)
99>D:\Work\IOS-IG-SimHost-FDP-2\Hrot\Diagnostics\Hrot.Diagnostics.Breakpoints.Tests\BlueprintContextMenuTests.cs(5,7,5,10): error CS0246: The type or namespace name 'Fdp' could not be found (are you missing a using directive or an assembly reference?)
99>D:\Work\IOS-IG-SimHost-FDP-2\Hrot\Diagnostics\Hrot.Diagnostics.Breakpoints.Tests\BlueprintContextMenuTests.cs(6,7,6,10): error CS0246: The type or namespace name 'Fdp' could not be found (are you missing a using directive or an assembly reference?)
99>D:\Work\IOS-IG-SimHost-FDP-2\Hrot\Diagnostics\Hrot.Diagnostics.Breakpoints.Tests\BlueprintContextMenuTests.cs(7,7,7,10): error CS0246: The type or namespace name 'Fdp' could not be found (are you missing a using directive or an assembly reference?)
99>D:\Work\IOS-IG-SimHost-FDP-2\Hrot\Diagnostics\Hrot.Diagnostics.Breakpoints.Tests\BlueprintContextMenuTests.cs(8,7,8,10): error CS0246: The type or namespace name 'Fdp' could not be found (are you missing a using directive or an assembly reference?)
99>D:\Work\IOS-IG-SimHost-FDP-2\Hrot\Diagnostics\Hrot.Diagnostics.Breakpoints.Tests\BlueprintContextMenuTests.cs(9,12,9,22): error CS0234: The type or namespace name 'Blueprints' does not exist in the namespace 'Hrot' (are you missing an assembly reference?)
99>D:\Work\IOS-IG-SimHost-FDP-2\Hrot\Diagnostics\Hrot.Diagnostics.Breakpoints.Tests\BlueprintContextMenuTests.cs(11,7,11,17): error CS0246: The type or namespace name 'StructEdit' could not be found (are you missing a using directive or an assembly reference?)
99>D:\Work\IOS-IG-SimHost-FDP-2\Hrot\Diagnostics\Hrot.Diagnostics.Breakpoints.Tests\BlueprintVariableTests.cs(4,7,4,10): error CS0246: The type or namespace name 'Fdp' could not be found (are you missing a using directive or an assembly reference?)
99>D:\Work\IOS-IG-SimHost-FDP-2\Hrot\Diagnostics\Hrot.Diagnostics.Breakpoints.Tests\BlueprintVariableTests.cs(5,7,5,10): error CS0246: The type or namespace name 'Fdp' could not be found (are you missing a using directive or an assembly reference?)
99>D:\Work\IOS-IG-SimHost-FDP-2\Hrot\Diagnostics\Hrot.Diagnostics.Breakpoints.Tests\BlueprintVariableTests.cs(6,7,6,10): error CS0246: The type or namespace name 'Fdp' could not be found (are you missing a using directive or an assembly reference?)
99>D:\Work\IOS-IG-SimHost-FDP-2\Hrot\Diagnostics\Hrot.Diagnostics.Breakpoints.Tests\BlueprintVariableTests.cs(7,7,7,10): error CS0246: The type or namespace name 'Fdp' could not be found (are you missing a using directive or an assembly reference?)
99>D:\Work\IOS-IG-SimHost-FDP-2\Hrot\Diagnostics\Hrot.Diagnostics.Breakpoints.Tests\BlueprintVariableTests.cs(8,7,8,10): error CS0246: The type or namespace name 'Fdp' could not be found (are you missing a using directive or an assembly reference?)
99>D:\Work\IOS-IG-SimHost-FDP-2\Hrot\Diagnostics\Hrot.Diagnostics.Breakpoints.Tests\BlueprintVariableTests.cs(10,7,10,17): error CS0246: The type or namespace name 'StructEdit' could not be found (are you missing a using directive or an assembly reference?)
99>D:\Work\IOS-IG-SimHost-FDP-2\Hrot\Diagnostics\Hrot.Diagnostics.Breakpoints.Tests\BTreeContextMenuTests.cs(3,7,3,10): error CS0246: The type or namespace name 'Fdp' could not be found (are you missing a using directive or an assembly reference?)
99>D:\Work\IOS-IG-SimHost-FDP-2\Hrot\Diagnostics\Hrot.Diagnostics.Breakpoints.Tests\BTreeContextMenuTests.cs(4,7,4,10): error CS0246: The type or namespace name 'Fdp' could not be found (are you missing a using directive or an assembly reference?)
99>D:\Work\IOS-IG-SimHost-FDP-2\Hrot\Diagnostics\Hrot.Diagnostics.Breakpoints.Tests\BTreeContextMenuTests.cs(5,7,5,10): error CS0246: The type or namespace name 'Fdp' could not be found (are you missing a using directive or an assembly reference?)
99>D:\Work\IOS-IG-SimHost-FDP-2\Hrot\Diagnostics\Hrot.Diagnostics.Breakpoints.Tests\BTreeContextMenuTests.cs(6,7,6,10): error CS0246: The type or namespace name 'Fdp' could not be found (are you missing a using directive or an assembly reference?)
99>D:\Work\IOS-IG-SimHost-FDP-2\Hrot\Diagnostics\Hrot.Diagnostics.Breakpoints.Tests\BTreeContextMenuTests.cs(7,7,7,10): error CS0246: The type or namespace name 'Fbt' could not be found (are you missing a using directive or an assembly reference?)
99>D:\Work\IOS-IG-SimHost-FDP-2\Hrot\Diagnostics\Hrot.Diagnostics.Breakpoints.Tests\BTreeContextMenuTests.cs(8,12,8,17): error CS0234: The type or namespace name 'BTree' does not exist in the namespace 'Hrot' (are you missing an assembly reference?)
99>D:\Work\IOS-IG-SimHost-FDP-2\Hrot\Diagnostics\Hrot.Diagnostics.Breakpoints.Tests\BTreeContextMenuTests.cs(9,12,9,17): error CS0234: The type or namespace name 'BTree' does not exist in the namespace 'Hrot' (are you missing an assembly reference?)
99>D:\Work\IOS-IG-SimHost-FDP-2\Hrot\Diagnostics\Hrot.Diagnostics.Breakpoints.Tests\BTreeContextMenuTests.cs(10,12,10,17): error CS0234: The type or namespace name 'BTree' does not exist in the namespace 'Hrot' (are you missing an assembly reference?)
99>D:\Work\IOS-IG-SimHost-FDP-2\Hrot\Diagnostics\Hrot.Diagnostics.Breakpoints.Tests\BTreeContextMenuTests.cs(12,7,12,17): error CS0246: The type or namespace name 'StructEdit' could not be found (are you missing a using directive or an assembly reference?)
99>D:\Work\IOS-IG-SimHost-FDP-2\Hrot\Diagnostics\Hrot.Diagnostics.Breakpoints.Tests\DataBreakpointGizmoViewTests.cs(3,7,3,10): error CS0246: The type or namespace name 'Fdp' could not be found (are you missing a using directive or an assembly reference?)
99>D:\Work\IOS-IG-SimHost-FDP-2\Hrot\Diagnostics\Hrot.Diagnostics.Breakpoints.Tests\DataBreakpointGizmoViewTests.cs(4,7,4,10): error CS0246: The type or namespace name 'Fdp' could not be found (are you missing a using directive or an assembly reference?)
99>D:\Work\IOS-IG-SimHost-FDP-2\Hrot\Diagnostics\Hrot.Diagnostics.Breakpoints.Tests\DataBreakpointGizmoViewTests.cs(5,7,5,10): error CS0246: The type or namespace name 'Fdp' could not be found (are you missing a using directive or an assembly reference?)
99>D:\Work\IOS-IG-SimHost-FDP-2\Hrot\Diagnostics\Hrot.Diagnostics.Breakpoints.Tests\DataBreakpointGizmoViewTests.cs(6,7,6,10): error CS0246: The type or namespace name 'Fdp' could not be found (are you missing a using directive or an assembly reference?)
99>D:\Work\IOS-IG-SimHost-FDP-2\Hrot\Diagnostics\Hrot.Diagnostics.Breakpoints.Tests\DataBreakpointGizmoViewTests.cs(7,7,7,10): error CS0246: The type or namespace name 'Fdp' could not be found (are you missing a using directive or an assembly reference?)
99>D:\Work\IOS-IG-SimHost-FDP-2\Hrot\Diagnostics\Hrot.Diagnostics.Breakpoints.Tests\DataBreakpointGizmoViewTests.cs(8,7,8,10): error CS0246: The type or namespace name 'Fdp' could not be found (are you missing a using directive or an assembly reference?)
99>D:\Work\IOS-IG-SimHost-FDP-2\Hrot\Diagnostics\Hrot.Diagnostics.Breakpoints.Tests\DataBreakpointGizmoViewTests.cs(9,12,9,22): error CS0234: The type or namespace name 'Blueprints' does not exist in the namespace 'Hrot' (are you missing an assembly reference?)
99>D:\Work\IOS-IG-SimHost-FDP-2\Hrot\Diagnostics\Hrot.Diagnostics.Breakpoints.Tests\DataBreakpointInspectorViewTests.cs(1,7,1,10): error CS0246: The type or namespace name 'Fdp' could not be found (are you missing a using directive or an assembly reference?)
99>D:\Work\IOS-IG-SimHost-FDP-2\Hrot\Diagnostics\Hrot.Diagnostics.Breakpoints.Tests\DataBreakpointInspectorViewTests.cs(2,7,2,10): error CS0246: The type or namespace name 'Fdp' could not be found (are you missing a using directive or an assembly reference?)
99>D:\Work\IOS-IG-SimHost-FDP-2\Hrot\Diagnostics\Hrot.Diagnostics.Breakpoints.Tests\DataBreakpointInspectorViewTests.cs(3,12,3,22): error CS0234: The type or namespace name 'Blueprints' does not exist in the namespace 'Hrot' (are you missing an assembly reference?)
99>D:\Work\IOS-IG-SimHost-FDP-2\Hrot\Diagnostics\Hrot.Diagnostics.Breakpoints.Tests\DataBreakpointManagerTests.cs(2,7,2,10): error CS0246: The type or namespace name 'Fdp' could not be found (are you missing a using directive or an assembly reference?)
99>D:\Work\IOS-IG-SimHost-FDP-2\Hrot\Diagnostics\Hrot.Diagnostics.Breakpoints.Tests\DataBreakpointManagerTests.cs(3,7,3,10): error CS0246: The type or namespace name 'Fdp' could not be found (are you missing a using directive or an assembly reference?)
99>D:\Work\IOS-IG-SimHost-FDP-2\Hrot\Diagnostics\Hrot.Diagnostics.Breakpoints.Tests\DataBreakpointManagerTests.cs(4,7,4,10): error CS0246: The type or namespace name 'Fdp' could not be found (are you missing a using directive or an assembly reference?)
99>D:\Work\IOS-IG-SimHost-FDP-2\Hrot\Diagnostics\Hrot.Diagnostics.Breakpoints.Tests\DataBreakpointManagerTests.cs(5,7,5,10): error CS0246: The type or namespace name 'Fdp' could not be found (are you missing a using directive or an assembly reference?)
99>D:\Work\IOS-IG-SimHost-FDP-2\Hrot\Diagnostics\Hrot.Diagnostics.Breakpoints.Tests\DataBreakpointManagerTests.cs(6,12,6,22): error CS0234: The type or namespace name 'Blueprints' does not exist in the namespace 'Hrot' (are you missing an assembly reference?)
99>D:\Work\IOS-IG-SimHost-FDP-2\Hrot\Diagnostics\Hrot.Diagnostics.Breakpoints.Tests\DataBreakpointManagerTests.cs(8,7,8,17): error CS0246: The type or namespace name 'StructEdit' could not be found (are you missing a using directive or an assembly reference?)
99>D:\Work\IOS-IG-SimHost-FDP-2\Hrot\Diagnostics\Hrot.Diagnostics.Breakpoints.Tests\DataBreakpointSystemStatefulTests.cs(3,7,3,10): error CS0246: The type or namespace name 'Fdp' could not be found (are you missing a using directive or an assembly reference?)
99>D:\Work\IOS-IG-SimHost-FDP-2\Hrot\Diagnostics\Hrot.Diagnostics.Breakpoints.Tests\DataBreakpointSystemStatefulTests.cs(4,7,4,10): error CS0246: The type or namespace name 'Fdp' could not be found (are you missing a using directive or an assembly reference?)
99>D:\Work\IOS-IG-SimHost-FDP-2\Hrot\Diagnostics\Hrot.Diagnostics.Breakpoints.Tests\DataBreakpointSystemStatefulTests.cs(5,7,5,10): error CS0246: The type or namespace name 'Fdp' could not be found (are you missing a using directive or an assembly reference?)
99>D:\Work\IOS-IG-SimHost-FDP-2\Hrot\Diagnostics\Hrot.Diagnostics.Breakpoints.Tests\DataBreakpointSystemStatefulTests.cs(6,12,6,22): error CS0234: The type or namespace name 'Blueprints' does not exist in the namespace 'Hrot' (are you missing an assembly reference?)
99>D:\Work\IOS-IG-SimHost-FDP-2\Hrot\Diagnostics\Hrot.Diagnostics.Breakpoints.Tests\DataBreakpointSystemStatefulTests.cs(8,7,8,17): error CS0246: The type or namespace name 'StructEdit' could not be found (are you missing a using directive or an assembly reference?)
99>D:\Work\IOS-IG-SimHost-FDP-2\Hrot\Diagnostics\Hrot.Diagnostics.Breakpoints.Tests\ExternalHitTagTests.cs(2,7,2,10): error CS0246: The type or namespace name 'Fdp' could not be found (are you missing a using directive or an assembly reference?)
99>D:\Work\IOS-IG-SimHost-FDP-2\Hrot\Diagnostics\Hrot.Diagnostics.Breakpoints.Tests\ExternalHitTagTests.cs(3,7,3,10): error CS0246: The type or namespace name 'Fdp' could not be found (are you missing a using directive or an assembly reference?)
99>D:\Work\IOS-IG-SimHost-FDP-2\Hrot\Diagnostics\Hrot.Diagnostics.Breakpoints.Tests\ExternalHitTagTests.cs(5,7,5,17): error CS0246: The type or namespace name 'StructEdit' could not be found (are you missing a using directive or an assembly reference?)
99>D:\Work\IOS-IG-SimHost-FDP-2\Hrot\Diagnostics\Hrot.Diagnostics.Breakpoints.Tests\HotReloadResilienceTests.cs(3,7,3,10): error CS0246: The type or namespace name 'Fdp' could not be found (are you missing a using directive or an assembly reference?)
99>D:\Work\IOS-IG-SimHost-FDP-2\Hrot\Diagnostics\Hrot.Diagnostics.Breakpoints.Tests\HotReloadResilienceTests.cs(4,7,4,10): error CS0246: The type or namespace name 'Fdp' could not be found (are you missing a using directive or an assembly reference?)
99>D:\Work\IOS-IG-SimHost-FDP-2\Hrot\Diagnostics\Hrot.Diagnostics.Breakpoints.Tests\HsmContextMenuTests.cs(3,7,3,10): error CS0246: The type or namespace name 'Fdp' could not be found (are you missing a using directive or an assembly reference?)
99>D:\Work\IOS-IG-SimHost-FDP-2\Hrot\Diagnostics\Hrot.Diagnostics.Breakpoints.Tests\HsmContextMenuTests.cs(4,7,4,10): error CS0246: The type or namespace name 'Fdp' could not be found (are you missing a using directive or an assembly reference?)
99>D:\Work\IOS-IG-SimHost-FDP-2\Hrot\Diagnostics\Hrot.Diagnostics.Breakpoints.Tests\HsmContextMenuTests.cs(5,7,5,10): error CS0246: The type or namespace name 'Fdp' could not be found (are you missing a using directive or an assembly reference?)
99>D:\Work\IOS-IG-SimHost-FDP-2\Hrot\Diagnostics\Hrot.Diagnostics.Breakpoints.Tests\HsmContextMenuTests.cs(6,7,6,10): error CS0246: The type or namespace name 'Fdp' could not be found (are you missing a using directive or an assembly reference?)
99>D:\Work\IOS-IG-SimHost-FDP-2\Hrot\Diagnostics\Hrot.Diagnostics.Breakpoints.Tests\HsmContextMenuTests.cs(7,7,7,11): error CS0246: The type or namespace name 'Fhsm' could not be found (are you missing a using directive or an assembly reference?)
99>D:\Work\IOS-IG-SimHost-FDP-2\Hrot\Diagnostics\Hrot.Diagnostics.Breakpoints.Tests\HsmContextMenuTests.cs(9,12,9,15): error CS0234: The type or namespace name 'Hsm' does not exist in the namespace 'Hrot' (are you missing an assembly reference?)
99>D:\Work\IOS-IG-SimHost-FDP-2\Hrot\Diagnostics\Hrot.Diagnostics.Breakpoints.Tests\HsmContextMenuTests.cs(10,12,10,15): error CS0234: The type or namespace name 'Hsm' does not exist in the namespace 'Hrot' (are you missing an assembly reference?)
99>D:\Work\IOS-IG-SimHost-FDP-2\Hrot\Diagnostics\Hrot.Diagnostics.Breakpoints.Tests\HsmContextMenuTests.cs(11,12,11,15): error CS0234: The type or namespace name 'Hsm' does not exist in the namespace 'Hrot' (are you missing an assembly reference?)
99>D:\Work\IOS-IG-SimHost-FDP-2\Hrot\Diagnostics\Hrot.Diagnostics.Breakpoints.Tests\HsmContextMenuTests.cs(12,7,12,17): error CS0246: The type or namespace name 'StructEdit' could not be found (are you missing a using directive or an assembly reference?)
99>D:\Work\IOS-IG-SimHost-FDP-2\Hrot\Diagnostics\Hrot.Diagnostics.Breakpoints.Tests\IntegrationTests.cs(5,7,5,10): error CS0246: The type or namespace name 'Fdp' could not be found (are you missing a using directive or an assembly reference?)
99>D:\Work\IOS-IG-SimHost-FDP-2\Hrot\Diagnostics\Hrot.Diagnostics.Breakpoints.Tests\IntegrationTests.cs(6,7,6,10): error CS0246: The type or namespace name 'Fdp' could not be found (are you missing a using directive or an assembly reference?)
99>D:\Work\IOS-IG-SimHost-FDP-2\Hrot\Diagnostics\Hrot.Diagnostics.Breakpoints.Tests\IntegrationTests.cs(7,7,7,10): error CS0246: The type or namespace name 'Fdp' could not be found (are you missing a using directive or an assembly reference?)
99>D:\Work\IOS-IG-SimHost-FDP-2\Hrot\Diagnostics\Hrot.Diagnostics.Breakpoints.Tests\IntegrationTests.cs(8,7,8,10): error CS0246: The type or namespace name 'Fdp' could not be found (are you missing a using directive or an assembly reference?)
99>D:\Work\IOS-IG-SimHost-FDP-2\Hrot\Diagnostics\Hrot.Diagnostics.Breakpoints.Tests\IntegrationTests.cs(9,7,9,10): error CS0246: The type or namespace name 'Fdp' could not be found (are you missing a using directive or an assembly reference?)
99>D:\Work\IOS-IG-SimHost-FDP-2\Hrot\Diagnostics\Hrot.Diagnostics.Breakpoints.Tests\IntegrationTests.cs(11,7,11,17): error CS0246: The type or namespace name 'StructEdit' could not be found (are you missing a using directive or an assembly reference?)
99>D:\Work\IOS-IG-SimHost-FDP-2\Hrot\Diagnostics\Hrot.Diagnostics.Breakpoints.Tests\JsonClipboardTests.cs(2,7,2,10): error CS0246: The type or namespace name 'Fdp' could not be found (are you missing a using directive or an assembly reference?)
99>D:\Work\IOS-IG-SimHost-FDP-2\Hrot\Diagnostics\Hrot.Diagnostics.Breakpoints.Tests\ManagerWindowTests.cs(1,7,1,10): error CS0246: The type or namespace name 'Fdp' could not be found (are you missing a using directive or an assembly reference?)
99>D:\Work\IOS-IG-SimHost-FDP-2\Hrot\Diagnostics\Hrot.Diagnostics.Breakpoints.Tests\ManagerWindowTests.cs(2,7,2,10): error CS0246: The type or namespace name 'Fdp' could not be found (are you missing a using directive or an assembly reference?)
99>D:\Work\IOS-IG-SimHost-FDP-2\Hrot\Diagnostics\Hrot.Diagnostics.Breakpoints.Tests\ManagerWindowTests.cs(3,7,3,10): error CS0246: The type or namespace name 'Fdp' could not be found (are you missing a using directive or an assembly reference?)
99>D:\Work\IOS-IG-SimHost-FDP-2\Hrot\Diagnostics\Hrot.Diagnostics.Breakpoints.Tests\ManagerWindowTests.cs(5,12,5,24): error CS0234: The type or namespace name 'Presentation' does not exist in the namespace 'Hrot' (are you missing an assembly reference?)
99>D:\Work\IOS-IG-SimHost-FDP-2\Hrot\Diagnostics\Hrot.Diagnostics.Breakpoints.Tests\ManagerWindowTests.cs(6,12,6,24): error CS0234: The type or namespace name 'Presentation' does not exist in the namespace 'Hrot' (are you missing an assembly reference?)
99>D:\Work\IOS-IG-SimHost-FDP-2\Hrot\Diagnostics\Hrot.Diagnostics.Breakpoints.Tests\P11CorrectnessTests.cs(2,7,2,10): error CS0246: The type or namespace name 'Fdp' could not be found (are you missing a using directive or an assembly reference?)
99>D:\Work\IOS-IG-SimHost-FDP-2\Hrot\Diagnostics\Hrot.Diagnostics.Breakpoints.Tests\P11CorrectnessTests.cs(3,7,3,10): error CS0246: The type or namespace name 'Fdp' could not be found (are you missing a using directive or an assembly reference?)
99>D:\Work\IOS-IG-SimHost-FDP-2\Hrot\Diagnostics\Hrot.Diagnostics.Breakpoints.Tests\P11CorrectnessTests.cs(4,7,4,10): error CS0246: The type or namespace name 'Fdp' could not be found (are you missing a using directive or an assembly reference?)
99>D:\Work\IOS-IG-SimHost-FDP-2\Hrot\Diagnostics\Hrot.Diagnostics.Breakpoints.Tests\P11CorrectnessTests.cs(5,12,5,22): error CS0234: The type or namespace name 'Blueprints' does not exist in the namespace 'Hrot' (are you missing an assembly reference?)
99>D:\Work\IOS-IG-SimHost-FDP-2\Hrot\Diagnostics\Hrot.Diagnostics.Breakpoints.Tests\P11CorrectnessTests.cs(7,7,7,17): error CS0246: The type or namespace name 'StructEdit' could not be found (are you missing a using directive or an assembly reference?)
99>D:\Work\IOS-IG-SimHost-FDP-2\Hrot\Diagnostics\Hrot.Diagnostics.Breakpoints.Tests\PendingMutationTests.cs(3,7,3,10): error CS0246: The type or namespace name 'Fdp' could not be found (are you missing a using directive or an assembly reference?)
99>D:\Work\IOS-IG-SimHost-FDP-2\Hrot\Diagnostics\Hrot.Diagnostics.Breakpoints.Tests\PendingMutationTests.cs(4,7,4,10): error CS0246: The type or namespace name 'Fdp' could not be found (are you missing a using directive or an assembly reference?)
99>D:\Work\IOS-IG-SimHost-FDP-2\Hrot\Diagnostics\Hrot.Diagnostics.Breakpoints.Tests\PendingMutationTests.cs(5,7,5,10): error CS0246: The type or namespace name 'Fdp' could not be found (are you missing a using directive or an assembly reference?)
99>D:\Work\IOS-IG-SimHost-FDP-2\Hrot\Diagnostics\Hrot.Diagnostics.Breakpoints.Tests\PredicateBuilderP11T7Tests.cs(1,7,1,10): error CS0246: The type or namespace name 'Fdp' could not be found (are you missing a using directive or an assembly reference?)
99>D:\Work\IOS-IG-SimHost-FDP-2\Hrot\Diagnostics\Hrot.Diagnostics.Breakpoints.Tests\PredicateBuilderStateTests.cs(3,7,3,10): error CS0246: The type or namespace name 'Fdp' could not be found (are you missing a using directive or an assembly reference?)
99>D:\Work\IOS-IG-SimHost-FDP-2\Hrot\Diagnostics\Hrot.Diagnostics.Breakpoints.Tests\PredicateBuilderStateTests.cs(4,7,4,10): error CS0246: The type or namespace name 'Fdp' could not be found (are you missing a using directive or an assembly reference?)
99>D:\Work\IOS-IG-SimHost-FDP-2\Hrot\Diagnostics\Hrot.Diagnostics.Breakpoints.Tests\ReentrancyTests.cs(2,7,2,10): error CS0246: The type or namespace name 'Fdp' could not be found (are you missing a using directive or an assembly reference?)
99>D:\Work\IOS-IG-SimHost-FDP-2\Hrot\Diagnostics\Hrot.Diagnostics.Breakpoints.Tests\ReentrancyTests.cs(3,7,3,10): error CS0246: The type or namespace name 'Fdp' could not be found (are you missing a using directive or an assembly reference?)
99>D:\Work\IOS-IG-SimHost-FDP-2\Hrot\Diagnostics\Hrot.Diagnostics.Breakpoints.Tests\ReentrancyTests.cs(5,7,5,17): error CS0246: The type or namespace name 'StructEdit' could not be found (are you missing a using directive or an assembly reference?)
99>D:\Work\IOS-IG-SimHost-FDP-2\Hrot\Diagnostics\Hrot.Diagnostics.Breakpoints.Tests\TemporalStatusBannerTests.cs(2,7,2,10): error CS0246: The type or namespace name 'Fdp' could not be found (are you missing a using directive or an assembly reference?)
99>D:\Work\IOS-IG-SimHost-FDP-2\Hrot\Diagnostics\Hrot.Diagnostics.Breakpoints.Tests\TraceBufferScanTests.cs(3,7,3,10): error CS0246: The type or namespace name 'Fdp' could not be found (are you missing a using directive or an assembly reference?)
99>D:\Work\IOS-IG-SimHost-FDP-2\Hrot\Diagnostics\Hrot.Diagnostics.Breakpoints.Tests\TraceBufferScanTests.cs(4,7,4,10): error CS0246: The type or namespace name 'Fdp' could not be found (are you missing a using directive or an assembly reference?)
99>D:\Work\IOS-IG-SimHost-FDP-2\Hrot\Diagnostics\Hrot.Diagnostics.Breakpoints.Tests\TraceBufferScanTests.cs(5,7,5,10): error CS0246: The type or namespace name 'Fdp' could not be found (are you missing a using directive or an assembly reference?)
99>D:\Work\IOS-IG-SimHost-FDP-2\Hrot\Diagnostics\Hrot.Diagnostics.Breakpoints.Tests\TraceBufferScanTests.cs(6,7,6,10): error CS0246: The type or namespace name 'Fbt' could not be found (are you missing a using directive or an assembly reference?)
99>D:\Work\IOS-IG-SimHost-FDP-2\Hrot\Diagnostics\Hrot.Diagnostics.Breakpoints.Tests\TraceBufferScanTests.cs(7,7,7,11): error CS0246: The type or namespace name 'Fhsm' could not be found (are you missing a using directive or an assembly reference?)
99>D:\Work\IOS-IG-SimHost-FDP-2\Hrot\Diagnostics\Hrot.Diagnostics.Breakpoints.Tests\TraceBufferScanTests.cs(9,7,9,17): error CS0246: The type or namespace name 'StructEdit' could not be found (are you missing a using directive or an assembly reference?)
99>D:\Work\IOS-IG-SimHost-FDP-2\Hrot\Diagnostics\Hrot.Diagnostics.Breakpoints.Tests\WatchPersistenceTests.cs(4,7,4,10): error CS0246: The type or namespace name 'Fdp' could not be found (are you missing a using directive or an assembly reference?)
99>D:\Work\IOS-IG-SimHost-FDP-2\Hrot\Diagnostics\Hrot.Diagnostics.Breakpoints.Tests\WatchPersistenceTests.cs(5,7,5,10): error CS0246: The type or namespace name 'Fdp' could not be found (are you missing a using directive or an assembly reference?)
99>D:\Work\IOS-IG-SimHost-FDP-2\Hrot\Diagnostics\Hrot.Diagnostics.Breakpoints.Tests\BlueprintContextMenuTests.cs(54,40,54,55): error CS0246: The type or namespace name 'ISimulationView' could not be found (are you missing a using directive or an assembly reference?)
99>D:\Work\IOS-IG-SimHost-FDP-2\Hrot\Diagnostics\Hrot.Diagnostics.Breakpoints.Tests\DataBreakpointManagerTests.cs(15,2,15,13): error CS0246: The type or namespace name 'ComponentIdAttribute' could not be found (are you missing a using directive or an assembly reference?)
99>D:\Work\IOS-IG-SimHost-FDP-2\Hrot\Diagnostics\Hrot.Diagnostics.Breakpoints.Tests\DataBreakpointManagerTests.cs(15,2,15,13): error CS0246: The type or namespace name 'ComponentId' could not be found (are you missing a using directive or an assembly reference?)
99>D:\Work\IOS-IG-SimHost-FDP-2\Hrot\Diagnostics\Hrot.Diagnostics.Breakpoints.Tests\AllocationOptimizationTests.cs(13,2,13,13): error CS0246: The type or namespace name 'ComponentIdAttribute' could not be found (are you missing a using directive or an assembly reference?)
99>D:\Work\IOS-IG-SimHost-FDP-2\Hrot\Diagnostics\Hrot.Diagnostics.Breakpoints.Tests\AllocationOptimizationTests.cs(13,2,13,13): error CS0246: The type or namespace name 'ComponentId' could not be found (are you missing a using directive or an assembly reference?)
99>D:\Work\IOS-IG-SimHost-FDP-2\Hrot\Diagnostics\Hrot.Diagnostics.Breakpoints.Tests\BlueprintContextMenuTests.cs(56,22,56,38): error CS0246: The type or namespace name 'EntityRepository' could not be found (are you missing a using directive or an assembly reference?)
99>D:\Work\IOS-IG-SimHost-FDP-2\Hrot\Diagnostics\Hrot.Diagnostics.Breakpoints.Tests\DataBreakpointManagerTests.cs(23,2,23,9): error CS0246: The type or namespace name 'EventIdAttribute' could not be found (are you missing a using directive or an assembly reference?)
99>D:\Work\IOS-IG-SimHost-FDP-2\Hrot\Diagnostics\Hrot.Diagnostics.Breakpoints.Tests\DataBreakpointManagerTests.cs(23,2,23,9): error CS0246: The type or namespace name 'EventId' could not be found (are you missing a using directive or an assembly reference?)
99>D:\Work\IOS-IG-SimHost-FDP-2\Hrot\Diagnostics\Hrot.Diagnostics.Breakpoints.Tests\HotReloadResilienceTests.cs(224,49,224,68): error CS0246: The type or namespace name 'IBreakpointNotifier' could not be found (are you missing a using directive or an assembly reference?)
99>D:\Work\IOS-IG-SimHost-FDP-2\Hrot\Diagnostics\Hrot.Diagnostics.Breakpoints.Tests\DataBreakpointManagerTests.cs(62,22,62,43): error CS0246: The type or namespace name 'DataBreakpointManager' could not be found (are you missing a using directive or an assembly reference?)
99>D:\Work\IOS-IG-SimHost-FDP-2\Hrot\Diagnostics\Hrot.Diagnostics.Breakpoints.Tests\DataBreakpointManagerTests.cs(63,22,63,38): error CS0246: The type or namespace name 'EntityRepository' could not be found (are you missing a using directive or an assembly reference?)
99>D:\Work\IOS-IG-SimHost-FDP-2\Hrot\Diagnostics\Hrot.Diagnostics.Breakpoints.Tests\DataBreakpointManagerTests.cs(64,22,64,43): error CS0246: The type or namespace name 'DebugSnapshotProvider' could not be found (are you missing a using directive or an assembly reference?)
99>D:\Work\IOS-IG-SimHost-FDP-2\Hrot\Diagnostics\Hrot.Diagnostics.Breakpoints.Tests\BlueprintContextMenuTests.cs(57,31,57,47): error CS0246: The type or namespace name 'EntityRepository' could not be found (are you missing a using directive or an assembly reference?)
99>D:\Work\IOS-IG-SimHost-FDP-2\Hrot\Diagnostics\Hrot.Diagnostics.Breakpoints.Tests\DataBreakpointGizmoViewTests.cs(33,47,33,67): error CS0246: The type or namespace name 'IEntityStatefulGizmo' could not be found (are you missing a using directive or an assembly reference?)
99>D:\Work\IOS-IG-SimHost-FDP-2\Hrot\Diagnostics\Hrot.Diagnostics.Breakpoints.Tests\BlueprintContextMenuTests.cs(18,58,18,77): error CS0246: The type or namespace name 'IContextMenuBuilder' could not be found (are you missing a using directive or an assembly reference?)
99>D:\Work\IOS-IG-SimHost-FDP-2\Hrot\Diagnostics\Hrot.Diagnostics.Breakpoints.Tests\IntegrationTests.cs(20,2,20,13): error CS0246: The type or namespace name 'ComponentIdAttribute' could not be found (are you missing a using directive or an assembly reference?)
99>D:\Work\IOS-IG-SimHost-FDP-2\Hrot\Diagnostics\Hrot.Diagnostics.Breakpoints.Tests\IntegrationTests.cs(20,2,20,13): error CS0246: The type or namespace name 'ComponentId' could not be found (are you missing a using directive or an assembly reference?)
99>D:\Work\IOS-IG-SimHost-FDP-2\Hrot\Diagnostics\Hrot.Diagnostics.Breakpoints.Tests\BTreeContextMenuTests.cs(69,20,69,35): error CS0246: The type or namespace name 'BTreeEditorNode' could not be found (are you missing a using directive or an assembly reference?)
99>D:\Work\IOS-IG-SimHost-FDP-2\Hrot\Diagnostics\Hrot.Diagnostics.Breakpoints.Tests\DataBreakpointManagerTests.cs(80,21,80,31): error CS0246: The type or namespace name 'Breakpoint' could not be found (are you missing a using directive or an assembly reference?)
99>D:\Work\IOS-IG-SimHost-FDP-2\Hrot\Diagnostics\Hrot.Diagnostics.Breakpoints.Tests\AllocationOptimizationTests.cs(16,2,16,13): error CS0246: The type or namespace name 'ComponentIdAttribute' could not be found (are you missing a using directive or an assembly reference?)
99>D:\Work\IOS-IG-SimHost-FDP-2\Hrot\Diagnostics\Hrot.Diagnostics.Breakpoints.Tests\AllocationOptimizationTests.cs(16,2,16,13): error CS0246: The type or namespace name 'ComponentId' could not be found (are you missing a using directive or an assembly reference?)
99>D:\Work\IOS-IG-SimHost-FDP-2\Hrot\Diagnostics\Hrot.Diagnostics.Breakpoints.Tests\DataBreakpointSystemStatefulTests.cs(19,2,19,13): error CS0246: The type or namespace name 'ComponentIdAttribute' could not be found (are you missing a using directive or an assembly reference?)
99>D:\Work\IOS-IG-SimHost-FDP-2\Hrot\Diagnostics\Hrot.Diagnostics.Breakpoints.Tests\DataBreakpointSystemStatefulTests.cs(19,2,19,13): error CS0246: The type or namespace name 'ComponentId' could not be found (are you missing a using directive or an assembly reference?)
99>D:\Work\IOS-IG-SimHost-FDP-2\Hrot\Diagnostics\Hrot.Diagnostics.Breakpoints.Tests\DataBreakpointSystemStatefulTests.cs(40,21,40,42): error CS0246: The type or namespace name 'DataBreakpointManager' could not be found (are you missing a using directive or an assembly reference?)
99>D:\Work\IOS-IG-SimHost-FDP-2\Hrot\Diagnostics\Hrot.Diagnostics.Breakpoints.Tests\DataBreakpointSystemStatefulTests.cs(40,52,40,72): error CS0246: The type or namespace name 'DataBreakpointSystem' could not be found (are you missing a using directive or an assembly reference?)
99>D:\Work\IOS-IG-SimHost-FDP-2\Hrot\Diagnostics\Hrot.Diagnostics.Breakpoints.Tests\DataBreakpointSystemStatefulTests.cs(40,81,40,97): error CS0246: The type or namespace name 'EntityRepository' could not be found (are you missing a using directive or an assembly reference?)
99>D:\Work\IOS-IG-SimHost-FDP-2\Hrot\Diagnostics\Hrot.Diagnostics.Breakpoints.Tests\ExternalHitTagTests.cs(44,13,44,19): error CS0246: The type or namespace name 'Entity' could not be found (are you missing a using directive or an assembly reference?)
99>D:\Work\IOS-IG-SimHost-FDP-2\Hrot\Diagnostics\Hrot.Diagnostics.Breakpoints.Tests\DataBreakpointManagerTests.cs(871,21,871,42): error CS0246: The type or namespace name 'DataBreakpointManager' could not be found (are you missing a using directive or an assembly reference?)
99>D:\Work\IOS-IG-SimHost-FDP-2\Hrot\Diagnostics\Hrot.Diagnostics.Breakpoints.Tests\DataBreakpointManagerTests.cs(871,52,871,72): error CS0246: The type or namespace name 'DataBreakpointSystem' could not be found (are you missing a using directive or an assembly reference?)
99>D:\Work\IOS-IG-SimHost-FDP-2\Hrot\Diagnostics\Hrot.Diagnostics.Breakpoints.Tests\DataBreakpointManagerTests.cs(871,81,871,97): error CS0246: The type or namespace name 'EntityRepository' could not be found (are you missing a using directive or an assembly reference?)
99>D:\Work\IOS-IG-SimHost-FDP-2\Hrot\Diagnostics\Hrot.Diagnostics.Breakpoints.Tests\DataBreakpointManagerTests.cs(871,104,871,115): error CS0246: The type or namespace name 'FdpEventBus' could not be found (are you missing a using directive or an assembly reference?)
99>D:\Work\IOS-IG-SimHost-FDP-2\Hrot\Diagnostics\Hrot.Diagnostics.Breakpoints.Tests\AllocationOptimizationTests.cs(30,21,30,42): error CS0246: The type or namespace name 'DataBreakpointManager' could not be found (are you missing a using directive or an assembly reference?)
99>D:\Work\IOS-IG-SimHost-FDP-2\Hrot\Diagnostics\Hrot.Diagnostics.Breakpoints.Tests\AllocationOptimizationTests.cs(31,21,31,41): error CS0246: The type or namespace name 'DataBreakpointSystem' could not be found (are you missing a using directive or an assembly reference?)
99>D:\Work\IOS-IG-SimHost-FDP-2\Hrot\Diagnostics\Hrot.Diagnostics.Breakpoints.Tests\AllocationOptimizationTests.cs(32,21,32,37): error CS0246: The type or namespace name 'EntityRepository' could not be found (are you missing a using directive or an assembly reference?)
99>D:\Work\IOS-IG-SimHost-FDP-2\Hrot\Diagnostics\Hrot.Diagnostics.Breakpoints.Tests\AllocationOptimizationTests.cs(33,21,33,42): error CS0246: The type or namespace name 'DebugSnapshotProvider' could not be found (are you missing a using directive or an assembly reference?)
99>D:\Work\IOS-IG-SimHost-FDP-2\Hrot\Diagnostics\Hrot.Diagnostics.Breakpoints.Tests\DataBreakpointManagerTests.cs(28,49,28,75): error CS0246: The type or namespace name 'IEngineDebugTimeController' could not be found (are you missing a using directive or an assembly reference?)
99>D:\Work\IOS-IG-SimHost-FDP-2\Hrot\Diagnostics\Hrot.Diagnostics.Breakpoints.Tests\IntegrationTests.cs(23,2,23,13): error CS0246: The type or namespace name 'ComponentIdAttribute' could not be found (are you missing a using directive or an assembly reference?)
99>D:\Work\IOS-IG-SimHost-FDP-2\Hrot\Diagnostics\Hrot.Diagnostics.Breakpoints.Tests\IntegrationTests.cs(23,2,23,13): error CS0246: The type or namespace name 'ComponentId' could not be found (are you missing a using directive or an assembly reference?)
99>D:\Work\IOS-IG-SimHost-FDP-2\Hrot\Diagnostics\Hrot.Diagnostics.Breakpoints.Tests\BTreeContextMenuTests.cs(56,22,56,43): error CS0246: The type or namespace name 'DataBreakpointManager' could not be found (are you missing a using directive or an assembly reference?)
99>D:\Work\IOS-IG-SimHost-FDP-2\Hrot\Diagnostics\Hrot.Diagnostics.Breakpoints.Tests\ExternalHitTagTests.cs(23,22,23,43): error CS0246: The type or namespace name 'DataBreakpointManager' could not be found (are you missing a using directive or an assembly reference?)
99>D:\Work\IOS-IG-SimHost-FDP-2\Hrot\Diagnostics\Hrot.Diagnostics.Breakpoints.Tests\DataBreakpointManagerTests.cs(694,21,694,42): error CS0246: The type or namespace name 'DataBreakpointManager' could not be found (are you missing a using directive or an assembly reference?)
99>D:\Work\IOS-IG-SimHost-FDP-2\Hrot\Diagnostics\Hrot.Diagnostics.Breakpoints.Tests\DataBreakpointManagerTests.cs(694,52,694,72): error CS0246: The type or namespace name 'DataBreakpointSystem' could not be found (are you missing a using directive or an assembly reference?)
99>D:\Work\IOS-IG-SimHost-FDP-2\Hrot\Diagnostics\Hrot.Diagnostics.Breakpoints.Tests\DataBreakpointManagerTests.cs(694,81,694,97): error CS0246: The type or namespace name 'EntityRepository' could not be found (are you missing a using directive or an assembly reference?)
99>D:\Work\IOS-IG-SimHost-FDP-2\Hrot\Diagnostics\Hrot.Diagnostics.Breakpoints.Tests\DataBreakpointManagerTests.cs(19,2,19,13): error CS0246: The type or namespace name 'ComponentIdAttribute' could not be found (are you missing a using directive or an assembly reference?)
99>D:\Work\IOS-IG-SimHost-FDP-2\Hrot\Diagnostics\Hrot.Diagnostics.Breakpoints.Tests\DataBreakpointManagerTests.cs(19,2,19,13): error CS0246: The type or namespace name 'ComponentId' could not be found (are you missing a using directive or an assembly reference?)
99>D:\Work\IOS-IG-SimHost-FDP-2\Hrot\Diagnostics\Hrot.Diagnostics.Breakpoints.Tests\HsmContextMenuTests.cs(19,52,19,71): error CS0246: The type or namespace name 'IContextMenuBuilder' could not be found (are you missing a using directive or an assembly reference?)
99>D:\Work\IOS-IG-SimHost-FDP-2\Hrot\Diagnostics\Hrot.Diagnostics.Breakpoints.Tests\ExternalHitTagTests.cs(24,22,24,38): error CS0246: The type or namespace name 'EntityRepository' could not be found (are you missing a using directive or an assembly reference?)
99>D:\Work\IOS-IG-SimHost-FDP-2\Hrot\Diagnostics\Hrot.Diagnostics.Breakpoints.Tests\HsmContextMenuTests.cs(64,21,64,29): error CS0246: The type or namespace name 'HsmAsset' could not be found (are you missing a using directive or an assembly reference?)
99>D:\Work\IOS-IG-SimHost-FDP-2\Hrot\Diagnostics\Hrot.Diagnostics.Breakpoints.Tests\HsmContextMenuTests.cs(64,37,64,46): error CS0246: The type or namespace name 'StateNode' could not be found (are you missing a using directive or an assembly reference?)
99>D:\Work\IOS-IG-SimHost-FDP-2\Hrot\Diagnostics\Hrot.Diagnostics.Breakpoints.Tests\DataBreakpointSystemStatefulTests.cs(23,2,23,13): error CS0246: The type or namespace name 'ComponentIdAttribute' could not be found (are you missing a using directive or an assembly reference?)
99>D:\Work\IOS-IG-SimHost-FDP-2\Hrot\Diagnostics\Hrot.Diagnostics.Breakpoints.Tests\DataBreakpointSystemStatefulTests.cs(23,2,23,13): error CS0246: The type or namespace name 'ComponentId' could not be found (are you missing a using directive or an assembly reference?)
99>D:\Work\IOS-IG-SimHost-FDP-2\Hrot\Diagnostics\Hrot.Diagnostics.Breakpoints.Tests\DataBreakpointManagerTests.cs(204,47,204,62): error CS0246: The type or namespace name 'ISimulationView' could not be found (are you missing a using directive or an assembly reference?)
99>D:\Work\IOS-IG-SimHost-FDP-2\Hrot\Diagnostics\Hrot.Diagnostics.Breakpoints.Tests\BTreeContextMenuTests.cs(57,22,57,38): error CS0246: The type or namespace name 'EntityRepository' could not be found (are you missing a using directive or an assembly reference?)
99>D:\Work\IOS-IG-SimHost-FDP-2\Hrot\Diagnostics\Hrot.Diagnostics.Breakpoints.Tests\IntegrationTests.cs(483,45,483,60): error CS0246: The type or namespace name 'ISystemRegistry' could not be found (are you missing a using directive or an assembly reference?)
99>D:\Work\IOS-IG-SimHost-FDP-2\Hrot\Diagnostics\Hrot.Diagnostics.Breakpoints.Tests\DataBreakpointGizmoViewTests.cs(35,16,35,31): error CS0246: The type or namespace name 'ISimulationView' could not be found (are you missing a using directive or an assembly reference?)
99>D:\Work\IOS-IG-SimHost-FDP-2\Hrot\Diagnostics\Hrot.Diagnostics.Breakpoints.Tests\BlueprintContextMenuTests.cs(25,12,25,31): error CS0246: The type or namespace name 'IContextMenuBuilder' could not be found (are you missing a using directive or an assembly reference?)
99>D:\Work\IOS-IG-SimHost-FDP-2\Hrot\Diagnostics\Hrot.Diagnostics.Breakpoints.Tests\BlueprintVariableTests.cs(42,21,42,37): error CS0246: The type or namespace name 'EntityRepository' could not be found (are you missing a using directive or an assembly reference?)
99>D:\Work\IOS-IG-SimHost-FDP-2\Hrot\Diagnostics\Hrot.Diagnostics.Breakpoints.Tests\BlueprintVariableTests.cs(42,44,42,61): error CS0246: The type or namespace name 'PredicateCompiler' could not be found (are you missing a using directive or an assembly reference?)
99>D:\Work\IOS-IG-SimHost-FDP-2\Hrot\Diagnostics\Hrot.Diagnostics.Breakpoints.Tests\DataBreakpointSystemStatefulTests.cs(15,2,15,13): error CS0246: The type or namespace name 'ComponentIdAttribute' could not be found (are you missing a using directive or an assembly reference?)
99>D:\Work\IOS-IG-SimHost-FDP-2\Hrot\Diagnostics\Hrot.Diagnostics.Breakpoints.Tests\DataBreakpointSystemStatefulTests.cs(15,2,15,13): error CS0246: The type or namespace name 'ComponentId' could not be found (are you missing a using directive or an assembly reference?)
99>D:\Work\IOS-IG-SimHost-FDP-2\Hrot\Diagnostics\Hrot.Diagnostics.Breakpoints.Tests\BlueprintContextMenuTests.cs(62,45,62,51): error CS0246: The type or namespace name 'Entity' could not be found (are you missing a using directive or an assembly reference?)
99>D:\Work\IOS-IG-SimHost-FDP-2\Hrot\Diagnostics\Hrot.Diagnostics.Breakpoints.Tests\HsmContextMenuTests.cs(53,22,53,43): error CS0246: The type or namespace name 'DataBreakpointManager' could not be found (are you missing a using directive or an assembly reference?)
99>D:\Work\IOS-IG-SimHost-FDP-2\Hrot\Diagnostics\Hrot.Diagnostics.Breakpoints.Tests\ExternalHitTagTests.cs(13,2,13,13): error CS0246: The type or namespace name 'ComponentIdAttribute' could not be found (are you missing a using directive or an assembly reference?)
99>D:\Work\IOS-IG-SimHost-FDP-2\Hrot\Diagnostics\Hrot.Diagnostics.Breakpoints.Tests\ExternalHitTagTests.cs(13,2,13,13): error CS0246: The type or namespace name 'ComponentId' could not be found (are you missing a using directive or an assembly reference?)
99>D:\Work\IOS-IG-SimHost-FDP-2\Hrot\Diagnostics\Hrot.Diagnostics.Breakpoints.Tests\HotReloadResilienceTests.cs(10,2,10,13): error CS0246: The type or namespace name 'ComponentIdAttribute' could not be found (are you missing a using directive or an assembly reference?)
99>D:\Work\IOS-IG-SimHost-FDP-2\Hrot\Diagnostics\Hrot.Diagnostics.Breakpoints.Tests\HotReloadResilienceTests.cs(10,2,10,13): error CS0246: The type or namespace name 'ComponentId' could not be found (are you missing a using directive or an assembly reference?)
99>D:\Work\IOS-IG-SimHost-FDP-2\Hrot\Diagnostics\Hrot.Diagnostics.Breakpoints.Tests\BlueprintContextMenuTests.cs(82,22,82,43): error CS0246: The type or namespace name 'DataBreakpointManager' could not be found (are you missing a using directive or an assembly reference?)
99>D:\Work\IOS-IG-SimHost-FDP-2\Hrot\Diagnostics\Hrot.Diagnostics.Breakpoints.Tests\IntegrationTests.cs(485,26,485,42): error CS0246: The type or namespace name 'IEcsModuleSystem' could not be found (are you missing a using directive or an assembly reference?)
99>D:\Work\IOS-IG-SimHost-FDP-2\Hrot\Diagnostics\Hrot.Diagnostics.Breakpoints.Tests\HotReloadResilienceTests.cs(205,50,205,68): error CS0246: The type or namespace name 'IPredicateCompiler' could not be found (are you missing a using directive or an assembly reference?)
99>D:\Work\IOS-IG-SimHost-FDP-2\Hrot\Diagnostics\Hrot.Diagnostics.Breakpoints.Tests\BlueprintContextMenuTests.cs(64,39,64,45): error CS0246: The type or namespace name 'Entity' could not be found (are you missing a using directive or an assembly reference?)
99>D:\Work\IOS-IG-SimHost-FDP-2\Hrot\Diagnostics\Hrot.Diagnostics.Breakpoints.Tests\BlueprintVariableTests.cs(80,39,80,55): error CS0246: The type or namespace name 'EntityRepository' could not be found (are you missing a using directive or an assembly reference?)
99>D:\Work\IOS-IG-SimHost-FDP-2\Hrot\Diagnostics\Hrot.Diagnostics.Breakpoints.Tests\BlueprintVariableTests.cs(80,62,80,68): error CS0246: The type or namespace name 'Entity' could not be found (are you missing a using directive or an assembly reference?)
99>D:\Work\IOS-IG-SimHost-FDP-2\Hrot\Diagnostics\Hrot.Diagnostics.Breakpoints.Tests\DataBreakpointManagerTests.cs(208,49,208,55): error CS0246: The type or namespace name 'Entity' could not be found (are you missing a using directive or an assembly reference?)
99>D:\Work\IOS-IG-SimHost-FDP-2\Hrot\Diagnostics\Hrot.Diagnostics.Breakpoints.Tests\BlueprintContextMenuTests.cs(83,22,83,38): error CS0246: The type or namespace name 'EntityRepository' could not be found (are you missing a using directive or an assembly reference?)
99>D:\Work\IOS-IG-SimHost-FDP-2\Hrot\Diagnostics\Hrot.Diagnostics.Breakpoints.Tests\HsmContextMenuTests.cs(26,12,26,31): error CS0246: The type or namespace name 'IContextMenuBuilder' could not be found (are you missing a using directive or an assembly reference?)
99>D:\Work\IOS-IG-SimHost-FDP-2\Hrot\Diagnostics\Hrot.Diagnostics.Breakpoints.Tests\BTreeContextMenuTests.cs(19,49,19,68): error CS0246: The type or namespace name 'IContextMenuBuilder' could not be found (are you missing a using directive or an assembly reference?)
99>D:\Work\IOS-IG-SimHost-FDP-2\Hrot\Diagnostics\Hrot.Diagnostics.Breakpoints.Tests\IntegrationTests.cs(17,2,17,13): error CS0246: The type or namespace name 'ComponentIdAttribute' could not be found (are you missing a using directive or an assembly reference?)
99>D:\Work\IOS-IG-SimHost-FDP-2\Hrot\Diagnostics\Hrot.Diagnostics.Breakpoints.Tests\IntegrationTests.cs(17,2,17,13): error CS0246: The type or namespace name 'ComponentId' could not be found (are you missing a using directive or an assembly reference?)
99>D:\Work\IOS-IG-SimHost-FDP-2\Hrot\Diagnostics\Hrot.Diagnostics.Breakpoints.Tests\DataBreakpointGizmoViewTests.cs(39,35,39,50): error CS0246: The type or namespace name 'ISimulationView' could not be found (are you missing a using directive or an assembly reference?)
99>D:\Work\IOS-IG-SimHost-FDP-2\Hrot\Diagnostics\Hrot.Diagnostics.Breakpoints.Tests\DataBreakpointGizmoViewTests.cs(39,67,39,84): error CS0246: The type or namespace name 'IDebugDrawBuilder' could not be found (are you missing a using directive or an assembly reference?)
99>D:\Work\IOS-IG-SimHost-FDP-2\Hrot\Diagnostics\Hrot.Diagnostics.Breakpoints.Tests\BlueprintContextMenuTests.cs(66,25,66,31): error CS0246: The type or namespace name 'Entity' could not be found (are you missing a using directive or an assembly reference?)
99>D:\Work\IOS-IG-SimHost-FDP-2\Hrot\Diagnostics\Hrot.Diagnostics.Breakpoints.Tests\DataBreakpointManagerTests.cs(210,43,210,49): error CS0246: The type or namespace name 'Entity' could not be found (are you missing a using directive or an assembly reference?)
99>D:\Work\IOS-IG-SimHost-FDP-2\Hrot\Diagnostics\Hrot.Diagnostics.Breakpoints.Tests\BlueprintContextMenuTests.cs(85,22,85,43): error CS0246: The type or namespace name 'BlueprintDebugSession' could not be found (are you missing a using directive or an assembly reference?)
99>D:\Work\IOS-IG-SimHost-FDP-2\Hrot\Diagnostics\Hrot.Diagnostics.Breakpoints.Tests\ManagerWindowTests.cs(142,2,142,13): error CS0246: The type or namespace name 'ComponentIdAttribute' could not be found (are you missing a using directive or an assembly reference?)
99>D:\Work\IOS-IG-SimHost-FDP-2\Hrot\Diagnostics\Hrot.Diagnostics.Breakpoints.Tests\ManagerWindowTests.cs(142,2,142,13): error CS0246: The type or namespace name 'ComponentId' could not be found (are you missing a using directive or an assembly reference?)
99>D:\Work\IOS-IG-SimHost-FDP-2\Hrot\Diagnostics\Hrot.Diagnostics.Breakpoints.Tests\IntegrationTests.cs(487,55,487,71): error CS0246: The type or namespace name 'IEcsModuleSystem' could not be found (are you missing a using directive or an assembly reference?)
99>D:\Work\IOS-IG-SimHost-FDP-2\Hrot\Diagnostics\Hrot.Diagnostics.Breakpoints.Tests\BlueprintContextMenuTests.cs(67,33,67,39): error CS0246: The type or namespace name 'Entity' could not be found (are you missing a using directive or an assembly reference?)
99>D:\Work\IOS-IG-SimHost-FDP-2\Hrot\Diagnostics\Hrot.Diagnostics.Breakpoints.Tests\DataBreakpointManagerTests.cs(212,29,212,35): error CS0246: The type or namespace name 'Entity' could not be found (are you missing a using directive or an assembly reference?)
99>D:\Work\IOS-IG-SimHost-FDP-2\Hrot\Diagnostics\Hrot.Diagnostics.Breakpoints.Tests\WatchPersistenceTests.cs(112,41,112,59): error CS0246: The type or namespace name 'IPredicateCompiler' could not be found (are you missing a using directive or an assembly reference?)
99>D:\Work\IOS-IG-SimHost-FDP-2\Hrot\Diagnostics\Hrot.Diagnostics.Breakpoints.Tests\DataBreakpointGizmoViewTests.cs(42,42,42,56): error CS0246: The type or namespace name 'GizmoPickToken' could not be found (are you missing a using directive or an assembly reference?)
99>D:\Work\IOS-IG-SimHost-FDP-2\Hrot\Diagnostics\Hrot.Diagnostics.Breakpoints.Tests\DataBreakpointGizmoViewTests.cs(17,2,17,13): error CS0246: The type or namespace name 'ComponentIdAttribute' could not be found (are you missing a using directive or an assembly reference?)
99>D:\Work\IOS-IG-SimHost-FDP-2\Hrot\Diagnostics\Hrot.Diagnostics.Breakpoints.Tests\DataBreakpointGizmoViewTests.cs(17,2,17,13): error CS0246: The type or namespace name 'ComponentId' could not be found (are you missing a using directive or an assembly reference?)
99>D:\Work\IOS-IG-SimHost-FDP-2\Hrot\Diagnostics\Hrot.Diagnostics.Breakpoints.Tests\P11CorrectnessTests.cs(175,56,175,72): error CS0246: The type or namespace name 'EntityRepository' could not be found (are you missing a using directive or an assembly reference?)
99>D:\Work\IOS-IG-SimHost-FDP-2\Hrot\Diagnostics\Hrot.Diagnostics.Breakpoints.Tests\P11CorrectnessTests.cs(175,20,175,41): error CS0246: The type or namespace name 'DataBreakpointManager' could not be found (are you missing a using directive or an assembly reference?)
99>D:\Work\IOS-IG-SimHost-FDP-2\Hrot\Diagnostics\Hrot.Diagnostics.Breakpoints.Tests\PredicateBuilderStateTests.cs(96,2,96,13): error CS0246: The type or namespace name 'ComponentIdAttribute' could not be found (are you missing a using directive or an assembly reference?)
99>D:\Work\IOS-IG-SimHost-FDP-2\Hrot\Diagnostics\Hrot.Diagnostics.Breakpoints.Tests\PredicateBuilderStateTests.cs(96,2,96,13): error CS0246: The type or namespace name 'ComponentId' could not be found (are you missing a using directive or an assembly reference?)
99>D:\Work\IOS-IG-SimHost-FDP-2\Hrot\Diagnostics\Hrot.Diagnostics.Breakpoints.Tests\BTreeContextMenuTests.cs(28,12,28,31): error CS0246: The type or namespace name 'IContextMenuBuilder' could not be found (are you missing a using directive or an assembly reference?)
99>D:\Work\IOS-IG-SimHost-FDP-2\Hrot\Diagnostics\Hrot.Diagnostics.Breakpoints.Tests\BlueprintContextMenuTests.cs(68,40,68,46): error CS0246: The type or namespace name 'Entity' could not be found (are you missing a using directive or an assembly reference?)
99>D:\Work\IOS-IG-SimHost-FDP-2\Hrot\Diagnostics\Hrot.Diagnostics.Breakpoints.Tests\WatchPersistenceTests.cs(10,2,10,13): error CS0246: The type or namespace name 'ComponentIdAttribute' could not be found (are you missing a using directive or an assembly reference?)
99>D:\Work\IOS-IG-SimHost-FDP-2\Hrot\Diagnostics\Hrot.Diagnostics.Breakpoints.Tests\WatchPersistenceTests.cs(10,2,10,13): error CS0246: The type or namespace name 'ComponentId' could not be found (are you missing a using directive or an assembly reference?)
99>D:\Work\IOS-IG-SimHost-FDP-2\Hrot\Diagnostics\Hrot.Diagnostics.Breakpoints.Tests\DataBreakpointManagerTests.cs(213,37,213,43): error CS0246: The type or namespace name 'Entity' could not be found (are you missing a using directive or an assembly reference?)
99>D:\Work\IOS-IG-SimHost-FDP-2\Hrot\Diagnostics\Hrot.Diagnostics.Breakpoints.Tests\P11CorrectnessTests.cs(87,56,87,72): error CS0246: The type or namespace name 'EntityRepository' could not be found (are you missing a using directive or an assembly reference?)
99>D:\Work\IOS-IG-SimHost-FDP-2\Hrot\Diagnostics\Hrot.Diagnostics.Breakpoints.Tests\P11CorrectnessTests.cs(87,20,87,41): error CS0246: The type or namespace name 'DataBreakpointManager' could not be found (are you missing a using directive or an assembly reference?)
99>D:\Work\IOS-IG-SimHost-FDP-2\Hrot\Diagnostics\Hrot.Diagnostics.Breakpoints.Tests\DataBreakpointGizmoViewTests.cs(47,34,47,48): error CS0246: The type or namespace name 'MapMouseButton' could not be found (are you missing a using directive or an assembly reference?)
99>D:\Work\IOS-IG-SimHost-FDP-2\Hrot\Diagnostics\Hrot.Diagnostics.Breakpoints.Tests\PredicateBuilderStateTests.cs(12,22,12,43): error CS0246: The type or namespace name 'DataBreakpointManager' could not be found (are you missing a using directive or an assembly reference?)
99>D:\Work\IOS-IG-SimHost-FDP-2\Hrot\Diagnostics\Hrot.Diagnostics.Breakpoints.Tests\HotReloadResilienceTests.cs(209,75,209,93): error CS0246: The type or namespace name 'SearchPredicateDto' could not be found (are you missing a using directive or an assembly reference?)
99>D:\Work\IOS-IG-SimHost-FDP-2\Hrot\Diagnostics\Hrot.Diagnostics.Breakpoints.Tests\HotReloadResilienceTests.cs(209,17,209,33): error CS0246: The type or namespace name 'EntityRepository' could not be found (are you missing a using directive or an assembly reference?)
99>D:\Work\IOS-IG-SimHost-FDP-2\Hrot\Diagnostics\Hrot.Diagnostics.Breakpoints.Tests\HotReloadResilienceTests.cs(209,35,209,41): error CS0246: The type or namespace name 'Entity' could not be found (are you missing a using directive or an assembly reference?)
99>D:\Work\IOS-IG-SimHost-FDP-2\Hrot\Diagnostics\Hrot.Diagnostics.Breakpoints.Tests\DataBreakpointManagerTests.cs(214,44,214,50): error CS0246: The type or namespace name 'Entity' could not be found (are you missing a using directive or an assembly reference?)
99>D:\Work\IOS-IG-SimHost-FDP-2\Hrot\Diagnostics\Hrot.Diagnostics.Breakpoints.Tests\IntegrationTests.cs(490,73,490,89): error CS0246: The type or namespace name 'IEcsModuleSystem' could not be found (are you missing a using directive or an assembly reference?)
99>D:\Work\IOS-IG-SimHost-FDP-2\Hrot\Diagnostics\Hrot.Diagnostics.Breakpoints.Tests\ManagerWindowTests.cs(13,22,13,43): error CS0246: The type or namespace name 'DataBreakpointManager' could not be found (are you missing a using directive or an assembly reference?)
99>D:\Work\IOS-IG-SimHost-FDP-2\Hrot\Diagnostics\Hrot.Diagnostics.Breakpoints.Tests\BlueprintContextMenuTests.cs(70,12,70,32): error CS0246: The type or namespace name 'IEntityCommandBuffer' could not be found (are you missing a using directive or an assembly reference?)
99>D:\Work\IOS-IG-SimHost-FDP-2\Hrot\Diagnostics\Hrot.Diagnostics.Breakpoints.Tests\TraceBufferScanTests.cs(161,21,161,42): error CS0246: The type or namespace name 'DataBreakpointManager' could not be found (are you missing a using directive or an assembly reference?)
99>D:\Work\IOS-IG-SimHost-FDP-2\Hrot\Diagnostics\Hrot.Diagnostics.Breakpoints.Tests\TraceBufferScanTests.cs(161,52,161,72): error CS0246: The type or namespace name 'DataBreakpointSystem' could not be found (are you missing a using directive or an assembly reference?)
99>D:\Work\IOS-IG-SimHost-FDP-2\Hrot\Diagnostics\Hrot.Diagnostics.Breakpoints.Tests\TraceBufferScanTests.cs(161,81,161,97): error CS0246: The type or namespace name 'EntityRepository' could not be found (are you missing a using directive or an assembly reference?)
99>D:\Work\IOS-IG-SimHost-FDP-2\Hrot\Diagnostics\Hrot.Diagnostics.Breakpoints.Tests\DataBreakpointGizmoViewTests.cs(48,32,48,46): error CS0246: The type or namespace name 'MapKeyboardKey' could not be found (are you missing a using directive or an assembly reference?)
99>D:\Work\IOS-IG-SimHost-FDP-2\Hrot\Diagnostics\Hrot.Diagnostics.Breakpoints.Tests\P11CorrectnessTests.cs(14,2,14,13): error CS0246: The type or namespace name 'ComponentIdAttribute' could not be found (are you missing a using directive or an assembly reference?)
99>D:\Work\IOS-IG-SimHost-FDP-2\Hrot\Diagnostics\Hrot.Diagnostics.Breakpoints.Tests\P11CorrectnessTests.cs(14,2,14,13): error CS0246: The type or namespace name 'ComponentId' could not be found (are you missing a using directive or an assembly reference?)
99>D:\Work\IOS-IG-SimHost-FDP-2\Hrot\Diagnostics\Hrot.Diagnostics.Breakpoints.Tests\AllocationOptimizationTests.cs(148,21,148,42): error CS0246: The type or namespace name 'DataBreakpointManager' could not be found (are you missing a using directive or an assembly reference?)
99>D:\Work\IOS-IG-SimHost-FDP-2\Hrot\Diagnostics\Hrot.Diagnostics.Breakpoints.Tests\AllocationOptimizationTests.cs(149,21,149,41): error CS0246: The type or namespace name 'DataBreakpointSystem' could not be found (are you missing a using directive or an assembly reference?)
99>D:\Work\IOS-IG-SimHost-FDP-2\Hrot\Diagnostics\Hrot.Diagnostics.Breakpoints.Tests\AllocationOptimizationTests.cs(150,21,150,37): error CS0246: The type or namespace name 'EntityRepository' could not be found (are you missing a using directive or an assembly reference?)
99>D:\Work\IOS-IG-SimHost-FDP-2\Hrot\Diagnostics\Hrot.Diagnostics.Breakpoints.Tests\AllocationOptimizationTests.cs(151,21,151,42): error CS0246: The type or namespace name 'DebugSnapshotProvider' could not be found (are you missing a using directive or an assembly reference?)
99>D:\Work\IOS-IG-SimHost-FDP-2\Hrot\Diagnostics\Hrot.Diagnostics.Breakpoints.Tests\DataBreakpointManagerTests.cs(217,16,217,36): error CS0246: The type or namespace name 'IEntityCommandBuffer' could not be found (are you missing a using directive or an assembly reference?)
99>D:\Work\IOS-IG-SimHost-FDP-2\Hrot\Diagnostics\Hrot.Diagnostics.Breakpoints.Tests\HotReloadResilienceTests.cs(217,59,217,77): error CS0246: The type or namespace name 'SearchPredicateDto' could not be found (are you missing a using directive or an assembly reference?)
99>D:\Work\IOS-IG-SimHost-FDP-2\Hrot\Diagnostics\Hrot.Diagnostics.Breakpoints.Tests\IntegrationTests.cs(490,12,490,28): error CS0246: The type or namespace name 'IEcsModuleSystem' could not be found (are you missing a using directive or an assembly reference?)
99>D:\Work\IOS-IG-SimHost-FDP-2\Hrot\Diagnostics\Hrot.Diagnostics.Breakpoints.Tests\BlueprintContextMenuTests.cs(72,12,72,24): error CS0246: The type or namespace name 'QueryBuilder' could not be found (are you missing a using directive or an assembly reference?)
99>D:\Work\IOS-IG-SimHost-FDP-2\Hrot\Diagnostics\Hrot.Diagnostics.Breakpoints.Tests\DataBreakpointInspectorViewTests.cs(24,21,24,42): error CS0246: The type or namespace name 'DataBreakpointManager' could not be found (are you missing a using directive or an assembly reference?)
99>D:\Work\IOS-IG-SimHost-FDP-2\Hrot\Diagnostics\Hrot.Diagnostics.Breakpoints.Tests\DataBreakpointInspectorViewTests.cs(24,52,24,58): error CS0246: The type or namespace name 'Entity' could not be found (are you missing a using directive or an assembly reference?)
99>D:\Work\IOS-IG-SimHost-FDP-2\Hrot\Diagnostics\Hrot.Diagnostics.Breakpoints.Tests\WatchPersistenceTests.cs(114,75,114,93): error CS0246: The type or namespace name 'SearchPredicateDto' could not be found (are you missing a using directive or an assembly reference?)
99>D:\Work\IOS-IG-SimHost-FDP-2\Hrot\Diagnostics\Hrot.Diagnostics.Breakpoints.Tests\WatchPersistenceTests.cs(114,17,114,33): error CS0246: The type or namespace name 'EntityRepository' could not be found (are you missing a using directive or an assembly reference?)
99>D:\Work\IOS-IG-SimHost-FDP-2\Hrot\Diagnostics\Hrot.Diagnostics.Breakpoints.Tests\WatchPersistenceTests.cs(114,35,114,41): error CS0246: The type or namespace name 'Entity' could not be found (are you missing a using directive or an assembly reference?)
99>D:\Work\IOS-IG-SimHost-FDP-2\Hrot\Diagnostics\Hrot.Diagnostics.Breakpoints.Tests\DataBreakpointManagerTests.cs(219,16,219,28): error CS0246: The type or namespace name 'QueryBuilder' could not be found (are you missing a using directive or an assembly reference?)
99>D:\Work\IOS-IG-SimHost-FDP-2\Hrot\Diagnostics\Hrot.Diagnostics.Breakpoints.Tests\WatchPersistenceTests.cs(117,59,117,77): error CS0246: The type or namespace name 'SearchPredicateDto' could not be found (are you missing a using directive or an assembly reference?)
99>D:\Work\IOS-IG-SimHost-FDP-2\Hrot\Diagnostics\Hrot.Diagnostics.Breakpoints.Tests\TraceBufferScanTests.cs(25,21,25,42): error CS0246: The type or namespace name 'DataBreakpointManager' could not be found (are you missing a using directive or an assembly reference?)
99>D:\Work\IOS-IG-SimHost-FDP-2\Hrot\Diagnostics\Hrot.Diagnostics.Breakpoints.Tests\TraceBufferScanTests.cs(25,52,25,72): error CS0246: The type or namespace name 'DataBreakpointSystem' could not be found (are you missing a using directive or an assembly reference?)
99>D:\Work\IOS-IG-SimHost-FDP-2\Hrot\Diagnostics\Hrot.Diagnostics.Breakpoints.Tests\TraceBufferScanTests.cs(25,81,25,97): error CS0246: The type or namespace name 'EntityRepository' could not be found (are you missing a using directive or an assembly reference?)
99>D:\Work\IOS-IG-SimHost-FDP-2\Hrot\Diagnostics\Hrot.Diagnostics.Breakpoints.Tests\TraceBufferScanTests.cs(271,21,271,42): error CS0246: The type or namespace name 'DataBreakpointManager' could not be found (are you missing a using directive or an assembly reference?)
99>D:\Work\IOS-IG-SimHost-FDP-2\Hrot\Diagnostics\Hrot.Diagnostics.Breakpoints.Tests\TraceBufferScanTests.cs(271,52,271,72): error CS0246: The type or namespace name 'DataBreakpointSystem' could not be found (are you missing a using directive or an assembly reference?)
99>D:\Work\IOS-IG-SimHost-FDP-2\Hrot\Diagnostics\Hrot.Diagnostics.Breakpoints.Tests\TraceBufferScanTests.cs(271,81,271,97): error CS0246: The type or namespace name 'EntityRepository' could not be found (are you missing a using directive or an assembly reference?)
99>D:\Work\IOS-IG-SimHost-FDP-2\Hrot\Diagnostics\Hrot.Diagnostics.Breakpoints.Tests\TraceBufferScanTests.cs(291,13,291,38): error CS0246: The type or namespace name 'HsmTraceWorkingMemory1024' could not be found (are you missing a using directive or an assembly reference?)
99>D:\Work\IOS-IG-SimHost-FDP-2\Hrot\Diagnostics\Hrot.Diagnostics.Breakpoints.Tests\TraceBufferScanTests.cs(311,13,311,38): error CS0246: The type or namespace name 'HsmTraceWorkingMemory1024' could not be found (are you missing a using directive or an assembly reference?)
99>Done building project "Hrot.Diagnostics.Breakpoints.Tests.csproj" -- FAILED.
100>D:\Work\IOS-IG-SimHost-FDP-2\Hrot\Editor\Hrot.Editor.AiShared.Tests\Adapters\AIE001_IconHandleUvTests.cs(2,7,2,17): error CS0246: The type or namespace name 'NodeEditor' could not be found (are you missing a using directive or an assembly reference?)
100>D:\Work\IOS-IG-SimHost-FDP-2\Hrot\Editor\Hrot.Editor.AiShared.Tests\Adapters\AIE002_SilkIconProviderTests.cs(5,7,5,10): error CS0246: The type or namespace name 'Fdp' could not be found (are you missing a using directive or an assembly reference?)
100>D:\Work\IOS-IG-SimHost-FDP-2\Hrot\Editor\Hrot.Editor.AiShared.Tests\Adapters\AIE002_SilkIconProviderTests.cs(6,28,6,36): error CS0234: The type or namespace name 'Adapters' does not exist in the namespace 'Hrot.Editor.AiShared' (are you missing an assembly reference?)
100>D:\Work\IOS-IG-SimHost-FDP-2\Hrot\Editor\Hrot.Editor.AiShared.Tests\Adapters\AIE002_SilkIconProviderTests.cs(7,7,7,17): error CS0246: The type or namespace name 'NodeEditor' could not be found (are you missing a using directive or an assembly reference?)
100>D:\Work\IOS-IG-SimHost-FDP-2\Hrot\Editor\Hrot.Editor.AiShared.Tests\Adapters\AIE003_ImGuiInputSourceTests.cs(4,28,4,36): error CS0234: The type or namespace name 'Adapters' does not exist in the namespace 'Hrot.Editor.AiShared' (are you missing an assembly reference?)
100>D:\Work\IOS-IG-SimHost-FDP-2\Hrot\Editor\Hrot.Editor.AiShared.Tests\Adapters\AIE003_ImGuiInputSourceTests.cs(6,7,6,17): error CS0246: The type or namespace name 'NodeEditor' could not be found (are you missing a using directive or an assembly reference?)
100>D:\Work\IOS-IG-SimHost-FDP-2\Hrot\Editor\Hrot.Editor.AiShared.Tests\Adapters\AIE003_ImGuiInputSourceTests.cs(7,7,7,17): error CS0246: The type or namespace name 'NodeEditor' could not be found (are you missing a using directive or an assembly reference?)
100>D:\Work\IOS-IG-SimHost-FDP-2\Hrot\Editor\Hrot.Editor.AiShared.Tests\Adapters\AIE004_EngineEditorThemeTests.cs(3,28,3,36): error CS0234: The type or namespace name 'Adapters' does not exist in the namespace 'Hrot.Editor.AiShared' (are you missing an assembly reference?)
100>D:\Work\IOS-IG-SimHost-FDP-2\Hrot\Editor\Hrot.Editor.AiShared.Tests\Adapters\AIE004_EngineEditorThemeTests.cs(4,7,4,17): error CS0246: The type or namespace name 'NodeEditor' could not be found (are you missing a using directive or an assembly reference?)
100>D:\Work\IOS-IG-SimHost-FDP-2\Hrot\Editor\Hrot.Editor.AiShared.Tests\Adapters\AIE004_EngineEditorThemeTests.cs(5,7,5,17): error CS0246: The type or namespace name 'NodeEditor' could not be found (are you missing a using directive or an assembly reference?)
100>D:\Work\IOS-IG-SimHost-FDP-2\Hrot\Editor\Hrot.Editor.AiShared.Tests\Adapters\AIE005_ImGuiClipboardTests.cs(1,28,1,36): error CS0234: The type or namespace name 'Adapters' does not exist in the namespace 'Hrot.Editor.AiShared' (are you missing an assembly reference?)
100>D:\Work\IOS-IG-SimHost-FDP-2\Hrot\Editor\Hrot.Editor.AiShared.Tests\Adapters\AIE005_ImGuiClipboardTests.cs(2,7,2,17): error CS0246: The type or namespace name 'NodeEditor' could not be found (are you missing a using directive or an assembly reference?)
100>D:\Work\IOS-IG-SimHost-FDP-2\Hrot\Editor\Hrot.Editor.AiShared.Tests\Adapters\AIE006_NLogDiagnosticsSinkTests.cs(3,28,3,36): error CS0234: The type or namespace name 'Adapters' does not exist in the namespace 'Hrot.Editor.AiShared' (are you missing an assembly reference?)
100>D:\Work\IOS-IG-SimHost-FDP-2\Hrot\Editor\Hrot.Editor.AiShared.Tests\Adapters\AIE006_NLogDiagnosticsSinkTests.cs(7,7,7,17): error CS0246: The type or namespace name 'NodeEditor' could not be found (are you missing a using directive or an assembly reference?)
100>D:\Work\IOS-IG-SimHost-FDP-2\Hrot\Editor\Hrot.Editor.AiShared.Tests\Adapters\AIE007_AiEditorAdapterBundleTests.cs(2,7,2,10): error CS0246: The type or namespace name 'Fdp' could not be found (are you missing a using directive or an assembly reference?)
100>D:\Work\IOS-IG-SimHost-FDP-2\Hrot\Editor\Hrot.Editor.AiShared.Tests\Adapters\AIE007_AiEditorAdapterBundleTests.cs(3,28,3,36): error CS0234: The type or namespace name 'Adapters' does not exist in the namespace 'Hrot.Editor.AiShared' (are you missing an assembly reference?)
100>D:\Work\IOS-IG-SimHost-FDP-2\Hrot\Editor\Hrot.Editor.AiShared.Tests\Adapters\AIE007_AiEditorAdapterBundleTests.cs(4,7,4,17): error CS0246: The type or namespace name 'NodeEditor' could not be found (are you missing a using directive or an assembly reference?)
100>D:\Work\IOS-IG-SimHost-FDP-2\Hrot\Editor\Hrot.Editor.AiShared.Tests\Adapters\AIE007_AiEditorAdapterBundleTests.cs(5,7,5,17): error CS0246: The type or namespace name 'NodeEditor' could not be found (are you missing a using directive or an assembly reference?)
100>D:\Work\IOS-IG-SimHost-FDP-2\Hrot\Editor\Hrot.Editor.AiShared.Tests\Blackboard\ActionSchemaExporterTests.cs(4,7,4,10): error CS0246: The type or namespace name 'Fbt' could not be found (are you missing a using directive or an assembly reference?)
100>D:\Work\IOS-IG-SimHost-FDP-2\Hrot\Editor\Hrot.Editor.AiShared.Tests\Blackboard\ActionSchemaExporterTests.cs(5,7,5,10): error CS0246: The type or namespace name 'Fbt' could not be found (are you missing a using directive or an assembly reference?)
100>D:\Work\IOS-IG-SimHost-FDP-2\Hrot\Editor\Hrot.Editor.AiShared.Tests\Blackboard\ActionSchemaExporterTests.cs(6,7,6,11): error CS0246: The type or namespace name 'Fhsm' could not be found (are you missing a using directive or an assembly reference?)
100>D:\Work\IOS-IG-SimHost-FDP-2\Hrot\Editor\Hrot.Editor.AiShared.Tests\Blackboard\ActionSchemaExporterTests.cs(7,28,7,38): error CS0234: The type or namespace name 'Blackboard' does not exist in the namespace 'Hrot.Editor.AiShared' (are you missing an assembly reference?)
100>D:\Work\IOS-IG-SimHost-FDP-2\Hrot\Editor\Hrot.Editor.AiShared.Tests\Blackboard\ActionSchemaExporterTests.cs(8,28,8,35): error CS0234: The type or namespace name 'Catalog' does not exist in the namespace 'Hrot.Editor.AiShared' (are you missing an assembly reference?)
100>D:\Work\IOS-IG-SimHost-FDP-2\Hrot\Editor\Hrot.Editor.AiShared.Tests\Blackboard\BlackboardAddRemoveTests.cs(5,28,5,38): error CS0234: The type or namespace name 'Blackboard' does not exist in the namespace 'Hrot.Editor.AiShared' (are you missing an assembly reference?)
100>D:\Work\IOS-IG-SimHost-FDP-2\Hrot\Editor\Hrot.Editor.AiShared.Tests\Blackboard\BlackboardAddRemoveTests.cs(6,28,6,35): error CS0234: The type or namespace name 'Windows' does not exist in the namespace 'Hrot.Editor.AiShared' (are you missing an assembly reference?)
100>D:\Work\IOS-IG-SimHost-FDP-2\Hrot\Editor\Hrot.Editor.AiShared.Tests\Blackboard\BlackboardAggregatorServiceTests.cs(5,28,5,38): error CS0234: The type or namespace name 'Blackboard' does not exist in the namespace 'Hrot.Editor.AiShared' (are you missing an assembly reference?)
100>D:\Work\IOS-IG-SimHost-FDP-2\Hrot\Editor\Hrot.Editor.AiShared.Tests\Blackboard\BlackboardAggregatorServiceTests.cs(6,28,6,35): error CS0234: The type or namespace name 'Catalog' does not exist in the namespace 'Hrot.Editor.AiShared' (are you missing an assembly reference?)
100>D:\Work\IOS-IG-SimHost-FDP-2\Hrot\Editor\Hrot.Editor.AiShared.Tests\Blackboard\BlackboardAliasDropValidatorTests.cs(3,28,3,38): error CS0234: The type or namespace name 'Blackboard' does not exist in the namespace 'Hrot.Editor.AiShared' (are you missing an assembly reference?)
100>D:\Work\IOS-IG-SimHost-FDP-2\Hrot\Editor\Hrot.Editor.AiShared.Tests\Blackboard\BlackboardAliasingTests.cs(4,28,4,38): error CS0234: The type or namespace name 'Blackboard' does not exist in the namespace 'Hrot.Editor.AiShared' (are you missing an assembly reference?)
100>D:\Work\IOS-IG-SimHost-FDP-2\Hrot\Editor\Hrot.Editor.AiShared.Tests\Blackboard\BlackboardAliasingTests.cs(5,28,5,35): error CS0234: The type or namespace name 'Windows' does not exist in the namespace 'Hrot.Editor.AiShared' (are you missing an assembly reference?)
100>D:\Work\IOS-IG-SimHost-FDP-2\Hrot\Editor\Hrot.Editor.AiShared.Tests\Blackboard\BlackboardAuthoringWindowTests.cs(4,28,4,38): error CS0234: The type or namespace name 'Blackboard' does not exist in the namespace 'Hrot.Editor.AiShared' (are you missing an assembly reference?)
100>D:\Work\IOS-IG-SimHost-FDP-2\Hrot\Editor\Hrot.Editor.AiShared.Tests\Blackboard\BlackboardAuthoringWindowTests.cs(5,28,5,35): error CS0234: The type or namespace name 'Windows' does not exist in the namespace 'Hrot.Editor.AiShared' (are you missing an assembly reference?)
100>D:\Work\IOS-IG-SimHost-FDP-2\Hrot\Editor\Hrot.Editor.AiShared.Tests\Blackboard\BlackboardBinPackerTests.cs(6,28,6,38): error CS0234: The type or namespace name 'Blackboard' does not exist in the namespace 'Hrot.Editor.AiShared' (are you missing an assembly reference?)
100>D:\Work\IOS-IG-SimHost-FDP-2\Hrot\Editor\Hrot.Editor.AiShared.Tests\Blackboard\BlackboardDtoEmitterTests.cs(5,28,5,38): error CS0234: The type or namespace name 'Blackboard' does not exist in the namespace 'Hrot.Editor.AiShared' (are you missing an assembly reference?)
100>D:\Work\IOS-IG-SimHost-FDP-2\Hrot\Editor\Hrot.Editor.AiShared.Tests\Blackboard\BlackboardDtoEmitterTests.cs(6,28,6,32): error CS0234: The type or namespace name 'Emit' does not exist in the namespace 'Hrot.Editor.AiShared' (are you missing an assembly reference?)
100>D:\Work\IOS-IG-SimHost-FDP-2\Hrot\Editor\Hrot.Editor.AiShared.Tests\Blackboard\BlackboardFieldClassifierTests.cs(5,7,5,10): error CS0246: The type or namespace name 'Fbt' could not be found (are you missing a using directive or an assembly reference?)
100>D:\Work\IOS-IG-SimHost-FDP-2\Hrot\Editor\Hrot.Editor.AiShared.Tests\Blackboard\BlackboardFieldClassifierTests.cs(6,28,6,38): error CS0234: The type or namespace name 'Blackboard' does not exist in the namespace 'Hrot.Editor.AiShared' (are you missing an assembly reference?)
100>D:\Work\IOS-IG-SimHost-FDP-2\Hrot\Editor\Hrot.Editor.AiShared.Tests\Blackboard\BlackboardLoadStateTests.cs(3,28,3,38): error CS0234: The type or namespace name 'Blackboard' does not exist in the namespace 'Hrot.Editor.AiShared' (are you missing an assembly reference?)
100>D:\Work\IOS-IG-SimHost-FDP-2\Hrot\Editor\Hrot.Editor.AiShared.Tests\Blackboard\BlackboardSourceTextParserTests.cs(2,28,2,38): error CS0234: The type or namespace name 'Blackboard' does not exist in the namespace 'Hrot.Editor.AiShared' (are you missing an assembly reference?)
100>D:\Work\IOS-IG-SimHost-FDP-2\Hrot\Editor\Hrot.Editor.AiShared.Tests\Blackboard\BlackboardVariableWiringTests.cs(3,28,3,38): error CS0234: The type or namespace name 'Blackboard' does not exist in the namespace 'Hrot.Editor.AiShared' (are you missing an assembly reference?)
100>D:\Work\IOS-IG-SimHost-FDP-2\Hrot\Editor\Hrot.Editor.AiShared.Tests\Blackboard\BlackboardVariableWiringTests.cs(4,28,4,38): error CS0234: The type or namespace name 'References' does not exist in the namespace 'Hrot.Editor.AiShared' (are you missing an assembly reference?)
100>D:\Work\IOS-IG-SimHost-FDP-2\Hrot\Editor\Hrot.Editor.AiShared.Tests\Blackboard\RemoveVariablesTests.cs(4,28,4,38): error CS0234: The type or namespace name 'Blackboard' does not exist in the namespace 'Hrot.Editor.AiShared' (are you missing an assembly reference?)
100>D:\Work\IOS-IG-SimHost-FDP-2\Hrot\Editor\Hrot.Editor.AiShared.Tests\Blackboard\UnusedVariableDiagnosticTests.cs(5,28,5,38): error CS0234: The type or namespace name 'Blackboard' does not exist in the namespace 'Hrot.Editor.AiShared' (are you missing an assembly reference?)
100>D:\Work\IOS-IG-SimHost-FDP-2\Hrot\Editor\Hrot.Editor.AiShared.Tests\Blackboard\UnusedVariableDiagnosticTests.cs(6,28,6,35): error CS0234: The type or namespace name 'Windows' does not exist in the namespace 'Hrot.Editor.AiShared' (are you missing an assembly reference?)
100>D:\Work\IOS-IG-SimHost-FDP-2\Hrot\Editor\Hrot.Editor.AiShared.Tests\Catalog\AiAssetCatalogBuilderTests.cs(2,7,2,10): error CS0246: The type or namespace name 'Fbt' could not be found (are you missing a using directive or an assembly reference?)
100>D:\Work\IOS-IG-SimHost-FDP-2\Hrot\Editor\Hrot.Editor.AiShared.Tests\Catalog\AiAssetCatalogBuilderTests.cs(3,7,3,11): error CS0246: The type or namespace name 'Fhsm' could not be found (are you missing a using directive or an assembly reference?)
100>D:\Work\IOS-IG-SimHost-FDP-2\Hrot\Editor\Hrot.Editor.AiShared.Tests\Catalog\AiAssetCatalogBuilderTests.cs(4,7,4,11): error CS0246: The type or namespace name 'Fhsm' could not be found (are you missing a using directive or an assembly reference?)
100>D:\Work\IOS-IG-SimHost-FDP-2\Hrot\Editor\Hrot.Editor.AiShared.Tests\Catalog\AiAssetCatalogBuilderTests.cs(5,12,5,17): error CS0234: The type or namespace name 'BTree' does not exist in the namespace 'Hrot' (are you missing an assembly reference?)
100>D:\Work\IOS-IG-SimHost-FDP-2\Hrot\Editor\Hrot.Editor.AiShared.Tests\Catalog\AiAssetCatalogBuilderTests.cs(6,12,6,22): error CS0234: The type or namespace name 'Blueprints' does not exist in the namespace 'Hrot' (are you missing an assembly reference?)
100>D:\Work\IOS-IG-SimHost-FDP-2\Hrot\Editor\Hrot.Editor.AiShared.Tests\Catalog\AiAssetCatalogBuilderTests.cs(7,28,7,35): error CS0234: The type or namespace name 'Catalog' does not exist in the namespace 'Hrot.Editor.AiShared' (are you missing an assembly reference?)
100>D:\Work\IOS-IG-SimHost-FDP-2\Hrot\Editor\Hrot.Editor.AiShared.Tests\Catalog\AiAssetCatalogBuilderTests.cs(8,12,8,15): error CS0234: The type or namespace name 'Hsm' does not exist in the namespace 'Hrot' (are you missing an assembly reference?)
100>D:\Work\IOS-IG-SimHost-FDP-2\Hrot\Editor\Hrot.Editor.AiShared.Tests\Catalog\AssetCatalogTests.cs(1,28,1,35): error CS0234: The type or namespace name 'Catalog' does not exist in the namespace 'Hrot.Editor.AiShared' (are you missing an assembly reference?)
100>D:\Work\IOS-IG-SimHost-FDP-2\Hrot\Editor\Hrot.Editor.AiShared.Tests\Comparison\AssetSelectionDialogTests.cs(1,28,1,38): error CS0234: The type or namespace name 'Comparison' does not exist in the namespace 'Hrot.Editor.AiShared' (are you missing an assembly reference?)
100>D:\Work\IOS-IG-SimHost-FDP-2\Hrot\Editor\Hrot.Editor.AiShared.Tests\Comparison\AssetSelectionDialogTests.cs(2,28,2,38): error CS0234: The type or namespace name 'Comparison' does not exist in the namespace 'Hrot.Editor.AiShared' (are you missing an assembly reference?)
100>D:\Work\IOS-IG-SimHost-FDP-2\Hrot\Editor\Hrot.Editor.AiShared.Tests\Comparison\AssetSelectionValidatorTests.cs(2,28,2,38): error CS0234: The type or namespace name 'Comparison' does not exist in the namespace 'Hrot.Editor.AiShared' (are you missing an assembly reference?)
100>D:\Work\IOS-IG-SimHost-FDP-2\Hrot\Editor\Hrot.Editor.AiShared.Tests\Comparison\BlackboardAuthoringWindowComparisonTests.cs(2,28,2,38): error CS0234: The type or namespace name 'Comparison' does not exist in the namespace 'Hrot.Editor.AiShared' (are you missing an assembly reference?)
100>D:\Work\IOS-IG-SimHost-FDP-2\Hrot\Editor\Hrot.Editor.AiShared.Tests\Comparison\BlackboardComparisonSanitizerTests.cs(3,28,3,38): error CS0234: The type or namespace name 'Comparison' does not exist in the namespace 'Hrot.Editor.AiShared' (are you missing an assembly reference?)
100>D:\Work\IOS-IG-SimHost-FDP-2\Hrot\Editor\Hrot.Editor.AiShared.Tests\Comparison\BlackboardSanitizationDeterminismTests.cs(3,28,3,38): error CS0234: The type or namespace name 'Comparison' does not exist in the namespace 'Hrot.Editor.AiShared' (are you missing an assembly reference?)
100>D:\Work\IOS-IG-SimHost-FDP-2\Hrot\Editor\Hrot.Editor.AiShared.Tests\Comparison\BlackboardSelfComparisonTests.cs(3,28,3,38): error CS0234: The type or namespace name 'Comparison' does not exist in the namespace 'Hrot.Editor.AiShared' (are you missing an assembly reference?)
100>D:\Work\IOS-IG-SimHost-FDP-2\Hrot\Editor\Hrot.Editor.AiShared.Tests\Comparison\CompanionFileDiscoveryTests.cs(2,28,2,38): error CS0234: The type or namespace name 'Comparison' does not exist in the namespace 'Hrot.Editor.AiShared' (are you missing an assembly reference?)
100>D:\Work\IOS-IG-SimHost-FDP-2\Hrot\Editor\Hrot.Editor.AiShared.Tests\Comparison\ComparisonAnnotationRendererTests.cs(4,28,4,38): error CS0234: The type or namespace name 'Comparison' does not exist in the namespace 'Hrot.Editor.AiShared' (are you missing an assembly reference?)
100>D:\Work\IOS-IG-SimHost-FDP-2\Hrot\Editor\Hrot.Editor.AiShared.Tests\Comparison\ComparisonAnnotationRendererTests.cs(5,28,5,38): error CS0234: The type or namespace name 'Comparison' does not exist in the namespace 'Hrot.Editor.AiShared' (are you missing an assembly reference?)
100>D:\Work\IOS-IG-SimHost-FDP-2\Hrot\Editor\Hrot.Editor.AiShared.Tests\Comparison\ComparisonAnnotationRendererTests.cs(7,7,7,17): error CS0246: The type or namespace name 'NodeEditor' could not be found (are you missing a using directive or an assembly reference?)
100>D:\Work\IOS-IG-SimHost-FDP-2\Hrot\Editor\Hrot.Editor.AiShared.Tests\Comparison\ComparisonAnnotationRendererTests.cs(8,7,8,17): error CS0246: The type or namespace name 'NodeEditor' could not be found (are you missing a using directive or an assembly reference?)
100>D:\Work\IOS-IG-SimHost-FDP-2\Hrot\Editor\Hrot.Editor.AiShared.Tests\Comparison\ComparisonAnnotationRendererTests.cs(9,7,9,17): error CS0246: The type or namespace name 'NodeEditor' could not be found (are you missing a using directive or an assembly reference?)
100>D:\Work\IOS-IG-SimHost-FDP-2\Hrot\Editor\Hrot.Editor.AiShared.Tests\Comparison\ComparisonAnnotationRendererTests.cs(10,7,10,17): error CS0246: The type or namespace name 'NodeEditor' could not be found (are you missing a using directive or an assembly reference?)
100>D:\Work\IOS-IG-SimHost-FDP-2\Hrot\Editor\Hrot.Editor.AiShared.Tests\Comparison\ComparisonErrorMessagesTests.cs(2,28,2,38): error CS0234: The type or namespace name 'Comparison' does not exist in the namespace 'Hrot.Editor.AiShared' (are you missing an assembly reference?)
100>D:\Work\IOS-IG-SimHost-FDP-2\Hrot\Editor\Hrot.Editor.AiShared.Tests\Comparison\ComparisonExportBuilderTests.cs(2,28,2,38): error CS0234: The type or namespace name 'Comparison' does not exist in the namespace 'Hrot.Editor.AiShared' (are you missing an assembly reference?)
100>D:\Work\IOS-IG-SimHost-FDP-2\Hrot\Editor\Hrot.Editor.AiShared.Tests\Comparison\ComparisonSessionStateTests.cs(1,28,1,38): error CS0234: The type or namespace name 'Comparison' does not exist in the namespace 'Hrot.Editor.AiShared' (are you missing an assembly reference?)
100>D:\Work\IOS-IG-SimHost-FDP-2\Hrot\Editor\Hrot.Editor.AiShared.Tests\Comparison\ComparisonSidebarTests.cs(3,28,3,38): error CS0234: The type or namespace name 'Comparison' does not exist in the namespace 'Hrot.Editor.AiShared' (are you missing an assembly reference?)
100>D:\Work\IOS-IG-SimHost-FDP-2\Hrot\Editor\Hrot.Editor.AiShared.Tests\Comparison\ComparisonSidebarTests.cs(4,28,4,38): error CS0234: The type or namespace name 'Comparison' does not exist in the namespace 'Hrot.Editor.AiShared' (are you missing an assembly reference?)
100>D:\Work\IOS-IG-SimHost-FDP-2\Hrot\Editor\Hrot.Editor.AiShared.Tests\Comparison\ComparisonStyleMapTests.cs(2,28,2,38): error CS0234: The type or namespace name 'Comparison' does not exist in the namespace 'Hrot.Editor.AiShared' (are you missing an assembly reference?)
100>D:\Work\IOS-IG-SimHost-FDP-2\Hrot\Editor\Hrot.Editor.AiShared.Tests\Comparison\ComparisonSummaryPanelTests.cs(3,28,3,38): error CS0234: The type or namespace name 'Comparison' does not exist in the namespace 'Hrot.Editor.AiShared' (are you missing an assembly reference?)
100>D:\Work\IOS-IG-SimHost-FDP-2\Hrot\Editor\Hrot.Editor.AiShared.Tests\Comparison\ComparisonSummaryPanelTests.cs(4,28,4,38): error CS0234: The type or namespace name 'Comparison' does not exist in the namespace 'Hrot.Editor.AiShared' (are you missing an assembly reference?)
100>D:\Work\IOS-IG-SimHost-FDP-2\Hrot\Editor\Hrot.Editor.AiShared.Tests\Comparison\ComparisonToolbarActionTests.cs(1,28,1,38): error CS0234: The type or namespace name 'Comparison' does not exist in the namespace 'Hrot.Editor.AiShared' (are you missing an assembly reference?)
100>D:\Work\IOS-IG-SimHost-FDP-2\Hrot\Editor\Hrot.Editor.AiShared.Tests\Comparison\ComparisonToolbarActionTests.cs(2,28,2,38): error CS0234: The type or namespace name 'Comparison' does not exist in the namespace 'Hrot.Editor.AiShared' (are you missing an assembly reference?)
100>D:\Work\IOS-IG-SimHost-FDP-2\Hrot\Editor\Hrot.Editor.AiShared.Tests\Comparison\ExitComparisonActionTests.cs(2,28,2,38): error CS0234: The type or namespace name 'Comparison' does not exist in the namespace 'Hrot.Editor.AiShared' (are you missing an assembly reference?)
100>D:\Work\IOS-IG-SimHost-FDP-2\Hrot\Editor\Hrot.Editor.AiShared.Tests\Comparison\ExitComparisonActionTests.cs(3,28,3,38): error CS0234: The type or namespace name 'Comparison' does not exist in the namespace 'Hrot.Editor.AiShared' (are you missing an assembly reference?)
100>D:\Work\IOS-IG-SimHost-FDP-2\Hrot\Editor\Hrot.Editor.AiShared.Tests\Comparison\ExitComparisonActionTests.cs(4,28,4,38): error CS0234: The type or namespace name 'Comparison' does not exist in the namespace 'Hrot.Editor.AiShared' (are you missing an assembly reference?)
100>D:\Work\IOS-IG-SimHost-FDP-2\Hrot\Editor\Hrot.Editor.AiShared.Tests\Comparison\ExportDeliveryModalTests.cs(1,28,1,38): error CS0234: The type or namespace name 'Comparison' does not exist in the namespace 'Hrot.Editor.AiShared' (are you missing an assembly reference?)
100>D:\Work\IOS-IG-SimHost-FDP-2\Hrot\Editor\Hrot.Editor.AiShared.Tests\Comparison\LlmResponseParserTests.cs(1,28,1,38): error CS0234: The type or namespace name 'Comparison' does not exist in the namespace 'Hrot.Editor.AiShared' (are you missing an assembly reference?)
100>D:\Work\IOS-IG-SimHost-FDP-2\Hrot\Editor\Hrot.Editor.AiShared.Tests\Comparison\NoOpAdapterTests.cs(2,28,2,38): error CS0234: The type or namespace name 'Comparison' does not exist in the namespace 'Hrot.Editor.AiShared' (are you missing an assembly reference?)
100>D:\Work\IOS-IG-SimHost-FDP-2\Hrot\Editor\Hrot.Editor.AiShared.Tests\Comparison\NoOpAdapterTests.cs(3,28,3,30): error CS0234: The type or namespace name 'Di' does not exist in the namespace 'Hrot.Editor.AiShared' (are you missing an assembly reference?)
100>D:\Work\IOS-IG-SimHost-FDP-2\Hrot\Editor\Hrot.Editor.AiShared.Tests\Comparison\PasteResponseModalTests.cs(1,28,1,38): error CS0234: The type or namespace name 'Comparison' does not exist in the namespace 'Hrot.Editor.AiShared' (are you missing an assembly reference?)
100>D:\Work\IOS-IG-SimHost-FDP-2\Hrot\Editor\Hrot.Editor.AiShared.Tests\Comparison\PasteResponseModalTests.cs(2,28,2,38): error CS0234: The type or namespace name 'Comparison' does not exist in the namespace 'Hrot.Editor.AiShared' (are you missing an assembly reference?)
100>D:\Work\IOS-IG-SimHost-FDP-2\Hrot\Editor\Hrot.Editor.AiShared.Tests\Comparison\ResponseAssetMatcherTests.cs(1,28,1,38): error CS0234: The type or namespace name 'Comparison' does not exist in the namespace 'Hrot.Editor.AiShared' (are you missing an assembly reference?)
100>D:\Work\IOS-IG-SimHost-FDP-2\Hrot\Editor\Hrot.Editor.AiShared.Tests\Comparison\SanitizationTypesTests.cs(2,28,2,38): error CS0234: The type or namespace name 'Comparison' does not exist in the namespace 'Hrot.Editor.AiShared' (are you missing an assembly reference?)
100>D:\Work\IOS-IG-SimHost-FDP-2\Hrot\Editor\Hrot.Editor.AiShared.Tests\Comparison\SanitizerRegistryTests.cs(2,28,2,38): error CS0234: The type or namespace name 'Comparison' does not exist in the namespace 'Hrot.Editor.AiShared' (are you missing an assembly reference?)
100>D:\Work\IOS-IG-SimHost-FDP-2\Hrot\Editor\Hrot.Editor.AiShared.Tests\Comparison\StaleBadgeWatcherTests.cs(2,28,2,38): error CS0234: The type or namespace name 'Comparison' does not exist in the namespace 'Hrot.Editor.AiShared' (are you missing an assembly reference?)
100>D:\Work\IOS-IG-SimHost-FDP-2\Hrot\Editor\Hrot.Editor.AiShared.Tests\Debug\AiDebugSessionBaseTests.cs(1,7,1,10): error CS0246: The type or namespace name 'Fdp' could not be found (are you missing a using directive or an assembly reference?)
100>D:\Work\IOS-IG-SimHost-FDP-2\Hrot\Editor\Hrot.Editor.AiShared.Tests\Debug\AiDebugSessionBaseTests.cs(2,28,2,33): error CS0234: The type or namespace name 'Debug' does not exist in the namespace 'Hrot.Editor.AiShared' (are you missing an assembly reference?)
100>D:\Work\IOS-IG-SimHost-FDP-2\Hrot\Editor\Hrot.Editor.AiShared.Tests\Debug\Aie030DebugSessionRegistryIntegrationTests.cs(1,7,1,10): error CS0246: The type or namespace name 'Fbt' could not be found (are you missing a using directive or an assembly reference?)
100>D:\Work\IOS-IG-SimHost-FDP-2\Hrot\Editor\Hrot.Editor.AiShared.Tests\Debug\Aie030DebugSessionRegistryIntegrationTests.cs(2,7,2,10): error CS0246: The type or namespace name 'Fdp' could not be found (are you missing a using directive or an assembly reference?)
100>D:\Work\IOS-IG-SimHost-FDP-2\Hrot\Editor\Hrot.Editor.AiShared.Tests\Debug\Aie030DebugSessionRegistryIntegrationTests.cs(3,7,3,10): error CS0246: The type or namespace name 'Fdp' could not be found (are you missing a using directive or an assembly reference?)
100>D:\Work\IOS-IG-SimHost-FDP-2\Hrot\Editor\Hrot.Editor.AiShared.Tests\Debug\Aie030DebugSessionRegistryIntegrationTests.cs(4,7,4,10): error CS0246: The type or namespace name 'Fdp' could not be found (are you missing a using directive or an assembly reference?)
100>D:\Work\IOS-IG-SimHost-FDP-2\Hrot\Editor\Hrot.Editor.AiShared.Tests\Debug\Aie030DebugSessionRegistryIntegrationTests.cs(5,12,5,17): error CS0234: The type or namespace name 'BTree' does not exist in the namespace 'Hrot' (are you missing an assembly reference?)
100>D:\Work\IOS-IG-SimHost-FDP-2\Hrot\Editor\Hrot.Editor.AiShared.Tests\Debug\Aie030DebugSessionRegistryIntegrationTests.cs(6,12,6,17): error CS0234: The type or namespace name 'BTree' does not exist in the namespace 'Hrot' (are you missing an assembly reference?)
100>D:\Work\IOS-IG-SimHost-FDP-2\Hrot\Editor\Hrot.Editor.AiShared.Tests\Debug\Aie030DebugSessionRegistryIntegrationTests.cs(7,28,7,33): error CS0234: The type or namespace name 'Debug' does not exist in the namespace 'Hrot.Editor.AiShared' (are you missing an assembly reference?)
100>D:\Work\IOS-IG-SimHost-FDP-2\Hrot\Editor\Hrot.Editor.AiShared.Tests\Debug\AiTracerCoordinatorTests.cs(1,28,1,33): error CS0234: The type or namespace name 'Debug' does not exist in the namespace 'Hrot.Editor.AiShared' (are you missing an assembly reference?)
100>D:\Work\IOS-IG-SimHost-FDP-2\Hrot\Editor\Hrot.Editor.AiShared.Tests\Debug\DebugSessionRegistryTests.cs(1,7,1,10): error CS0246: The type or namespace name 'Fdp' could not be found (are you missing a using directive or an assembly reference?)
100>D:\Work\IOS-IG-SimHost-FDP-2\Hrot\Editor\Hrot.Editor.AiShared.Tests\Debug\DebugSessionRegistryTests.cs(2,28,2,33): error CS0234: The type or namespace name 'Debug' does not exist in the namespace 'Hrot.Editor.AiShared' (are you missing an assembly reference?)
100>D:\Work\IOS-IG-SimHost-FDP-2\Hrot\Editor\Hrot.Editor.AiShared.Tests\Debug\TraceLaneDescriptorTests.cs(1,28,1,33): error CS0234: The type or namespace name 'Debug' does not exist in the namespace 'Hrot.Editor.AiShared' (are you missing an assembly reference?)
100>D:\Work\IOS-IG-SimHost-FDP-2\Hrot\Editor\Hrot.Editor.AiShared.Tests\Di\SharedAiEditorDiTests.cs(2,28,2,30): error CS0234: The type or namespace name 'Di' does not exist in the namespace 'Hrot.Editor.AiShared' (are you missing an assembly reference?)
100>D:\Work\IOS-IG-SimHost-FDP-2\Hrot\Editor\Hrot.Editor.AiShared.Tests\Di\SharedAiEditorDiTests.cs(3,28,3,35): error CS0234: The type or namespace name 'Windows' does not exist in the namespace 'Hrot.Editor.AiShared' (are you missing an assembly reference?)
100>D:\Work\IOS-IG-SimHost-FDP-2\Hrot\Editor\Hrot.Editor.AiShared.Tests\Di\SharedAiEditorDiTests.cs(4,28,4,35): error CS0234: The type or namespace name 'Catalog' does not exist in the namespace 'Hrot.Editor.AiShared' (are you missing an assembly reference?)
100>D:\Work\IOS-IG-SimHost-FDP-2\Hrot\Editor\Hrot.Editor.AiShared.Tests\Di\SharedAiEditorDiTests.cs(5,28,5,33): error CS0234: The type or namespace name 'Debug' does not exist in the namespace 'Hrot.Editor.AiShared' (are you missing an assembly reference?)
100>D:\Work\IOS-IG-SimHost-FDP-2\Hrot\Editor\Hrot.Editor.AiShared.Tests\Di\SharedAiEditorDiTests.cs(6,28,6,36): error CS0234: The type or namespace name 'Refactor' does not exist in the namespace 'Hrot.Editor.AiShared' (are you missing an assembly reference?)
100>D:\Work\IOS-IG-SimHost-FDP-2\Hrot\Editor\Hrot.Editor.AiShared.Tests\Di\SharedAiEditorDiTests.cs(7,28,7,37): error CS0234: The type or namespace name 'Selection' does not exist in the namespace 'Hrot.Editor.AiShared' (are you missing an assembly reference?)
100>D:\Work\IOS-IG-SimHost-FDP-2\Hrot\Editor\Hrot.Editor.AiShared.Tests\Di\SharedAiEditorDiTests.cs(8,7,8,10): error CS0246: The type or namespace name 'Fdp' could not be found (are you missing a using directive or an assembly reference?)
100>D:\Work\IOS-IG-SimHost-FDP-2\Hrot\Editor\Hrot.Editor.AiShared.Tests\Documents\AiDocumentManagerTests.cs(1,28,1,37): error CS0234: The type or namespace name 'Documents' does not exist in the namespace 'Hrot.Editor.AiShared' (are you missing an assembly reference?)
100>D:\Work\IOS-IG-SimHost-FDP-2\Hrot\Editor\Hrot.Editor.AiShared.Tests\Emit\BlueprintSchedulerRoutingTests.cs(4,28,4,32): error CS0234: The type or namespace name 'Emit' does not exist in the namespace 'Hrot.Editor.AiShared' (are you missing an assembly reference?)
100>D:\Work\IOS-IG-SimHost-FDP-2\Hrot\Editor\Hrot.Editor.AiShared.Tests\Emit\FluentCSharpEmitterBaseTests.cs(1,28,1,32): error CS0234: The type or namespace name 'Emit' does not exist in the namespace 'Hrot.Editor.AiShared' (are you missing an assembly reference?)
100>D:\Work\IOS-IG-SimHost-FDP-2\Hrot\Editor\Hrot.Editor.AiShared.Tests\Emit\RegenerationSchedulerTests.cs(4,28,4,37): error CS0234: The type or namespace name 'Documents' does not exist in the namespace 'Hrot.Editor.AiShared' (are you missing an assembly reference?)
100>D:\Work\IOS-IG-SimHost-FDP-2\Hrot\Editor\Hrot.Editor.AiShared.Tests\Emit\RegenerationSchedulerTests.cs(5,28,5,32): error CS0234: The type or namespace name 'Emit' does not exist in the namespace 'Hrot.Editor.AiShared' (are you missing an assembly reference?)
100>D:\Work\IOS-IG-SimHost-FDP-2\Hrot\Editor\Hrot.Editor.AiShared.Tests\Emit\UsingDirectiveSetTests.cs(1,28,1,32): error CS0234: The type or namespace name 'Emit' does not exist in the namespace 'Hrot.Editor.AiShared' (are you missing an assembly reference?)
100>D:\Work\IOS-IG-SimHost-FDP-2\Hrot\Editor\Hrot.Editor.AiShared.Tests\HotReload\HotReloadClassifierTests.cs(1,28,1,37): error CS0234: The type or namespace name 'HotReload' does not exist in the namespace 'Hrot.Editor.AiShared' (are you missing an assembly reference?)
100>D:\Work\IOS-IG-SimHost-FDP-2\Hrot\Editor\Hrot.Editor.AiShared.Tests\Identity\AssetIdHashTests.cs(1,28,1,36): error CS0234: The type or namespace name 'Identity' does not exist in the namespace 'Hrot.Editor.AiShared' (are you missing an assembly reference?)
100>D:\Work\IOS-IG-SimHost-FDP-2\Hrot\Editor\Hrot.Editor.AiShared.Tests\Layout\LayoutDiscoveryTests.cs(3,28,3,34): error CS0234: The type or namespace name 'Layout' does not exist in the namespace 'Hrot.Editor.AiShared' (are you missing an assembly reference?)
100>D:\Work\IOS-IG-SimHost-FDP-2\Hrot\Editor\Hrot.Editor.AiShared.Tests\Refactor\AtomicMultiFileWriterTests.cs(1,28,1,36): error CS0234: The type or namespace name 'Refactor' does not exist in the namespace 'Hrot.Editor.AiShared' (are you missing an assembly reference?)
100>D:\Work\IOS-IG-SimHost-FDP-2\Hrot\Editor\Hrot.Editor.AiShared.Tests\Refactor\RefactorEndToEndTests.cs(1,28,1,35): error CS0234: The type or namespace name 'Catalog' does not exist in the namespace 'Hrot.Editor.AiShared' (are you missing an assembly reference?)
100>D:\Work\IOS-IG-SimHost-FDP-2\Hrot\Editor\Hrot.Editor.AiShared.Tests\Refactor\RefactorEndToEndTests.cs(2,28,2,36): error CS0234: The type or namespace name 'Refactor' does not exist in the namespace 'Hrot.Editor.AiShared' (are you missing an assembly reference?)
100>D:\Work\IOS-IG-SimHost-FDP-2\Hrot\Editor\Hrot.Editor.AiShared.Tests\Refactor\RefactorEndToEndTests.cs(3,28,3,38): error CS0234: The type or namespace name 'References' does not exist in the namespace 'Hrot.Editor.AiShared' (are you missing an assembly reference?)
100>D:\Work\IOS-IG-SimHost-FDP-2\Hrot\Editor\Hrot.Editor.AiShared.Tests\Refactor\RefactorServiceTests.cs(1,28,1,35): error CS0234: The type or namespace name 'Catalog' does not exist in the namespace 'Hrot.Editor.AiShared' (are you missing an assembly reference?)
100>D:\Work\IOS-IG-SimHost-FDP-2\Hrot\Editor\Hrot.Editor.AiShared.Tests\Refactor\RefactorServiceTests.cs(2,28,2,36): error CS0234: The type or namespace name 'Refactor' does not exist in the namespace 'Hrot.Editor.AiShared' (are you missing an assembly reference?)
100>D:\Work\IOS-IG-SimHost-FDP-2\Hrot\Editor\Hrot.Editor.AiShared.Tests\Refactor\RefactorServiceTests.cs(3,28,3,38): error CS0234: The type or namespace name 'References' does not exist in the namespace 'Hrot.Editor.AiShared' (are you missing an assembly reference?)
100>D:\Work\IOS-IG-SimHost-FDP-2\Hrot\Editor\Hrot.Editor.AiShared.Tests\References\ReferenceCatalogTests.cs(1,28,1,35): error CS0234: The type or namespace name 'Catalog' does not exist in the namespace 'Hrot.Editor.AiShared' (are you missing an assembly reference?)
100>D:\Work\IOS-IG-SimHost-FDP-2\Hrot\Editor\Hrot.Editor.AiShared.Tests\References\ReferenceCatalogTests.cs(2,28,2,38): error CS0234: The type or namespace name 'References' does not exist in the namespace 'Hrot.Editor.AiShared' (are you missing an assembly reference?)
100>D:\Work\IOS-IG-SimHost-FDP-2\Hrot\Editor\Hrot.Editor.AiShared.Tests\Selection\CallbackSelectionBridgeTests.cs(1,7,1,10): error CS0246: The type or namespace name 'Fdp' could not be found (are you missing a using directive or an assembly reference?)
100>D:\Work\IOS-IG-SimHost-FDP-2\Hrot\Editor\Hrot.Editor.AiShared.Tests\Selection\CallbackSelectionBridgeTests.cs(2,28,2,37): error CS0234: The type or namespace name 'Selection' does not exist in the namespace 'Hrot.Editor.AiShared' (are you missing an assembly reference?)
100>D:\Work\IOS-IG-SimHost-FDP-2\Hrot\Editor\Hrot.Editor.AiShared.Tests\Selection\EditorSelectionStoreTests.cs(1,7,1,10): error CS0246: The type or namespace name 'Fdp' could not be found (are you missing a using directive or an assembly reference?)
100>D:\Work\IOS-IG-SimHost-FDP-2\Hrot\Editor\Hrot.Editor.AiShared.Tests\Selection\EditorSelectionStoreTests.cs(2,28,2,37): error CS0234: The type or namespace name 'Selection' does not exist in the namespace 'Hrot.Editor.AiShared' (are you missing an assembly reference?)
100>D:\Work\IOS-IG-SimHost-FDP-2\Hrot\Editor\Hrot.Editor.AiShared.Tests\Windows\AiGraphCanvasWindowTests.cs(3,7,3,10): error CS0246: The type or namespace name 'Fdp' could not be found (are you missing a using directive or an assembly reference?)
100>D:\Work\IOS-IG-SimHost-FDP-2\Hrot\Editor\Hrot.Editor.AiShared.Tests\Windows\AiGraphCanvasWindowTests.cs(4,28,4,37): error CS0234: The type or namespace name 'Documents' does not exist in the namespace 'Hrot.Editor.AiShared' (are you missing an assembly reference?)
100>D:\Work\IOS-IG-SimHost-FDP-2\Hrot\Editor\Hrot.Editor.AiShared.Tests\Windows\AiGraphCanvasWindowTests.cs(5,28,5,35): error CS0234: The type or namespace name 'Windows' does not exist in the namespace 'Hrot.Editor.AiShared' (are you missing an assembly reference?)
100>D:\Work\IOS-IG-SimHost-FDP-2\Hrot\Editor\Hrot.Editor.AiShared.Tests\Windows\AiGraphCanvasWindowTests.cs(6,7,6,17): error CS0246: The type or namespace name 'NodeEditor' could not be found (are you missing a using directive or an assembly reference?)
100>D:\Work\IOS-IG-SimHost-FDP-2\Hrot\Editor\Hrot.Editor.AiShared.Tests\Windows\AiGraphCanvasWindowTests.cs(7,7,7,17): error CS0246: The type or namespace name 'NodeEditor' could not be found (are you missing a using directive or an assembly reference?)
100>D:\Work\IOS-IG-SimHost-FDP-2\Hrot\Editor\Hrot.Editor.AiShared.Tests\Windows\AiGraphCanvasWindowTests.cs(8,7,8,17): error CS0246: The type or namespace name 'NodeEditor' could not be found (are you missing a using directive or an assembly reference?)
100>D:\Work\IOS-IG-SimHost-FDP-2\Hrot\Editor\Hrot.Editor.AiShared.Tests\Windows\AiGraphCanvasWindowTests.cs(9,7,9,17): error CS0246: The type or namespace name 'NodeEditor' could not be found (are you missing a using directive or an assembly reference?)
100>D:\Work\IOS-IG-SimHost-FDP-2\Hrot\Editor\Hrot.Editor.AiShared.Tests\Windows\AiWatchBreakpointsWindowTests.cs(21,28,21,39): error CS0234: The type or namespace name 'Diagnostics' does not exist in the namespace 'Hrot' (are you missing an assembly reference?)
100>D:\Work\IOS-IG-SimHost-FDP-2\Hrot\Editor\Hrot.Editor.AiShared.Tests\Windows\AiWatchBreakpointsWindowTests.cs(20,28,20,39): error CS0234: The type or namespace name 'Diagnostics' does not exist in the namespace 'Hrot' (are you missing an assembly reference?)
100>D:\Work\IOS-IG-SimHost-FDP-2\Hrot\Editor\Hrot.Editor.AiShared.Tests\Windows\AiWatchBreakpointsWindowTests.cs(4,7,4,10): error CS0246: The type or namespace name 'Fdp' could not be found (are you missing a using directive or an assembly reference?)
100>D:\Work\IOS-IG-SimHost-FDP-2\Hrot\Editor\Hrot.Editor.AiShared.Tests\Windows\AiWatchBreakpointsWindowTests.cs(5,7,5,10): error CS0246: The type or namespace name 'Fdp' could not be found (are you missing a using directive or an assembly reference?)
100>D:\Work\IOS-IG-SimHost-FDP-2\Hrot\Editor\Hrot.Editor.AiShared.Tests\Windows\AiWatchBreakpointsWindowTests.cs(6,7,6,10): error CS0246: The type or namespace name 'Fdp' could not be found (are you missing a using directive or an assembly reference?)
100>D:\Work\IOS-IG-SimHost-FDP-2\Hrot\Editor\Hrot.Editor.AiShared.Tests\Windows\AiWatchBreakpointsWindowTests.cs(7,7,7,10): error CS0246: The type or namespace name 'Fdp' could not be found (are you missing a using directive or an assembly reference?)
100>D:\Work\IOS-IG-SimHost-FDP-2\Hrot\Editor\Hrot.Editor.AiShared.Tests\Windows\AiWatchBreakpointsWindowTests.cs(8,7,8,10): error CS0246: The type or namespace name 'Fdp' could not be found (are you missing a using directive or an assembly reference?)
100>D:\Work\IOS-IG-SimHost-FDP-2\Hrot\Editor\Hrot.Editor.AiShared.Tests\Windows\AiWatchBreakpointsWindowTests.cs(9,12,9,23): error CS0234: The type or namespace name 'Diagnostics' does not exist in the namespace 'Hrot' (are you missing an assembly reference?)
100>D:\Work\IOS-IG-SimHost-FDP-2\Hrot\Editor\Hrot.Editor.AiShared.Tests\Windows\AiWatchBreakpointsWindowTests.cs(10,28,10,35): error CS0234: The type or namespace name 'Catalog' does not exist in the namespace 'Hrot.Editor.AiShared' (are you missing an assembly reference?)
100>D:\Work\IOS-IG-SimHost-FDP-2\Hrot\Editor\Hrot.Editor.AiShared.Tests\Windows\AiWatchBreakpointsWindowTests.cs(11,28,11,33): error CS0234: The type or namespace name 'Debug' does not exist in the namespace 'Hrot.Editor.AiShared' (are you missing an assembly reference?)
100>D:\Work\IOS-IG-SimHost-FDP-2\Hrot\Editor\Hrot.Editor.AiShared.Tests\Windows\AiWatchBreakpointsWindowTests.cs(12,28,12,37): error CS0234: The type or namespace name 'Documents' does not exist in the namespace 'Hrot.Editor.AiShared' (are you missing an assembly reference?)
100>D:\Work\IOS-IG-SimHost-FDP-2\Hrot\Editor\Hrot.Editor.AiShared.Tests\Windows\AiWatchBreakpointsWindowTests.cs(13,28,13,36): error CS0234: The type or namespace name 'Refactor' does not exist in the namespace 'Hrot.Editor.AiShared' (are you missing an assembly reference?)
100>D:\Work\IOS-IG-SimHost-FDP-2\Hrot\Editor\Hrot.Editor.AiShared.Tests\Windows\AiWatchBreakpointsWindowTests.cs(14,28,14,37): error CS0234: The type or namespace name 'Selection' does not exist in the namespace 'Hrot.Editor.AiShared' (are you missing an assembly reference?)
100>D:\Work\IOS-IG-SimHost-FDP-2\Hrot\Editor\Hrot.Editor.AiShared.Tests\Windows\AiWatchBreakpointsWindowTests.cs(15,28,15,38): error CS0234: The type or namespace name 'Validation' does not exist in the namespace 'Hrot.Editor.AiShared' (are you missing an assembly reference?)
100>D:\Work\IOS-IG-SimHost-FDP-2\Hrot\Editor\Hrot.Editor.AiShared.Tests\Windows\AiWatchBreakpointsWindowTests.cs(16,28,16,35): error CS0234: The type or namespace name 'Windows' does not exist in the namespace 'Hrot.Editor.AiShared' (are you missing an assembly reference?)
100>D:\Work\IOS-IG-SimHost-FDP-2\Hrot\Editor\Hrot.Editor.AiShared.Tests\Windows\AssetBrowserWindowTests.cs(1,7,1,10): error CS0246: The type or namespace name 'Fdp' could not be found (are you missing a using directive or an assembly reference?)
100>D:\Work\IOS-IG-SimHost-FDP-2\Hrot\Editor\Hrot.Editor.AiShared.Tests\Windows\AssetBrowserWindowTests.cs(2,28,2,35): error CS0234: The type or namespace name 'Catalog' does not exist in the namespace 'Hrot.Editor.AiShared' (are you missing an assembly reference?)
100>D:\Work\IOS-IG-SimHost-FDP-2\Hrot\Editor\Hrot.Editor.AiShared.Tests\Windows\AssetBrowserWindowTests.cs(3,28,3,33): error CS0234: The type or namespace name 'Debug' does not exist in the namespace 'Hrot.Editor.AiShared' (are you missing an assembly reference?)
100>D:\Work\IOS-IG-SimHost-FDP-2\Hrot\Editor\Hrot.Editor.AiShared.Tests\Windows\AssetBrowserWindowTests.cs(4,28,4,37): error CS0234: The type or namespace name 'Documents' does not exist in the namespace 'Hrot.Editor.AiShared' (are you missing an assembly reference?)
100>D:\Work\IOS-IG-SimHost-FDP-2\Hrot\Editor\Hrot.Editor.AiShared.Tests\Windows\AssetBrowserWindowTests.cs(5,28,5,36): error CS0234: The type or namespace name 'Refactor' does not exist in the namespace 'Hrot.Editor.AiShared' (are you missing an assembly reference?)
100>D:\Work\IOS-IG-SimHost-FDP-2\Hrot\Editor\Hrot.Editor.AiShared.Tests\Windows\AssetBrowserWindowTests.cs(6,28,6,38): error CS0234: The type or namespace name 'References' does not exist in the namespace 'Hrot.Editor.AiShared' (are you missing an assembly reference?)
100>D:\Work\IOS-IG-SimHost-FDP-2\Hrot\Editor\Hrot.Editor.AiShared.Tests\Windows\AssetBrowserWindowTests.cs(7,28,7,37): error CS0234: The type or namespace name 'Selection' does not exist in the namespace 'Hrot.Editor.AiShared' (are you missing an assembly reference?)
100>D:\Work\IOS-IG-SimHost-FDP-2\Hrot\Editor\Hrot.Editor.AiShared.Tests\Windows\AssetBrowserWindowTests.cs(8,28,8,35): error CS0234: The type or namespace name 'Windows' does not exist in the namespace 'Hrot.Editor.AiShared' (are you missing an assembly reference?)
100>D:\Work\IOS-IG-SimHost-FDP-2\Hrot\Editor\Hrot.Editor.AiShared.Tests\Windows\BlackboardAuthoringWindowBindingTests.cs(6,28,6,38): error CS0234: The type or namespace name 'Blackboard' does not exist in the namespace 'Hrot.Editor.AiShared' (are you missing an assembly reference?)
100>D:\Work\IOS-IG-SimHost-FDP-2\Hrot\Editor\Hrot.Editor.AiShared.Tests\Windows\BlackboardAuthoringWindowBindingTests.cs(7,28,7,37): error CS0234: The type or namespace name 'Documents' does not exist in the namespace 'Hrot.Editor.AiShared' (are you missing an assembly reference?)
100>D:\Work\IOS-IG-SimHost-FDP-2\Hrot\Editor\Hrot.Editor.AiShared.Tests\Windows\BlackboardAuthoringWindowBindingTests.cs(8,28,8,36): error CS0234: The type or namespace name 'Refactor' does not exist in the namespace 'Hrot.Editor.AiShared' (are you missing an assembly reference?)
100>D:\Work\IOS-IG-SimHost-FDP-2\Hrot\Editor\Hrot.Editor.AiShared.Tests\Windows\BlackboardAuthoringWindowBindingTests.cs(9,28,9,38): error CS0234: The type or namespace name 'References' does not exist in the namespace 'Hrot.Editor.AiShared' (are you missing an assembly reference?)
100>D:\Work\IOS-IG-SimHost-FDP-2\Hrot\Editor\Hrot.Editor.AiShared.Tests\Windows\BlackboardAuthoringWindowBindingTests.cs(10,28,10,37): error CS0234: The type or namespace name 'Selection' does not exist in the namespace 'Hrot.Editor.AiShared' (are you missing an assembly reference?)
100>D:\Work\IOS-IG-SimHost-FDP-2\Hrot\Editor\Hrot.Editor.AiShared.Tests\Windows\BlackboardAuthoringWindowBindingTests.cs(11,28,11,35): error CS0234: The type or namespace name 'Windows' does not exist in the namespace 'Hrot.Editor.AiShared' (are you missing an assembly reference?)
100>D:\Work\IOS-IG-SimHost-FDP-2\Hrot\Editor\Hrot.Editor.AiShared.Tests\Windows\BlackboardAuthoringWindowTests.cs(5,7,5,10): error CS0246: The type or namespace name 'Fdp' could not be found (are you missing a using directive or an assembly reference?)
100>D:\Work\IOS-IG-SimHost-FDP-2\Hrot\Editor\Hrot.Editor.AiShared.Tests\Windows\BlackboardAuthoringWindowTests.cs(7,28,7,38): error CS0234: The type or namespace name 'Blackboard' does not exist in the namespace 'Hrot.Editor.AiShared' (are you missing an assembly reference?)
100>D:\Work\IOS-IG-SimHost-FDP-2\Hrot\Editor\Hrot.Editor.AiShared.Tests\Windows\BlackboardAuthoringWindowTests.cs(8,28,8,36): error CS0234: The type or namespace name 'Refactor' does not exist in the namespace 'Hrot.Editor.AiShared' (are you missing an assembly reference?)
100>D:\Work\IOS-IG-SimHost-FDP-2\Hrot\Editor\Hrot.Editor.AiShared.Tests\Windows\BlackboardAuthoringWindowTests.cs(9,28,9,38): error CS0234: The type or namespace name 'References' does not exist in the namespace 'Hrot.Editor.AiShared' (are you missing an assembly reference?)
100>D:\Work\IOS-IG-SimHost-FDP-2\Hrot\Editor\Hrot.Editor.AiShared.Tests\Windows\BlackboardAuthoringWindowTests.cs(10,28,10,37): error CS0234: The type or namespace name 'Selection' does not exist in the namespace 'Hrot.Editor.AiShared' (are you missing an assembly reference?)
100>D:\Work\IOS-IG-SimHost-FDP-2\Hrot\Editor\Hrot.Editor.AiShared.Tests\Windows\BlackboardAuthoringWindowTests.cs(11,28,11,35): error CS0234: The type or namespace name 'Windows' does not exist in the namespace 'Hrot.Editor.AiShared' (are you missing an assembly reference?)
100>D:\Work\IOS-IG-SimHost-FDP-2\Hrot\Editor\Hrot.Editor.AiShared.Tests\Windows\DiagnosticsWindowTests.cs(1,28,1,35): error CS0234: The type or namespace name 'Catalog' does not exist in the namespace 'Hrot.Editor.AiShared' (are you missing an assembly reference?)
100>D:\Work\IOS-IG-SimHost-FDP-2\Hrot\Editor\Hrot.Editor.AiShared.Tests\Windows\DiagnosticsWindowTests.cs(2,28,2,38): error CS0234: The type or namespace name 'Validation' does not exist in the namespace 'Hrot.Editor.AiShared' (are you missing an assembly reference?)
100>D:\Work\IOS-IG-SimHost-FDP-2\Hrot\Editor\Hrot.Editor.AiShared.Tests\Windows\DiagnosticsWindowTests.cs(3,28,3,35): error CS0234: The type or namespace name 'Windows' does not exist in the namespace 'Hrot.Editor.AiShared' (are you missing an assembly reference?)
100>D:\Work\IOS-IG-SimHost-FDP-2\Hrot\Editor\Hrot.Editor.AiShared.Tests\Windows\InspectorWindowTests.cs(1,7,1,10): error CS0246: The type or namespace name 'Fdp' could not be found (are you missing a using directive or an assembly reference?)
100>D:\Work\IOS-IG-SimHost-FDP-2\Hrot\Editor\Hrot.Editor.AiShared.Tests\Windows\InspectorWindowTests.cs(2,28,2,36): error CS0234: The type or namespace name 'Refactor' does not exist in the namespace 'Hrot.Editor.AiShared' (are you missing an assembly reference?)
100>D:\Work\IOS-IG-SimHost-FDP-2\Hrot\Editor\Hrot.Editor.AiShared.Tests\Windows\InspectorWindowTests.cs(3,28,3,38): error CS0234: The type or namespace name 'References' does not exist in the namespace 'Hrot.Editor.AiShared' (are you missing an assembly reference?)
100>D:\Work\IOS-IG-SimHost-FDP-2\Hrot\Editor\Hrot.Editor.AiShared.Tests\Windows\InspectorWindowTests.cs(4,28,4,37): error CS0234: The type or namespace name 'Selection' does not exist in the namespace 'Hrot.Editor.AiShared' (are you missing an assembly reference?)
100>D:\Work\IOS-IG-SimHost-FDP-2\Hrot\Editor\Hrot.Editor.AiShared.Tests\Windows\InspectorWindowTests.cs(5,28,5,35): error CS0234: The type or namespace name 'Windows' does not exist in the namespace 'Hrot.Editor.AiShared' (are you missing an assembly reference?)
100>D:\Work\IOS-IG-SimHost-FDP-2\Hrot\Editor\Hrot.Editor.AiShared.Tests\Windows\PerspectiveWorkspaceRegistrarTests.cs(1,7,1,10): error CS0246: The type or namespace name 'Fdp' could not be found (are you missing a using directive or an assembly reference?)
100>D:\Work\IOS-IG-SimHost-FDP-2\Hrot\Editor\Hrot.Editor.AiShared.Tests\Windows\PerspectiveWorkspaceRegistrarTests.cs(2,7,2,10): error CS0246: The type or namespace name 'Fdp' could not be found (are you missing a using directive or an assembly reference?)
100>D:\Work\IOS-IG-SimHost-FDP-2\Hrot\Editor\Hrot.Editor.AiShared.Tests\Windows\PerspectiveWorkspaceRegistrarTests.cs(3,28,3,35): error CS0234: The type or namespace name 'Catalog' does not exist in the namespace 'Hrot.Editor.AiShared' (are you missing an assembly reference?)
100>D:\Work\IOS-IG-SimHost-FDP-2\Hrot\Editor\Hrot.Editor.AiShared.Tests\Windows\PerspectiveWorkspaceRegistrarTests.cs(4,28,4,33): error CS0234: The type or namespace name 'Debug' does not exist in the namespace 'Hrot.Editor.AiShared' (are you missing an assembly reference?)
100>D:\Work\IOS-IG-SimHost-FDP-2\Hrot\Editor\Hrot.Editor.AiShared.Tests\Windows\PerspectiveWorkspaceRegistrarTests.cs(5,28,5,37): error CS0234: The type or namespace name 'Documents' does not exist in the namespace 'Hrot.Editor.AiShared' (are you missing an assembly reference?)
100>D:\Work\IOS-IG-SimHost-FDP-2\Hrot\Editor\Hrot.Editor.AiShared.Tests\Windows\PerspectiveWorkspaceRegistrarTests.cs(6,28,6,36): error CS0234: The type or namespace name 'Refactor' does not exist in the namespace 'Hrot.Editor.AiShared' (are you missing an assembly reference?)
100>D:\Work\IOS-IG-SimHost-FDP-2\Hrot\Editor\Hrot.Editor.AiShared.Tests\Windows\PerspectiveWorkspaceRegistrarTests.cs(7,28,7,38): error CS0234: The type or namespace name 'References' does not exist in the namespace 'Hrot.Editor.AiShared' (are you missing an assembly reference?)
100>D:\Work\IOS-IG-SimHost-FDP-2\Hrot\Editor\Hrot.Editor.AiShared.Tests\Windows\PerspectiveWorkspaceRegistrarTests.cs(8,28,8,37): error CS0234: The type or namespace name 'Selection' does not exist in the namespace 'Hrot.Editor.AiShared' (are you missing an assembly reference?)
100>D:\Work\IOS-IG-SimHost-FDP-2\Hrot\Editor\Hrot.Editor.AiShared.Tests\Windows\PerspectiveWorkspaceRegistrarTests.cs(9,28,9,38): error CS0234: The type or namespace name 'Validation' does not exist in the namespace 'Hrot.Editor.AiShared' (are you missing an assembly reference?)
100>D:\Work\IOS-IG-SimHost-FDP-2\Hrot\Editor\Hrot.Editor.AiShared.Tests\Windows\PerspectiveWorkspaceRegistrarTests.cs(10,28,10,35): error CS0234: The type or namespace name 'Windows' does not exist in the namespace 'Hrot.Editor.AiShared' (are you missing an assembly reference?)
100>D:\Work\IOS-IG-SimHost-FDP-2\Hrot\Editor\Hrot.Editor.AiShared.Tests\Windows\RuntimeInspectorWindowTests.cs(1,7,1,10): error CS0246: The type or namespace name 'Fdp' could not be found (are you missing a using directive or an assembly reference?)
100>D:\Work\IOS-IG-SimHost-FDP-2\Hrot\Editor\Hrot.Editor.AiShared.Tests\Windows\RuntimeInspectorWindowTests.cs(2,28,2,33): error CS0234: The type or namespace name 'Debug' does not exist in the namespace 'Hrot.Editor.AiShared' (are you missing an assembly reference?)
100>D:\Work\IOS-IG-SimHost-FDP-2\Hrot\Editor\Hrot.Editor.AiShared.Tests\Windows\RuntimeInspectorWindowTests.cs(3,28,3,37): error CS0234: The type or namespace name 'Selection' does not exist in the namespace 'Hrot.Editor.AiShared' (are you missing an assembly reference?)
100>D:\Work\IOS-IG-SimHost-FDP-2\Hrot\Editor\Hrot.Editor.AiShared.Tests\Windows\RuntimeInspectorWindowTests.cs(4,28,4,35): error CS0234: The type or namespace name 'Windows' does not exist in the namespace 'Hrot.Editor.AiShared' (are you missing an assembly reference?)
100>D:\Work\IOS-IG-SimHost-FDP-2\Hrot\Editor\Hrot.Editor.AiShared.Tests\Windows\SharedWindowIdOverrideTests.cs(1,7,1,10): error CS0246: The type or namespace name 'Fdp' could not be found (are you missing a using directive or an assembly reference?)
100>D:\Work\IOS-IG-SimHost-FDP-2\Hrot\Editor\Hrot.Editor.AiShared.Tests\Windows\SharedWindowIdOverrideTests.cs(2,28,2,35): error CS0234: The type or namespace name 'Catalog' does not exist in the namespace 'Hrot.Editor.AiShared' (are you missing an assembly reference?)
100>D:\Work\IOS-IG-SimHost-FDP-2\Hrot\Editor\Hrot.Editor.AiShared.Tests\Windows\SharedWindowIdOverrideTests.cs(3,28,3,33): error CS0234: The type or namespace name 'Debug' does not exist in the namespace 'Hrot.Editor.AiShared' (are you missing an assembly reference?)
100>D:\Work\IOS-IG-SimHost-FDP-2\Hrot\Editor\Hrot.Editor.AiShared.Tests\Windows\SharedWindowIdOverrideTests.cs(4,28,4,36): error CS0234: The type or namespace name 'Refactor' does not exist in the namespace 'Hrot.Editor.AiShared' (are you missing an assembly reference?)
100>D:\Work\IOS-IG-SimHost-FDP-2\Hrot\Editor\Hrot.Editor.AiShared.Tests\Windows\SharedWindowIdOverrideTests.cs(5,28,5,38): error CS0234: The type or namespace name 'References' does not exist in the namespace 'Hrot.Editor.AiShared' (are you missing an assembly reference?)
100>D:\Work\IOS-IG-SimHost-FDP-2\Hrot\Editor\Hrot.Editor.AiShared.Tests\Windows\SharedWindowIdOverrideTests.cs(6,28,6,37): error CS0234: The type or namespace name 'Selection' does not exist in the namespace 'Hrot.Editor.AiShared' (are you missing an assembly reference?)
100>D:\Work\IOS-IG-SimHost-FDP-2\Hrot\Editor\Hrot.Editor.AiShared.Tests\Windows\SharedWindowIdOverrideTests.cs(7,28,7,38): error CS0234: The type or namespace name 'Validation' does not exist in the namespace 'Hrot.Editor.AiShared' (are you missing an assembly reference?)
100>D:\Work\IOS-IG-SimHost-FDP-2\Hrot\Editor\Hrot.Editor.AiShared.Tests\Windows\SharedWindowIdOverrideTests.cs(8,28,8,35): error CS0234: The type or namespace name 'Windows' does not exist in the namespace 'Hrot.Editor.AiShared' (are you missing an assembly reference?)
100>D:\Work\IOS-IG-SimHost-FDP-2\Hrot\Editor\Hrot.Editor.AiShared.Tests\Windows\TraceTimelineWindowTests.cs(1,7,1,10): error CS0246: The type or namespace name 'Fdp' could not be found (are you missing a using directive or an assembly reference?)
100>D:\Work\IOS-IG-SimHost-FDP-2\Hrot\Editor\Hrot.Editor.AiShared.Tests\Windows\TraceTimelineWindowTests.cs(2,28,2,33): error CS0234: The type or namespace name 'Debug' does not exist in the namespace 'Hrot.Editor.AiShared' (are you missing an assembly reference?)
100>D:\Work\IOS-IG-SimHost-FDP-2\Hrot\Editor\Hrot.Editor.AiShared.Tests\Windows\TraceTimelineWindowTests.cs(3,28,3,37): error CS0234: The type or namespace name 'Selection' does not exist in the namespace 'Hrot.Editor.AiShared' (are you missing an assembly reference?)
100>D:\Work\IOS-IG-SimHost-FDP-2\Hrot\Editor\Hrot.Editor.AiShared.Tests\Windows\TraceTimelineWindowTests.cs(4,28,4,35): error CS0234: The type or namespace name 'Windows' does not exist in the namespace 'Hrot.Editor.AiShared' (are you missing an assembly reference?)
100>D:\Work\IOS-IG-SimHost-FDP-2\Hrot\Editor\Hrot.Editor.AiShared.Tests\Catalog\AiAssetCatalogBuilderTests.cs(17,19,17,35): error CS0246: The type or namespace name 'BehaviorTreeBlob' could not be found (are you missing a using directive or an assembly reference?)
100>D:\Work\IOS-IG-SimHost-FDP-2\Hrot\Editor\Hrot.Editor.AiShared.Tests\Catalog\AiAssetCatalogBuilderTests.cs(42,19,42,36): error CS0246: The type or namespace name 'HsmDefinitionBlob' could not be found (are you missing a using directive or an assembly reference?)
100>D:\Work\IOS-IG-SimHost-FDP-2\Hrot\Editor\Hrot.Editor.AiShared.Tests\Debug\AiDebugSessionBaseTests.cs(9,40,9,58): error CS0246: The type or namespace name 'AiDebugSessionBase' could not be found (are you missing a using directive or an assembly reference?)
100>D:\Work\IOS-IG-SimHost-FDP-2\Hrot\Editor\Hrot.Editor.AiShared.Tests\Catalog\AiAssetCatalogBuilderTests.cs(28,19,28,35): error CS0246: The type or namespace name 'BehaviorTreeBlob' could not be found (are you missing a using directive or an assembly reference?)
100>D:\Work\IOS-IG-SimHost-FDP-2\Hrot\Editor\Hrot.Editor.AiShared.Tests\Blackboard\ActionSchemaExporterTests.cs(77,35,77,48): error CS0246: The type or namespace name 'IAssetCatalog' could not be found (are you missing a using directive or an assembly reference?)
100>D:\Work\IOS-IG-SimHost-FDP-2\Hrot\Editor\Hrot.Editor.AiShared.Tests\Catalog\AiAssetCatalogBuilderTests.cs(45,19,45,36): error CS0246: The type or namespace name 'HsmDefinitionBlob' could not be found (are you missing a using directive or an assembly reference?)
100>D:\Work\IOS-IG-SimHost-FDP-2\Hrot\Editor\Hrot.Editor.AiShared.Tests\Adapters\AIE002_SilkIconProviderTests.cs(20,20,20,29): error CS0246: The type or namespace name 'IconAtlas' could not be found (are you missing a using directive or an assembly reference?)
100>D:\Work\IOS-IG-SimHost-FDP-2\Hrot\Editor\Hrot.Editor.AiShared.Tests\Blackboard\ActionSchemaExporterTests.cs(91,40,91,61): error CS0246: The type or namespace name 'IActionSchemaExporter' could not be found (are you missing a using directive or an assembly reference?)
100>D:\Work\IOS-IG-SimHost-FDP-2\Hrot\Editor\Hrot.Editor.AiShared.Tests\Debug\AiDebugSessionBaseTests.cs(11,28,11,47): error CS0246: The type or namespace name 'AiTracerCoordinator' could not be found (are you missing a using directive or an assembly reference?)
100>D:\Work\IOS-IG-SimHost-FDP-2\Hrot\Editor\Hrot.Editor.AiShared.Tests\Debug\Aie030DebugSessionRegistryIntegrationTests.cs(22,13,22,30): error CS0246: The type or namespace name 'BTreeDebugSession' could not be found (are you missing a using directive or an assembly reference?)
100>D:\Work\IOS-IG-SimHost-FDP-2\Hrot\Editor\Hrot.Editor.AiShared.Tests\Debug\Aie030DebugSessionRegistryIntegrationTests.cs(23,18,23,21): error CS0234: The type or namespace name 'Hsm' does not exist in the namespace 'Hrot' (are you missing an assembly reference?)
100>D:\Work\IOS-IG-SimHost-FDP-2\Hrot\Editor\Hrot.Editor.AiShared.Tests\Debug\Aie030DebugSessionRegistryIntegrationTests.cs(21,20,21,40): error CS0246: The type or namespace name 'DebugSessionRegistry' could not be found (are you missing a using directive or an assembly reference?)
100>D:\Work\IOS-IG-SimHost-FDP-2\Hrot\Editor\Hrot.Editor.AiShared.Tests\Adapters\AIE001_IconHandleUvTests.cs(102,44,102,57): error CS0246: The type or namespace name 'IIconProvider' could not be found (are you missing a using directive or an assembly reference?)
100>D:\Work\IOS-IG-SimHost-FDP-2\Hrot\Editor\Hrot.Editor.AiShared.Tests\Blackboard\ActionSchemaExporterTests.cs(79,26,79,40): error CS0246: The type or namespace name 'IEditableAsset' could not be found (are you missing a using directive or an assembly reference?)
100>D:\Work\IOS-IG-SimHost-FDP-2\Hrot\Editor\Hrot.Editor.AiShared.Tests\Catalog\AiAssetCatalogBuilderTests.cs(16,6,16,21): error CS0246: The type or namespace name 'BTreeDefinitionAttribute' could not be found (are you missing a using directive or an assembly reference?)
100>D:\Work\IOS-IG-SimHost-FDP-2\Hrot\Editor\Hrot.Editor.AiShared.Tests\Catalog\AiAssetCatalogBuilderTests.cs(16,6,16,21): error CS0246: The type or namespace name 'BTreeDefinition' could not be found (are you missing a using directive or an assembly reference?)
100>D:\Work\IOS-IG-SimHost-FDP-2\Hrot\Editor\Hrot.Editor.AiShared.Tests\Catalog\AiAssetCatalogBuilderTests.cs(41,6,41,19): error CS0246: The type or namespace name 'HsmDefinitionAttribute' could not be found (are you missing a using directive or an assembly reference?)
100>D:\Work\IOS-IG-SimHost-FDP-2\Hrot\Editor\Hrot.Editor.AiShared.Tests\Catalog\AiAssetCatalogBuilderTests.cs(41,6,41,19): error CS0246: The type or namespace name 'HsmDefinition' could not be found (are you missing a using directive or an assembly reference?)
100>D:\Work\IOS-IG-SimHost-FDP-2\Hrot\Editor\Hrot.Editor.AiShared.Tests\Blackboard\ActionSchemaExporterTests.cs(28,6,28,17): error CS0246: The type or namespace name 'BTreeActionAttribute' could not be found (are you missing a using directive or an assembly reference?)
100>D:\Work\IOS-IG-SimHost-FDP-2\Hrot\Editor\Hrot.Editor.AiShared.Tests\Blackboard\ActionSchemaExporterTests.cs(28,6,28,17): error CS0246: The type or namespace name 'BTreeAction' could not be found (are you missing a using directive or an assembly reference?)
100>D:\Work\IOS-IG-SimHost-FDP-2\Hrot\Editor\Hrot.Editor.AiShared.Tests\Debug\AiTracerCoordinatorTests.cs(8,48,8,67): error CS0246: The type or namespace name 'AiTracerCoordinator' could not be found (are you missing a using directive or an assembly reference?)
100>D:\Work\IOS-IG-SimHost-FDP-2\Hrot\Editor\Hrot.Editor.AiShared.Tests\Blackboard\ActionSchemaExporterTests.cs(80,12,80,26): error CS0246: The type or namespace name 'IEditableAsset' could not be found (are you missing a using directive or an assembly reference?)
100>D:\Work\IOS-IG-SimHost-FDP-2\Hrot\Editor\Hrot.Editor.AiShared.Tests\Debug\DebugSessionRegistryTests.cs(36,20,36,40): error CS0246: The type or namespace name 'DebugSessionRegistry' could not be found (are you missing a using directive or an assembly reference?)
100>D:\Work\IOS-IG-SimHost-FDP-2\Hrot\Editor\Hrot.Editor.AiShared.Tests\Adapters\AIE001_IconHandleUvTests.cs(112,44,112,54): error CS0246: The type or namespace name 'IconHandle' could not be found (are you missing a using directive or an assembly reference?)
100>D:\Work\IOS-IG-SimHost-FDP-2\Hrot\Editor\Hrot.Editor.AiShared.Tests\Catalog\AiAssetCatalogBuilderTests.cs(27,6,27,21): error CS0246: The type or namespace name 'BTreeDefinitionAttribute' could not be found (are you missing a using directive or an assembly reference?)
100>D:\Work\IOS-IG-SimHost-FDP-2\Hrot\Editor\Hrot.Editor.AiShared.Tests\Catalog\AiAssetCatalogBuilderTests.cs(27,6,27,21): error CS0246: The type or namespace name 'BTreeDefinition' could not be found (are you missing a using directive or an assembly reference?)
100>D:\Work\IOS-IG-SimHost-FDP-2\Hrot\Editor\Hrot.Editor.AiShared.Tests\Catalog\AiAssetCatalogBuilderTests.cs(44,6,44,19): error CS0246: The type or namespace name 'HsmDefinitionAttribute' could not be found (are you missing a using directive or an assembly reference?)
100>D:\Work\IOS-IG-SimHost-FDP-2\Hrot\Editor\Hrot.Editor.AiShared.Tests\Catalog\AiAssetCatalogBuilderTests.cs(44,6,44,19): error CS0246: The type or namespace name 'HsmDefinition' could not be found (are you missing a using directive or an assembly reference?)
100>D:\Work\IOS-IG-SimHost-FDP-2\Hrot\Editor\Hrot.Editor.AiShared.Tests\Catalog\AiAssetCatalogBuilderTests.cs(68,14,68,35): error CS0246: The type or namespace name 'AiAssetCatalogBuilder' could not be found (are you missing a using directive or an assembly reference?)
100>D:\Work\IOS-IG-SimHost-FDP-2\Hrot\Editor\Hrot.Editor.AiShared.Tests\Catalog\AiAssetCatalogBuilderTests.cs(68,45,68,66): error CS0246: The type or namespace name 'BTreeAssetContributor' could not be found (are you missing a using directive or an assembly reference?)
100>D:\Work\IOS-IG-SimHost-FDP-2\Hrot\Editor\Hrot.Editor.AiShared.Tests\Catalog\AiAssetCatalogBuilderTests.cs(69,14,69,33): error CS0246: The type or namespace name 'HsmAssetContributor' could not be found (are you missing a using directive or an assembly reference?)
100>D:\Work\IOS-IG-SimHost-FDP-2\Hrot\Editor\Hrot.Editor.AiShared.Tests\Catalog\AiAssetCatalogBuilderTests.cs(69,39,69,64): error CS0246: The type or namespace name 'BlueprintAssetContributor' could not be found (are you missing a using directive or an assembly reference?)
100>D:\Work\IOS-IG-SimHost-FDP-2\Hrot\Editor\Hrot.Editor.AiShared.Tests\Blackboard\ActionSchemaExporterTests.cs(31,6,31,20): error CS0246: The type or namespace name 'BTreeConditionAttribute' could not be found (are you missing a using directive or an assembly reference?)
100>D:\Work\IOS-IG-SimHost-FDP-2\Hrot\Editor\Hrot.Editor.AiShared.Tests\Blackboard\ActionSchemaExporterTests.cs(31,6,31,20): error CS0246: The type or namespace name 'BTreeCondition' could not be found (are you missing a using directive or an assembly reference?)
100>D:\Work\IOS-IG-SimHost-FDP-2\Hrot\Editor\Hrot.Editor.AiShared.Tests\Debug\DebugSessionRegistryTests.cs(9,37,9,55): error CS0246: The type or namespace name 'AiDebugSessionBase' could not be found (are you missing a using directive or an assembly reference?)
100>D:\Work\IOS-IG-SimHost-FDP-2\Hrot\Editor\Hrot.Editor.AiShared.Tests\Debug\AiTracerCoordinatorTests.cs(13,71,13,81): error CS0246: The type or namespace name 'TraceLevel' could not be found (are you missing a using directive or an assembly reference?)
100>D:\Work\IOS-IG-SimHost-FDP-2\Hrot\Editor\Hrot.Editor.AiShared.Tests\Adapters\AIE004_EngineEditorThemeTests.cs(15,20,15,32): error CS0246: The type or namespace name 'IEditorTheme' could not be found (are you missing a using directive or an assembly reference?)
100>D:\Work\IOS-IG-SimHost-FDP-2\Hrot\Editor\Hrot.Editor.AiShared.Tests\Comparison\AssetSelectionValidatorTests.cs(35,13,35,28): error CS0246: The type or namespace name 'DiscoveredAsset' could not be found (are you missing a using directive or an assembly reference?)
100>D:\Work\IOS-IG-SimHost-FDP-2\Hrot\Editor\Hrot.Editor.AiShared.Tests\Debug\DebugSessionRegistryTests.cs(19,37,19,55): error CS0246: The type or namespace name 'AiDebugSessionBase' could not be found (are you missing a using directive or an assembly reference?)
100>D:\Work\IOS-IG-SimHost-FDP-2\Hrot\Editor\Hrot.Editor.AiShared.Tests\Blackboard\ActionSchemaExporterTests.cs(81,12,81,26): error CS0246: The type or namespace name 'IEditableAsset' could not be found (are you missing a using directive or an assembly reference?)
100>D:\Work\IOS-IG-SimHost-FDP-2\Hrot\Editor\Hrot.Editor.AiShared.Tests\Catalog\AssetCatalogTests.cs(7,38,7,52): error CS0246: The type or namespace name 'IEditableAsset' could not be found (are you missing a using directive or an assembly reference?)
100>D:\Work\IOS-IG-SimHost-FDP-2\Hrot\Editor\Hrot.Editor.AiShared.Tests\Blackboard\ActionSchemaExporterTests.cs(34,6,34,15): error CS0246: The type or namespace name 'HsmActionAttribute' could not be found (are you missing a using directive or an assembly reference?)
100>D:\Work\IOS-IG-SimHost-FDP-2\Hrot\Editor\Hrot.Editor.AiShared.Tests\Blackboard\ActionSchemaExporterTests.cs(34,6,34,15): error CS0246: The type or namespace name 'HsmAction' could not be found (are you missing a using directive or an assembly reference?)
100>D:\Work\IOS-IG-SimHost-FDP-2\Hrot\Editor\Hrot.Editor.AiShared.Tests\Debug\DebugSessionRegistryTests.cs(29,41,29,57): error CS0246: The type or namespace name 'IAiTraceObserver' could not be found (are you missing a using directive or an assembly reference?)
100>D:\Work\IOS-IG-SimHost-FDP-2\Hrot\Editor\Hrot.Editor.AiShared.Tests\Documents\AiDocumentManagerTests.cs(36,14,36,24): error CS0246: The type or namespace name 'AiDocument' could not be found (are you missing a using directive or an assembly reference?)
100>D:\Work\IOS-IG-SimHost-FDP-2\Hrot\Editor\Hrot.Editor.AiShared.Tests\Documents\AiDocumentManagerTests.cs(34,20,34,37): error CS0246: The type or namespace name 'AiDocumentManager' could not be found (are you missing a using directive or an assembly reference?)
100>D:\Work\IOS-IG-SimHost-FDP-2\Hrot\Editor\Hrot.Editor.AiShared.Tests\Blackboard\ActionSchemaExporterTests.cs(82,26,82,40): error CS0246: The type or namespace name 'IEditableAsset' could not be found (are you missing a using directive or an assembly reference?)
100>D:\Work\IOS-IG-SimHost-FDP-2\Hrot\Editor\Hrot.Editor.AiShared.Tests\Emit\BlueprintSchedulerRoutingTests.cs(22,37,22,51): error CS0246: The type or namespace name 'IEditableAsset' could not be found (are you missing a using directive or an assembly reference?)
100>D:\Work\IOS-IG-SimHost-FDP-2\Hrot\Editor\Hrot.Editor.AiShared.Tests\Debug\DebugSessionRegistryTests.cs(31,55,31,65): error CS0246: The type or namespace name 'TraceLevel' could not be found (are you missing a using directive or an assembly reference?)
100>D:\Work\IOS-IG-SimHost-FDP-2\Hrot\Editor\Hrot.Editor.AiShared.Tests\Catalog\AssetCatalogTests.cs(11,16,11,25): error CS0246: The type or namespace name 'AssetKind' could not be found (are you missing a using directive or an assembly reference?)
100>D:\Work\IOS-IG-SimHost-FDP-2\Hrot\Editor\Hrot.Editor.AiShared.Tests\Documents\AiDocumentManagerTests.cs(12,38,12,52): error CS0246: The type or namespace name 'IEditableAsset' could not be found (are you missing a using directive or an assembly reference?)
100>D:\Work\IOS-IG-SimHost-FDP-2\Hrot\Editor\Hrot.Editor.AiShared.Tests\Blackboard\ActionSchemaExporterTests.cs(37,6,37,14): error CS0246: The type or namespace name 'HsmGuardAttribute' could not be found (are you missing a using directive or an assembly reference?)
100>D:\Work\IOS-IG-SimHost-FDP-2\Hrot\Editor\Hrot.Editor.AiShared.Tests\Blackboard\ActionSchemaExporterTests.cs(37,6,37,14): error CS0246: The type or namespace name 'HsmGuard' could not be found (are you missing a using directive or an assembly reference?)
100>D:\Work\IOS-IG-SimHost-FDP-2\Hrot\Editor\Hrot.Editor.AiShared.Tests\Blackboard\ActionSchemaExporterTests.cs(93,22,93,42): error CS0246: The type or namespace name 'ActionSchemaExporter' could not be found (are you missing a using directive or an assembly reference?)
100>D:\Work\IOS-IG-SimHost-FDP-2\Hrot\Editor\Hrot.Editor.AiShared.Tests\Emit\BlueprintSchedulerRoutingTests.cs(26,16,26,25): error CS0246: The type or namespace name 'AssetKind' could not be found (are you missing a using directive or an assembly reference?)
100>D:\Work\IOS-IG-SimHost-FDP-2\Hrot\Editor\Hrot.Editor.AiShared.Tests\Debug\DebugSessionRegistryTests.cs(33,30,33,36): error CS0246: The type or namespace name 'Entity' could not be found (are you missing a using directive or an assembly reference?)
100>D:\Work\IOS-IG-SimHost-FDP-2\Hrot\Editor\Hrot.Editor.AiShared.Tests\Adapters\AIE007_AiEditorAdapterBundleTests.cs(15,20,15,29): error CS0246: The type or namespace name 'IconAtlas' could not be found (are you missing a using directive or an assembly reference?)
100>D:\Work\IOS-IG-SimHost-FDP-2\Hrot\Editor\Hrot.Editor.AiShared.Tests\Emit\BlueprintSchedulerRoutingTests.cs(33,40,33,54): error CS0246: The type or namespace name 'IEditableAsset' could not be found (are you missing a using directive or an assembly reference?)
100>D:\Work\IOS-IG-SimHost-FDP-2\Hrot\Editor\Hrot.Editor.AiShared.Tests\Documents\AiDocumentManagerTests.cs(14,26,14,35): error CS0246: The type or namespace name 'AssetKind' could not be found (are you missing a using directive or an assembly reference?)
100>D:\Work\IOS-IG-SimHost-FDP-2\Hrot\Editor\Hrot.Editor.AiShared.Tests\Catalog\AssetCatalogTests.cs(20,44,20,68): error CS0246: The type or namespace name 'IAssetCatalogContributor' could not be found (are you missing a using directive or an assembly reference?)
100>D:\Work\IOS-IG-SimHost-FDP-2\Hrot\Editor\Hrot.Editor.AiShared.Tests\Comparison\BlackboardAuthoringWindowComparisonTests.cs(8,20,8,36): error CS0246: The type or namespace name 'ComparisonChange' could not be found (are you missing a using directive or an assembly reference?)
100>D:\Work\IOS-IG-SimHost-FDP-2\Hrot\Editor\Hrot.Editor.AiShared.Tests\Adapters\AIE006_NLogDiagnosticsSinkTests.cs(23,21,23,40): error CS0246: The type or namespace name 'NLogDiagnosticsSink' could not be found (are you missing a using directive or an assembly reference?)
100>D:\Work\IOS-IG-SimHost-FDP-2\Hrot\Editor\Hrot.Editor.AiShared.Tests\Blackboard\BlackboardAddRemoveTests.cs(13,36,13,50): error CS0246: The type or namespace name 'IEditableAsset' could not be found (are you missing a using directive or an assembly reference?)
100>D:\Work\IOS-IG-SimHost-FDP-2\Hrot\Editor\Hrot.Editor.AiShared.Tests\Blackboard\BlackboardAddRemoveTests.cs(13,52,13,75): error CS0246: The type or namespace name 'IBlackboardManagedAsset' could not be found (are you missing a using directive or an assembly reference?)
100>D:\Work\IOS-IG-SimHost-FDP-2\Hrot\Editor\Hrot.Editor.AiShared.Tests\Adapters\AIE003_ImGuiInputSourceTests.cs(59,56,59,65): error CS0246: The type or namespace name 'EditorKey' could not be found (are you missing a using directive or an assembly reference?)
100>D:\Work\IOS-IG-SimHost-FDP-2\Hrot\Editor\Hrot.Editor.AiShared.Tests\Blackboard\ActionSchemaExporterTests.cs(96,40,96,57): error CS0246: The type or namespace name 'ActionSchemaEntry' could not be found (are you missing a using directive or an assembly reference?)
100>D:\Work\IOS-IG-SimHost-FDP-2\Hrot\Editor\Hrot.Editor.AiShared.Tests\Documents\AiDocumentManagerTests.cs(23,16,23,25): error CS0246: The type or namespace name 'AssetKind' could not be found (are you missing a using directive or an assembly reference?)
100>D:\Work\IOS-IG-SimHost-FDP-2\Hrot\Editor\Hrot.Editor.AiShared.Tests\Adapters\AIE007_AiEditorAdapterBundleTests.cs(139,40,139,61): error CS0246: The type or namespace name 'IPickerSource<>' could not be found (are you missing a using directive or an assembly reference?)
100>D:\Work\IOS-IG-SimHost-FDP-2\Hrot\Editor\Hrot.Editor.AiShared.Tests\Emit\BlueprintSchedulerRoutingTests.cs(37,16,37,25): error CS0246: The type or namespace name 'AssetKind' could not be found (are you missing a using directive or an assembly reference?)
100>D:\Work\IOS-IG-SimHost-FDP-2\Hrot\Editor\Hrot.Editor.AiShared.Tests\Blackboard\ActionSchemaExporterTests.cs(40,6,40,20): error CS0246: The type or namespace name 'SharedAiActionAttribute' could not be found (are you missing a using directive or an assembly reference?)
100>D:\Work\IOS-IG-SimHost-FDP-2\Hrot\Editor\Hrot.Editor.AiShared.Tests\Blackboard\ActionSchemaExporterTests.cs(40,6,40,20): error CS0246: The type or namespace name 'SharedAiAction' could not be found (are you missing a using directive or an assembly reference?)
100>D:\Work\IOS-IG-SimHost-FDP-2\Hrot\Editor\Hrot.Editor.AiShared.Tests\Catalog\AssetCatalogTests.cs(22,31,22,45): error CS0246: The type or namespace name 'IEditableAsset' could not be found (are you missing a using directive or an assembly reference?)
100>D:\Work\IOS-IG-SimHost-FDP-2\Hrot\Editor\Hrot.Editor.AiShared.Tests\Blackboard\ActionSchemaExporterTests.cs(98,12,98,29): error CS0246: The type or namespace name 'ActionSchemaEntry' could not be found (are you missing a using directive or an assembly reference?)
100>D:\Work\IOS-IG-SimHost-FDP-2\Hrot\Editor\Hrot.Editor.AiShared.Tests\Comparison\BlackboardAuthoringWindowComparisonTests.cs(16,59,16,75): error CS0246: The type or namespace name 'ComparisonChange' could not be found (are you missing a using directive or an assembly reference?)
100>D:\Work\IOS-IG-SimHost-FDP-2\Hrot\Editor\Hrot.Editor.AiShared.Tests\Comparison\BlackboardAuthoringWindowComparisonTests.cs(16,20,16,38): error CS0246: The type or namespace name 'ComparisonResponse' could not be found (are you missing a using directive or an assembly reference?)
100>D:\Work\IOS-IG-SimHost-FDP-2\Hrot\Editor\Hrot.Editor.AiShared.Tests\Comparison\BlackboardComparisonSanitizerTests.cs(12,20,12,49): error CS0246: The type or namespace name 'BlackboardComparisonSanitizer' could not be found (are you missing a using directive or an assembly reference?)
100>D:\Work\IOS-IG-SimHost-FDP-2\Hrot\Editor\Hrot.Editor.AiShared.Tests\Adapters\AIE007_AiEditorAdapterBundleTests.cs(143,16,143,28): error CS0246: The type or namespace name 'PickerLayout' could not be found (are you missing a using directive or an assembly reference?)
100>D:\Work\IOS-IG-SimHost-FDP-2\Hrot\Editor\Hrot.Editor.AiShared.Tests\Catalog\AssetCatalogTests.cs(24,39,24,53): error CS0246: The type or namespace name 'IEditableAsset' could not be found (are you missing a using directive or an assembly reference?)
100>D:\Work\IOS-IG-SimHost-FDP-2\Hrot\Editor\Hrot.Editor.AiShared.Tests\Blackboard\BlackboardAggregatorServiceTests.cs(76,16,76,45): error CS0246: The type or namespace name 'IBlackboardAggregatorStrategy' could not be found (are you missing a using directive or an assembly reference?)
100>D:\Work\IOS-IG-SimHost-FDP-2\Hrot\Editor\Hrot.Editor.AiShared.Tests\Blackboard\BlackboardAggregatorServiceTests.cs(75,20,75,47): error CS0246: The type or namespace name 'BlackboardAggregatorService' could not be found (are you missing a using directive or an assembly reference?)
100>D:\Work\IOS-IG-SimHost-FDP-2\Hrot\Editor\Hrot.Editor.AiShared.Tests\Blackboard\BlackboardAddRemoveTests.cs(15,27,15,50): error CS0246: The type or namespace name 'BlackboardVariableEntry' could not be found (are you missing a using directive or an assembly reference?)
100>D:\Work\IOS-IG-SimHost-FDP-2\Hrot\Editor\Hrot.Editor.AiShared.Tests\Catalog\AssetCatalogTests.cs(29,16,29,25): error CS0246: The type or namespace name 'AssetKind' could not be found (are you missing a using directive or an assembly reference?)
100>D:\Work\IOS-IG-SimHost-FDP-2\Hrot\Editor\Hrot.Editor.AiShared.Tests\Comparison\BlackboardComparisonSanitizerTests.cs(26,20,26,38): error CS0246: The type or namespace name 'SanitizationResult' could not be found (are you missing a using directive or an assembly reference?)
100>D:\Work\IOS-IG-SimHost-FDP-2\Hrot\Editor\Hrot.Editor.AiShared.Tests\Adapters\AIE007_AiEditorAdapterBundleTests.cs(144,16,144,35): error CS0246: The type or namespace name 'PickerSelectionMode' could not be found (are you missing a using directive or an assembly reference?)
100>D:\Work\IOS-IG-SimHost-FDP-2\Hrot\Editor\Hrot.Editor.AiShared.Tests\Blackboard\ActionSchemaExporterTests.cs(43,6,43,23): error CS0246: The type or namespace name 'SharedAiConditionAttribute' could not be found (are you missing a using directive or an assembly reference?)
100>D:\Work\IOS-IG-SimHost-FDP-2\Hrot\Editor\Hrot.Editor.AiShared.Tests\Blackboard\ActionSchemaExporterTests.cs(43,6,43,23): error CS0246: The type or namespace name 'SharedAiCondition' could not be found (are you missing a using directive or an assembly reference?)
100>D:\Work\IOS-IG-SimHost-FDP-2\Hrot\Editor\Hrot.Editor.AiShared.Tests\Comparison\BlackboardAuthoringWindowComparisonTests.cs(19,62,19,78): error CS0246: The type or namespace name 'ComparisonChange' could not be found (are you missing a using directive or an assembly reference?)
100>D:\Work\IOS-IG-SimHost-FDP-2\Hrot\Editor\Hrot.Editor.AiShared.Tests\Comparison\BlackboardAuthoringWindowComparisonTests.cs(19,20,19,42): error CS0246: The type or namespace name 'ComparisonSessionState' could not be found (are you missing a using directive or an assembly reference?)
100>D:\Work\IOS-IG-SimHost-FDP-2\Hrot\Editor\Hrot.Editor.AiShared.Tests\Catalog\AssetCatalogTests.cs(30,30,30,44): error CS0246: The type or namespace name 'IEditableAsset' could not be found (are you missing a using directive or an assembly reference?)
100>D:\Work\IOS-IG-SimHost-FDP-2\Hrot\Editor\Hrot.Editor.AiShared.Tests\Emit\RegenerationSchedulerTests.cs(12,32,12,46): error CS0246: The type or namespace name 'IEditableAsset' could not be found (are you missing a using directive or an assembly reference?)
100>D:\Work\IOS-IG-SimHost-FDP-2\Hrot\Editor\Hrot.Editor.AiShared.Tests\Blackboard\BlackboardAggregatorServiceTests.cs(14,38,14,52): error CS0246: The type or namespace name 'IEditableAsset' could not be found (are you missing a using directive or an assembly reference?)
100>D:\Work\IOS-IG-SimHost-FDP-2\Hrot\Editor\Hrot.Editor.AiShared.Tests\Blackboard\BlackboardAddRemoveTests.cs(19,12,19,21): error CS0246: The type or namespace name 'AssetKind' could not be found (are you missing a using directive or an assembly reference?)
100>D:\Work\IOS-IG-SimHost-FDP-2\Hrot\Editor\Hrot.Editor.AiShared.Tests\Blackboard\BlackboardAliasDropValidatorTests.cs(59,20,59,42): error CS0246: The type or namespace name 'BlackboardAliasBinding' could not be found (are you missing a using directive or an assembly reference?)
100>D:\Work\IOS-IG-SimHost-FDP-2\Hrot\Editor\Hrot.Editor.AiShared.Tests\Adapters\AIE007_AiEditorAdapterBundleTests.cs(145,16,145,25): error CS0246: The type or namespace name 'QueryCost' could not be found (are you missing a using directive or an assembly reference?)
100>D:\Work\IOS-IG-SimHost-FDP-2\Hrot\Editor\Hrot.Editor.AiShared.Tests\Blackboard\BlackboardAliasingTests.cs(12,43,12,57): error CS0246: The type or namespace name 'IEditableAsset' could not be found (are you missing a using directive or an assembly reference?)
100>D:\Work\IOS-IG-SimHost-FDP-2\Hrot\Editor\Hrot.Editor.AiShared.Tests\Blackboard\BlackboardAliasingTests.cs(12,59,12,82): error CS0246: The type or namespace name 'IBlackboardManagedAsset' could not be found (are you missing a using directive or an assembly reference?)
100>D:\Work\IOS-IG-SimHost-FDP-2\Hrot\Editor\Hrot.Editor.AiShared.Tests\Catalog\AssetCatalogTests.cs(33,30,33,44): error CS0246: The type or namespace name 'IEditableAsset' could not be found (are you missing a using directive or an assembly reference?)
100>D:\Work\IOS-IG-SimHost-FDP-2\Hrot\Editor\Hrot.Editor.AiShared.Tests\Blackboard\BlackboardAliasingTests.cs(131,20,131,42): error CS0246: The type or namespace name 'BlackboardAliasBinding' could not be found (are you missing a using directive or an assembly reference?)
100>D:\Work\IOS-IG-SimHost-FDP-2\Hrot\Editor\Hrot.Editor.AiShared.Tests\Blackboard\BlackboardAddRemoveTests.cs(25,26,25,49): error CS0246: The type or namespace name 'BlackboardVariableEntry' could not be found (are you missing a using directive or an assembly reference?)
100>D:\Work\IOS-IG-SimHost-FDP-2\Hrot\Editor\Hrot.Editor.AiShared.Tests\Blackboard\ActionSchemaExporterTests.cs(46,6,46,25): error CS0246: The type or namespace name 'SharedAiHeavyActionAttribute' could not be found (are you missing a using directive or an assembly reference?)
100>D:\Work\IOS-IG-SimHost-FDP-2\Hrot\Editor\Hrot.Editor.AiShared.Tests\Blackboard\ActionSchemaExporterTests.cs(46,6,46,25): error CS0246: The type or namespace name 'SharedAiHeavyAction' could not be found (are you missing a using directive or an assembly reference?)
100>D:\Work\IOS-IG-SimHost-FDP-2\Hrot\Editor\Hrot.Editor.AiShared.Tests\Blackboard\BlackboardAggregatorServiceTests.cs(18,16,18,25): error CS0246: The type or namespace name 'AssetKind' could not be found (are you missing a using directive or an assembly reference?)
100>D:\Work\IOS-IG-SimHost-FDP-2\Hrot\Editor\Hrot.Editor.AiShared.Tests\Emit\RegenerationSchedulerTests.cs(16,12,16,21): error CS0246: The type or namespace name 'AssetKind' could not be found (are you missing a using directive or an assembly reference?)
100>D:\Work\IOS-IG-SimHost-FDP-2\Hrot\Editor\Hrot.Editor.AiShared.Tests\Blackboard\BlackboardAliasDropValidatorTests.cs(16,51,16,74): error CS0246: The type or namespace name 'IBlackboardManagedAsset' could not be found (are you missing a using directive or an assembly reference?)
100>D:\Work\IOS-IG-SimHost-FDP-2\Hrot\Editor\Hrot.Editor.AiShared.Tests\Layout\LayoutDiscoveryTests.cs(15,19,15,36): error CS0246: The type or namespace name 'BTreeEditorLayout' could not be found (are you missing a using directive or an assembly reference?)
100>D:\Work\IOS-IG-SimHost-FDP-2\Hrot\Editor\Hrot.Editor.AiShared.Tests\Blackboard\BlackboardAddRemoveTests.cs(32,29,32,52): error CS0246: The type or namespace name 'BlackboardVariableEntry' could not be found (are you missing a using directive or an assembly reference?)
100>D:\Work\IOS-IG-SimHost-FDP-2\Hrot\Editor\Hrot.Editor.AiShared.Tests\Blackboard\BlackboardAggregatorServiceTests.cs(25,47,25,68): error CS0246: The type or namespace name 'IActionSchemaExporter' could not be found (are you missing a using directive or an assembly reference?)
100>D:\Work\IOS-IG-SimHost-FDP-2\Hrot\Editor\Hrot.Editor.AiShared.Tests\Adapters\AIE007_AiEditorAdapterBundleTests.cs(157,74,157,94): error CS0246: The type or namespace name 'IPickerRenderContext' could not be found (are you missing a using directive or an assembly reference?)
100>D:\Work\IOS-IG-SimHost-FDP-2\Hrot\Editor\Hrot.Editor.AiShared.Tests\Blackboard\ActionSchemaExporterTests.cs(53,6,53,17): error CS0246: The type or namespace name 'BTreeActionAttribute' could not be found (are you missing a using directive or an assembly reference?)
100>D:\Work\IOS-IG-SimHost-FDP-2\Hrot\Editor\Hrot.Editor.AiShared.Tests\Blackboard\ActionSchemaExporterTests.cs(53,6,53,17): error CS0246: The type or namespace name 'BTreeAction' could not be found (are you missing a using directive or an assembly reference?)
100>D:\Work\IOS-IG-SimHost-FDP-2\Hrot\Editor\Hrot.Editor.AiShared.Tests\Layout\LayoutDiscoveryTests.cs(22,19,22,34): error CS0246: The type or namespace name 'HsmEditorLayout' could not be found (are you missing a using directive or an assembly reference?)
100>D:\Work\IOS-IG-SimHost-FDP-2\Hrot\Editor\Hrot.Editor.AiShared.Tests\Blackboard\BlackboardAliasingTests.cs(148,55,148,69): error CS0246: The type or namespace name 'DtoRequirement' could not be found (are you missing a using directive or an assembly reference?)
100>D:\Work\IOS-IG-SimHost-FDP-2\Hrot\Editor\Hrot.Editor.AiShared.Tests\Blackboard\BlackboardAliasingTests.cs(148,20,148,37): error CS0246: The type or namespace name 'AggregationResult' could not be found (are you missing a using directive or an assembly reference?)
100>D:\Work\IOS-IG-SimHost-FDP-2\Hrot\Editor\Hrot.Editor.AiShared.Tests\Blackboard\BlackboardAliasingTests.cs(14,27,14,50): error CS0246: The type or namespace name 'BlackboardVariableEntry' could not be found (are you missing a using directive or an assembly reference?)
100>D:\Work\IOS-IG-SimHost-FDP-2\Hrot\Editor\Hrot.Editor.AiShared.Tests\Adapters\AIE007_AiEditorAdapterBundleTests.cs(158,48,158,68): error CS0246: The type or namespace name 'IPickerRenderContext' could not be found (are you missing a using directive or an assembly reference?)
100>D:\Work\IOS-IG-SimHost-FDP-2\Hrot\Editor\Hrot.Editor.AiShared.Tests\Blackboard\BlackboardAddRemoveTests.cs(71,26,71,48): error CS0246: The type or namespace name 'BlackboardAliasBinding' could not be found (are you missing a using directive or an assembly reference?)
100>D:\Work\IOS-IG-SimHost-FDP-2\Hrot\Editor\Hrot.Editor.AiShared.Tests\Blackboard\BlackboardAliasDropValidatorTests.cs(19,50,19,72): error CS0246: The type or namespace name 'BlackboardAliasBinding' could not be found (are you missing a using directive or an assembly reference?)
100>D:\Work\IOS-IG-SimHost-FDP-2\Hrot\Editor\Hrot.Editor.AiShared.Tests\Comparison\BlackboardSanitizationDeterminismTests.cs(14,20,14,49): error CS0246: The type or namespace name 'BlackboardComparisonSanitizer' could not be found (are you missing a using directive or an assembly reference?)
100>D:\Work\IOS-IG-SimHost-FDP-2\Hrot\Editor\Hrot.Editor.AiShared.Tests\Blackboard\BlackboardAggregatorServiceTests.cs(27,45,27,62): error CS0246: The type or namespace name 'ActionSchemaEntry' could not be found (are you missing a using directive or an assembly reference?)
100>D:\Work\IOS-IG-SimHost-FDP-2\Hrot\Editor\Hrot.Editor.AiShared.Tests\Comparison\BlackboardSelfComparisonTests.cs(14,20,14,49): error CS0246: The type or namespace name 'BlackboardComparisonSanitizer' could not be found (are you missing a using directive or an assembly reference?)
100>D:\Work\IOS-IG-SimHost-FDP-2\Hrot\Editor\Hrot.Editor.AiShared.Tests\Emit\RegenerationSchedulerTests.cs(198,47,198,61): error CS0246: The type or namespace name 'IEditableAsset' could not be found (are you missing a using directive or an assembly reference?)
100>D:\Work\IOS-IG-SimHost-FDP-2\Hrot\Editor\Hrot.Editor.AiShared.Tests\Blackboard\BlackboardAliasingTests.cs(15,46,15,68): error CS0246: The type or namespace name 'BlackboardAliasBinding' could not be found (are you missing a using directive or an assembly reference?)
100>D:\Work\IOS-IG-SimHost-FDP-2\Hrot\Editor\Hrot.Editor.AiShared.Tests\Blackboard\BlackboardAddRemoveTests.cs(72,47,72,69): error CS0246: The type or namespace name 'BlackboardAliasBinding' could not be found (are you missing a using directive or an assembly reference?)
100>D:\Work\IOS-IG-SimHost-FDP-2\Hrot\Editor\Hrot.Editor.AiShared.Tests\Blackboard\BlackboardAliasDropValidatorTests.cs(24,59,24,81): error CS0246: The type or namespace name 'BlackboardAliasBinding' could not be found (are you missing a using directive or an assembly reference?)
100>D:\Work\IOS-IG-SimHost-FDP-2\Hrot\Editor\Hrot.Editor.AiShared.Tests\Blackboard\ActionSchemaExporterTests.cs(54,45,54,63): error CS0246: The type or namespace name 'BlackboardReadOnlyAttribute' could not be found (are you missing a using directive or an assembly reference?)
100>D:\Work\IOS-IG-SimHost-FDP-2\Hrot\Editor\Hrot.Editor.AiShared.Tests\Blackboard\ActionSchemaExporterTests.cs(54,45,54,63): error CS0246: The type or namespace name 'BlackboardReadOnly' could not be found (are you missing a using directive or an assembly reference?)
100>D:\Work\IOS-IG-SimHost-FDP-2\Hrot\Editor\Hrot.Editor.AiShared.Tests\Blackboard\BlackboardAggregatorServiceTests.cs(28,44,28,61): error CS0246: The type or namespace name 'ActionSchemaEntry' could not be found (are you missing a using directive or an assembly reference?)
100>D:\Work\IOS-IG-SimHost-FDP-2\Hrot\Editor\Hrot.Editor.AiShared.Tests\Blackboard\BlackboardAliasDropValidatorTests.cs(37,30,37,52): error CS0246: The type or namespace name 'BlackboardAliasBinding' could not be found (are you missing a using directive or an assembly reference?)
100>D:\Work\IOS-IG-SimHost-FDP-2\Hrot\Editor\Hrot.Editor.AiShared.Tests\Blackboard\BlackboardAggregatorServiceTests.cs(29,16,29,33): error CS0246: The type or namespace name 'ActionSchemaEntry' could not be found (are you missing a using directive or an assembly reference?)
100>D:\Work\IOS-IG-SimHost-FDP-2\Hrot\Editor\Hrot.Editor.AiShared.Tests\Emit\RegenerationSchedulerTests.cs(202,16,202,25): error CS0246: The type or namespace name 'AssetKind' could not be found (are you missing a using directive or an assembly reference?)
100>D:\Work\IOS-IG-SimHost-FDP-2\Hrot\Editor\Hrot.Editor.AiShared.Tests\Blackboard\BlackboardAliasingTests.cs(19,12,19,21): error CS0246: The type or namespace name 'AssetKind' could not be found (are you missing a using directive or an assembly reference?)
100>D:\Work\IOS-IG-SimHost-FDP-2\Hrot\Editor\Hrot.Editor.AiShared.Tests\Layout\LayoutDiscoveryTests.cs(14,6,14,17): error CS0246: The type or namespace name 'BTreeLayoutAttribute' could not be found (are you missing a using directive or an assembly reference?)
100>D:\Work\IOS-IG-SimHost-FDP-2\Hrot\Editor\Hrot.Editor.AiShared.Tests\Layout\LayoutDiscoveryTests.cs(14,6,14,17): error CS0246: The type or namespace name 'BTreeLayout' could not be found (are you missing a using directive or an assembly reference?)
100>D:\Work\IOS-IG-SimHost-FDP-2\Hrot\Editor\Hrot.Editor.AiShared.Tests\Blackboard\ActionSchemaExporterTests.cs(56,6,56,17): error CS0246: The type or namespace name 'BTreeActionAttribute' could not be found (are you missing a using directive or an assembly reference?)
100>D:\Work\IOS-IG-SimHost-FDP-2\Hrot\Editor\Hrot.Editor.AiShared.Tests\Blackboard\ActionSchemaExporterTests.cs(56,6,56,17): error CS0246: The type or namespace name 'BTreeAction' could not be found (are you missing a using directive or an assembly reference?)
100>D:\Work\IOS-IG-SimHost-FDP-2\Hrot\Editor\Hrot.Editor.AiShared.Tests\Blackboard\BlackboardAliasDropValidatorTests.cs(44,30,44,53): error CS0246: The type or namespace name 'BlackboardVariableEntry' could not be found (are you missing a using directive or an assembly reference?)
100>D:\Work\IOS-IG-SimHost-FDP-2\Hrot\Editor\Hrot.Editor.AiShared.Tests\Blackboard\BlackboardAggregatorServiceTests.cs(34,40,34,53): error CS0246: The type or namespace name 'IAssetCatalog' could not be found (are you missing a using directive or an assembly reference?)
100>D:\Work\IOS-IG-SimHost-FDP-2\Hrot\Editor\Hrot.Editor.AiShared.Tests\Refactor\RefactorEndToEndTests.cs(15,9,15,30): error CS0246: The type or namespace name 'AtomicMultiFileWriter' could not be found (are you missing a using directive or an assembly reference?)
100>D:\Work\IOS-IG-SimHost-FDP-2\Hrot\Editor\Hrot.Editor.AiShared.Tests\Refactor\RefactorEndToEndTests.cs(12,20,12,35): error CS0246: The type or namespace name 'RefactorService' could not be found (are you missing a using directive or an assembly reference?)
100>D:\Work\IOS-IG-SimHost-FDP-2\Hrot\Editor\Hrot.Editor.AiShared.Tests\Blackboard\BlackboardAliasingTests.cs(25,26,25,49): error CS0246: The type or namespace name 'BlackboardVariableEntry' could not be found (are you missing a using directive or an assembly reference?)
100>D:\Work\IOS-IG-SimHost-FDP-2\Hrot\Editor\Hrot.Editor.AiShared.Tests\Blackboard\BlackboardAliasDropValidatorTests.cs(45,33,45,56): error CS0246: The type or namespace name 'BlackboardVariableEntry' could not be found (are you missing a using directive or an assembly reference?)
100>D:\Work\IOS-IG-SimHost-FDP-2\Hrot\Editor\Hrot.Editor.AiShared.Tests\Blackboard\ActionSchemaExporterTests.cs(57,46,57,65): error CS0246: The type or namespace name 'BlackboardReadWriteAttribute' could not be found (are you missing a using directive or an assembly reference?)
100>D:\Work\IOS-IG-SimHost-FDP-2\Hrot\Editor\Hrot.Editor.AiShared.Tests\Blackboard\ActionSchemaExporterTests.cs(57,46,57,65): error CS0246: The type or namespace name 'BlackboardReadWrite' could not be found (are you missing a using directive or an assembly reference?)
100>D:\Work\IOS-IG-SimHost-FDP-2\Hrot\Editor\Hrot.Editor.AiShared.Tests\Comparison\ComparisonAnnotationRendererTests.cs(16,32,16,42): error CS0246: The type or namespace name 'INodeModel' could not be found (are you missing a using directive or an assembly reference?)
100>D:\Work\IOS-IG-SimHost-FDP-2\Hrot\Editor\Hrot.Editor.AiShared.Tests\References\ReferenceCatalogTests.cs(16,13,16,27): error CS0246: The type or namespace name 'AssetReference' could not be found (are you missing a using directive or an assembly reference?)
100>D:\Work\IOS-IG-SimHost-FDP-2\Hrot\Editor\Hrot.Editor.AiShared.Tests\Blackboard\BlackboardAggregatorServiceTests.cs(36,30,36,44): error CS0246: The type or namespace name 'IEditableAsset' could not be found (are you missing a using directive or an assembly reference?)
100>D:\Work\IOS-IG-SimHost-FDP-2\Hrot\Editor\Hrot.Editor.AiShared.Tests\Blackboard\BlackboardAuthoringWindowTests.cs(12,50,12,64): error CS0246: The type or namespace name 'IEditableAsset' could not be found (are you missing a using directive or an assembly reference?)
100>D:\Work\IOS-IG-SimHost-FDP-2\Hrot\Editor\Hrot.Editor.AiShared.Tests\Blackboard\BlackboardAuthoringWindowTests.cs(12,66,12,89): error CS0246: The type or namespace name 'IBlackboardManagedAsset' could not be found (are you missing a using directive or an assembly reference?)
100>D:\Work\IOS-IG-SimHost-FDP-2\Hrot\Editor\Hrot.Editor.AiShared.Tests\Layout\LayoutDiscoveryTests.cs(21,6,21,15): error CS0246: The type or namespace name 'HsmLayoutAttribute' could not be found (are you missing a using directive or an assembly reference?)
100>D:\Work\IOS-IG-SimHost-FDP-2\Hrot\Editor\Hrot.Editor.AiShared.Tests\Layout\LayoutDiscoveryTests.cs(21,6,21,15): error CS0246: The type or namespace name 'HsmLayout' could not be found (are you missing a using directive or an assembly reference?)
100>D:\Work\IOS-IG-SimHost-FDP-2\Hrot\Editor\Hrot.Editor.AiShared.Tests\Comparison\ComparisonAnnotationRendererTests.cs(39,33,39,44): error CS0246: The type or namespace name 'IGraphModel' could not be found (are you missing a using directive or an assembly reference?)
100>D:\Work\IOS-IG-SimHost-FDP-2\Hrot\Editor\Hrot.Editor.AiShared.Tests\Blackboard\BlackboardAliasingTests.cs(31,29,31,52): error CS0246: The type or namespace name 'BlackboardVariableEntry' could not be found (are you missing a using directive or an assembly reference?)
100>D:\Work\IOS-IG-SimHost-FDP-2\Hrot\Editor\Hrot.Editor.AiShared.Tests\Comparison\ComparisonAnnotationRendererTests.cs(61,37,61,57): error CS0246: The type or namespace name 'ICanvasRenderContext' could not be found (are you missing a using directive or an assembly reference?)
100>D:\Work\IOS-IG-SimHost-FDP-2\Hrot\Editor\Hrot.Editor.AiShared.Tests\Blackboard\BlackboardAliasDropValidatorTests.cs(51,51,51,73): error CS0246: The type or namespace name 'BlackboardAliasBinding' could not be found (are you missing a using directive or an assembly reference?)
100>D:\Work\IOS-IG-SimHost-FDP-2\Hrot\Editor\Hrot.Editor.AiShared.Tests\Blackboard\BlackboardAuthoringWindowTests.cs(95,55,95,69): error CS0246: The type or namespace name 'DtoRequirement' could not be found (are you missing a using directive or an assembly reference?)
100>D:\Work\IOS-IG-SimHost-FDP-2\Hrot\Editor\Hrot.Editor.AiShared.Tests\Blackboard\BlackboardAuthoringWindowTests.cs(95,20,95,37): error CS0246: The type or namespace name 'AggregationResult' could not be found (are you missing a using directive or an assembly reference?)
100>D:\Work\IOS-IG-SimHost-FDP-2\Hrot\Editor\Hrot.Editor.AiShared.Tests\Blackboard\BlackboardAggregatorServiceTests.cs(37,16,37,30): error CS0246: The type or namespace name 'IEditableAsset' could not be found (are you missing a using directive or an assembly reference?)
100>D:\Work\IOS-IG-SimHost-FDP-2\Hrot\Editor\Hrot.Editor.AiShared.Tests\Blackboard\ActionSchemaExporterTests.cs(59,6,59,17): error CS0246: The type or namespace name 'BTreeActionAttribute' could not be found (are you missing a using directive or an assembly reference?)
100>D:\Work\IOS-IG-SimHost-FDP-2\Hrot\Editor\Hrot.Editor.AiShared.Tests\Blackboard\ActionSchemaExporterTests.cs(59,6,59,17): error CS0246: The type or namespace name 'BTreeAction' could not be found (are you missing a using directive or an assembly reference?)
100>D:\Work\IOS-IG-SimHost-FDP-2\Hrot\Editor\Hrot.Editor.AiShared.Tests\Comparison\ComparisonAnnotationRendererTests.cs(18,12,18,18): error CS0246: The type or namespace name 'NodeId' could not be found (are you missing a using directive or an assembly reference?)
100>D:\Work\IOS-IG-SimHost-FDP-2\Hrot\Editor\Hrot.Editor.AiShared.Tests\References\ReferenceCatalogTests.cs(8,40,8,56): error CS0246: The type or namespace name 'IAssetSubElement' could not be found (are you missing a using directive or an assembly reference?)
100>D:\Work\IOS-IG-SimHost-FDP-2\Hrot\Editor\Hrot.Editor.AiShared.Tests\Blackboard\BlackboardAggregatorServiceTests.cs(38,16,38,30): error CS0246: The type or namespace name 'IEditableAsset' could not be found (are you missing a using directive or an assembly reference?)
100>D:\Work\IOS-IG-SimHost-FDP-2\Hrot\Editor\Hrot.Editor.AiShared.Tests\Blackboard\BlackboardAuthoringWindowTests.cs(98,20,98,34): error CS0246: The type or namespace name 'DtoRequirement' could not be found (are you missing a using directive or an assembly reference?)
100>D:\Work\IOS-IG-SimHost-FDP-2\Hrot\Editor\Hrot.Editor.AiShared.Tests\Comparison\ComparisonAnnotationRendererTests.cs(51,25,51,48): error CS0246: The type or namespace name 'GraphChangeNotification' could not be found (are you missing a using directive or an assembly reference?)
100>D:\Work\IOS-IG-SimHost-FDP-2\Hrot\Editor\Hrot.Editor.AiShared.Tests\Blackboard\BlackboardAliasingTests.cs(77,26,77,48): error CS0246: The type or namespace name 'BlackboardAliasBinding' could not be found (are you missing a using directive or an assembly reference?)
100>D:\Work\IOS-IG-SimHost-FDP-2\Hrot\Editor\Hrot.Editor.AiShared.Tests\Blackboard\BlackboardAuthoringWindowTests.cs(14,27,14,50): error CS0246: The type or namespace name 'BlackboardVariableEntry' could not be found (are you missing a using directive or an assembly reference?)
100>D:\Work\IOS-IG-SimHost-FDP-2\Hrot\Editor\Hrot.Editor.AiShared.Tests\Selection\CallbackSelectionBridgeTests.cs(9,21,9,44): error CS0246: The type or namespace name 'CallbackSelectionBridge' could not be found (are you missing a using directive or an assembly reference?)
100>D:\Work\IOS-IG-SimHost-FDP-2\Hrot\Editor\Hrot.Editor.AiShared.Tests\Selection\CallbackSelectionBridgeTests.cs(9,60,9,66): error CS0246: The type or namespace name 'Entity' could not be found (are you missing a using directive or an assembly reference?)
100>D:\Work\IOS-IG-SimHost-FDP-2\Hrot\Editor\Hrot.Editor.AiShared.Tests\Comparison\ComparisonAnnotationRendererTests.cs(19,12,19,23): error CS0246: The type or namespace name 'NodeKindKey' could not be found (are you missing a using directive or an assembly reference?)
100>D:\Work\IOS-IG-SimHost-FDP-2\Hrot\Editor\Hrot.Editor.AiShared.Tests\Refactor\RefactorServiceTests.cs(9,46,9,63): error CS0246: The type or namespace name 'IReferenceCatalog' could not be found (are you missing a using directive or an assembly reference?)
100>D:\Work\IOS-IG-SimHost-FDP-2\Hrot\Editor\Hrot.Editor.AiShared.Tests\Blackboard\BlackboardAggregatorServiceTests.cs(39,30,39,44): error CS0246: The type or namespace name 'IEditableAsset' could not be found (are you missing a using directive or an assembly reference?)
100>D:\Work\IOS-IG-SimHost-FDP-2\Hrot\Editor\Hrot.Editor.AiShared.Tests\Blackboard\ActionSchemaExporterTests.cs(63,6,63,15): error CS0246: The type or namespace name 'HsmActionAttribute' could not be found (are you missing a using directive or an assembly reference?)
100>D:\Work\IOS-IG-SimHost-FDP-2\Hrot\Editor\Hrot.Editor.AiShared.Tests\Blackboard\ActionSchemaExporterTests.cs(63,6,63,15): error CS0246: The type or namespace name 'HsmAction' could not be found (are you missing a using directive or an assembly reference?)
100>D:\Work\IOS-IG-SimHost-FDP-2\Hrot\Editor\Hrot.Editor.AiShared.Tests\References\ReferenceCatalogTests.cs(11,16,11,30): error CS0246: The type or namespace name 'SubElementKind' could not be found (are you missing a using directive or an assembly reference?)
100>D:\Work\IOS-IG-SimHost-FDP-2\Hrot\Editor\Hrot.Editor.AiShared.Tests\Blackboard\BlackboardAliasingTests.cs(82,47,82,69): error CS0246: The type or namespace name 'BlackboardAliasBinding' could not be found (are you missing a using directive or an assembly reference?)
100>D:\Work\IOS-IG-SimHost-FDP-2\Hrot\Editor\Hrot.Editor.AiShared.Tests\Blackboard\BlackboardAuthoringWindowTests.cs(18,12,18,21): error CS0246: The type or namespace name 'AssetKind' could not be found (are you missing a using directive or an assembly reference?)
100>D:\Work\IOS-IG-SimHost-FDP-2\Hrot\Editor\Hrot.Editor.AiShared.Tests\Comparison\ComparisonAnnotationRendererTests.cs(78,33,78,38): error CS0246: The type or namespace name 'RectF' could not be found (are you missing a using directive or an assembly reference?)
100>D:\Work\IOS-IG-SimHost-FDP-2\Hrot\Editor\Hrot.Editor.AiShared.Tests\Comparison\ComparisonAnnotationRendererTests.cs(78,12,78,17): error CS0246: The type or namespace name 'RectF' could not be found (are you missing a using directive or an assembly reference?)
100>D:\Work\IOS-IG-SimHost-FDP-2\Hrot\Editor\Hrot.Editor.AiShared.Tests\Blackboard\BlackboardAggregatorServiceTests.cs(43,46,43,75): error CS0246: The type or namespace name 'IBlackboardAggregatorStrategy' could not be found (are you missing a using directive or an assembly reference?)
100>D:\Work\IOS-IG-SimHost-FDP-2\Hrot\Editor\Hrot.Editor.AiShared.Tests\Comparison\ComparisonAnnotationRendererTests.cs(22,12,22,24): error CS0246: The type or namespace name 'NodeCategory' could not be found (are you missing a using directive or an assembly reference?)
100>D:\Work\IOS-IG-SimHost-FDP-2\Hrot\Editor\Hrot.Editor.AiShared.Tests\Comparison\ComparisonAnnotationRendererTests.cs(87,58,87,74): error CS0246: The type or namespace name 'ComparisonChange' could not be found (are you missing a using directive or an assembly reference?)
100>D:\Work\IOS-IG-SimHost-FDP-2\Hrot\Editor\Hrot.Editor.AiShared.Tests\Comparison\ComparisonAnnotationRendererTests.cs(87,19,87,37): error CS0246: The type or namespace name 'ComparisonResponse' could not be found (are you missing a using directive or an assembly reference?)
100>D:\Work\IOS-IG-SimHost-FDP-2\Hrot\Editor\Hrot.Editor.AiShared.Tests\Comparison\ComparisonAnnotationRendererTests.cs(41,33,41,39): error CS0246: The type or namespace name 'NodeId' could not be found (are you missing a using directive or an assembly reference?)
100>D:\Work\IOS-IG-SimHost-FDP-2\Hrot\Editor\Hrot.Editor.AiShared.Tests\Comparison\ComparisonAnnotationRendererTests.cs(41,41,41,51): error CS0246: The type or namespace name 'INodeModel' could not be found (are you missing a using directive or an assembly reference?)
100>D:\Work\IOS-IG-SimHost-FDP-2\Hrot\Editor\Hrot.Editor.AiShared.Tests\References\ReferenceCatalogTests.cs(167,46,167,60): error CS0246: The type or namespace name 'IEditableAsset' could not be found (are you missing a using directive or an assembly reference?)
100>D:\Work\IOS-IG-SimHost-FDP-2\Hrot\Editor\Hrot.Editor.AiShared.Tests\Blackboard\ActionSchemaExporterTests.cs(66,6,66,15): error CS0246: The type or namespace name 'HsmActionAttribute' could not be found (are you missing a using directive or an assembly reference?)
100>D:\Work\IOS-IG-SimHost-FDP-2\Hrot\Editor\Hrot.Editor.AiShared.Tests\Blackboard\ActionSchemaExporterTests.cs(66,6,66,15): error CS0246: The type or namespace name 'HsmAction' could not be found (are you missing a using directive or an assembly reference?)
100>D:\Work\IOS-IG-SimHost-FDP-2\Hrot\Editor\Hrot.Editor.AiShared.Tests\Blackboard\BlackboardAuthoringWindowTests.cs(24,26,24,49): error CS0246: The type or namespace name 'BlackboardVariableEntry' could not be found (are you missing a using directive or an assembly reference?)
100>D:\Work\IOS-IG-SimHost-FDP-2\Hrot\Editor\Hrot.Editor.AiShared.Tests\Comparison\ComparisonAnnotationRendererTests.cs(43,12,43,19): error CS0246: The type or namespace name 'GraphId' could not be found (are you missing a using directive or an assembly reference?)
100>D:\Work\IOS-IG-SimHost-FDP-2\Hrot\Editor\Hrot.Editor.AiShared.Tests\Comparison\ComparisonAnnotationRendererTests.cs(64,12,64,25): error CS0246: The type or namespace name 'ViewportState' could not be found (are you missing a using directive or an assembly reference?)
100>D:\Work\IOS-IG-SimHost-FDP-2\Hrot\Editor\Hrot.Editor.AiShared.Tests\Refactor\RefactorServiceTests.cs(11,27,11,43): error CS0246: The type or namespace name 'IAssetSubElement' could not be found (are you missing a using directive or an assembly reference?)
100>D:\Work\IOS-IG-SimHost-FDP-2\Hrot\Editor\Hrot.Editor.AiShared.Tests\Comparison\ComparisonAnnotationRendererTests.cs(90,19,90,35): error CS0246: The type or namespace name 'ComparisonChange' could not be found (are you missing a using directive or an assembly reference?)
100>D:\Work\IOS-IG-SimHost-FDP-2\Hrot\Editor\Hrot.Editor.AiShared.Tests\Comparison\ComparisonAnnotationRendererTests.cs(25,12,25,21): error CS0246: The type or namespace name 'NodeState' could not be found (are you missing a using directive or an assembly reference?)
100>D:\Work\IOS-IG-SimHost-FDP-2\Hrot\Editor\Hrot.Editor.AiShared.Tests\Blackboard\BlackboardAuthoringWindowTests.cs(28,29,28,52): error CS0246: The type or namespace name 'BlackboardVariableEntry' could not be found (are you missing a using directive or an assembly reference?)
100>D:\Work\IOS-IG-SimHost-FDP-2\Hrot\Editor\Hrot.Editor.AiShared.Tests\Comparison\ComparisonAnnotationRendererTests.cs(45,12,45,31): error CS0246: The type or namespace name 'GraphKindDescriptor' could not be found (are you missing a using directive or an assembly reference?)
100>D:\Work\IOS-IG-SimHost-FDP-2\Hrot\Editor\Hrot.Editor.AiShared.Tests\Comparison\ComparisonAnnotationRendererTests.cs(65,12,65,28): error CS0246: The type or namespace name 'CanvasRenderPass' could not be found (are you missing a using directive or an assembly reference?)
100>D:\Work\IOS-IG-SimHost-FDP-2\Hrot\Editor\Hrot.Editor.AiShared.Tests\Refactor\RefactorServiceTests.cs(12,27,12,41): error CS0246: The type or namespace name 'AssetReference' could not be found (are you missing a using directive or an assembly reference?)
100>D:\Work\IOS-IG-SimHost-FDP-2\Hrot\Editor\Hrot.Editor.AiShared.Tests\Blackboard\BlackboardAggregatorServiceTests.cs(46,26,46,43): error CS0246: The type or namespace name 'AggregationResult' could not be found (are you missing a using directive or an assembly reference?)
100>D:\Work\IOS-IG-SimHost-FDP-2\Hrot\Editor\Hrot.Editor.AiShared.Tests\Comparison\ComparisonAnnotationRendererTests.cs(29,26,29,35): error CS0246: The type or namespace name 'IPinModel' could not be found (are you missing a using directive or an assembly reference?)
100>D:\Work\IOS-IG-SimHost-FDP-2\Hrot\Editor\Hrot.Editor.AiShared.Tests\Blackboard\ActionSchemaExporterTests.cs(69,6,69,14): error CS0246: The type or namespace name 'HsmGuardAttribute' could not be found (are you missing a using directive or an assembly reference?)
100>D:\Work\IOS-IG-SimHost-FDP-2\Hrot\Editor\Hrot.Editor.AiShared.Tests\Blackboard\ActionSchemaExporterTests.cs(69,6,69,14): error CS0246: The type or namespace name 'HsmGuard' could not be found (are you missing a using directive or an assembly reference?)
100>D:\Work\IOS-IG-SimHost-FDP-2\Hrot\Editor\Hrot.Editor.AiShared.Tests\Windows\AiGraphCanvasWindowTests.cs(22,20,22,37): error CS0246: The type or namespace name 'AiDocumentManager' could not be found (are you missing a using directive or an assembly reference?)
100>D:\Work\IOS-IG-SimHost-FDP-2\Hrot\Editor\Hrot.Editor.AiShared.Tests\Comparison\ComparisonAnnotationRendererTests.cs(100,9,100,27): error CS0246: The type or namespace name 'ComparisonResponse' could not be found (are you missing a using directive or an assembly reference?)
100>D:\Work\IOS-IG-SimHost-FDP-2\Hrot\Editor\Hrot.Editor.AiShared.Tests\Comparison\ComparisonAnnotationRendererTests.cs(98,19,98,41): error CS0246: The type or namespace name 'ComparisonSessionState' could not be found (are you missing a using directive or an assembly reference?)
100>D:\Work\IOS-IG-SimHost-FDP-2\Hrot\Editor\Hrot.Editor.AiShared.Tests\Comparison\ComparisonAnnotationRendererTests.cs(66,12,66,24): error CS0246: The type or namespace name 'IEditorTheme' could not be found (are you missing a using directive or an assembly reference?)
100>D:\Work\IOS-IG-SimHost-FDP-2\Hrot\Editor\Hrot.Editor.AiShared.Tests\Refactor\RefactorServiceTests.cs(16,26,16,42): error CS0246: The type or namespace name 'IAssetSubElement' could not be found (are you missing a using directive or an assembly reference?)
100>D:\Work\IOS-IG-SimHost-FDP-2\Hrot\Editor\Hrot.Editor.AiShared.Tests\Blackboard\BlackboardAuthoringWindowTests.cs(67,26,67,48): error CS0246: The type or namespace name 'BlackboardAliasBinding' could not be found (are you missing a using directive or an assembly reference?)
100>D:\Work\IOS-IG-SimHost-FDP-2\Hrot\Editor\Hrot.Editor.AiShared.Tests\Comparison\ComparisonAnnotationRendererTests.cs(46,32,46,42): error CS0246: The type or namespace name 'INodeModel' could not be found (are you missing a using directive or an assembly reference?)
100>D:\Work\IOS-IG-SimHost-FDP-2\Hrot\Editor\Hrot.Editor.AiShared.Tests\Comparison\ComparisonAnnotationRendererTests.cs(31,23,31,29): error CS0246: The type or namespace name 'NodeId' could not be found (are you missing a using directive or an assembly reference?)
100>D:\Work\IOS-IG-SimHost-FDP-2\Hrot\Editor\Hrot.Editor.AiShared.Tests\Windows\AiGraphCanvasWindowTests.cs(128,20,128,29): error CS0246: The type or namespace name 'GraphView' could not be found (are you missing a using directive or an assembly reference?)
100>D:\Work\IOS-IG-SimHost-FDP-2\Hrot\Editor\Hrot.Editor.AiShared.Tests\Blackboard\BlackboardBinPackerTests.cs(19,20,19,48): error CS0246: The type or namespace name 'BlackboardVariableDescriptor' could not be found (are you missing a using directive or an assembly reference?)
100>D:\Work\IOS-IG-SimHost-FDP-2\Hrot\Editor\Hrot.Editor.AiShared.Tests\Comparison\ComparisonAnnotationRendererTests.cs(67,12,67,23): error CS0246: The type or namespace name 'IGraphModel' could not be found (are you missing a using directive or an assembly reference?)
100>D:\Work\IOS-IG-SimHost-FDP-2\Hrot\Editor\Hrot.Editor.AiShared.Tests\Refactor\RefactorServiceTests.cs(18,12,18,28): error CS0246: The type or namespace name 'IAssetSubElement' could not be found (are you missing a using directive or an assembly reference?)
100>D:\Work\IOS-IG-SimHost-FDP-2\Hrot\Editor\Hrot.Editor.AiShared.Tests\Blackboard\BlackboardAuthoringWindowTests.cs(68,47,68,69): error CS0246: The type or namespace name 'BlackboardAliasBinding' could not be found (are you missing a using directive or an assembly reference?)
100>D:\Work\IOS-IG-SimHost-FDP-2\Hrot\Editor\Hrot.Editor.AiShared.Tests\Selection\EditorSelectionStoreTests.cs(8,38,8,52): error CS0246: The type or namespace name 'IEditableAsset' could not be found (are you missing a using directive or an assembly reference?)
100>D:\Work\IOS-IG-SimHost-FDP-2\Hrot\Editor\Hrot.Editor.AiShared.Tests\Comparison\ComparisonAnnotationRendererTests.cs(47,32,47,42): error CS0246: The type or namespace name 'ILinkModel' could not be found (are you missing a using directive or an assembly reference?)
100>D:\Work\IOS-IG-SimHost-FDP-2\Hrot\Editor\Hrot.Editor.AiShared.Tests\References\ReferenceCatalogTests.cs(171,16,171,25): error CS0246: The type or namespace name 'AssetKind' could not be found (are you missing a using directive or an assembly reference?)
100>D:\Work\IOS-IG-SimHost-FDP-2\Hrot\Editor\Hrot.Editor.AiShared.Tests\Windows\AiGraphCanvasWindowTests.cs(136,20,136,35): error CS0246: The type or namespace name 'AiCanvasContext' could not be found (are you missing a using directive or an assembly reference?)
100>D:\Work\IOS-IG-SimHost-FDP-2\Hrot\Editor\Hrot.Editor.AiShared.Tests\Refactor\RefactorServiceTests.cs(21,26,21,40): error CS0246: The type or namespace name 'AssetReference' could not be found (are you missing a using directive or an assembly reference?)
100>D:\Work\IOS-IG-SimHost-FDP-2\Hrot\Editor\Hrot.Editor.AiShared.Tests\Comparison\ComparisonAnnotationRendererTests.cs(68,12,68,26): error CS0246: The type or namespace name 'SelectionState' could not be found (are you missing a using directive or an assembly reference?)
100>D:\Work\IOS-IG-SimHost-FDP-2\Hrot\Editor\Hrot.Editor.AiShared.Tests\Blackboard\BlackboardDtoEmitterTests.cs(24,58,24,78): error CS0246: The type or namespace name 'BlackboardFieldEntry' could not be found (are you missing a using directive or an assembly reference?)
100>D:\Work\IOS-IG-SimHost-FDP-2\Hrot\Editor\Hrot.Editor.AiShared.Tests\Blackboard\BlackboardDtoEmitterTests.cs(24,20,24,38): error CS0246: The type or namespace name 'BlackboardDtoModel' could not be found (are you missing a using directive or an assembly reference?)
100>D:\Work\IOS-IG-SimHost-FDP-2\Hrot\Editor\Hrot.Editor.AiShared.Tests\Comparison\ComparisonAnnotationRendererTests.cs(48,32,48,45): error CS0246: The type or namespace name 'ICommentModel' could not be found (are you missing a using directive or an assembly reference?)
100>D:\Work\IOS-IG-SimHost-FDP-2\Hrot\Editor\Hrot.Editor.AiShared.Tests\Blackboard\BlackboardBinPackerTests.cs(22,43,22,71): error CS0246: The type or namespace name 'BlackboardVariableDescriptor' could not be found (are you missing a using directive or an assembly reference?)
100>D:\Work\IOS-IG-SimHost-FDP-2\Hrot\Editor\Hrot.Editor.AiShared.Tests\Blackboard\BlackboardBinPackerTests.cs(22,20,22,30): error CS0246: The type or namespace name 'PackResult' could not be found (are you missing a using directive or an assembly reference?)
100>D:\Work\IOS-IG-SimHost-FDP-2\Hrot\Editor\Hrot.Editor.AiShared.Tests\Selection\EditorSelectionStoreTests.cs(12,16,12,25): error CS0246: The type or namespace name 'AssetKind' could not be found (are you missing a using directive or an assembly reference?)
100>D:\Work\IOS-IG-SimHost-FDP-2\Hrot\Editor\Hrot.Editor.AiShared.Tests\References\ReferenceCatalogTests.cs(180,44,180,72): error CS0246: The type or namespace name 'IReferenceCatalogContributor' could not be found (are you missing a using directive or an assembly reference?)
100>D:\Work\IOS-IG-SimHost-FDP-2\Hrot\Editor\Hrot.Editor.AiShared.Tests\Blackboard\BlackboardFieldClassifierTests.cs(20,2,20,21): error CS0246: The type or namespace name 'BlackboardDtoStructAttribute' could not be found (are you missing a using directive or an assembly reference?)
100>D:\Work\IOS-IG-SimHost-FDP-2\Hrot\Editor\Hrot.Editor.AiShared.Tests\Blackboard\BlackboardFieldClassifierTests.cs(20,2,20,21): error CS0246: The type or namespace name 'BlackboardDtoStruct' could not be found (are you missing a using directive or an assembly reference?)
100>D:\Work\IOS-IG-SimHost-FDP-2\Hrot\Editor\Hrot.Editor.AiShared.Tests\Comparison\ComparisonAnnotationRendererTests.cs(69,25,69,31): error CS0246: The type or namespace name 'NodeId' could not be found (are you missing a using directive or an assembly reference?)
100>D:\Work\IOS-IG-SimHost-FDP-2\Hrot\Editor\Hrot.Editor.AiShared.Tests\Windows\AiGraphCanvasWindowTests.cs(25,48,25,65): error CS0246: The type or namespace name 'ICanvasRenderSeam' could not be found (are you missing a using directive or an assembly reference?)
100>D:\Work\IOS-IG-SimHost-FDP-2\Hrot\Editor\Hrot.Editor.AiShared.Tests\Comparison\ComparisonAnnotationRendererTests.cs(54,21,54,31): error CS0246: The type or namespace name 'INodeModel' could not be found (are you missing a using directive or an assembly reference?)
100>D:\Work\IOS-IG-SimHost-FDP-2\Hrot\Editor\Hrot.Editor.AiShared.Tests\Comparison\ComparisonAnnotationRendererTests.cs(70,25,70,31): error CS0246: The type or namespace name 'LinkId' could not be found (are you missing a using directive or an assembly reference?)
100>D:\Work\IOS-IG-SimHost-FDP-2\Hrot\Editor\Hrot.Editor.AiShared.Tests\Windows\AiGraphCanvasWindowTests.cs(27,16,27,25): error CS0246: The type or namespace name 'GraphView' could not be found (are you missing a using directive or an assembly reference?)
100>D:\Work\IOS-IG-SimHost-FDP-2\Hrot\Editor\Hrot.Editor.AiShared.Tests\Blackboard\BlackboardDtoEmitterTests.cs(27,20,27,43): error CS0246: The type or namespace name 'EditorManagedFieldEntry' could not be found (are you missing a using directive or an assembly reference?)
100>D:\Work\IOS-IG-SimHost-FDP-2\Hrot\Editor\Hrot.Editor.AiShared.Tests\Blackboard\BlackboardFieldClassifierTests.cs(36,20,36,36): error CS0246: The type or namespace name 'FieldParseResult' could not be found (are you missing a using directive or an assembly reference?)
100>D:\Work\IOS-IG-SimHost-FDP-2\Hrot\Editor\Hrot.Editor.AiShared.Tests\References\ReferenceCatalogTests.cs(182,40,182,56): error CS0246: The type or namespace name 'IAssetSubElement' could not be found (are you missing a using directive or an assembly reference?)
100>D:\Work\IOS-IG-SimHost-FDP-2\Hrot\Editor\Hrot.Editor.AiShared.Tests\Comparison\ComparisonAnnotationRendererTests.cs(73,12,73,25): error CS0246: The type or namespace name 'IDebugSession' could not be found (are you missing a using directive or an assembly reference?)
100>D:\Work\IOS-IG-SimHost-FDP-2\Hrot\Editor\Hrot.Editor.AiShared.Tests\Windows\AiGraphCanvasWindowTests.cs(30,28,30,37): error CS0246: The type or namespace name 'GraphView' could not be found (are you missing a using directive or an assembly reference?)
100>D:\Work\IOS-IG-SimHost-FDP-2\Hrot\Editor\Hrot.Editor.AiShared.Tests\References\ReferenceCatalogTests.cs(183,40,183,54): error CS0246: The type or namespace name 'AssetReference' could not be found (are you missing a using directive or an assembly reference?)
100>D:\Work\IOS-IG-SimHost-FDP-2\Hrot\Editor\Hrot.Editor.AiShared.Tests\Blackboard\BlackboardDtoEmitterTests.cs(30,20,30,38): error CS0246: The type or namespace name 'ReadOnlyFieldEntry' could not be found (are you missing a using directive or an assembly reference?)
100>D:\Work\IOS-IG-SimHost-FDP-2\Hrot\Editor\Hrot.Editor.AiShared.Tests\Refactor\RefactorServiceTests.cs(24,26,24,40): error CS0246: The type or namespace name 'AssetReference' could not be found (are you missing a using directive or an assembly reference?)
100>D:\Work\IOS-IG-SimHost-FDP-2\Hrot\Editor\Hrot.Editor.AiShared.Tests\Comparison\ComparisonAnnotationRendererTests.cs(56,34,56,40): error CS0246: The type or namespace name 'NodeId' could not be found (are you missing a using directive or an assembly reference?)
100>D:\Work\IOS-IG-SimHost-FDP-2\Hrot\Editor\Hrot.Editor.AiShared.Tests\Comparison\ComparisonAnnotationRendererTests.cs(56,12,56,22): error CS0246: The type or namespace name 'INodeModel' could not be found (are you missing a using directive or an assembly reference?)
100>D:\Work\IOS-IG-SimHost-FDP-2\Hrot\Editor\Hrot.Editor.AiShared.Tests\Windows\AiGraphCanvasWindowTests.cs(37,38,37,52): error CS0246: The type or namespace name 'IEditableAsset' could not be found (are you missing a using directive or an assembly reference?)
100>D:\Work\IOS-IG-SimHost-FDP-2\Hrot\Editor\Hrot.Editor.AiShared.Tests\Refactor\RefactorServiceTests.cs(27,30,27,44): error CS0246: The type or namespace name 'AssetReference' could not be found (are you missing a using directive or an assembly reference?)
100>D:\Work\IOS-IG-SimHost-FDP-2\Hrot\Editor\Hrot.Editor.AiShared.Tests\Comparison\ComparisonExportBuilderTests.cs(23,20,23,38): error CS0246: The type or namespace name 'SanitizationResult' could not be found (are you missing a using directive or an assembly reference?)
100>D:\Work\IOS-IG-SimHost-FDP-2\Hrot\Editor\Hrot.Editor.AiShared.Tests\Blackboard\BlackboardLoadStateTests.cs(15,38,15,61): error CS0246: The type or namespace name 'IBlackboardManagedAsset' could not be found (are you missing a using directive or an assembly reference?)
100>D:\Work\IOS-IG-SimHost-FDP-2\Hrot\Editor\Hrot.Editor.AiShared.Tests\References\ReferenceCatalogTests.cs(185,46,185,62): error CS0246: The type or namespace name 'IAssetSubElement' could not be found (are you missing a using directive or an assembly reference?)
100>D:\Work\IOS-IG-SimHost-FDP-2\Hrot\Editor\Hrot.Editor.AiShared.Tests\References\ReferenceCatalogTests.cs(185,88,185,102): error CS0246: The type or namespace name 'AssetReference' could not be found (are you missing a using directive or an assembly reference?)
100>D:\Work\IOS-IG-SimHost-FDP-2\Hrot\Editor\Hrot.Editor.AiShared.Tests\Refactor\RefactorServiceTests.cs(28,28,28,44): error CS0246: The type or namespace name 'IAssetSubElement' could not be found (are you missing a using directive or an assembly reference?)
100>D:\Work\IOS-IG-SimHost-FDP-2\Hrot\Editor\Hrot.Editor.AiShared.Tests\Comparison\ComparisonSessionStateTests.cs(7,20,7,38): error CS0246: The type or namespace name 'ComparisonResponse' could not be found (are you missing a using directive or an assembly reference?)
100>D:\Work\IOS-IG-SimHost-FDP-2\Hrot\Editor\Hrot.Editor.AiShared.Tests\Windows\AiGraphCanvasWindowTests.cs(39,26,39,35): error CS0246: The type or namespace name 'AssetKind' could not be found (are you missing a using directive or an assembly reference?)
100>D:\Work\IOS-IG-SimHost-FDP-2\Hrot\Editor\Hrot.Editor.AiShared.Tests\Comparison\ComparisonAnnotationRendererTests.cs(57,33,57,38): error CS0246: The type or namespace name 'PinId' could not be found (are you missing a using directive or an assembly reference?)
100>D:\Work\IOS-IG-SimHost-FDP-2\Hrot\Editor\Hrot.Editor.AiShared.Tests\Comparison\ComparisonAnnotationRendererTests.cs(57,12,57,21): error CS0246: The type or namespace name 'IPinModel' could not be found (are you missing a using directive or an assembly reference?)
100>D:\Work\IOS-IG-SimHost-FDP-2\Hrot\Editor\Hrot.Editor.AiShared.Tests\Documents\AiDocumentManagerTests.cs(14,43,14,52): error CS0103: The name 'AssetKind' does not exist in the current context
100>D:\Work\IOS-IG-SimHost-FDP-2\Hrot\Editor\Hrot.Editor.AiShared.Tests\Blackboard\BlackboardLoadStateTests.cs(17,16,17,35): error CS0246: The type or namespace name 'BlackboardLoadState' could not be found (are you missing a using directive or an assembly reference?)
100>D:\Work\IOS-IG-SimHost-FDP-2\Hrot\Editor\Hrot.Editor.AiShared.Tests\Comparison\ComparisonExportBuilderTests.cs(12,42,12,67): error CS0246: The type or namespace name 'IAssetComparisonSanitizer' could not be found (are you missing a using directive or an assembly reference?)
100>D:\Work\IOS-IG-SimHost-FDP-2\Hrot\Editor\Hrot.Editor.AiShared.Tests\References\ReferenceCatalogTests.cs(191,66,191,80): error CS0246: The type or namespace name 'IEditableAsset' could not be found (are you missing a using directive or an assembly reference?)
100>D:\Work\IOS-IG-SimHost-FDP-2\Hrot\Editor\Hrot.Editor.AiShared.Tests\References\ReferenceCatalogTests.cs(191,30,191,46): error CS0246: The type or namespace name 'IAssetSubElement' could not be found (are you missing a using directive or an assembly reference?)
100>D:\Work\IOS-IG-SimHost-FDP-2\Hrot\Editor\Hrot.Editor.AiShared.Tests\Refactor\RefactorServiceTests.cs(31,42,31,55): error CS0246: The type or namespace name 'IAssetCatalog' could not be found (are you missing a using directive or an assembly reference?)
100>D:\Work\IOS-IG-SimHost-FDP-2\Hrot\Editor\Hrot.Editor.AiShared.Tests\Comparison\ComparisonSidebarTests.cs(10,20,10,36): error CS0246: The type or namespace name 'ComparisonChange' could not be found (are you missing a using directive or an assembly reference?)
100>D:\Work\IOS-IG-SimHost-FDP-2\Hrot\Editor\Hrot.Editor.AiShared.Tests\Windows\AiGraphCanvasWindowTests.cs(47,16,47,25): error CS0246: The type or namespace name 'AssetKind' could not be found (are you missing a using directive or an assembly reference?)
100>D:\Work\IOS-IG-SimHost-FDP-2\Hrot\Editor\Hrot.Editor.AiShared.Tests\Blackboard\BlackboardLoadStateTests.cs(20,30,20,53): error CS0246: The type or namespace name 'BlackboardVariableEntry' could not be found (are you missing a using directive or an assembly reference?)
100>D:\Work\IOS-IG-SimHost-FDP-2\Hrot\Editor\Hrot.Editor.AiShared.Tests\References\ReferenceCatalogTests.cs(192,66,192,80): error CS0246: The type or namespace name 'IEditableAsset' could not be found (are you missing a using directive or an assembly reference?)
100>D:\Work\IOS-IG-SimHost-FDP-2\Hrot\Editor\Hrot.Editor.AiShared.Tests\References\ReferenceCatalogTests.cs(192,30,192,44): error CS0246: The type or namespace name 'AssetReference' could not be found (are you missing a using directive or an assembly reference?)
100>D:\Work\IOS-IG-SimHost-FDP-2\Hrot\Editor\Hrot.Editor.AiShared.Tests\Blackboard\BlackboardLoadStateTests.cs(22,33,22,56): error CS0246: The type or namespace name 'BlackboardVariableEntry' could not be found (are you missing a using directive or an assembly reference?)
100>D:\Work\IOS-IG-SimHost-FDP-2\Hrot\Editor\Hrot.Editor.AiShared.Tests\Comparison\ComparisonExportBuilderTests.cs(14,31,14,49): error CS0246: The type or namespace name 'AssetExportRequest' could not be found (are you missing a using directive or an assembly reference?)
100>D:\Work\IOS-IG-SimHost-FDP-2\Hrot\Editor\Hrot.Editor.AiShared.Tests\Comparison\ComparisonExportBuilderTests.cs(14,51,14,69): error CS0246: The type or namespace name 'SanitizationResult' could not be found (are you missing a using directive or an assembly reference?)
100>D:\Work\IOS-IG-SimHost-FDP-2\Hrot\Editor\Hrot.Editor.AiShared.Tests\Refactor\RefactorServiceTests.cs(33,39,33,53): error CS0246: The type or namespace name 'IEditableAsset' could not be found (are you missing a using directive or an assembly reference?)
100>D:\Work\IOS-IG-SimHost-FDP-2\Hrot\Editor\Hrot.Editor.AiShared.Tests\Windows\AiGraphCanvasWindowTests.cs(58,43,58,54): error CS0246: The type or namespace name 'IGraphModel' could not be found (are you missing a using directive or an assembly reference?)
100>D:\Work\IOS-IG-SimHost-FDP-2\Hrot\Editor\Hrot.Editor.AiShared.Tests\Comparison\ComparisonSidebarTests.cs(13,59,13,75): error CS0246: The type or namespace name 'ComparisonChange' could not be found (are you missing a using directive or an assembly reference?)
100>D:\Work\IOS-IG-SimHost-FDP-2\Hrot\Editor\Hrot.Editor.AiShared.Tests\Comparison\ComparisonSidebarTests.cs(13,20,13,38): error CS0246: The type or namespace name 'ComparisonResponse' could not be found (are you missing a using directive or an assembly reference?)
100>D:\Work\IOS-IG-SimHost-FDP-2\Hrot\Editor\Hrot.Editor.AiShared.Tests\Comparison\ComparisonAnnotationRendererTests.cs(58,34,58,40): error CS0246: The type or namespace name 'LinkId' could not be found (are you missing a using directive or an assembly reference?)
100>D:\Work\IOS-IG-SimHost-FDP-2\Hrot\Editor\Hrot.Editor.AiShared.Tests\Comparison\ComparisonAnnotationRendererTests.cs(58,12,58,22): error CS0246: The type or namespace name 'ILinkModel' could not be found (are you missing a using directive or an assembly reference?)
100>D:\Work\IOS-IG-SimHost-FDP-2\Hrot\Editor\Hrot.Editor.AiShared.Tests\References\ReferenceCatalogTests.cs(195,45,195,58): error CS0246: The type or namespace name 'IAssetCatalog' could not be found (are you missing a using directive or an assembly reference?)
100>D:\Work\IOS-IG-SimHost-FDP-2\Hrot\Editor\Hrot.Editor.AiShared.Tests\Comparison\ComparisonExportBuilderTests.cs(16,30,16,48): error CS0246: The type or namespace name 'SanitizationResult' could not be found (are you missing a using directive or an assembly reference?)
100>D:\Work\IOS-IG-SimHost-FDP-2\Hrot\Editor\Hrot.Editor.AiShared.Tests\Comparison\ComparisonSummaryPanelTests.cs(10,20,10,38): error CS0246: The type or namespace name 'ComparisonResponse' could not be found (are you missing a using directive or an assembly reference?)
100>D:\Work\IOS-IG-SimHost-FDP-2\Hrot\Editor\Hrot.Editor.AiShared.Tests\Refactor\RefactorServiceTests.cs(37,26,37,40): error CS0246: The type or namespace name 'IEditableAsset' could not be found (are you missing a using directive or an assembly reference?)
100>D:\Work\IOS-IG-SimHost-FDP-2\Hrot\Editor\Hrot.Editor.AiShared.Tests\Blackboard\BlackboardLoadStateTests.cs(28,30,28,52): error CS0246: The type or namespace name 'BlackboardAliasBinding' could not be found (are you missing a using directive or an assembly reference?)
100>D:\Work\IOS-IG-SimHost-FDP-2\Hrot\Editor\Hrot.Editor.AiShared.Tests\Windows\AiGraphCanvasWindowTests.cs(70,29,70,52): error CS0246: The type or namespace name 'GraphChangeNotification' could not be found (are you missing a using directive or an assembly reference?)
100>D:\Work\IOS-IG-SimHost-FDP-2\Hrot\Editor\Hrot.Editor.AiShared.Tests\Comparison\ComparisonSidebarTests.cs(16,62,16,78): error CS0246: The type or namespace name 'ComparisonChange' could not be found (are you missing a using directive or an assembly reference?)
100>D:\Work\IOS-IG-SimHost-FDP-2\Hrot\Editor\Hrot.Editor.AiShared.Tests\Comparison\ComparisonSidebarTests.cs(16,20,16,42): error CS0246: The type or namespace name 'ComparisonSessionState' could not be found (are you missing a using directive or an assembly reference?)
100>D:\Work\IOS-IG-SimHost-FDP-2\Hrot\Editor\Hrot.Editor.AiShared.Tests\Blackboard\BlackboardLoadStateTests.cs(30,51,30,73): error CS0246: The type or namespace name 'BlackboardAliasBinding' could not be found (are you missing a using directive or an assembly reference?)
100>D:\Work\IOS-IG-SimHost-FDP-2\Hrot\Editor\Hrot.Editor.AiShared.Tests\References\ReferenceCatalogTests.cs(197,31,197,45): error CS0246: The type or namespace name 'IEditableAsset' could not be found (are you missing a using directive or an assembly reference?)
100>D:\Work\IOS-IG-SimHost-FDP-2\Hrot\Editor\Hrot.Editor.AiShared.Tests\Windows\AiWatchBreakpointsWindowTests.cs(36,13,36,26): error CS0246: The type or namespace name 'WindowManager' could not be found (are you missing a using directive or an assembly reference?)
100>D:\Work\IOS-IG-SimHost-FDP-2\Hrot\Editor\Hrot.Editor.AiShared.Tests\Blackboard\RemoveVariablesTests.cs(11,43,11,57): error CS0246: The type or namespace name 'IEditableAsset' could not be found (are you missing a using directive or an assembly reference?)
100>D:\Work\IOS-IG-SimHost-FDP-2\Hrot\Editor\Hrot.Editor.AiShared.Tests\Blackboard\RemoveVariablesTests.cs(11,59,11,82): error CS0246: The type or namespace name 'IBlackboardManagedAsset' could not be found (are you missing a using directive or an assembly reference?)
100>D:\Work\IOS-IG-SimHost-FDP-2\Hrot\Editor\Hrot.Editor.AiShared.Tests\Comparison\ComparisonExportBuilderTests.cs(17,35,17,53): error CS0246: The type or namespace name 'AssetExportRequest' could not be found (are you missing a using directive or an assembly reference?)
100>D:\Work\IOS-IG-SimHost-FDP-2\Hrot\Editor\Hrot.Editor.AiShared.Tests\Comparison\ComparisonExportBuilderTests.cs(17,55,17,73): error CS0246: The type or namespace name 'SanitizationResult' could not be found (are you missing a using directive or an assembly reference?)
100>D:\Work\IOS-IG-SimHost-FDP-2\Hrot\Editor\Hrot.Editor.AiShared.Tests\Windows\AiGraphCanvasWindowTests.cs(60,16,60,23): error CS0246: The type or namespace name 'GraphId' could not be found (are you missing a using directive or an assembly reference?)
100>D:\Work\IOS-IG-SimHost-FDP-2\Hrot\Editor\Hrot.Editor.AiShared.Tests\Blackboard\BlackboardVariableWiringTests.cs(71,45,71,68): error CS0246: The type or namespace name 'IBlackboardManagedAsset' could not be found (are you missing a using directive or an assembly reference?)
100>D:\Work\IOS-IG-SimHost-FDP-2\Hrot\Editor\Hrot.Editor.AiShared.Tests\References\ReferenceCatalogTests.cs(199,40,199,54): error CS0246: The type or namespace name 'IEditableAsset' could not be found (are you missing a using directive or an assembly reference?)
100>D:\Work\IOS-IG-SimHost-FDP-2\Hrot\Editor\Hrot.Editor.AiShared.Tests\Windows\AiWatchBreakpointsWindowTests.cs(38,20,38,36): error CS0246: The type or namespace name 'IRefactorService' could not be found (are you missing a using directive or an assembly reference?)
100>D:\Work\IOS-IG-SimHost-FDP-2\Hrot\Editor\Hrot.Editor.AiShared.Tests\Refactor\RefactorServiceTests.cs(39,12,39,26): error CS0246: The type or namespace name 'IEditableAsset' could not be found (are you missing a using directive or an assembly reference?)
100>D:\Work\IOS-IG-SimHost-FDP-2\Hrot\Editor\Hrot.Editor.AiShared.Tests\References\ReferenceCatalogTests.cs(202,30,202,44): error CS0246: The type or namespace name 'IEditableAsset' could not be found (are you missing a using directive or an assembly reference?)
100>D:\Work\IOS-IG-SimHost-FDP-2\Hrot\Editor\Hrot.Editor.AiShared.Tests\Comparison\ComparisonExportBuilderTests.cs(19,16,19,25): error CS0246: The type or namespace name 'AssetKind' could not be found (are you missing a using directive or an assembly reference?)
100>D:\Work\IOS-IG-SimHost-FDP-2\Hrot\Editor\Hrot.Editor.AiShared.Tests\Windows\AiGraphCanvasWindowTests.cs(62,16,62,35): error CS0246: The type or namespace name 'GraphKindDescriptor' could not be found (are you missing a using directive or an assembly reference?)
100>D:\Work\IOS-IG-SimHost-FDP-2\Hrot\Editor\Hrot.Editor.AiShared.Tests\Comparison\ComparisonToolbarActionTests.cs(27,47,27,72): error CS0246: The type or namespace name 'IAssetComparisonSanitizer' could not be found (are you missing a using directive or an assembly reference?)
100>D:\Work\IOS-IG-SimHost-FDP-2\Hrot\Editor\Hrot.Editor.AiShared.Tests\Blackboard\BlackboardVariableWiringTests.cs(74,30,74,53): error CS0246: The type or namespace name 'BlackboardVariableEntry' could not be found (are you missing a using directive or an assembly reference?)
100>D:\Work\IOS-IG-SimHost-FDP-2\Hrot\Editor\Hrot.Editor.AiShared.Tests\Refactor\RefactorServiceTests.cs(42,12,42,26): error CS0246: The type or namespace name 'IEditableAsset' could not be found (are you missing a using directive or an assembly reference?)
100>D:\Work\IOS-IG-SimHost-FDP-2\Hrot\Editor\Hrot.Editor.AiShared.Tests\Comparison\ExitComparisonActionTests.cs(10,20,10,42): error CS0246: The type or namespace name 'ComparisonSessionState' could not be found (are you missing a using directive or an assembly reference?)
100>D:\Work\IOS-IG-SimHost-FDP-2\Hrot\Editor\Hrot.Editor.AiShared.Tests\References\ReferenceCatalogTests.cs(203,16,203,30): error CS0246: The type or namespace name 'IEditableAsset' could not be found (are you missing a using directive or an assembly reference?)
100>D:\Work\IOS-IG-SimHost-FDP-2\Hrot\Editor\Hrot.Editor.AiShared.Tests\Windows\AiWatchBreakpointsWindowTests.cs(104,29,104,51): error CS0246: The type or namespace name 'IDataBreakpointManager' could not be found (are you missing a using directive or an assembly reference?)
100>D:\Work\IOS-IG-SimHost-FDP-2\Hrot\Editor\Hrot.Editor.AiShared.Tests\Windows\AiWatchBreakpointsWindowTests.cs(103,20,103,49): error CS0246: The type or namespace name 'PerspectiveWorkspaceRegistrar' could not be found (are you missing a using directive or an assembly reference?)
100>D:\Work\IOS-IG-SimHost-FDP-2\Hrot\Editor\Hrot.Editor.AiShared.Tests\Blackboard\RemoveVariablesTests.cs(13,27,13,50): error CS0246: The type or namespace name 'BlackboardVariableEntry' could not be found (are you missing a using directive or an assembly reference?)
100>D:\Work\IOS-IG-SimHost-FDP-2\Hrot\Editor\Hrot.Editor.AiShared.Tests\Blackboard\BlackboardAggregatorServiceTests.cs(48,34,48,51): error CS0246: The type or namespace name 'AggregationResult' could not be found (are you missing a using directive or an assembly reference?)
100>D:\Work\IOS-IG-SimHost-FDP-2\Hrot\Editor\Hrot.Editor.AiShared.Tests\References\ReferenceCatalogTests.cs(204,16,204,30): error CS0246: The type or namespace name 'IEditableAsset' could not be found (are you missing a using directive or an assembly reference?)
100>D:\Work\IOS-IG-SimHost-FDP-2\Hrot\Editor\Hrot.Editor.AiShared.Tests\Blackboard\UnusedVariableDiagnosticTests.cs(13,41,13,55): error CS0246: The type or namespace name 'IEditableAsset' could not be found (are you missing a using directive or an assembly reference?)
100>D:\Work\IOS-IG-SimHost-FDP-2\Hrot\Editor\Hrot.Editor.AiShared.Tests\Blackboard\UnusedVariableDiagnosticTests.cs(13,57,13,80): error CS0246: The type or namespace name 'IBlackboardManagedAsset' could not be found (are you missing a using directive or an assembly reference?)
100>D:\Work\IOS-IG-SimHost-FDP-2\Hrot\Editor\Hrot.Editor.AiShared.Tests\Blackboard\BlackboardAggregatorServiceTests.cs(50,31,50,45): error CS0246: The type or namespace name 'IEditableAsset' could not be found (are you missing a using directive or an assembly reference?)
100>D:\Work\IOS-IG-SimHost-FDP-2\Hrot\Editor\Hrot.Editor.AiShared.Tests\Comparison\ComparisonExportBuilderTests.cs(20,44,20,62): error CS0246: The type or namespace name 'AssetExportRequest' could not be found (are you missing a using directive or an assembly reference?)
100>D:\Work\IOS-IG-SimHost-FDP-2\Hrot\Editor\Hrot.Editor.AiShared.Tests\Comparison\ComparisonExportBuilderTests.cs(20,16,20,34): error CS0246: The type or namespace name 'SanitizationResult' could not be found (are you missing a using directive or an assembly reference?)
100>D:\Work\IOS-IG-SimHost-FDP-2\Hrot\Editor\Hrot.Editor.AiShared.Tests\Blackboard\BlackboardVariableWiringTests.cs(77,33,77,56): error CS0246: The type or namespace name 'BlackboardVariableEntry' could not be found (are you missing a using directive or an assembly reference?)
100>D:\Work\IOS-IG-SimHost-FDP-2\Hrot\Editor\Hrot.Editor.AiShared.Tests\Comparison\ComparisonToolbarActionTests.cs(29,16,29,25): error CS0246: The type or namespace name 'AssetKind' could not be found (are you missing a using directive or an assembly reference?)
100>D:\Work\IOS-IG-SimHost-FDP-2\Hrot\Editor\Hrot.Editor.AiShared.Tests\Comparison\ExportDeliveryModalTests.cs(21,20,21,44): error CS0246: The type or namespace name 'ExportDeliveryModalState' could not be found (are you missing a using directive or an assembly reference?)
100>D:\Work\IOS-IG-SimHost-FDP-2\Hrot\Editor\Hrot.Editor.AiShared.Tests\Blackboard\RemoveVariablesTests.cs(17,12,17,21): error CS0246: The type or namespace name 'AssetKind' could not be found (are you missing a using directive or an assembly reference?)
100>D:\Work\IOS-IG-SimHost-FDP-2\Hrot\Editor\Hrot.Editor.AiShared.Tests\Windows\AiWatchBreakpointsWindowTests.cs(32,22,32,31): error CS0246: The type or namespace name 'IconAtlas' could not be found (are you missing a using directive or an assembly reference?)
100>D:\Work\IOS-IG-SimHost-FDP-2\Hrot\Editor\Hrot.Editor.AiShared.Tests\Refactor\RefactorServiceTests.cs(45,26,45,40): error CS0246: The type or namespace name 'IEditableAsset' could not be found (are you missing a using directive or an assembly reference?)
100>D:\Work\IOS-IG-SimHost-FDP-2\Hrot\Editor\Hrot.Editor.AiShared.Tests\References\ReferenceCatalogTests.cs(205,30,205,44): error CS0246: The type or namespace name 'IEditableAsset' could not be found (are you missing a using directive or an assembly reference?)
100>D:\Work\IOS-IG-SimHost-FDP-2\Hrot\Editor\Hrot.Editor.AiShared.Tests\Windows\AiWatchBreakpointsWindowTests.cs(40,48,40,64): error CS0246: The type or namespace name 'IRefactorService' could not be found (are you missing a using directive or an assembly reference?)
100>D:\Work\IOS-IG-SimHost-FDP-2\Hrot\Editor\Hrot.Editor.AiShared.Tests\Blackboard\RemoveVariablesTests.cs(23,26,23,49): error CS0246: The type or namespace name 'BlackboardVariableEntry' could not be found (are you missing a using directive or an assembly reference?)
100>D:\Work\IOS-IG-SimHost-FDP-2\Hrot\Editor\Hrot.Editor.AiShared.Tests\Refactor\RefactorServiceTests.cs(48,26,48,40): error CS0246: The type or namespace name 'IEditableAsset' could not be found (are you missing a using directive or an assembly reference?)
100>D:\Work\IOS-IG-SimHost-FDP-2\Hrot\Editor\Hrot.Editor.AiShared.Tests\Blackboard\BlackboardVariableWiringTests.cs(83,30,83,52): error CS0246: The type or namespace name 'BlackboardAliasBinding' could not be found (are you missing a using directive or an assembly reference?)
100>D:\Work\IOS-IG-SimHost-FDP-2\Hrot\Editor\Hrot.Editor.AiShared.Tests\Windows\AssetBrowserWindowTests.cs(12,41,12,57): error CS0246: The type or namespace name 'IRefactorService' could not be found (are you missing a using directive or an assembly reference?)
100>D:\Work\IOS-IG-SimHost-FDP-2\Hrot\Editor\Hrot.Editor.AiShared.Tests\Refactor\RefactorServiceTests.cs(51,35,51,49): error CS0246: The type or namespace name 'IEditableAsset' could not be found (are you missing a using directive or an assembly reference?)
100>D:\Work\IOS-IG-SimHost-FDP-2\Hrot\Editor\Hrot.Editor.AiShared.Tests\Blackboard\RemoveVariablesTests.cs(29,29,29,52): error CS0246: The type or namespace name 'BlackboardVariableEntry' could not be found (are you missing a using directive or an assembly reference?)
100>D:\Work\IOS-IG-SimHost-FDP-2\Hrot\Editor\Hrot.Editor.AiShared.Tests\Blackboard\UnusedVariableDiagnosticTests.cs(15,27,15,50): error CS0246: The type or namespace name 'BlackboardVariableEntry' could not be found (are you missing a using directive or an assembly reference?)
100>D:\Work\IOS-IG-SimHost-FDP-2\Hrot\Editor\Hrot.Editor.AiShared.Tests\Windows\AiWatchBreakpointsWindowTests.cs(42,30,42,48): error CS0246: The type or namespace name 'AssetReferenceInfo' could not be found (are you missing a using directive or an assembly reference?)
100>D:\Work\IOS-IG-SimHost-FDP-2\Hrot\Editor\Hrot.Editor.AiShared.Tests\Refactor\RefactorServiceTests.cs(63,40,63,56): error CS0246: The type or namespace name 'IAssetSubElement' could not be found (are you missing a using directive or an assembly reference?)
100>D:\Work\IOS-IG-SimHost-FDP-2\Hrot\Editor\Hrot.Editor.AiShared.Tests\Comparison\ComparisonToolbarActionTests.cs(31,44,31,62): error CS0246: The type or namespace name 'AssetExportRequest' could not be found (are you missing a using directive or an assembly reference?)
100>D:\Work\IOS-IG-SimHost-FDP-2\Hrot\Editor\Hrot.Editor.AiShared.Tests\Comparison\ComparisonToolbarActionTests.cs(31,16,31,34): error CS0246: The type or namespace name 'SanitizationResult' could not be found (are you missing a using directive or an assembly reference?)
100>D:\Work\IOS-IG-SimHost-FDP-2\Hrot\Editor\Hrot.Editor.AiShared.Tests\Blackboard\BlackboardAggregatorServiceTests.cs(53,13,53,27): error CS0246: The type or namespace name 'IEditableAsset' could not be found (are you missing a using directive or an assembly reference?)
100>D:\Work\IOS-IG-SimHost-FDP-2\Hrot\Editor\Hrot.Editor.AiShared.Tests\Blackboard\BlackboardAggregatorServiceTests.cs(54,13,54,34): error CS0246: The type or namespace name 'IActionSchemaExporter' could not be found (are you missing a using directive or an assembly reference?)
100>D:\Work\IOS-IG-SimHost-FDP-2\Hrot\Editor\Hrot.Editor.AiShared.Tests\Blackboard\BlackboardAggregatorServiceTests.cs(55,13,55,26): error CS0246: The type or namespace name 'IAssetCatalog' could not be found (are you missing a using directive or an assembly reference?)
100>D:\Work\IOS-IG-SimHost-FDP-2\Hrot\Editor\Hrot.Editor.AiShared.Tests\Blackboard\BlackboardAggregatorServiceTests.cs(52,16,52,33): error CS0246: The type or namespace name 'AggregationResult' could not be found (are you missing a using directive or an assembly reference?)
100>D:\Work\IOS-IG-SimHost-FDP-2\Hrot\Editor\Hrot.Editor.AiShared.Tests\Windows\AiWatchBreakpointsWindowTests.cs(43,30,43,48): error CS0246: The type or namespace name 'AssetReferenceInfo' could not be found (are you missing a using directive or an assembly reference?)
100>D:\Work\IOS-IG-SimHost-FDP-2\Hrot\Editor\Hrot.Editor.AiShared.Tests\Windows\AssetBrowserWindowTests.cs(14,26,14,44): error CS0246: The type or namespace name 'AssetReferenceInfo' could not be found (are you missing a using directive or an assembly reference?)
100>D:\Work\IOS-IG-SimHost-FDP-2\Hrot\Editor\Hrot.Editor.AiShared.Tests\Windows\AssetBrowserWindowTests.cs(30,45,30,65): error CS0246: The type or namespace name 'ILiveSessionProvider' could not be found (are you missing a using directive or an assembly reference?)
100>D:\Work\IOS-IG-SimHost-FDP-2\Hrot\Editor\Hrot.Editor.AiShared.Tests\Blackboard\RemoveVariablesTests.cs(65,26,65,48): error CS0246: The type or namespace name 'BlackboardAliasBinding' could not be found (are you missing a using directive or an assembly reference?)
100>D:\Work\IOS-IG-SimHost-FDP-2\Hrot\Editor\Hrot.Editor.AiShared.Tests\Blackboard\BlackboardVariableWiringTests.cs(84,51,84,73): error CS0246: The type or namespace name 'BlackboardAliasBinding' could not be found (are you missing a using directive or an assembly reference?)
100>D:\Work\IOS-IG-SimHost-FDP-2\Hrot\Editor\Hrot.Editor.AiShared.Tests\Blackboard\BlackboardAggregatorServiceTests.cs(63,48,63,77): error CS0246: The type or namespace name 'IBlackboardAggregatorStrategy' could not be found (are you missing a using directive or an assembly reference?)
100>D:\Work\IOS-IG-SimHost-FDP-2\Hrot\Editor\Hrot.Editor.AiShared.Tests\Blackboard\UnusedVariableDiagnosticTests.cs(20,12,20,21): error CS0246: The type or namespace name 'AssetKind' could not be found (are you missing a using directive or an assembly reference?)
100>D:\Work\IOS-IG-SimHost-FDP-2\Hrot\Editor\Hrot.Editor.AiShared.Tests\Refactor\RefactorServiceTests.cs(55,12,55,21): error CS0246: The type or namespace name 'AssetKind' could not be found (are you missing a using directive or an assembly reference?)
100>D:\Work\IOS-IG-SimHost-FDP-2\Hrot\Editor\Hrot.Editor.AiShared.Tests\Windows\AssetBrowserWindowTests.cs(15,26,15,44): error CS0246: The type or namespace name 'AssetReferenceInfo' could not be found (are you missing a using directive or an assembly reference?)
100>D:\Work\IOS-IG-SimHost-FDP-2\Hrot\Editor\Hrot.Editor.AiShared.Tests\Refactor\RefactorServiceTests.cs(66,12,66,26): error CS0246: The type or namespace name 'SubElementKind' could not be found (are you missing a using directive or an assembly reference?)
100>D:\Work\IOS-IG-SimHost-FDP-2\Hrot\Editor\Hrot.Editor.AiShared.Tests\Blackboard\RemoveVariablesTests.cs(67,47,67,69): error CS0246: The type or namespace name 'BlackboardAliasBinding' could not be found (are you missing a using directive or an assembly reference?)
100>D:\Work\IOS-IG-SimHost-FDP-2\Hrot\Editor\Hrot.Editor.AiShared.Tests\Windows\AiWatchBreakpointsWindowTests.cs(44,66,44,81): error CS0246: The type or namespace name 'RefactorOptions' could not be found (are you missing a using directive or an assembly reference?)
100>D:\Work\IOS-IG-SimHost-FDP-2\Hrot\Editor\Hrot.Editor.AiShared.Tests\Windows\AiWatchBreakpointsWindowTests.cs(44,16,44,31): error CS0246: The type or namespace name 'RefactorPreview' could not be found (are you missing a using directive or an assembly reference?)
100>D:\Work\IOS-IG-SimHost-FDP-2\Hrot\Editor\Hrot.Editor.AiShared.Tests\Blackboard\BlackboardAggregatorServiceTests.cs(65,31,65,45): error CS0246: The type or namespace name 'IEditableAsset' could not be found (are you missing a using directive or an assembly reference?)
100>D:\Work\IOS-IG-SimHost-FDP-2\Hrot\Editor\Hrot.Editor.AiShared.Tests\Windows\AiGraphCanvasWindowTests.cs(63,36,63,46): error CS0246: The type or namespace name 'INodeModel' could not be found (are you missing a using directive or an assembly reference?)
100>D:\Work\IOS-IG-SimHost-FDP-2\Hrot\Editor\Hrot.Editor.AiShared.Tests\Blackboard\UnusedVariableDiagnosticTests.cs(26,26,26,49): error CS0246: The type or namespace name 'BlackboardVariableEntry' could not be found (are you missing a using directive or an assembly reference?)
100>D:\Work\IOS-IG-SimHost-FDP-2\Hrot\Editor\Hrot.Editor.AiShared.Tests\Windows\AssetBrowserWindowTests.cs(35,31,35,45): error CS0246: The type or namespace name 'IEditableAsset' could not be found (are you missing a using directive or an assembly reference?)
100>D:\Work\IOS-IG-SimHost-FDP-2\Hrot\Editor\Hrot.Editor.AiShared.Tests\Windows\AssetBrowserWindowTests.cs(16,72,16,87): error CS0246: The type or namespace name 'RefactorOptions' could not be found (are you missing a using directive or an assembly reference?)
100>D:\Work\IOS-IG-SimHost-FDP-2\Hrot\Editor\Hrot.Editor.AiShared.Tests\Windows\AssetBrowserWindowTests.cs(16,12,16,27): error CS0246: The type or namespace name 'RefactorPreview' could not be found (are you missing a using directive or an assembly reference?)
100>D:\Work\IOS-IG-SimHost-FDP-2\Hrot\Editor\Hrot.Editor.AiShared.Tests\Windows\AiWatchBreakpointsWindowTests.cs(46,43,46,58): error CS0246: The type or namespace name 'RefactorPreview' could not be found (are you missing a using directive or an assembly reference?)
100>D:\Work\IOS-IG-SimHost-FDP-2\Hrot\Editor\Hrot.Editor.AiShared.Tests\Windows\AiWatchBreakpointsWindowTests.cs(46,16,46,30): error CS0246: The type or namespace name 'RefactorResult' could not be found (are you missing a using directive or an assembly reference?)
100>D:\Work\IOS-IG-SimHost-FDP-2\Hrot\Editor\Hrot.Editor.AiShared.Tests\Comparison\ResponseAssetMatcherTests.cs(8,20,8,36): error CS0246: The type or namespace name 'ComparisonChange' could not be found (are you missing a using directive or an assembly reference?)
100>D:\Work\IOS-IG-SimHost-FDP-2\Hrot\Editor\Hrot.Editor.AiShared.Tests\Windows\AiGraphCanvasWindowTests.cs(64,36,64,46): error CS0246: The type or namespace name 'ILinkModel' could not be found (are you missing a using directive or an assembly reference?)
100>D:\Work\IOS-IG-SimHost-FDP-2\Hrot\Editor\Hrot.Editor.AiShared.Tests\Windows\AssetBrowserWindowTests.cs(18,39,18,54): error CS0246: The type or namespace name 'RefactorPreview' could not be found (are you missing a using directive or an assembly reference?)
100>D:\Work\IOS-IG-SimHost-FDP-2\Hrot\Editor\Hrot.Editor.AiShared.Tests\Windows\AssetBrowserWindowTests.cs(18,12,18,26): error CS0246: The type or namespace name 'RefactorResult' could not be found (are you missing a using directive or an assembly reference?)
100>D:\Work\IOS-IG-SimHost-FDP-2\Hrot\Editor\Hrot.Editor.AiShared.Tests\Blackboard\UnusedVariableDiagnosticTests.cs(36,29,36,52): error CS0246: The type or namespace name 'BlackboardVariableEntry' could not be found (are you missing a using directive or an assembly reference?)
100>D:\Work\IOS-IG-SimHost-FDP-2\Hrot\Editor\Hrot.Editor.AiShared.Tests\Windows\AssetBrowserWindowTests.cs(37,22,37,31): error CS0246: The type or namespace name 'AssetKind' could not be found (are you missing a using directive or an assembly reference?)
100>D:\Work\IOS-IG-SimHost-FDP-2\Hrot\Editor\Hrot.Editor.AiShared.Tests\Comparison\ResponseAssetMatcherTests.cs(19,20,19,38): error CS0246: The type or namespace name 'ComparisonResponse' could not be found (are you missing a using directive or an assembly reference?)
100>D:\Work\IOS-IG-SimHost-FDP-2\Hrot\Editor\Hrot.Editor.AiShared.Tests\Comparison\SanitizerRegistryTests.cs(8,42,8,67): error CS0246: The type or namespace name 'IAssetComparisonSanitizer' could not be found (are you missing a using directive or an assembly reference?)
100>D:\Work\IOS-IG-SimHost-FDP-2\Hrot\Editor\Hrot.Editor.AiShared.Tests\Refactor\RefactorServiceTests.cs(81,9,81,30): error CS0246: The type or namespace name 'AtomicMultiFileWriter' could not be found (are you missing a using directive or an assembly reference?)
100>D:\Work\IOS-IG-SimHost-FDP-2\Hrot\Editor\Hrot.Editor.AiShared.Tests\Refactor\RefactorServiceTests.cs(78,20,78,35): error CS0246: The type or namespace name 'RefactorService' could not be found (are you missing a using directive or an assembly reference?)
100>D:\Work\IOS-IG-SimHost-FDP-2\Hrot\Editor\Hrot.Editor.AiShared.Tests\Windows\AssetBrowserWindowTests.cs(45,12,45,21): error CS0246: The type or namespace name 'AssetKind' could not be found (are you missing a using directive or an assembly reference?)
100>D:\Work\IOS-IG-SimHost-FDP-2\Hrot\Editor\Hrot.Editor.AiShared.Tests\Blackboard\BlackboardAggregatorServiceTests.cs(68,13,68,27): error CS0246: The type or namespace name 'IEditableAsset' could not be found (are you missing a using directive or an assembly reference?)
100>D:\Work\IOS-IG-SimHost-FDP-2\Hrot\Editor\Hrot.Editor.AiShared.Tests\Blackboard\BlackboardAggregatorServiceTests.cs(69,13,69,34): error CS0246: The type or namespace name 'IActionSchemaExporter' could not be found (are you missing a using directive or an assembly reference?)
100>D:\Work\IOS-IG-SimHost-FDP-2\Hrot\Editor\Hrot.Editor.AiShared.Tests\Blackboard\BlackboardAggregatorServiceTests.cs(70,13,70,26): error CS0246: The type or namespace name 'IAssetCatalog' could not be found (are you missing a using directive or an assembly reference?)
100>D:\Work\IOS-IG-SimHost-FDP-2\Hrot\Editor\Hrot.Editor.AiShared.Tests\Blackboard\BlackboardAggregatorServiceTests.cs(67,16,67,33): error CS0246: The type or namespace name 'AggregationResult' could not be found (are you missing a using directive or an assembly reference?)
100>D:\Work\IOS-IG-SimHost-FDP-2\Hrot\Editor\Hrot.Editor.AiShared.Tests\Windows\AiWatchBreakpointsWindowTests.cs(47,53,47,66): error CS0246: The type or namespace name 'DeleteOptions' could not be found (are you missing a using directive or an assembly reference?)
100>D:\Work\IOS-IG-SimHost-FDP-2\Hrot\Editor\Hrot.Editor.AiShared.Tests\Windows\AiWatchBreakpointsWindowTests.cs(47,16,47,29): error CS0246: The type or namespace name 'DeletePreview' could not be found (are you missing a using directive or an assembly reference?)
100>D:\Work\IOS-IG-SimHost-FDP-2\Hrot\Editor\Hrot.Editor.AiShared.Tests\Windows\AiGraphCanvasWindowTests.cs(65,36,65,49): error CS0246: The type or namespace name 'ICommentModel' could not be found (are you missing a using directive or an assembly reference?)
100>D:\Work\IOS-IG-SimHost-FDP-2\Hrot\Editor\Hrot.Editor.AiShared.Tests\Windows\AssetBrowserWindowTests.cs(20,54,20,67): error CS0246: The type or namespace name 'DeleteOptions' could not be found (are you missing a using directive or an assembly reference?)
100>D:\Work\IOS-IG-SimHost-FDP-2\Hrot\Editor\Hrot.Editor.AiShared.Tests\Windows\AssetBrowserWindowTests.cs(20,12,20,25): error CS0246: The type or namespace name 'DeletePreview' could not be found (are you missing a using directive or an assembly reference?)
100>D:\Work\IOS-IG-SimHost-FDP-2\Hrot\Editor\Hrot.Editor.AiShared.Tests\Comparison\SanitizerRegistryTests.cs(10,16,10,25): error CS0246: The type or namespace name 'AssetKind' could not be found (are you missing a using directive or an assembly reference?)
100>D:\Work\IOS-IG-SimHost-FDP-2\Hrot\Editor\Hrot.Editor.AiShared.Tests\Blackboard\UnusedVariableDiagnosticTests.cs(46,26,46,48): error CS0246: The type or namespace name 'BlackboardAliasBinding' could not be found (are you missing a using directive or an assembly reference?)
100>D:\Work\IOS-IG-SimHost-FDP-2\Hrot\Editor\Hrot.Editor.AiShared.Tests\Comparison\StaleBadgeWatcherTests.cs(8,20,8,42): error CS0246: The type or namespace name 'ComparisonSessionState' could not be found (are you missing a using directive or an assembly reference?)
100>D:\Work\IOS-IG-SimHost-FDP-2\Hrot\Editor\Hrot.Editor.AiShared.Tests\Windows\BlackboardAuthoringWindowBindingTests.cs(28,45,28,61): error CS0246: The type or namespace name 'IRefactorService' could not be found (are you missing a using directive or an assembly reference?)
100>D:\Work\IOS-IG-SimHost-FDP-2\Hrot\Editor\Hrot.Editor.AiShared.Tests\Windows\AssetBrowserWindowTests.cs(56,20,56,38): error CS0246: The type or namespace name 'AssetBrowserWindow' could not be found (are you missing a using directive or an assembly reference?)
100>D:\Work\IOS-IG-SimHost-FDP-2\Hrot\Editor\Hrot.Editor.AiShared.Tests\Windows\AssetBrowserWindowTests.cs(22,39,22,52): error CS0246: The type or namespace name 'DeletePreview' could not be found (are you missing a using directive or an assembly reference?)
100>D:\Work\IOS-IG-SimHost-FDP-2\Hrot\Editor\Hrot.Editor.AiShared.Tests\Windows\AssetBrowserWindowTests.cs(22,12,22,26): error CS0246: The type or namespace name 'RefactorResult' could not be found (are you missing a using directive or an assembly reference?)
100>D:\Work\IOS-IG-SimHost-FDP-2\Hrot\Editor\Hrot.Editor.AiShared.Tests\Windows\AssetBrowserWindowTests.cs(37,39,37,48): error CS0103: The name 'AssetKind' does not exist in the current context
100>D:\Work\IOS-IG-SimHost-FDP-2\Hrot\Editor\Hrot.Editor.AiShared.Tests\Blackboard\UnusedVariableDiagnosticTests.cs(49,47,49,69): error CS0246: The type or namespace name 'BlackboardAliasBinding' could not be found (are you missing a using directive or an assembly reference?)
100>D:\Work\IOS-IG-SimHost-FDP-2\Hrot\Editor\Hrot.Editor.AiShared.Tests\Comparison\SanitizerRegistryTests.cs(11,44,11,62): error CS0246: The type or namespace name 'AssetExportRequest' could not be found (are you missing a using directive or an assembly reference?)
100>D:\Work\IOS-IG-SimHost-FDP-2\Hrot\Editor\Hrot.Editor.AiShared.Tests\Comparison\SanitizerRegistryTests.cs(11,16,11,34): error CS0246: The type or namespace name 'SanitizationResult' could not be found (are you missing a using directive or an assembly reference?)
100>D:\Work\IOS-IG-SimHost-FDP-2\Hrot\Editor\Hrot.Editor.AiShared.Tests\Windows\AiWatchBreakpointsWindowTests.cs(49,43,49,56): error CS0246: The type or namespace name 'DeletePreview' could not be found (are you missing a using directive or an assembly reference?)
100>D:\Work\IOS-IG-SimHost-FDP-2\Hrot\Editor\Hrot.Editor.AiShared.Tests\Windows\AiWatchBreakpointsWindowTests.cs(49,16,49,30): error CS0246: The type or namespace name 'RefactorResult' could not be found (are you missing a using directive or an assembly reference?)
100>D:\Work\IOS-IG-SimHost-FDP-2\Hrot\Editor\Hrot.Editor.AiShared.Tests\Windows\BlackboardAuthoringWindowBindingTests.cs(82,20,82,36): error CS0246: The type or namespace name 'IRefactorService' could not be found (are you missing a using directive or an assembly reference?)
100>D:\Work\IOS-IG-SimHost-FDP-2\Hrot\Editor\Hrot.Editor.AiShared.Tests\Windows\BlackboardAuthoringWindowBindingTests.cs(50,37,50,51): error CS0246: The type or namespace name 'IEditableAsset' could not be found (are you missing a using directive or an assembly reference?)
100>D:\Work\IOS-IG-SimHost-FDP-2\Hrot\Editor\Hrot.Editor.AiShared.Tests\Windows\BlackboardAuthoringWindowBindingTests.cs(50,53,50,76): error CS0246: The type or namespace name 'IBlackboardManagedAsset' could not be found (are you missing a using directive or an assembly reference?)
100>D:\Work\IOS-IG-SimHost-FDP-2\Hrot\Editor\Hrot.Editor.AiShared.Tests\Windows\AssetBrowserWindowTests.cs(103,20,103,37): error CS0246: The type or namespace name 'AiDocumentManager' could not be found (are you missing a using directive or an assembly reference?)
100>D:\Work\IOS-IG-SimHost-FDP-2\Hrot\Editor\Hrot.Editor.AiShared.Tests\Windows\BlackboardAuthoringWindowBindingTests.cs(30,26,30,44): error CS0246: The type or namespace name 'AssetReferenceInfo' could not be found (are you missing a using directive or an assembly reference?)
100>D:\Work\IOS-IG-SimHost-FDP-2\Hrot\Editor\Hrot.Editor.AiShared.Tests\Windows\BlackboardAuthoringWindowTests.cs(18,46,18,62): error CS0246: The type or namespace name 'IRefactorService' could not be found (are you missing a using directive or an assembly reference?)
100>D:\Work\IOS-IG-SimHost-FDP-2\Hrot\Editor\Hrot.Editor.AiShared.Tests\Windows\AssetBrowserWindowTests.cs(110,20,110,34): error CS0246: The type or namespace name 'IEditableAsset' could not be found (are you missing a using directive or an assembly reference?)
100>D:\Work\IOS-IG-SimHost-FDP-2\Hrot\Editor\Hrot.Editor.AiShared.Tests\Windows\AssetBrowserWindowTests.cs(24,83,24,98): error CS0246: The type or namespace name 'RefactorOptions' could not be found (are you missing a using directive or an assembly reference?)
100>D:\Work\IOS-IG-SimHost-FDP-2\Hrot\Editor\Hrot.Editor.AiShared.Tests\Windows\AssetBrowserWindowTests.cs(24,17,24,32): error CS0246: The type or namespace name 'RefactorPreview' could not be found (are you missing a using directive or an assembly reference?)
100>D:\Work\IOS-IG-SimHost-FDP-2\Hrot\Editor\Hrot.Editor.AiShared.Tests\Windows\AiGraphCanvasWindowTests.cs(66,38,66,44): error CS0246: The type or namespace name 'NodeId' could not be found (are you missing a using directive or an assembly reference?)
100>D:\Work\IOS-IG-SimHost-FDP-2\Hrot\Editor\Hrot.Editor.AiShared.Tests\Windows\AiGraphCanvasWindowTests.cs(66,16,66,26): error CS0246: The type or namespace name 'INodeModel' could not be found (are you missing a using directive or an assembly reference?)
100>D:\Work\IOS-IG-SimHost-FDP-2\Hrot\Editor\Hrot.Editor.AiShared.Tests\Windows\BlackboardAuthoringWindowBindingTests.cs(31,26,31,44): error CS0246: The type or namespace name 'AssetReferenceInfo' could not be found (are you missing a using directive or an assembly reference?)
100>D:\Work\IOS-IG-SimHost-FDP-2\Hrot\Editor\Hrot.Editor.AiShared.Tests\Windows\AssetBrowserWindowTests.cs(113,20,113,34): error CS0246: The type or namespace name 'IEditableAsset' could not be found (are you missing a using directive or an assembly reference?)
100>D:\Work\IOS-IG-SimHost-FDP-2\Hrot\Editor\Hrot.Editor.AiShared.Tests\Windows\BlackboardAuthoringWindowTests.cs(38,41,38,55): error CS0246: The type or namespace name 'IEditableAsset' could not be found (are you missing a using directive or an assembly reference?)
100>D:\Work\IOS-IG-SimHost-FDP-2\Hrot\Editor\Hrot.Editor.AiShared.Tests\Windows\BlackboardAuthoringWindowTests.cs(38,57,38,80): error CS0246: The type or namespace name 'IBlackboardManagedAsset' could not be found (are you missing a using directive or an assembly reference?)
100>D:\Work\IOS-IG-SimHost-FDP-2\Hrot\Editor\Hrot.Editor.AiShared.Tests\Windows\BlackboardAuthoringWindowTests.cs(66,44,66,58): error CS0246: The type or namespace name 'IEditableAsset' could not be found (are you missing a using directive or an assembly reference?)
100>D:\Work\IOS-IG-SimHost-FDP-2\Hrot\Editor\Hrot.Editor.AiShared.Tests\Windows\BlackboardAuthoringWindowTests.cs(20,26,20,44): error CS0246: The type or namespace name 'AssetReferenceInfo' could not be found (are you missing a using directive or an assembly reference?)
100>D:\Work\IOS-IG-SimHost-FDP-2\Hrot\Editor\Hrot.Editor.AiShared.Tests\Windows\BlackboardAuthoringWindowBindingTests.cs(54,12,54,21): error CS0246: The type or namespace name 'AssetKind' could not be found (are you missing a using directive or an assembly reference?)
100>D:\Work\IOS-IG-SimHost-FDP-2\Hrot\Editor\Hrot.Editor.AiShared.Tests\Windows\BlackboardAuthoringWindowBindingTests.cs(88,86,88,95): error CS0246: The type or namespace name 'AssetKind' could not be found (are you missing a using directive or an assembly reference?)
100>D:\Work\IOS-IG-SimHost-FDP-2\Hrot\Editor\Hrot.Editor.AiShared.Tests\Windows\BlackboardAuthoringWindowBindingTests.cs(88,21,88,38): error CS0246: The type or namespace name 'AiDocumentManager' could not be found (are you missing a using directive or an assembly reference?)
100>D:\Work\IOS-IG-SimHost-FDP-2\Hrot\Editor\Hrot.Editor.AiShared.Tests\Windows\BlackboardAuthoringWindowBindingTests.cs(88,44,88,64): error CS0246: The type or namespace name 'EditorSelectionStore' could not be found (are you missing a using directive or an assembly reference?)
100>D:\Work\IOS-IG-SimHost-FDP-2\Hrot\Editor\Hrot.Editor.AiShared.Tests\Windows\BlackboardAuthoringWindowTests.cs(21,26,21,44): error CS0246: The type or namespace name 'AssetReferenceInfo' could not be found (are you missing a using directive or an assembly reference?)
100>D:\Work\IOS-IG-SimHost-FDP-2\Hrot\Editor\Hrot.Editor.AiShared.Tests\Windows\BlackboardAuthoringWindowBindingTests.cs(32,62,32,77): error CS0246: The type or namespace name 'RefactorOptions' could not be found (are you missing a using directive or an assembly reference?)
100>D:\Work\IOS-IG-SimHost-FDP-2\Hrot\Editor\Hrot.Editor.AiShared.Tests\Windows\BlackboardAuthoringWindowBindingTests.cs(32,12,32,27): error CS0246: The type or namespace name 'RefactorPreview' could not be found (are you missing a using directive or an assembly reference?)
100>D:\Work\IOS-IG-SimHost-FDP-2\Hrot\Editor\Hrot.Editor.AiShared.Tests\Windows\BlackboardAuthoringWindowBindingTests.cs(59,26,59,49): error CS0246: The type or namespace name 'BlackboardVariableEntry' could not be found (are you missing a using directive or an assembly reference?)
100>D:\Work\IOS-IG-SimHost-FDP-2\Hrot\Editor\Hrot.Editor.AiShared.Tests\Windows\BlackboardAuthoringWindowTests.cs(70,12,70,21): error CS0246: The type or namespace name 'AssetKind' could not be found (are you missing a using directive or an assembly reference?)
100>D:\Work\IOS-IG-SimHost-FDP-2\Hrot\Editor\Hrot.Editor.AiShared.Tests\Windows\InspectorWindowTests.cs(9,45,9,61): error CS0246: The type or namespace name 'IRefactorService' could not be found (are you missing a using directive or an assembly reference?)
100>D:\Work\IOS-IG-SimHost-FDP-2\Hrot\Editor\Hrot.Editor.AiShared.Tests\Windows\InspectorWindowTests.cs(29,20,29,35): error CS0246: The type or namespace name 'InspectorWindow' could not be found (are you missing a using directive or an assembly reference?)
100>D:\Work\IOS-IG-SimHost-FDP-2\Hrot\Editor\Hrot.Editor.AiShared.Tests\Windows\BlackboardAuthoringWindowTests.cs(42,12,42,21): error CS0246: The type or namespace name 'AssetKind' could not be found (are you missing a using directive or an assembly reference?)
100>D:\Work\IOS-IG-SimHost-FDP-2\Hrot\Editor\Hrot.Editor.AiShared.Tests\Windows\BlackboardAuthoringWindowBindingTests.cs(64,29,64,52): error CS0246: The type or namespace name 'BlackboardVariableEntry' could not be found (are you missing a using directive or an assembly reference?)
100>D:\Work\IOS-IG-SimHost-FDP-2\Hrot\Editor\Hrot.Editor.AiShared.Tests\Windows\BlackboardAuthoringWindowTests.cs(22,72,22,87): error CS0246: The type or namespace name 'RefactorOptions' could not be found (are you missing a using directive or an assembly reference?)
100>D:\Work\IOS-IG-SimHost-FDP-2\Hrot\Editor\Hrot.Editor.AiShared.Tests\Windows\BlackboardAuthoringWindowTests.cs(22,12,22,27): error CS0246: The type or namespace name 'RefactorPreview' could not be found (are you missing a using directive or an assembly reference?)
100>D:\Work\IOS-IG-SimHost-FDP-2\Hrot\Editor\Hrot.Editor.AiShared.Tests\Windows\BlackboardAuthoringWindowBindingTests.cs(34,39,34,54): error CS0246: The type or namespace name 'RefactorPreview' could not be found (are you missing a using directive or an assembly reference?)
100>D:\Work\IOS-IG-SimHost-FDP-2\Hrot\Editor\Hrot.Editor.AiShared.Tests\Windows\BlackboardAuthoringWindowBindingTests.cs(34,12,34,26): error CS0246: The type or namespace name 'RefactorResult' could not be found (are you missing a using directive or an assembly reference?)
100>D:\Work\IOS-IG-SimHost-FDP-2\Hrot\Editor\Hrot.Editor.AiShared.Tests\Windows\AssetBrowserWindowTests.cs(26,50,26,65): error CS0246: The type or namespace name 'RefactorPreview' could not be found (are you missing a using directive or an assembly reference?)
100>D:\Work\IOS-IG-SimHost-FDP-2\Hrot\Editor\Hrot.Editor.AiShared.Tests\Windows\AssetBrowserWindowTests.cs(26,17,26,31): error CS0246: The type or namespace name 'RefactorResult' could not be found (are you missing a using directive or an assembly reference?)
100>D:\Work\IOS-IG-SimHost-FDP-2\Hrot\Editor\Hrot.Editor.AiShared.Tests\Windows\AiGraphCanvasWindowTests.cs(67,37,67,42): error CS0246: The type or namespace name 'PinId' could not be found (are you missing a using directive or an assembly reference?)
100>D:\Work\IOS-IG-SimHost-FDP-2\Hrot\Editor\Hrot.Editor.AiShared.Tests\Windows\AiGraphCanvasWindowTests.cs(67,16,67,25): error CS0246: The type or namespace name 'IPinModel' could not be found (are you missing a using directive or an assembly reference?)
100>D:\Work\IOS-IG-SimHost-FDP-2\Hrot\Editor\Hrot.Editor.AiShared.Tests\Windows\RuntimeInspectorWindowTests.cs(10,20,10,42): error CS0246: The type or namespace name 'RuntimeInspectorWindow' could not be found (are you missing a using directive or an assembly reference?)
100>D:\Work\IOS-IG-SimHost-FDP-2\Hrot\Editor\Hrot.Editor.AiShared.Tests\Windows\InspectorWindowTests.cs(11,26,11,44): error CS0246: The type or namespace name 'AssetReferenceInfo' could not be found (are you missing a using directive or an assembly reference?)
100>D:\Work\IOS-IG-SimHost-FDP-2\Hrot\Editor\Hrot.Editor.AiShared.Tests\Windows\PerspectiveWorkspaceRegistrarTests.cs(26,13,26,26): error CS0246: The type or namespace name 'WindowManager' could not be found (are you missing a using directive or an assembly reference?)
100>D:\Work\IOS-IG-SimHost-FDP-2\Hrot\Editor\Hrot.Editor.AiShared.Tests\Windows\BlackboardAuthoringWindowTests.cs(48,26,48,49): error CS0246: The type or namespace name 'BlackboardVariableEntry' could not be found (are you missing a using directive or an assembly reference?)
100>D:\Work\IOS-IG-SimHost-FDP-2\Hrot\Editor\Hrot.Editor.AiShared.Tests\Windows\BlackboardAuthoringWindowBindingTests.cs(70,26,70,48): error CS0246: The type or namespace name 'BlackboardAliasBinding' could not be found (are you missing a using directive or an assembly reference?)
100>D:\Work\IOS-IG-SimHost-FDP-2\Hrot\Editor\Hrot.Editor.AiShared.Tests\Windows\BlackboardAuthoringWindowTests.cs(24,39,24,54): error CS0246: The type or namespace name 'RefactorPreview' could not be found (are you missing a using directive or an assembly reference?)
100>D:\Work\IOS-IG-SimHost-FDP-2\Hrot\Editor\Hrot.Editor.AiShared.Tests\Windows\BlackboardAuthoringWindowTests.cs(24,12,24,26): error CS0246: The type or namespace name 'RefactorResult' could not be found (are you missing a using directive or an assembly reference?)
100>D:\Work\IOS-IG-SimHost-FDP-2\Hrot\Editor\Hrot.Editor.AiShared.Tests\Windows\BlackboardAuthoringWindowBindingTests.cs(36,49,36,62): error CS0246: The type or namespace name 'DeleteOptions' could not be found (are you missing a using directive or an assembly reference?)
100>D:\Work\IOS-IG-SimHost-FDP-2\Hrot\Editor\Hrot.Editor.AiShared.Tests\Windows\BlackboardAuthoringWindowBindingTests.cs(36,12,36,25): error CS0246: The type or namespace name 'DeletePreview' could not be found (are you missing a using directive or an assembly reference?)
100>D:\Work\IOS-IG-SimHost-FDP-2\Hrot\Editor\Hrot.Editor.AiShared.Tests\Windows\PerspectiveWorkspaceRegistrarTests.cs(28,20,28,36): error CS0246: The type or namespace name 'IRefactorService' could not be found (are you missing a using directive or an assembly reference?)
100>D:\Work\IOS-IG-SimHost-FDP-2\Hrot\Editor\Hrot.Editor.AiShared.Tests\Windows\InspectorWindowTests.cs(12,26,12,44): error CS0246: The type or namespace name 'AssetReferenceInfo' could not be found (are you missing a using directive or an assembly reference?)
100>D:\Work\IOS-IG-SimHost-FDP-2\Hrot\Editor\Hrot.Editor.AiShared.Tests\Windows\BlackboardAuthoringWindowTests.cs(54,29,54,52): error CS0246: The type or namespace name 'BlackboardVariableEntry' could not be found (are you missing a using directive or an assembly reference?)
100>D:\Work\IOS-IG-SimHost-FDP-2\Hrot\Editor\Hrot.Editor.AiShared.Tests\Windows\RuntimeInspectorWindowTests.cs(13,37,13,58): error CS0246: The type or namespace name 'IRuntimeInspectorPane' could not be found (are you missing a using directive or an assembly reference?)
100>D:\Work\IOS-IG-SimHost-FDP-2\Hrot\Editor\Hrot.Editor.AiShared.Tests\Windows\BlackboardAuthoringWindowBindingTests.cs(71,36,71,58): error CS0246: The type or namespace name 'BlackboardAliasBinding' could not be found (are you missing a using directive or an assembly reference?)
100>D:\Work\IOS-IG-SimHost-FDP-2\Hrot\Editor\Hrot.Editor.AiShared.Tests\Windows\AiWatchBreakpointsWindowTests.cs(51,33,51,48): error CS0246: The type or namespace name 'RefactorOptions' could not be found (are you missing a using directive or an assembly reference?)
100>D:\Work\IOS-IG-SimHost-FDP-2\Hrot\Editor\Hrot.Editor.AiShared.Tests\Windows\SharedWindowIdOverrideTests.cs(20,20,20,36): error CS0246: The type or namespace name 'IRefactorService' could not be found (are you missing a using directive or an assembly reference?)
100>D:\Work\IOS-IG-SimHost-FDP-2\Hrot\Editor\Hrot.Editor.AiShared.Tests\Windows\AiWatchBreakpointsWindowTests.cs(50,44,50,59): error CS0246: The type or namespace name 'RefactorPreview' could not be found (are you missing a using directive or an assembly reference?)
100>D:\Work\IOS-IG-SimHost-FDP-2\Hrot\Editor\Hrot.Editor.AiShared.Tests\Windows\TraceTimelineWindowTests.cs(10,20,10,39): error CS0246: The type or namespace name 'TraceTimelineWindow' could not be found (are you missing a using directive or an assembly reference?)
100>D:\Work\IOS-IG-SimHost-FDP-2\Hrot\Editor\Hrot.Editor.AiShared.Tests\Windows\PerspectiveWorkspaceRegistrarTests.cs(67,20,67,49): error CS0246: The type or namespace name 'PerspectiveWorkspaceRegistrar' could not be found (are you missing a using directive or an assembly reference?)
100>D:\Work\IOS-IG-SimHost-FDP-2\Hrot\Editor\Hrot.Editor.AiShared.Tests\Windows\AiGraphCanvasWindowTests.cs(68,38,68,44): error CS0246: The type or namespace name 'LinkId' could not be found (are you missing a using directive or an assembly reference?)
100>D:\Work\IOS-IG-SimHost-FDP-2\Hrot\Editor\Hrot.Editor.AiShared.Tests\Windows\AiGraphCanvasWindowTests.cs(68,16,68,26): error CS0246: The type or namespace name 'ILinkModel' could not be found (are you missing a using directive or an assembly reference?)
100>D:\Work\IOS-IG-SimHost-FDP-2\Hrot\Editor\Hrot.Editor.AiShared.Tests\Windows\BlackboardAuthoringWindowBindingTests.cs(38,39,38,52): error CS0246: The type or namespace name 'DeletePreview' could not be found (are you missing a using directive or an assembly reference?)
100>D:\Work\IOS-IG-SimHost-FDP-2\Hrot\Editor\Hrot.Editor.AiShared.Tests\Windows\BlackboardAuthoringWindowBindingTests.cs(38,12,38,26): error CS0246: The type or namespace name 'RefactorResult' could not be found (are you missing a using directive or an assembly reference?)
100>D:\Work\IOS-IG-SimHost-FDP-2\Hrot\Editor\Hrot.Editor.AiShared.Tests\Windows\BlackboardAuthoringWindowTests.cs(26,54,26,67): error CS0246: The type or namespace name 'DeleteOptions' could not be found (are you missing a using directive or an assembly reference?)
100>D:\Work\IOS-IG-SimHost-FDP-2\Hrot\Editor\Hrot.Editor.AiShared.Tests\Windows\BlackboardAuthoringWindowTests.cs(26,12,26,25): error CS0246: The type or namespace name 'DeletePreview' could not be found (are you missing a using directive or an assembly reference?)
100>D:\Work\IOS-IG-SimHost-FDP-2\Hrot\Editor\Hrot.Editor.AiShared.Tests\Windows\InspectorWindowTests.cs(13,72,13,87): error CS0246: The type or namespace name 'RefactorOptions' could not be found (are you missing a using directive or an assembly reference?)
100>D:\Work\IOS-IG-SimHost-FDP-2\Hrot\Editor\Hrot.Editor.AiShared.Tests\Windows\InspectorWindowTests.cs(13,12,13,27): error CS0246: The type or namespace name 'RefactorPreview' could not be found (are you missing a using directive or an assembly reference?)
100>D:\Work\IOS-IG-SimHost-FDP-2\Hrot\Editor\Hrot.Editor.AiShared.Tests\Windows\BlackboardAuthoringWindowTests.cs(60,26,60,48): error CS0246: The type or namespace name 'BlackboardAliasBinding' could not be found (are you missing a using directive or an assembly reference?)
100>D:\Work\IOS-IG-SimHost-FDP-2\Hrot\Editor\Hrot.Editor.AiShared.Tests\Windows\TraceTimelineWindowTests.cs(13,41,13,59): error CS0246: The type or namespace name 'ITraceLaneProvider' could not be found (are you missing a using directive or an assembly reference?)
100>D:\Work\IOS-IG-SimHost-FDP-2\Hrot\Editor\Hrot.Editor.AiShared.Tests\Windows\SharedWindowIdOverrideTests.cs(25,49,25,65): error CS0246: The type or namespace name 'IRefactorService' could not be found (are you missing a using directive or an assembly reference?)
100>D:\Work\IOS-IG-SimHost-FDP-2\Hrot\Editor\Hrot.Editor.AiShared.Tests\Windows\AiGraphCanvasWindowTests.cs(74,44,74,61): error CS0246: The type or namespace name 'IGraphCommandSink' could not be found (are you missing a using directive or an assembly reference?)
100>D:\Work\IOS-IG-SimHost-FDP-2\Hrot\Editor\Hrot.Editor.AiShared.Tests\Adapters\AIE003_ImGuiInputSourceTests.cs(45,17,45,26): error CS0103: The name 'EditorKey' does not exist in the current context
100>D:\Work\IOS-IG-SimHost-FDP-2\Hrot\Editor\Hrot.Editor.AiShared.Tests\Adapters\AIE003_ImGuiInputSourceTests.cs(46,17,46,26): error CS0103: The name 'EditorKey' does not exist in the current context
100>D:\Work\IOS-IG-SimHost-FDP-2\Hrot\Editor\Hrot.Editor.AiShared.Tests\Adapters\AIE003_ImGuiInputSourceTests.cs(47,17,47,26): error CS0103: The name 'EditorKey' does not exist in the current context
100>D:\Work\IOS-IG-SimHost-FDP-2\Hrot\Editor\Hrot.Editor.AiShared.Tests\Adapters\AIE003_ImGuiInputSourceTests.cs(48,17,48,26): error CS0103: The name 'EditorKey' does not exist in the current context
100>D:\Work\IOS-IG-SimHost-FDP-2\Hrot\Editor\Hrot.Editor.AiShared.Tests\Adapters\AIE003_ImGuiInputSourceTests.cs(49,17,49,26): error CS0103: The name 'EditorKey' does not exist in the current context
100>D:\Work\IOS-IG-SimHost-FDP-2\Hrot\Editor\Hrot.Editor.AiShared.Tests\Adapters\AIE003_ImGuiInputSourceTests.cs(50,17,50,26): error CS0103: The name 'EditorKey' does not exist in the current context
100>D:\Work\IOS-IG-SimHost-FDP-2\Hrot\Editor\Hrot.Editor.AiShared.Tests\Adapters\AIE003_ImGuiInputSourceTests.cs(51,17,51,26): error CS0103: The name 'EditorKey' does not exist in the current context
100>D:\Work\IOS-IG-SimHost-FDP-2\Hrot\Editor\Hrot.Editor.AiShared.Tests\Adapters\AIE003_ImGuiInputSourceTests.cs(52,17,52,26): error CS0103: The name 'EditorKey' does not exist in the current context
100>D:\Work\IOS-IG-SimHost-FDP-2\Hrot\Editor\Hrot.Editor.AiShared.Tests\Adapters\AIE003_ImGuiInputSourceTests.cs(53,17,53,26): error CS0103: The name 'EditorKey' does not exist in the current context
100>D:\Work\IOS-IG-SimHost-FDP-2\Hrot\Editor\Hrot.Editor.AiShared.Tests\Adapters\AIE003_ImGuiInputSourceTests.cs(54,17,54,26): error CS0103: The name 'EditorKey' does not exist in the current context
100>D:\Work\IOS-IG-SimHost-FDP-2\Hrot\Editor\Hrot.Editor.AiShared.Tests\Adapters\AIE003_ImGuiInputSourceTests.cs(55,17,55,26): error CS0103: The name 'EditorKey' does not exist in the current context
100>D:\Work\IOS-IG-SimHost-FDP-2\Hrot\Editor\Hrot.Editor.AiShared.Tests\Adapters\AIE003_ImGuiInputSourceTests.cs(56,17,56,26): error CS0103: The name 'EditorKey' does not exist in the current context
100>D:\Work\IOS-IG-SimHost-FDP-2\Hrot\Editor\Hrot.Editor.AiShared.Tests\Adapters\AIE003_ImGuiInputSourceTests.cs(57,17,57,26): error CS0103: The name 'EditorKey' does not exist in the current context
100>D:\Work\IOS-IG-SimHost-FDP-2\Hrot\Editor\Hrot.Editor.AiShared.Tests\Adapters\AIE003_ImGuiInputSourceTests.cs(58,17,58,26): error CS0103: The name 'EditorKey' does not exist in the current context
100>D:\Work\IOS-IG-SimHost-FDP-2\Hrot\Editor\Hrot.Editor.AiShared.Tests\Windows\BlackboardAuthoringWindowTests.cs(61,47,61,69): error CS0246: The type or namespace name 'BlackboardAliasBinding' could not be found (are you missing a using directive or an assembly reference?)
100>D:\Work\IOS-IG-SimHost-FDP-2\Hrot\Editor\Hrot.Editor.AiShared.Tests\Windows\TraceTimelineWindowTests.cs(15,16,15,25): error CS0246: The type or namespace name 'AssetKind' could not be found (are you missing a using directive or an assembly reference?)
100>D:\Work\IOS-IG-SimHost-FDP-2\Hrot\Editor\Hrot.Editor.AiShared.Tests\Windows\SharedWindowIdOverrideTests.cs(27,30,27,48): error CS0246: The type or namespace name 'AssetReferenceInfo' could not be found (are you missing a using directive or an assembly reference?)
100>D:\Work\IOS-IG-SimHost-FDP-2\Hrot\Editor\Hrot.Editor.AiShared.Tests\Windows\InspectorWindowTests.cs(15,39,15,54): error CS0246: The type or namespace name 'RefactorPreview' could not be found (are you missing a using directive or an assembly reference?)
100>D:\Work\IOS-IG-SimHost-FDP-2\Hrot\Editor\Hrot.Editor.AiShared.Tests\Windows\InspectorWindowTests.cs(15,12,15,26): error CS0246: The type or namespace name 'RefactorResult' could not be found (are you missing a using directive or an assembly reference?)
100>D:\Work\IOS-IG-SimHost-FDP-2\Hrot\Editor\Hrot.Editor.AiShared.Tests\Windows\BlackboardAuthoringWindowBindingTests.cs(40,73,40,88): error CS0246: The type or namespace name 'RefactorOptions' could not be found (are you missing a using directive or an assembly reference?)
100>D:\Work\IOS-IG-SimHost-FDP-2\Hrot\Editor\Hrot.Editor.AiShared.Tests\Windows\BlackboardAuthoringWindowBindingTests.cs(40,17,40,32): error CS0246: The type or namespace name 'RefactorPreview' could not be found (are you missing a using directive or an assembly reference?)
100>D:\Work\IOS-IG-SimHost-FDP-2\Hrot\Editor\Hrot.Editor.AiShared.Tests\Windows\SharedWindowIdOverrideTests.cs(28,30,28,48): error CS0246: The type or namespace name 'AssetReferenceInfo' could not be found (are you missing a using directive or an assembly reference?)
100>D:\Work\IOS-IG-SimHost-FDP-2\Hrot\Editor\Hrot.Editor.AiShared.Tests\Windows\PerspectiveWorkspaceRegistrarTests.cs(22,22,22,31): error CS0246: The type or namespace name 'IconAtlas' could not be found (are you missing a using directive or an assembly reference?)
100>D:\Work\IOS-IG-SimHost-FDP-2\Hrot\Editor\Hrot.Editor.AiShared.Tests\Windows\AiWatchBreakpointsWindowTests.cs(54,13,54,28): error CS0246: The type or namespace name 'RefactorPreview' could not be found (are you missing a using directive or an assembly reference?)
100>D:\Work\IOS-IG-SimHost-FDP-2\Hrot\Editor\Hrot.Editor.AiShared.Tests\Windows\AiWatchBreakpointsWindowTests.cs(53,44,53,58): error CS0246: The type or namespace name 'RefactorResult' could not be found (are you missing a using directive or an assembly reference?)
100>D:\Work\IOS-IG-SimHost-FDP-2\Hrot\Editor\Hrot.Editor.AiShared.Tests\Windows\TraceTimelineWindowTests.cs(16,30,16,49): error CS0246: The type or namespace name 'TraceLaneDescriptor' could not be found (are you missing a using directive or an assembly reference?)
100>D:\Work\IOS-IG-SimHost-FDP-2\Hrot\Editor\Hrot.Editor.AiShared.Tests\Windows\BlackboardAuthoringWindowTests.cs(28,39,28,52): error CS0246: The type or namespace name 'DeletePreview' could not be found (are you missing a using directive or an assembly reference?)
100>D:\Work\IOS-IG-SimHost-FDP-2\Hrot\Editor\Hrot.Editor.AiShared.Tests\Windows\BlackboardAuthoringWindowTests.cs(28,12,28,26): error CS0246: The type or namespace name 'RefactorResult' could not be found (are you missing a using directive or an assembly reference?)
100>D:\Work\IOS-IG-SimHost-FDP-2\Hrot\Editor\Hrot.Editor.AiShared.Tests\Windows\InspectorWindowTests.cs(17,54,17,67): error CS0246: The type or namespace name 'DeleteOptions' could not be found (are you missing a using directive or an assembly reference?)
100>D:\Work\IOS-IG-SimHost-FDP-2\Hrot\Editor\Hrot.Editor.AiShared.Tests\Windows\InspectorWindowTests.cs(17,12,17,25): error CS0246: The type or namespace name 'DeletePreview' could not be found (are you missing a using directive or an assembly reference?)
100>D:\Work\IOS-IG-SimHost-FDP-2\Hrot\Editor\Hrot.Editor.AiShared.Tests\Windows\BlackboardAuthoringWindowBindingTests.cs(42,50,42,65): error CS0246: The type or namespace name 'RefactorPreview' could not be found (are you missing a using directive or an assembly reference?)
100>D:\Work\IOS-IG-SimHost-FDP-2\Hrot\Editor\Hrot.Editor.AiShared.Tests\Windows\BlackboardAuthoringWindowBindingTests.cs(42,17,42,31): error CS0246: The type or namespace name 'RefactorResult' could not be found (are you missing a using directive or an assembly reference?)
100>D:\Work\IOS-IG-SimHost-FDP-2\Hrot\Editor\Hrot.Editor.AiShared.Tests\Windows\AiGraphCanvasWindowTests.cs(76,41,76,53): error CS0246: The type or namespace name 'GraphCommand' could not be found (are you missing a using directive or an assembly reference?)
100>D:\Work\IOS-IG-SimHost-FDP-2\Hrot\Editor\Hrot.Editor.AiShared.Tests\Windows\AiGraphCanvasWindowTests.cs(76,16,76,34): error CS0246: The type or namespace name 'GraphCommandResult' could not be found (are you missing a using directive or an assembly reference?)
100>D:\Work\IOS-IG-SimHost-FDP-2\Hrot\Editor\Hrot.Editor.AiShared.Tests\Windows\AiWatchBreakpointsWindowTests.cs(62,50,62,72): error CS0246: The type or namespace name 'IDataBreakpointManager' could not be found (are you missing a using directive or an assembly reference?)
100>D:\Work\IOS-IG-SimHost-FDP-2\Hrot\Editor\Hrot.Editor.AiShared.Tests\Windows\SharedWindowIdOverrideTests.cs(29,66,29,81): error CS0246: The type or namespace name 'RefactorOptions' could not be found (are you missing a using directive or an assembly reference?)
100>D:\Work\IOS-IG-SimHost-FDP-2\Hrot\Editor\Hrot.Editor.AiShared.Tests\Windows\SharedWindowIdOverrideTests.cs(29,16,29,31): error CS0246: The type or namespace name 'RefactorPreview' could not be found (are you missing a using directive or an assembly reference?)
100>D:\Work\IOS-IG-SimHost-FDP-2\Hrot\Editor\Hrot.Editor.AiShared.Tests\Windows\RuntimeInspectorWindowTests.cs(15,16,15,25): error CS0246: The type or namespace name 'AssetKind' could not be found (are you missing a using directive or an assembly reference?)
100>D:\Work\IOS-IG-SimHost-FDP-2\Hrot\Editor\Hrot.Editor.AiShared.Tests\Windows\InspectorWindowTests.cs(19,39,19,52): error CS0246: The type or namespace name 'DeletePreview' could not be found (are you missing a using directive or an assembly reference?)
100>D:\Work\IOS-IG-SimHost-FDP-2\Hrot\Editor\Hrot.Editor.AiShared.Tests\Windows\InspectorWindowTests.cs(19,12,19,26): error CS0246: The type or namespace name 'RefactorResult' could not be found (are you missing a using directive or an assembly reference?)
100>D:\Work\IOS-IG-SimHost-FDP-2\Hrot\Editor\Hrot.Editor.AiShared.Tests\Windows\AiGraphCanvasWindowTests.cs(79,42,79,56): error CS0246: The type or namespace name 'ILinkValidator' could not be found (are you missing a using directive or an assembly reference?)
100>D:\Work\IOS-IG-SimHost-FDP-2\Hrot\Editor\Hrot.Editor.AiShared.Tests\Windows\BlackboardAuthoringWindowTests.cs(30,83,30,98): error CS0246: The type or namespace name 'RefactorOptions' could not be found (are you missing a using directive or an assembly reference?)
100>D:\Work\IOS-IG-SimHost-FDP-2\Hrot\Editor\Hrot.Editor.AiShared.Tests\Windows\BlackboardAuthoringWindowTests.cs(30,17,30,32): error CS0246: The type or namespace name 'RefactorPreview' could not be found (are you missing a using directive or an assembly reference?)
100>D:\Work\IOS-IG-SimHost-FDP-2\Hrot\Editor\Hrot.Editor.AiShared.Tests\Windows\AiWatchBreakpointsWindowTests.cs(98,43,98,49): error CS0246: The type or namespace name 'Entity' could not be found (are you missing a using directive or an assembly reference?)
100>D:\Work\IOS-IG-SimHost-FDP-2\Hrot\Editor\Hrot.Editor.AiShared.Tests\Windows\SharedWindowIdOverrideTests.cs(31,43,31,58): error CS0246: The type or namespace name 'RefactorPreview' could not be found (are you missing a using directive or an assembly reference?)
100>D:\Work\IOS-IG-SimHost-FDP-2\Hrot\Editor\Hrot.Editor.AiShared.Tests\Windows\SharedWindowIdOverrideTests.cs(31,16,31,30): error CS0246: The type or namespace name 'RefactorResult' could not be found (are you missing a using directive or an assembly reference?)
100>D:\Work\IOS-IG-SimHost-FDP-2\Hrot\Editor\Hrot.Editor.AiShared.Tests\Windows\InspectorWindowTests.cs(21,83,21,98): error CS0246: The type or namespace name 'RefactorOptions' could not be found (are you missing a using directive or an assembly reference?)
100>D:\Work\IOS-IG-SimHost-FDP-2\Hrot\Editor\Hrot.Editor.AiShared.Tests\Windows\InspectorWindowTests.cs(21,17,21,32): error CS0246: The type or namespace name 'RefactorPreview' could not be found (are you missing a using directive or an assembly reference?)
100>D:\Work\IOS-IG-SimHost-FDP-2\Hrot\Editor\Hrot.Editor.AiShared.Tests\Windows\AiWatchBreakpointsWindowTests.cs(72,16,72,31): error CS0246: The type or namespace name 'ISimulationView' could not be found (are you missing a using directive or an assembly reference?)
100>D:\Work\IOS-IG-SimHost-FDP-2\Hrot\Editor\Hrot.Editor.AiShared.Tests\Windows\SharedWindowIdOverrideTests.cs(33,53,33,66): error CS0246: The type or namespace name 'DeleteOptions' could not be found (are you missing a using directive or an assembly reference?)
100>D:\Work\IOS-IG-SimHost-FDP-2\Hrot\Editor\Hrot.Editor.AiShared.Tests\Windows\SharedWindowIdOverrideTests.cs(33,16,33,29): error CS0246: The type or namespace name 'DeletePreview' could not be found (are you missing a using directive or an assembly reference?)
100>D:\Work\IOS-IG-SimHost-FDP-2\Hrot\Editor\Hrot.Editor.AiShared.Tests\Windows\BlackboardAuthoringWindowTests.cs(32,50,32,65): error CS0246: The type or namespace name 'RefactorPreview' could not be found (are you missing a using directive or an assembly reference?)
100>D:\Work\IOS-IG-SimHost-FDP-2\Hrot\Editor\Hrot.Editor.AiShared.Tests\Windows\BlackboardAuthoringWindowTests.cs(32,17,32,31): error CS0246: The type or namespace name 'RefactorResult' could not be found (are you missing a using directive or an assembly reference?)
100>D:\Work\IOS-IG-SimHost-FDP-2\Hrot\Editor\Hrot.Editor.AiShared.Tests\Windows\SharedWindowIdOverrideTests.cs(35,43,35,56): error CS0246: The type or namespace name 'DeletePreview' could not be found (are you missing a using directive or an assembly reference?)
100>D:\Work\IOS-IG-SimHost-FDP-2\Hrot\Editor\Hrot.Editor.AiShared.Tests\Windows\SharedWindowIdOverrideTests.cs(35,16,35,30): error CS0246: The type or namespace name 'RefactorResult' could not be found (are you missing a using directive or an assembly reference?)
100>D:\Work\IOS-IG-SimHost-FDP-2\Hrot\Editor\Hrot.Editor.AiShared.Tests\Windows\AiWatchBreakpointsWindowTests.cs(75,37,75,55): error CS0246: The type or namespace name 'SearchPredicateDto' could not be found (are you missing a using directive or an assembly reference?)
100>D:\Work\IOS-IG-SimHost-FDP-2\Hrot\Editor\Hrot.Editor.AiShared.Tests\Windows\AiWatchBreakpointsWindowTests.cs(75,62,75,68): error CS0246: The type or namespace name 'Entity' could not be found (are you missing a using directive or an assembly reference?)
100>D:\Work\IOS-IG-SimHost-FDP-2\Hrot\Editor\Hrot.Editor.AiShared.Tests\Windows\SharedWindowIdOverrideTests.cs(37,77,37,92): error CS0246: The type or namespace name 'RefactorOptions' could not be found (are you missing a using directive or an assembly reference?)
100>D:\Work\IOS-IG-SimHost-FDP-2\Hrot\Editor\Hrot.Editor.AiShared.Tests\Windows\SharedWindowIdOverrideTests.cs(37,21,37,36): error CS0246: The type or namespace name 'RefactorPreview' could not be found (are you missing a using directive or an assembly reference?)
100>D:\Work\IOS-IG-SimHost-FDP-2\Hrot\Editor\Hrot.Editor.AiShared.Tests\Windows\AiWatchBreakpointsWindowTests.cs(79,48,79,66): error CS0246: The type or namespace name 'SearchPredicateDto' could not be found (are you missing a using directive or an assembly reference?)
100>D:\Work\IOS-IG-SimHost-FDP-2\Hrot\Editor\Hrot.Editor.AiShared.Tests\Windows\InspectorWindowTests.cs(23,50,23,65): error CS0246: The type or namespace name 'RefactorPreview' could not be found (are you missing a using directive or an assembly reference?)
100>D:\Work\IOS-IG-SimHost-FDP-2\Hrot\Editor\Hrot.Editor.AiShared.Tests\Windows\InspectorWindowTests.cs(23,17,23,31): error CS0246: The type or namespace name 'RefactorResult' could not be found (are you missing a using directive or an assembly reference?)
100>D:\Work\IOS-IG-SimHost-FDP-2\Hrot\Editor\Hrot.Editor.AiShared.Tests\Windows\AiWatchBreakpointsWindowTests.cs(85,35,85,41): error CS0246: The type or namespace name 'Entity' could not be found (are you missing a using directive or an assembly reference?)
100>D:\Work\IOS-IG-SimHost-FDP-2\Hrot\Editor\Hrot.Editor.AiShared.Tests\Windows\SharedWindowIdOverrideTests.cs(39,54,39,69): error CS0246: The type or namespace name 'RefactorPreview' could not be found (are you missing a using directive or an assembly reference?)
100>D:\Work\IOS-IG-SimHost-FDP-2\Hrot\Editor\Hrot.Editor.AiShared.Tests\Windows\SharedWindowIdOverrideTests.cs(39,21,39,35): error CS0246: The type or namespace name 'RefactorResult' could not be found (are you missing a using directive or an assembly reference?)
100>D:\Work\IOS-IG-SimHost-FDP-2\Hrot\Editor\Hrot.Editor.AiShared.Tests\Windows\AiWatchBreakpointsWindowTests.cs(86,44,86,50): error CS0246: The type or namespace name 'Entity' could not be found (are you missing a using directive or an assembly reference?)
100>D:\Work\IOS-IG-SimHost-FDP-2\Hrot\Editor\Hrot.Editor.AiShared.Tests\Windows\AiWatchBreakpointsWindowTests.cs(87,47,87,53): error CS0246: The type or namespace name 'Entity' could not be found (are you missing a using directive or an assembly reference?)
100>D:\Work\IOS-IG-SimHost-FDP-2\Hrot\Editor\Hrot.Editor.AiShared.Tests\Windows\AiWatchBreakpointsWindowTests.cs(90,49,90,65): error CS0246: The type or namespace name 'EntityRepository' could not be found (are you missing a using directive or an assembly reference?)
100>D:\Work\IOS-IG-SimHost-FDP-2\Hrot\Editor\Hrot.Editor.AiShared.Tests\Windows\AiGraphCanvasWindowTests.cs(81,46,81,51): error CS0246: The type or namespace name 'PinId' could not be found (are you missing a using directive or an assembly reference?)
100>D:\Work\IOS-IG-SimHost-FDP-2\Hrot\Editor\Hrot.Editor.AiShared.Tests\Windows\AiGraphCanvasWindowTests.cs(81,58,81,63): error CS0246: The type or namespace name 'PinId' could not be found (are you missing a using directive or an assembly reference?)
100>D:\Work\IOS-IG-SimHost-FDP-2\Hrot\Editor\Hrot.Editor.AiShared.Tests\Windows\AiGraphCanvasWindowTests.cs(81,16,81,36): error CS0246: The type or namespace name 'LinkValidationResult' could not be found (are you missing a using directive or an assembly reference?)
100>D:\Work\IOS-IG-SimHost-FDP-2\Hrot\Editor\Hrot.Editor.AiShared.Tests\Windows\AiWatchBreakpointsWindowTests.cs(92,56,92,82): error CS0246: The type or namespace name 'CompiledComponentPredicate' could not be found (are you missing a using directive or an assembly reference?)
100>D:\Work\IOS-IG-SimHost-FDP-2\Hrot\Editor\Hrot.Editor.AiShared.Tests\Windows\AiWatchBreakpointsWindowTests.cs(94,56,94,76): error CS0246: The type or namespace name 'CompiledEventScanner' could not be found (are you missing a using directive or an assembly reference?)
100>D:\Work\IOS-IG-SimHost-FDP-2\Hrot\Editor\Hrot.Editor.AiShared.Tests\Windows\AiGraphCanvasWindowTests.cs(85,43,85,54): error CS0246: The type or namespace name 'ITypeSystem' could not be found (are you missing a using directive or an assembly reference?)
100>D:\Work\IOS-IG-SimHost-FDP-2\Hrot\Editor\Hrot.Editor.AiShared.Tests\Windows\PerspectiveWorkspaceRegistrarTests.cs(30,49,30,65): error CS0246: The type or namespace name 'IRefactorService' could not be found (are you missing a using directive or an assembly reference?)
100>D:\Work\IOS-IG-SimHost-FDP-2\Hrot\Editor\Hrot.Editor.AiShared.Tests\Windows\PerspectiveWorkspaceRegistrarTests.cs(32,30,32,48): error CS0246: The type or namespace name 'AssetReferenceInfo' could not be found (are you missing a using directive or an assembly reference?)
100>D:\Work\IOS-IG-SimHost-FDP-2\Hrot\Editor\Hrot.Editor.AiShared.Tests\Windows\AiGraphCanvasWindowTests.cs(87,36,87,43): error CS0246: The type or namespace name 'TypeKey' could not be found (are you missing a using directive or an assembly reference?)
100>D:\Work\IOS-IG-SimHost-FDP-2\Hrot\Editor\Hrot.Editor.AiShared.Tests\Windows\AiGraphCanvasWindowTests.cs(87,53,87,68): error CS0246: The type or namespace name 'TypeDisplayInfo' could not be found (are you missing a using directive or an assembly reference?)
100>D:\Work\IOS-IG-SimHost-FDP-2\Hrot\Editor\Hrot.Editor.AiShared.Tests\Windows\PerspectiveWorkspaceRegistrarTests.cs(33,30,33,48): error CS0246: The type or namespace name 'AssetReferenceInfo' could not be found (are you missing a using directive or an assembly reference?)
100>D:\Work\IOS-IG-SimHost-FDP-2\Hrot\Editor\Hrot.Editor.AiShared.Tests\Windows\AiGraphCanvasWindowTests.cs(89,36,89,43): error CS0246: The type or namespace name 'TypeKey' could not be found (are you missing a using directive or an assembly reference?)
100>D:\Work\IOS-IG-SimHost-FDP-2\Hrot\Editor\Hrot.Editor.AiShared.Tests\Windows\PerspectiveWorkspaceRegistrarTests.cs(34,66,34,81): error CS0246: The type or namespace name 'RefactorOptions' could not be found (are you missing a using directive or an assembly reference?)
100>D:\Work\IOS-IG-SimHost-FDP-2\Hrot\Editor\Hrot.Editor.AiShared.Tests\Windows\PerspectiveWorkspaceRegistrarTests.cs(34,16,34,31): error CS0246: The type or namespace name 'RefactorPreview' could not be found (are you missing a using directive or an assembly reference?)
100>D:\Work\IOS-IG-SimHost-FDP-2\Hrot\Editor\Hrot.Editor.AiShared.Tests\Windows\AiGraphCanvasWindowTests.cs(90,37,90,44): error CS0246: The type or namespace name 'TypeKey' could not be found (are you missing a using directive or an assembly reference?)
100>D:\Work\IOS-IG-SimHost-FDP-2\Hrot\Editor\Hrot.Editor.AiShared.Tests\Windows\AiGraphCanvasWindowTests.cs(90,50,90,63): error CS0246: The type or namespace name 'ContainerKind' could not be found (are you missing a using directive or an assembly reference?)
100>D:\Work\IOS-IG-SimHost-FDP-2\Hrot\Editor\Hrot.Editor.AiShared.Tests\Windows\AiGraphCanvasWindowTests.cs(90,16,90,24): error CS0246: The type or namespace name 'PinShape' could not be found (are you missing a using directive or an assembly reference?)
100>D:\Work\IOS-IG-SimHost-FDP-2\Hrot\Editor\Hrot.Editor.AiShared.Tests\Windows\AiGraphCanvasWindowTests.cs(91,57,91,64): error CS0246: The type or namespace name 'TypeKey' could not be found (are you missing a using directive or an assembly reference?)
100>D:\Work\IOS-IG-SimHost-FDP-2\Hrot\Editor\Hrot.Editor.AiShared.Tests\Windows\AiGraphCanvasWindowTests.cs(91,16,91,38): error CS0246: The type or namespace name 'IPinDefaultValueEditor' could not be found (are you missing a using directive or an assembly reference?)
100>D:\Work\IOS-IG-SimHost-FDP-2\Hrot\Editor\Hrot.Editor.AiShared.Tests\Windows\PerspectiveWorkspaceRegistrarTests.cs(36,43,36,58): error CS0246: The type or namespace name 'RefactorPreview' could not be found (are you missing a using directive or an assembly reference?)
100>D:\Work\IOS-IG-SimHost-FDP-2\Hrot\Editor\Hrot.Editor.AiShared.Tests\Windows\PerspectiveWorkspaceRegistrarTests.cs(36,16,36,30): error CS0246: The type or namespace name 'RefactorResult' could not be found (are you missing a using directive or an assembly reference?)
100>D:\Work\IOS-IG-SimHost-FDP-2\Hrot\Editor\Hrot.Editor.AiShared.Tests\Windows\AiGraphCanvasWindowTests.cs(92,35,92,42): error CS0246: The type or namespace name 'TypeKey' could not be found (are you missing a using directive or an assembly reference?)
100>D:\Work\IOS-IG-SimHost-FDP-2\Hrot\Editor\Hrot.Editor.AiShared.Tests\Windows\AiGraphCanvasWindowTests.cs(92,49,92,56): error CS0246: The type or namespace name 'TypeKey' could not be found (are you missing a using directive or an assembly reference?)
100>D:\Work\IOS-IG-SimHost-FDP-2\Hrot\Editor\Hrot.Editor.AiShared.Tests\Windows\AiGraphCanvasWindowTests.cs(93,36,93,43): error CS0246: The type or namespace name 'TypeKey' could not be found (are you missing a using directive or an assembly reference?)
100>D:\Work\IOS-IG-SimHost-FDP-2\Hrot\Editor\Hrot.Editor.AiShared.Tests\Windows\AiGraphCanvasWindowTests.cs(93,50,93,57): error CS0246: The type or namespace name 'TypeKey' could not be found (are you missing a using directive or an assembly reference?)
100>D:\Work\IOS-IG-SimHost-FDP-2\Hrot\Editor\Hrot.Editor.AiShared.Tests\Windows\AiGraphCanvasWindowTests.cs(96,44,96,56): error CS0246: The type or namespace name 'INodeCatalog' could not be found (are you missing a using directive or an assembly reference?)
100>D:\Work\IOS-IG-SimHost-FDP-2\Hrot\Editor\Hrot.Editor.AiShared.Tests\Windows\AiGraphCanvasWindowTests.cs(98,30,98,46): error CS0246: The type or namespace name 'NodeCatalogEntry' could not be found (are you missing a using directive or an assembly reference?)
100>D:\Work\IOS-IG-SimHost-FDP-2\Hrot\Editor\Hrot.Editor.AiShared.Tests\Windows\AiGraphCanvasWindowTests.cs(99,30,99,52): error CS0246: The type or namespace name 'NodeCategoryDescriptor' could not be found (are you missing a using directive or an assembly reference?)
100>D:\Work\IOS-IG-SimHost-FDP-2\Hrot\Editor\Hrot.Editor.AiShared.Tests\Windows\AiGraphCanvasWindowTests.cs(100,54,100,69): error CS0246: The type or namespace name 'NodeSearchQuery' could not be found (are you missing a using directive or an assembly reference?)
100>D:\Work\IOS-IG-SimHost-FDP-2\Hrot\Editor\Hrot.Editor.AiShared.Tests\Windows\AiGraphCanvasWindowTests.cs(100,30,100,46): error CS0246: The type or namespace name 'NodeCatalogEntry' could not be found (are you missing a using directive or an assembly reference?)
100>D:\Work\IOS-IG-SimHost-FDP-2\Hrot\Editor\Hrot.Editor.AiShared.Tests\Windows\AiGraphCanvasWindowTests.cs(101,67,101,82): error CS0246: The type or namespace name 'PinContextQuery' could not be found (are you missing a using directive or an assembly reference?)
100>D:\Work\IOS-IG-SimHost-FDP-2\Hrot\Editor\Hrot.Editor.AiShared.Tests\Windows\AiGraphCanvasWindowTests.cs(101,30,101,46): error CS0246: The type or namespace name 'NodeCatalogEntry' could not be found (are you missing a using directive or an assembly reference?)
100>D:\Work\IOS-IG-SimHost-FDP-2\Hrot\Editor\Hrot.Editor.AiShared.Tests\Windows\AiGraphCanvasWindowTests.cs(105,45,105,64): error CS0246: The type or namespace name 'IEditorHostServices' could not be found (are you missing a using directive or an assembly reference?)
100>D:\Work\IOS-IG-SimHost-FDP-2\Hrot\Editor\Hrot.Editor.AiShared.Tests\Windows\AiGraphCanvasWindowTests.cs(112,16,112,28): error CS0246: The type or namespace name 'INodeCatalog' could not be found (are you missing a using directive or an assembly reference?)
100>D:\Work\IOS-IG-SimHost-FDP-2\Hrot\Editor\Hrot.Editor.AiShared.Tests\Windows\AiGraphCanvasWindowTests.cs(113,16,113,27): error CS0246: The type or namespace name 'ITypeSystem' could not be found (are you missing a using directive or an assembly reference?)
100>D:\Work\IOS-IG-SimHost-FDP-2\Hrot\Editor\Hrot.Editor.AiShared.Tests\Windows\AiGraphCanvasWindowTests.cs(114,16,114,30): error CS0246: The type or namespace name 'ILinkValidator' could not be found (are you missing a using directive or an assembly reference?)
100>D:\Work\IOS-IG-SimHost-FDP-2\Hrot\Editor\Hrot.Editor.AiShared.Tests\Windows\AiGraphCanvasWindowTests.cs(115,16,115,33): error CS0246: The type or namespace name 'IGraphCommandSink' could not be found (are you missing a using directive or an assembly reference?)
100>D:\Work\IOS-IG-SimHost-FDP-2\Hrot\Editor\Hrot.Editor.AiShared.Tests\Windows\AiGraphCanvasWindowTests.cs(116,16,116,31): error CS0246: The type or namespace name 'IPickerRegistry' could not be found (are you missing a using directive or an assembly reference?)
100>D:\Work\IOS-IG-SimHost-FDP-2\Hrot\Editor\Hrot.Editor.AiShared.Tests\Windows\AiGraphCanvasWindowTests.cs(117,16,117,26): error CS0246: The type or namespace name 'IClipboard' could not be found (are you missing a using directive or an assembly reference?)
100>D:\Work\IOS-IG-SimHost-FDP-2\Hrot\Editor\Hrot.Editor.AiShared.Tests\Windows\AiGraphCanvasWindowTests.cs(118,16,118,29): error CS0246: The type or namespace name 'IIconProvider' could not be found (are you missing a using directive or an assembly reference?)
100>D:\Work\IOS-IG-SimHost-FDP-2\Hrot\Editor\Hrot.Editor.AiShared.Tests\Windows\AiGraphCanvasWindowTests.cs(119,16,119,32): error CS0246: The type or namespace name 'IDiagnosticsSink' could not be found (are you missing a using directive or an assembly reference?)
100>D:\Work\IOS-IG-SimHost-FDP-2\Hrot\Editor\Hrot.Editor.AiShared.Tests\Windows\AiGraphCanvasWindowTests.cs(120,16,120,29): error CS0246: The type or namespace name 'IDebugSession' could not be found (are you missing a using directive or an assembly reference?)
100>D:\Work\IOS-IG-SimHost-FDP-2\Hrot\Editor\Hrot.Editor.AiShared.Tests\Windows\AiGraphCanvasWindowTests.cs(121,16,121,28): error CS0246: The type or namespace name 'IInputSource' could not be found (are you missing a using directive or an assembly reference?)
100>D:\Work\IOS-IG-SimHost-FDP-2\Hrot\Editor\Hrot.Editor.AiShared.Tests\Windows\AiGraphCanvasWindowTests.cs(122,16,122,28): error CS0246: The type or namespace name 'IEditorTheme' could not be found (are you missing a using directive or an assembly reference?)
100>D:\Work\IOS-IG-SimHost-FDP-2\Hrot\Editor\Hrot.Editor.AiShared.Tests\Windows\AiGraphCanvasWindowTests.cs(123,30,123,51): error CS0246: The type or namespace name 'ICustomCanvasRenderer' could not be found (are you missing a using directive or an assembly reference?)
100>D:\Work\IOS-IG-SimHost-FDP-2\Hrot\Editor\Hrot.Editor.AiShared.Tests\Windows\AiGraphCanvasWindowTests.cs(125,16,125,49): error CS0246: The type or namespace name 'ICustomElementContextMenuProvider' could not be found (are you missing a using directive or an assembly reference?)
100>D:\Work\IOS-IG-SimHost-FDP-2\Hrot\Editor\Hrot.Editor.AiShared.Tests\Windows\PerspectiveWorkspaceRegistrarTests.cs(38,53,38,66): error CS0246: The type or namespace name 'DeleteOptions' could not be found (are you missing a using directive or an assembly reference?)
100>D:\Work\IOS-IG-SimHost-FDP-2\Hrot\Editor\Hrot.Editor.AiShared.Tests\Windows\PerspectiveWorkspaceRegistrarTests.cs(38,16,38,29): error CS0246: The type or namespace name 'DeletePreview' could not be found (are you missing a using directive or an assembly reference?)
100>D:\Work\IOS-IG-SimHost-FDP-2\Hrot\Editor\Hrot.Editor.AiShared.Tests\Windows\PerspectiveWorkspaceRegistrarTests.cs(40,43,40,56): error CS0246: The type or namespace name 'DeletePreview' could not be found (are you missing a using directive or an assembly reference?)
100>D:\Work\IOS-IG-SimHost-FDP-2\Hrot\Editor\Hrot.Editor.AiShared.Tests\Windows\PerspectiveWorkspaceRegistrarTests.cs(40,16,40,30): error CS0246: The type or namespace name 'RefactorResult' could not be found (are you missing a using directive or an assembly reference?)
100>D:\Work\IOS-IG-SimHost-FDP-2\Hrot\Editor\Hrot.Editor.AiShared.Tests\Windows\PerspectiveWorkspaceRegistrarTests.cs(42,77,42,92): error CS0246: The type or namespace name 'RefactorOptions' could not be found (are you missing a using directive or an assembly reference?)
100>D:\Work\IOS-IG-SimHost-FDP-2\Hrot\Editor\Hrot.Editor.AiShared.Tests\Windows\PerspectiveWorkspaceRegistrarTests.cs(42,21,42,36): error CS0246: The type or namespace name 'RefactorPreview' could not be found (are you missing a using directive or an assembly reference?)
100>D:\Work\IOS-IG-SimHost-FDP-2\Hrot\Editor\Hrot.Editor.AiShared.Tests\Windows\PerspectiveWorkspaceRegistrarTests.cs(44,54,44,69): error CS0246: The type or namespace name 'RefactorPreview' could not be found (are you missing a using directive or an assembly reference?)
100>D:\Work\IOS-IG-SimHost-FDP-2\Hrot\Editor\Hrot.Editor.AiShared.Tests\Windows\PerspectiveWorkspaceRegistrarTests.cs(44,21,44,35): error CS0246: The type or namespace name 'RefactorResult' could not be found (are you missing a using directive or an assembly reference?)
100>D:\Work\IOS-IG-SimHost-FDP-2\Hrot\Editor\Hrot.Editor.AiShared.Tests\Windows\PerspectiveWorkspaceRegistrarTests.cs(48,38,48,52): error CS0246: The type or namespace name 'IEditableAsset' could not be found (are you missing a using directive or an assembly reference?)
100>D:\Work\IOS-IG-SimHost-FDP-2\Hrot\Editor\Hrot.Editor.AiShared.Tests\Windows\PerspectiveWorkspaceRegistrarTests.cs(50,26,50,35): error CS0246: The type or namespace name 'AssetKind' could not be found (are you missing a using directive or an assembly reference?)
100>D:\Work\IOS-IG-SimHost-FDP-2\Hrot\Editor\Hrot.Editor.AiShared.Tests\Windows\PerspectiveWorkspaceRegistrarTests.cs(58,16,58,25): error CS0246: The type or namespace name 'AssetKind' could not be found (are you missing a using directive or an assembly reference?)
100>D:\Work\IOS-IG-SimHost-FDP-2\Hrot\Editor\Hrot.Editor.AiShared.Tests\Windows\PerspectiveWorkspaceRegistrarTests.cs(189,41,189,54): error CS0246: The type or namespace name 'ManagedWindow' could not be found (are you missing a using directive or an assembly reference?)
100>Done building project "Hrot.Editor.AiShared.Tests.csproj" -- FAILED.
102>D:\Work\IOS-IG-SimHost-FDP-2\Hrot\Runner\Hrot.FakeStrideApp\Hrot.FakeStrideApp.Tests\FakeStrideAppTests.cs(1,7,1,10): error CS0246: The type or namespace name 'Fdp' could not be found (are you missing a using directive or an assembly reference?)
103>D:\Work\IOS-IG-SimHost-FDP-2\Hrot\Subsystems\Hrot.ReplayBrowser\ReplayBrowserSubsystem.cs(8,7,8,10): error CS0246: The type or namespace name 'Fdp' could not be found (are you missing a using directive or an assembly reference?)
103>D:\Work\IOS-IG-SimHost-FDP-2\Hrot\Subsystems\Hrot.ReplayBrowser\ReplayBrowserSubsystem.cs(9,7,9,10): error CS0246: The type or namespace name 'Fdp' could not be found (are you missing a using directive or an assembly reference?)
103>D:\Work\IOS-IG-SimHost-FDP-2\Hrot\Subsystems\Hrot.ReplayBrowser\ReplayBrowserSubsystem.cs(10,7,10,10): error CS0246: The type or namespace name 'Fdp' could not be found (are you missing a using directive or an assembly reference?)
103>D:\Work\IOS-IG-SimHost-FDP-2\Hrot\Subsystems\Hrot.ReplayBrowser\ReplayBrowserSubsystem.cs(11,7,11,10): error CS0246: The type or namespace name 'Fdp' could not be found (are you missing a using directive or an assembly reference?)
103>D:\Work\IOS-IG-SimHost-FDP-2\Hrot\Subsystems\Hrot.ReplayBrowser\ReplayBrowserSubsystem.cs(12,7,12,10): error CS0246: The type or namespace name 'Fdp' could not be found (are you missing a using directive or an assembly reference?)
103>D:\Work\IOS-IG-SimHost-FDP-2\Hrot\Subsystems\Hrot.ReplayBrowser\ReplayBrowserSubsystem.cs(13,7,13,10): error CS0246: The type or namespace name 'Fdp' could not be found (are you missing a using directive or an assembly reference?)
102>Done building project "Hrot.FakeStrideApp.Tests.csproj" -- FAILED.
103>D:\Work\IOS-IG-SimHost-FDP-2\Hrot\Subsystems\Hrot.ReplayBrowser\ReplayBrowserSubsystem.cs(14,7,14,10): error CS0246: The type or namespace name 'Fdp' could not be found (are you missing a using directive or an assembly reference?)
103>D:\Work\IOS-IG-SimHost-FDP-2\Hrot\Subsystems\Hrot.ReplayBrowser\ReplayBrowserSubsystem.cs(15,7,15,10): error CS0246: The type or namespace name 'Fdp' could not be found (are you missing a using directive or an assembly reference?)
103>D:\Work\IOS-IG-SimHost-FDP-2\Hrot\Subsystems\Hrot.ReplayBrowser\ReplayBrowserSubsystem.cs(16,7,16,10): error CS0246: The type or namespace name 'Fdp' could not be found (are you missing a using directive or an assembly reference?)
103>D:\Work\IOS-IG-SimHost-FDP-2\Hrot\Subsystems\Hrot.ReplayBrowser\ReplayBrowserSubsystem.cs(17,7,17,10): error CS0246: The type or namespace name 'Fdp' could not be found (are you missing a using directive or an assembly reference?)
103>D:\Work\IOS-IG-SimHost-FDP-2\Hrot\Subsystems\Hrot.ReplayBrowser\ReplayBrowserSubsystem.cs(18,7,18,10): error CS0246: The type or namespace name 'Fdp' could not be found (are you missing a using directive or an assembly reference?)
103>D:\Work\IOS-IG-SimHost-FDP-2\Hrot\Subsystems\Hrot.ReplayBrowser\ReplayBrowserSubsystem.cs(19,7,19,10): error CS0246: The type or namespace name 'Fdp' could not be found (are you missing a using directive or an assembly reference?)
103>D:\Work\IOS-IG-SimHost-FDP-2\Hrot\Subsystems\Hrot.ReplayBrowser\ReplayBrowserSubsystem.cs(20,7,20,10): error CS0246: The type or namespace name 'Fdp' could not be found (are you missing a using directive or an assembly reference?)
103>D:\Work\IOS-IG-SimHost-FDP-2\Hrot\Subsystems\Hrot.ReplayBrowser\ReplayBrowserSubsystem.cs(21,7,21,10): error CS0246: The type or namespace name 'Fdp' could not be found (are you missing a using directive or an assembly reference?)
103>D:\Work\IOS-IG-SimHost-FDP-2\Hrot\Subsystems\Hrot.ReplayBrowser\ReplayBrowserSubsystem.cs(22,7,22,10): error CS0246: The type or namespace name 'Fdp' could not be found (are you missing a using directive or an assembly reference?)
103>D:\Work\IOS-IG-SimHost-FDP-2\Hrot\Subsystems\Hrot.ReplayBrowser\ReplayBrowserSubsystem.cs(23,7,23,10): error CS0246: The type or namespace name 'Fdp' could not be found (are you missing a using directive or an assembly reference?)
103>D:\Work\IOS-IG-SimHost-FDP-2\Hrot\Subsystems\Hrot.ReplayBrowser\ReplayBrowserSubsystem.cs(24,12,24,15): error CS0234: The type or namespace name 'CGF' does not exist in the namespace 'Hrot' (are you missing an assembly reference?)
103>D:\Work\IOS-IG-SimHost-FDP-2\Hrot\Subsystems\Hrot.ReplayBrowser\ReplayBrowserSubsystem.cs(25,12,25,16): error CS0234: The type or namespace name 'Core' does not exist in the namespace 'Hrot' (are you missing an assembly reference?)
103>D:\Work\IOS-IG-SimHost-FDP-2\Hrot\Subsystems\Hrot.ReplayBrowser\ReplayBrowserSubsystem.cs(26,7,26,17): error CS0246: The type or namespace name 'StructEdit' could not be found (are you missing a using directive or an assembly reference?)
103>D:\Work\IOS-IG-SimHost-FDP-2\Hrot\Subsystems\Hrot.ReplayBrowser\ReplayBrowserSubsystem.cs(36,46,36,56): error CS0246: The type or namespace name 'ISubsystem' could not be found (are you missing a using directive or an assembly reference?)
103>D:\Work\IOS-IG-SimHost-FDP-2\Hrot\Subsystems\Hrot.ReplayBrowser\ReplayBrowserSubsystem.cs(36,58,36,74): error CS0246: The type or namespace name 'IWindowRegistrar' could not be found (are you missing a using directive or an assembly reference?)
103>D:\Work\IOS-IG-SimHost-FDP-2\Hrot\Subsystems\Hrot.ReplayBrowser\ReplayBrowserSubsystem.cs(46,13,46,35): error CS0246: The type or namespace name 'FederatedReplayManager' could not be found (are you missing a using directive or an assembly reference?)
103>D:\Work\IOS-IG-SimHost-FDP-2\Hrot\Subsystems\Hrot.ReplayBrowser\ReplayBrowserSubsystem.cs(47,13,47,29): error CS0246: The type or namespace name 'EntityRepository' could not be found (are you missing a using directive or an assembly reference?)
103>D:\Work\IOS-IG-SimHost-FDP-2\Hrot\Subsystems\Hrot.ReplayBrowser\ReplayBrowserSubsystem.cs(48,13,48,35): error CS0246: The type or namespace name 'EntitySelectionHistory' could not be found (are you missing a using directive or an assembly reference?)
103>D:\Work\IOS-IG-SimHost-FDP-2\Hrot\Subsystems\Hrot.ReplayBrowser\ReplayBrowserSubsystem.cs(49,13,49,35): error CS0246: The type or namespace name 'PlaybackHistoryTracker' could not be found (are you missing a using directive or an assembly reference?)
103>D:\Work\IOS-IG-SimHost-FDP-2\Hrot\Subsystems\Hrot.ReplayBrowser\ReplayBrowserSubsystem.cs(54,13,54,21): error CS0246: The type or namespace name 'ViewMode' could not be found (are you missing a using directive or an assembly reference?)
103>D:\Work\IOS-IG-SimHost-FDP-2\Hrot\Subsystems\Hrot.ReplayBrowser\ReplayBrowserSubsystem.cs(55,13,55,29): error CS0246: The type or namespace name 'EntityRepository' could not be found (are you missing a using directive or an assembly reference?)
103>D:\Work\IOS-IG-SimHost-FDP-2\Hrot\Subsystems\Hrot.ReplayBrowser\ReplayBrowserSubsystem.cs(56,13,56,35): error CS0246: The type or namespace name 'TransientMasterBuilder' could not be found (are you missing a using directive or an assembly reference?)
103>D:\Work\IOS-IG-SimHost-FDP-2\Hrot\Subsystems\Hrot.ReplayBrowser\ReplayBrowserSubsystem.cs(57,13,57,28): error CS0246: The type or namespace name 'FederationPanel' could not be found (are you missing a using directive or an assembly reference?)
103>D:\Work\IOS-IG-SimHost-FDP-2\Hrot\Subsystems\Hrot.ReplayBrowser\ReplayBrowserSubsystem.cs(61,14,61,36): error CS0246: The type or namespace name 'FederatedReplayManager' could not be found (are you missing a using directive or an assembly reference?)
103>D:\Work\IOS-IG-SimHost-FDP-2\Hrot\Subsystems\Hrot.ReplayBrowser\ReplayBrowserSubsystem.cs(62,14,62,30): error CS0246: The type or namespace name 'EntityRepository' could not be found (are you missing a using directive or an assembly reference?)
103>D:\Work\IOS-IG-SimHost-FDP-2\Hrot\Subsystems\Hrot.ReplayBrowser\ReplayBrowserSubsystem.cs(63,14,63,22): error CS0246: The type or namespace name 'ViewMode' could not be found (are you missing a using directive or an assembly reference?)
103>D:\Work\IOS-IG-SimHost-FDP-2\Hrot\Subsystems\Hrot.ReplayBrowser\ReplayBrowserSubsystem.cs(70,19,70,41): error CS0246: The type or namespace name 'FederatedReplayManager' could not be found (are you missing a using directive or an assembly reference?)
103>D:\Work\IOS-IG-SimHost-FDP-2\Hrot\Subsystems\Hrot.ReplayBrowser\ReplayBrowserSubsystem.cs(70,43,70,59): error CS0246: The type or namespace name 'EntityRepository' could not be found (are you missing a using directive or an assembly reference?)
103>D:\Work\IOS-IG-SimHost-FDP-2\Hrot\Subsystems\Hrot.ReplayBrowser\ReplayBrowserSubsystem.cs(74,13,74,22): error CS0246: The type or namespace name 'MapCanvas' could not be found (are you missing a using directive or an assembly reference?)
103>D:\Work\IOS-IG-SimHost-FDP-2\Hrot\Subsystems\Hrot.ReplayBrowser\ReplayBrowserSubsystem.cs(75,13,75,27): error CS0246: The type or namespace name 'InspectorState' could not be found (are you missing a using directive or an assembly reference?)
103>D:\Work\IOS-IG-SimHost-FDP-2\Hrot\Subsystems\Hrot.ReplayBrowser\ReplayBrowserSubsystem.cs(76,13,76,30): error CS0246: The type or namespace name 'RepositoryAdapter' could not be found (are you missing a using directive or an assembly reference?)
103>D:\Work\IOS-IG-SimHost-FDP-2\Hrot\Subsystems\Hrot.ReplayBrowser\ReplayBrowserSubsystem.cs(77,13,77,32): error CS0246: The type or namespace name 'ReplayTimelinePanel' could not be found (are you missing a using directive or an assembly reference?)
103>D:\Work\IOS-IG-SimHost-FDP-2\Hrot\Subsystems\Hrot.ReplayBrowser\ReplayBrowserSubsystem.cs(78,13,78,31): error CS0246: The type or namespace name 'IFileDialogService' could not be found (are you missing a using directive or an assembly reference?)
103>D:\Work\IOS-IG-SimHost-FDP-2\Hrot\Subsystems\Hrot.ReplayBrowser\ReplayBrowserSubsystem.cs(79,13,79,36): error CS0246: The type or namespace name 'IRecordingExportService' could not be found (are you missing a using directive or an assembly reference?)
103>D:\Work\IOS-IG-SimHost-FDP-2\Hrot\Subsystems\Hrot.ReplayBrowser\ReplayBrowserSubsystem.cs(80,13,80,31): error CS0246: The type or namespace name 'ComponentDiffPanel' could not be found (are you missing a using directive or an assembly reference?)
103>D:\Work\IOS-IG-SimHost-FDP-2\Hrot\Subsystems\Hrot.ReplayBrowser\ReplayBrowserSubsystem.cs(81,13,81,33): error CS0246: The type or namespace name 'ComponentDiffService' could not be found (are you missing a using directive or an assembly reference?)
103>D:\Work\IOS-IG-SimHost-FDP-2\Hrot\Subsystems\Hrot.ReplayBrowser\ReplayBrowserSubsystem.cs(82,13,82,33): error CS0246: The type or namespace name 'EntityInspectorPanel' could not be found (are you missing a using directive or an assembly reference?)
103>D:\Work\IOS-IG-SimHost-FDP-2\Hrot\Subsystems\Hrot.ReplayBrowser\ReplayBrowserSubsystem.cs(83,13,83,30): error CS0246: The type or namespace name 'EventBrowserPanel' could not be found (are you missing a using directive or an assembly reference?)
103>D:\Work\IOS-IG-SimHost-FDP-2\Hrot\Subsystems\Hrot.ReplayBrowser\ReplayBrowserSubsystem.cs(84,13,84,30): error CS0246: The type or namespace name 'ReplaySearchPanel' could not be found (are you missing a using directive or an assembly reference?)
103>D:\Work\IOS-IG-SimHost-FDP-2\Hrot\Subsystems\Hrot.ReplayBrowser\ReplayBrowserSubsystem.cs(85,13,85,31): error CS0246: The type or namespace name 'ScenarioSerializer' could not be found (are you missing a using directive or an assembly reference?)
103>D:\Work\IOS-IG-SimHost-FDP-2\Hrot\Subsystems\Hrot.ReplayBrowser\ReplayBrowserSubsystem.cs(86,13,86,29): error CS0246: The type or namespace name 'BehaviorRegistry' could not be found (are you missing a using directive or an assembly reference?)
103>D:\Work\IOS-IG-SimHost-FDP-2\Hrot\Subsystems\Hrot.ReplayBrowser\ReplayBrowserSubsystem.cs(89,13,89,19): error CS0246: The type or namespace name 'Entity' could not be found (are you missing a using directive or an assembly reference?)
103>D:\Work\IOS-IG-SimHost-FDP-2\Hrot\Subsystems\Hrot.ReplayBrowser\ReplayBrowserSubsystem.cs(95,13,95,16): error CS0246: The type or namespace name 'Fdp' could not be found (are you missing a using directive or an assembly reference?)
103>D:\Work\IOS-IG-SimHost-FDP-2\Hrot\Subsystems\Hrot.ReplayBrowser\ReplayBrowserSubsystem.cs(96,13,96,16): error CS0246: The type or namespace name 'Fdp' could not be found (are you missing a using directive or an assembly reference?)
103>D:\Work\IOS-IG-SimHost-FDP-2\Hrot\Subsystems\Hrot.ReplayBrowser\ReplayBrowserSubsystem.cs(97,13,97,16): error CS0246: The type or namespace name 'Fdp' could not be found (are you missing a using directive or an assembly reference?)
103>D:\Work\IOS-IG-SimHost-FDP-2\Hrot\Subsystems\Hrot.ReplayBrowser\ReplayBrowserSubsystem.cs(98,13,98,16): error CS0246: The type or namespace name 'Fdp' could not be found (are you missing a using directive or an assembly reference?)
103>D:\Work\IOS-IG-SimHost-FDP-2\Hrot\Subsystems\Hrot.ReplayBrowser\ReplayBrowserSubsystem.cs(99,13,99,16): error CS0246: The type or namespace name 'Fdp' could not be found (are you missing a using directive or an assembly reference?)
103>D:\Work\IOS-IG-SimHost-FDP-2\Hrot\Subsystems\Hrot.ReplayBrowser\ReplayBrowserSubsystem.cs(100,13,100,16): error CS0246: The type or namespace name 'Fdp' could not be found (are you missing a using directive or an assembly reference?)
103>D:\Work\IOS-IG-SimHost-FDP-2\Hrot\Subsystems\Hrot.ReplayBrowser\ReplayBrowserSubsystem.cs(101,18,101,24): error CS0234: The type or namespace name 'Common' does not exist in the namespace 'Hrot' (are you missing an assembly reference?)
103>D:\Work\IOS-IG-SimHost-FDP-2\Hrot\Subsystems\Hrot.ReplayBrowser\ReplayBrowserSubsystem.cs(102,18,102,32): error CS0234: The type or namespace name 'ScenarioEditor' does not exist in the namespace 'Hrot' (are you missing an assembly reference?)
103>D:\Work\IOS-IG-SimHost-FDP-2\Hrot\Subsystems\Hrot.ReplayBrowser\ReplayBrowserSubsystem.cs(103,22,103,25): error CS0246: The type or namespace name 'Fdp' could not be found (are you missing a using directive or an assembly reference?)
103>D:\Work\IOS-IG-SimHost-FDP-2\Hrot\Subsystems\Hrot.ReplayBrowser\ReplayBrowserSubsystem.cs(112,35,112,50): error CS0246: The type or namespace name 'INetworkFactory' could not be found (are you missing a using directive or an assembly reference?)
103>D:\Work\IOS-IG-SimHost-FDP-2\Hrot\Subsystems\Hrot.ReplayBrowser\ReplayBrowserSubsystem.cs(119,28,119,43): error CS0246: The type or namespace name 'SubsystemConfig' could not be found (are you missing a using directive or an assembly reference?)
103>D:\Work\IOS-IG-SimHost-FDP-2\Hrot\Subsystems\Hrot.ReplayBrowser\ReplayBrowserSubsystem.cs(505,31,505,39): error CS0246: The type or namespace name 'ViewMode' could not be found (are you missing a using directive or an assembly reference?)
103>D:\Work\IOS-IG-SimHost-FDP-2\Hrot\Subsystems\Hrot.ReplayBrowser\ReplayBrowserSubsystem.cs(529,55,529,77): error CS0246: The type or namespace name 'TransientMasterBuilder' could not be found (are you missing a using directive or an assembly reference?)
103>D:\Work\IOS-IG-SimHost-FDP-2\Hrot\Subsystems\Hrot.ReplayBrowser\ReplayBrowserSubsystem.cs(542,35,542,51): error CS0246: The type or namespace name 'EntityRepository' could not be found (are you missing a using directive or an assembly reference?)
103>D:\Work\IOS-IG-SimHost-FDP-2\Hrot\Subsystems\Hrot.ReplayBrowser\ReplayBrowserSubsystem.cs(564,33,564,46): error CS0246: The type or namespace name 'WindowManager' could not be found (are you missing a using directive or an assembly reference?)
103>D:\Work\IOS-IG-SimHost-FDP-2\Hrot\Subsystems\Hrot.ReplayBrowser\ReplayBrowserSubsystem.cs(582,9,582,22): error CS0246: The type or namespace name 'WindowManager' could not be found (are you missing a using directive or an assembly reference?)
103>D:\Work\IOS-IG-SimHost-FDP-2\Hrot\Subsystems\Hrot.ReplayBrowser\ReplayBrowserSubsystem.cs(583,9,583,28): error CS0246: The type or namespace name 'ReplayTimelinePanel' could not be found (are you missing a using directive or an assembly reference?)
103>D:\Work\IOS-IG-SimHost-FDP-2\Hrot\Subsystems\Hrot.ReplayBrowser\ReplayBrowserSubsystem.cs(584,9,584,29): error CS0246: The type or namespace name 'EntityInspectorPanel' could not be found (are you missing a using directive or an assembly reference?)
103>D:\Work\IOS-IG-SimHost-FDP-2\Hrot\Subsystems\Hrot.ReplayBrowser\ReplayBrowserSubsystem.cs(585,9,585,27): error CS0246: The type or namespace name 'ComponentDiffPanel' could not be found (are you missing a using directive or an assembly reference?)
103>D:\Work\IOS-IG-SimHost-FDP-2\Hrot\Subsystems\Hrot.ReplayBrowser\ReplayBrowserSubsystem.cs(586,9,586,26): error CS0246: The type or namespace name 'EventBrowserPanel' could not be found (are you missing a using directive or an assembly reference?)
103>D:\Work\IOS-IG-SimHost-FDP-2\Hrot\Subsystems\Hrot.ReplayBrowser\ReplayBrowserSubsystem.cs(587,9,587,26): error CS0246: The type or namespace name 'ReplaySearchPanel' could not be found (are you missing a using directive or an assembly reference?)
103>D:\Work\IOS-IG-SimHost-FDP-2\Hrot\Subsystems\Hrot.ReplayBrowser\ReplayBrowserSubsystem.cs(660,46,660,52): error CS0246: The type or namespace name 'Entity' could not be found (are you missing a using directive or an assembly reference?)
103>D:\Work\IOS-IG-SimHost-FDP-2\Hrot\Subsystems\Hrot.ReplayBrowser\ReplayBrowserSubsystem.cs(768,9,768,31): error CS0246: The type or namespace name 'EntitySelectionHistory' could not be found (are you missing a using directive or an assembly reference?)
103>D:\Work\IOS-IG-SimHost-FDP-2\Hrot\Subsystems\Hrot.ReplayBrowser\ReplayBrowserSubsystem.cs(769,9,769,31): error CS0246: The type or namespace name 'PlaybackHistoryTracker' could not be found (are you missing a using directive or an assembly reference?)
103>D:\Work\IOS-IG-SimHost-FDP-2\Hrot\Subsystems\Hrot.ReplayBrowser\ReplayBrowserSubsystem.cs(770,9,770,23): error CS0246: The type or namespace name 'InspectorState' could not be found (are you missing a using directive or an assembly reference?)
103>D:\Work\IOS-IG-SimHost-FDP-2\Hrot\Subsystems\Hrot.ReplayBrowser\ReplayBrowserSubsystem.cs(771,9,771,29): error CS0246: The type or namespace name 'ReplayBrowserContext' could not be found (are you missing a using directive or an assembly reference?)
103>D:\Work\IOS-IG-SimHost-FDP-2\Hrot\Subsystems\Hrot.ReplayBrowser\ReplayBrowserSubsystem.cs(772,9,772,27): error CS0246: The type or namespace name 'ComponentDiffPanel' could not be found (are you missing a using directive or an assembly reference?)
103>D:\Work\IOS-IG-SimHost-FDP-2\Hrot\Subsystems\Hrot.ReplayBrowser\ReplayBrowserSubsystem.cs(773,9,773,26): error CS0246: The type or namespace name 'EventBrowserPanel' could not be found (are you missing a using directive or an assembly reference?)
103>D:\Work\IOS-IG-SimHost-FDP-2\Hrot\Subsystems\Hrot.ReplayBrowser\ReplayBrowserSubsystem.cs(767,46,767,52): error CS0246: The type or namespace name 'Entity' could not be found (are you missing a using directive or an assembly reference?)
103>D:\Work\IOS-IG-SimHost-FDP-2\Hrot\Subsystems\Hrot.ReplayBrowser\ReplayBrowserSubsystem.cs(767,80,767,86): error CS0246: The type or namespace name 'Entity' could not be found (are you missing a using directive or an assembly reference?)
103>D:\Work\IOS-IG-SimHost-FDP-2\Hrot\Subsystems\Hrot.ReplayBrowser\ReplayBrowserSubsystem.cs(817,56,817,62): error CS0246: The type or namespace name 'Entity' could not be found (are you missing a using directive or an assembly reference?)
103>D:\Work\IOS-IG-SimHost-FDP-2\Hrot\Subsystems\Hrot.ReplayBrowser\ReplayBrowserSubsystem.cs(832,40,832,46): error CS0246: The type or namespace name 'Entity' could not be found (are you missing a using directive or an assembly reference?)
103>D:\Work\IOS-IG-SimHost-FDP-2\Hrot\Subsystems\Hrot.ReplayBrowser\ReplayBrowserSubsystem.cs(870,68,870,74): error CS0246: The type or namespace name 'Entity' could not be found (are you missing a using directive or an assembly reference?)
103>D:\Work\IOS-IG-SimHost-FDP-2\Hrot\Subsystems\Hrot.ReplayBrowser\ReplayBrowserSubsystem.cs(870,27,870,35): error CS0246: The type or namespace name 'DiffNode' could not be found (are you missing a using directive or an assembly reference?)
103>D:\Work\IOS-IG-SimHost-FDP-2\Hrot\Subsystems\Hrot.ReplayBrowser\ReplayBrowserSubsystem.cs(912,68,912,74): error CS0246: The type or namespace name 'Entity' could not be found (are you missing a using directive or an assembly reference?)
103>D:\Work\IOS-IG-SimHost-FDP-2\Hrot\Subsystems\Hrot.ReplayBrowser\ReplayBrowserSubsystem.cs(912,28,912,36): error CS0246: The type or namespace name 'DiffNode' could not be found (are you missing a using directive or an assembly reference?)
103>D:\Work\IOS-IG-SimHost-FDP-2\Hrot\Subsystems\Hrot.ReplayBrowser\ReplayBrowserSubsystem.cs(916,40,916,43): error CS0246: The type or namespace name 'Fdp' could not be found (are you missing a using directive or an assembly reference?)
103>D:\Work\IOS-IG-SimHost-FDP-2\Hrot\Subsystems\Hrot.ReplayBrowser\ReplayBrowserSubsystem.cs(919,45,919,51): error CS0246: The type or namespace name 'Entity' could not be found (are you missing a using directive or an assembly reference?)
103>D:\Work\IOS-IG-SimHost-FDP-2\Hrot\Subsystems\Hrot.ReplayBrowser\ReplayBrowserSubsystem.cs(919,60,919,76): error CS0246: The type or namespace name 'EntityRepository' could not be found (are you missing a using directive or an assembly reference?)
103>D:\Work\IOS-IG-SimHost-FDP-2\Hrot\Subsystems\Hrot.ReplayBrowser\ReplayBrowserSubsystem.cs(926,13,926,19): error CS0246: The type or namespace name 'Entity' could not be found (are you missing a using directive or an assembly reference?)
103>D:\Work\IOS-IG-SimHost-FDP-2\Hrot\Subsystems\Hrot.ReplayBrowser\ReplayBrowserSubsystem.cs(940,55,940,78): error CS0246: The type or namespace name 'IRecordingExportService' could not be found (are you missing a using directive or an assembly reference?)
103>D:\Work\IOS-IG-SimHost-FDP-2\Hrot\Subsystems\Hrot.ReplayBrowser\ReplayBrowserSubsystem.cs(942,78,942,95): error CS0246: The type or namespace name 'JsonExportOptions' could not be found (are you missing a using directive or an assembly reference?)
103>D:\Work\IOS-IG-SimHost-FDP-2\Hrot\Subsystems\Hrot.ReplayBrowser\ReplayBrowserSubsystem.cs(945,50,945,68): error CS0246: The type or namespace name 'IFileDialogService' could not be found (are you missing a using directive or an assembly reference?)
103>D:\Work\IOS-IG-SimHost-FDP-2\Hrot\Subsystems\Hrot.ReplayBrowser\ReplayBrowserSubsystem.cs(958,55,958,58): error CS0246: The type or namespace name 'Fdp' could not be found (are you missing a using directive or an assembly reference?)
103>D:\Work\IOS-IG-SimHost-FDP-2\Hrot\Subsystems\Hrot.ReplayBrowser\ReplayBrowserSubsystem.cs(960,26,960,29): error CS0246: The type or namespace name 'Fdp' could not be found (are you missing a using directive or an assembly reference?)
103>D:\Work\IOS-IG-SimHost-FDP-2\Hrot\Subsystems\Hrot.ReplayBrowser\ReplayBrowserSubsystem.cs(962,17,962,20): error CS0246: The type or namespace name 'Fdp' could not be found (are you missing a using directive or an assembly reference?)
103>D:\Work\IOS-IG-SimHost-FDP-2\Hrot\Subsystems\Hrot.ReplayBrowser\ReplayBrowserSubsystem.cs(965,43,965,46): error CS0246: The type or namespace name 'Fdp' could not be found (are you missing a using directive or an assembly reference?)
103>D:\Work\IOS-IG-SimHost-FDP-2\Hrot\Subsystems\Hrot.ReplayBrowser\ReplayBrowserSubsystem.cs(996,68,996,71): error CS0246: The type or namespace name 'Fdp' could not be found (are you missing a using directive or an assembly reference?)
103>D:\Work\IOS-IG-SimHost-FDP-2\Hrot\Subsystems\Hrot.ReplayBrowser\ReplayBrowserSubsystem.cs(1011,53,1011,56): error CS0246: The type or namespace name 'Fdp' could not be found (are you missing a using directive or an assembly reference?)
103>D:\Work\IOS-IG-SimHost-FDP-2\Hrot\Subsystems\Hrot.ReplayBrowser\ReplayBrowserSubsystem.cs(1013,31,1013,34): error CS0246: The type or namespace name 'Fdp' could not be found (are you missing a using directive or an assembly reference?)
103>D:\Work\IOS-IG-SimHost-FDP-2\Hrot\Subsystems\Hrot.ReplayBrowser\ReplayBrowserSubsystem.cs(1015,46,1015,49): error CS0246: The type or namespace name 'Fdp' could not be found (are you missing a using directive or an assembly reference?)
103>D:\Work\IOS-IG-SimHost-FDP-2\Hrot\Subsystems\Hrot.ReplayBrowser\ReplayBrowserSubsystem.cs(1020,26,1020,29): error CS0246: The type or namespace name 'Fdp' could not be found (are you missing a using directive or an assembly reference?)
103>D:\Work\IOS-IG-SimHost-FDP-2\Hrot\Subsystems\Hrot.ReplayBrowser\ReplayBrowserSubsystem.cs(1020,76,1020,79): error CS0246: The type or namespace name 'Fdp' could not be found (are you missing a using directive or an assembly reference?)
103>Done building project "Hrot.ReplayBrowser.csproj" -- FAILED.
104>D:\Work\IOS-IG-SimHost-FDP-2\Hrot\Subsystems\Hrot.Editor\Adapters\EditorMapConfigAdapter.cs(1,7,1,10): error CS0246: The type or namespace name 'Fdp' could not be found (are you missing a using directive or an assembly reference?)
104>D:\Work\IOS-IG-SimHost-FDP-2\Hrot\Subsystems\Hrot.Editor\Adapters\EditorMapConfigAdapter.cs(2,12,2,15): error CS0234: The type or namespace name 'Map' does not exist in the namespace 'Hrot' (are you missing an assembly reference?)
104>D:\Work\IOS-IG-SimHost-FDP-2\Hrot\Subsystems\Hrot.Editor\Adapters\EditorMapConfigAdapter.cs(3,12,3,14): error CS0234: The type or namespace name 'UI' does not exist in the namespace 'Hrot' (are you missing an assembly reference?)
104>D:\Work\IOS-IG-SimHost-FDP-2\Hrot\Subsystems\Hrot.Editor\Adapters\EditorMapConfigAdapter.cs(4,12,4,14): error CS0234: The type or namespace name 'UI' does not exist in the namespace 'Hrot' (are you missing an assembly reference?)
104>D:\Work\IOS-IG-SimHost-FDP-2\Hrot\Subsystems\Hrot.Editor\Adapters\EditorMapPickAdapter.cs(5,7,5,10): error CS0246: The type or namespace name 'Fdp' could not be found (are you missing a using directive or an assembly reference?)
104>D:\Work\IOS-IG-SimHost-FDP-2\Hrot\Subsystems\Hrot.Editor\Adapters\EditorMapPickAdapter.cs(6,7,6,10): error CS0246: The type or namespace name 'Fdp' could not be found (are you missing a using directive or an assembly reference?)
104>D:\Work\IOS-IG-SimHost-FDP-2\Hrot\Subsystems\Hrot.Editor\Adapters\EditorMapPickAdapter.cs(7,7,7,10): error CS0246: The type or namespace name 'Fdp' could not be found (are you missing a using directive or an assembly reference?)
104>D:\Work\IOS-IG-SimHost-FDP-2\Hrot\Subsystems\Hrot.Editor\Adapters\EditorMapPickAdapter.cs(8,7,8,10): error CS0246: The type or namespace name 'Fdp' could not be found (are you missing a using directive or an assembly reference?)
104>D:\Work\IOS-IG-SimHost-FDP-2\Hrot\Subsystems\Hrot.Editor\Adapters\EditorMapPickAdapter.cs(9,7,9,10): error CS0246: The type or namespace name 'Fdp' could not be found (are you missing a using directive or an assembly reference?)
104>D:\Work\IOS-IG-SimHost-FDP-2\Hrot\Subsystems\Hrot.Editor\Adapters\EditorMapPickAdapter.cs(10,7,10,10): error CS0246: The type or namespace name 'Fdp' could not be found (are you missing a using directive or an assembly reference?)
104>D:\Work\IOS-IG-SimHost-FDP-2\Hrot\Subsystems\Hrot.Editor\Adapters\EditorMapPickAdapter.cs(12,12,12,14): error CS0234: The type or namespace name 'IG' does not exist in the namespace 'Hrot' (are you missing an assembly reference?)
104>D:\Work\IOS-IG-SimHost-FDP-2\Hrot\Subsystems\Hrot.Editor\Adapters\EditorMapPickAdapter.cs(13,12,13,26): error CS0234: The type or namespace name 'ScenarioEditor' does not exist in the namespace 'Hrot' (are you missing an assembly reference?)
104>D:\Work\IOS-IG-SimHost-FDP-2\Hrot\Subsystems\Hrot.Editor\Adapters\EditorMapPickAdapter.cs(14,12,14,14): error CS0234: The type or namespace name 'UI' does not exist in the namespace 'Hrot' (are you missing an assembly reference?)
104>D:\Work\IOS-IG-SimHost-FDP-2\Hrot\Subsystems\Hrot.Editor\Adapters\EditorMissionService.cs(4,7,4,10): error CS0246: The type or namespace name 'Fdp' could not be found (are you missing a using directive or an assembly reference?)
104>D:\Work\IOS-IG-SimHost-FDP-2\Hrot\Subsystems\Hrot.Editor\Adapters\EditorMissionService.cs(5,7,5,10): error CS0246: The type or namespace name 'Fdp' could not be found (are you missing a using directive or an assembly reference?)
104>D:\Work\IOS-IG-SimHost-FDP-2\Hrot\Subsystems\Hrot.Editor\Adapters\EditorMissionService.cs(6,7,6,10): error CS0246: The type or namespace name 'Fdp' could not be found (are you missing a using directive or an assembly reference?)
104>D:\Work\IOS-IG-SimHost-FDP-2\Hrot\Subsystems\Hrot.Editor\Adapters\EditorMissionService.cs(7,7,7,10): error CS0246: The type or namespace name 'Fdp' could not be found (are you missing a using directive or an assembly reference?)
104>D:\Work\IOS-IG-SimHost-FDP-2\Hrot\Subsystems\Hrot.Editor\Adapters\EditorMissionService.cs(8,12,8,16): error CS0234: The type or namespace name 'Core' does not exist in the namespace 'Hrot' (are you missing an assembly reference?)
104>D:\Work\IOS-IG-SimHost-FDP-2\Hrot\Subsystems\Hrot.Editor\Adapters\EditorMissionService.cs(9,12,9,18): error CS0234: The type or namespace name 'Common' does not exist in the namespace 'Hrot' (are you missing an assembly reference?)
104>D:\Work\IOS-IG-SimHost-FDP-2\Hrot\Subsystems\Hrot.Editor\Adapters\EditorMissionService.cs(10,12,10,15): error CS0234: The type or namespace name 'Map' does not exist in the namespace 'Hrot' (are you missing an assembly reference?)
104>D:\Work\IOS-IG-SimHost-FDP-2\Hrot\Subsystems\Hrot.Editor\Adapters\EditorMissionService.cs(11,12,11,14): error CS0234: The type or namespace name 'UI' does not exist in the namespace 'Hrot' (are you missing an assembly reference?)
104>D:\Work\IOS-IG-SimHost-FDP-2\Hrot\Subsystems\Hrot.Editor\Adapters\EditorMissionService.cs(12,12,12,14): error CS0234: The type or namespace name 'UI' does not exist in the namespace 'Hrot' (are you missing an assembly reference?)
104>D:\Work\IOS-IG-SimHost-FDP-2\Hrot\Subsystems\Hrot.Editor\Adapters\EditorOrbatAdapter.cs(2,7,2,10): error CS0246: The type or namespace name 'Fdp' could not be found (are you missing a using directive or an assembly reference?)
104>D:\Work\IOS-IG-SimHost-FDP-2\Hrot\Subsystems\Hrot.Editor\Adapters\EditorOrbatAdapter.cs(3,7,3,10): error CS0246: The type or namespace name 'Fdp' could not be found (are you missing a using directive or an assembly reference?)
104>D:\Work\IOS-IG-SimHost-FDP-2\Hrot\Subsystems\Hrot.Editor\Adapters\EditorOrbatAdapter.cs(4,7,4,10): error CS0246: The type or namespace name 'Fdp' could not be found (are you missing a using directive or an assembly reference?)
104>D:\Work\IOS-IG-SimHost-FDP-2\Hrot\Subsystems\Hrot.Editor\Adapters\EditorOrbatAdapter.cs(5,7,5,10): error CS0246: The type or namespace name 'Fdp' could not be found (are you missing a using directive or an assembly reference?)
104>D:\Work\IOS-IG-SimHost-FDP-2\Hrot\Subsystems\Hrot.Editor\Adapters\EditorOrbatAdapter.cs(6,12,6,14): error CS0234: The type or namespace name 'UI' does not exist in the namespace 'Hrot' (are you missing an assembly reference?)
104>D:\Work\IOS-IG-SimHost-FDP-2\Hrot\Subsystems\Hrot.Editor\Adapters\EditorOrbatAdapter.cs(7,12,7,14): error CS0234: The type or namespace name 'UI' does not exist in the namespace 'Hrot' (are you missing an assembly reference?)
104>D:\Work\IOS-IG-SimHost-FDP-2\Hrot\Subsystems\Hrot.Editor\Adapters\EditorPreviewAdapter.cs(1,12,1,18): error CS0234: The type or namespace name 'Common' does not exist in the namespace 'Hrot' (are you missing an assembly reference?)
104>D:\Work\IOS-IG-SimHost-FDP-2\Hrot\Subsystems\Hrot.Editor\Adapters\EditorPreviewAdapter.cs(2,12,2,26): error CS0234: The type or namespace name 'ScenarioEditor' does not exist in the namespace 'Hrot' (are you missing an assembly reference?)
104>D:\Work\IOS-IG-SimHost-FDP-2\Hrot\Subsystems\Hrot.Editor\Adapters\EditorPreviewAdapter.cs(3,12,3,14): error CS0234: The type or namespace name 'UI' does not exist in the namespace 'Hrot' (are you missing an assembly reference?)
104>D:\Work\IOS-IG-SimHost-FDP-2\Hrot\Subsystems\Hrot.Editor\Adapters\EditorSpawnAdapter.cs(2,7,2,10): error CS0246: The type or namespace name 'Fdp' could not be found (are you missing a using directive or an assembly reference?)
104>D:\Work\IOS-IG-SimHost-FDP-2\Hrot\Subsystems\Hrot.Editor\Adapters\EditorSpawnAdapter.cs(3,7,3,10): error CS0246: The type or namespace name 'Fdp' could not be found (are you missing a using directive or an assembly reference?)
104>D:\Work\IOS-IG-SimHost-FDP-2\Hrot\Subsystems\Hrot.Editor\Adapters\EditorSpawnAdapter.cs(4,7,4,10): error CS0246: The type or namespace name 'Fdp' could not be found (are you missing a using directive or an assembly reference?)
104>D:\Work\IOS-IG-SimHost-FDP-2\Hrot\Subsystems\Hrot.Editor\Adapters\EditorSpawnAdapter.cs(5,7,5,10): error CS0246: The type or namespace name 'Fdp' could not be found (are you missing a using directive or an assembly reference?)
104>D:\Work\IOS-IG-SimHost-FDP-2\Hrot\Subsystems\Hrot.Editor\Adapters\EditorSpawnAdapter.cs(6,7,6,10): error CS0246: The type or namespace name 'Fdp' could not be found (are you missing a using directive or an assembly reference?)
104>D:\Work\IOS-IG-SimHost-FDP-2\Hrot\Subsystems\Hrot.Editor\Adapters\EditorSpawnAdapter.cs(7,7,7,10): error CS0246: The type or namespace name 'Fdp' could not be found (are you missing a using directive or an assembly reference?)
104>D:\Work\IOS-IG-SimHost-FDP-2\Hrot\Subsystems\Hrot.Editor\Adapters\EditorSpawnAdapter.cs(8,7,8,10): error CS0246: The type or namespace name 'Fdp' could not be found (are you missing a using directive or an assembly reference?)
104>D:\Work\IOS-IG-SimHost-FDP-2\Hrot\Subsystems\Hrot.Editor\Adapters\EditorSpawnAdapter.cs(9,7,9,10): error CS0246: The type or namespace name 'Fdp' could not be found (are you missing a using directive or an assembly reference?)
104>D:\Work\IOS-IG-SimHost-FDP-2\Hrot\Subsystems\Hrot.Editor\Adapters\EditorSpawnAdapter.cs(10,12,10,14): error CS0234: The type or namespace name 'IG' does not exist in the namespace 'Hrot' (are you missing an assembly reference?)
104>D:\Work\IOS-IG-SimHost-FDP-2\Hrot\Subsystems\Hrot.Editor\Adapters\EditorSpawnAdapter.cs(11,12,11,15): error CS0234: The type or namespace name 'Map' does not exist in the namespace 'Hrot' (are you missing an assembly reference?)
104>D:\Work\IOS-IG-SimHost-FDP-2\Hrot\Subsystems\Hrot.Editor\Adapters\EditorSpawnAdapter.cs(12,12,12,15): error CS0234: The type or namespace name 'Map' does not exist in the namespace 'Hrot' (are you missing an assembly reference?)
104>D:\Work\IOS-IG-SimHost-FDP-2\Hrot\Subsystems\Hrot.Editor\Adapters\EditorSpawnAdapter.cs(13,12,13,14): error CS0234: The type or namespace name 'UI' does not exist in the namespace 'Hrot' (are you missing an assembly reference?)
104>D:\Work\IOS-IG-SimHost-FDP-2\Hrot\Subsystems\Hrot.Editor\Adapters\EditorSpawnAdapter.cs(14,12,14,26): error CS0234: The type or namespace name 'ScenarioEditor' does not exist in the namespace 'Hrot' (are you missing an assembly reference?)
104>D:\Work\IOS-IG-SimHost-FDP-2\Hrot\Subsystems\Hrot.Editor\Adapters\EditorSpawnAdapter.cs(15,7,15,10): error CS0246: The type or namespace name 'Fdp' could not be found (are you missing a using directive or an assembly reference?)
104>D:\Work\IOS-IG-SimHost-FDP-2\Hrot\Subsystems\Hrot.Editor\Adapters\EditorSpawnAdapter.cs(16,12,16,16): error CS0234: The type or namespace name 'Core' does not exist in the namespace 'Hrot' (are you missing an assembly reference?)
104>D:\Work\IOS-IG-SimHost-FDP-2\Hrot\Subsystems\Hrot.Editor\Adapters\EditorZoneAdapter.cs(2,7,2,10): error CS0246: The type or namespace name 'Fdp' could not be found (are you missing a using directive or an assembly reference?)
104>D:\Work\IOS-IG-SimHost-FDP-2\Hrot\Subsystems\Hrot.Editor\Adapters\EditorZoneAdapter.cs(3,7,3,10): error CS0246: The type or namespace name 'Fdp' could not be found (are you missing a using directive or an assembly reference?)
104>D:\Work\IOS-IG-SimHost-FDP-2\Hrot\Subsystems\Hrot.Editor\Adapters\EditorZoneAdapter.cs(4,7,4,10): error CS0246: The type or namespace name 'Fdp' could not be found (are you missing a using directive or an assembly reference?)
104>D:\Work\IOS-IG-SimHost-FDP-2\Hrot\Subsystems\Hrot.Editor\Adapters\EditorZoneAdapter.cs(6,12,6,15): error CS0234: The type or namespace name 'Map' does not exist in the namespace 'Hrot' (are you missing an assembly reference?)
104>D:\Work\IOS-IG-SimHost-FDP-2\Hrot\Subsystems\Hrot.Editor\Adapters\EditorZoneAdapter.cs(7,12,7,26): error CS0234: The type or namespace name 'ScenarioEditor' does not exist in the namespace 'Hrot' (are you missing an assembly reference?)
104>D:\Work\IOS-IG-SimHost-FDP-2\Hrot\Subsystems\Hrot.Editor\Adapters\EditorZoneAdapter.cs(8,12,8,14): error CS0234: The type or namespace name 'UI' does not exist in the namespace 'Hrot' (are you missing an assembly reference?)
104>D:\Work\IOS-IG-SimHost-FDP-2\Hrot\Subsystems\Hrot.Editor\AiHotReloadCoordinator.cs(9,7,9,10): error CS0246: The type or namespace name 'Fdp' could not be found (are you missing a using directive or an assembly reference?)
104>D:\Work\IOS-IG-SimHost-FDP-2\Hrot\Subsystems\Hrot.Editor\AiHotReloadCoordinator.cs(10,7,10,10): error CS0246: The type or namespace name 'Fdp' could not be found (are you missing a using directive or an assembly reference?)
104>D:\Work\IOS-IG-SimHost-FDP-2\Hrot\Subsystems\Hrot.Editor\AiHotReloadCoordinator.cs(11,7,11,10): error CS0246: The type or namespace name 'Fdp' could not be found (are you missing a using directive or an assembly reference?)
104>D:\Work\IOS-IG-SimHost-FDP-2\Hrot\Subsystems\Hrot.Editor\AiHotReloadCoordinator.cs(12,7,12,10): error CS0246: The type or namespace name 'Fdp' could not be found (are you missing a using directive or an assembly reference?)
104>D:\Work\IOS-IG-SimHost-FDP-2\Hrot\Subsystems\Hrot.Editor\AiHotReloadCoordinator.cs(13,7,13,10): error CS0246: The type or namespace name 'Fdp' could not be found (are you missing a using directive or an assembly reference?)
104>D:\Work\IOS-IG-SimHost-FDP-2\Hrot\Subsystems\Hrot.Editor\AiHotReloadCoordinator.cs(14,7,14,10): error CS0246: The type or namespace name 'Fdp' could not be found (are you missing a using directive or an assembly reference?)
104>D:\Work\IOS-IG-SimHost-FDP-2\Hrot\Subsystems\Hrot.Editor\AiHotReloadCoordinator.cs(15,7,15,11): error CS0246: The type or namespace name 'Fhsm' could not be found (are you missing a using directive or an assembly reference?)
104>D:\Work\IOS-IG-SimHost-FDP-2\Hrot\Subsystems\Hrot.Editor\AiHotReloadCoordinator.cs(16,7,16,11): error CS0246: The type or namespace name 'Fhsm' could not be found (are you missing a using directive or an assembly reference?)
104>D:\Work\IOS-IG-SimHost-FDP-2\Hrot\Subsystems\Hrot.Editor\Commands\CenterOnEntityCommand.cs(1,7,1,10): error CS0246: The type or namespace name 'Fdp' could not be found (are you missing a using directive or an assembly reference?)
104>D:\Work\IOS-IG-SimHost-FDP-2\Hrot\Subsystems\Hrot.Editor\EditorApplication.cs(6,7,6,10): error CS0246: The type or namespace name 'Fdp' could not be found (are you missing a using directive or an assembly reference?)
104>D:\Work\IOS-IG-SimHost-FDP-2\Hrot\Subsystems\Hrot.Editor\EditorApplication.cs(7,7,7,10): error CS0246: The type or namespace name 'Fdp' could not be found (are you missing a using directive or an assembly reference?)
104>D:\Work\IOS-IG-SimHost-FDP-2\Hrot\Subsystems\Hrot.Editor\EditorApplication.cs(8,7,8,10): error CS0246: The type or namespace name 'Fdp' could not be found (are you missing a using directive or an assembly reference?)
104>D:\Work\IOS-IG-SimHost-FDP-2\Hrot\Subsystems\Hrot.Editor\EditorApplication.cs(9,7,9,10): error CS0246: The type or namespace name 'Fdp' could not be found (are you missing a using directive or an assembly reference?)
104>D:\Work\IOS-IG-SimHost-FDP-2\Hrot\Subsystems\Hrot.Editor\EditorApplication.cs(10,7,10,10): error CS0246: The type or namespace name 'Fdp' could not be found (are you missing a using directive or an assembly reference?)
104>D:\Work\IOS-IG-SimHost-FDP-2\Hrot\Subsystems\Hrot.Editor\EditorApplication.cs(11,12,11,18): error CS0234: The type or namespace name 'Common' does not exist in the namespace 'Hrot' (are you missing an assembly reference?)
104>D:\Work\IOS-IG-SimHost-FDP-2\Hrot\Subsystems\Hrot.Editor\EditorApplication.cs(16,12,16,26): error CS0234: The type or namespace name 'ScenarioEditor' does not exist in the namespace 'Hrot' (are you missing an assembly reference?)
104>D:\Work\IOS-IG-SimHost-FDP-2\Hrot\Subsystems\Hrot.Editor\EditorApplication.cs(17,7,17,10): error CS0246: The type or namespace name 'Fdp' could not be found (are you missing a using directive or an assembly reference?)
104>D:\Work\IOS-IG-SimHost-FDP-2\Hrot\Subsystems\Hrot.Editor\EditorApplication.cs(18,7,18,10): error CS0246: The type or namespace name 'Fdp' could not be found (are you missing a using directive or an assembly reference?)
104>D:\Work\IOS-IG-SimHost-FDP-2\Hrot\Subsystems\Hrot.Editor\EditorBootstrap.cs(1,7,1,10): error CS0246: The type or namespace name 'Fdp' could not be found (are you missing a using directive or an assembly reference?)
104>D:\Work\IOS-IG-SimHost-FDP-2\Hrot\Subsystems\Hrot.Editor\EditorBootstrap.cs(2,7,2,10): error CS0246: The type or namespace name 'Fdp' could not be found (are you missing a using directive or an assembly reference?)
104>D:\Work\IOS-IG-SimHost-FDP-2\Hrot\Subsystems\Hrot.Editor\EditorBootstrap.cs(3,7,3,10): error CS0246: The type or namespace name 'Fdp' could not be found (are you missing a using directive or an assembly reference?)
104>D:\Work\IOS-IG-SimHost-FDP-2\Hrot\Subsystems\Hrot.Editor\EditorBootstrap.cs(4,7,4,10): error CS0246: The type or namespace name 'Fdp' could not be found (are you missing a using directive or an assembly reference?)
104>D:\Work\IOS-IG-SimHost-FDP-2\Hrot\Subsystems\Hrot.Editor\EditorBootstrap.cs(5,12,5,18): error CS0234: The type or namespace name 'Common' does not exist in the namespace 'Hrot' (are you missing an assembly reference?)
104>D:\Work\IOS-IG-SimHost-FDP-2\Hrot\Subsystems\Hrot.Editor\EditorBootstrap.cs(6,12,6,18): error CS0234: The type or namespace name 'Common' does not exist in the namespace 'Hrot' (are you missing an assembly reference?)
104>D:\Work\IOS-IG-SimHost-FDP-2\Hrot\Subsystems\Hrot.Editor\EditorBootstrap.cs(7,12,7,24): error CS0234: The type or namespace name 'Orchestrator' does not exist in the namespace 'Hrot' (are you missing an assembly reference?)
104>D:\Work\IOS-IG-SimHost-FDP-2\Hrot\Subsystems\Hrot.Editor\EditorBootstrap.cs(8,12,8,26): error CS0234: The type or namespace name 'ScenarioEditor' does not exist in the namespace 'Hrot' (are you missing an assembly reference?)
104>D:\Work\IOS-IG-SimHost-FDP-2\Hrot\Subsystems\Hrot.Editor\EditorSubsystem.cs(87,30,87,33): error CS0246: The type or namespace name 'Fdp' could not be found (are you missing a using directive or an assembly reference?)
104>D:\Work\IOS-IG-SimHost-FDP-2\Hrot\Subsystems\Hrot.Editor\EditorSubsystem.cs(88,30,88,33): error CS0246: The type or namespace name 'Fdp' could not be found (are you missing a using directive or an assembly reference?)
104>D:\Work\IOS-IG-SimHost-FDP-2\Hrot\Subsystems\Hrot.Editor\EditorSubsystem.cs(89,27,89,30): error CS0246: The type or namespace name 'Fdp' could not be found (are you missing a using directive or an assembly reference?)
104>D:\Work\IOS-IG-SimHost-FDP-2\Hrot\Subsystems\Hrot.Editor\EditorSubsystem.cs(85,28,85,31): error CS0246: The type or namespace name 'Fdp' could not be found (are you missing a using directive or an assembly reference?)
104>D:\Work\IOS-IG-SimHost-FDP-2\Hrot\Subsystems\Hrot.Editor\EditorSubsystem.cs(86,33,86,36): error CS0246: The type or namespace name 'Fdp' could not be found (are you missing a using directive or an assembly reference?)
104>D:\Work\IOS-IG-SimHost-FDP-2\Hrot\Subsystems\Hrot.Editor\EditorSubsystem.cs(6,7,6,10): error CS0246: The type or namespace name 'Fbt' could not be found (are you missing a using directive or an assembly reference?)
104>D:\Work\IOS-IG-SimHost-FDP-2\Hrot\Subsystems\Hrot.Editor\EditorSubsystem.cs(7,7,7,10): error CS0246: The type or namespace name 'Fbt' could not be found (are you missing a using directive or an assembly reference?)
104>D:\Work\IOS-IG-SimHost-FDP-2\Hrot\Subsystems\Hrot.Editor\EditorSubsystem.cs(8,7,8,10): error CS0246: The type or namespace name 'Fbt' could not be found (are you missing a using directive or an assembly reference?)
104>D:\Work\IOS-IG-SimHost-FDP-2\Hrot\Subsystems\Hrot.Editor\EditorSubsystem.cs(9,7,9,10): error CS0246: The type or namespace name 'Fdp' could not be found (are you missing a using directive or an assembly reference?)
104>D:\Work\IOS-IG-SimHost-FDP-2\Hrot\Subsystems\Hrot.Editor\EditorSubsystem.cs(10,7,10,10): error CS0246: The type or namespace name 'Fdp' could not be found (are you missing a using directive or an assembly reference?)
104>D:\Work\IOS-IG-SimHost-FDP-2\Hrot\Subsystems\Hrot.Editor\EditorSubsystem.cs(11,7,11,10): error CS0246: The type or namespace name 'Fdp' could not be found (are you missing a using directive or an assembly reference?)
104>D:\Work\IOS-IG-SimHost-FDP-2\Hrot\Subsystems\Hrot.Editor\EditorSubsystem.cs(12,7,12,10): error CS0246: The type or namespace name 'Fdp' could not be found (are you missing a using directive or an assembly reference?)
104>D:\Work\IOS-IG-SimHost-FDP-2\Hrot\Subsystems\Hrot.Editor\EditorSubsystem.cs(13,7,13,10): error CS0246: The type or namespace name 'Fdp' could not be found (are you missing a using directive or an assembly reference?)
104>D:\Work\IOS-IG-SimHost-FDP-2\Hrot\Subsystems\Hrot.Editor\EditorSubsystem.cs(14,7,14,10): error CS0246: The type or namespace name 'Fdp' could not be found (are you missing a using directive or an assembly reference?)
104>D:\Work\IOS-IG-SimHost-FDP-2\Hrot\Subsystems\Hrot.Editor\EditorSubsystem.cs(15,7,15,10): error CS0246: The type or namespace name 'Fdp' could not be found (are you missing a using directive or an assembly reference?)
104>D:\Work\IOS-IG-SimHost-FDP-2\Hrot\Subsystems\Hrot.Editor\EditorSubsystem.cs(16,7,16,10): error CS0246: The type or namespace name 'Fdp' could not be found (are you missing a using directive or an assembly reference?)
104>D:\Work\IOS-IG-SimHost-FDP-2\Hrot\Subsystems\Hrot.Editor\EditorSubsystem.cs(17,7,17,10): error CS0246: The type or namespace name 'Fdp' could not be found (are you missing a using directive or an assembly reference?)
104>D:\Work\IOS-IG-SimHost-FDP-2\Hrot\Subsystems\Hrot.Editor\EditorSubsystem.cs(18,7,18,10): error CS0246: The type or namespace name 'Fdp' could not be found (are you missing a using directive or an assembly reference?)
104>D:\Work\IOS-IG-SimHost-FDP-2\Hrot\Subsystems\Hrot.Editor\EditorSubsystem.cs(19,7,19,10): error CS0246: The type or namespace name 'Fdp' could not be found (are you missing a using directive or an assembly reference?)
104>D:\Work\IOS-IG-SimHost-FDP-2\Hrot\Subsystems\Hrot.Editor\EditorSubsystem.cs(20,7,20,10): error CS0246: The type or namespace name 'Fdp' could not be found (are you missing a using directive or an assembly reference?)
104>D:\Work\IOS-IG-SimHost-FDP-2\Hrot\Subsystems\Hrot.Editor\EditorSubsystem.cs(21,7,21,10): error CS0246: The type or namespace name 'Fdp' could not be found (are you missing a using directive or an assembly reference?)
104>D:\Work\IOS-IG-SimHost-FDP-2\Hrot\Subsystems\Hrot.Editor\EditorSubsystem.cs(22,7,22,10): error CS0246: The type or namespace name 'Fdp' could not be found (are you missing a using directive or an assembly reference?)
104>D:\Work\IOS-IG-SimHost-FDP-2\Hrot\Subsystems\Hrot.Editor\EditorSubsystem.cs(23,7,23,10): error CS0246: The type or namespace name 'Fdp' could not be found (are you missing a using directive or an assembly reference?)
104>D:\Work\IOS-IG-SimHost-FDP-2\Hrot\Subsystems\Hrot.Editor\EditorSubsystem.cs(24,7,24,10): error CS0246: The type or namespace name 'Fdp' could not be found (are you missing a using directive or an assembly reference?)
104>D:\Work\IOS-IG-SimHost-FDP-2\Hrot\Subsystems\Hrot.Editor\EditorSubsystem.cs(25,7,25,10): error CS0246: The type or namespace name 'Fdp' could not be found (are you missing a using directive or an assembly reference?)
104>D:\Work\IOS-IG-SimHost-FDP-2\Hrot\Subsystems\Hrot.Editor\EditorSubsystem.cs(26,7,26,10): error CS0246: The type or namespace name 'Fdp' could not be found (are you missing a using directive or an assembly reference?)
104>D:\Work\IOS-IG-SimHost-FDP-2\Hrot\Subsystems\Hrot.Editor\EditorSubsystem.cs(27,7,27,10): error CS0246: The type or namespace name 'Fdp' could not be found (are you missing a using directive or an assembly reference?)
104>D:\Work\IOS-IG-SimHost-FDP-2\Hrot\Subsystems\Hrot.Editor\EditorSubsystem.cs(28,7,28,10): error CS0246: The type or namespace name 'Fdp' could not be found (are you missing a using directive or an assembly reference?)
104>D:\Work\IOS-IG-SimHost-FDP-2\Hrot\Subsystems\Hrot.Editor\EditorSubsystem.cs(29,7,29,10): error CS0246: The type or namespace name 'Fdp' could not be found (are you missing a using directive or an assembly reference?)
104>D:\Work\IOS-IG-SimHost-FDP-2\Hrot\Subsystems\Hrot.Editor\EditorSubsystem.cs(30,7,30,10): error CS0246: The type or namespace name 'Fdp' could not be found (are you missing a using directive or an assembly reference?)
104>D:\Work\IOS-IG-SimHost-FDP-2\Hrot\Subsystems\Hrot.Editor\EditorSubsystem.cs(31,7,31,10): error CS0246: The type or namespace name 'Fdp' could not be found (are you missing a using directive or an assembly reference?)
104>D:\Work\IOS-IG-SimHost-FDP-2\Hrot\Subsystems\Hrot.Editor\EditorSubsystem.cs(32,7,32,10): error CS0246: The type or namespace name 'Fdp' could not be found (are you missing a using directive or an assembly reference?)
104>D:\Work\IOS-IG-SimHost-FDP-2\Hrot\Subsystems\Hrot.Editor\EditorSubsystem.cs(33,7,33,10): error CS0246: The type or namespace name 'Fdp' could not be found (are you missing a using directive or an assembly reference?)
104>D:\Work\IOS-IG-SimHost-FDP-2\Hrot\Subsystems\Hrot.Editor\EditorSubsystem.cs(34,7,34,10): error CS0246: The type or namespace name 'Fdp' could not be found (are you missing a using directive or an assembly reference?)
104>D:\Work\IOS-IG-SimHost-FDP-2\Hrot\Subsystems\Hrot.Editor\EditorSubsystem.cs(35,7,35,10): error CS0246: The type or namespace name 'Fdp' could not be found (are you missing a using directive or an assembly reference?)
104>D:\Work\IOS-IG-SimHost-FDP-2\Hrot\Subsystems\Hrot.Editor\EditorSubsystem.cs(36,7,36,10): error CS0246: The type or namespace name 'Fdp' could not be found (are you missing a using directive or an assembly reference?)
104>D:\Work\IOS-IG-SimHost-FDP-2\Hrot\Subsystems\Hrot.Editor\EditorSubsystem.cs(37,7,37,10): error CS0246: The type or namespace name 'Fdp' could not be found (are you missing a using directive or an assembly reference?)
104>D:\Work\IOS-IG-SimHost-FDP-2\Hrot\Subsystems\Hrot.Editor\EditorSubsystem.cs(38,7,38,10): error CS0246: The type or namespace name 'Fdp' could not be found (are you missing a using directive or an assembly reference?)
104>D:\Work\IOS-IG-SimHost-FDP-2\Hrot\Subsystems\Hrot.Editor\EditorSubsystem.cs(39,7,39,10): error CS0246: The type or namespace name 'Fdp' could not be found (are you missing a using directive or an assembly reference?)
104>D:\Work\IOS-IG-SimHost-FDP-2\Hrot\Subsystems\Hrot.Editor\EditorSubsystem.cs(40,7,40,10): error CS0246: The type or namespace name 'Fdp' could not be found (are you missing a using directive or an assembly reference?)
104>D:\Work\IOS-IG-SimHost-FDP-2\Hrot\Subsystems\Hrot.Editor\EditorSubsystem.cs(41,7,41,10): error CS0246: The type or namespace name 'Fdp' could not be found (are you missing a using directive or an assembly reference?)
104>D:\Work\IOS-IG-SimHost-FDP-2\Hrot\Subsystems\Hrot.Editor\EditorSubsystem.cs(42,7,42,10): error CS0246: The type or namespace name 'Fdp' could not be found (are you missing a using directive or an assembly reference?)
104>D:\Work\IOS-IG-SimHost-FDP-2\Hrot\Subsystems\Hrot.Editor\EditorSubsystem.cs(43,7,43,10): error CS0246: The type or namespace name 'Fdp' could not be found (are you missing a using directive or an assembly reference?)
104>D:\Work\IOS-IG-SimHost-FDP-2\Hrot\Subsystems\Hrot.Editor\EditorSubsystem.cs(44,12,44,15): error CS0234: The type or namespace name 'CGF' does not exist in the namespace 'Hrot' (are you missing an assembly reference?)
104>D:\Work\IOS-IG-SimHost-FDP-2\Hrot\Subsystems\Hrot.Editor\EditorSubsystem.cs(45,12,45,15): error CS0234: The type or namespace name 'CGF' does not exist in the namespace 'Hrot' (are you missing an assembly reference?)
104>D:\Work\IOS-IG-SimHost-FDP-2\Hrot\Subsystems\Hrot.Editor\EditorSubsystem.cs(46,12,46,15): error CS0234: The type or namespace name 'CGF' does not exist in the namespace 'Hrot' (are you missing an assembly reference?)
104>D:\Work\IOS-IG-SimHost-FDP-2\Hrot\Subsystems\Hrot.Editor\EditorSubsystem.cs(48,12,48,24): error CS0234: The type or namespace name 'Orchestrator' does not exist in the namespace 'Hrot' (are you missing an assembly reference?)
104>D:\Work\IOS-IG-SimHost-FDP-2\Hrot\Subsystems\Hrot.Editor\EditorSubsystem.cs(49,12,49,24): error CS0234: The type or namespace name 'Presentation' does not exist in the namespace 'Hrot' (are you missing an assembly reference?)
104>D:\Work\IOS-IG-SimHost-FDP-2\Hrot\Subsystems\Hrot.Editor\EditorSubsystem.cs(50,12,50,18): error CS0234: The type or namespace name 'Common' does not exist in the namespace 'Hrot' (are you missing an assembly reference?)
104>D:\Work\IOS-IG-SimHost-FDP-2\Hrot\Subsystems\Hrot.Editor\EditorSubsystem.cs(51,12,51,18): error CS0234: The type or namespace name 'Common' does not exist in the namespace 'Hrot' (are you missing an assembly reference?)
104>D:\Work\IOS-IG-SimHost-FDP-2\Hrot\Subsystems\Hrot.Editor\EditorSubsystem.cs(52,12,52,18): error CS0234: The type or namespace name 'Common' does not exist in the namespace 'Hrot' (are you missing an assembly reference?)
104>D:\Work\IOS-IG-SimHost-FDP-2\Hrot\Subsystems\Hrot.Editor\EditorSubsystem.cs(53,12,53,18): error CS0234: The type or namespace name 'Common' does not exist in the namespace 'Hrot' (are you missing an assembly reference?)
104>D:\Work\IOS-IG-SimHost-FDP-2\Hrot\Subsystems\Hrot.Editor\EditorSubsystem.cs(54,12,54,18): error CS0234: The type or namespace name 'Common' does not exist in the namespace 'Hrot' (are you missing an assembly reference?)
104>D:\Work\IOS-IG-SimHost-FDP-2\Hrot\Subsystems\Hrot.Editor\EditorSubsystem.cs(55,12,55,18): error CS0234: The type or namespace name 'Common' does not exist in the namespace 'Hrot' (are you missing an assembly reference?)
104>D:\Work\IOS-IG-SimHost-FDP-2\Hrot\Subsystems\Hrot.Editor\EditorSubsystem.cs(62,12,62,14): error CS0234: The type or namespace name 'IG' does not exist in the namespace 'Hrot' (are you missing an assembly reference?)
104>D:\Work\IOS-IG-SimHost-FDP-2\Hrot\Subsystems\Hrot.Editor\EditorSubsystem.cs(63,12,63,14): error CS0234: The type or namespace name 'IG' does not exist in the namespace 'Hrot' (are you missing an assembly reference?)
104>D:\Work\IOS-IG-SimHost-FDP-2\Hrot\Subsystems\Hrot.Editor\EditorSubsystem.cs(64,12,64,14): error CS0234: The type or namespace name 'IG' does not exist in the namespace 'Hrot' (are you missing an assembly reference?)
104>D:\Work\IOS-IG-SimHost-FDP-2\Hrot\Subsystems\Hrot.Editor\EditorSubsystem.cs(65,12,65,15): error CS0234: The type or namespace name 'Map' does not exist in the namespace 'Hrot' (are you missing an assembly reference?)
104>D:\Work\IOS-IG-SimHost-FDP-2\Hrot\Subsystems\Hrot.Editor\EditorSubsystem.cs(66,12,66,15): error CS0234: The type or namespace name 'Map' does not exist in the namespace 'Hrot' (are you missing an assembly reference?)
104>D:\Work\IOS-IG-SimHost-FDP-2\Hrot\Subsystems\Hrot.Editor\EditorSubsystem.cs(67,12,67,15): error CS0234: The type or namespace name 'Map' does not exist in the namespace 'Hrot' (are you missing an assembly reference?)
104>D:\Work\IOS-IG-SimHost-FDP-2\Hrot\Subsystems\Hrot.Editor\EditorSubsystem.cs(68,12,68,15): error CS0234: The type or namespace name 'Map' does not exist in the namespace 'Hrot' (are you missing an assembly reference?)
104>D:\Work\IOS-IG-SimHost-FDP-2\Hrot\Subsystems\Hrot.Editor\EditorSubsystem.cs(69,12,69,24): error CS0234: The type or namespace name 'Orchestrator' does not exist in the namespace 'Hrot' (are you missing an assembly reference?)
104>D:\Work\IOS-IG-SimHost-FDP-2\Hrot\Subsystems\Hrot.Editor\EditorSubsystem.cs(70,12,70,26): error CS0234: The type or namespace name 'ScenarioEditor' does not exist in the namespace 'Hrot' (are you missing an assembly reference?)
104>D:\Work\IOS-IG-SimHost-FDP-2\Hrot\Subsystems\Hrot.Editor\EditorSubsystem.cs(71,12,71,26): error CS0234: The type or namespace name 'ScenarioEditor' does not exist in the namespace 'Hrot' (are you missing an assembly reference?)
104>D:\Work\IOS-IG-SimHost-FDP-2\Hrot\Subsystems\Hrot.Editor\EditorSubsystem.cs(72,12,72,26): error CS0234: The type or namespace name 'ScenarioEditor' does not exist in the namespace 'Hrot' (are you missing an assembly reference?)
104>D:\Work\IOS-IG-SimHost-FDP-2\Hrot\Subsystems\Hrot.Editor\EditorSubsystem.cs(73,12,73,19): error CS0234: The type or namespace name 'SimHost' does not exist in the namespace 'Hrot' (are you missing an assembly reference?)
104>D:\Work\IOS-IG-SimHost-FDP-2\Hrot\Subsystems\Hrot.Editor\EditorSubsystem.cs(74,12,74,19): error CS0234: The type or namespace name 'SimHost' does not exist in the namespace 'Hrot' (are you missing an assembly reference?)
104>D:\Work\IOS-IG-SimHost-FDP-2\Hrot\Subsystems\Hrot.Editor\EditorSubsystem.cs(75,12,75,24): error CS0234: The type or namespace name 'Presentation' does not exist in the namespace 'Hrot' (are you missing an assembly reference?)
104>D:\Work\IOS-IG-SimHost-FDP-2\Hrot\Subsystems\Hrot.Editor\EditorSubsystem.cs(76,12,76,14): error CS0234: The type or namespace name 'UI' does not exist in the namespace 'Hrot' (are you missing an assembly reference?)
104>D:\Work\IOS-IG-SimHost-FDP-2\Hrot\Subsystems\Hrot.Editor\EditorSubsystem.cs(77,12,77,14): error CS0234: The type or namespace name 'UI' does not exist in the namespace 'Hrot' (are you missing an assembly reference?)
104>D:\Work\IOS-IG-SimHost-FDP-2\Hrot\Subsystems\Hrot.Editor\EditorSubsystem.cs(78,12,78,16): error CS0234: The type or namespace name 'Core' does not exist in the namespace 'Hrot' (are you missing an assembly reference?)
104>D:\Work\IOS-IG-SimHost-FDP-2\Hrot\Subsystems\Hrot.Editor\EditorSubsystem.cs(79,7,79,10): error CS0246: The type or namespace name 'Fdp' could not be found (are you missing a using directive or an assembly reference?)
104>D:\Work\IOS-IG-SimHost-FDP-2\Hrot\Subsystems\Hrot.Editor\EditorSubsystem.cs(80,7,80,10): error CS0246: The type or namespace name 'Fdp' could not be found (are you missing a using directive or an assembly reference?)
104>D:\Work\IOS-IG-SimHost-FDP-2\Hrot\Subsystems\Hrot.Editor\EditorSubsystem.cs(81,7,81,10): error CS0246: The type or namespace name 'Fdp' could not be found (are you missing a using directive or an assembly reference?)
104>D:\Work\IOS-IG-SimHost-FDP-2\Hrot\Subsystems\Hrot.Editor\EditorSubsystem.cs(82,7,82,10): error CS0246: The type or namespace name 'Fdp' could not be found (are you missing a using directive or an assembly reference?)
104>D:\Work\IOS-IG-SimHost-FDP-2\Hrot\Subsystems\Hrot.Editor\EditorSubsystem.cs(83,7,83,10): error CS0246: The type or namespace name 'Fdp' could not be found (are you missing a using directive or an assembly reference?)
104>D:\Work\IOS-IG-SimHost-FDP-2\Hrot\Subsystems\Hrot.Editor\EditorSubsystem.cs(91,7,91,10): error CS0246: The type or namespace name 'Fdp' could not be found (are you missing a using directive or an assembly reference?)
104>D:\Work\IOS-IG-SimHost-FDP-2\Hrot\Subsystems\Hrot.Editor\EditorSubsystem.cs(92,7,92,10): error CS0246: The type or namespace name 'Fdp' could not be found (are you missing a using directive or an assembly reference?)
104>D:\Work\IOS-IG-SimHost-FDP-2\Hrot\Subsystems\Hrot.Editor\EditorSubsystem.cs(93,7,93,10): error CS0246: The type or namespace name 'Fdp' could not be found (are you missing a using directive or an assembly reference?)
104>D:\Work\IOS-IG-SimHost-FDP-2\Hrot\Subsystems\Hrot.Editor\EditorSubsystem.cs(94,7,94,15): error CS0246: The type or namespace name 'CarKinem' could not be found (are you missing a using directive or an assembly reference?)
104>D:\Work\IOS-IG-SimHost-FDP-2\Hrot\Subsystems\Hrot.Editor\EditorSubsystem.cs(95,7,95,10): error CS0246: The type or namespace name 'Fdp' could not be found (are you missing a using directive or an assembly reference?)
104>D:\Work\IOS-IG-SimHost-FDP-2\Hrot\Subsystems\Hrot.Editor\EditorSubsystem.cs(96,7,96,10): error CS0246: The type or namespace name 'Fdp' could not be found (are you missing a using directive or an assembly reference?)
104>D:\Work\IOS-IG-SimHost-FDP-2\Hrot\Subsystems\Hrot.Editor\EditorSubsystem.cs(98,12,98,18): error CS0234: The type or namespace name 'Common' does not exist in the namespace 'Hrot' (are you missing an assembly reference?)
104>D:\Work\IOS-IG-SimHost-FDP-2\Hrot\Subsystems\Hrot.Editor\EditorSubsystem.cs(99,12,99,23): error CS0234: The type or namespace name 'Diagnostics' does not exist in the namespace 'Hrot' (are you missing an assembly reference?)
104>D:\Work\IOS-IG-SimHost-FDP-2\Hrot\Subsystems\Hrot.Editor\EditorSubsystem.cs(100,12,100,22): error CS0234: The type or namespace name 'Blueprints' does not exist in the namespace 'Hrot' (are you missing an assembly reference?)
104>D:\Work\IOS-IG-SimHost-FDP-2\Hrot\Subsystems\Hrot.Editor\EditorSubsystem.cs(101,7,101,17): error CS0246: The type or namespace name 'StructEdit' could not be found (are you missing a using directive or an assembly reference?)
104>D:\Work\IOS-IG-SimHost-FDP-2\Hrot\Subsystems\Hrot.Editor\EditorSubsystem.cs(102,7,102,10): error CS0246: The type or namespace name 'Fdp' could not be found (are you missing a using directive or an assembly reference?)
104>D:\Work\IOS-IG-SimHost-FDP-2\Hrot\Subsystems\Hrot.Editor\EditorSubsystem.cs(104,12,104,17): error CS0234: The type or namespace name 'BTree' does not exist in the namespace 'Hrot' (are you missing an assembly reference?)
104>D:\Work\IOS-IG-SimHost-FDP-2\Hrot\Subsystems\Hrot.Editor\EditorSubsystem.cs(105,12,105,17): error CS0234: The type or namespace name 'BTree' does not exist in the namespace 'Hrot' (are you missing an assembly reference?)
104>D:\Work\IOS-IG-SimHost-FDP-2\Hrot\Subsystems\Hrot.Editor\EditorSubsystem.cs(106,12,106,22): error CS0234: The type or namespace name 'Blueprints' does not exist in the namespace 'Hrot' (are you missing an assembly reference?)
104>D:\Work\IOS-IG-SimHost-FDP-2\Hrot\Subsystems\Hrot.Editor\EditorSubsystem.cs(107,19,107,27): error CS0234: The type or namespace name 'AiShared' does not exist in the namespace 'Hrot.Editor' (are you missing an assembly reference?)
104>D:\Work\IOS-IG-SimHost-FDP-2\Hrot\Subsystems\Hrot.Editor\EditorSubsystem.cs(108,19,108,27): error CS0234: The type or namespace name 'AiShared' does not exist in the namespace 'Hrot.Editor' (are you missing an assembly reference?)
104>D:\Work\IOS-IG-SimHost-FDP-2\Hrot\Subsystems\Hrot.Editor\EditorSubsystem.cs(109,19,109,27): error CS0234: The type or namespace name 'AiShared' does not exist in the namespace 'Hrot.Editor' (are you missing an assembly reference?)
104>D:\Work\IOS-IG-SimHost-FDP-2\Hrot\Subsystems\Hrot.Editor\EditorSubsystem.cs(110,19,110,27): error CS0234: The type or namespace name 'AiShared' does not exist in the namespace 'Hrot.Editor' (are you missing an assembly reference?)
104>D:\Work\IOS-IG-SimHost-FDP-2\Hrot\Subsystems\Hrot.Editor\EditorSubsystem.cs(111,19,111,27): error CS0234: The type or namespace name 'AiShared' does not exist in the namespace 'Hrot.Editor' (are you missing an assembly reference?)
104>D:\Work\IOS-IG-SimHost-FDP-2\Hrot\Subsystems\Hrot.Editor\EditorSubsystem.cs(112,19,112,27): error CS0234: The type or namespace name 'AiShared' does not exist in the namespace 'Hrot.Editor' (are you missing an assembly reference?)
104>D:\Work\IOS-IG-SimHost-FDP-2\Hrot\Subsystems\Hrot.Editor\EditorSubsystem.cs(113,19,113,27): error CS0234: The type or namespace name 'AiShared' does not exist in the namespace 'Hrot.Editor' (are you missing an assembly reference?)
104>D:\Work\IOS-IG-SimHost-FDP-2\Hrot\Subsystems\Hrot.Editor\EditorSubsystem.cs(114,12,114,15): error CS0234: The type or namespace name 'Hsm' does not exist in the namespace 'Hrot' (are you missing an assembly reference?)
104>D:\Work\IOS-IG-SimHost-FDP-2\Hrot\Subsystems\Hrot.Editor\EditorSubsystem.cs(115,12,115,15): error CS0234: The type or namespace name 'Hsm' does not exist in the namespace 'Hrot' (are you missing an assembly reference?)
104>D:\Work\IOS-IG-SimHost-FDP-2\Hrot\Subsystems\Hrot.Editor\EditorSubsystem.cs(117,12,117,17): error CS0234: The type or namespace name 'BTree' does not exist in the namespace 'Hrot' (are you missing an assembly reference?)
104>D:\Work\IOS-IG-SimHost-FDP-2\Hrot\Subsystems\Hrot.Editor\EditorSubsystem.cs(118,12,118,15): error CS0234: The type or namespace name 'Hsm' does not exist in the namespace 'Hrot' (are you missing an assembly reference?)
104>D:\Work\IOS-IG-SimHost-FDP-2\Hrot\Subsystems\Hrot.Editor\Events\ActivateEditorToolEvent.cs(1,7,1,10): error CS0246: The type or namespace name 'Fdp' could not be found (are you missing a using directive or an assembly reference?)
104>D:\Work\IOS-IG-SimHost-FDP-2\Hrot\Subsystems\Hrot.Editor\Gizmos\LocationPickerGizmo.cs(3,7,3,10): error CS0246: The type or namespace name 'Fdp' could not be found (are you missing a using directive or an assembly reference?)
104>D:\Work\IOS-IG-SimHost-FDP-2\Hrot\Subsystems\Hrot.Editor\Gizmos\LocationPickerGizmo.cs(4,7,4,10): error CS0246: The type or namespace name 'Fdp' could not be found (are you missing a using directive or an assembly reference?)
104>D:\Work\IOS-IG-SimHost-FDP-2\Hrot\Subsystems\Hrot.Editor\Gizmos\LocationPickerGizmo.cs(5,7,5,10): error CS0246: The type or namespace name 'Fdp' could not be found (are you missing a using directive or an assembly reference?)
104>D:\Work\IOS-IG-SimHost-FDP-2\Hrot\Subsystems\Hrot.Editor\Gizmos\LocationPickerGizmo.cs(6,7,6,10): error CS0246: The type or namespace name 'Fdp' could not be found (are you missing a using directive or an assembly reference?)
104>D:\Work\IOS-IG-SimHost-FDP-2\Hrot\Subsystems\Hrot.Editor\Gizmos\LocationPickerGizmo.cs(7,12,7,16): error CS0234: The type or namespace name 'Core' does not exist in the namespace 'Hrot' (are you missing an assembly reference?)
104>D:\Work\IOS-IG-SimHost-FDP-2\Hrot\Subsystems\Hrot.Editor\Gizmos\ModalBoxSelectionGizmo.cs(4,7,4,10): error CS0246: The type or namespace name 'Fdp' could not be found (are you missing a using directive or an assembly reference?)
104>D:\Work\IOS-IG-SimHost-FDP-2\Hrot\Subsystems\Hrot.Editor\Gizmos\ModalBoxSelectionGizmo.cs(5,7,5,10): error CS0246: The type or namespace name 'Fdp' could not be found (are you missing a using directive or an assembly reference?)
104>D:\Work\IOS-IG-SimHost-FDP-2\Hrot\Subsystems\Hrot.Editor\Gizmos\ModalBoxSelectionGizmo.cs(6,7,6,10): error CS0246: The type or namespace name 'Fdp' could not be found (are you missing a using directive or an assembly reference?)
104>D:\Work\IOS-IG-SimHost-FDP-2\Hrot\Subsystems\Hrot.Editor\Gizmos\ObstaclePlacementGizmo.cs(3,7,3,10): error CS0246: The type or namespace name 'Fdp' could not be found (are you missing a using directive or an assembly reference?)
104>D:\Work\IOS-IG-SimHost-FDP-2\Hrot\Subsystems\Hrot.Editor\Gizmos\ObstaclePlacementGizmo.cs(4,7,4,10): error CS0246: The type or namespace name 'Fdp' could not be found (are you missing a using directive or an assembly reference?)
104>D:\Work\IOS-IG-SimHost-FDP-2\Hrot\Subsystems\Hrot.Editor\Gizmos\ObstaclePlacementGizmo.cs(5,7,5,10): error CS0246: The type or namespace name 'Fdp' could not be found (are you missing a using directive or an assembly reference?)
104>D:\Work\IOS-IG-SimHost-FDP-2\Hrot\Subsystems\Hrot.Editor\IEditorLogic.cs(3,7,3,10): error CS0246: The type or namespace name 'Fdp' could not be found (are you missing a using directive or an assembly reference?)
104>D:\Work\IOS-IG-SimHost-FDP-2\Hrot\Subsystems\Hrot.Editor\IEditorLogic.cs(4,7,4,10): error CS0246: The type or namespace name 'Fdp' could not be found (are you missing a using directive or an assembly reference?)
104>D:\Work\IOS-IG-SimHost-FDP-2\Hrot\Subsystems\Hrot.Editor\Migration\MigrationAlertManager.cs(2,7,2,10): error CS0246: The type or namespace name 'Fdp' could not be found (are you missing a using directive or an assembly reference?)
104>D:\Work\IOS-IG-SimHost-FDP-2\Hrot\Subsystems\Hrot.Editor\Modules\EditorSystemsModule.cs(2,12,2,15): error CS0234: The type or namespace name 'Map' does not exist in the namespace 'Hrot' (are you missing an assembly reference?)
104>D:\Work\IOS-IG-SimHost-FDP-2\Hrot\Subsystems\Hrot.Editor\Modules\EditorSystemsModule.cs(3,7,3,10): error CS0246: The type or namespace name 'Fdp' could not be found (are you missing a using directive or an assembly reference?)
104>D:\Work\IOS-IG-SimHost-FDP-2\Hrot\Subsystems\Hrot.Editor\OfflineNetworkFactory.cs(4,7,4,10): error CS0246: The type or namespace name 'Fdp' could not be found (are you missing a using directive or an assembly reference?)
104>D:\Work\IOS-IG-SimHost-FDP-2\Hrot\Subsystems\Hrot.Editor\OfflineNetworkFactory.cs(5,7,5,10): error CS0246: The type or namespace name 'Fdp' could not be found (are you missing a using directive or an assembly reference?)
104>D:\Work\IOS-IG-SimHost-FDP-2\Hrot\Subsystems\Hrot.Editor\OfflineNetworkFactory.cs(6,7,6,10): error CS0246: The type or namespace name 'Fdp' could not be found (are you missing a using directive or an assembly reference?)
104>D:\Work\IOS-IG-SimHost-FDP-2\Hrot\Subsystems\Hrot.Editor\OfflineNetworkFactory.cs(7,7,7,10): error CS0246: The type or namespace name 'Fdp' could not be found (are you missing a using directive or an assembly reference?)
104>D:\Work\IOS-IG-SimHost-FDP-2\Hrot\Subsystems\Hrot.Editor\OfflineNetworkFactory.cs(8,7,8,10): error CS0246: The type or namespace name 'Fdp' could not be found (are you missing a using directive or an assembly reference?)
104>D:\Work\IOS-IG-SimHost-FDP-2\Hrot\Subsystems\Hrot.Editor\OfflineNetworkFactory.cs(9,12,9,18): error CS0234: The type or namespace name 'Common' does not exist in the namespace 'Hrot' (are you missing an assembly reference?)
104>D:\Work\IOS-IG-SimHost-FDP-2\Hrot\Subsystems\Hrot.Editor\OfflineNetworkFactory.cs(10,12,10,16): error CS0234: The type or namespace name 'Core' does not exist in the namespace 'Hrot' (are you missing an assembly reference?)
104>D:\Work\IOS-IG-SimHost-FDP-2\Hrot\Subsystems\Hrot.Editor\OfflineNetworkFactory.cs(11,7,11,10): error CS0246: The type or namespace name 'Fdp' could not be found (are you missing a using directive or an assembly reference?)
104>D:\Work\IOS-IG-SimHost-FDP-2\Hrot\Subsystems\Hrot.Editor\OfflineNetworkFactory.cs(12,7,12,10): error CS0246: The type or namespace name 'Fdp' could not be found (are you missing a using directive or an assembly reference?)
104>D:\Work\IOS-IG-SimHost-FDP-2\Hrot\Subsystems\Hrot.Editor\Rendering\PerceptionMapLayer.cs(2,7,2,10): error CS0246: The type or namespace name 'Fdp' could not be found (are you missing a using directive or an assembly reference?)
104>D:\Work\IOS-IG-SimHost-FDP-2\Hrot\Subsystems\Hrot.Editor\Rendering\PerceptionMapLayer.cs(3,7,3,10): error CS0246: The type or namespace name 'Fdp' could not be found (are you missing a using directive or an assembly reference?)
104>D:\Work\IOS-IG-SimHost-FDP-2\Hrot\Subsystems\Hrot.Editor\Rendering\PerceptionMapLayer.cs(4,7,4,10): error CS0246: The type or namespace name 'Fdp' could not be found (are you missing a using directive or an assembly reference?)
104>D:\Work\IOS-IG-SimHost-FDP-2\Hrot\Subsystems\Hrot.Editor\Systems\EditorCargoSystem.cs(1,7,1,10): error CS0246: The type or namespace name 'Fdp' could not be found (are you missing a using directive or an assembly reference?)
104>D:\Work\IOS-IG-SimHost-FDP-2\Hrot\Subsystems\Hrot.Editor\Systems\EditorCargoSystem.cs(2,7,2,10): error CS0246: The type or namespace name 'Fdp' could not be found (are you missing a using directive or an assembly reference?)
104>D:\Work\IOS-IG-SimHost-FDP-2\Hrot\Subsystems\Hrot.Editor\Systems\EditorCargoSystem.cs(3,7,3,10): error CS0246: The type or namespace name 'Fdp' could not be found (are you missing a using directive or an assembly reference?)
104>D:\Work\IOS-IG-SimHost-FDP-2\Hrot\Subsystems\Hrot.Editor\Systems\EditorCargoSystem.cs(4,7,4,10): error CS0246: The type or namespace name 'Fdp' could not be found (are you missing a using directive or an assembly reference?)
104>D:\Work\IOS-IG-SimHost-FDP-2\Hrot\Subsystems\Hrot.Editor\Systems\EditorPerceptionSetupSystem.cs(1,7,1,10): error CS0246: The type or namespace name 'Fdp' could not be found (are you missing a using directive or an assembly reference?)
104>D:\Work\IOS-IG-SimHost-FDP-2\Hrot\Subsystems\Hrot.Editor\Systems\EditorPerceptionSetupSystem.cs(2,7,2,10): error CS0246: The type or namespace name 'Fdp' could not be found (are you missing a using directive or an assembly reference?)
104>D:\Work\IOS-IG-SimHost-FDP-2\Hrot\Subsystems\Hrot.Editor\Systems\EditorPerceptionSetupSystem.cs(3,7,3,10): error CS0246: The type or namespace name 'Fdp' could not be found (are you missing a using directive or an assembly reference?)
104>D:\Work\IOS-IG-SimHost-FDP-2\Hrot\Subsystems\Hrot.Editor\Systems\EditorPerceptionSetupSystem.cs(4,7,4,10): error CS0246: The type or namespace name 'Fdp' could not be found (are you missing a using directive or an assembly reference?)
104>D:\Work\IOS-IG-SimHost-FDP-2\Hrot\Subsystems\Hrot.Editor\Systems\EditorZoneAuthoringSystem.cs(3,7,3,15): error CS0246: The type or namespace name 'CarKinem' could not be found (are you missing a using directive or an assembly reference?)
104>D:\Work\IOS-IG-SimHost-FDP-2\Hrot\Subsystems\Hrot.Editor\Systems\EditorZoneAuthoringSystem.cs(4,7,4,10): error CS0246: The type or namespace name 'Fdp' could not be found (are you missing a using directive or an assembly reference?)
104>D:\Work\IOS-IG-SimHost-FDP-2\Hrot\Subsystems\Hrot.Editor\Systems\EditorZoneAuthoringSystem.cs(5,7,5,10): error CS0246: The type or namespace name 'Fdp' could not be found (are you missing a using directive or an assembly reference?)
104>D:\Work\IOS-IG-SimHost-FDP-2\Hrot\Subsystems\Hrot.Editor\Systems\EditorZoneAuthoringSystem.cs(6,7,6,10): error CS0246: The type or namespace name 'Fdp' could not be found (are you missing a using directive or an assembly reference?)
104>D:\Work\IOS-IG-SimHost-FDP-2\Hrot\Subsystems\Hrot.Editor\Systems\EditorZoneAuthoringSystem.cs(7,7,7,10): error CS0246: The type or namespace name 'Fdp' could not be found (are you missing a using directive or an assembly reference?)
104>D:\Work\IOS-IG-SimHost-FDP-2\Hrot\Subsystems\Hrot.Editor\Systems\EditorZoneAuthoringSystem.cs(8,12,8,15): error CS0234: The type or namespace name 'Map' does not exist in the namespace 'Hrot' (are you missing an assembly reference?)
104>D:\Work\IOS-IG-SimHost-FDP-2\Hrot\Subsystems\Hrot.Editor\Systems\EditorZoneAuthoringSystem.cs(9,12,9,15): error CS0234: The type or namespace name 'Map' does not exist in the namespace 'Hrot' (are you missing an assembly reference?)
104>D:\Work\IOS-IG-SimHost-FDP-2\Hrot\Subsystems\Hrot.Editor\Systems\EditorZoneAuthoringSystem.cs(10,12,10,15): error CS0234: The type or namespace name 'Map' does not exist in the namespace 'Hrot' (are you missing an assembly reference?)
104>D:\Work\IOS-IG-SimHost-FDP-2\Hrot\Subsystems\Hrot.Editor\Systems\EditorZoneAuthoringSystem.cs(11,12,11,15): error CS0234: The type or namespace name 'Map' does not exist in the namespace 'Hrot' (are you missing an assembly reference?)
104>D:\Work\IOS-IG-SimHost-FDP-2\Hrot\Subsystems\Hrot.Editor\UI\EditorOrbatPanel.cs(2,7,2,10): error CS0246: The type or namespace name 'Fdp' could not be found (are you missing a using directive or an assembly reference?)
104>D:\Work\IOS-IG-SimHost-FDP-2\Hrot\Subsystems\Hrot.Editor\UI\EditorTimeTransportAdapter.cs(2,7,2,10): error CS0246: The type or namespace name 'Fdp' could not be found (are you missing a using directive or an assembly reference?)
104>D:\Work\IOS-IG-SimHost-FDP-2\Hrot\Subsystems\Hrot.Editor\UI\EditorTimeTransportAdapter.cs(3,7,3,10): error CS0246: The type or namespace name 'Fdp' could not be found (are you missing a using directive or an assembly reference?)
104>D:\Work\IOS-IG-SimHost-FDP-2\Hrot\Subsystems\Hrot.Editor\UI\EditorTimeTransportAdapter.cs(4,7,4,10): error CS0246: The type or namespace name 'Fdp' could not be found (are you missing a using directive or an assembly reference?)
104>D:\Work\IOS-IG-SimHost-FDP-2\Hrot\Subsystems\Hrot.Editor\UI\EditorTimeTransportAdapter.cs(5,12,5,14): error CS0234: The type or namespace name 'UI' does not exist in the namespace 'Hrot' (are you missing an assembly reference?)
104>D:\Work\IOS-IG-SimHost-FDP-2\Hrot\Subsystems\Hrot.Editor\UI\EntityPropertyInspector.cs(2,7,2,10): error CS0246: The type or namespace name 'Fdp' could not be found (are you missing a using directive or an assembly reference?)
104>D:\Work\IOS-IG-SimHost-FDP-2\Hrot\Subsystems\Hrot.Editor\UI\JsonEntityContextMenuHandler.cs(5,7,5,10): error CS0246: The type or namespace name 'Fdp' could not be found (are you missing a using directive or an assembly reference?)
104>D:\Work\IOS-IG-SimHost-FDP-2\Hrot\Subsystems\Hrot.Editor\UI\JsonEntityContextMenuHandler.cs(6,7,6,10): error CS0246: The type or namespace name 'Fdp' could not be found (are you missing a using directive or an assembly reference?)
104>D:\Work\IOS-IG-SimHost-FDP-2\Hrot\Subsystems\Hrot.Editor\UI\JsonEntityContextMenuHandler.cs(7,7,7,10): error CS0246: The type or namespace name 'Fdp' could not be found (are you missing a using directive or an assembly reference?)
104>D:\Work\IOS-IG-SimHost-FDP-2\Hrot\Subsystems\Hrot.Editor\UI\JsonEntityContextMenuHandler.cs(8,7,8,10): error CS0246: The type or namespace name 'Fdp' could not be found (are you missing a using directive or an assembly reference?)
104>D:\Work\IOS-IG-SimHost-FDP-2\Hrot\Subsystems\Hrot.Editor\UI\JsonEntityContextMenuHandler.cs(9,12,9,18): error CS0234: The type or namespace name 'Common' does not exist in the namespace 'Hrot' (are you missing an assembly reference?)
104>D:\Work\IOS-IG-SimHost-FDP-2\Hrot\Subsystems\Hrot.Editor\UI\JsonEntityContextMenuHandler.cs(10,12,10,14): error CS0234: The type or namespace name 'IG' does not exist in the namespace 'Hrot' (are you missing an assembly reference?)
104>D:\Work\IOS-IG-SimHost-FDP-2\Hrot\Subsystems\Hrot.Editor\UI\ScenarioBrowserPanel.cs(2,7,2,10): error CS0246: The type or namespace name 'Fdp' could not be found (are you missing a using directive or an assembly reference?)
104>D:\Work\IOS-IG-SimHost-FDP-2\Hrot\Subsystems\Hrot.Editor\UI\TimeControlStatusBarSection.cs(1,7,1,10): error CS0246: The type or namespace name 'Fdp' could not be found (are you missing a using directive or an assembly reference?)
104>D:\Work\IOS-IG-SimHost-FDP-2\Hrot\Subsystems\Hrot.Editor\UI\TimeControlStatusBarSection.cs(2,7,2,10): error CS0246: The type or namespace name 'Fdp' could not be found (are you missing a using directive or an assembly reference?)
104>D:\Work\IOS-IG-SimHost-FDP-2\Hrot\Subsystems\Hrot.Editor\UI\TimeControlStatusBarSection.cs(3,12,3,14): error CS0234: The type or namespace name 'UI' does not exist in the namespace 'Hrot' (are you missing an assembly reference?)
104>D:\Work\IOS-IG-SimHost-FDP-2\Hrot\Subsystems\Hrot.Editor\UI\TimeControlStatusBarSection.cs(4,12,4,14): error CS0234: The type or namespace name 'UI' does not exist in the namespace 'Hrot' (are you missing an assembly reference?)
104>D:\Work\IOS-IG-SimHost-FDP-2\Hrot\Subsystems\Hrot.Editor\Windows\EditorWindows.cs(2,7,2,10): error CS0246: The type or namespace name 'Fdp' could not be found (are you missing a using directive or an assembly reference?)
104>D:\Work\IOS-IG-SimHost-FDP-2\Hrot\Subsystems\Hrot.Editor\Windows\EditorWindows.cs(6,12,6,14): error CS0234: The type or namespace name 'UI' does not exist in the namespace 'Hrot' (are you missing an assembly reference?)
104>D:\Work\IOS-IG-SimHost-FDP-2\Hrot\Subsystems\Hrot.Editor\Windows\EditorWindows.cs(7,12,7,14): error CS0234: The type or namespace name 'UI' does not exist in the namespace 'Hrot' (are you missing an assembly reference?)
104>D:\Work\IOS-IG-SimHost-FDP-2\Hrot\Subsystems\Hrot.Editor\Adapters\EditorMapConfigAdapter.cs(19,50,19,70): error CS0246: The type or namespace name 'IMapConfigController' could not be found (are you missing a using directive or an assembly reference?)
104>D:\Work\IOS-IG-SimHost-FDP-2\Hrot\Subsystems\Hrot.Editor\Adapters\EditorMapPickAdapter.cs(33,48,33,63): error CS0246: The type or namespace name 'IMapPickService' could not be found (are you missing a using directive or an assembly reference?)
104>D:\Work\IOS-IG-SimHost-FDP-2\Hrot\Subsystems\Hrot.Editor\Adapters\EditorMissionService.cs(34,48,34,69): error CS0246: The type or namespace name 'IMissionEditorService' could not be found (are you missing a using directive or an assembly reference?)
104>D:\Work\IOS-IG-SimHost-FDP-2\Hrot\Subsystems\Hrot.Editor\Adapters\EditorOrbatAdapter.cs(24,46,24,64): error CS0246: The type or namespace name 'IOrbatDataProvider' could not be found (are you missing a using directive or an assembly reference?)
104>D:\Work\IOS-IG-SimHost-FDP-2\Hrot\Subsystems\Hrot.Editor\Adapters\EditorOrbatAdapter.cs(24,66,24,82): error CS0246: The type or namespace name 'IOrbatController' could not be found (are you missing a using directive or an assembly reference?)
104>D:\Work\IOS-IG-SimHost-FDP-2\Hrot\Subsystems\Hrot.Editor\Adapters\EditorMapConfigAdapter.cs(21,26,21,39): error CS0246: The type or namespace name 'MapViewConfig' could not be found (are you missing a using directive or an assembly reference?)
104>D:\Work\IOS-IG-SimHost-FDP-2\Hrot\Subsystems\Hrot.Editor\Adapters\EditorMapPickAdapter.cs(35,26,35,35): error CS0246: The type or namespace name 'MapCanvas' could not be found (are you missing a using directive or an assembly reference?)
104>D:\Work\IOS-IG-SimHost-FDP-2\Hrot\Subsystems\Hrot.Editor\Adapters\EditorMissionService.cs(36,26,36,37): error CS0246: The type or namespace name 'FdpEventBus' could not be found (are you missing a using directive or an assembly reference?)
104>D:\Work\IOS-IG-SimHost-FDP-2\Hrot\Subsystems\Hrot.Editor\Adapters\EditorPreviewAdapter.cs(23,48,23,66): error CS0246: The type or namespace name 'IPreviewController' could not be found (are you missing a using directive or an assembly reference?)
104>D:\Work\IOS-IG-SimHost-FDP-2\Hrot\Subsystems\Hrot.Editor\Adapters\EditorMissionService.cs(37,26,37,42): error CS0246: The type or namespace name 'EntityRepository' could not be found (are you missing a using directive or an assembly reference?)
104>D:\Work\IOS-IG-SimHost-FDP-2\Hrot\Subsystems\Hrot.Editor\Adapters\EditorMapConfigAdapter.cs(22,26,22,35): error CS0246: The type or namespace name 'MapCanvas' could not be found (are you missing a using directive or an assembly reference?)
104>D:\Work\IOS-IG-SimHost-FDP-2\Hrot\Subsystems\Hrot.Editor\Adapters\EditorOrbatAdapter.cs(26,26,26,42): error CS0246: The type or namespace name 'EntityRepository' could not be found (are you missing a using directive or an assembly reference?)
104>D:\Work\IOS-IG-SimHost-FDP-2\Hrot\Subsystems\Hrot.Editor\Adapters\EditorMapPickAdapter.cs(36,26,36,46): error CS0246: The type or namespace name 'IGeographicTransform' could not be found (are you missing a using directive or an assembly reference?)
104>D:\Work\IOS-IG-SimHost-FDP-2\Hrot\Subsystems\Hrot.Editor\Adapters\EditorMissionService.cs(38,26,38,42): error CS0246: The type or namespace name 'BehaviorRegistry' could not be found (are you missing a using directive or an assembly reference?)
104>D:\Work\IOS-IG-SimHost-FDP-2\Hrot\Subsystems\Hrot.Editor\Adapters\EditorOrbatAdapter.cs(27,26,27,37): error CS0246: The type or namespace name 'FdpEventBus' could not be found (are you missing a using directive or an assembly reference?)
104>D:\Work\IOS-IG-SimHost-FDP-2\Hrot\Subsystems\Hrot.Editor\Adapters\EditorSpawnAdapter.cs(31,46,31,62): error CS0246: The type or namespace name 'ISpawnController' could not be found (are you missing a using directive or an assembly reference?)
104>D:\Work\IOS-IG-SimHost-FDP-2\Hrot\Subsystems\Hrot.Editor\Adapters\EditorMapPickAdapter.cs(37,26,37,42): error CS0246: The type or namespace name 'EntityRepository' could not be found (are you missing a using directive or an assembly reference?)
104>D:\Work\IOS-IG-SimHost-FDP-2\Hrot\Subsystems\Hrot.Editor\Adapters\EditorPreviewAdapter.cs(25,26,25,49): error CS0246: The type or namespace name 'PreviewClusterOpHandler' could not be found (are you missing a using directive or an assembly reference?)
104>D:\Work\IOS-IG-SimHost-FDP-2\Hrot\Subsystems\Hrot.Editor\Adapters\EditorOrbatAdapter.cs(29,26,29,42): error CS0246: The type or namespace name 'ISpawnController' could not be found (are you missing a using directive or an assembly reference?)
104>D:\Work\IOS-IG-SimHost-FDP-2\Hrot\Subsystems\Hrot.Editor\Adapters\EditorMapPickAdapter.cs(38,26,38,46): error CS0246: The type or namespace name 'IEntityFilterFactory' could not be found (are you missing a using directive or an assembly reference?)
104>D:\Work\IOS-IG-SimHost-FDP-2\Hrot\Subsystems\Hrot.Editor\Adapters\EditorPreviewAdapter.cs(26,26,26,48): error CS0246: The type or namespace name 'IScenarioStateProvider' could not be found (are you missing a using directive or an assembly reference?)
104>D:\Work\IOS-IG-SimHost-FDP-2\Hrot\Subsystems\Hrot.Editor\EditorBootstrap.cs(29,19,29,38): error CS0246: The type or namespace name 'ScenarioFileService' could not be found (are you missing a using directive or an assembly reference?)
104>D:\Work\IOS-IG-SimHost-FDP-2\Hrot\Subsystems\Hrot.Editor\Adapters\EditorOrbatAdapter.cs(32,42,32,48): error CS0246: The type or namespace name 'Entity' could not be found (are you missing a using directive or an assembly reference?)
104>D:\Work\IOS-IG-SimHost-FDP-2\Hrot\Subsystems\Hrot.Editor\Adapters\EditorMapConfigAdapter.cs(33,39,33,52): error CS0246: The type or namespace name 'MapViewConfig' could not be found (are you missing a using directive or an assembly reference?)
104>D:\Work\IOS-IG-SimHost-FDP-2\Hrot\Subsystems\Hrot.Editor\Adapters\EditorMapConfigAdapter.cs(33,61,33,70): error CS0246: The type or namespace name 'MapCanvas' could not be found (are you missing a using directive or an assembly reference?)
104>D:\Work\IOS-IG-SimHost-FDP-2\Hrot\Subsystems\Hrot.Editor\Adapters\EditorMapPickAdapter.cs(39,26,39,44): error CS0246: The type or namespace name 'GlobalGizmoManager' could not be found (are you missing a using directive or an assembly reference?)
104>D:\Work\IOS-IG-SimHost-FDP-2\Hrot\Subsystems\Hrot.Editor\EditorBootstrap.cs(44,19,44,36): error CS0246: The type or namespace name 'MigrationServices' could not be found (are you missing a using directive or an assembly reference?)
104>D:\Work\IOS-IG-SimHost-FDP-2\Hrot\Subsystems\Hrot.Editor\Adapters\EditorPreviewAdapter.cs(36,13,36,36): error CS0246: The type or namespace name 'PreviewClusterOpHandler' could not be found (are you missing a using directive or an assembly reference?)
104>D:\Work\IOS-IG-SimHost-FDP-2\Hrot\Subsystems\Hrot.Editor\Adapters\EditorPreviewAdapter.cs(37,13,37,35): error CS0246: The type or namespace name 'IScenarioStateProvider' could not be found (are you missing a using directive or an assembly reference?)
104>D:\Work\IOS-IG-SimHost-FDP-2\Hrot\Subsystems\Hrot.Editor\Adapters\EditorMapConfigAdapter.cs(40,16,40,29): error CS0246: The type or namespace name 'MapLayerState' could not be found (are you missing a using directive or an assembly reference?)
104>D:\Work\IOS-IG-SimHost-FDP-2\Hrot\Subsystems\Hrot.Editor\Events\ActivateEditorToolEvent.cs(9,2,9,9): error CS0246: The type or namespace name 'EventIdAttribute' could not be found (are you missing a using directive or an assembly reference?)
104>D:\Work\IOS-IG-SimHost-FDP-2\Hrot\Subsystems\Hrot.Editor\Events\ActivateEditorToolEvent.cs(9,2,9,9): error CS0246: The type or namespace name 'EventId' could not be found (are you missing a using directive or an assembly reference?)
104>D:\Work\IOS-IG-SimHost-FDP-2\Hrot\Subsystems\Hrot.Editor\Adapters\EditorOrbatAdapter.cs(41,13,41,29): error CS0246: The type or namespace name 'EntityRepository' could not be found (are you missing a using directive or an assembly reference?)
104>D:\Work\IOS-IG-SimHost-FDP-2\Hrot\Subsystems\Hrot.Editor\Adapters\EditorOrbatAdapter.cs(42,13,42,24): error CS0246: The type or namespace name 'FdpEventBus' could not be found (are you missing a using directive or an assembly reference?)
104>D:\Work\IOS-IG-SimHost-FDP-2\Hrot\Subsystems\Hrot.Editor\Adapters\EditorOrbatAdapter.cs(44,13,44,29): error CS0246: The type or namespace name 'ISpawnController' could not be found (are you missing a using directive or an assembly reference?)
104>D:\Work\IOS-IG-SimHost-FDP-2\Hrot\Subsystems\Hrot.Editor\EditorApplication.cs(60,12,60,20): error CS0246: The type or namespace name 'IDerRepo' could not be found (are you missing a using directive or an assembly reference?)
104>D:\Work\IOS-IG-SimHost-FDP-2\Hrot\Subsystems\Hrot.Editor\EditorSubsystem.cs(139,43,139,53): error CS0246: The type or namespace name 'ISubsystem' could not be found (are you missing a using directive or an assembly reference?)
104>D:\Work\IOS-IG-SimHost-FDP-2\Hrot\Subsystems\Hrot.Editor\EditorSubsystem.cs(139,75,139,91): error CS0246: The type or namespace name 'IWindowRegistrar' could not be found (are you missing a using directive or an assembly reference?)
104>D:\Work\IOS-IG-SimHost-FDP-2\Hrot\Subsystems\Hrot.Editor\EditorSubsystem.cs(139,98,139,104): error CS0234: The type or namespace name 'Common' does not exist in the namespace 'Hrot' (are you missing an assembly reference?)
104>D:\Work\IOS-IG-SimHost-FDP-2\Hrot\Subsystems\Hrot.Editor\Adapters\EditorSpawnAdapter.cs(33,26,33,37): error CS0246: The type or namespace name 'FdpEventBus' could not be found (are you missing a using directive or an assembly reference?)
104>D:\Work\IOS-IG-SimHost-FDP-2\Hrot\Subsystems\Hrot.Editor\Adapters\EditorZoneAdapter.cs(29,45,29,69): error CS0246: The type or namespace name 'IZoneAuthoringController' could not be found (are you missing a using directive or an assembly reference?)
104>D:\Work\IOS-IG-SimHost-FDP-2\Hrot\Subsystems\Hrot.Editor\Gizmos\LocationPickerGizmo.cs(21,47,21,67): error CS0246: The type or namespace name 'IEntityStatefulGizmo' could not be found (are you missing a using directive or an assembly reference?)
104>D:\Work\IOS-IG-SimHost-FDP-2\Hrot\Subsystems\Hrot.Editor\Adapters\EditorMapConfigAdapter.cs(54,33,54,46): error CS0246: The type or namespace name 'MapLayerState' could not be found (are you missing a using directive or an assembly reference?)
104>D:\Work\IOS-IG-SimHost-FDP-2\Hrot\Subsystems\Hrot.Editor\IEditorLogic.cs(70,5,70,13): error CS0246: The type or namespace name 'IDerRepo' could not be found (are you missing a using directive or an assembly reference?)
104>D:\Work\IOS-IG-SimHost-FDP-2\Hrot\Subsystems\Hrot.Editor\Adapters\EditorMissionService.cs(40,64,40,83): error CS0246: The type or namespace name 'MissionCommitResult' could not be found (are you missing a using directive or an assembly reference?)
104>D:\Work\IOS-IG-SimHost-FDP-2\Hrot\Subsystems\Hrot.Editor\Adapters\EditorMapPickAdapter.cs(48,37,48,46): error CS0246: The type or namespace name 'MapCanvas' could not be found (are you missing a using directive or an assembly reference?)
104>D:\Work\IOS-IG-SimHost-FDP-2\Hrot\Subsystems\Hrot.Editor\Adapters\EditorMapPickAdapter.cs(48,55,48,75): error CS0246: The type or namespace name 'IGeographicTransform' could not be found (are you missing a using directive or an assembly reference?)
104>D:\Work\IOS-IG-SimHost-FDP-2\Hrot\Subsystems\Hrot.Editor\Adapters\EditorMapPickAdapter.cs(48,90,48,106): error CS0246: The type or namespace name 'EntityRepository' could not be found (are you missing a using directive or an assembly reference?)
104>D:\Work\IOS-IG-SimHost-FDP-2\Hrot\Subsystems\Hrot.Editor\Adapters\EditorMapPickAdapter.cs(48,121,48,139): error CS0246: The type or namespace name 'GlobalGizmoManager' could not be found (are you missing a using directive or an assembly reference?)
104>D:\Work\IOS-IG-SimHost-FDP-2\Hrot\Subsystems\Hrot.Editor\Adapters\EditorOrbatAdapter.cs(55,30,55,48): error CS0246: The type or namespace name 'OrbatNodeViewModel' could not be found (are you missing a using directive or an assembly reference?)
104>D:\Work\IOS-IG-SimHost-FDP-2\Hrot\Subsystems\Hrot.Editor\Adapters\EditorSpawnAdapter.cs(34,26,34,47): error CS0246: The type or namespace name 'JsonAttributeCompiler' could not be found (are you missing a using directive or an assembly reference?)
104>D:\Work\IOS-IG-SimHost-FDP-2\Hrot\Subsystems\Hrot.Editor\Adapters\EditorZoneAdapter.cs(31,26,31,35): error CS0246: The type or namespace name 'MapCanvas' could not be found (are you missing a using directive or an assembly reference?)
104>D:\Work\IOS-IG-SimHost-FDP-2\Hrot\Subsystems\Hrot.Editor\Modules\EditorSystemsModule.cs(23,43,23,53): error CS0246: The type or namespace name 'IEcsModule' could not be found (are you missing a using directive or an assembly reference?)
104>D:\Work\IOS-IG-SimHost-FDP-2\Hrot\Subsystems\Hrot.Editor\Adapters\EditorMapPickAdapter.cs(58,26,58,30): error CS0234: The type or namespace name 'Core' does not exist in the namespace 'Hrot' (are you missing an assembly reference?)
104>D:\Work\IOS-IG-SimHost-FDP-2\Hrot\Subsystems\Hrot.Editor\Adapters\EditorZoneAdapter.cs(32,26,32,37): error CS0246: The type or namespace name 'FdpEventBus' could not be found (are you missing a using directive or an assembly reference?)
104>D:\Work\IOS-IG-SimHost-FDP-2\Hrot\Subsystems\Hrot.Editor\Migration\MigrationAlertManager.cs(43,34,43,53): error CS0246: The type or namespace name 'MigrationLoadResult' could not be found (are you missing a using directive or an assembly reference?)
104>D:\Work\IOS-IG-SimHost-FDP-2\Hrot\Subsystems\Hrot.Editor\Adapters\EditorSpawnAdapter.cs(35,26,35,38): error CS0246: The type or namespace name 'ITkbDatabase' could not be found (are you missing a using directive or an assembly reference?)
104>D:\Work\IOS-IG-SimHost-FDP-2\Hrot\Subsystems\Hrot.Editor\IEditorLogic.cs(124,19,124,34): error CS0246: The type or namespace name 'SidecarFileInfo' could not be found (are you missing a using directive or an assembly reference?)
104>D:\Work\IOS-IG-SimHost-FDP-2\Hrot\Subsystems\Hrot.Editor\Adapters\EditorZoneAdapter.cs(33,26,33,44): error CS0246: The type or namespace name 'GlobalGizmoManager' could not be found (are you missing a using directive or an assembly reference?)
104>D:\Work\IOS-IG-SimHost-FDP-2\Hrot\Subsystems\Hrot.Editor\Commands\CenterOnEntityCommand.cs(8,2,8,9): error CS0246: The type or namespace name 'EventIdAttribute' could not be found (are you missing a using directive or an assembly reference?)
104>D:\Work\IOS-IG-SimHost-FDP-2\Hrot\Subsystems\Hrot.Editor\Commands\CenterOnEntityCommand.cs(8,2,8,9): error CS0246: The type or namespace name 'EventId' could not be found (are you missing a using directive or an assembly reference?)
104>D:\Work\IOS-IG-SimHost-FDP-2\Hrot\Subsystems\Hrot.Editor\Migration\MigrationAlertManager.cs(19,13,19,32): error CS0246: The type or namespace name 'MigrationLoadResult' could not be found (are you missing a using directive or an assembly reference?)
104>D:\Work\IOS-IG-SimHost-FDP-2\Hrot\Subsystems\Hrot.Editor\Adapters\EditorSpawnAdapter.cs(36,26,36,61): error CS0246: The type or namespace name 'ScenarioEntityCreationRequestSource' could not be found (are you missing a using directive or an assembly reference?)
104>D:\Work\IOS-IG-SimHost-FDP-2\Hrot\Subsystems\Hrot.Editor\EditorApplication.cs(329,26,329,41): error CS0246: The type or namespace name 'SidecarFileInfo' could not be found (are you missing a using directive or an assembly reference?)
104>D:\Work\IOS-IG-SimHost-FDP-2\Hrot\Subsystems\Hrot.Editor\Adapters\EditorSpawnAdapter.cs(37,26,37,44): error CS0246: The type or namespace name 'GlobalGizmoManager' could not be found (are you missing a using directive or an assembly reference?)
104>D:\Work\IOS-IG-SimHost-FDP-2\Hrot\Subsystems\Hrot.Editor\Migration\MigrationAlertManager.cs(20,13,20,32): error CS0246: The type or namespace name 'MigrationLoadResult' could not be found (are you missing a using directive or an assembly reference?)
104>D:\Work\IOS-IG-SimHost-FDP-2\Hrot\Subsystems\Hrot.Editor\Modules\EditorSystemsModule.cs(33,12,33,27): error CS0246: The type or namespace name 'ExecutionPolicy' could not be found (are you missing a using directive or an assembly reference?)
104>D:\Work\IOS-IG-SimHost-FDP-2\Hrot\Subsystems\Hrot.Editor\Rendering\PerceptionMapLayer.cs(15,49,15,58): error CS0246: The type or namespace name 'IMapLayer' could not be found (are you missing a using directive or an assembly reference?)
104>D:\Work\IOS-IG-SimHost-FDP-2\Hrot\Subsystems\Hrot.Editor\Gizmos\ModalBoxSelectionGizmo.cs(21,50,21,70): error CS0246: The type or namespace name 'IEntityStatefulGizmo' could not be found (are you missing a using directive or an assembly reference?)
104>D:\Work\IOS-IG-SimHost-FDP-2\Hrot\Subsystems\Hrot.Editor\Modules\EditorSystemsModule.cs(42,32,42,50): error CS0246: The type or namespace name 'ZoneManagerService' could not be found (are you missing a using directive or an assembly reference?)
104>D:\Work\IOS-IG-SimHost-FDP-2\Hrot\Subsystems\Hrot.Editor\Gizmos\LocationPickerGizmo.cs(27,26,27,46): error CS0246: The type or namespace name 'IGeographicTransform' could not be found (are you missing a using directive or an assembly reference?)
104>D:\Work\IOS-IG-SimHost-FDP-2\Hrot\Subsystems\Hrot.Editor\Adapters\EditorMissionService.cs(45,37,45,48): error CS0246: The type or namespace name 'FdpEventBus' could not be found (are you missing a using directive or an assembly reference?)
104>D:\Work\IOS-IG-SimHost-FDP-2\Hrot\Subsystems\Hrot.Editor\Adapters\EditorMissionService.cs(45,54,45,70): error CS0246: The type or namespace name 'EntityRepository' could not be found (are you missing a using directive or an assembly reference?)
104>D:\Work\IOS-IG-SimHost-FDP-2\Hrot\Subsystems\Hrot.Editor\Adapters\EditorMissionService.cs(45,77,45,93): error CS0246: The type or namespace name 'BehaviorRegistry' could not be found (are you missing a using directive or an assembly reference?)
104>D:\Work\IOS-IG-SimHost-FDP-2\Hrot\Subsystems\Hrot.Editor\EditorSubsystem.cs(154,26,154,41): error CS0246: The type or namespace name 'INetworkFactory' could not be found (are you missing a using directive or an assembly reference?)
104>D:\Work\IOS-IG-SimHost-FDP-2\Hrot\Subsystems\Hrot.Editor\Rendering\PerceptionMapLayer.cs(17,22,17,38): error CS0246: The type or namespace name 'EntityRepository' could not be found (are you missing a using directive or an assembly reference?)
104>D:\Work\IOS-IG-SimHost-FDP-2\Hrot\Subsystems\Hrot.Editor\Adapters\EditorZoneAdapter.cs(38,34,38,43): error CS0246: The type or namespace name 'MapCanvas' could not be found (are you missing a using directive or an assembly reference?)
104>D:\Work\IOS-IG-SimHost-FDP-2\Hrot\Subsystems\Hrot.Editor\Adapters\EditorZoneAdapter.cs(38,52,38,63): error CS0246: The type or namespace name 'FdpEventBus' could not be found (are you missing a using directive or an assembly reference?)
104>D:\Work\IOS-IG-SimHost-FDP-2\Hrot\Subsystems\Hrot.Editor\Adapters\EditorZoneAdapter.cs(38,69,38,87): error CS0246: The type or namespace name 'GlobalGizmoManager' could not be found (are you missing a using directive or an assembly reference?)
104>D:\Work\IOS-IG-SimHost-FDP-2\Hrot\Subsystems\Hrot.Editor\Adapters\EditorMissionService.cs(54,17,54,23): error CS0246: The type or namespace name 'Entity' could not be found (are you missing a using directive or an assembly reference?)
104>D:\Work\IOS-IG-SimHost-FDP-2\Hrot\Subsystems\Hrot.Editor\EditorApplication.cs(34,22,34,41): error CS0246: The type or namespace name 'ScenarioFileService' could not be found (are you missing a using directive or an assembly reference?)
104>D:\Work\IOS-IG-SimHost-FDP-2\Hrot\Subsystems\Hrot.Editor\Modules\EditorSystemsModule.cs(50,22,50,37): error CS0246: The type or namespace name 'ISimulationView' could not be found (are you missing a using directive or an assembly reference?)
104>D:\Work\IOS-IG-SimHost-FDP-2\Hrot\Subsystems\Hrot.Editor\Gizmos\ObstaclePlacementGizmo.cs(17,50,17,70): error CS0246: The type or namespace name 'IEntityStatefulGizmo' could not be found (are you missing a using directive or an assembly reference?)
104>D:\Work\IOS-IG-SimHost-FDP-2\Hrot\Subsystems\Hrot.Editor\Rendering\PerceptionMapLayer.cs(18,13,18,24): error CS0246: The type or namespace name 'EntityQuery' could not be found (are you missing a using directive or an assembly reference?)
104>D:\Work\IOS-IG-SimHost-FDP-2\Hrot\Subsystems\Hrot.Editor\Windows\EditorWindows.cs(18,45,18,58): error CS0246: The type or namespace name 'ManagedWindow' could not be found (are you missing a using directive or an assembly reference?)
104>D:\Work\IOS-IG-SimHost-FDP-2\Hrot\Subsystems\Hrot.Editor\EditorSubsystem.cs(158,17,158,33): error CS0246: The type or namespace name 'EntityRepository' could not be found (are you missing a using directive or an assembly reference?)
104>D:\Work\IOS-IG-SimHost-FDP-2\Hrot\Subsystems\Hrot.Editor\Systems\EditorCargoSystem.cs(15,45,15,61): error CS0246: The type or namespace name 'IEcsModuleSystem' could not be found (are you missing a using directive or an assembly reference?)
104>D:\Work\IOS-IG-SimHost-FDP-2\Hrot\Subsystems\Hrot.Editor\Adapters\EditorMissionService.cs(82,22,82,26): error CS0234: The type or namespace name 'Core' does not exist in the namespace 'Hrot' (are you missing an assembly reference?)
104>D:\Work\IOS-IG-SimHost-FDP-2\Hrot\Subsystems\Hrot.Editor\EditorApplication.cs(35,22,35,33): error CS0246: The type or namespace name 'FdpEventBus' could not be found (are you missing a using directive or an assembly reference?)
104>D:\Work\IOS-IG-SimHost-FDP-2\Hrot\Subsystems\Hrot.Editor\Rendering\PerceptionMapLayer.cs(29,31,29,47): error CS0246: The type or namespace name 'EntityRepository' could not be found (are you missing a using directive or an assembly reference?)
104>D:\Work\IOS-IG-SimHost-FDP-2\Hrot\Subsystems\Hrot.Editor\Adapters\EditorSpawnAdapter.cs(60,13,60,24): error CS0246: The type or namespace name 'FdpEventBus' could not be found (are you missing a using directive or an assembly reference?)
104>D:\Work\IOS-IG-SimHost-FDP-2\Hrot\Subsystems\Hrot.Editor\Adapters\EditorSpawnAdapter.cs(61,13,61,34): error CS0246: The type or namespace name 'JsonAttributeCompiler' could not be found (are you missing a using directive or an assembly reference?)
104>D:\Work\IOS-IG-SimHost-FDP-2\Hrot\Subsystems\Hrot.Editor\Adapters\EditorSpawnAdapter.cs(62,13,62,25): error CS0246: The type or namespace name 'ITkbDatabase' could not be found (are you missing a using directive or an assembly reference?)
104>D:\Work\IOS-IG-SimHost-FDP-2\Hrot\Subsystems\Hrot.Editor\Adapters\EditorSpawnAdapter.cs(63,13,63,48): error CS0246: The type or namespace name 'ScenarioEntityCreationRequestSource' could not be found (are you missing a using directive or an assembly reference?)
104>D:\Work\IOS-IG-SimHost-FDP-2\Hrot\Subsystems\Hrot.Editor\Adapters\EditorSpawnAdapter.cs(64,13,64,31): error CS0246: The type or namespace name 'GlobalGizmoManager' could not be found (are you missing a using directive or an assembly reference?)
104>D:\Work\IOS-IG-SimHost-FDP-2\Hrot\Subsystems\Hrot.Editor\UI\EditorTimeTransportAdapter.cs(14,56,14,76): error CS0246: The type or namespace name 'ITimeTransportFacade' could not be found (are you missing a using directive or an assembly reference?)
104>D:\Work\IOS-IG-SimHost-FDP-2\Hrot\Subsystems\Hrot.Editor\Systems\EditorPerceptionSetupSystem.cs(14,62,14,78): error CS0246: The type or namespace name 'IEcsModuleSystem' could not be found (are you missing a using directive or an assembly reference?)
104>D:\Work\IOS-IG-SimHost-FDP-2\Hrot\Subsystems\Hrot.Editor\EditorApplication.cs(36,22,36,33): error CS0246: The type or namespace name 'FdpEventBus' could not be found (are you missing a using directive or an assembly reference?)
104>D:\Work\IOS-IG-SimHost-FDP-2\Hrot\Subsystems\Hrot.Editor\Gizmos\ModalBoxSelectionGizmo.cs(53,35,53,50): error CS0246: The type or namespace name 'ISimulationView' could not be found (are you missing a using directive or an assembly reference?)
104>D:\Work\IOS-IG-SimHost-FDP-2\Hrot\Subsystems\Hrot.Editor\Gizmos\ModalBoxSelectionGizmo.cs(53,74,53,91): error CS0246: The type or namespace name 'IDebugDrawBuilder' could not be found (are you missing a using directive or an assembly reference?)
104>D:\Work\IOS-IG-SimHost-FDP-2\Hrot\Subsystems\Hrot.Editor\Gizmos\LocationPickerGizmo.cs(28,33,28,41): error CS0246: The type or namespace name 'GeoPoint' could not be found (are you missing a using directive or an assembly reference?)
104>D:\Work\IOS-IG-SimHost-FDP-2\Hrot\Subsystems\Hrot.Editor\EditorSubsystem.cs(159,17,159,33): error CS0246: The type or namespace name 'ModuleHostKernel' could not be found (are you missing a using directive or an assembly reference?)
104>D:\Work\IOS-IG-SimHost-FDP-2\Hrot\Subsystems\Hrot.Editor\Rendering\PerceptionMapLayer.cs(38,47,38,61): error CS0246: The type or namespace name 'MapMouseButton' could not be found (are you missing a using directive or an assembly reference?)
104>D:\Work\IOS-IG-SimHost-FDP-2\Hrot\Subsystems\Hrot.Editor\Windows\EditorWindows.cs(36,45,36,58): error CS0246: The type or namespace name 'ManagedWindow' could not be found (are you missing a using directive or an assembly reference?)
104>D:\Work\IOS-IG-SimHost-FDP-2\Hrot\Subsystems\Hrot.Editor\EditorApplication.cs(37,22,37,38): error CS0246: The type or namespace name 'EntityRepository' could not be found (are you missing a using directive or an assembly reference?)
104>D:\Work\IOS-IG-SimHost-FDP-2\Hrot\Subsystems\Hrot.Editor\UI\EditorTimeTransportAdapter.cs(16,26,16,44): error CS0246: The type or namespace name 'IPreviewController' could not be found (are you missing a using directive or an assembly reference?)
104>D:\Work\IOS-IG-SimHost-FDP-2\Hrot\Subsystems\Hrot.Editor\Rendering\PerceptionMapLayer.cs(41,12,41,18): error CS0246: The type or namespace name 'Entity' could not be found (are you missing a using directive or an assembly reference?)
104>D:\Work\IOS-IG-SimHost-FDP-2\Hrot\Subsystems\Hrot.Editor\Gizmos\ModalBoxSelectionGizmo.cs(65,34,65,48): error CS0246: The type or namespace name 'MapMouseButton' could not be found (are you missing a using directive or an assembly reference?)
104>D:\Work\IOS-IG-SimHost-FDP-2\Hrot\Subsystems\Hrot.Editor\UI\EditorTimeTransportAdapter.cs(17,26,17,46): error CS0246: The type or namespace name 'MasterSyncController' could not be found (are you missing a using directive or an assembly reference?)
104>D:\Work\IOS-IG-SimHost-FDP-2\Hrot\Subsystems\Hrot.Editor\Windows\EditorWindows.cs(63,43,63,56): error CS0246: The type or namespace name 'ManagedWindow' could not be found (are you missing a using directive or an assembly reference?)
104>D:\Work\IOS-IG-SimHost-FDP-2\Hrot\Subsystems\Hrot.Editor\EditorApplication.cs(38,22,38,29): error CS0246: The type or namespace name 'DerRepo' could not be found (are you missing a using directive or an assembly reference?)
104>D:\Work\IOS-IG-SimHost-FDP-2\Hrot\Subsystems\Hrot.Editor\EditorSubsystem.cs(160,17,160,37): error CS0246: The type or namespace name 'MasterSyncController' could not be found (are you missing a using directive or an assembly reference?)
104>D:\Work\IOS-IG-SimHost-FDP-2\Hrot\Subsystems\Hrot.Editor\UI\EditorTimeTransportAdapter.cs(18,26,18,42): error CS0246: The type or namespace name 'EntityRepository' could not be found (are you missing a using directive or an assembly reference?)
104>D:\Work\IOS-IG-SimHost-FDP-2\Hrot\Subsystems\Hrot.Editor\Rendering\PerceptionMapLayer.cs(44,22,44,35): error CS0246: The type or namespace name 'RenderContext' could not be found (are you missing a using directive or an assembly reference?)
104>D:\Work\IOS-IG-SimHost-FDP-2\Hrot\Subsystems\Hrot.Editor\Gizmos\ModalBoxSelectionGizmo.cs(79,32,79,46): error CS0246: The type or namespace name 'MapKeyboardKey' could not be found (are you missing a using directive or an assembly reference?)
104>D:\Work\IOS-IG-SimHost-FDP-2\Hrot\Subsystems\Hrot.Editor\EditorApplication.cs(40,22,40,38): error CS0246: The type or namespace name 'ModuleHostKernel' could not be found (are you missing a using directive or an assembly reference?)
104>D:\Work\IOS-IG-SimHost-FDP-2\Hrot\Subsystems\Hrot.Editor\Windows\EditorWindows.cs(81,45,81,58): error CS0246: The type or namespace name 'ManagedWindow' could not be found (are you missing a using directive or an assembly reference?)
104>D:\Work\IOS-IG-SimHost-FDP-2\Hrot\Subsystems\Hrot.Editor\Gizmos\LocationPickerGizmo.cs(52,13,52,33): error CS0246: The type or namespace name 'IGeographicTransform' could not be found (are you missing a using directive or an assembly reference?)
104>D:\Work\IOS-IG-SimHost-FDP-2\Hrot\Subsystems\Hrot.Editor\Gizmos\LocationPickerGizmo.cs(53,20,53,28): error CS0246: The type or namespace name 'GeoPoint' could not be found (are you missing a using directive or an assembly reference?)
104>D:\Work\IOS-IG-SimHost-FDP-2\Hrot\Subsystems\Hrot.Editor\Adapters\EditorMissionService.cs(98,33,98,37): error CS0234: The type or namespace name 'Core' does not exist in the namespace 'Hrot' (are you missing an assembly reference?)
104>D:\Work\IOS-IG-SimHost-FDP-2\Hrot\Subsystems\Hrot.Editor\Adapters\EditorMissionService.cs(97,44,97,63): error CS0246: The type or namespace name 'MissionCommitResult' could not be found (are you missing a using directive or an assembly reference?)
104>D:\Work\IOS-IG-SimHost-FDP-2\Hrot\Subsystems\Hrot.Editor\OfflineNetworkFactory.cs(20,45,20,60): error CS0246: The type or namespace name 'INetworkFactory' could not be found (are you missing a using directive or an assembly reference?)
104>D:\Work\IOS-IG-SimHost-FDP-2\Hrot\Subsystems\Hrot.Editor\EditorSubsystem.cs(161,17,161,37): error CS0246: The type or namespace name 'PhysicsToolkitModule' could not be found (are you missing a using directive or an assembly reference?)
104>D:\Work\IOS-IG-SimHost-FDP-2\Hrot\Subsystems\Hrot.Editor\Gizmos\ObstaclePlacementGizmo.cs(57,35,57,50): error CS0246: The type or namespace name 'ISimulationView' could not be found (are you missing a using directive or an assembly reference?)
104>D:\Work\IOS-IG-SimHost-FDP-2\Hrot\Subsystems\Hrot.Editor\Gizmos\ObstaclePlacementGizmo.cs(57,74,57,91): error CS0246: The type or namespace name 'IDebugDrawBuilder' could not be found (are you missing a using directive or an assembly reference?)
104>D:\Work\IOS-IG-SimHost-FDP-2\Hrot\Subsystems\Hrot.Editor\Windows\EditorWindows.cs(99,45,99,58): error CS0246: The type or namespace name 'ManagedWindow' could not be found (are you missing a using directive or an assembly reference?)
104>D:\Work\IOS-IG-SimHost-FDP-2\Hrot\Subsystems\Hrot.Editor\Gizmos\ModalBoxSelectionGizmo.cs(87,42,87,56): error CS0246: The type or namespace name 'GizmoPickToken' could not be found (are you missing a using directive or an assembly reference?)
104>D:\Work\IOS-IG-SimHost-FDP-2\Hrot\Subsystems\Hrot.Editor\EditorApplication.cs(41,36,41,46): error CS0246: The type or namespace name 'IEcsModule' could not be found (are you missing a using directive or an assembly reference?)
104>D:\Work\IOS-IG-SimHost-FDP-2\Hrot\Subsystems\Hrot.Editor\Windows\EditorWindows.cs(119,44,119,57): error CS0246: The type or namespace name 'ManagedWindow' could not be found (are you missing a using directive or an assembly reference?)
104>D:\Work\IOS-IG-SimHost-FDP-2\Hrot\Subsystems\Hrot.Editor\UI\EditorTimeTransportAdapter.cs(21,13,21,31): error CS0246: The type or namespace name 'IPreviewController' could not be found (are you missing a using directive or an assembly reference?)
104>D:\Work\IOS-IG-SimHost-FDP-2\Hrot\Subsystems\Hrot.Editor\UI\EditorTimeTransportAdapter.cs(22,13,22,33): error CS0246: The type or namespace name 'MasterSyncController' could not be found (are you missing a using directive or an assembly reference?)
104>D:\Work\IOS-IG-SimHost-FDP-2\Hrot\Subsystems\Hrot.Editor\UI\EditorTimeTransportAdapter.cs(23,13,23,29): error CS0246: The type or namespace name 'EntityRepository' could not be found (are you missing a using directive or an assembly reference?)
104>D:\Work\IOS-IG-SimHost-FDP-2\Hrot\Subsystems\Hrot.Editor\Windows\EditorWindows.cs(83,22,83,34): error CS0246: The type or namespace name 'SpawnerPanel' could not be found (are you missing a using directive or an assembly reference?)
104>D:\Work\IOS-IG-SimHost-FDP-2\Hrot\Subsystems\Hrot.Editor\AiHotReloadCoordinator.cs(334,13,334,29): error CS0246: The type or namespace name 'BehaviorRegistry' could not be found (are you missing a using directive or an assembly reference?)
104>D:\Work\IOS-IG-SimHost-FDP-2\Hrot\Subsystems\Hrot.Editor\AiHotReloadCoordinator.cs(335,13,335,37): error CS0246: The type or namespace name 'BlueprintRegistryStaging' could not be found (are you missing a using directive or an assembly reference?)
104>D:\Work\IOS-IG-SimHost-FDP-2\Hrot\Subsystems\Hrot.Editor\EditorApplication.cs(42,36,42,46): error CS0246: The type or namespace name 'IEcsModule' could not be found (are you missing a using directive or an assembly reference?)
104>D:\Work\IOS-IG-SimHost-FDP-2\Hrot\Subsystems\Hrot.Editor\Windows\EditorWindows.cs(101,22,101,34): error CS0246: The type or namespace name 'MissionPanel' could not be found (are you missing a using directive or an assembly reference?)
104>D:\Work\IOS-IG-SimHost-FDP-2\Hrot\Subsystems\Hrot.Editor\EditorSubsystem.cs(164,17,164,26): error CS0246: The type or namespace name 'MapCanvas' could not be found (are you missing a using directive or an assembly reference?)
104>D:\Work\IOS-IG-SimHost-FDP-2\Hrot\Subsystems\Hrot.Editor\Windows\EditorWindows.cs(84,22,84,38): error CS0246: The type or namespace name 'ISpawnController' could not be found (are you missing a using directive or an assembly reference?)
104>D:\Work\IOS-IG-SimHost-FDP-2\Hrot\Subsystems\Hrot.Editor\Windows\EditorWindows.cs(121,22,121,33): error CS0246: The type or namespace name 'ConfigPanel' could not be found (are you missing a using directive or an assembly reference?)
104>D:\Work\IOS-IG-SimHost-FDP-2\Hrot\Subsystems\Hrot.Editor\Adapters\EditorMissionService.cs(121,33,121,37): error CS0234: The type or namespace name 'Core' does not exist in the namespace 'Hrot' (are you missing an assembly reference?)
104>D:\Work\IOS-IG-SimHost-FDP-2\Hrot\Subsystems\Hrot.Editor\Adapters\EditorMissionService.cs(120,44,120,63): error CS0246: The type or namespace name 'MissionCommitResult' could not be found (are you missing a using directive or an assembly reference?)
104>D:\Work\IOS-IG-SimHost-FDP-2\Hrot\Subsystems\Hrot.Editor\Gizmos\ObstaclePlacementGizmo.cs(75,34,75,48): error CS0246: The type or namespace name 'MapMouseButton' could not be found (are you missing a using directive or an assembly reference?)
104>D:\Work\IOS-IG-SimHost-FDP-2\Hrot\Subsystems\Hrot.Editor\Windows\EditorWindows.cs(102,22,102,43): error CS0246: The type or namespace name 'IMissionEditorService' could not be found (are you missing a using directive or an assembly reference?)
104>D:\Work\IOS-IG-SimHost-FDP-2\Hrot\Subsystems\Hrot.Editor\EditorApplication.cs(43,22,43,47): error CS0246: The type or namespace name 'HotReloadMessageLogSource' could not be found (are you missing a using directive or an assembly reference?)
104>D:\Work\IOS-IG-SimHost-FDP-2\Hrot\Subsystems\Hrot.Editor\EditorSubsystem.cs(165,17,165,26): error CS0246: The type or namespace name 'MapCamera' could not be found (are you missing a using directive or an assembly reference?)
104>D:\Work\IOS-IG-SimHost-FDP-2\Hrot\Subsystems\Hrot.Editor\UI\JsonEntityContextMenuHandler.cs(26,52,26,77): error CS0246: The type or namespace name 'IEntityContextMenuHandler' could not be found (are you missing a using directive or an assembly reference?)
104>D:\Work\IOS-IG-SimHost-FDP-2\Hrot\Subsystems\Hrot.Editor\Windows\EditorWindows.cs(122,22,122,42): error CS0246: The type or namespace name 'IMapConfigController' could not be found (are you missing a using directive or an assembly reference?)
104>D:\Work\IOS-IG-SimHost-FDP-2\Hrot\Subsystems\Hrot.Editor\Windows\EditorWindows.cs(86,32,86,44): error CS0246: The type or namespace name 'SpawnerPanel' could not be found (are you missing a using directive or an assembly reference?)
104>D:\Work\IOS-IG-SimHost-FDP-2\Hrot\Subsystems\Hrot.Editor\Windows\EditorWindows.cs(86,52,86,68): error CS0246: The type or namespace name 'ISpawnController' could not be found (are you missing a using directive or an assembly reference?)
104>D:\Work\IOS-IG-SimHost-FDP-2\Hrot\Subsystems\Hrot.Editor\Windows\EditorWindows.cs(103,22,103,37): error CS0246: The type or namespace name 'IMapPickService' could not be found (are you missing a using directive or an assembly reference?)
104>D:\Work\IOS-IG-SimHost-FDP-2\Hrot\Subsystems\Hrot.Editor\EditorApplication.cs(46,13,46,16): error CS0246: The type or namespace name 'Fdp' could not be found (are you missing a using directive or an assembly reference?)
104>D:\Work\IOS-IG-SimHost-FDP-2\Hrot\Subsystems\Hrot.Editor\Gizmos\LocationPickerGizmo.cs(65,35,65,50): error CS0246: The type or namespace name 'ISimulationView' could not be found (are you missing a using directive or an assembly reference?)
104>D:\Work\IOS-IG-SimHost-FDP-2\Hrot\Subsystems\Hrot.Editor\Gizmos\LocationPickerGizmo.cs(65,74,65,91): error CS0246: The type or namespace name 'IDebugDrawBuilder' could not be found (are you missing a using directive or an assembly reference?)
104>D:\Work\IOS-IG-SimHost-FDP-2\Hrot\Subsystems\Hrot.Editor\UI\ScenarioBrowserPanel.cs(19,27,19,42): error CS0246: The type or namespace name 'SidecarFileInfo' could not be found (are you missing a using directive or an assembly reference?)
104>D:\Work\IOS-IG-SimHost-FDP-2\Hrot\Subsystems\Hrot.Editor\Windows\EditorWindows.cs(137,49,137,62): error CS0246: The type or namespace name 'ManagedWindow' could not be found (are you missing a using directive or an assembly reference?)
104>D:\Work\IOS-IG-SimHost-FDP-2\Hrot\Subsystems\Hrot.Editor\EditorSubsystem.cs(171,17,171,33): error CS0246: The type or namespace name 'EntityRepository' could not be found (are you missing a using directive or an assembly reference?)
104>D:\Work\IOS-IG-SimHost-FDP-2\Hrot\Subsystems\Hrot.Editor\AiHotReloadCoordinator.cs(526,13,526,29): error CS0246: The type or namespace name 'BehaviorRegistry' could not be found (are you missing a using directive or an assembly reference?)
104>D:\Work\IOS-IG-SimHost-FDP-2\Hrot\Subsystems\Hrot.Editor\AiHotReloadCoordinator.cs(527,13,527,37): error CS0246: The type or namespace name 'BlueprintRegistryStaging' could not be found (are you missing a using directive or an assembly reference?)
104>D:\Work\IOS-IG-SimHost-FDP-2\Hrot\Subsystems\Hrot.Editor\Adapters\EditorMissionService.cs(165,77,165,94): error CS0246: The type or namespace name 'DomainMissionPlan' could not be found (are you missing a using directive or an assembly reference?)
104>D:\Work\IOS-IG-SimHost-FDP-2\Hrot\Subsystems\Hrot.Editor\Adapters\EditorMissionService.cs(165,29,165,33): error CS0234: The type or namespace name 'Core' does not exist in the namespace 'Hrot' (are you missing an assembly reference?)
104>D:\Work\IOS-IG-SimHost-FDP-2\Hrot\Subsystems\Hrot.Editor\UI\JsonEntityContextMenuHandler.cs(42,30,42,36): error CS0246: The type or namespace name 'Entity' could not be found (are you missing a using directive or an assembly reference?)
104>D:\Work\IOS-IG-SimHost-FDP-2\Hrot\Subsystems\Hrot.Editor\UI\JsonEntityContextMenuHandler.cs(42,45,42,64): error CS0246: The type or namespace name 'IContextMenuBuilder' could not be found (are you missing a using directive or an assembly reference?)
104>D:\Work\IOS-IG-SimHost-FDP-2\Hrot\Subsystems\Hrot.Editor\Gizmos\LocationPickerGizmo.cs(90,34,90,48): error CS0246: The type or namespace name 'MapMouseButton' could not be found (are you missing a using directive or an assembly reference?)
104>D:\Work\IOS-IG-SimHost-FDP-2\Hrot\Subsystems\Hrot.Editor\Windows\EditorWindows.cs(139,22,139,38): error CS0246: The type or namespace name 'SharedOrbatPanel' could not be found (are you missing a using directive or an assembly reference?)
104>D:\Work\IOS-IG-SimHost-FDP-2\Hrot\Subsystems\Hrot.Editor\AiHotReloadCoordinator.cs(551,41,551,58): error CS0246: The type or namespace name 'HsmDefinitionBlob' could not be found (are you missing a using directive or an assembly reference?)
104>D:\Work\IOS-IG-SimHost-FDP-2\Hrot\Subsystems\Hrot.Editor\EditorSubsystem.cs(172,17,172,38): error CS0246: The type or namespace name 'DebugSnapshotProvider' could not be found (are you missing a using directive or an assembly reference?)
104>D:\Work\IOS-IG-SimHost-FDP-2\Hrot\Subsystems\Hrot.Editor\UI\TimeControlStatusBarSection.cs(23,26,23,60): error CS0246: The type or namespace name 'ClusterTimeControlStatusBarSection' could not be found (are you missing a using directive or an assembly reference?)
104>D:\Work\IOS-IG-SimHost-FDP-2\Hrot\Subsystems\Hrot.Editor\Gizmos\LocationPickerGizmo.cs(106,32,106,46): error CS0246: The type or namespace name 'MapKeyboardKey' could not be found (are you missing a using directive or an assembly reference?)
104>D:\Work\IOS-IG-SimHost-FDP-2\Hrot\Subsystems\Hrot.Editor\Systems\EditorZoneAuthoringSystem.cs(28,53,28,69): error CS0246: The type or namespace name 'IEcsModuleSystem' could not be found (are you missing a using directive or an assembly reference?)
104>D:\Work\IOS-IG-SimHost-FDP-2\Hrot\Subsystems\Hrot.Editor\OfflineNetworkFactory.cs(72,14,72,20): error CS0234: The type or namespace name 'Common' does not exist in the namespace 'Hrot' (are you missing an assembly reference?)
104>D:\Work\IOS-IG-SimHost-FDP-2\Hrot\Subsystems\Hrot.Editor\OfflineNetworkFactory.cs(73,14,73,20): error CS0234: The type or namespace name 'Common' does not exist in the namespace 'Hrot' (are you missing an assembly reference?)
104>D:\Work\IOS-IG-SimHost-FDP-2\Hrot\Subsystems\Hrot.Editor\OfflineNetworkFactory.cs(74,9,74,12): error CS0246: The type or namespace name 'Fdp' could not be found (are you missing a using directive or an assembly reference?)
104>D:\Work\IOS-IG-SimHost-FDP-2\Hrot\Subsystems\Hrot.Editor\OfflineNetworkFactory.cs(71,12,71,27): error CS0246: The type or namespace name 'INetworkFactory' could not be found (are you missing a using directive or an assembly reference?)
104>D:\Work\IOS-IG-SimHost-FDP-2\Hrot\Subsystems\Hrot.Editor\Windows\EditorWindows.cs(105,32,105,44): error CS0246: The type or namespace name 'MissionPanel' could not be found (are you missing a using directive or an assembly reference?)
104>D:\Work\IOS-IG-SimHost-FDP-2\Hrot\Subsystems\Hrot.Editor\Windows\EditorWindows.cs(105,52,105,73): error CS0246: The type or namespace name 'IMissionEditorService' could not be found (are you missing a using directive or an assembly reference?)
104>D:\Work\IOS-IG-SimHost-FDP-2\Hrot\Subsystems\Hrot.Editor\Windows\EditorWindows.cs(105,79,105,94): error CS0246: The type or namespace name 'IMapPickService' could not be found (are you missing a using directive or an assembly reference?)
104>D:\Work\IOS-IG-SimHost-FDP-2\Hrot\Subsystems\Hrot.Editor\Windows\EditorWindows.cs(140,22,140,40): error CS0246: The type or namespace name 'IOrbatDataProvider' could not be found (are you missing a using directive or an assembly reference?)
104>D:\Work\IOS-IG-SimHost-FDP-2\Hrot\Subsystems\Hrot.Editor\UI\JsonEntityContextMenuHandler.cs(67,50,67,56): error CS0246: The type or namespace name 'Entity' could not be found (are you missing a using directive or an assembly reference?)
104>D:\Work\IOS-IG-SimHost-FDP-2\Hrot\Subsystems\Hrot.Editor\UI\JsonEntityContextMenuHandler.cs(67,68,67,87): error CS0246: The type or namespace name 'IContextMenuBuilder' could not be found (are you missing a using directive or an assembly reference?)
104>D:\Work\IOS-IG-SimHost-FDP-2\Hrot\Subsystems\Hrot.Editor\Gizmos\LocationPickerGizmo.cs(114,42,114,56): error CS0246: The type or namespace name 'GizmoPickToken' could not be found (are you missing a using directive or an assembly reference?)
104>D:\Work\IOS-IG-SimHost-FDP-2\Hrot\Subsystems\Hrot.Editor\OfflineNetworkFactory.cs(81,14,81,20): error CS0234: The type or namespace name 'Common' does not exist in the namespace 'Hrot' (are you missing an assembly reference?)
104>D:\Work\IOS-IG-SimHost-FDP-2\Hrot\Subsystems\Hrot.Editor\OfflineNetworkFactory.cs(78,12,78,27): error CS0246: The type or namespace name 'INetworkFactory' could not be found (are you missing a using directive or an assembly reference?)
104>D:\Work\IOS-IG-SimHost-FDP-2\Hrot\Subsystems\Hrot.Editor\EditorSubsystem.cs(173,17,173,38): error CS0246: The type or namespace name 'DataBreakpointManager' could not be found (are you missing a using directive or an assembly reference?)
104>D:\Work\IOS-IG-SimHost-FDP-2\Hrot\Subsystems\Hrot.Editor\Windows\EditorWindows.cs(141,22,141,38): error CS0246: The type or namespace name 'IOrbatController' could not be found (are you missing a using directive or an assembly reference?)
104>D:\Work\IOS-IG-SimHost-FDP-2\Hrot\Subsystems\Hrot.Editor\UI\JsonEntityContextMenuHandler.cs(28,22,28,38): error CS0246: The type or namespace name 'EntityRepository' could not be found (are you missing a using directive or an assembly reference?)
104>D:\Work\IOS-IG-SimHost-FDP-2\Hrot\Subsystems\Hrot.Editor\Windows\EditorWindows.cs(157,45,157,58): error CS0246: The type or namespace name 'ManagedWindow' could not be found (are you missing a using directive or an assembly reference?)
104>D:\Work\IOS-IG-SimHost-FDP-2\Hrot\Subsystems\Hrot.Editor\AiHotReloadCoordinator.cs(133,26,133,42): error CS0246: The type or namespace name 'EntityRepository' could not be found (are you missing a using directive or an assembly reference?)
104>D:\Work\IOS-IG-SimHost-FDP-2\Hrot\Subsystems\Hrot.Editor\UI\TimeControlStatusBarSection.cs(26,13,26,31): error CS0246: The type or namespace name 'IPreviewController' could not be found (are you missing a using directive or an assembly reference?)
104>D:\Work\IOS-IG-SimHost-FDP-2\Hrot\Subsystems\Hrot.Editor\UI\TimeControlStatusBarSection.cs(27,13,27,33): error CS0246: The type or namespace name 'MasterSyncController' could not be found (are you missing a using directive or an assembly reference?)
104>D:\Work\IOS-IG-SimHost-FDP-2\Hrot\Subsystems\Hrot.Editor\UI\TimeControlStatusBarSection.cs(28,13,28,29): error CS0246: The type or namespace name 'EntityRepository' could not be found (are you missing a using directive or an assembly reference?)
104>D:\Work\IOS-IG-SimHost-FDP-2\Hrot\Subsystems\Hrot.Editor\Windows\EditorWindows.cs(124,31,124,42): error CS0246: The type or namespace name 'ConfigPanel' could not be found (are you missing a using directive or an assembly reference?)
104>D:\Work\IOS-IG-SimHost-FDP-2\Hrot\Subsystems\Hrot.Editor\Windows\EditorWindows.cs(124,50,124,70): error CS0246: The type or namespace name 'IMapConfigController' could not be found (are you missing a using directive or an assembly reference?)
104>D:\Work\IOS-IG-SimHost-FDP-2\Hrot\Subsystems\Hrot.Editor\UI\JsonEntityContextMenuHandler.cs(29,22,29,33): error CS0246: The type or namespace name 'FdpEventBus' could not be found (are you missing a using directive or an assembly reference?)
104>D:\Work\IOS-IG-SimHost-FDP-2\Hrot\Subsystems\Hrot.Editor\OfflineNetworkFactory.cs(23,12,23,30): error CS0246: The type or namespace name 'IReplicationModule' could not be found (are you missing a using directive or an assembly reference?)
104>D:\Work\IOS-IG-SimHost-FDP-2\Hrot\Subsystems\Hrot.Editor\AiHotReloadCoordinator.cs(134,26,134,42): error CS0246: The type or namespace name 'BehaviorRegistry' could not be found (are you missing a using directive or an assembly reference?)
104>D:\Work\IOS-IG-SimHost-FDP-2\Hrot\Subsystems\Hrot.Editor\EditorSubsystem.cs(174,17,174,37): error CS0246: The type or namespace name 'DataBreakpointSystem' could not be found (are you missing a using directive or an assembly reference?)
104>D:\Work\IOS-IG-SimHost-FDP-2\Hrot\Subsystems\Hrot.Editor\Windows\EditorWindows.cs(159,22,159,34): error CS0246: The type or namespace name 'PreviewPanel' could not be found (are you missing a using directive or an assembly reference?)
104>D:\Work\IOS-IG-SimHost-FDP-2\Hrot\Subsystems\Hrot.Editor\EditorSubsystem.cs(175,22,175,32): error CS0234: The type or namespace name 'Blueprints' does not exist in the namespace 'Hrot' (are you missing an assembly reference?)
104>D:\Work\IOS-IG-SimHost-FDP-2\Hrot\Subsystems\Hrot.Editor\OfflineNetworkFactory.cs(26,12,26,27): error CS0246: The type or namespace name 'ICommandGateway' could not be found (are you missing a using directive or an assembly reference?)
104>D:\Work\IOS-IG-SimHost-FDP-2\Hrot\Subsystems\Hrot.Editor\AiHotReloadCoordinator.cs(135,26,135,43): error CS0246: The type or namespace name 'BlueprintRegistry' could not be found (are you missing a using directive or an assembly reference?)
104>D:\Work\IOS-IG-SimHost-FDP-2\Hrot\Subsystems\Hrot.Editor\Windows\EditorWindows.cs(175,48,175,61): error CS0246: The type or namespace name 'ManagedWindow' could not be found (are you missing a using directive or an assembly reference?)
104>D:\Work\IOS-IG-SimHost-FDP-2\Hrot\Subsystems\Hrot.Editor\UI\JsonEntityContextMenuHandler.cs(33,41,33,57): error CS0246: The type or namespace name 'EntityRepository' could not be found (are you missing a using directive or an assembly reference?)
104>D:\Work\IOS-IG-SimHost-FDP-2\Hrot\Subsystems\Hrot.Editor\UI\JsonEntityContextMenuHandler.cs(33,64,33,75): error CS0246: The type or namespace name 'FdpEventBus' could not be found (are you missing a using directive or an assembly reference?)
104>D:\Work\IOS-IG-SimHost-FDP-2\Hrot\Subsystems\Hrot.Editor\Windows\EditorWindows.cs(160,22,160,40): error CS0246: The type or namespace name 'IPreviewController' could not be found (are you missing a using directive or an assembly reference?)
104>D:\Work\IOS-IG-SimHost-FDP-2\Hrot\Subsystems\Hrot.Editor\OfflineNetworkFactory.cs(29,12,29,31): error CS0246: The type or namespace name 'IExConEgressWriters' could not be found (are you missing a using directive or an assembly reference?)
104>D:\Work\IOS-IG-SimHost-FDP-2\Hrot\Subsystems\Hrot.Editor\Windows\EditorWindows.cs(143,36,143,52): error CS0246: The type or namespace name 'SharedOrbatPanel' could not be found (are you missing a using directive or an assembly reference?)
104>D:\Work\IOS-IG-SimHost-FDP-2\Hrot\Subsystems\Hrot.Editor\Windows\EditorWindows.cs(143,60,143,78): error CS0246: The type or namespace name 'IOrbatDataProvider' could not be found (are you missing a using directive or an assembly reference?)
104>D:\Work\IOS-IG-SimHost-FDP-2\Hrot\Subsystems\Hrot.Editor\Windows\EditorWindows.cs(143,85,143,101): error CS0246: The type or namespace name 'IOrbatController' could not be found (are you missing a using directive or an assembly reference?)
104>D:\Work\IOS-IG-SimHost-FDP-2\Hrot\Subsystems\Hrot.Editor\AiHotReloadCoordinator.cs(137,26,137,46): error CS0246: The type or namespace name 'IGeographicTransform' could not be found (are you missing a using directive or an assembly reference?)
104>D:\Work\IOS-IG-SimHost-FDP-2\Hrot\Subsystems\Hrot.Editor\UI\JsonEntityContextMenuHandler.cs(74,29,74,48): error CS0246: The type or namespace name 'IContextMenuBuilder' could not be found (are you missing a using directive or an assembly reference?)
104>D:\Work\IOS-IG-SimHost-FDP-2\Hrot\Subsystems\Hrot.Editor\OfflineNetworkFactory.cs(32,12,32,31): error CS0246: The type or namespace name 'ITimeControlGateway' could not be found (are you missing a using directive or an assembly reference?)
104>D:\Work\IOS-IG-SimHost-FDP-2\Hrot\Subsystems\Hrot.Editor\AiHotReloadCoordinator.cs(138,26,138,42): error CS0246: The type or namespace name 'NetworkEntityMap' could not be found (are you missing a using directive or an assembly reference?)
104>D:\Work\IOS-IG-SimHost-FDP-2\Hrot\Subsystems\Hrot.Editor\Windows\EditorWindows.cs(177,22,177,37): error CS0246: The type or namespace name 'ZoneEditorPanel' could not be found (are you missing a using directive or an assembly reference?)
104>D:\Work\IOS-IG-SimHost-FDP-2\Hrot\Subsystems\Hrot.Editor\AiHotReloadCoordinator.cs(139,34,139,37): error CS0400: The type or namespace name 'Fdp' could not be found in the global namespace (are you missing an assembly reference?)
104>D:\Work\IOS-IG-SimHost-FDP-2\Hrot\Subsystems\Hrot.Editor\Windows\EditorWindows.cs(162,32,162,44): error CS0246: The type or namespace name 'PreviewPanel' could not be found (are you missing a using directive or an assembly reference?)
104>D:\Work\IOS-IG-SimHost-FDP-2\Hrot\Subsystems\Hrot.Editor\Windows\EditorWindows.cs(162,52,162,70): error CS0246: The type or namespace name 'IPreviewController' could not be found (are you missing a using directive or an assembly reference?)
104>D:\Work\IOS-IG-SimHost-FDP-2\Hrot\Subsystems\Hrot.Editor\AiHotReloadCoordinator.cs(140,39,140,49): error CS0234: The type or namespace name 'Blueprints' does not exist in the namespace 'Hrot' (are you missing an assembly reference?)
104>D:\Work\IOS-IG-SimHost-FDP-2\Hrot\Subsystems\Hrot.Editor\EditorSubsystem.cs(187,17,187,30): error CS0246: The type or namespace name 'MapViewConfig' could not be found (are you missing a using directive or an assembly reference?)
104>D:\Work\IOS-IG-SimHost-FDP-2\Hrot\Subsystems\Hrot.Editor\Windows\EditorWindows.cs(178,22,178,46): error CS0246: The type or namespace name 'IZoneAuthoringController' could not be found (are you missing a using directive or an assembly reference?)
104>D:\Work\IOS-IG-SimHost-FDP-2\Hrot\Subsystems\Hrot.Editor\Gizmos\ObstaclePlacementGizmo.cs(89,32,89,46): error CS0246: The type or namespace name 'MapKeyboardKey' could not be found (are you missing a using directive or an assembly reference?)
104>D:\Work\IOS-IG-SimHost-FDP-2\Hrot\Subsystems\Hrot.Editor\EditorApplication.cs(107,9,107,28): error CS0246: The type or namespace name 'ScenarioFileService' could not be found (are you missing a using directive or an assembly reference?)
104>D:\Work\IOS-IG-SimHost-FDP-2\Hrot\Subsystems\Hrot.Editor\EditorApplication.cs(108,9,108,20): error CS0246: The type or namespace name 'FdpEventBus' could not be found (are you missing a using directive or an assembly reference?)
104>D:\Work\IOS-IG-SimHost-FDP-2\Hrot\Subsystems\Hrot.Editor\EditorApplication.cs(109,9,109,20): error CS0246: The type or namespace name 'FdpEventBus' could not be found (are you missing a using directive or an assembly reference?)
104>D:\Work\IOS-IG-SimHost-FDP-2\Hrot\Subsystems\Hrot.Editor\EditorApplication.cs(110,9,110,25): error CS0246: The type or namespace name 'EntityRepository' could not be found (are you missing a using directive or an assembly reference?)
104>D:\Work\IOS-IG-SimHost-FDP-2\Hrot\Subsystems\Hrot.Editor\EditorApplication.cs(111,9,111,25): error CS0246: The type or namespace name 'ModuleHostKernel' could not be found (are you missing a using directive or an assembly reference?)
104>D:\Work\IOS-IG-SimHost-FDP-2\Hrot\Subsystems\Hrot.Editor\EditorApplication.cs(112,23,112,33): error CS0246: The type or namespace name 'IEcsModule' could not be found (are you missing a using directive or an assembly reference?)
104>D:\Work\IOS-IG-SimHost-FDP-2\Hrot\Subsystems\Hrot.Editor\EditorApplication.cs(113,23,113,33): error CS0246: The type or namespace name 'IEcsModule' could not be found (are you missing a using directive or an assembly reference?)
104>D:\Work\IOS-IG-SimHost-FDP-2\Hrot\Subsystems\Hrot.Editor\EditorApplication.cs(114,9,114,34): error CS0246: The type or namespace name 'HotReloadMessageLogSource' could not be found (are you missing a using directive or an assembly reference?)
104>D:\Work\IOS-IG-SimHost-FDP-2\Hrot\Subsystems\Hrot.Editor\AiHotReloadCoordinator.cs(141,26,141,42): error CS0246: The type or namespace name 'HotReloadManager' could not be found (are you missing a using directive or an assembly reference?)
104>D:\Work\IOS-IG-SimHost-FDP-2\Hrot\Subsystems\Hrot.Editor\OfflineNetworkFactory.cs(35,12,35,33): error CS0246: The type or namespace name 'ISimHostMissionSender' could not be found (are you missing a using directive or an assembly reference?)
104>D:\Work\IOS-IG-SimHost-FDP-2\Hrot\Subsystems\Hrot.Editor\EditorSubsystem.cs(197,17,197,29): error CS0246: The type or namespace name 'SpawnerPanel' could not be found (are you missing a using directive or an assembly reference?)
104>D:\Work\IOS-IG-SimHost-FDP-2\Hrot\Subsystems\Hrot.Editor\OfflineNetworkFactory.cs(38,12,38,40): error CS0246: The type or namespace name 'ISimHostAuxiliaryTranslators' could not be found (are you missing a using directive or an assembly reference?)
104>D:\Work\IOS-IG-SimHost-FDP-2\Hrot\Subsystems\Hrot.Editor\EditorSubsystem.cs(198,17,198,29): error CS0246: The type or namespace name 'MissionPanel' could not be found (are you missing a using directive or an assembly reference?)
104>D:\Work\IOS-IG-SimHost-FDP-2\Hrot\Subsystems\Hrot.Editor\Windows\EditorWindows.cs(180,35,180,50): error CS0246: The type or namespace name 'ZoneEditorPanel' could not be found (are you missing a using directive or an assembly reference?)
104>D:\Work\IOS-IG-SimHost-FDP-2\Hrot\Subsystems\Hrot.Editor\Windows\EditorWindows.cs(180,58,180,82): error CS0246: The type or namespace name 'IZoneAuthoringController' could not be found (are you missing a using directive or an assembly reference?)
104>D:\Work\IOS-IG-SimHost-FDP-2\Hrot\Subsystems\Hrot.Editor\OfflineNetworkFactory.cs(41,79,41,87): error CS0246: The type or namespace name 'CarKinem' could not be found (are you missing a using directive or an assembly reference?)
104>D:\Work\IOS-IG-SimHost-FDP-2\Hrot\Subsystems\Hrot.Editor\OfflineNetworkFactory.cs(41,12,41,42): error CS0246: The type or namespace name 'ISimHostPathfindingTranslators' could not be found (are you missing a using directive or an assembly reference?)
104>D:\Work\IOS-IG-SimHost-FDP-2\Hrot\Subsystems\Hrot.Editor\Gizmos\ObstaclePlacementGizmo.cs(97,42,97,56): error CS0246: The type or namespace name 'GizmoPickToken' could not be found (are you missing a using directive or an assembly reference?)
104>D:\Work\IOS-IG-SimHost-FDP-2\Hrot\Subsystems\Hrot.Editor\EditorSubsystem.cs(199,17,199,28): error CS0246: The type or namespace name 'ConfigPanel' could not be found (are you missing a using directive or an assembly reference?)
104>D:\Work\IOS-IG-SimHost-FDP-2\Hrot\Subsystems\Hrot.Editor\OfflineNetworkFactory.cs(44,77,44,96): error CS0246: The type or namespace name 'GhostCreationSystem' could not be found (are you missing a using directive or an assembly reference?)
104>D:\Work\IOS-IG-SimHost-FDP-2\Hrot\Subsystems\Hrot.Editor\OfflineNetworkFactory.cs(44,12,44,41): error CS0246: The type or namespace name 'ISimHostPerceptionTranslators' could not be found (are you missing a using directive or an assembly reference?)
104>D:\Work\IOS-IG-SimHost-FDP-2\Hrot\Subsystems\Hrot.Editor\EditorSubsystem.cs(200,17,200,33): error CS0246: The type or namespace name 'SharedOrbatPanel' could not be found (are you missing a using directive or an assembly reference?)
104>D:\Work\IOS-IG-SimHost-FDP-2\Hrot\Subsystems\Hrot.Editor\Systems\EditorPerceptionSetupSystem.cs(13,6,13,19): error CS0246: The type or namespace name 'UpdateInPhaseAttribute' could not be found (are you missing a using directive or an assembly reference?)
104>D:\Work\IOS-IG-SimHost-FDP-2\Hrot\Subsystems\Hrot.Editor\Systems\EditorPerceptionSetupSystem.cs(13,6,13,19): error CS0246: The type or namespace name 'UpdateInPhase' could not be found (are you missing a using directive or an assembly reference?)
104>D:\Work\IOS-IG-SimHost-FDP-2\Hrot\Subsystems\Hrot.Editor\Systems\EditorPerceptionSetupSystem.cs(13,20,13,31): error CS0103: The name 'SystemPhase' does not exist in the current context
104>D:\Work\IOS-IG-SimHost-FDP-2\Hrot\Subsystems\Hrot.Editor\OfflineNetworkFactory.cs(47,53,47,56): error CS0246: The type or namespace name 'Fdp' could not be found (are you missing a using directive or an assembly reference?)
104>D:\Work\IOS-IG-SimHost-FDP-2\Hrot\Subsystems\Hrot.Editor\Systems\EditorPerceptionSetupSystem.cs(17,25,17,40): error CS0246: The type or namespace name 'ISimulationView' could not be found (are you missing a using directive or an assembly reference?)
104>D:\Work\IOS-IG-SimHost-FDP-2\Hrot\Subsystems\Hrot.Editor\Systems\EditorZoneAuthoringSystem.cs(27,6,27,19): error CS0246: The type or namespace name 'UpdateInPhaseAttribute' could not be found (are you missing a using directive or an assembly reference?)
104>D:\Work\IOS-IG-SimHost-FDP-2\Hrot\Subsystems\Hrot.Editor\Systems\EditorZoneAuthoringSystem.cs(27,6,27,19): error CS0246: The type or namespace name 'UpdateInPhase' could not be found (are you missing a using directive or an assembly reference?)
104>D:\Work\IOS-IG-SimHost-FDP-2\Hrot\Subsystems\Hrot.Editor\Systems\EditorZoneAuthoringSystem.cs(27,20,27,31): error CS0103: The name 'SystemPhase' does not exist in the current context
104>D:\Work\IOS-IG-SimHost-FDP-2\Hrot\Subsystems\Hrot.Editor\OfflineNetworkFactory.cs(51,12,51,26): error CS0246: The type or namespace name 'IIgTranslators' could not be found (are you missing a using directive or an assembly reference?)
104>D:\Work\IOS-IG-SimHost-FDP-2\Hrot\Subsystems\Hrot.Editor\Systems\EditorCargoSystem.cs(14,6,14,19): error CS0246: The type or namespace name 'UpdateInPhaseAttribute' could not be found (are you missing a using directive or an assembly reference?)
104>D:\Work\IOS-IG-SimHost-FDP-2\Hrot\Subsystems\Hrot.Editor\Systems\EditorCargoSystem.cs(14,6,14,19): error CS0246: The type or namespace name 'UpdateInPhase' could not be found (are you missing a using directive or an assembly reference?)
104>D:\Work\IOS-IG-SimHost-FDP-2\Hrot\Subsystems\Hrot.Editor\Systems\EditorCargoSystem.cs(14,20,14,31): error CS0103: The name 'SystemPhase' does not exist in the current context
104>D:\Work\IOS-IG-SimHost-FDP-2\Hrot\Subsystems\Hrot.Editor\EditorSubsystem.cs(201,17,201,29): error CS0246: The type or namespace name 'PreviewPanel' could not be found (are you missing a using directive or an assembly reference?)
104>D:\Work\IOS-IG-SimHost-FDP-2\Hrot\Subsystems\Hrot.Editor\Systems\EditorZoneAuthoringSystem.cs(30,22,30,40): error CS0246: The type or namespace name 'ZoneManagerService' could not be found (are you missing a using directive or an assembly reference?)
104>D:\Work\IOS-IG-SimHost-FDP-2\Hrot\Subsystems\Hrot.Editor\AiHotReloadCoordinator.cs(175,13,175,29): error CS0246: The type or namespace name 'EntityRepository' could not be found (are you missing a using directive or an assembly reference?)
104>D:\Work\IOS-IG-SimHost-FDP-2\Hrot\Subsystems\Hrot.Editor\AiHotReloadCoordinator.cs(176,13,176,29): error CS0246: The type or namespace name 'BehaviorRegistry' could not be found (are you missing a using directive or an assembly reference?)
104>D:\Work\IOS-IG-SimHost-FDP-2\Hrot\Subsystems\Hrot.Editor\AiHotReloadCoordinator.cs(177,13,177,30): error CS0246: The type or namespace name 'BlueprintRegistry' could not be found (are you missing a using directive or an assembly reference?)
104>D:\Work\IOS-IG-SimHost-FDP-2\Hrot\Subsystems\Hrot.Editor\AiHotReloadCoordinator.cs(179,13,179,33): error CS0246: The type or namespace name 'IGeographicTransform' could not be found (are you missing a using directive or an assembly reference?)
104>D:\Work\IOS-IG-SimHost-FDP-2\Hrot\Subsystems\Hrot.Editor\AiHotReloadCoordinator.cs(180,13,180,29): error CS0246: The type or namespace name 'NetworkEntityMap' could not be found (are you missing a using directive or an assembly reference?)
104>D:\Work\IOS-IG-SimHost-FDP-2\Hrot\Subsystems\Hrot.Editor\AiHotReloadCoordinator.cs(181,21,181,24): error CS0400: The type or namespace name 'Fdp' could not be found in the global namespace (are you missing an assembly reference?)
104>D:\Work\IOS-IG-SimHost-FDP-2\Hrot\Subsystems\Hrot.Editor\AiHotReloadCoordinator.cs(182,26,182,36): error CS0234: The type or namespace name 'Blueprints' does not exist in the namespace 'Hrot' (are you missing an assembly reference?)
104>D:\Work\IOS-IG-SimHost-FDP-2\Hrot\Subsystems\Hrot.Editor\OfflineNetworkFactory.cs(54,12,54,29): error CS0246: The type or namespace name 'IIgNetworkAdapter' could not be found (are you missing a using directive or an assembly reference?)
104>D:\Work\IOS-IG-SimHost-FDP-2\Hrot\Subsystems\Hrot.Editor\EditorSubsystem.cs(202,17,202,32): error CS0246: The type or namespace name 'ZoneEditorPanel' could not be found (are you missing a using directive or an assembly reference?)
104>D:\Work\IOS-IG-SimHost-FDP-2\Hrot\Subsystems\Hrot.Editor\Systems\EditorCargoSystem.cs(18,25,18,40): error CS0246: The type or namespace name 'ISimulationView' could not be found (are you missing a using directive or an assembly reference?)
104>D:\Work\IOS-IG-SimHost-FDP-2\Hrot\Subsystems\Hrot.Editor\EditorSubsystem.cs(208,17,208,46): error CS0246: The type or namespace name 'DiagnosticEventHistoryService' could not be found (are you missing a using directive or an assembly reference?)
104>D:\Work\IOS-IG-SimHost-FDP-2\Hrot\Subsystems\Hrot.Editor\EditorSubsystem.cs(212,22,212,29): error CS0234: The type or namespace name 'SimHost' does not exist in the namespace 'Hrot' (are you missing an assembly reference?)
104>D:\Work\IOS-IG-SimHost-FDP-2\Hrot\Subsystems\Hrot.Editor\Systems\EditorCargoSystem.cs(24,32,24,47): error CS0246: The type or namespace name 'ISimulationView' could not be found (are you missing a using directive or an assembly reference?)
104>D:\Work\IOS-IG-SimHost-FDP-2\Hrot\Subsystems\Hrot.Editor\Systems\EditorCargoSystem.cs(51,35,51,50): error CS0246: The type or namespace name 'ISimulationView' could not be found (are you missing a using directive or an assembly reference?)
104>D:\Work\IOS-IG-SimHost-FDP-2\Hrot\Subsystems\Hrot.Editor\EditorSubsystem.cs(216,17,216,28): error CS0246: The type or namespace name 'FdpEventBus' could not be found (are you missing a using directive or an assembly reference?)
104>D:\Work\IOS-IG-SimHost-FDP-2\Hrot\Subsystems\Hrot.Editor\EditorSubsystem.cs(217,17,217,30): error CS0246: The type or namespace name 'ClusterMaster' could not be found (are you missing a using directive or an assembly reference?)
104>D:\Work\IOS-IG-SimHost-FDP-2\Hrot\Subsystems\Hrot.Editor\EditorSubsystem.cs(218,17,218,41): error CS0246: The type or namespace name 'ReplaySeekProcessManager' could not be found (are you missing a using directive or an assembly reference?)
104>D:\Work\IOS-IG-SimHost-FDP-2\Hrot\Subsystems\Hrot.Editor\EditorSubsystem.cs(219,17,219,37): error CS0246: The type or namespace name 'ReplayProcessManager' could not be found (are you missing a using directive or an assembly reference?)
104>D:\Work\IOS-IG-SimHost-FDP-2\Hrot\Subsystems\Hrot.Editor\EditorSubsystem.cs(220,17,220,45): error CS0246: The type or namespace name 'AssetInventoryProcessManager' could not be found (are you missing a using directive or an assembly reference?)
104>D:\Work\IOS-IG-SimHost-FDP-2\Hrot\Subsystems\Hrot.Editor\EditorSubsystem.cs(221,17,221,44): error CS0246: The type or namespace name 'AssetPrefetchProcessManager' could not be found (are you missing a using directive or an assembly reference?)
104>D:\Work\IOS-IG-SimHost-FDP-2\Hrot\Subsystems\Hrot.Editor\EditorSubsystem.cs(222,17,222,37): error CS0246: The type or namespace name 'StorageGatewayModule' could not be found (are you missing a using directive or an assembly reference?)
104>D:\Work\IOS-IG-SimHost-FDP-2\Hrot\Subsystems\Hrot.Editor\EditorSubsystem.cs(223,17,223,31): error CS0246: The type or namespace name 'ClusterUiCache' could not be found (are you missing a using directive or an assembly reference?)
104>D:\Work\IOS-IG-SimHost-FDP-2\Hrot\Subsystems\Hrot.Editor\OfflineNetworkFactory.cs(61,9,61,12): error CS0246: The type or namespace name 'Fdp' could not be found (are you missing a using directive or an assembly reference?)
104>D:\Work\IOS-IG-SimHost-FDP-2\Hrot\Subsystems\Hrot.Editor\OfflineNetworkFactory.cs(62,23,62,39): error CS0246: The type or namespace name 'MapClickEventDto' could not be found (are you missing a using directive or an assembly reference?)
104>D:\Work\IOS-IG-SimHost-FDP-2\Hrot\Subsystems\Hrot.Editor\OfflineNetworkFactory.cs(63,23,63,47): error CS0246: The type or namespace name 'SelectionChangedEventDto' could not be found (are you missing a using directive or an assembly reference?)
104>D:\Work\IOS-IG-SimHost-FDP-2\Hrot\Subsystems\Hrot.Editor\OfflineNetworkFactory.cs(64,23,64,44): error CS0246: The type or namespace name 'EntityLifecycleAckDto' could not be found (are you missing a using directive or an assembly reference?)
104>D:\Work\IOS-IG-SimHost-FDP-2\Hrot\Subsystems\Hrot.Editor\OfflineNetworkFactory.cs(65,23,65,39): error CS0246: The type or namespace name 'MapCommandAckDto' could not be found (are you missing a using directive or an assembly reference?)
104>D:\Work\IOS-IG-SimHost-FDP-2\Hrot\Subsystems\Hrot.Editor\OfflineNetworkFactory.cs(58,51,58,54): error CS0246: The type or namespace name 'Fdp' could not be found (are you missing a using directive or an assembly reference?)
104>D:\Work\IOS-IG-SimHost-FDP-2\Hrot\Subsystems\Hrot.Editor\Systems\EditorZoneAuthoringSystem.cs(31,41,31,58): error CS0246: The type or namespace name 'ZoneDefinitionDto' could not be found (are you missing a using directive or an assembly reference?)
104>D:\Work\IOS-IG-SimHost-FDP-2\Hrot\Subsystems\Hrot.Editor\EditorSubsystem.cs(224,17,224,37): error CS0246: The type or namespace name 'ClusterScenarioPanel' could not be found (are you missing a using directive or an assembly reference?)
104>D:\Work\IOS-IG-SimHost-FDP-2\Hrot\Subsystems\Hrot.Editor\Systems\EditorZoneAuthoringSystem.cs(37,38,37,56): error CS0246: The type or namespace name 'ZoneManagerService' could not be found (are you missing a using directive or an assembly reference?)
104>D:\Work\IOS-IG-SimHost-FDP-2\Hrot\Subsystems\Hrot.Editor\EditorSubsystem.cs(225,17,225,40): error CS0246: The type or namespace name 'ClusterDiagnosticsPanel' could not be found (are you missing a using directive or an assembly reference?)
104>D:\Work\IOS-IG-SimHost-FDP-2\Hrot\Subsystems\Hrot.Editor\Systems\EditorZoneAuthoringSystem.cs(43,25,43,40): error CS0246: The type or namespace name 'ISimulationView' could not be found (are you missing a using directive or an assembly reference?)
104>D:\Work\IOS-IG-SimHost-FDP-2\Hrot\Subsystems\Hrot.Editor\OfflineNetworkFactory.cs(90,9,90,12): error CS0246: The type or namespace name 'Fdp' could not be found (are you missing a using directive or an assembly reference?)
104>D:\Work\IOS-IG-SimHost-FDP-2\Hrot\Subsystems\Hrot.Editor\OfflineNetworkFactory.cs(91,9,91,12): error CS0246: The type or namespace name 'Fdp' could not be found (are you missing a using directive or an assembly reference?)
104>D:\Work\IOS-IG-SimHost-FDP-2\Hrot\Subsystems\Hrot.Editor\OfflineNetworkFactory.cs(88,53,88,56): error CS0246: The type or namespace name 'Fdp' could not be found (are you missing a using directive or an assembly reference?)
104>D:\Work\IOS-IG-SimHost-FDP-2\Hrot\Subsystems\Hrot.Editor\Systems\EditorZoneAuthoringSystem.cs(49,35,49,50): error CS0246: The type or namespace name 'ISimulationView' could not be found (are you missing a using directive or an assembly reference?)
104>D:\Work\IOS-IG-SimHost-FDP-2\Hrot\Subsystems\Hrot.Editor\OfflineNetworkFactory.cs(96,12,96,39): error CS0246: The type or namespace name 'ICgfEntityLifecycleAdapters' could not be found (are you missing a using directive or an assembly reference?)
104>D:\Work\IOS-IG-SimHost-FDP-2\Hrot\Subsystems\Hrot.Editor\EditorSubsystem.cs(226,17,226,35): error CS0246: The type or namespace name 'IFileDialogService' could not be found (are you missing a using directive or an assembly reference?)
104>D:\Work\IOS-IG-SimHost-FDP-2\Hrot\Subsystems\Hrot.Editor\Systems\EditorZoneAuthoringSystem.cs(88,36,88,51): error CS0246: The type or namespace name 'ISimulationView' could not be found (are you missing a using directive or an assembly reference?)
104>D:\Work\IOS-IG-SimHost-FDP-2\Hrot\Subsystems\Hrot.Editor\OfflineNetworkFactory.cs(105,67,105,78): error CS0246: The type or namespace name 'FdpEventBus' could not be found (are you missing a using directive or an assembly reference?)
104>D:\Work\IOS-IG-SimHost-FDP-2\Hrot\Subsystems\Hrot.Editor\OfflineNetworkFactory.cs(105,12,105,36): error CS0246: The type or namespace name 'IOrchestrationTranslator' could not be found (are you missing a using directive or an assembly reference?)
104>D:\Work\IOS-IG-SimHost-FDP-2\Hrot\Subsystems\Hrot.Editor\EditorSubsystem.cs(227,17,227,46): error CS0246: The type or namespace name 'DiagnosticsDumpProcessManager' could not be found (are you missing a using directive or an assembly reference?)
104>D:\Work\IOS-IG-SimHost-FDP-2\Hrot\Subsystems\Hrot.Editor\OfflineNetworkFactory.cs(113,12,113,31): error CS0246: The type or namespace name 'INetworkIdAllocator' could not be found (are you missing a using directive or an assembly reference?)
104>D:\Work\IOS-IG-SimHost-FDP-2\Hrot\Subsystems\Hrot.Editor\EditorSubsystem.cs(228,17,228,41): error CS0246: The type or namespace name 'DiagnosticLogMergeWorker' could not be found (are you missing a using directive or an assembly reference?)
104>D:\Work\IOS-IG-SimHost-FDP-2\Hrot\Subsystems\Hrot.Editor\OfflineNetworkFactory.cs(117,63,117,74): error CS0246: The type or namespace name 'FdpEventBus' could not be found (are you missing a using directive or an assembly reference?)
104>D:\Work\IOS-IG-SimHost-FDP-2\Hrot\Subsystems\Hrot.Editor\OfflineNetworkFactory.cs(117,12,117,34): error CS0246: The type or namespace name 'IMasterTimeTranslators' could not be found (are you missing a using directive or an assembly reference?)
104>D:\Work\IOS-IG-SimHost-FDP-2\Hrot\Subsystems\Hrot.Editor\EditorSubsystem.cs(232,17,232,38): error CS0246: The type or namespace name 'DefaultSelectionState' could not be found (are you missing a using directive or an assembly reference?)
104>D:\Work\IOS-IG-SimHost-FDP-2\Hrot\Subsystems\Hrot.Editor\OfflineNetworkFactory.cs(121,77,121,88): error CS0246: The type or namespace name 'FdpEventBus' could not be found (are you missing a using directive or an assembly reference?)
104>D:\Work\IOS-IG-SimHost-FDP-2\Hrot\Subsystems\Hrot.Editor\OfflineNetworkFactory.cs(121,12,121,41): error CS0246: The type or namespace name 'ISlaveOrchestrationTranslator' could not be found (are you missing a using directive or an assembly reference?)
104>D:\Work\IOS-IG-SimHost-FDP-2\Hrot\Subsystems\Hrot.Editor\EditorSubsystem.cs(233,22,233,36): error CS0234: The type or namespace name 'ScenarioEditor' does not exist in the namespace 'Hrot' (are you missing an assembly reference?)
104>D:\Work\IOS-IG-SimHost-FDP-2\Hrot\Subsystems\Hrot.Editor\EditorSubsystem.cs(234,22,234,36): error CS0234: The type or namespace name 'ScenarioEditor' does not exist in the namespace 'Hrot' (are you missing an assembly reference?)
104>D:\Work\IOS-IG-SimHost-FDP-2\Hrot\Subsystems\Hrot.Editor\EditorSubsystem.cs(235,29,235,37): error CS0234: The type or namespace name 'AiShared' does not exist in the namespace 'Hrot.Editor' (are you missing an assembly reference?)
104>D:\Work\IOS-IG-SimHost-FDP-2\Hrot\Subsystems\Hrot.Editor\EditorSubsystem.cs(236,29,236,37): error CS0234: The type or namespace name 'AiShared' does not exist in the namespace 'Hrot.Editor' (are you missing an assembly reference?)
104>D:\Work\IOS-IG-SimHost-FDP-2\Hrot\Subsystems\Hrot.Editor\OfflineNetworkFactory.cs(125,63,125,74): error CS0246: The type or namespace name 'FdpEventBus' could not be found (are you missing a using directive or an assembly reference?)
104>D:\Work\IOS-IG-SimHost-FDP-2\Hrot\Subsystems\Hrot.Editor\OfflineNetworkFactory.cs(125,12,125,34): error CS0246: The type or namespace name 'IOrchestrationObserver' could not be found (are you missing a using directive or an assembly reference?)
104>D:\Work\IOS-IG-SimHost-FDP-2\Hrot\Subsystems\Hrot.Editor\EditorSubsystem.cs(239,17,239,33): error CS0246: The type or namespace name 'BehaviorRegistry' could not be found (are you missing a using directive or an assembly reference?)
104>D:\Work\IOS-IG-SimHost-FDP-2\Hrot\Subsystems\Hrot.Editor\OfflineNetworkFactory.cs(130,9,130,20): error CS0246: The type or namespace name 'FdpEventBus' could not be found (are you missing a using directive or an assembly reference?)
104>D:\Work\IOS-IG-SimHost-FDP-2\Hrot\Subsystems\Hrot.Editor\OfflineNetworkFactory.cs(129,53,129,56): error CS0246: The type or namespace name 'Fdp' could not be found (are you missing a using directive or an assembly reference?)
104>D:\Work\IOS-IG-SimHost-FDP-2\Hrot\Subsystems\Hrot.Editor\EditorSubsystem.cs(244,17,244,42): error CS0246: The type or namespace name 'HotReloadMessageLogSource' could not be found (are you missing a using directive or an assembly reference?)
104>D:\Work\IOS-IG-SimHost-FDP-2\Hrot\Subsystems\Hrot.Editor\OfflineNetworkFactory.cs(135,9,135,12): error CS0246: The type or namespace name 'Fdp' could not be found (are you missing a using directive or an assembly reference?)
104>D:\Work\IOS-IG-SimHost-FDP-2\Hrot\Subsystems\Hrot.Editor\OfflineNetworkFactory.cs(134,12,134,15): error CS0246: The type or namespace name 'Fdp' could not be found (are you missing a using directive or an assembly reference?)
104>D:\Work\IOS-IG-SimHost-FDP-2\Hrot\Subsystems\Hrot.Editor\EditorSubsystem.cs(245,17,245,34): error CS0246: The type or namespace name 'BlueprintRegistry' could not be found (are you missing a using directive or an assembly reference?)
104>D:\Work\IOS-IG-SimHost-FDP-2\Hrot\Subsystems\Hrot.Editor\OfflineNetworkFactory.cs(140,50,140,68): error CS0246: The type or namespace name 'IReplicationModule' could not be found (are you missing a using directive or an assembly reference?)
104>D:\Work\IOS-IG-SimHost-FDP-2\Hrot\Subsystems\Hrot.Editor\EditorSubsystem.cs(246,22,246,32): error CS0234: The type or namespace name 'Blueprints' does not exist in the namespace 'Hrot' (are you missing an assembly reference?)
104>D:\Work\IOS-IG-SimHost-FDP-2\Hrot\Subsystems\Hrot.Editor\EditorSubsystem.cs(247,22,247,32): error CS0234: The type or namespace name 'Blueprints' does not exist in the namespace 'Hrot' (are you missing an assembly reference?)
104>D:\Work\IOS-IG-SimHost-FDP-2\Hrot\Subsystems\Hrot.Editor\OfflineNetworkFactory.cs(142,26,142,45): error CS0246: The type or namespace name 'GhostCreationSystem' could not be found (are you missing a using directive or an assembly reference?)
104>D:\Work\IOS-IG-SimHost-FDP-2\Hrot\Subsystems\Hrot.Editor\OfflineNetworkFactory.cs(143,26,143,29): error CS0246: The type or namespace name 'Fdp' could not be found (are you missing a using directive or an assembly reference?)
104>D:\Work\IOS-IG-SimHost-FDP-2\Hrot\Subsystems\Hrot.Editor\EditorSubsystem.cs(250,17,250,38): error CS0246: The type or namespace name 'AiAssetCatalogBuilder' could not be found (are you missing a using directive or an assembly reference?)
104>D:\Work\IOS-IG-SimHost-FDP-2\Hrot\Subsystems\Hrot.Editor\OfflineNetworkFactory.cs(147,16,147,31): error CS0246: The type or namespace name 'ExecutionPolicy' could not be found (are you missing a using directive or an assembly reference?)
104>D:\Work\IOS-IG-SimHost-FDP-2\Hrot\Subsystems\Hrot.Editor\OfflineNetworkFactory.cs(148,16,148,35): error CS0246: The type or namespace name 'GhostCreationSystem' could not be found (are you missing a using directive or an assembly reference?)
104>D:\Work\IOS-IG-SimHost-FDP-2\Hrot\Subsystems\Hrot.Editor\EditorSubsystem.cs(251,17,251,34): error CS0246: The type or namespace name 'AiDocumentManager' could not be found (are you missing a using directive or an assembly reference?)
104>D:\Work\IOS-IG-SimHost-FDP-2\Hrot\Subsystems\Hrot.Editor\OfflineNetworkFactory.cs(150,16,150,19): error CS0246: The type or namespace name 'Fdp' could not be found (are you missing a using directive or an assembly reference?)
104>D:\Work\IOS-IG-SimHost-FDP-2\Hrot\Subsystems\Hrot.Editor\OfflineNetworkFactory.cs(151,26,151,41): error CS0246: The type or namespace name 'ISimulationView' could not be found (are you missing a using directive or an assembly reference?)
104>D:\Work\IOS-IG-SimHost-FDP-2\Hrot\Subsystems\Hrot.Editor\EditorSubsystem.cs(252,17,252,49): error CS0246: The type or namespace name 'WindowManagerPerspectiveSwitcher' could not be found (are you missing a using directive or an assembly reference?)
104>D:\Work\IOS-IG-SimHost-FDP-2\Hrot\Subsystems\Hrot.Editor\EditorSubsystem.cs(254,29,254,37): error CS0234: The type or namespace name 'AiShared' does not exist in the namespace 'Hrot.Editor' (are you missing an assembly reference?)
104>D:\Work\IOS-IG-SimHost-FDP-2\Hrot\Subsystems\Hrot.Editor\OfflineNetworkFactory.cs(154,47,154,62): error CS0246: The type or namespace name 'ICommandGateway' could not be found (are you missing a using directive or an assembly reference?)
104>D:\Work\IOS-IG-SimHost-FDP-2\Hrot\Subsystems\Hrot.Editor\EditorSubsystem.cs(257,36,257,44): error CS0234: The type or namespace name 'AiShared' does not exist in the namespace 'Hrot.Editor' (are you missing an assembly reference?)
104>D:\Work\IOS-IG-SimHost-FDP-2\Hrot\Subsystems\Hrot.Editor\EditorSubsystem.cs(258,17,258,37): error CS0246: The type or namespace name 'EditorSelectionStore' could not be found (are you missing a using directive or an assembly reference?)
104>D:\Work\IOS-IG-SimHost-FDP-2\Hrot\Subsystems\Hrot.Editor\OfflineNetworkFactory.cs(156,44,156,63): error CS0246: The type or namespace name 'CreateEntityCommand' could not be found (are you missing a using directive or an assembly reference?)
104>D:\Work\IOS-IG-SimHost-FDP-2\Hrot\Subsystems\Hrot.Editor\OfflineNetworkFactory.cs(158,47,158,76): error CS0246: The type or namespace name 'UpdateEntityDescriptorCommand' could not be found (are you missing a using directive or an assembly reference?)
104>D:\Work\IOS-IG-SimHost-FDP-2\Hrot\Subsystems\Hrot.Editor\EditorSubsystem.cs(259,17,259,37): error CS0246: The type or namespace name 'EditorSelectionStore' could not be found (are you missing a using directive or an assembly reference?)
104>D:\Work\IOS-IG-SimHost-FDP-2\Hrot\Subsystems\Hrot.Editor\EditorSubsystem.cs(260,17,260,37): error CS0246: The type or namespace name 'EditorSelectionStore' could not be found (are you missing a using directive or an assembly reference?)
104>D:\Work\IOS-IG-SimHost-FDP-2\Hrot\Subsystems\Hrot.Editor\OfflineNetworkFactory.cs(160,73,160,94): error CS0246: The type or namespace name 'MissionControlCommand' could not be found (are you missing a using directive or an assembly reference?)
104>D:\Work\IOS-IG-SimHost-FDP-2\Hrot\Subsystems\Hrot.Editor\OfflineNetworkFactory.cs(160,21,160,40): error CS0246: The type or namespace name 'MissionCommitResult' could not be found (are you missing a using directive or an assembly reference?)
104>D:\Work\IOS-IG-SimHost-FDP-2\Hrot\Subsystems\Hrot.Editor\OfflineNetworkFactory.cs(162,46,162,74): error CS0246: The type or namespace name 'UpdateEntityAttributeCommand' could not be found (are you missing a using directive or an assembly reference?)
104>D:\Work\IOS-IG-SimHost-FDP-2\Hrot\Subsystems\Hrot.Editor\EditorSubsystem.cs(261,17,261,46): error CS0246: The type or namespace name 'PerspectiveWorkspaceRegistrar' could not be found (are you missing a using directive or an assembly reference?)
104>D:\Work\IOS-IG-SimHost-FDP-2\Hrot\Subsystems\Hrot.Editor\OfflineNetworkFactory.cs(167,51,167,70): error CS0246: The type or namespace name 'IExConEgressWriters' could not be found (are you missing a using directive or an assembly reference?)
104>D:\Work\IOS-IG-SimHost-FDP-2\Hrot\Subsystems\Hrot.Editor\EditorSubsystem.cs(262,17,262,46): error CS0246: The type or namespace name 'PerspectiveWorkspaceRegistrar' could not be found (are you missing a using directive or an assembly reference?)
104>D:\Work\IOS-IG-SimHost-FDP-2\Hrot\Subsystems\Hrot.Editor\OfflineNetworkFactory.cs(169,36,169,48): error CS0246: The type or namespace name 'MapConfigDto' could not be found (are you missing a using directive or an assembly reference?)
104>D:\Work\IOS-IG-SimHost-FDP-2\Hrot\Subsystems\Hrot.Editor\OfflineNetworkFactory.cs(171,39,171,58): error CS0246: The type or namespace name 'CreateEntityCommand' could not be found (are you missing a using directive or an assembly reference?)
104>D:\Work\IOS-IG-SimHost-FDP-2\Hrot\Subsystems\Hrot.Editor\EditorSubsystem.cs(263,17,263,46): error CS0246: The type or namespace name 'PerspectiveWorkspaceRegistrar' could not be found (are you missing a using directive or an assembly reference?)
104>D:\Work\IOS-IG-SimHost-FDP-2\Hrot\Subsystems\Hrot.Editor\OfflineNetworkFactory.cs(172,37,172,50): error CS0246: The type or namespace name 'MapCommandDto' could not be found (are you missing a using directive or an assembly reference?)
104>D:\Work\IOS-IG-SimHost-FDP-2\Hrot\Subsystems\Hrot.Editor\EditorSubsystem.cs(264,17,264,35): error CS0246: The type or namespace name 'AssetBrowserWindow' could not be found (are you missing a using directive or an assembly reference?)
104>D:\Work\IOS-IG-SimHost-FDP-2\Hrot\Subsystems\Hrot.Editor\OfflineNetworkFactory.cs(177,51,177,70): error CS0246: The type or namespace name 'ITimeControlGateway' could not be found (are you missing a using directive or an assembly reference?)
104>D:\Work\IOS-IG-SimHost-FDP-2\Hrot\Subsystems\Hrot.Editor\EditorSubsystem.cs(266,17,266,36): error CS0246: The type or namespace name 'AiTracerCoordinator' could not be found (are you missing a using directive or an assembly reference?)
104>D:\Work\IOS-IG-SimHost-FDP-2\Hrot\Subsystems\Hrot.Editor\EditorSubsystem.cs(267,22,267,27): error CS0234: The type or namespace name 'BTree' does not exist in the namespace 'Hrot' (are you missing an assembly reference?)
104>D:\Work\IOS-IG-SimHost-FDP-2\Hrot\Subsystems\Hrot.Editor\EditorSubsystem.cs(268,22,268,25): error CS0234: The type or namespace name 'Hsm' does not exist in the namespace 'Hrot' (are you missing an assembly reference?)
104>D:\Work\IOS-IG-SimHost-FDP-2\Hrot\Subsystems\Hrot.Editor\OfflineNetworkFactory.cs(185,53,185,74): error CS0246: The type or namespace name 'ISimHostMissionSender' could not be found (are you missing a using directive or an assembly reference?)
104>D:\Work\IOS-IG-SimHost-FDP-2\Hrot\Subsystems\Hrot.Editor\EditorSubsystem.cs(271,17,271,37): error CS0246: The type or namespace name 'IGeographicTransform' could not be found (are you missing a using directive or an assembly reference?)
104>D:\Work\IOS-IG-SimHost-FDP-2\Hrot\Subsystems\Hrot.Editor\OfflineNetworkFactory.cs(191,60,191,88): error CS0246: The type or namespace name 'ISimHostAuxiliaryTranslators' could not be found (are you missing a using directive or an assembly reference?)
104>D:\Work\IOS-IG-SimHost-FDP-2\Hrot\Subsystems\Hrot.Editor\OfflineNetworkFactory.cs(193,32,193,48): error CS0246: The type or namespace name 'ModuleHostKernel' could not be found (are you missing a using directive or an assembly reference?)
104>D:\Work\IOS-IG-SimHost-FDP-2\Hrot\Subsystems\Hrot.Editor\EditorSubsystem.cs(272,17,272,33): error CS0246: The type or namespace name 'NetworkEntityMap' could not be found (are you missing a using directive or an assembly reference?)
104>D:\Work\IOS-IG-SimHost-FDP-2\Hrot\Subsystems\Hrot.Editor\OfflineNetworkFactory.cs(197,62,197,92): error CS0246: The type or namespace name 'ISimHostPathfindingTranslators' could not be found (are you missing a using directive or an assembly reference?)
104>D:\Work\IOS-IG-SimHost-FDP-2\Hrot\Subsystems\Hrot.Editor\OfflineNetworkFactory.cs(199,32,199,48): error CS0246: The type or namespace name 'ModuleHostKernel' could not be found (are you missing a using directive or an assembly reference?)
104>D:\Work\IOS-IG-SimHost-FDP-2\Hrot\Subsystems\Hrot.Editor\EditorSubsystem.cs(275,26,275,39): error CS0246: The type or namespace name 'MapUserConfig' could not be found (are you missing a using directive or an assembly reference?)
104>D:\Work\IOS-IG-SimHost-FDP-2\Hrot\Subsystems\Hrot.Editor\OfflineNetworkFactory.cs(203,61,203,90): error CS0246: The type or namespace name 'ISimHostPerceptionTranslators' could not be found (are you missing a using directive or an assembly reference?)
104>D:\Work\IOS-IG-SimHost-FDP-2\Hrot\Subsystems\Hrot.Editor\EditorSubsystem.cs(276,26,276,43): error CS0246: The type or namespace name 'MapCameraViewport' could not be found (are you missing a using directive or an assembly reference?)
104>D:\Work\IOS-IG-SimHost-FDP-2\Hrot\Subsystems\Hrot.Editor\OfflineNetworkFactory.cs(205,32,205,48): error CS0246: The type or namespace name 'ModuleHostKernel' could not be found (are you missing a using directive or an assembly reference?)
104>D:\Work\IOS-IG-SimHost-FDP-2\Hrot\Subsystems\Hrot.Editor\EditorSubsystem.cs(277,17,277,37): error CS0246: The type or namespace name 'DebugPrimitiveBuffer' could not be found (are you missing a using directive or an assembly reference?)
104>D:\Work\IOS-IG-SimHost-FDP-2\Hrot\Subsystems\Hrot.Editor\EditorSubsystem.cs(278,17,278,38): error CS0246: The type or namespace name 'DataDrivenGizmoSystem' could not be found (are you missing a using directive or an assembly reference?)
104>D:\Work\IOS-IG-SimHost-FDP-2\Hrot\Subsystems\Hrot.Editor\EditorSubsystem.cs(279,17,279,35): error CS0246: The type or namespace name 'GlobalGizmoManager' could not be found (are you missing a using directive or an assembly reference?)
104>D:\Work\IOS-IG-SimHost-FDP-2\Hrot\Subsystems\Hrot.Editor\EditorSubsystem.cs(280,17,280,28): error CS0246: The type or namespace name 'FdpEventBus' could not be found (are you missing a using directive or an assembly reference?)
104>D:\Work\IOS-IG-SimHost-FDP-2\Hrot\Subsystems\Hrot.Editor\EditorSubsystem.cs(281,17,281,41): error CS0246: The type or namespace name 'GizmoExecutionController' could not be found (are you missing a using directive or an assembly reference?)
104>D:\Work\IOS-IG-SimHost-FDP-2\Hrot\Subsystems\Hrot.Editor\EditorSubsystem.cs(283,26,283,29): error CS0246: The type or namespace name 'Fdp' could not be found (are you missing a using directive or an assembly reference?)
104>D:\Work\IOS-IG-SimHost-FDP-2\Hrot\Subsystems\Hrot.Editor\EditorSubsystem.cs(286,16,286,40): error CS0246: The type or namespace name 'GizmoExecutionController' could not be found (are you missing a using directive or an assembly reference?)
104>D:\Work\IOS-IG-SimHost-FDP-2\Hrot\Subsystems\Hrot.Editor\EditorSubsystem.cs(288,18,288,21): error CS0246: The type or namespace name 'Fdp' could not be found (are you missing a using directive or an assembly reference?)
104>D:\Work\IOS-IG-SimHost-FDP-2\Hrot\Subsystems\Hrot.Editor\EditorSubsystem.cs(296,17,296,32): error CS0246: The type or namespace name 'DebugGizmoLayer' could not be found (are you missing a using directive or an assembly reference?)
104>D:\Work\IOS-IG-SimHost-FDP-2\Hrot\Subsystems\Hrot.Editor\EditorSubsystem.cs(367,18,367,34): error CS0246: The type or namespace name 'EntityRepository' could not be found (are you missing a using directive or an assembly reference?)
104>D:\Work\IOS-IG-SimHost-FDP-2\Hrot\Subsystems\Hrot.Editor\EditorSubsystem.cs(371,18,371,34): error CS0246: The type or namespace name 'ModuleHostKernel' could not be found (are you missing a using directive or an assembly reference?)
104>D:\Work\IOS-IG-SimHost-FDP-2\Hrot\Subsystems\Hrot.Editor\EditorSubsystem.cs(379,18,379,38): error CS0246: The type or namespace name 'MasterSyncController' could not be found (are you missing a using directive or an assembly reference?)
104>D:\Work\IOS-IG-SimHost-FDP-2\Hrot\Subsystems\Hrot.Editor\EditorSubsystem.cs(383,18,383,36): error CS0246: The type or namespace name 'IPreviewController' could not be found (are you missing a using directive or an assembly reference?)
104>D:\Work\IOS-IG-SimHost-FDP-2\Hrot\Subsystems\Hrot.Editor\EditorSubsystem.cs(387,18,387,40): error CS0246: The type or namespace name 'IDataBreakpointManager' could not be found (are you missing a using directive or an assembly reference?)
104>D:\Work\IOS-IG-SimHost-FDP-2\Hrot\Subsystems\Hrot.Editor\EditorSubsystem.cs(390,18,390,39): error CS0246: The type or namespace name 'DebugSnapshotProvider' could not be found (are you missing a using directive or an assembly reference?)
104>D:\Work\IOS-IG-SimHost-FDP-2\Hrot\Subsystems\Hrot.Editor\EditorSubsystem.cs(393,18,393,21): error CS0246: The type or namespace name 'Fdp' could not be found (are you missing a using directive or an assembly reference?)
104>D:\Work\IOS-IG-SimHost-FDP-2\Hrot\Subsystems\Hrot.Editor\EditorSubsystem.cs(402,18,402,21): error CS0246: The type or namespace name 'Fdp' could not be found (are you missing a using directive or an assembly reference?)
104>D:\Work\IOS-IG-SimHost-FDP-2\Hrot\Subsystems\Hrot.Editor\EditorSubsystem.cs(405,16,405,29): error CS0246: The type or namespace name 'MapCameraView' could not be found (are you missing a using directive or an assembly reference?)
104>D:\Work\IOS-IG-SimHost-FDP-2\Hrot\Subsystems\Hrot.Editor\EditorSubsystem.cs(408,37,408,50): error CS0246: The type or namespace name 'MapCameraView' could not be found (are you missing a using directive or an assembly reference?)
104>D:\Work\IOS-IG-SimHost-FDP-2\Hrot\Subsystems\Hrot.Editor\EditorSubsystem.cs(411,16,411,25): error CS0246: The type or namespace name 'MapCamera' could not be found (are you missing a using directive or an assembly reference?)
104>D:\Work\IOS-IG-SimHost-FDP-2\Hrot\Subsystems\Hrot.Editor\EditorSubsystem.cs(422,33,422,48): error CS0246: The type or namespace name 'INetworkFactory' could not be found (are you missing a using directive or an assembly reference?)
104>D:\Work\IOS-IG-SimHost-FDP-2\Hrot\Subsystems\Hrot.Editor\EditorSubsystem.cs(438,32,438,47): error CS0246: The type or namespace name 'SubsystemConfig' could not be found (are you missing a using directive or an assembly reference?)
104>D:\Work\IOS-IG-SimHost-FDP-2\Hrot\Subsystems\Hrot.Editor\EditorSubsystem.cs(1538,37,1538,40): error CS0246: The type or namespace name 'Fdp' could not be found (are you missing a using directive or an assembly reference?)
104>D:\Work\IOS-IG-SimHost-FDP-2\Hrot\Subsystems\Hrot.Editor\EditorSubsystem.cs(1972,17,1972,23): error CS0246: The type or namespace name 'Entity' could not be found (are you missing a using directive or an assembly reference?)
104>D:\Work\IOS-IG-SimHost-FDP-2\Hrot\Subsystems\Hrot.Editor\EditorSubsystem.cs(310,56,310,74): error CS0246: The type or namespace name 'IPreviewController' could not be found (are you missing a using directive or an assembly reference?)
104>D:\Work\IOS-IG-SimHost-FDP-2\Hrot\Subsystems\Hrot.Editor\EditorSubsystem.cs(312,30,312,53): error CS0246: The type or namespace name 'PreviewClusterOpHandler' could not be found (are you missing a using directive or an assembly reference?)
104>D:\Work\IOS-IG-SimHost-FDP-2\Hrot\Subsystems\Hrot.Editor\EditorSubsystem.cs(313,30,313,50): error CS0246: The type or namespace name 'MasterSyncController' could not be found (are you missing a using directive or an assembly reference?)
104>D:\Work\IOS-IG-SimHost-FDP-2\Hrot\Subsystems\Hrot.Editor\EditorSubsystem.cs(316,46,316,62): error CS0246: The type or namespace name 'EntityRepository' could not be found (are you missing a using directive or an assembly reference?)
104>D:\Work\IOS-IG-SimHost-FDP-2\Hrot\Subsystems\Hrot.Editor\EditorSubsystem.cs(316,70,316,90): error CS0246: The type or namespace name 'MasterSyncController' could not be found (are you missing a using directive or an assembly reference?)
104>D:\Work\IOS-IG-SimHost-FDP-2\Hrot\Subsystems\Hrot.Editor\EditorSubsystem.cs(342,54,342,73): error CS0246: The type or namespace name 'INetworkIdAllocator' could not be found (are you missing a using directive or an assembly reference?)
104>D:\Work\IOS-IG-SimHost-FDP-2\Hrot\Subsystems\Hrot.Editor\EditorSubsystem.cs(356,53,356,63): error CS0234: The type or namespace name 'Blueprints' does not exist in the namespace 'Hrot' (are you missing an assembly reference?)
104>D:\Work\IOS-IG-SimHost-FDP-2\Hrot\Subsystems\Hrot.Editor\EditorSubsystem.cs(358,40,358,50): error CS0234: The type or namespace name 'Blueprints' does not exist in the namespace 'Hrot' (are you missing an assembly reference?)
104>D:\Work\IOS-IG-SimHost-FDP-2\Hrot\Subsystems\Hrot.Editor\EditorSubsystem.cs(2126,55,2126,65): error CS0246: The type or namespace name 'IEcsModule' could not be found (are you missing a using directive or an assembly reference?)
104>D:\Work\IOS-IG-SimHost-FDP-2\Hrot\Subsystems\Hrot.Editor\EditorSubsystem.cs(2127,30,2127,54): error CS0246: The type or namespace name 'TogglableSimulationGroup' could not be found (are you missing a using directive or an assembly reference?)
104>D:\Work\IOS-IG-SimHost-FDP-2\Hrot\Subsystems\Hrot.Editor\EditorSubsystem.cs(2130,20,2130,35): error CS0246: The type or namespace name 'ExecutionPolicy' could not be found (are you missing a using directive or an assembly reference?)
104>D:\Work\IOS-IG-SimHost-FDP-2\Hrot\Subsystems\Hrot.Editor\EditorSubsystem.cs(2132,43,2132,67): error CS0246: The type or namespace name 'TogglableSimulationGroup' could not be found (are you missing a using directive or an assembly reference?)
104>D:\Work\IOS-IG-SimHost-FDP-2\Hrot\Subsystems\Hrot.Editor\EditorSubsystem.cs(2135,41,2135,56): error CS0246: The type or namespace name 'ISystemRegistry' could not be found (are you missing a using directive or an assembly reference?)
104>D:\Work\IOS-IG-SimHost-FDP-2\Hrot\Subsystems\Hrot.Editor\EditorSubsystem.cs(2138,30,2138,45): error CS0246: The type or namespace name 'ISimulationView' could not be found (are you missing a using directive or an assembly reference?)
104>Done building project "Hrot.Editor.csproj" -- FAILED.
107>------ Rebuild All started: Project: Hrot.Blueprints.Tests, Configuration: Debug Any CPU ------
108>------ Rebuild All started: Project: Hrot.ReplayBrowser.Tests, Configuration: Debug Any CPU ------
109>------ Rebuild All started: Project: Hrot.StrideMock.Tests, Configuration: Debug Any CPU ------
110>------ Rebuild All started: Project: Hrot.Editor.Tests, Configuration: Debug Any CPU ------
111>------ Rebuild All started: Project: Hrot.ClusterRunner, Configuration: Debug Any CPU ------
105>D:\Work\IOS-IG-SimHost-FDP-2\Hrot\Subsystems\Hrot.SimHost.Integration.Tests\CgfPrepareLiveDispatchTests.cs(5,12,5,15): error CS0234: The type or namespace name 'CGF' does not exist in the namespace 'Hrot' (are you missing an assembly reference?)
105>D:\Work\IOS-IG-SimHost-FDP-2\Hrot\Subsystems\Hrot.SimHost.Integration.Tests\CgfPrepareLiveDispatchTests.cs(6,12,6,18): error CS0234: The type or namespace name 'Common' does not exist in the namespace 'Hrot' (are you missing an assembly reference?)
105>D:\Work\IOS-IG-SimHost-FDP-2\Hrot\Subsystems\Hrot.SimHost.Integration.Tests\CgfPrepareLiveDispatchTests.cs(7,11,7,18): error CS0234: The type or namespace name 'Toolkit' does not exist in the namespace 'Fdp' (are you missing an assembly reference?)
105>D:\Work\IOS-IG-SimHost-FDP-2\Hrot\Subsystems\Hrot.SimHost.Integration.Tests\CgfPrepareLiveDispatchTests.cs(8,11,8,18): error CS0234: The type or namespace name 'Toolkit' does not exist in the namespace 'Fdp' (are you missing an assembly reference?)
105>D:\Work\IOS-IG-SimHost-FDP-2\Hrot\Subsystems\Hrot.SimHost.Integration.Tests\CgfPrepareLiveDispatchTests.cs(9,12,9,18): error CS0234: The type or namespace name 'Common' does not exist in the namespace 'Hrot' (are you missing an assembly reference?)
105>D:\Work\IOS-IG-SimHost-FDP-2\Hrot\Subsystems\Hrot.SimHost.Integration.Tests\CgfPrepareLiveDispatchTests.cs(10,11,10,18): error CS0234: The type or namespace name 'Toolkit' does not exist in the namespace 'Fdp' (are you missing an assembly reference?)
105>D:\Work\IOS-IG-SimHost-FDP-2\Hrot\Subsystems\Hrot.SimHost.Integration.Tests\ClusterSlaveHeartbeatTests.cs(5,11,5,15): error CS0234: The type or namespace name 'Core' does not exist in the namespace 'Fdp' (are you missing an assembly reference?)
105>D:\Work\IOS-IG-SimHost-FDP-2\Hrot\Subsystems\Hrot.SimHost.Integration.Tests\ClusterSlaveHeartbeatTests.cs(6,11,6,18): error CS0234: The type or namespace name 'Toolkit' does not exist in the namespace 'Fdp' (are you missing an assembly reference?)
105>D:\Work\IOS-IG-SimHost-FDP-2\Hrot\Subsystems\Hrot.SimHost.Integration.Tests\DdsIdAllocatorMigrationTests.cs(4,12,4,16): error CS0234: The type or namespace name 'Core' does not exist in the namespace 'Hrot' (are you missing an assembly reference?)
105>D:\Work\IOS-IG-SimHost-FDP-2\Hrot\Subsystems\Hrot.SimHost.Integration.Tests\DdsIdAllocatorMigrationTests.cs(5,12,5,15): error CS0234: The type or namespace name 'Map' does not exist in the namespace 'Hrot' (are you missing an assembly reference?)
105>D:\Work\IOS-IG-SimHost-FDP-2\Hrot\Subsystems\Hrot.SimHost.Integration.Tests\DdsIdAllocatorMigrationTests.cs(8,11,8,18): error CS0234: The type or namespace name 'Network' does not exist in the namespace 'Fdp' (are you missing an assembly reference?)
105>D:\Work\IOS-IG-SimHost-FDP-2\Hrot\Subsystems\Hrot.SimHost.Integration.Tests\EntityCreationFlowTests.cs(4,11,4,15): error CS0234: The type or namespace name 'Core' does not exist in the namespace 'Fdp' (are you missing an assembly reference?)
105>D:\Work\IOS-IG-SimHost-FDP-2\Hrot\Subsystems\Hrot.SimHost.Integration.Tests\EntityCreationFlowTests.cs(5,12,5,16): error CS0234: The type or namespace name 'Core' does not exist in the namespace 'Hrot' (are you missing an assembly reference?)
105>D:\Work\IOS-IG-SimHost-FDP-2\Hrot\Subsystems\Hrot.SimHost.Integration.Tests\EntityCreationFlowTests.cs(6,12,6,15): error CS0234: The type or namespace name 'Map' does not exist in the namespace 'Hrot' (are you missing an assembly reference?)
105>D:\Work\IOS-IG-SimHost-FDP-2\Hrot\Subsystems\Hrot.SimHost.Integration.Tests\EntityLifecycleIntegrationTests.cs(5,12,5,15): error CS0234: The type or namespace name 'NED' does not exist in the namespace 'Hrot' (are you missing an assembly reference?)
105>D:\Work\IOS-IG-SimHost-FDP-2\Hrot\Subsystems\Hrot.SimHost.Integration.Tests\EntityLifecycleIntegrationTests.cs(6,12,6,14): error CS0234: The type or namespace name 'IG' does not exist in the namespace 'Hrot' (are you missing an assembly reference?)
105>D:\Work\IOS-IG-SimHost-FDP-2\Hrot\Subsystems\Hrot.SimHost.Integration.Tests\EntityLifecycleIntegrationTests.cs(7,12,7,14): error CS0234: The type or namespace name 'IG' does not exist in the namespace 'Hrot' (are you missing an assembly reference?)
105>D:\Work\IOS-IG-SimHost-FDP-2\Hrot\Subsystems\Hrot.SimHost.Integration.Tests\EntityLifecycleIntegrationTests.cs(8,12,8,15): error CS0234: The type or namespace name 'Map' does not exist in the namespace 'Hrot' (are you missing an assembly reference?)
105>D:\Work\IOS-IG-SimHost-FDP-2\Hrot\Subsystems\Hrot.SimHost.Integration.Tests\EntityLifecycleIntegrationTests.cs(10,20,10,33): error CS0234: The type or namespace name 'Configuration' does not exist in the namespace 'Hrot.SimHost' (are you missing an assembly reference?)
105>D:\Work\IOS-IG-SimHost-FDP-2\Hrot\Subsystems\Hrot.SimHost.Integration.Tests\EntityLifecycleIntegrationTests.cs(11,12,11,19): error CS0234: The type or namespace name 'Network' does not exist in the namespace 'Hrot' (are you missing an assembly reference?)
105>D:\Work\IOS-IG-SimHost-FDP-2\Hrot\Subsystems\Hrot.SimHost.Integration.Tests\EntityLifecycleIntegrationTests.cs(13,11,13,15): error CS0234: The type or namespace name 'Core' does not exist in the namespace 'Fdp' (are you missing an assembly reference?)
105>D:\Work\IOS-IG-SimHost-FDP-2\Hrot\Subsystems\Hrot.SimHost.Integration.Tests\EntityLifecycleIntegrationTests.cs(14,11,14,18): error CS0234: The type or namespace name 'Toolkit' does not exist in the namespace 'Fdp' (are you missing an assembly reference?)
105>D:\Work\IOS-IG-SimHost-FDP-2\Hrot\Subsystems\Hrot.SimHost.Integration.Tests\EntityLifecycleIntegrationTests.cs(15,11,15,18): error CS0234: The type or namespace name 'Toolkit' does not exist in the namespace 'Fdp' (are you missing an assembly reference?)
105>D:\Work\IOS-IG-SimHost-FDP-2\Hrot\Subsystems\Hrot.SimHost.Integration.Tests\EntityLifecycleIntegrationTests.cs(16,11,16,18): error CS0234: The type or namespace name 'Network' does not exist in the namespace 'Fdp' (are you missing an assembly reference?)
105>D:\Work\IOS-IG-SimHost-FDP-2\Hrot\Subsystems\Hrot.SimHost.Integration.Tests\EntityLifecycleIntegrationTests.cs(17,11,17,18): error CS0234: The type or namespace name 'Toolkit' does not exist in the namespace 'Fdp' (are you missing an assembly reference?)
105>D:\Work\IOS-IG-SimHost-FDP-2\Hrot\Subsystems\Hrot.SimHost.Integration.Tests\EpisodeInjectionTests.cs(16,27,16,30): error CS0234: The type or namespace name 'NED' does not exist in the namespace 'Hrot' (are you missing an assembly reference?)
105>D:\Work\IOS-IG-SimHost-FDP-2\Hrot\Subsystems\Hrot.SimHost.Integration.Tests\EpisodeInjectionTests.cs(15,28,15,31): error CS0234: The type or namespace name 'NED' does not exist in the namespace 'Hrot' (are you missing an assembly reference?)
105>D:\Work\IOS-IG-SimHost-FDP-2\Hrot\Subsystems\Hrot.SimHost.Integration.Tests\EpisodeInjectionTests.cs(6,12,6,15): error CS0234: The type or namespace name 'NED' does not exist in the namespace 'Hrot' (are you missing an assembly reference?)
105>D:\Work\IOS-IG-SimHost-FDP-2\Hrot\Subsystems\Hrot.SimHost.Integration.Tests\EpisodeInjectionTests.cs(7,12,7,18): error CS0234: The type or namespace name 'Common' does not exist in the namespace 'Hrot' (are you missing an assembly reference?)
105>D:\Work\IOS-IG-SimHost-FDP-2\Hrot\Subsystems\Hrot.SimHost.Integration.Tests\EpisodeInjectionTests.cs(8,12,8,24): error CS0234: The type or namespace name 'Orchestrator' does not exist in the namespace 'Hrot' (are you missing an assembly reference?)
105>D:\Work\IOS-IG-SimHost-FDP-2\Hrot\Subsystems\Hrot.SimHost.Integration.Tests\EpisodeInjectionTests.cs(9,11,9,15): error CS0234: The type or namespace name 'Core' does not exist in the namespace 'Fdp' (are you missing an assembly reference?)
105>D:\Work\IOS-IG-SimHost-FDP-2\Hrot\Subsystems\Hrot.SimHost.Integration.Tests\EpisodeInjectionTests.cs(10,11,10,18): error CS0234: The type or namespace name 'Toolkit' does not exist in the namespace 'Fdp' (are you missing an assembly reference?)
105>D:\Work\IOS-IG-SimHost-FDP-2\Hrot\Subsystems\Hrot.SimHost.Integration.Tests\EpisodeInjectionTests.cs(11,11,11,18): error CS0234: The type or namespace name 'Toolkit' does not exist in the namespace 'Fdp' (are you missing an assembly reference?)
105>D:\Work\IOS-IG-SimHost-FDP-2\Hrot\Subsystems\Hrot.SimHost.Integration.Tests\EpisodeInjectionTests.cs(12,12,12,18): error CS0234: The type or namespace name 'Common' does not exist in the namespace 'Hrot' (are you missing an assembly reference?)
105>D:\Work\IOS-IG-SimHost-FDP-2\Hrot\Subsystems\Hrot.SimHost.Integration.Tests\EpisodeInjectionTests.cs(13,11,13,18): error CS0234: The type or namespace name 'Toolkit' does not exist in the namespace 'Fdp' (are you missing an assembly reference?)
105>D:\Work\IOS-IG-SimHost-FDP-2\Hrot\Subsystems\Hrot.SimHost.Integration.Tests\GlobalUsings.cs(2,30,2,36): error CS0234: The type or namespace name 'Common' does not exist in the namespace 'Hrot' (are you missing an assembly reference?)
105>D:\Work\IOS-IG-SimHost-FDP-2\Hrot\Subsystems\Hrot.SimHost.Integration.Tests\Infrastructure\MockExConClient.cs(4,12,4,15): error CS0234: The type or namespace name 'NED' does not exist in the namespace 'Hrot' (are you missing an assembly reference?)
105>D:\Work\IOS-IG-SimHost-FDP-2\Hrot\Subsystems\Hrot.SimHost.Integration.Tests\Infrastructure\MockExConClient.cs(5,12,5,16): error CS0234: The type or namespace name 'Core' does not exist in the namespace 'Hrot' (are you missing an assembly reference?)
105>D:\Work\IOS-IG-SimHost-FDP-2\Hrot\Subsystems\Hrot.SimHost.Integration.Tests\Infrastructure\MockExConClient.cs(6,11,6,21): error CS0234: The type or namespace name 'Interfaces' does not exist in the namespace 'Fdp' (are you missing an assembly reference?)
105>D:\Work\IOS-IG-SimHost-FDP-2\Hrot\Subsystems\Hrot.SimHost.Integration.Tests\Infrastructure\MockExConClient.cs(7,11,7,15): error CS0234: The type or namespace name 'Core' does not exist in the namespace 'Fdp' (are you missing an assembly reference?)
105>D:\Work\IOS-IG-SimHost-FDP-2\Hrot\Subsystems\Hrot.SimHost.Integration.Tests\Infrastructure\MockExConClient.cs(8,11,8,18): error CS0234: The type or namespace name 'Toolkit' does not exist in the namespace 'Fdp' (are you missing an assembly reference?)
105>D:\Work\IOS-IG-SimHost-FDP-2\Hrot\Subsystems\Hrot.SimHost.Integration.Tests\Infrastructure\MockExConClient.cs(9,22,9,34): error CS0234: The type or namespace name 'Abstractions' does not exist in the namespace 'Fdp.ModuleHost' (are you missing an assembly reference?)
105>D:\Work\IOS-IG-SimHost-FDP-2\Hrot\Subsystems\Hrot.SimHost.Integration.Tests\Infrastructure\SimHostInstance.cs(55,30,55,37): error CS0234: The type or namespace name 'Toolkit' does not exist in the namespace 'Fdp' (are you missing an assembly reference?)
105>D:\Work\IOS-IG-SimHost-FDP-2\Hrot\Subsystems\Hrot.SimHost.Integration.Tests\Infrastructure\SimHostInstance.cs(9,29,9,32): error CS0234: The type or namespace name 'NED' does not exist in the namespace 'Hrot' (are you missing an assembly reference?)
105>D:\Work\IOS-IG-SimHost-FDP-2\Hrot\Subsystems\Hrot.SimHost.Integration.Tests\Infrastructure\SimHostInstance.cs(8,29,8,32): error CS0234: The type or namespace name 'NED' does not exist in the namespace 'Hrot' (are you missing an assembly reference?)
105>D:\Work\IOS-IG-SimHost-FDP-2\Hrot\Subsystems\Hrot.SimHost.Integration.Tests\Infrastructure\SimHostInstance.cs(5,7,5,10): error CS0246: The type or namespace name 'Fbt' could not be found (are you missing a using directive or an assembly reference?)
105>D:\Work\IOS-IG-SimHost-FDP-2\Hrot\Subsystems\Hrot.SimHost.Integration.Tests\Infrastructure\SimHostInstance.cs(6,7,6,10): error CS0246: The type or namespace name 'Fbt' could not be found (are you missing a using directive or an assembly reference?)
105>D:\Work\IOS-IG-SimHost-FDP-2\Hrot\Subsystems\Hrot.SimHost.Integration.Tests\Infrastructure\SimHostInstance.cs(7,12,7,16): error CS0234: The type or namespace name 'Core' does not exist in the namespace 'Hrot' (are you missing an assembly reference?)
105>D:\Work\IOS-IG-SimHost-FDP-2\Hrot\Subsystems\Hrot.SimHost.Integration.Tests\Infrastructure\SimHostInstance.cs(10,12,10,15): error CS0234: The type or namespace name 'NED' does not exist in the namespace 'Hrot' (are you missing an assembly reference?)
105>D:\Work\IOS-IG-SimHost-FDP-2\Hrot\Subsystems\Hrot.SimHost.Integration.Tests\Infrastructure\SimHostInstance.cs(11,12,11,15): error CS0234: The type or namespace name 'NED' does not exist in the namespace 'Hrot' (are you missing an assembly reference?)
105>D:\Work\IOS-IG-SimHost-FDP-2\Hrot\Subsystems\Hrot.SimHost.Integration.Tests\Infrastructure\SimHostInstance.cs(12,11,12,18): error CS0234: The type or namespace name 'Toolkit' does not exist in the namespace 'Fdp' (are you missing an assembly reference?)
105>D:\Work\IOS-IG-SimHost-FDP-2\Hrot\Subsystems\Hrot.SimHost.Integration.Tests\Infrastructure\SimHostInstance.cs(13,12,13,14): error CS0234: The type or namespace name 'AI' does not exist in the namespace 'Hrot' (are you missing an assembly reference?)
105>D:\Work\IOS-IG-SimHost-FDP-2\Hrot\Subsystems\Hrot.SimHost.Integration.Tests\Infrastructure\SimHostInstance.cs(14,12,14,15): error CS0234: The type or namespace name 'CGF' does not exist in the namespace 'Hrot' (are you missing an assembly reference?)
105>D:\Work\IOS-IG-SimHost-FDP-2\Hrot\Subsystems\Hrot.SimHost.Integration.Tests\Infrastructure\SimHostInstance.cs(15,12,15,15): error CS0234: The type or namespace name 'CGF' does not exist in the namespace 'Hrot' (are you missing an assembly reference?)
105>D:\Work\IOS-IG-SimHost-FDP-2\Hrot\Subsystems\Hrot.SimHost.Integration.Tests\Infrastructure\SimHostInstance.cs(16,12,16,15): error CS0234: The type or namespace name 'CGF' does not exist in the namespace 'Hrot' (are you missing an assembly reference?)
105>D:\Work\IOS-IG-SimHost-FDP-2\Hrot\Subsystems\Hrot.SimHost.Integration.Tests\Infrastructure\SimHostInstance.cs(17,12,17,16): error CS0234: The type or namespace name 'Core' does not exist in the namespace 'Hrot' (are you missing an assembly reference?)
105>D:\Work\IOS-IG-SimHost-FDP-2\Hrot\Subsystems\Hrot.SimHost.Integration.Tests\Infrastructure\SimHostInstance.cs(18,12,18,15): error CS0234: The type or namespace name 'Map' does not exist in the namespace 'Hrot' (are you missing an assembly reference?)
105>D:\Work\IOS-IG-SimHost-FDP-2\Hrot\Subsystems\Hrot.SimHost.Integration.Tests\Infrastructure\SimHostInstance.cs(19,12,19,15): error CS0234: The type or namespace name 'Map' does not exist in the namespace 'Hrot' (are you missing an assembly reference?)
105>D:\Work\IOS-IG-SimHost-FDP-2\Hrot\Subsystems\Hrot.SimHost.Integration.Tests\Infrastructure\SimHostInstance.cs(21,20,21,27): error CS0234: The type or namespace name 'Modules' does not exist in the namespace 'Hrot.SimHost' (are you missing an assembly reference?)
105>D:\Work\IOS-IG-SimHost-FDP-2\Hrot\Subsystems\Hrot.SimHost.Integration.Tests\Infrastructure\SimHostInstance.cs(22,7,22,15): error CS0246: The type or namespace name 'CarKinem' could not be found (are you missing a using directive or an assembly reference?)
105>D:\Work\IOS-IG-SimHost-FDP-2\Hrot\Subsystems\Hrot.SimHost.Integration.Tests\Infrastructure\SimHostInstance.cs(23,7,23,15): error CS0246: The type or namespace name 'CarKinem' could not be found (are you missing a using directive or an assembly reference?)
105>D:\Work\IOS-IG-SimHost-FDP-2\Hrot\Subsystems\Hrot.SimHost.Integration.Tests\Infrastructure\SimHostInstance.cs(24,7,24,15): error CS0246: The type or namespace name 'CarKinem' could not be found (are you missing a using directive or an assembly reference?)
105>D:\Work\IOS-IG-SimHost-FDP-2\Hrot\Subsystems\Hrot.SimHost.Integration.Tests\Infrastructure\SimHostInstance.cs(25,7,25,15): error CS0246: The type or namespace name 'CarKinem' could not be found (are you missing a using directive or an assembly reference?)
105>D:\Work\IOS-IG-SimHost-FDP-2\Hrot\Subsystems\Hrot.SimHost.Integration.Tests\Infrastructure\SimHostInstance.cs(26,7,26,15): error CS0246: The type or namespace name 'CarKinem' could not be found (are you missing a using directive or an assembly reference?)
105>D:\Work\IOS-IG-SimHost-FDP-2\Hrot\Subsystems\Hrot.SimHost.Integration.Tests\Infrastructure\SimHostInstance.cs(27,11,27,21): error CS0234: The type or namespace name 'Interfaces' does not exist in the namespace 'Fdp' (are you missing an assembly reference?)
105>D:\Work\IOS-IG-SimHost-FDP-2\Hrot\Subsystems\Hrot.SimHost.Integration.Tests\Infrastructure\SimHostInstance.cs(28,11,28,15): error CS0234: The type or namespace name 'Core' does not exist in the namespace 'Fdp' (are you missing an assembly reference?)
105>D:\Work\IOS-IG-SimHost-FDP-2\Hrot\Subsystems\Hrot.SimHost.Integration.Tests\Infrastructure\SimHostInstance.cs(29,11,29,18): error CS0234: The type or namespace name 'Modules' does not exist in the namespace 'Fdp' (are you missing an assembly reference?)
105>D:\Work\IOS-IG-SimHost-FDP-2\Hrot\Subsystems\Hrot.SimHost.Integration.Tests\Infrastructure\SimHostInstance.cs(30,11,30,18): error CS0234: The type or namespace name 'Modules' does not exist in the namespace 'Fdp' (are you missing an assembly reference?)
105>D:\Work\IOS-IG-SimHost-FDP-2\Hrot\Subsystems\Hrot.SimHost.Integration.Tests\Infrastructure\SimHostInstance.cs(31,11,31,18): error CS0234: The type or namespace name 'Toolkit' does not exist in the namespace 'Fdp' (are you missing an assembly reference?)
105>D:\Work\IOS-IG-SimHost-FDP-2\Hrot\Subsystems\Hrot.SimHost.Integration.Tests\Infrastructure\SimHostInstance.cs(32,11,32,18): error CS0234: The type or namespace name 'Toolkit' does not exist in the namespace 'Fdp' (are you missing an assembly reference?)
105>D:\Work\IOS-IG-SimHost-FDP-2\Hrot\Subsystems\Hrot.SimHost.Integration.Tests\Infrastructure\SimHostInstance.cs(33,11,33,18): error CS0234: The type or namespace name 'Toolkit' does not exist in the namespace 'Fdp' (are you missing an assembly reference?)
105>D:\Work\IOS-IG-SimHost-FDP-2\Hrot\Subsystems\Hrot.SimHost.Integration.Tests\Infrastructure\SimHostInstance.cs(34,11,34,18): error CS0234: The type or namespace name 'Toolkit' does not exist in the namespace 'Fdp' (are you missing an assembly reference?)
105>D:\Work\IOS-IG-SimHost-FDP-2\Hrot\Subsystems\Hrot.SimHost.Integration.Tests\Infrastructure\SimHostInstance.cs(35,11,35,18): error CS0234: The type or namespace name 'Toolkit' does not exist in the namespace 'Fdp' (are you missing an assembly reference?)
105>D:\Work\IOS-IG-SimHost-FDP-2\Hrot\Subsystems\Hrot.SimHost.Integration.Tests\Infrastructure\SimHostInstance.cs(36,11,36,18): error CS0234: The type or namespace name 'Toolkit' does not exist in the namespace 'Fdp' (are you missing an assembly reference?)
105>D:\Work\IOS-IG-SimHost-FDP-2\Hrot\Subsystems\Hrot.SimHost.Integration.Tests\Infrastructure\SimHostInstance.cs(37,11,37,18): error CS0234: The type or namespace name 'Toolkit' does not exist in the namespace 'Fdp' (are you missing an assembly reference?)
105>D:\Work\IOS-IG-SimHost-FDP-2\Hrot\Subsystems\Hrot.SimHost.Integration.Tests\Infrastructure\SimHostInstance.cs(38,11,38,18): error CS0234: The type or namespace name 'Toolkit' does not exist in the namespace 'Fdp' (are you missing an assembly reference?)
105>D:\Work\IOS-IG-SimHost-FDP-2\Hrot\Subsystems\Hrot.SimHost.Integration.Tests\Infrastructure\SimHostInstance.cs(39,11,39,18): error CS0234: The type or namespace name 'Toolkit' does not exist in the namespace 'Fdp' (are you missing an assembly reference?)
105>D:\Work\IOS-IG-SimHost-FDP-2\Hrot\Subsystems\Hrot.SimHost.Integration.Tests\Infrastructure\SimHostInstance.cs(40,11,40,18): error CS0234: The type or namespace name 'Toolkit' does not exist in the namespace 'Fdp' (are you missing an assembly reference?)
105>D:\Work\IOS-IG-SimHost-FDP-2\Hrot\Subsystems\Hrot.SimHost.Integration.Tests\Infrastructure\SimHostInstance.cs(41,11,41,18): error CS0234: The type or namespace name 'Toolkit' does not exist in the namespace 'Fdp' (are you missing an assembly reference?)
105>D:\Work\IOS-IG-SimHost-FDP-2\Hrot\Subsystems\Hrot.SimHost.Integration.Tests\Infrastructure\SimHostInstance.cs(42,11,42,18): error CS0234: The type or namespace name 'Toolkit' does not exist in the namespace 'Fdp' (are you missing an assembly reference?)
105>D:\Work\IOS-IG-SimHost-FDP-2\Hrot\Subsystems\Hrot.SimHost.Integration.Tests\Infrastructure\SimHostInstance.cs(43,11,43,18): error CS0234: The type or namespace name 'Toolkit' does not exist in the namespace 'Fdp' (are you missing an assembly reference?)
105>D:\Work\IOS-IG-SimHost-FDP-2\Hrot\Subsystems\Hrot.SimHost.Integration.Tests\Infrastructure\SimHostInstance.cs(44,11,44,18): error CS0234: The type or namespace name 'Toolkit' does not exist in the namespace 'Fdp' (are you missing an assembly reference?)
105>D:\Work\IOS-IG-SimHost-FDP-2\Hrot\Subsystems\Hrot.SimHost.Integration.Tests\Infrastructure\SimHostInstance.cs(45,11,45,18): error CS0234: The type or namespace name 'Toolkit' does not exist in the namespace 'Fdp' (are you missing an assembly reference?)
105>D:\Work\IOS-IG-SimHost-FDP-2\Hrot\Subsystems\Hrot.SimHost.Integration.Tests\Infrastructure\SimHostInstance.cs(47,22,47,34): error CS0234: The type or namespace name 'Abstractions' does not exist in the namespace 'Fdp.ModuleHost' (are you missing an assembly reference?)
105>D:\Work\IOS-IG-SimHost-FDP-2\Hrot\Subsystems\Hrot.SimHost.Integration.Tests\Infrastructure\SimHostInstance.cs(48,11,48,18): error CS0234: The type or namespace name 'Toolkit' does not exist in the namespace 'Fdp' (are you missing an assembly reference?)
105>D:\Work\IOS-IG-SimHost-FDP-2\Hrot\Subsystems\Hrot.SimHost.Integration.Tests\Infrastructure\SimHostInstance.cs(49,7,49,15): error CS0246: The type or namespace name 'CarKinem' could not be found (are you missing a using directive or an assembly reference?)
105>D:\Work\IOS-IG-SimHost-FDP-2\Hrot\Subsystems\Hrot.SimHost.Integration.Tests\Infrastructure\SimHostInstance.cs(50,11,50,18): error CS0234: The type or namespace name 'Toolkit' does not exist in the namespace 'Fdp' (are you missing an assembly reference?)
105>D:\Work\IOS-IG-SimHost-FDP-2\Hrot\Subsystems\Hrot.SimHost.Integration.Tests\Infrastructure\SimHostInstance.cs(51,11,51,18): error CS0234: The type or namespace name 'Toolkit' does not exist in the namespace 'Fdp' (are you missing an assembly reference?)
105>D:\Work\IOS-IG-SimHost-FDP-2\Hrot\Subsystems\Hrot.SimHost.Integration.Tests\Infrastructure\SimHostInstance.cs(52,11,52,18): error CS0234: The type or namespace name 'Toolkit' does not exist in the namespace 'Fdp' (are you missing an assembly reference?)
105>D:\Work\IOS-IG-SimHost-FDP-2\Hrot\Subsystems\Hrot.SimHost.Integration.Tests\Infrastructure\SimHostInstance.cs(53,11,53,18): error CS0234: The type or namespace name 'Toolkit' does not exist in the namespace 'Fdp' (are you missing an assembly reference?)
105>D:\Work\IOS-IG-SimHost-FDP-2\Hrot\Subsystems\Hrot.SimHost.Integration.Tests\Infrastructure\SimHostInstance.cs(56,11,56,18): error CS0234: The type or namespace name 'Toolkit' does not exist in the namespace 'Fdp' (are you missing an assembly reference?)
105>D:\Work\IOS-IG-SimHost-FDP-2\Hrot\Subsystems\Hrot.SimHost.Integration.Tests\MissionExecutionFlowTests.cs(3,12,3,15): error CS0234: The type or namespace name 'Map' does not exist in the namespace 'Hrot' (are you missing an assembly reference?)
105>D:\Work\IOS-IG-SimHost-FDP-2\Hrot\Subsystems\Hrot.SimHost.Integration.Tests\MissionExecutionFlowTests.cs(5,7,5,15): error CS0246: The type or namespace name 'CarKinem' could not be found (are you missing a using directive or an assembly reference?)
105>D:\Work\IOS-IG-SimHost-FDP-2\Hrot\Subsystems\Hrot.SimHost.Integration.Tests\ModuleHostKernelTestExtensions.cs(2,11,2,15): error CS0234: The type or namespace name 'Core' does not exist in the namespace 'Fdp' (are you missing an assembly reference?)
105>D:\Work\IOS-IG-SimHost-FDP-2\Hrot\Subsystems\Hrot.SimHost.Integration.Tests\ModuleHostKernelTestExtensions.cs(3,11,3,18): error CS0234: The type or namespace name 'Toolkit' does not exist in the namespace 'Fdp' (are you missing an assembly reference?)
105>D:\Work\IOS-IG-SimHost-FDP-2\Hrot\Subsystems\Hrot.SimHost.Integration.Tests\NavComponentsPresenceTests.cs(2,12,2,15): error CS0234: The type or namespace name 'Map' does not exist in the namespace 'Hrot' (are you missing an assembly reference?)
105>D:\Work\IOS-IG-SimHost-FDP-2\Hrot\Subsystems\Hrot.SimHost.Integration.Tests\NavComponentsPresenceTests.cs(4,7,4,15): error CS0246: The type or namespace name 'CarKinem' could not be found (are you missing a using directive or an assembly reference?)
105>D:\Work\IOS-IG-SimHost-FDP-2\Hrot\Subsystems\Hrot.SimHost.Integration.Tests\NavComponentsPresenceTests.cs(5,11,5,18): error CS0234: The type or namespace name 'Toolkit' does not exist in the namespace 'Fdp' (are you missing an assembly reference?)
105>D:\Work\IOS-IG-SimHost-FDP-2\Hrot\Subsystems\Hrot.SimHost.Integration.Tests\NedReplicationModuleWiringTests.cs(2,12,2,19): error CS0234: The type or namespace name 'Network' does not exist in the namespace 'Hrot' (are you missing an assembly reference?)
105>D:\Work\IOS-IG-SimHost-FDP-2\Hrot\Subsystems\Hrot.SimHost.Integration.Tests\NedReplicationModuleWiringTests.cs(3,12,3,15): error CS0234: The type or namespace name 'Map' does not exist in the namespace 'Hrot' (are you missing an assembly reference?)
105>D:\Work\IOS-IG-SimHost-FDP-2\Hrot\Subsystems\Hrot.SimHost.Integration.Tests\NedReplicationModuleWiringTests.cs(4,11,4,18): error CS0234: The type or namespace name 'Network' does not exist in the namespace 'Fdp' (are you missing an assembly reference?)
105>D:\Work\IOS-IG-SimHost-FDP-2\Hrot\Subsystems\Hrot.SimHost.Integration.Tests\PerformanceTests.cs(4,12,4,15): error CS0234: The type or namespace name 'Map' does not exist in the namespace 'Hrot' (are you missing an assembly reference?)
105>D:\Work\IOS-IG-SimHost-FDP-2\Hrot\Subsystems\Hrot.SimHost.Integration.Tests\PerformanceTests.cs(6,7,6,15): error CS0246: The type or namespace name 'CarKinem' could not be found (are you missing a using directive or an assembly reference?)
105>D:\Work\IOS-IG-SimHost-FDP-2\Hrot\Subsystems\Hrot.SimHost.Integration.Tests\PerformanceTests.cs(7,11,7,15): error CS0234: The type or namespace name 'Core' does not exist in the namespace 'Fdp' (are you missing an assembly reference?)
105>D:\Work\IOS-IG-SimHost-FDP-2\Hrot\Subsystems\Hrot.SimHost.Integration.Tests\RecordReplayIntegrationTests.cs(5,12,5,15): error CS0234: The type or namespace name 'Map' does not exist in the namespace 'Hrot' (are you missing an assembly reference?)
105>D:\Work\IOS-IG-SimHost-FDP-2\Hrot\Subsystems\Hrot.SimHost.Integration.Tests\RecordReplayIntegrationTests.cs(6,20,6,27): error CS0234: The type or namespace name 'Modules' does not exist in the namespace 'Hrot.SimHost' (are you missing an assembly reference?)
105>D:\Work\IOS-IG-SimHost-FDP-2\Hrot\Subsystems\Hrot.SimHost.Integration.Tests\RecordReplayIntegrationTests.cs(8,11,8,15): error CS0234: The type or namespace name 'Core' does not exist in the namespace 'Fdp' (are you missing an assembly reference?)
105>D:\Work\IOS-IG-SimHost-FDP-2\Hrot\Subsystems\Hrot.SimHost.Integration.Tests\RecordReplayIntegrationTests.cs(9,11,9,18): error CS0234: The type or namespace name 'Toolkit' does not exist in the namespace 'Fdp' (are you missing an assembly reference?)
105>D:\Work\IOS-IG-SimHost-FDP-2\Hrot\Subsystems\Hrot.SimHost.Integration.Tests\RecordReplayIntegrationTests.cs(10,11,10,18): error CS0234: The type or namespace name 'Toolkit' does not exist in the namespace 'Fdp' (are you missing an assembly reference?)
105>D:\Work\IOS-IG-SimHost-FDP-2\Hrot\Subsystems\Hrot.SimHost.Integration.Tests\TraceLoggingTests.cs(5,20,5,22): error CS0234: The type or namespace name 'UI' does not exist in the namespace 'Hrot.SimHost' (are you missing an assembly reference?)
105>D:\Work\IOS-IG-SimHost-FDP-2\Hrot\Subsystems\Hrot.SimHost.Integration.Tests\TraceLoggingTests.cs(6,7,6,15): error CS0246: The type or namespace name 'CarKinem' could not be found (are you missing a using directive or an assembly reference?)
105>D:\Work\IOS-IG-SimHost-FDP-2\Hrot\Subsystems\Hrot.SimHost.Integration.Tests\TraceLoggingTests.cs(7,7,7,15): error CS0246: The type or namespace name 'CarKinem' could not be found (are you missing a using directive or an assembly reference?)
105>D:\Work\IOS-IG-SimHost-FDP-2\Hrot\Subsystems\Hrot.SimHost.Integration.Tests\TraceLoggingTests.cs(8,7,8,15): error CS0246: The type or namespace name 'CarKinem' could not be found (are you missing a using directive or an assembly reference?)
105>D:\Work\IOS-IG-SimHost-FDP-2\Hrot\Subsystems\Hrot.SimHost.Integration.Tests\TraceLoggingTests.cs(9,7,9,15): error CS0246: The type or namespace name 'CarKinem' could not be found (are you missing a using directive or an assembly reference?)
105>D:\Work\IOS-IG-SimHost-FDP-2\Hrot\Subsystems\Hrot.SimHost.Integration.Tests\TraceLoggingTests.cs(10,11,10,15): error CS0234: The type or namespace name 'Core' does not exist in the namespace 'Fdp' (are you missing an assembly reference?)
105>D:\Work\IOS-IG-SimHost-FDP-2\Hrot\Subsystems\Hrot.SimHost.Integration.Tests\TraceLoggingTests.cs(11,12,11,15): error CS0234: The type or namespace name 'Map' does not exist in the namespace 'Hrot' (are you missing an assembly reference?)
105>D:\Work\IOS-IG-SimHost-FDP-2\Hrot\Subsystems\Hrot.SimHost.Integration.Tests\TraceLoggingTests.cs(12,12,12,19): error CS0234: The type or namespace name 'Network' does not exist in the namespace 'Hrot' (are you missing an assembly reference?)
105>D:\Work\IOS-IG-SimHost-FDP-2\Hrot\Subsystems\Hrot.SimHost.Integration.Tests\TraceLoggingTests.cs(13,11,13,18): error CS0234: The type or namespace name 'Toolkit' does not exist in the namespace 'Fdp' (are you missing an assembly reference?)
105>D:\Work\IOS-IG-SimHost-FDP-2\Hrot\Subsystems\Hrot.SimHost.Integration.Tests\TraceLoggingTests.cs(14,11,14,18): error CS0234: The type or namespace name 'Toolkit' does not exist in the namespace 'Fdp' (are you missing an assembly reference?)
105>D:\Work\IOS-IG-SimHost-FDP-2\Hrot\Subsystems\Hrot.SimHost.Integration.Tests\TraceLoggingTests.cs(15,11,15,18): error CS0234: The type or namespace name 'Network' does not exist in the namespace 'Fdp' (are you missing an assembly reference?)
105>D:\Work\IOS-IG-SimHost-FDP-2\Hrot\Subsystems\Hrot.SimHost.Integration.Tests\Infrastructure\MockExConClient.cs(41,39,41,60): error CS0246: The type or namespace name 'EntityCreationRequest' could not be found (are you missing a using directive or an assembly reference?)
105>D:\Work\IOS-IG-SimHost-FDP-2\Hrot\Subsystems\Hrot.SimHost.Integration.Tests\Infrastructure\SimHostInstance.cs(66,45,66,73): error CS0246: The type or namespace name 'IEntityCreationRequestSource' could not be found (are you missing a using directive or an assembly reference?)
105>D:\Work\IOS-IG-SimHost-FDP-2\Hrot\Subsystems\Hrot.SimHost.Integration.Tests\EpisodeInjectionTests.cs(24,2,24,13): error CS0246: The type or namespace name 'ComponentIdAttribute' could not be found (are you missing a using directive or an assembly reference?)
105>D:\Work\IOS-IG-SimHost-FDP-2\Hrot\Subsystems\Hrot.SimHost.Integration.Tests\EpisodeInjectionTests.cs(24,2,24,13): error CS0246: The type or namespace name 'ComponentId' could not be found (are you missing a using directive or an assembly reference?)
105>D:\Work\IOS-IG-SimHost-FDP-2\Hrot\Subsystems\Hrot.SimHost.Integration.Tests\Infrastructure\SimHostInstance.cs(91,39,91,53): error CS0246: The type or namespace name 'IEntityAckSink' could not be found (are you missing a using directive or an assembly reference?)
105>D:\Work\IOS-IG-SimHost-FDP-2\Hrot\Subsystems\Hrot.SimHost.Integration.Tests\EpisodeInjectionTests.cs(253,20,253,39): error CS0246: The type or namespace name 'ExecuteNodeOpIntent' could not be found (are you missing a using directive or an assembly reference?)
105>D:\Work\IOS-IG-SimHost-FDP-2\Hrot\Subsystems\Hrot.SimHost.Integration.Tests\Infrastructure\MockExConClient.cs(59,27,59,54): error CS0246: The type or namespace name 'CreateUpdateDeleteEntityAck' could not be found (are you missing a using directive or an assembly reference?)
105>D:\Work\IOS-IG-SimHost-FDP-2\Hrot\Subsystems\Hrot.SimHost.Integration.Tests\NedReplicationModuleWiringTests.cs(21,22,21,42): error CS0246: The type or namespace name 'DdsIdAllocatorServer' could not be found (are you missing a using directive or an assembly reference?)
105>D:\Work\IOS-IG-SimHost-FDP-2\Hrot\Subsystems\Hrot.SimHost.Integration.Tests\EpisodeInjectionTests.cs(262,20,262,39): error CS0246: The type or namespace name 'ExecuteNodeOpIntent' could not be found (are you missing a using directive or an assembly reference?)
105>D:\Work\IOS-IG-SimHost-FDP-2\Hrot\Subsystems\Hrot.SimHost.Integration.Tests\Infrastructure\SimHostInstance.cs(68,31,68,52): error CS0246: The type or namespace name 'EntityCreationRequest' could not be found (are you missing a using directive or an assembly reference?)
105>D:\Work\IOS-IG-SimHost-FDP-2\Hrot\Subsystems\Hrot.SimHost.Integration.Tests\EntityCreationFlowTests.cs(222,24,222,45): error CS0246: The type or namespace name 'EntityCreationRequest' could not be found (are you missing a using directive or an assembly reference?)
105>D:\Work\IOS-IG-SimHost-FDP-2\Hrot\Subsystems\Hrot.SimHost.Integration.Tests\Infrastructure\SimHostInstance.cs(93,31,93,58): error CS0246: The type or namespace name 'CreateUpdateDeleteEntityAck' could not be found (are you missing a using directive or an assembly reference?)
105>D:\Work\IOS-IG-SimHost-FDP-2\Hrot\Subsystems\Hrot.SimHost.Integration.Tests\NedReplicationModuleWiringTests.cs(22,22,22,32): error CS0246: The type or namespace name 'SimHostApp' could not be found (are you missing a using directive or an assembly reference?)
105>D:\Work\IOS-IG-SimHost-FDP-2\Hrot\Subsystems\Hrot.SimHost.Integration.Tests\Infrastructure\MockExConClient.cs(94,16,94,27): error CS0246: The type or namespace name 'TkbIdentity' could not be found (are you missing a using directive or an assembly reference?)
105>D:\Work\IOS-IG-SimHost-FDP-2\Hrot\Subsystems\Hrot.SimHost.Integration.Tests\Infrastructure\SimHostInstance.cs(131,43,131,62): error CS0246: The type or namespace name 'INetworkIdAllocator' could not be found (are you missing a using directive or an assembly reference?)
105>D:\Work\IOS-IG-SimHost-FDP-2\Hrot\Subsystems\Hrot.SimHost.Integration.Tests\EpisodeInjectionTests.cs(41,22,41,40): error CS0246: The type or namespace name 'ScenarioSerializer' could not be found (are you missing a using directive or an assembly reference?)
105>D:\Work\IOS-IG-SimHost-FDP-2\Hrot\Subsystems\Hrot.SimHost.Integration.Tests\RecordReplayIntegrationTests.cs(166,43,166,59): error CS0246: The type or namespace name 'ModuleHostKernel' could not be found (are you missing a using directive or an assembly reference?)
105>D:\Work\IOS-IG-SimHost-FDP-2\Hrot\Subsystems\Hrot.SimHost.Integration.Tests\Infrastructure\SimHostInstance.cs(73,29,73,50): error CS0246: The type or namespace name 'EntityCreationRequest' could not be found (are you missing a using directive or an assembly reference?)
105>D:\Work\IOS-IG-SimHost-FDP-2\Hrot\Subsystems\Hrot.SimHost.Integration.Tests\EntityCreationFlowTests.cs(227,24,227,45): error CS0246: The type or namespace name 'EntityCreationRequest' could not be found (are you missing a using directive or an assembly reference?)
105>D:\Work\IOS-IG-SimHost-FDP-2\Hrot\Subsystems\Hrot.SimHost.Integration.Tests\Infrastructure\SimHostInstance.cs(149,40,149,55): error CS0246: The type or namespace name 'ISystemRegistry' could not be found (are you missing a using directive or an assembly reference?)
105>D:\Work\IOS-IG-SimHost-FDP-2\Hrot\Subsystems\Hrot.SimHost.Integration.Tests\ModuleHostKernelTestExtensions.cs(14,53,14,69): error CS0246: The type or namespace name 'ModuleHostKernel' could not be found (are you missing a using directive or an assembly reference?)
105>D:\Work\IOS-IG-SimHost-FDP-2\Hrot\Subsystems\Hrot.SimHost.Integration.Tests\Infrastructure\SimHostInstance.cs(95,30,95,57): error CS0246: The type or namespace name 'CreateUpdateDeleteEntityAck' could not be found (are you missing a using directive or an assembly reference?)
105>D:\Work\IOS-IG-SimHost-FDP-2\Hrot\Subsystems\Hrot.SimHost.Integration.Tests\EpisodeInjectionTests.cs(42,22,42,38): error CS0246: The type or namespace name 'EntityRepository' could not be found (are you missing a using directive or an assembly reference?)
105>D:\Work\IOS-IG-SimHost-FDP-2\Hrot\Subsystems\Hrot.SimHost.Integration.Tests\Infrastructure\MockExConClient.cs(112,10,112,20): error CS0246: The type or namespace name 'EntityInfo' could not be found (are you missing a using directive or an assembly reference?)
105>D:\Work\IOS-IG-SimHost-FDP-2\Hrot\Subsystems\Hrot.SimHost.Integration.Tests\RecordReplayIntegrationTests.cs(27,26,27,42): error CS0246: The type or namespace name 'EntityRepository' could not be found (are you missing a using directive or an assembly reference?)
105>D:\Work\IOS-IG-SimHost-FDP-2\Hrot\Subsystems\Hrot.SimHost.Integration.Tests\TraceLoggingTests.cs(95,50,95,66): error CS0246: The type or namespace name 'EntityRepository' could not be found (are you missing a using directive or an assembly reference?)
105>D:\Work\IOS-IG-SimHost-FDP-2\Hrot\Subsystems\Hrot.SimHost.Integration.Tests\TraceLoggingTests.cs(95,78,95,84): error CS0246: The type or namespace name 'Entity' could not be found (are you missing a using directive or an assembly reference?)
105>D:\Work\IOS-IG-SimHost-FDP-2\Hrot\Subsystems\Hrot.SimHost.Integration.Tests\Infrastructure\SimHostInstance.cs(75,44,75,65): error CS0246: The type or namespace name 'EntityCreationRequest' could not be found (are you missing a using directive or an assembly reference?)
105>D:\Work\IOS-IG-SimHost-FDP-2\Hrot\Subsystems\Hrot.SimHost.Integration.Tests\Infrastructure\SimHostInstance.cs(151,31,151,47): error CS0246: The type or namespace name 'IEcsModuleSystem' could not be found (are you missing a using directive or an assembly reference?)
105>D:\Work\IOS-IG-SimHost-FDP-2\Hrot\Subsystems\Hrot.SimHost.Integration.Tests\Infrastructure\SimHostInstance.cs(97,61,97,82): error CS0246: The type or namespace name 'EntityOperationStatus' could not be found (are you missing a using directive or an assembly reference?)
105>D:\Work\IOS-IG-SimHost-FDP-2\Hrot\Subsystems\Hrot.SimHost.Integration.Tests\RecordReplayIntegrationTests.cs(28,26,28,42): error CS0246: The type or namespace name 'EventAccumulator' could not be found (are you missing a using directive or an assembly reference?)
105>D:\Work\IOS-IG-SimHost-FDP-2\Hrot\Subsystems\Hrot.SimHost.Integration.Tests\RecordReplayIntegrationTests.cs(29,26,29,42): error CS0246: The type or namespace name 'ModuleHostKernel' could not be found (are you missing a using directive or an assembly reference?)
105>D:\Work\IOS-IG-SimHost-FDP-2\Hrot\Subsystems\Hrot.SimHost.Integration.Tests\Infrastructure\SimHostInstance.cs(152,30,152,46): error CS0246: The type or namespace name 'IEcsModuleSystem' could not be found (are you missing a using directive or an assembly reference?)
105>D:\Work\IOS-IG-SimHost-FDP-2\Hrot\Subsystems\Hrot.SimHost.Integration.Tests\Infrastructure\SimHostInstance.cs(105,16,105,43): error CS0246: The type or namespace name 'CreateUpdateDeleteEntityAck' could not be found (are you missing a using directive or an assembly reference?)
105>D:\Work\IOS-IG-SimHost-FDP-2\Hrot\Subsystems\Hrot.SimHost.Integration.Tests\Infrastructure\SimHostInstance.cs(210,16,210,32): error CS0246: The type or namespace name 'EntityRepository' could not be found (are you missing a using directive or an assembly reference?)
105>D:\Work\IOS-IG-SimHost-FDP-2\Hrot\Subsystems\Hrot.SimHost.Integration.Tests\EntityLifecycleIntegrationTests.cs(174,20,174,38): error CS0246: The type or namespace name 'SpawnEntityCommand' could not be found (are you missing a using directive or an assembly reference?)
105>D:\Work\IOS-IG-SimHost-FDP-2\Hrot\Subsystems\Hrot.SimHost.Integration.Tests\Infrastructure\SimHostInstance.cs(117,16,117,43): error CS0246: The type or namespace name 'CreateUpdateDeleteEntityAck' could not be found (are you missing a using directive or an assembly reference?)
105>D:\Work\IOS-IG-SimHost-FDP-2\Hrot\Subsystems\Hrot.SimHost.Integration.Tests\Infrastructure\SimHostInstance.cs(154,59,154,75): error CS0246: The type or namespace name 'IEcsModuleSystem' could not be found (are you missing a using directive or an assembly reference?)
105>D:\Work\IOS-IG-SimHost-FDP-2\Hrot\Subsystems\Hrot.SimHost.Integration.Tests\EntityLifecycleIntegrationTests.cs(195,46,195,62): error CS0246: The type or namespace name 'EntityRepository' could not be found (are you missing a using directive or an assembly reference?)
105>D:\Work\IOS-IG-SimHost-FDP-2\Hrot\Subsystems\Hrot.SimHost.Integration.Tests\Infrastructure\SimHostInstance.cs(336,16,336,43): error CS0246: The type or namespace name 'CreateUpdateDeleteEntityAck' could not be found (are you missing a using directive or an assembly reference?)
105>D:\Work\IOS-IG-SimHost-FDP-2\Hrot\Subsystems\Hrot.SimHost.Integration.Tests\EntityLifecycleIntegrationTests.cs(208,44,208,60): error CS0246: The type or namespace name 'EntityRepository' could not be found (are you missing a using directive or an assembly reference?)
105>D:\Work\IOS-IG-SimHost-FDP-2\Hrot\Subsystems\Hrot.SimHost.Integration.Tests\Infrastructure\SimHostInstance.cs(370,42,370,55): error CS0246: The type or namespace name 'EntityMission' could not be found (are you missing a using directive or an assembly reference?)
105>D:\Work\IOS-IG-SimHost-FDP-2\Hrot\Subsystems\Hrot.SimHost.Integration.Tests\EntityLifecycleIntegrationTests.cs(220,37,220,53): error CS0246: The type or namespace name 'EntityRepository' could not be found (are you missing a using directive or an assembly reference?)
105>D:\Work\IOS-IG-SimHost-FDP-2\Hrot\Subsystems\Hrot.SimHost.Integration.Tests\Infrastructure\SimHostInstance.cs(381,17,381,33): error CS0246: The type or namespace name 'MissionPlanQueue' could not be found (are you missing a using directive or an assembly reference?)
105>D:\Work\IOS-IG-SimHost-FDP-2\Hrot\Subsystems\Hrot.SimHost.Integration.Tests\Infrastructure\SimHostInstance.cs(157,77,157,93): error CS0246: The type or namespace name 'IEcsModuleSystem' could not be found (are you missing a using directive or an assembly reference?)
105>D:\Work\IOS-IG-SimHost-FDP-2\Hrot\Subsystems\Hrot.SimHost.Integration.Tests\EntityLifecycleIntegrationTests.cs(232,43,232,59): error CS0246: The type or namespace name 'EntityRepository' could not be found (are you missing a using directive or an assembly reference?)
105>D:\Work\IOS-IG-SimHost-FDP-2\Hrot\Subsystems\Hrot.SimHost.Integration.Tests\EntityLifecycleIntegrationTests.cs(245,46,245,62): error CS0246: The type or namespace name 'EntityRepository' could not be found (are you missing a using directive or an assembly reference?)
105>D:\Work\IOS-IG-SimHost-FDP-2\Hrot\Subsystems\Hrot.SimHost.Integration.Tests\Infrastructure\SimHostInstance.cs(157,16,157,32): error CS0246: The type or namespace name 'IEcsModuleSystem' could not be found (are you missing a using directive or an assembly reference?)
105>D:\Work\IOS-IG-SimHost-FDP-2\Hrot\Subsystems\Hrot.SimHost.Integration.Tests\Infrastructure\SimHostInstance.cs(424,65,424,78): error CS0246: The type or namespace name 'EntityMission' could not be found (are you missing a using directive or an assembly reference?)
105>D:\Work\IOS-IG-SimHost-FDP-2\Hrot\Subsystems\Hrot.SimHost.Integration.Tests\Infrastructure\SimHostInstance.cs(424,24,424,41): error CS0246: The type or namespace name 'ActiveMissionPlan' could not be found (are you missing a using directive or an assembly reference?)
105>D:\Work\IOS-IG-SimHost-FDP-2\Hrot\Subsystems\Hrot.SimHost.Integration.Tests\EntityLifecycleIntegrationTests.cs(260,40,260,56): error CS0246: The type or namespace name 'EntityRepository' could not be found (are you missing a using directive or an assembly reference?)
105>D:\Work\IOS-IG-SimHost-FDP-2\Hrot\Subsystems\Hrot.SimHost.Integration.Tests\Infrastructure\SimHostInstance.cs(441,23,441,26): error CS0234: The type or namespace name 'NED' does not exist in the namespace 'Hrot' (are you missing an assembly reference?)
105>D:\Work\IOS-IG-SimHost-FDP-2\Hrot\Subsystems\Hrot.SimHost.Integration.Tests\Infrastructure\SimHostInstance.cs(440,29,440,36): error CS0234: The type or namespace name 'Toolkit' does not exist in the namespace 'Fdp' (are you missing an assembly reference?)
105>D:\Work\IOS-IG-SimHost-FDP-2\Hrot\Subsystems\Hrot.SimHost.Integration.Tests\Infrastructure\SimHostInstance.cs(163,32,163,47): error CS0246: The type or namespace name 'ISimulationView' could not be found (are you missing a using directive or an assembly reference?)
105>D:\Work\IOS-IG-SimHost-FDP-2\Hrot\Subsystems\Hrot.SimHost.Integration.Tests\Infrastructure\SimHostInstance.cs(506,16,506,24): error CS0246: The type or namespace name 'WorldPos' could not be found (are you missing a using directive or an assembly reference?)
105>D:\Work\IOS-IG-SimHost-FDP-2\Hrot\Subsystems\Hrot.SimHost.Integration.Tests\EntityLifecycleIntegrationTests.cs(29,22,29,32): error CS0246: The type or namespace name 'SimHostApp' could not be found (are you missing a using directive or an assembly reference?)
105>D:\Work\IOS-IG-SimHost-FDP-2\Hrot\Subsystems\Hrot.SimHost.Integration.Tests\Infrastructure\SimHostInstance.cs(535,39,535,47): error CS0246: The type or namespace name 'GeoPoint' could not be found (are you missing a using directive or an assembly reference?)
105>D:\Work\IOS-IG-SimHost-FDP-2\Hrot\Subsystems\Hrot.SimHost.Integration.Tests\EntityLifecycleIntegrationTests.cs(30,22,30,35): error CS0246: The type or namespace name 'IgApplication' could not be found (are you missing a using directive or an assembly reference?)
105>D:\Work\IOS-IG-SimHost-FDP-2\Hrot\Subsystems\Hrot.SimHost.Integration.Tests\Infrastructure\SimHostInstance.cs(542,44,542,47): error CS0234: The type or namespace name 'NED' does not exist in the namespace 'Hrot' (are you missing an assembly reference?)
105>D:\Work\IOS-IG-SimHost-FDP-2\Hrot\Subsystems\Hrot.SimHost.Integration.Tests\EntityLifecycleIntegrationTests.cs(32,22,32,42): error CS0246: The type or namespace name 'DdsIdAllocatorServer' could not be found (are you missing a using directive or an assembly reference?)
105>D:\Work\IOS-IG-SimHost-FDP-2\Hrot\Subsystems\Hrot.SimHost.Integration.Tests\Infrastructure\SimHostInstance.cs(545,16,545,24): error CS0246: The type or namespace name 'GeoPoint' could not be found (are you missing a using directive or an assembly reference?)
105>D:\Work\IOS-IG-SimHost-FDP-2\Hrot\Subsystems\Hrot.SimHost.Integration.Tests\Infrastructure\SimHostInstance.cs(708,24,708,40): error CS0246: The type or namespace name 'EntityRepository' could not be found (are you missing a using directive or an assembly reference?)
105>D:\Work\IOS-IG-SimHost-FDP-2\Hrot\Subsystems\Hrot.SimHost.Integration.Tests\Infrastructure\SimHostInstance.cs(789,24,789,35): error CS0246: The type or namespace name 'TkbDatabase' could not be found (are you missing a using directive or an assembly reference?)
105>D:\Work\IOS-IG-SimHost-FDP-2\Hrot\Subsystems\Hrot.SimHost.Integration.Tests\Infrastructure\SimHostInstance.cs(810,54,810,65): error CS0246: The type or namespace name 'TkbDatabase' could not be found (are you missing a using directive or an assembly reference?)
105>D:\Work\IOS-IG-SimHost-FDP-2\Hrot\Subsystems\Hrot.SimHost.Integration.Tests\Infrastructure\SimHostInstance.cs(811,29,811,37): error CS0246: The type or namespace name 'CarKinem' could not be found (are you missing a using directive or an assembly reference?)
105>D:\Work\IOS-IG-SimHost-FDP-2\Hrot\Subsystems\Hrot.SimHost.Integration.Tests\Infrastructure\SimHostInstance.cs(848,17,848,24): error CS0234: The type or namespace name 'Modules' does not exist in the namespace 'Fdp' (are you missing an assembly reference?)
105>D:\Work\IOS-IG-SimHost-FDP-2\Hrot\Subsystems\Hrot.SimHost.Integration.Tests\Infrastructure\SimHostInstance.cs(847,24,847,40): error CS0246: The type or namespace name 'BehaviorRegistry' could not be found (are you missing a using directive or an assembly reference?)
105>D:\Work\IOS-IG-SimHost-FDP-2\Hrot\Subsystems\Hrot.SimHost.Integration.Tests\Infrastructure\SimHostInstance.cs(200,26,200,42): error CS0246: The type or namespace name 'EntityRepository' could not be found (are you missing a using directive or an assembly reference?)
105>D:\Work\IOS-IG-SimHost-FDP-2\Hrot\Subsystems\Hrot.SimHost.Integration.Tests\Infrastructure\SimHostInstance.cs(203,26,203,40): error CS0246: The type or namespace name 'WGS84Transform' could not be found (are you missing a using directive or an assembly reference?)
105>D:\Work\IOS-IG-SimHost-FDP-2\Hrot\Subsystems\Hrot.SimHost.Integration.Tests\NavComponentsPresenceTests.cs(163,21,163,35): error CS0103: The name 'TkbEntityTypes' does not exist in the current context
105>D:\Work\IOS-IG-SimHost-FDP-2\Hrot\Subsystems\Hrot.SimHost.Integration.Tests\NavComponentsPresenceTests.cs(164,21,164,35): error CS0103: The name 'TkbEntityTypes' does not exist in the current context
105>D:\Work\IOS-IG-SimHost-FDP-2\Hrot\Subsystems\Hrot.SimHost.Integration.Tests\NavComponentsPresenceTests.cs(165,21,165,35): error CS0103: The name 'TkbEntityTypes' does not exist in the current context
105>D:\Work\IOS-IG-SimHost-FDP-2\Hrot\Subsystems\Hrot.SimHost.Integration.Tests\NavComponentsPresenceTests.cs(166,21,166,35): error CS0103: The name 'TkbEntityTypes' does not exist in the current context
105>D:\Work\IOS-IG-SimHost-FDP-2\Hrot\Subsystems\Hrot.SimHost.Integration.Tests\NavComponentsPresenceTests.cs(167,21,167,35): error CS0103: The name 'TkbEntityTypes' does not exist in the current context
105>D:\Work\IOS-IG-SimHost-FDP-2\Hrot\Subsystems\Hrot.SimHost.Integration.Tests\Infrastructure\SimHostInstance.cs(205,26,205,37): error CS0246: The type or namespace name 'TkbDatabase' could not be found (are you missing a using directive or an assembly reference?)
105>D:\Work\IOS-IG-SimHost-FDP-2\Hrot\Subsystems\Hrot.SimHost.Integration.Tests\Infrastructure\SimHostInstance.cs(206,26,206,42): error CS0246: The type or namespace name 'BehaviorRegistry' could not be found (are you missing a using directive or an assembly reference?)
105>D:\Work\IOS-IG-SimHost-FDP-2\Hrot\Subsystems\Hrot.SimHost.Integration.Tests\Infrastructure\SimHostInstance.cs(207,26,207,47): error CS0246: The type or namespace name 'EntityLifecycleModule' could not be found (are you missing a using directive or an assembly reference?)
105>D:\Work\IOS-IG-SimHost-FDP-2\Hrot\Subsystems\Hrot.SimHost.Integration.Tests\Infrastructure\SimHostInstance.cs(219,26,219,51): error CS0246: The type or namespace name 'CreateEntityRequestSystem' could not be found (are you missing a using directive or an assembly reference?)
105>D:\Work\IOS-IG-SimHost-FDP-2\Hrot\Subsystems\Hrot.SimHost.Integration.Tests\Infrastructure\SimHostInstance.cs(220,26,220,47): error CS0246: The type or namespace name 'NetworkSpawningSystem' could not be found (are you missing a using directive or an assembly reference?)
105>D:\Work\IOS-IG-SimHost-FDP-2\Hrot\Subsystems\Hrot.SimHost.Integration.Tests\Infrastructure\SimHostInstance.cs(221,26,221,57): error CS0246: The type or namespace name 'EntityRequestFinalizationSystem' could not be found (are you missing a using directive or an assembly reference?)
105>D:\Work\IOS-IG-SimHost-FDP-2\Hrot\Subsystems\Hrot.SimHost.Integration.Tests\Infrastructure\SimHostInstance.cs(226,40,226,56): error CS0246: The type or namespace name 'IEcsModuleSystem' could not be found (are you missing a using directive or an assembly reference?)
105>D:\Work\IOS-IG-SimHost-FDP-2\Hrot\Subsystems\Hrot.SimHost.Integration.Tests\Infrastructure\SimHostInstance.cs(227,40,227,56): error CS0246: The type or namespace name 'IEcsModuleSystem' could not be found (are you missing a using directive or an assembly reference?)
105>D:\Work\IOS-IG-SimHost-FDP-2\Hrot\Subsystems\Hrot.SimHost.Integration.Tests\Infrastructure\SimHostInstance.cs(228,40,228,56): error CS0246: The type or namespace name 'IEcsModuleSystem' could not be found (are you missing a using directive or an assembly reference?)
105>Done building project "Hrot.SimHost.Integration.Tests.csproj" -- FAILED.
106>D:\Work\IOS-IG-SimHost-FDP-2\Hrot\Subsystems\Hrot.SimHost.Tests\ActionDispatchModuleTests.cs(1,20,1,27): error CS0234: The type or namespace name 'Systems' does not exist in the namespace 'Hrot.SimHost' (are you missing an assembly reference?)
106>D:\Work\IOS-IG-SimHost-FDP-2\Hrot\Subsystems\Hrot.SimHost.Tests\ActionDispatchModuleTests.cs(2,11,2,15): error CS0234: The type or namespace name 'Core' does not exist in the namespace 'Fdp' (are you missing an assembly reference?)
106>D:\Work\IOS-IG-SimHost-FDP-2\Hrot\Subsystems\Hrot.SimHost.Tests\ActionDispatchModuleTests.cs(3,11,3,18): error CS0234: The type or namespace name 'Toolkit' does not exist in the namespace 'Fdp' (are you missing an assembly reference?)
106>D:\Work\IOS-IG-SimHost-FDP-2\Hrot\Subsystems\Hrot.SimHost.Tests\ActionDispatchModuleTests.cs(4,11,4,18): error CS0234: The type or namespace name 'Toolkit' does not exist in the namespace 'Fdp' (are you missing an assembly reference?)
106>D:\Work\IOS-IG-SimHost-FDP-2\Hrot\Subsystems\Hrot.SimHost.Tests\ActionDispatchModuleTests.cs(5,11,5,18): error CS0234: The type or namespace name 'Toolkit' does not exist in the namespace 'Fdp' (are you missing an assembly reference?)
106>D:\Work\IOS-IG-SimHost-FDP-2\Hrot\Subsystems\Hrot.SimHost.Tests\ActionDispatchModuleTests.cs(6,11,6,18): error CS0234: The type or namespace name 'Toolkit' does not exist in the namespace 'Fdp' (are you missing an assembly reference?)
106>D:\Work\IOS-IG-SimHost-FDP-2\Hrot\Subsystems\Hrot.SimHost.Tests\ActionDispatchModuleTests.cs(7,11,7,18): error CS0234: The type or namespace name 'Toolkit' does not exist in the namespace 'Fdp' (are you missing an assembly reference?)
106>D:\Work\IOS-IG-SimHost-FDP-2\Hrot\Subsystems\Hrot.SimHost.Tests\ActionDispatchModuleTests.cs(8,11,8,18): error CS0234: The type or namespace name 'Toolkit' does not exist in the namespace 'Fdp' (are you missing an assembly reference?)
106>D:\Work\IOS-IG-SimHost-FDP-2\Hrot\Subsystems\Hrot.SimHost.Tests\ActionDispatchModuleTests.cs(9,11,9,18): error CS0234: The type or namespace name 'Toolkit' does not exist in the namespace 'Fdp' (are you missing an assembly reference?)
106>D:\Work\IOS-IG-SimHost-FDP-2\Hrot\Subsystems\Hrot.SimHost.Tests\ActionDispatchModuleTests.cs(10,11,10,18): error CS0234: The type or namespace name 'Toolkit' does not exist in the namespace 'Fdp' (are you missing an assembly reference?)
106>D:\Work\IOS-IG-SimHost-FDP-2\Hrot\Subsystems\Hrot.SimHost.Tests\ActionDispatchModuleTests.cs(11,11,11,18): error CS0234: The type or namespace name 'Toolkit' does not exist in the namespace 'Fdp' (are you missing an assembly reference?)
106>D:\Work\IOS-IG-SimHost-FDP-2\Hrot\Subsystems\Hrot.SimHost.Tests\AreaQueryBatchDataTests.cs(3,11,3,15): error CS0234: The type or namespace name 'Core' does not exist in the namespace 'Fdp' (are you missing an assembly reference?)
106>D:\Work\IOS-IG-SimHost-FDP-2\Hrot\Subsystems\Hrot.SimHost.Tests\AreaQueryBatchDataTests.cs(4,11,4,15): error CS0234: The type or namespace name 'Core' does not exist in the namespace 'Fdp' (are you missing an assembly reference?)
106>D:\Work\IOS-IG-SimHost-FDP-2\Hrot\Subsystems\Hrot.SimHost.Tests\AreaQueryBatchDataTests.cs(5,11,5,18): error CS0234: The type or namespace name 'Toolkit' does not exist in the namespace 'Fdp' (are you missing an assembly reference?)
106>D:\Work\IOS-IG-SimHost-FDP-2\Hrot\Subsystems\Hrot.SimHost.Tests\AreaQueryTranslatorTests.cs(4,7,4,15): error CS0246: The type or namespace name 'CarKinem' could not be found (are you missing a using directive or an assembly reference?)
106>D:\Work\IOS-IG-SimHost-FDP-2\Hrot\Subsystems\Hrot.SimHost.Tests\AreaQueryTranslatorTests.cs(5,11,5,15): error CS0234: The type or namespace name 'Core' does not exist in the namespace 'Fdp' (are you missing an assembly reference?)
106>D:\Work\IOS-IG-SimHost-FDP-2\Hrot\Subsystems\Hrot.SimHost.Tests\AreaQueryTranslatorTests.cs(6,11,6,15): error CS0234: The type or namespace name 'Core' does not exist in the namespace 'Fdp' (are you missing an assembly reference?)
106>D:\Work\IOS-IG-SimHost-FDP-2\Hrot\Subsystems\Hrot.SimHost.Tests\AreaQueryTranslatorTests.cs(7,22,7,34): error CS0234: The type or namespace name 'Abstractions' does not exist in the namespace 'Fdp.ModuleHost' (are you missing an assembly reference?)
106>D:\Work\IOS-IG-SimHost-FDP-2\Hrot\Subsystems\Hrot.SimHost.Tests\AreaQueryTranslatorTests.cs(8,11,8,18): error CS0234: The type or namespace name 'Toolkit' does not exist in the namespace 'Fdp' (are you missing an assembly reference?)
106>D:\Work\IOS-IG-SimHost-FDP-2\Hrot\Subsystems\Hrot.SimHost.Tests\AreaQueryTranslatorTests.cs(9,11,9,18): error CS0234: The type or namespace name 'Toolkit' does not exist in the namespace 'Fdp' (are you missing an assembly reference?)
106>D:\Work\IOS-IG-SimHost-FDP-2\Hrot\Subsystems\Hrot.SimHost.Tests\AreaQueryTranslatorTests.cs(10,11,10,18): error CS0234: The type or namespace name 'Toolkit' does not exist in the namespace 'Fdp' (are you missing an assembly reference?)
106>D:\Work\IOS-IG-SimHost-FDP-2\Hrot\Subsystems\Hrot.SimHost.Tests\AreaQueryTranslatorTests.cs(11,12,11,14): error CS0234: The type or namespace name 'IG' does not exist in the namespace 'Hrot' (are you missing an assembly reference?)
106>D:\Work\IOS-IG-SimHost-FDP-2\Hrot\Subsystems\Hrot.SimHost.Tests\AreaQueryTranslatorTests.cs(12,12,12,15): error CS0234: The type or namespace name 'Map' does not exist in the namespace 'Hrot' (are you missing an assembly reference?)
106>D:\Work\IOS-IG-SimHost-FDP-2\Hrot\Subsystems\Hrot.SimHost.Tests\AreaQueryTranslatorTests.cs(13,12,13,15): error CS0234: The type or namespace name 'NED' does not exist in the namespace 'Hrot' (are you missing an assembly reference?)
106>D:\Work\IOS-IG-SimHost-FDP-2\Hrot\Subsystems\Hrot.SimHost.Tests\AreaQueryTranslatorTests.cs(14,12,14,19): error CS0234: The type or namespace name 'Network' does not exist in the namespace 'Hrot' (are you missing an assembly reference?)
106>D:\Work\IOS-IG-SimHost-FDP-2\Hrot\Subsystems\Hrot.SimHost.Tests\AreaQueryTranslatorTests.cs(15,20,15,27): error CS0234: The type or namespace name 'Systems' does not exist in the namespace 'Hrot.SimHost' (are you missing an assembly reference?)
106>D:\Work\IOS-IG-SimHost-FDP-2\Hrot\Subsystems\Hrot.SimHost.Tests\AttributeCompilerFactoryTests.cs(5,12,5,15): error CS0234: The type or namespace name 'NED' does not exist in the namespace 'Hrot' (are you missing an assembly reference?)
106>D:\Work\IOS-IG-SimHost-FDP-2\Hrot\Subsystems\Hrot.SimHost.Tests\AttributeCompilerFactoryTests.cs(6,12,6,15): error CS0234: The type or namespace name 'NED' does not exist in the namespace 'Hrot' (are you missing an assembly reference?)
106>D:\Work\IOS-IG-SimHost-FDP-2\Hrot\Subsystems\Hrot.SimHost.Tests\AttributeCompilerFactoryTests.cs(7,12,7,15): error CS0234: The type or namespace name 'NED' does not exist in the namespace 'Hrot' (are you missing an assembly reference?)
106>D:\Work\IOS-IG-SimHost-FDP-2\Hrot\Subsystems\Hrot.SimHost.Tests\AttributeCompilerFactoryTests.cs(8,12,8,15): error CS0234: The type or namespace name 'Map' does not exist in the namespace 'Hrot' (are you missing an assembly reference?)
106>D:\Work\IOS-IG-SimHost-FDP-2\Hrot\Subsystems\Hrot.SimHost.Tests\AttributeCompilerFactoryTests.cs(9,12,9,15): error CS0234: The type or namespace name 'CGF' does not exist in the namespace 'Hrot' (are you missing an assembly reference?)
106>D:\Work\IOS-IG-SimHost-FDP-2\Hrot\Subsystems\Hrot.SimHost.Tests\AttributeCompilerFactoryTests.cs(10,12,10,16): error CS0234: The type or namespace name 'Core' does not exist in the namespace 'Hrot' (are you missing an assembly reference?)
106>D:\Work\IOS-IG-SimHost-FDP-2\Hrot\Subsystems\Hrot.SimHost.Tests\AttributeCompilerFactoryTests.cs(11,11,11,18): error CS0234: The type or namespace name 'Toolkit' does not exist in the namespace 'Fdp' (are you missing an assembly reference?)
106>D:\Work\IOS-IG-SimHost-FDP-2\Hrot\Subsystems\Hrot.SimHost.Tests\AttributeCompilerFactoryTests.cs(12,11,12,21): error CS0234: The type or namespace name 'Interfaces' does not exist in the namespace 'Fdp' (are you missing an assembly reference?)
106>D:\Work\IOS-IG-SimHost-FDP-2\Hrot\Subsystems\Hrot.SimHost.Tests\AttributeCompilerFactoryTests.cs(13,11,13,15): error CS0234: The type or namespace name 'Core' does not exist in the namespace 'Fdp' (are you missing an assembly reference?)
106>D:\Work\IOS-IG-SimHost-FDP-2\Hrot\Subsystems\Hrot.SimHost.Tests\AttributeCompilerFactoryTests.cs(14,11,14,18): error CS0234: The type or namespace name 'Modules' does not exist in the namespace 'Fdp' (are you missing an assembly reference?)
106>D:\Work\IOS-IG-SimHost-FDP-2\Hrot\Subsystems\Hrot.SimHost.Tests\AttributeCompilerFactoryTests.cs(15,11,15,18): error CS0234: The type or namespace name 'Toolkit' does not exist in the namespace 'Fdp' (are you missing an assembly reference?)
106>D:\Work\IOS-IG-SimHost-FDP-2\Hrot\Subsystems\Hrot.SimHost.Tests\AttributeCompilerFactoryTests.cs(16,11,16,18): error CS0234: The type or namespace name 'Toolkit' does not exist in the namespace 'Fdp' (are you missing an assembly reference?)
106>D:\Work\IOS-IG-SimHost-FDP-2\Hrot\Subsystems\Hrot.SimHost.Tests\AttributeCompilerFactoryTests.cs(17,11,17,18): error CS0234: The type or namespace name 'Toolkit' does not exist in the namespace 'Fdp' (are you missing an assembly reference?)
106>D:\Work\IOS-IG-SimHost-FDP-2\Hrot\Subsystems\Hrot.SimHost.Tests\AttributeCompilerFactoryTests.cs(18,11,18,18): error CS0234: The type or namespace name 'Toolkit' does not exist in the namespace 'Fdp' (are you missing an assembly reference?)
106>D:\Work\IOS-IG-SimHost-FDP-2\Hrot\Subsystems\Hrot.SimHost.Tests\AttributeCompilerFactoryTests.cs(19,22,19,34): error CS0234: The type or namespace name 'Abstractions' does not exist in the namespace 'Fdp.ModuleHost' (are you missing an assembly reference?)
106>D:\Work\IOS-IG-SimHost-FDP-2\Hrot\Subsystems\Hrot.SimHost.Tests\AudioTargetDetectedEgressTranslatorTests.cs(3,12,3,15): error CS0234: The type or namespace name 'NED' does not exist in the namespace 'Hrot' (are you missing an assembly reference?)
106>D:\Work\IOS-IG-SimHost-FDP-2\Hrot\Subsystems\Hrot.SimHost.Tests\AudioTargetDetectedEgressTranslatorTests.cs(4,12,4,15): error CS0234: The type or namespace name 'Map' does not exist in the namespace 'Hrot' (are you missing an assembly reference?)
106>D:\Work\IOS-IG-SimHost-FDP-2\Hrot\Subsystems\Hrot.SimHost.Tests\AudioTargetDetectedEgressTranslatorTests.cs(5,12,5,19): error CS0234: The type or namespace name 'Network' does not exist in the namespace 'Hrot' (are you missing an assembly reference?)
106>D:\Work\IOS-IG-SimHost-FDP-2\Hrot\Subsystems\Hrot.SimHost.Tests\AudioTargetDetectedEgressTranslatorTests.cs(6,11,6,15): error CS0234: The type or namespace name 'Core' does not exist in the namespace 'Fdp' (are you missing an assembly reference?)
106>D:\Work\IOS-IG-SimHost-FDP-2\Hrot\Subsystems\Hrot.SimHost.Tests\AudioTargetDetectedEgressTranslatorTests.cs(7,11,7,18): error CS0234: The type or namespace name 'Toolkit' does not exist in the namespace 'Fdp' (are you missing an assembly reference?)
106>D:\Work\IOS-IG-SimHost-FDP-2\Hrot\Subsystems\Hrot.SimHost.Tests\AudioTargetDetectedEgressTranslatorTests.cs(8,11,8,18): error CS0234: The type or namespace name 'Toolkit' does not exist in the namespace 'Fdp' (are you missing an assembly reference?)
106>D:\Work\IOS-IG-SimHost-FDP-2\Hrot\Subsystems\Hrot.SimHost.Tests\BinaryInstallersTests.cs(5,12,5,15): error CS0234: The type or namespace name 'NED' does not exist in the namespace 'Hrot' (are you missing an assembly reference?)
106>D:\Work\IOS-IG-SimHost-FDP-2\Hrot\Subsystems\Hrot.SimHost.Tests\BinaryInstallersTests.cs(6,12,6,15): error CS0234: The type or namespace name 'NED' does not exist in the namespace 'Hrot' (are you missing an assembly reference?)
106>D:\Work\IOS-IG-SimHost-FDP-2\Hrot\Subsystems\Hrot.SimHost.Tests\BinaryInstallersTests.cs(7,20,7,30): error CS0234: The type or namespace name 'Installers' does not exist in the namespace 'Hrot.SimHost' (are you missing an assembly reference?)
106>D:\Work\IOS-IG-SimHost-FDP-2\Hrot\Subsystems\Hrot.SimHost.Tests\BinaryInstallersTests.cs(8,11,8,18): error CS0234: The type or namespace name 'Toolkit' does not exist in the namespace 'Fdp' (are you missing an assembly reference?)
106>D:\Work\IOS-IG-SimHost-FDP-2\Hrot\Subsystems\Hrot.SimHost.Tests\BinaryInstallersTests.cs(9,12,9,15): error CS0234: The type or namespace name 'Map' does not exist in the namespace 'Hrot' (are you missing an assembly reference?)
106>D:\Work\IOS-IG-SimHost-FDP-2\Hrot\Subsystems\Hrot.SimHost.Tests\BinaryInstallersTests.cs(10,11,10,15): error CS0234: The type or namespace name 'Core' does not exist in the namespace 'Fdp' (are you missing an assembly reference?)
106>D:\Work\IOS-IG-SimHost-FDP-2\Hrot\Subsystems\Hrot.SimHost.Tests\BinaryInstallersTests.cs(11,11,11,18): error CS0234: The type or namespace name 'Modules' does not exist in the namespace 'Fdp' (are you missing an assembly reference?)
106>D:\Work\IOS-IG-SimHost-FDP-2\Hrot\Subsystems\Hrot.SimHost.Tests\BinaryInterpreterTests.cs(3,12,3,15): error CS0234: The type or namespace name 'NED' does not exist in the namespace 'Hrot' (are you missing an assembly reference?)
106>D:\Work\IOS-IG-SimHost-FDP-2\Hrot\Subsystems\Hrot.SimHost.Tests\BinaryInterpreterTests.cs(4,11,4,18): error CS0234: The type or namespace name 'Toolkit' does not exist in the namespace 'Fdp' (are you missing an assembly reference?)
106>D:\Work\IOS-IG-SimHost-FDP-2\Hrot\Subsystems\Hrot.SimHost.Tests\CgfBehaviorSetupTests.cs(2,12,2,15): error CS0234: The type or namespace name 'CGF' does not exist in the namespace 'Hrot' (are you missing an assembly reference?)
106>D:\Work\IOS-IG-SimHost-FDP-2\Hrot\Subsystems\Hrot.SimHost.Tests\CgfBehaviorSetupTests.cs(3,12,3,24): error CS0234: The type or namespace name 'Presentation' does not exist in the namespace 'Hrot' (are you missing an assembly reference?)
106>D:\Work\IOS-IG-SimHost-FDP-2\Hrot\Subsystems\Hrot.SimHost.Tests\CgfEpisodeLoadHandlerTests.cs(7,11,7,15): error CS0234: The type or namespace name 'Core' does not exist in the namespace 'Fdp' (are you missing an assembly reference?)
106>D:\Work\IOS-IG-SimHost-FDP-2\Hrot\Subsystems\Hrot.SimHost.Tests\CgfEpisodeLoadHandlerTests.cs(8,11,8,18): error CS0234: The type or namespace name 'Toolkit' does not exist in the namespace 'Fdp' (are you missing an assembly reference?)
106>D:\Work\IOS-IG-SimHost-FDP-2\Hrot\Subsystems\Hrot.SimHost.Tests\CgfEpisodeLoadHandlerTests.cs(9,11,9,18): error CS0234: The type or namespace name 'Toolkit' does not exist in the namespace 'Fdp' (are you missing an assembly reference?)
106>D:\Work\IOS-IG-SimHost-FDP-2\Hrot\Subsystems\Hrot.SimHost.Tests\CgfEpisodeLoadHandlerTests.cs(10,11,10,18): error CS0234: The type or namespace name 'Toolkit' does not exist in the namespace 'Fdp' (are you missing an assembly reference?)
106>D:\Work\IOS-IG-SimHost-FDP-2\Hrot\Subsystems\Hrot.SimHost.Tests\CgfEpisodeLoadHandlerTests.cs(11,11,11,18): error CS0234: The type or namespace name 'Toolkit' does not exist in the namespace 'Fdp' (are you missing an assembly reference?)
106>D:\Work\IOS-IG-SimHost-FDP-2\Hrot\Subsystems\Hrot.SimHost.Tests\CgfEpisodeLoadHandlerTests.cs(12,11,12,18): error CS0234: The type or namespace name 'Toolkit' does not exist in the namespace 'Fdp' (are you missing an assembly reference?)
106>D:\Work\IOS-IG-SimHost-FDP-2\Hrot\Subsystems\Hrot.SimHost.Tests\CgfEpisodeLoadHandlerTests.cs(13,12,13,15): error CS0234: The type or namespace name 'CGF' does not exist in the namespace 'Hrot' (are you missing an assembly reference?)
106>D:\Work\IOS-IG-SimHost-FDP-2\Hrot\Subsystems\Hrot.SimHost.Tests\CgfEpisodeLoadHandlerTests.cs(14,12,14,15): error CS0234: The type or namespace name 'CGF' does not exist in the namespace 'Hrot' (are you missing an assembly reference?)
106>D:\Work\IOS-IG-SimHost-FDP-2\Hrot\Subsystems\Hrot.SimHost.Tests\CgfEpisodeLoadHandlerTests.cs(15,12,15,16): error CS0234: The type or namespace name 'Core' does not exist in the namespace 'Hrot' (are you missing an assembly reference?)
106>D:\Work\IOS-IG-SimHost-FDP-2\Hrot\Subsystems\Hrot.SimHost.Tests\CgfLogicPackTests.cs(2,7,2,15): error CS0246: The type or namespace name 'CarKinem' could not be found (are you missing a using directive or an assembly reference?)
106>D:\Work\IOS-IG-SimHost-FDP-2\Hrot\Subsystems\Hrot.SimHost.Tests\CgfLogicPackTests.cs(3,11,3,15): error CS0234: The type or namespace name 'Core' does not exist in the namespace 'Fdp' (are you missing an assembly reference?)
106>D:\Work\IOS-IG-SimHost-FDP-2\Hrot\Subsystems\Hrot.SimHost.Tests\CgfLogicPackTests.cs(4,11,4,21): error CS0234: The type or namespace name 'Interfaces' does not exist in the namespace 'Fdp' (are you missing an assembly reference?)
106>D:\Work\IOS-IG-SimHost-FDP-2\Hrot\Subsystems\Hrot.SimHost.Tests\CgfLogicPackTests.cs(5,22,5,34): error CS0234: The type or namespace name 'Abstractions' does not exist in the namespace 'Fdp.ModuleHost' (are you missing an assembly reference?)
106>D:\Work\IOS-IG-SimHost-FDP-2\Hrot\Subsystems\Hrot.SimHost.Tests\CgfLogicPackTests.cs(7,11,7,18): error CS0234: The type or namespace name 'Toolkit' does not exist in the namespace 'Fdp' (are you missing an assembly reference?)
106>D:\Work\IOS-IG-SimHost-FDP-2\Hrot\Subsystems\Hrot.SimHost.Tests\CgfLogicPackTests.cs(8,11,8,18): error CS0234: The type or namespace name 'Toolkit' does not exist in the namespace 'Fdp' (are you missing an assembly reference?)
106>D:\Work\IOS-IG-SimHost-FDP-2\Hrot\Subsystems\Hrot.SimHost.Tests\CgfLogicPackTests.cs(9,11,9,18): error CS0234: The type or namespace name 'Toolkit' does not exist in the namespace 'Fdp' (are you missing an assembly reference?)
106>D:\Work\IOS-IG-SimHost-FDP-2\Hrot\Subsystems\Hrot.SimHost.Tests\CgfLogicPackTests.cs(10,11,10,18): error CS0234: The type or namespace name 'Toolkit' does not exist in the namespace 'Fdp' (are you missing an assembly reference?)
106>D:\Work\IOS-IG-SimHost-FDP-2\Hrot\Subsystems\Hrot.SimHost.Tests\CgfLogicPackTests.cs(11,11,11,18): error CS0234: The type or namespace name 'Toolkit' does not exist in the namespace 'Fdp' (are you missing an assembly reference?)
106>D:\Work\IOS-IG-SimHost-FDP-2\Hrot\Subsystems\Hrot.SimHost.Tests\CgfLogicPackTests.cs(12,11,12,18): error CS0234: The type or namespace name 'Toolkit' does not exist in the namespace 'Fdp' (are you missing an assembly reference?)
106>D:\Work\IOS-IG-SimHost-FDP-2\Hrot\Subsystems\Hrot.SimHost.Tests\CgfLogicPackTests.cs(13,11,13,18): error CS0234: The type or namespace name 'Toolkit' does not exist in the namespace 'Fdp' (are you missing an assembly reference?)
106>D:\Work\IOS-IG-SimHost-FDP-2\Hrot\Subsystems\Hrot.SimHost.Tests\CgfLogicPackTests.cs(14,11,14,18): error CS0234: The type or namespace name 'Toolkit' does not exist in the namespace 'Fdp' (are you missing an assembly reference?)
106>D:\Work\IOS-IG-SimHost-FDP-2\Hrot\Subsystems\Hrot.SimHost.Tests\CgfLogicPackTests.cs(15,11,15,18): error CS0234: The type or namespace name 'Toolkit' does not exist in the namespace 'Fdp' (are you missing an assembly reference?)
106>D:\Work\IOS-IG-SimHost-FDP-2\Hrot\Subsystems\Hrot.SimHost.Tests\CgfLogicPackTests.cs(16,12,16,15): error CS0234: The type or namespace name 'CGF' does not exist in the namespace 'Hrot' (are you missing an assembly reference?)
106>D:\Work\IOS-IG-SimHost-FDP-2\Hrot\Subsystems\Hrot.SimHost.Tests\CgfLogicPackTests.cs(17,12,17,15): error CS0234: The type or namespace name 'CGF' does not exist in the namespace 'Hrot' (are you missing an assembly reference?)
106>D:\Work\IOS-IG-SimHost-FDP-2\Hrot\Subsystems\Hrot.SimHost.Tests\CgfLogicPackTests.cs(18,12,18,18): error CS0234: The type or namespace name 'Common' does not exist in the namespace 'Hrot' (are you missing an assembly reference?)
106>D:\Work\IOS-IG-SimHost-FDP-2\Hrot\Subsystems\Hrot.SimHost.Tests\CgfLogicPackTests.cs(19,12,19,16): error CS0234: The type or namespace name 'Core' does not exist in the namespace 'Hrot' (are you missing an assembly reference?)
106>D:\Work\IOS-IG-SimHost-FDP-2\Hrot\Subsystems\Hrot.SimHost.Tests\CgfScenarioLoadHandlerTests.cs(6,11,6,15): error CS0234: The type or namespace name 'Core' does not exist in the namespace 'Fdp' (are you missing an assembly reference?)
106>D:\Work\IOS-IG-SimHost-FDP-2\Hrot\Subsystems\Hrot.SimHost.Tests\CgfScenarioLoadHandlerTests.cs(7,11,7,18): error CS0234: The type or namespace name 'Toolkit' does not exist in the namespace 'Fdp' (are you missing an assembly reference?)
106>D:\Work\IOS-IG-SimHost-FDP-2\Hrot\Subsystems\Hrot.SimHost.Tests\CgfScenarioLoadHandlerTests.cs(8,11,8,18): error CS0234: The type or namespace name 'Toolkit' does not exist in the namespace 'Fdp' (are you missing an assembly reference?)
106>D:\Work\IOS-IG-SimHost-FDP-2\Hrot\Subsystems\Hrot.SimHost.Tests\CgfScenarioLoadHandlerTests.cs(9,11,9,18): error CS0234: The type or namespace name 'Toolkit' does not exist in the namespace 'Fdp' (are you missing an assembly reference?)
106>D:\Work\IOS-IG-SimHost-FDP-2\Hrot\Subsystems\Hrot.SimHost.Tests\CgfScenarioLoadHandlerTests.cs(10,11,10,18): error CS0234: The type or namespace name 'Toolkit' does not exist in the namespace 'Fdp' (are you missing an assembly reference?)
106>D:\Work\IOS-IG-SimHost-FDP-2\Hrot\Subsystems\Hrot.SimHost.Tests\CgfScenarioLoadHandlerTests.cs(11,12,11,15): error CS0234: The type or namespace name 'CGF' does not exist in the namespace 'Hrot' (are you missing an assembly reference?)
106>D:\Work\IOS-IG-SimHost-FDP-2\Hrot\Subsystems\Hrot.SimHost.Tests\CgfScenarioLoadHandlerTests.cs(12,12,12,15): error CS0234: The type or namespace name 'CGF' does not exist in the namespace 'Hrot' (are you missing an assembly reference?)
106>D:\Work\IOS-IG-SimHost-FDP-2\Hrot\Subsystems\Hrot.SimHost.Tests\CgfScenarioLoadHandlerTests.cs(13,12,13,18): error CS0234: The type or namespace name 'Common' does not exist in the namespace 'Hrot' (are you missing an assembly reference?)
106>D:\Work\IOS-IG-SimHost-FDP-2\Hrot\Subsystems\Hrot.SimHost.Tests\CgfScenarioLoadHandlerTests.cs(14,12,14,16): error CS0234: The type or namespace name 'Core' does not exist in the namespace 'Hrot' (are you missing an assembly reference?)
106>D:\Work\IOS-IG-SimHost-FDP-2\Hrot\Subsystems\Hrot.SimHost.Tests\CgfSubsystemHeadlessTests.cs(1,11,1,18): error CS0234: The type or namespace name 'Toolkit' does not exist in the namespace 'Fdp' (are you missing an assembly reference?)
106>D:\Work\IOS-IG-SimHost-FDP-2\Hrot\Subsystems\Hrot.SimHost.Tests\CgfSubsystemHeadlessTests.cs(2,12,2,15): error CS0234: The type or namespace name 'CGF' does not exist in the namespace 'Hrot' (are you missing an assembly reference?)
106>D:\Work\IOS-IG-SimHost-FDP-2\Hrot\Subsystems\Hrot.SimHost.Tests\CheckpointClusterOpHandlerTests.cs(4,11,4,15): error CS0234: The type or namespace name 'Core' does not exist in the namespace 'Fdp' (are you missing an assembly reference?)
106>D:\Work\IOS-IG-SimHost-FDP-2\Hrot\Subsystems\Hrot.SimHost.Tests\CheckpointClusterOpHandlerTests.cs(5,11,5,15): error CS0234: The type or namespace name 'Core' does not exist in the namespace 'Fdp' (are you missing an assembly reference?)
106>D:\Work\IOS-IG-SimHost-FDP-2\Hrot\Subsystems\Hrot.SimHost.Tests\CheckpointClusterOpHandlerTests.cs(6,11,6,18): error CS0234: The type or namespace name 'Toolkit' does not exist in the namespace 'Fdp' (are you missing an assembly reference?)
106>D:\Work\IOS-IG-SimHost-FDP-2\Hrot\Subsystems\Hrot.SimHost.Tests\CheckpointClusterOpHandlerTests.cs(7,11,7,18): error CS0234: The type or namespace name 'Toolkit' does not exist in the namespace 'Fdp' (are you missing an assembly reference?)
106>D:\Work\IOS-IG-SimHost-FDP-2\Hrot\Subsystems\Hrot.SimHost.Tests\ClusterSlaveHandlerTests.cs(9,29,9,36): error CS0234: The type or namespace name 'Toolkit' does not exist in the namespace 'Fdp' (are you missing an assembly reference?)
106>D:\Work\IOS-IG-SimHost-FDP-2\Hrot\Subsystems\Hrot.SimHost.Tests\ClusterSlaveHandlerTests.cs(8,27,8,30): error CS0234: The type or namespace name 'NED' does not exist in the namespace 'Hrot' (are you missing an assembly reference?)
106>D:\Work\IOS-IG-SimHost-FDP-2\Hrot\Subsystems\Hrot.SimHost.Tests\ClusterSlaveHandlerTests.cs(7,25,7,28): error CS0234: The type or namespace name 'NED' does not exist in the namespace 'Hrot' (are you missing an assembly reference?)
106>D:\Work\IOS-IG-SimHost-FDP-2\Hrot\Subsystems\Hrot.SimHost.Tests\ClusterSlaveHandlerTests.cs(3,12,3,15): error CS0234: The type or namespace name 'NED' does not exist in the namespace 'Hrot' (are you missing an assembly reference?)
106>D:\Work\IOS-IG-SimHost-FDP-2\Hrot\Subsystems\Hrot.SimHost.Tests\ClusterSlaveHandlerTests.cs(4,11,4,15): error CS0234: The type or namespace name 'Core' does not exist in the namespace 'Fdp' (are you missing an assembly reference?)
106>D:\Work\IOS-IG-SimHost-FDP-2\Hrot\Subsystems\Hrot.SimHost.Tests\ClusterSlaveHandlerTests.cs(5,11,5,18): error CS0234: The type or namespace name 'Toolkit' does not exist in the namespace 'Fdp' (are you missing an assembly reference?)
106>D:\Work\IOS-IG-SimHost-FDP-2\Hrot\Subsystems\Hrot.SimHost.Tests\CommanderNodesTests.cs(1,7,1,10): error CS0246: The type or namespace name 'Fbt' could not be found (are you missing a using directive or an assembly reference?)
106>D:\Work\IOS-IG-SimHost-FDP-2\Hrot\Subsystems\Hrot.SimHost.Tests\CommanderNodesTests.cs(2,11,2,15): error CS0234: The type or namespace name 'Core' does not exist in the namespace 'Fdp' (are you missing an assembly reference?)
106>D:\Work\IOS-IG-SimHost-FDP-2\Hrot\Subsystems\Hrot.SimHost.Tests\CommanderNodesTests.cs(3,11,3,18): error CS0234: The type or namespace name 'Toolkit' does not exist in the namespace 'Fdp' (are you missing an assembly reference?)
106>D:\Work\IOS-IG-SimHost-FDP-2\Hrot\Subsystems\Hrot.SimHost.Tests\CommanderNodesTests.cs(4,11,4,18): error CS0234: The type or namespace name 'Toolkit' does not exist in the namespace 'Fdp' (are you missing an assembly reference?)
106>D:\Work\IOS-IG-SimHost-FDP-2\Hrot\Subsystems\Hrot.SimHost.Tests\CommanderNodesTests.cs(5,12,5,14): error CS0234: The type or namespace name 'AI' does not exist in the namespace 'Hrot' (are you missing an assembly reference?)
106>D:\Work\IOS-IG-SimHost-FDP-2\Hrot\Subsystems\Hrot.SimHost.Tests\ComponentRegistryTests.cs(1,11,1,15): error CS0234: The type or namespace name 'Core' does not exist in the namespace 'Fdp' (are you missing an assembly reference?)
106>D:\Work\IOS-IG-SimHost-FDP-2\Hrot\Subsystems\Hrot.SimHost.Tests\ComponentRegistryTests.cs(2,11,2,15): error CS0234: The type or namespace name 'Core' does not exist in the namespace 'Fdp' (are you missing an assembly reference?)
106>D:\Work\IOS-IG-SimHost-FDP-2\Hrot\Subsystems\Hrot.SimHost.Tests\ComponentRegistryTests.cs(3,11,3,18): error CS0234: The type or namespace name 'Toolkit' does not exist in the namespace 'Fdp' (are you missing an assembly reference?)
106>D:\Work\IOS-IG-SimHost-FDP-2\Hrot\Subsystems\Hrot.SimHost.Tests\ComponentRegistryTests.cs(4,11,4,18): error CS0234: The type or namespace name 'Toolkit' does not exist in the namespace 'Fdp' (are you missing an assembly reference?)
106>D:\Work\IOS-IG-SimHost-FDP-2\Hrot\Subsystems\Hrot.SimHost.Tests\ComponentRegistryTests.cs(5,11,5,18): error CS0234: The type or namespace name 'Toolkit' does not exist in the namespace 'Fdp' (are you missing an assembly reference?)
106>D:\Work\IOS-IG-SimHost-FDP-2\Hrot\Subsystems\Hrot.SimHost.Tests\ComponentRegistryTests.cs(6,11,6,18): error CS0234: The type or namespace name 'Toolkit' does not exist in the namespace 'Fdp' (are you missing an assembly reference?)
106>D:\Work\IOS-IG-SimHost-FDP-2\Hrot\Subsystems\Hrot.SimHost.Tests\ComponentRegistryTests.cs(7,11,7,18): error CS0234: The type or namespace name 'Toolkit' does not exist in the namespace 'Fdp' (are you missing an assembly reference?)
106>D:\Work\IOS-IG-SimHost-FDP-2\Hrot\Subsystems\Hrot.SimHost.Tests\ComponentRegistryTests.cs(8,11,8,18): error CS0234: The type or namespace name 'Toolkit' does not exist in the namespace 'Fdp' (are you missing an assembly reference?)
106>D:\Work\IOS-IG-SimHost-FDP-2\Hrot\Subsystems\Hrot.SimHost.Tests\ComponentRegistryTests.cs(9,12,9,15): error CS0234: The type or namespace name 'Map' does not exist in the namespace 'Hrot' (are you missing an assembly reference?)
106>D:\Work\IOS-IG-SimHost-FDP-2\Hrot\Subsystems\Hrot.SimHost.Tests\ComponentRegistryTests.cs(11,7,11,15): error CS0246: The type or namespace name 'CarKinem' could not be found (are you missing a using directive or an assembly reference?)
106>D:\Work\IOS-IG-SimHost-FDP-2\Hrot\Subsystems\Hrot.SimHost.Tests\ComponentRegistryTests.cs(12,7,12,15): error CS0246: The type or namespace name 'CarKinem' could not be found (are you missing a using directive or an assembly reference?)
106>D:\Work\IOS-IG-SimHost-FDP-2\Hrot\Subsystems\Hrot.SimHost.Tests\CreateEntityRequestSystemTests.cs(5,12,5,15): error CS0234: The type or namespace name 'CGF' does not exist in the namespace 'Hrot' (are you missing an assembly reference?)
106>D:\Work\IOS-IG-SimHost-FDP-2\Hrot\Subsystems\Hrot.SimHost.Tests\CreateEntityRequestSystemTests.cs(6,12,6,16): error CS0234: The type or namespace name 'Core' does not exist in the namespace 'Hrot' (are you missing an assembly reference?)
106>D:\Work\IOS-IG-SimHost-FDP-2\Hrot\Subsystems\Hrot.SimHost.Tests\CreateEntityRequestSystemTests.cs(7,20,7,30): error CS0234: The type or namespace name 'Installers' does not exist in the namespace 'Hrot.SimHost' (are you missing an assembly reference?)
106>D:\Work\IOS-IG-SimHost-FDP-2\Hrot\Subsystems\Hrot.SimHost.Tests\CreateEntityRequestSystemTests.cs(8,11,8,21): error CS0234: The type or namespace name 'Interfaces' does not exist in the namespace 'Fdp' (are you missing an assembly reference?)
106>D:\Work\IOS-IG-SimHost-FDP-2\Hrot\Subsystems\Hrot.SimHost.Tests\CreateEntityRequestSystemTests.cs(9,11,9,15): error CS0234: The type or namespace name 'Core' does not exist in the namespace 'Fdp' (are you missing an assembly reference?)
106>D:\Work\IOS-IG-SimHost-FDP-2\Hrot\Subsystems\Hrot.SimHost.Tests\CreateEntityRequestSystemTests.cs(10,11,10,18): error CS0234: The type or namespace name 'Toolkit' does not exist in the namespace 'Fdp' (are you missing an assembly reference?)
106>D:\Work\IOS-IG-SimHost-FDP-2\Hrot\Subsystems\Hrot.SimHost.Tests\CreateEntityRequestSystemTests.cs(11,11,11,18): error CS0234: The type or namespace name 'Toolkit' does not exist in the namespace 'Fdp' (are you missing an assembly reference?)
106>D:\Work\IOS-IG-SimHost-FDP-2\Hrot\Subsystems\Hrot.SimHost.Tests\CreateEntityRequestSystemTests.cs(12,11,12,18): error CS0234: The type or namespace name 'Toolkit' does not exist in the namespace 'Fdp' (are you missing an assembly reference?)
106>D:\Work\IOS-IG-SimHost-FDP-2\Hrot\Subsystems\Hrot.SimHost.Tests\CreateEntityRequestSystemTests.cs(13,11,13,18): error CS0234: The type or namespace name 'Toolkit' does not exist in the namespace 'Fdp' (are you missing an assembly reference?)
106>D:\Work\IOS-IG-SimHost-FDP-2\Hrot\Subsystems\Hrot.SimHost.Tests\CreateEntityRequestSystemTests.cs(14,22,14,34): error CS0234: The type or namespace name 'Abstractions' does not exist in the namespace 'Fdp.ModuleHost' (are you missing an assembly reference?)
106>D:\Work\IOS-IG-SimHost-FDP-2\Hrot\Subsystems\Hrot.SimHost.Tests\CreateEntityRequestSystemTests.cs(15,11,15,18): error CS0234: The type or namespace name 'Toolkit' does not exist in the namespace 'Fdp' (are you missing an assembly reference?)
106>D:\Work\IOS-IG-SimHost-FDP-2\Hrot\Subsystems\Hrot.SimHost.Tests\CycloneNetworkCleanupSystemTests.cs(3,11,3,21): error CS0234: The type or namespace name 'Interfaces' does not exist in the namespace 'Fdp' (are you missing an assembly reference?)
106>D:\Work\IOS-IG-SimHost-FDP-2\Hrot\Subsystems\Hrot.SimHost.Tests\CycloneNetworkCleanupSystemTests.cs(4,11,4,15): error CS0234: The type or namespace name 'Core' does not exist in the namespace 'Fdp' (are you missing an assembly reference?)
106>D:\Work\IOS-IG-SimHost-FDP-2\Hrot\Subsystems\Hrot.SimHost.Tests\CycloneNetworkCleanupSystemTests.cs(5,11,5,18): error CS0234: The type or namespace name 'Toolkit' does not exist in the namespace 'Fdp' (are you missing an assembly reference?)
106>D:\Work\IOS-IG-SimHost-FDP-2\Hrot\Subsystems\Hrot.SimHost.Tests\CycloneNetworkCleanupSystemTests.cs(6,11,6,18): error CS0234: The type or namespace name 'Toolkit' does not exist in the namespace 'Fdp' (are you missing an assembly reference?)
106>D:\Work\IOS-IG-SimHost-FDP-2\Hrot\Subsystems\Hrot.SimHost.Tests\CycloneNetworkCleanupSystemTests.cs(7,22,7,34): error CS0234: The type or namespace name 'Abstractions' does not exist in the namespace 'Fdp.ModuleHost' (are you missing an assembly reference?)
106>D:\Work\IOS-IG-SimHost-FDP-2\Hrot\Subsystems\Hrot.SimHost.Tests\CycloneNetworkCleanupSystemTests.cs(8,11,8,18): error CS0234: The type or namespace name 'Network' does not exist in the namespace 'Fdp' (are you missing an assembly reference?)
106>D:\Work\IOS-IG-SimHost-FDP-2\Hrot\Subsystems\Hrot.SimHost.Tests\DamageAssessedEgressTranslatorTests.cs(3,12,3,15): error CS0234: The type or namespace name 'NED' does not exist in the namespace 'Hrot' (are you missing an assembly reference?)
106>D:\Work\IOS-IG-SimHost-FDP-2\Hrot\Subsystems\Hrot.SimHost.Tests\DamageAssessedEgressTranslatorTests.cs(4,12,4,15): error CS0234: The type or namespace name 'Map' does not exist in the namespace 'Hrot' (are you missing an assembly reference?)
106>D:\Work\IOS-IG-SimHost-FDP-2\Hrot\Subsystems\Hrot.SimHost.Tests\DamageAssessedEgressTranslatorTests.cs(5,12,5,19): error CS0234: The type or namespace name 'Network' does not exist in the namespace 'Hrot' (are you missing an assembly reference?)
106>D:\Work\IOS-IG-SimHost-FDP-2\Hrot\Subsystems\Hrot.SimHost.Tests\DamageAssessedEgressTranslatorTests.cs(6,11,6,15): error CS0234: The type or namespace name 'Core' does not exist in the namespace 'Fdp' (are you missing an assembly reference?)
106>D:\Work\IOS-IG-SimHost-FDP-2\Hrot\Subsystems\Hrot.SimHost.Tests\DamageAssessedEgressTranslatorTests.cs(7,11,7,18): error CS0234: The type or namespace name 'Toolkit' does not exist in the namespace 'Fdp' (are you missing an assembly reference?)
106>D:\Work\IOS-IG-SimHost-FDP-2\Hrot\Subsystems\Hrot.SimHost.Tests\DamageAssessedEgressTranslatorTests.cs(8,11,8,18): error CS0234: The type or namespace name 'Toolkit' does not exist in the namespace 'Fdp' (are you missing an assembly reference?)
106>D:\Work\IOS-IG-SimHost-FDP-2\Hrot\Subsystems\Hrot.SimHost.Tests\DefendAreaMapperTests.cs(1,11,1,15): error CS0234: The type or namespace name 'Core' does not exist in the namespace 'Fdp' (are you missing an assembly reference?)
106>D:\Work\IOS-IG-SimHost-FDP-2\Hrot\Subsystems\Hrot.SimHost.Tests\DefendAreaMapperTests.cs(2,11,2,18): error CS0234: The type or namespace name 'Toolkit' does not exist in the namespace 'Fdp' (are you missing an assembly reference?)
106>D:\Work\IOS-IG-SimHost-FDP-2\Hrot\Subsystems\Hrot.SimHost.Tests\DefendAreaMapperTests.cs(3,12,3,14): error CS0234: The type or namespace name 'AI' does not exist in the namespace 'Hrot' (are you missing an assembly reference?)
106>D:\Work\IOS-IG-SimHost-FDP-2\Hrot\Subsystems\Hrot.SimHost.Tests\DefendAreaMapperTests.cs(4,12,4,15): error CS0234: The type or namespace name 'Map' does not exist in the namespace 'Hrot' (are you missing an assembly reference?)
106>D:\Work\IOS-IG-SimHost-FDP-2\Hrot\Subsystems\Hrot.SimHost.Tests\DeleteEntityRequestSystemTests.cs(3,12,3,15): error CS0234: The type or namespace name 'CGF' does not exist in the namespace 'Hrot' (are you missing an assembly reference?)
106>D:\Work\IOS-IG-SimHost-FDP-2\Hrot\Subsystems\Hrot.SimHost.Tests\DeleteEntityRequestSystemTests.cs(4,12,4,16): error CS0234: The type or namespace name 'Core' does not exist in the namespace 'Hrot' (are you missing an assembly reference?)
106>D:\Work\IOS-IG-SimHost-FDP-2\Hrot\Subsystems\Hrot.SimHost.Tests\DeleteEntityRequestSystemTests.cs(5,11,5,21): error CS0234: The type or namespace name 'Interfaces' does not exist in the namespace 'Fdp' (are you missing an assembly reference?)
106>D:\Work\IOS-IG-SimHost-FDP-2\Hrot\Subsystems\Hrot.SimHost.Tests\DeleteEntityRequestSystemTests.cs(6,11,6,15): error CS0234: The type or namespace name 'Core' does not exist in the namespace 'Fdp' (are you missing an assembly reference?)
106>D:\Work\IOS-IG-SimHost-FDP-2\Hrot\Subsystems\Hrot.SimHost.Tests\DeleteEntityRequestSystemTests.cs(7,11,7,18): error CS0234: The type or namespace name 'Toolkit' does not exist in the namespace 'Fdp' (are you missing an assembly reference?)
106>D:\Work\IOS-IG-SimHost-FDP-2\Hrot\Subsystems\Hrot.SimHost.Tests\DeleteEntityRequestSystemTests.cs(8,11,8,18): error CS0234: The type or namespace name 'Toolkit' does not exist in the namespace 'Fdp' (are you missing an assembly reference?)
106>D:\Work\IOS-IG-SimHost-FDP-2\Hrot\Subsystems\Hrot.SimHost.Tests\DeleteEntityRequestSystemTests.cs(9,22,9,34): error CS0234: The type or namespace name 'Abstractions' does not exist in the namespace 'Fdp.ModuleHost' (are you missing an assembly reference?)
106>D:\Work\IOS-IG-SimHost-FDP-2\Hrot\Subsystems\Hrot.SimHost.Tests\DescriptorMapperTests.cs(4,12,4,15): error CS0234: The type or namespace name 'NED' does not exist in the namespace 'Hrot' (are you missing an assembly reference?)
106>D:\Work\IOS-IG-SimHost-FDP-2\Hrot\Subsystems\Hrot.SimHost.Tests\DescriptorMapperTests.cs(5,12,5,15): error CS0234: The type or namespace name 'NED' does not exist in the namespace 'Hrot' (are you missing an assembly reference?)
106>D:\Work\IOS-IG-SimHost-FDP-2\Hrot\Subsystems\Hrot.SimHost.Tests\DescriptorMapperTests.cs(6,12,6,15): error CS0234: The type or namespace name 'Map' does not exist in the namespace 'Hrot' (are you missing an assembly reference?)
106>D:\Work\IOS-IG-SimHost-FDP-2\Hrot\Subsystems\Hrot.SimHost.Tests\DescriptorMapperTests.cs(7,7,7,15): error CS0246: The type or namespace name 'CarKinem' could not be found (are you missing a using directive or an assembly reference?)
106>D:\Work\IOS-IG-SimHost-FDP-2\Hrot\Subsystems\Hrot.SimHost.Tests\DescriptorMapperTests.cs(8,11,8,15): error CS0234: The type or namespace name 'Core' does not exist in the namespace 'Fdp' (are you missing an assembly reference?)
106>D:\Work\IOS-IG-SimHost-FDP-2\Hrot\Subsystems\Hrot.SimHost.Tests\DescriptorMapperTests.cs(9,11,9,18): error CS0234: The type or namespace name 'Modules' does not exist in the namespace 'Fdp' (are you missing an assembly reference?)
106>D:\Work\IOS-IG-SimHost-FDP-2\Hrot\Subsystems\Hrot.SimHost.Tests\DescriptorMapperTests.cs(10,11,10,18): error CS0234: The type or namespace name 'Modules' does not exist in the namespace 'Fdp' (are you missing an assembly reference?)
106>D:\Work\IOS-IG-SimHost-FDP-2\Hrot\Subsystems\Hrot.SimHost.Tests\EcsRecordReplayControllerTests.cs(5,20,5,27): error CS0234: The type or namespace name 'Modules' does not exist in the namespace 'Hrot.SimHost' (are you missing an assembly reference?)
106>D:\Work\IOS-IG-SimHost-FDP-2\Hrot\Subsystems\Hrot.SimHost.Tests\EcsRecordReplayControllerTests.cs(6,11,6,15): error CS0234: The type or namespace name 'Core' does not exist in the namespace 'Fdp' (are you missing an assembly reference?)
106>D:\Work\IOS-IG-SimHost-FDP-2\Hrot\Subsystems\Hrot.SimHost.Tests\EcsRecordReplayControllerTests.cs(7,11,7,18): error CS0234: The type or namespace name 'Toolkit' does not exist in the namespace 'Fdp' (are you missing an assembly reference?)
106>D:\Work\IOS-IG-SimHost-FDP-2\Hrot\Subsystems\Hrot.SimHost.Tests\EditablePolylineTranslatorTests.cs(3,11,3,15): error CS0234: The type or namespace name 'Core' does not exist in the namespace 'Fdp' (are you missing an assembly reference?)
106>D:\Work\IOS-IG-SimHost-FDP-2\Hrot\Subsystems\Hrot.SimHost.Tests\EditablePolylineTranslatorTests.cs(4,22,4,34): error CS0234: The type or namespace name 'Abstractions' does not exist in the namespace 'Fdp.ModuleHost' (are you missing an assembly reference?)
106>D:\Work\IOS-IG-SimHost-FDP-2\Hrot\Subsystems\Hrot.SimHost.Tests\EditablePolylineTranslatorTests.cs(5,11,5,18): error CS0234: The type or namespace name 'Toolkit' does not exist in the namespace 'Fdp' (are you missing an assembly reference?)
106>D:\Work\IOS-IG-SimHost-FDP-2\Hrot\Subsystems\Hrot.SimHost.Tests\EditablePolylineTranslatorTests.cs(6,12,6,14): error CS0234: The type or namespace name 'IG' does not exist in the namespace 'Hrot' (are you missing an assembly reference?)
106>D:\Work\IOS-IG-SimHost-FDP-2\Hrot\Subsystems\Hrot.SimHost.Tests\EditablePolylineTranslatorTests.cs(7,20,7,31): error CS0234: The type or namespace name 'Serializers' does not exist in the namespace 'Hrot.SimHost' (are you missing an assembly reference?)
106>D:\Work\IOS-IG-SimHost-FDP-2\Hrot\Subsystems\Hrot.SimHost.Tests\EditLoadClusterOpHandlerTests.cs(13,27,13,30): error CS0234: The type or namespace name 'NED' does not exist in the namespace 'Hrot' (are you missing an assembly reference?)
106>D:\Work\IOS-IG-SimHost-FDP-2\Hrot\Subsystems\Hrot.SimHost.Tests\EditLoadClusterOpHandlerTests.cs(5,12,5,15): error CS0234: The type or namespace name 'NED' does not exist in the namespace 'Hrot' (are you missing an assembly reference?)
106>D:\Work\IOS-IG-SimHost-FDP-2\Hrot\Subsystems\Hrot.SimHost.Tests\EditLoadClusterOpHandlerTests.cs(6,12,6,18): error CS0234: The type or namespace name 'Common' does not exist in the namespace 'Hrot' (are you missing an assembly reference?)
106>D:\Work\IOS-IG-SimHost-FDP-2\Hrot\Subsystems\Hrot.SimHost.Tests\EditLoadClusterOpHandlerTests.cs(7,11,7,15): error CS0234: The type or namespace name 'Core' does not exist in the namespace 'Fdp' (are you missing an assembly reference?)
106>D:\Work\IOS-IG-SimHost-FDP-2\Hrot\Subsystems\Hrot.SimHost.Tests\EditLoadClusterOpHandlerTests.cs(8,11,8,18): error CS0234: The type or namespace name 'Toolkit' does not exist in the namespace 'Fdp' (are you missing an assembly reference?)
106>D:\Work\IOS-IG-SimHost-FDP-2\Hrot\Subsystems\Hrot.SimHost.Tests\EditLoadClusterOpHandlerTests.cs(9,11,9,18): error CS0234: The type or namespace name 'Toolkit' does not exist in the namespace 'Fdp' (are you missing an assembly reference?)
106>D:\Work\IOS-IG-SimHost-FDP-2\Hrot\Subsystems\Hrot.SimHost.Tests\EditLoadClusterOpHandlerTests.cs(10,12,10,18): error CS0234: The type or namespace name 'Common' does not exist in the namespace 'Hrot' (are you missing an assembly reference?)
106>D:\Work\IOS-IG-SimHost-FDP-2\Hrot\Subsystems\Hrot.SimHost.Tests\EditLoadClusterOpHandlerTests.cs(11,11,11,18): error CS0234: The type or namespace name 'Toolkit' does not exist in the namespace 'Fdp' (are you missing an assembly reference?)
106>D:\Work\IOS-IG-SimHost-FDP-2\Hrot\Subsystems\Hrot.SimHost.Tests\EntityDamageEgressTranslatorTests.cs(3,12,3,15): error CS0234: The type or namespace name 'NED' does not exist in the namespace 'Hrot' (are you missing an assembly reference?)
106>D:\Work\IOS-IG-SimHost-FDP-2\Hrot\Subsystems\Hrot.SimHost.Tests\EntityDamageEgressTranslatorTests.cs(4,12,4,15): error CS0234: The type or namespace name 'Map' does not exist in the namespace 'Hrot' (are you missing an assembly reference?)
106>D:\Work\IOS-IG-SimHost-FDP-2\Hrot\Subsystems\Hrot.SimHost.Tests\EntityDamageEgressTranslatorTests.cs(6,11,6,15): error CS0234: The type or namespace name 'Core' does not exist in the namespace 'Fdp' (are you missing an assembly reference?)
106>D:\Work\IOS-IG-SimHost-FDP-2\Hrot\Subsystems\Hrot.SimHost.Tests\EntityDamageEgressTranslatorTests.cs(7,11,7,18): error CS0234: The type or namespace name 'Toolkit' does not exist in the namespace 'Fdp' (are you missing an assembly reference?)
106>D:\Work\IOS-IG-SimHost-FDP-2\Hrot\Subsystems\Hrot.SimHost.Tests\EntityDamageEgressTranslatorTests.cs(8,11,8,18): error CS0234: The type or namespace name 'Toolkit' does not exist in the namespace 'Fdp' (are you missing an assembly reference?)
106>D:\Work\IOS-IG-SimHost-FDP-2\Hrot\Subsystems\Hrot.SimHost.Tests\EntityDamageEgressTranslatorTests.cs(9,11,9,18): error CS0234: The type or namespace name 'Toolkit' does not exist in the namespace 'Fdp' (are you missing an assembly reference?)
106>D:\Work\IOS-IG-SimHost-FDP-2\Hrot\Subsystems\Hrot.SimHost.Tests\EntityHitDamageIngressTranslatorTests.cs(2,12,2,15): error CS0234: The type or namespace name 'NED' does not exist in the namespace 'Hrot' (are you missing an assembly reference?)
106>D:\Work\IOS-IG-SimHost-FDP-2\Hrot\Subsystems\Hrot.SimHost.Tests\EntityHitDamageIngressTranslatorTests.cs(3,12,3,19): error CS0234: The type or namespace name 'Network' does not exist in the namespace 'Hrot' (are you missing an assembly reference?)
106>D:\Work\IOS-IG-SimHost-FDP-2\Hrot\Subsystems\Hrot.SimHost.Tests\EntityHitDamageIngressTranslatorTests.cs(4,11,4,15): error CS0234: The type or namespace name 'Core' does not exist in the namespace 'Fdp' (are you missing an assembly reference?)
106>D:\Work\IOS-IG-SimHost-FDP-2\Hrot\Subsystems\Hrot.SimHost.Tests\EntityHitDamageIngressTranslatorTests.cs(5,11,5,18): error CS0234: The type or namespace name 'Toolkit' does not exist in the namespace 'Fdp' (are you missing an assembly reference?)
106>D:\Work\IOS-IG-SimHost-FDP-2\Hrot\Subsystems\Hrot.SimHost.Tests\EntityHitDamageIngressTranslatorTests.cs(6,11,6,18): error CS0234: The type or namespace name 'Toolkit' does not exist in the namespace 'Fdp' (are you missing an assembly reference?)
106>D:\Work\IOS-IG-SimHost-FDP-2\Hrot\Subsystems\Hrot.SimHost.Tests\EntityHitDamageIngressTranslatorTests.cs(7,22,7,34): error CS0234: The type or namespace name 'Abstractions' does not exist in the namespace 'Fdp.ModuleHost' (are you missing an assembly reference?)
106>D:\Work\IOS-IG-SimHost-FDP-2\Hrot\Subsystems\Hrot.SimHost.Tests\EntityMasterEgressTranslatorTests.cs(2,12,2,15): error CS0234: The type or namespace name 'NED' does not exist in the namespace 'Hrot' (are you missing an assembly reference?)
106>D:\Work\IOS-IG-SimHost-FDP-2\Hrot\Subsystems\Hrot.SimHost.Tests\EntityMasterEgressTranslatorTests.cs(3,12,3,15): error CS0234: The type or namespace name 'Map' does not exist in the namespace 'Hrot' (are you missing an assembly reference?)
106>D:\Work\IOS-IG-SimHost-FDP-2\Hrot\Subsystems\Hrot.SimHost.Tests\EntityMasterEgressTranslatorTests.cs(5,11,5,15): error CS0234: The type or namespace name 'Core' does not exist in the namespace 'Fdp' (are you missing an assembly reference?)
106>D:\Work\IOS-IG-SimHost-FDP-2\Hrot\Subsystems\Hrot.SimHost.Tests\EntityMasterEgressTranslatorTests.cs(6,11,6,18): error CS0234: The type or namespace name 'Toolkit' does not exist in the namespace 'Fdp' (are you missing an assembly reference?)
106>D:\Work\IOS-IG-SimHost-FDP-2\Hrot\Subsystems\Hrot.SimHost.Tests\EntityMasterEgressTranslatorTests.cs(7,11,7,18): error CS0234: The type or namespace name 'Toolkit' does not exist in the namespace 'Fdp' (are you missing an assembly reference?)
106>D:\Work\IOS-IG-SimHost-FDP-2\Hrot\Subsystems\Hrot.SimHost.Tests\EntityMasterTranslatorRegistrationTests.cs(3,12,3,15): error CS0234: The type or namespace name 'Map' does not exist in the namespace 'Hrot' (are you missing an assembly reference?)
106>D:\Work\IOS-IG-SimHost-FDP-2\Hrot\Subsystems\Hrot.SimHost.Tests\EntityMasterTranslatorRegistrationTests.cs(4,11,4,21): error CS0234: The type or namespace name 'Interfaces' does not exist in the namespace 'Fdp' (are you missing an assembly reference?)
106>D:\Work\IOS-IG-SimHost-FDP-2\Hrot\Subsystems\Hrot.SimHost.Tests\EntityMissionTranslatorTests.cs(21,30,21,37): error CS0234: The type or namespace name 'Toolkit' does not exist in the namespace 'Fdp' (are you missing an assembly reference?)
106>D:\Work\IOS-IG-SimHost-FDP-2\Hrot\Subsystems\Hrot.SimHost.Tests\EntityMissionTranslatorTests.cs(19,32,19,35): error CS0234: The type or namespace name 'NED' does not exist in the namespace 'Hrot' (are you missing an assembly reference?)
106>D:\Work\IOS-IG-SimHost-FDP-2\Hrot\Subsystems\Hrot.SimHost.Tests\EntityMissionTranslatorTests.cs(3,12,3,15): error CS0234: The type or namespace name 'NED' does not exist in the namespace 'Hrot' (are you missing an assembly reference?)
106>D:\Work\IOS-IG-SimHost-FDP-2\Hrot\Subsystems\Hrot.SimHost.Tests\EntityMissionTranslatorTests.cs(4,20,4,27): error CS0234: The type or namespace name 'Modules' does not exist in the namespace 'Hrot.SimHost' (are you missing an assembly reference?)
106>D:\Work\IOS-IG-SimHost-FDP-2\Hrot\Subsystems\Hrot.SimHost.Tests\EntityMissionTranslatorTests.cs(5,12,5,15): error CS0234: The type or namespace name 'Map' does not exist in the namespace 'Hrot' (are you missing an assembly reference?)
106>D:\Work\IOS-IG-SimHost-FDP-2\Hrot\Subsystems\Hrot.SimHost.Tests\EntityMissionTranslatorTests.cs(6,12,6,15): error CS0234: The type or namespace name 'Map' does not exist in the namespace 'Hrot' (are you missing an assembly reference?)
106>D:\Work\IOS-IG-SimHost-FDP-2\Hrot\Subsystems\Hrot.SimHost.Tests\EntityMissionTranslatorTests.cs(8,11,8,15): error CS0234: The type or namespace name 'Core' does not exist in the namespace 'Fdp' (are you missing an assembly reference?)
106>D:\Work\IOS-IG-SimHost-FDP-2\Hrot\Subsystems\Hrot.SimHost.Tests\EntityMissionTranslatorTests.cs(9,11,9,18): error CS0234: The type or namespace name 'Toolkit' does not exist in the namespace 'Fdp' (are you missing an assembly reference?)
106>D:\Work\IOS-IG-SimHost-FDP-2\Hrot\Subsystems\Hrot.SimHost.Tests\EntityMissionTranslatorTests.cs(10,11,10,18): error CS0234: The type or namespace name 'Toolkit' does not exist in the namespace 'Fdp' (are you missing an assembly reference?)
106>D:\Work\IOS-IG-SimHost-FDP-2\Hrot\Subsystems\Hrot.SimHost.Tests\EntityMissionTranslatorTests.cs(11,11,11,18): error CS0234: The type or namespace name 'Toolkit' does not exist in the namespace 'Fdp' (are you missing an assembly reference?)
106>D:\Work\IOS-IG-SimHost-FDP-2\Hrot\Subsystems\Hrot.SimHost.Tests\EntityMissionTranslatorTests.cs(12,11,12,18): error CS0234: The type or namespace name 'Toolkit' does not exist in the namespace 'Fdp' (are you missing an assembly reference?)
106>D:\Work\IOS-IG-SimHost-FDP-2\Hrot\Subsystems\Hrot.SimHost.Tests\EntityMissionTranslatorTests.cs(13,11,13,18): error CS0234: The type or namespace name 'Toolkit' does not exist in the namespace 'Fdp' (are you missing an assembly reference?)
106>D:\Work\IOS-IG-SimHost-FDP-2\Hrot\Subsystems\Hrot.SimHost.Tests\EntityMissionTranslatorTests.cs(14,11,14,18): error CS0234: The type or namespace name 'Toolkit' does not exist in the namespace 'Fdp' (are you missing an assembly reference?)
106>D:\Work\IOS-IG-SimHost-FDP-2\Hrot\Subsystems\Hrot.SimHost.Tests\EntityMissionTranslatorTests.cs(15,11,15,18): error CS0234: The type or namespace name 'Toolkit' does not exist in the namespace 'Fdp' (are you missing an assembly reference?)
106>D:\Work\IOS-IG-SimHost-FDP-2\Hrot\Subsystems\Hrot.SimHost.Tests\EntityMissionTranslatorTests.cs(16,11,16,18): error CS0234: The type or namespace name 'Toolkit' does not exist in the namespace 'Fdp' (are you missing an assembly reference?)
106>D:\Work\IOS-IG-SimHost-FDP-2\Hrot\Subsystems\Hrot.SimHost.Tests\EntityMissionTranslatorTests.cs(17,22,17,34): error CS0234: The type or namespace name 'Abstractions' does not exist in the namespace 'Fdp.ModuleHost' (are you missing an assembly reference?)
106>D:\Work\IOS-IG-SimHost-FDP-2\Hrot\Subsystems\Hrot.SimHost.Tests\EntityMissionTranslatorTests.cs(18,11,18,18): error CS0234: The type or namespace name 'Network' does not exist in the namespace 'Fdp' (are you missing an assembly reference?)
106>D:\Work\IOS-IG-SimHost-FDP-2\Hrot\Subsystems\Hrot.SimHost.Tests\EpisodeLoadClusterOpHandlerTests.cs(5,11,5,15): error CS0234: The type or namespace name 'Core' does not exist in the namespace 'Fdp' (are you missing an assembly reference?)
106>D:\Work\IOS-IG-SimHost-FDP-2\Hrot\Subsystems\Hrot.SimHost.Tests\EpisodeLoadClusterOpHandlerTests.cs(6,11,6,18): error CS0234: The type or namespace name 'Toolkit' does not exist in the namespace 'Fdp' (are you missing an assembly reference?)
106>D:\Work\IOS-IG-SimHost-FDP-2\Hrot\Subsystems\Hrot.SimHost.Tests\EpisodeLoadClusterOpHandlerTests.cs(7,11,7,18): error CS0234: The type or namespace name 'Toolkit' does not exist in the namespace 'Fdp' (are you missing an assembly reference?)
106>D:\Work\IOS-IG-SimHost-FDP-2\Hrot\Subsystems\Hrot.SimHost.Tests\EpisodeLoadClusterOpHandlerTests.cs(8,12,8,18): error CS0234: The type or namespace name 'Common' does not exist in the namespace 'Hrot' (are you missing an assembly reference?)
106>D:\Work\IOS-IG-SimHost-FDP-2\Hrot\Subsystems\Hrot.SimHost.Tests\EpisodeLoadClusterOpHandlerTests.cs(9,11,9,18): error CS0234: The type or namespace name 'Toolkit' does not exist in the namespace 'Fdp' (are you missing an assembly reference?)
106>D:\Work\IOS-IG-SimHost-FDP-2\Hrot\Subsystems\Hrot.SimHost.Tests\EqsModuleTests.cs(5,7,5,15): error CS0246: The type or namespace name 'CarKinem' could not be found (are you missing a using directive or an assembly reference?)
106>D:\Work\IOS-IG-SimHost-FDP-2\Hrot\Subsystems\Hrot.SimHost.Tests\EqsModuleTests.cs(6,11,6,15): error CS0234: The type or namespace name 'Core' does not exist in the namespace 'Fdp' (are you missing an assembly reference?)
106>D:\Work\IOS-IG-SimHost-FDP-2\Hrot\Subsystems\Hrot.SimHost.Tests\EqsModuleTests.cs(7,11,7,15): error CS0234: The type or namespace name 'Core' does not exist in the namespace 'Fdp' (are you missing an assembly reference?)
106>D:\Work\IOS-IG-SimHost-FDP-2\Hrot\Subsystems\Hrot.SimHost.Tests\EqsModuleTests.cs(8,22,8,34): error CS0234: The type or namespace name 'Abstractions' does not exist in the namespace 'Fdp.ModuleHost' (are you missing an assembly reference?)
106>D:\Work\IOS-IG-SimHost-FDP-2\Hrot\Subsystems\Hrot.SimHost.Tests\EqsModuleTests.cs(9,22,9,31): error CS0234: The type or namespace name 'Providers' does not exist in the namespace 'Fdp.ModuleHost' (are you missing an assembly reference?)
106>D:\Work\IOS-IG-SimHost-FDP-2\Hrot\Subsystems\Hrot.SimHost.Tests\EqsModuleTests.cs(10,11,10,18): error CS0234: The type or namespace name 'Toolkit' does not exist in the namespace 'Fdp' (are you missing an assembly reference?)
106>D:\Work\IOS-IG-SimHost-FDP-2\Hrot\Subsystems\Hrot.SimHost.Tests\EqsModuleTests.cs(11,12,11,14): error CS0234: The type or namespace name 'IG' does not exist in the namespace 'Hrot' (are you missing an assembly reference?)
106>D:\Work\IOS-IG-SimHost-FDP-2\Hrot\Subsystems\Hrot.SimHost.Tests\EqsModuleTests.cs(12,20,12,27): error CS0234: The type or namespace name 'Modules' does not exist in the namespace 'Hrot.SimHost' (are you missing an assembly reference?)
106>D:\Work\IOS-IG-SimHost-FDP-2\Hrot\Subsystems\Hrot.SimHost.Tests\EqsModuleTests.cs(13,20,13,27): error CS0234: The type or namespace name 'Systems' does not exist in the namespace 'Hrot.SimHost' (are you missing an assembly reference?)
106>D:\Work\IOS-IG-SimHost-FDP-2\Hrot\Subsystems\Hrot.SimHost.Tests\EventRegistrationTests.cs(1,11,1,15): error CS0234: The type or namespace name 'Core' does not exist in the namespace 'Fdp' (are you missing an assembly reference?)
106>D:\Work\IOS-IG-SimHost-FDP-2\Hrot\Subsystems\Hrot.SimHost.Tests\EventRegistrationTests.cs(2,11,2,18): error CS0234: The type or namespace name 'Toolkit' does not exist in the namespace 'Fdp' (are you missing an assembly reference?)
106>D:\Work\IOS-IG-SimHost-FDP-2\Hrot\Subsystems\Hrot.SimHost.Tests\EventRegistrationTests.cs(3,11,3,18): error CS0234: The type or namespace name 'Toolkit' does not exist in the namespace 'Fdp' (are you missing an assembly reference?)
106>D:\Work\IOS-IG-SimHost-FDP-2\Hrot\Subsystems\Hrot.SimHost.Tests\EventRegistrationTests.cs(4,12,4,15): error CS0234: The type or namespace name 'Map' does not exist in the namespace 'Hrot' (are you missing an assembly reference?)
106>D:\Work\IOS-IG-SimHost-FDP-2\Hrot\Subsystems\Hrot.SimHost.Tests\FireInteractionEventTranslatorTests.cs(8,38,8,41): error CS0234: The type or namespace name 'NED' does not exist in the namespace 'Hrot' (are you missing an assembly reference?)
106>D:\Work\IOS-IG-SimHost-FDP-2\Hrot\Subsystems\Hrot.SimHost.Tests\FireInteractionEventTranslatorTests.cs(9,38,9,41): error CS0234: The type or namespace name 'Map' does not exist in the namespace 'Hrot' (are you missing an assembly reference?)
106>D:\Work\IOS-IG-SimHost-FDP-2\Hrot\Subsystems\Hrot.SimHost.Tests\FireInteractionEventTranslatorTests.cs(2,12,2,15): error CS0234: The type or namespace name 'NED' does not exist in the namespace 'Hrot' (are you missing an assembly reference?)
106>D:\Work\IOS-IG-SimHost-FDP-2\Hrot\Subsystems\Hrot.SimHost.Tests\FireInteractionEventTranslatorTests.cs(3,12,3,15): error CS0234: The type or namespace name 'Map' does not exist in the namespace 'Hrot' (are you missing an assembly reference?)
106>D:\Work\IOS-IG-SimHost-FDP-2\Hrot\Subsystems\Hrot.SimHost.Tests\FireInteractionEventTranslatorTests.cs(5,11,5,15): error CS0234: The type or namespace name 'Core' does not exist in the namespace 'Fdp' (are you missing an assembly reference?)
106>D:\Work\IOS-IG-SimHost-FDP-2\Hrot\Subsystems\Hrot.SimHost.Tests\FireInteractionEventTranslatorTests.cs(6,11,6,18): error CS0234: The type or namespace name 'Toolkit' does not exist in the namespace 'Fdp' (are you missing an assembly reference?)
106>D:\Work\IOS-IG-SimHost-FDP-2\Hrot\Subsystems\Hrot.SimHost.Tests\FullBranchPipelineTests.cs(7,20,7,27): error CS0234: The type or namespace name 'Modules' does not exist in the namespace 'Hrot.SimHost' (are you missing an assembly reference?)
106>D:\Work\IOS-IG-SimHost-FDP-2\Hrot\Subsystems\Hrot.SimHost.Tests\FullBranchPipelineTests.cs(8,11,8,15): error CS0234: The type or namespace name 'Core' does not exist in the namespace 'Fdp' (are you missing an assembly reference?)
106>D:\Work\IOS-IG-SimHost-FDP-2\Hrot\Subsystems\Hrot.SimHost.Tests\FullBranchPipelineTests.cs(9,11,9,15): error CS0234: The type or namespace name 'Core' does not exist in the namespace 'Fdp' (are you missing an assembly reference?)
106>D:\Work\IOS-IG-SimHost-FDP-2\Hrot\Subsystems\Hrot.SimHost.Tests\FullBranchPipelineTests.cs(10,11,10,18): error CS0234: The type or namespace name 'Toolkit' does not exist in the namespace 'Fdp' (are you missing an assembly reference?)
106>D:\Work\IOS-IG-SimHost-FDP-2\Hrot\Subsystems\Hrot.SimHost.Tests\FullBranchPipelineTests.cs(11,11,11,18): error CS0234: The type or namespace name 'Toolkit' does not exist in the namespace 'Fdp' (are you missing an assembly reference?)
106>D:\Work\IOS-IG-SimHost-FDP-2\Hrot\Subsystems\Hrot.SimHost.Tests\FullBranchPipelineTests.cs(12,11,12,18): error CS0234: The type or namespace name 'Toolkit' does not exist in the namespace 'Fdp' (are you missing an assembly reference?)
106>D:\Work\IOS-IG-SimHost-FDP-2\Hrot\Subsystems\Hrot.SimHost.Tests\FullBranchPipelineTests.cs(13,11,13,18): error CS0234: The type or namespace name 'Toolkit' does not exist in the namespace 'Fdp' (are you missing an assembly reference?)
106>D:\Work\IOS-IG-SimHost-FDP-2\Hrot\Subsystems\Hrot.SimHost.Tests\FullBranchPipelineTests.cs(15,22,15,32): error CS0234: The type or namespace name 'Scheduling' does not exist in the namespace 'Fdp.ModuleHost' (are you missing an assembly reference?)
106>D:\Work\IOS-IG-SimHost-FDP-2\Hrot\Subsystems\Hrot.SimHost.Tests\GenesisIntentComponentsTests.cs(3,11,3,15): error CS0234: The type or namespace name 'Core' does not exist in the namespace 'Fdp' (are you missing an assembly reference?)
106>D:\Work\IOS-IG-SimHost-FDP-2\Hrot\Subsystems\Hrot.SimHost.Tests\GenesisIntentComponentsTests.cs(4,12,4,18): error CS0234: The type or namespace name 'Common' does not exist in the namespace 'Hrot' (are you missing an assembly reference?)
106>D:\Work\IOS-IG-SimHost-FDP-2\Hrot\Subsystems\Hrot.SimHost.Tests\GenesisIntentComponentsTests.cs(5,12,5,15): error CS0234: The type or namespace name 'Map' does not exist in the namespace 'Hrot' (are you missing an assembly reference?)
106>D:\Work\IOS-IG-SimHost-FDP-2\Hrot\Subsystems\Hrot.SimHost.Tests\GeoSpatialEgressTranslatorTests.cs(4,12,4,15): error CS0234: The type or namespace name 'NED' does not exist in the namespace 'Hrot' (are you missing an assembly reference?)
106>D:\Work\IOS-IG-SimHost-FDP-2\Hrot\Subsystems\Hrot.SimHost.Tests\GeoSpatialEgressTranslatorTests.cs(5,12,5,15): error CS0234: The type or namespace name 'Map' does not exist in the namespace 'Hrot' (are you missing an assembly reference?)
106>D:\Work\IOS-IG-SimHost-FDP-2\Hrot\Subsystems\Hrot.SimHost.Tests\GeoSpatialEgressTranslatorTests.cs(6,12,6,15): error CS0234: The type or namespace name 'Map' does not exist in the namespace 'Hrot' (are you missing an assembly reference?)
106>D:\Work\IOS-IG-SimHost-FDP-2\Hrot\Subsystems\Hrot.SimHost.Tests\GeoSpatialEgressTranslatorTests.cs(8,11,8,18): error CS0234: The type or namespace name 'Modules' does not exist in the namespace 'Fdp' (are you missing an assembly reference?)
106>D:\Work\IOS-IG-SimHost-FDP-2\Hrot\Subsystems\Hrot.SimHost.Tests\GeoSpatialEgressTranslatorTests.cs(9,11,9,18): error CS0234: The type or namespace name 'Toolkit' does not exist in the namespace 'Fdp' (are you missing an assembly reference?)
106>D:\Work\IOS-IG-SimHost-FDP-2\Hrot\Subsystems\Hrot.SimHost.Tests\Gizmos\ContextActionRotateHandlerTests.cs(2,11,2,15): error CS0234: The type or namespace name 'Core' does not exist in the namespace 'Fdp' (are you missing an assembly reference?)
106>D:\Work\IOS-IG-SimHost-FDP-2\Hrot\Subsystems\Hrot.SimHost.Tests\Gizmos\ContextActionRotateHandlerTests.cs(3,11,3,18): error CS0234: The type or namespace name 'Toolkit' does not exist in the namespace 'Fdp' (are you missing an assembly reference?)
106>D:\Work\IOS-IG-SimHost-FDP-2\Hrot\Subsystems\Hrot.SimHost.Tests\Gizmos\ContextActionRotateHandlerTests.cs(4,12,4,18): error CS0234: The type or namespace name 'Common' does not exist in the namespace 'Hrot' (are you missing an assembly reference?)
106>D:\Work\IOS-IG-SimHost-FDP-2\Hrot\Subsystems\Hrot.SimHost.Tests\Gizmos\ContextActionRotateHandlerTests.cs(5,12,5,18): error CS0234: The type or namespace name 'Common' does not exist in the namespace 'Hrot' (are you missing an assembly reference?)
106>D:\Work\IOS-IG-SimHost-FDP-2\Hrot\Subsystems\Hrot.SimHost.Tests\Gizmos\ContextActionRotateHandlerTests.cs(6,12,6,18): error CS0234: The type or namespace name 'Common' does not exist in the namespace 'Hrot' (are you missing an assembly reference?)
106>D:\Work\IOS-IG-SimHost-FDP-2\Hrot\Subsystems\Hrot.SimHost.Tests\Gizmos\EntityRotatorGizmoActivationTests.cs(2,11,2,15): error CS0234: The type or namespace name 'Core' does not exist in the namespace 'Fdp' (are you missing an assembly reference?)
106>D:\Work\IOS-IG-SimHost-FDP-2\Hrot\Subsystems\Hrot.SimHost.Tests\Gizmos\EntityRotatorGizmoActivationTests.cs(3,12,3,18): error CS0234: The type or namespace name 'Common' does not exist in the namespace 'Hrot' (are you missing an assembly reference?)
106>D:\Work\IOS-IG-SimHost-FDP-2\Hrot\Subsystems\Hrot.SimHost.Tests\Gizmos\EntityRotatorGizmoActivationTests.cs(4,12,4,18): error CS0234: The type or namespace name 'Common' does not exist in the namespace 'Hrot' (are you missing an assembly reference?)
106>D:\Work\IOS-IG-SimHost-FDP-2\Hrot\Subsystems\Hrot.SimHost.Tests\Gizmos\EntityRotatorGizmoActivationTests.cs(5,12,5,18): error CS0234: The type or namespace name 'Common' does not exist in the namespace 'Hrot' (are you missing an assembly reference?)
106>D:\Work\IOS-IG-SimHost-FDP-2\Hrot\Subsystems\Hrot.SimHost.Tests\Gizmos\EntityRotatorGizmoActivationTests.cs(6,12,6,18): error CS0234: The type or namespace name 'Common' does not exist in the namespace 'Hrot' (are you missing an assembly reference?)
106>D:\Work\IOS-IG-SimHost-FDP-2\Hrot\Subsystems\Hrot.SimHost.Tests\Gizmos\LayerControlGizmoTests.cs(2,11,2,15): error CS0234: The type or namespace name 'Core' does not exist in the namespace 'Fdp' (are you missing an assembly reference?)
106>D:\Work\IOS-IG-SimHost-FDP-2\Hrot\Subsystems\Hrot.SimHost.Tests\Gizmos\LayerControlGizmoTests.cs(3,22,3,34): error CS0234: The type or namespace name 'Abstractions' does not exist in the namespace 'Fdp.ModuleHost' (are you missing an assembly reference?)
106>D:\Work\IOS-IG-SimHost-FDP-2\Hrot\Subsystems\Hrot.SimHost.Tests\Gizmos\LayerControlGizmoTests.cs(4,11,4,18): error CS0234: The type or namespace name 'Toolkit' does not exist in the namespace 'Fdp' (are you missing an assembly reference?)
106>D:\Work\IOS-IG-SimHost-FDP-2\Hrot\Subsystems\Hrot.SimHost.Tests\Gizmos\LayerControlGizmoTests.cs(5,11,5,18): error CS0234: The type or namespace name 'Toolkit' does not exist in the namespace 'Fdp' (are you missing an assembly reference?)
106>D:\Work\IOS-IG-SimHost-FDP-2\Hrot\Subsystems\Hrot.SimHost.Tests\Gizmos\LayerControlGizmoTests.cs(6,7,6,15): error CS0246: The type or namespace name 'GizmoMap' could not be found (are you missing a using directive or an assembly reference?)
106>D:\Work\IOS-IG-SimHost-FDP-2\Hrot\Subsystems\Hrot.SimHost.Tests\Gizmos\LayerControlGizmoTests.cs(7,12,7,18): error CS0234: The type or namespace name 'Common' does not exist in the namespace 'Hrot' (are you missing an assembly reference?)
106>D:\Work\IOS-IG-SimHost-FDP-2\Hrot\Subsystems\Hrot.SimHost.Tests\Gizmos\LayerControlGizmoTests.cs(9,7,9,17): error CS0246: The type or namespace name 'StructEdit' could not be found (are you missing a using directive or an assembly reference?)
106>D:\Work\IOS-IG-SimHost-FDP-2\Hrot\Subsystems\Hrot.SimHost.Tests\Gizmos\LayerControlGizmoTests.cs(10,7,10,17): error CS0246: The type or namespace name 'StructEdit' could not be found (are you missing a using directive or an assembly reference?)
106>D:\Work\IOS-IG-SimHost-FDP-2\Hrot\Subsystems\Hrot.SimHost.Tests\Gizmos\SimHostEntityPresentationGizmoTests.cs(4,7,4,15): error CS0246: The type or namespace name 'CarKinem' could not be found (are you missing a using directive or an assembly reference?)
106>D:\Work\IOS-IG-SimHost-FDP-2\Hrot\Subsystems\Hrot.SimHost.Tests\Gizmos\SimHostEntityPresentationGizmoTests.cs(5,11,5,15): error CS0234: The type or namespace name 'Core' does not exist in the namespace 'Fdp' (are you missing an assembly reference?)
106>D:\Work\IOS-IG-SimHost-FDP-2\Hrot\Subsystems\Hrot.SimHost.Tests\Gizmos\SimHostEntityPresentationGizmoTests.cs(6,11,6,18): error CS0234: The type or namespace name 'Toolkit' does not exist in the namespace 'Fdp' (are you missing an assembly reference?)
106>D:\Work\IOS-IG-SimHost-FDP-2\Hrot\Subsystems\Hrot.SimHost.Tests\Gizmos\SimHostEntityPresentationGizmoTests.cs(7,11,7,18): error CS0234: The type or namespace name 'Toolkit' does not exist in the namespace 'Fdp' (are you missing an assembly reference?)
106>D:\Work\IOS-IG-SimHost-FDP-2\Hrot\Subsystems\Hrot.SimHost.Tests\Gizmos\SimHostEntityPresentationGizmoTests.cs(8,20,8,26): error CS0234: The type or namespace name 'Gizmos' does not exist in the namespace 'Hrot.SimHost' (are you missing an assembly reference?)
106>D:\Work\IOS-IG-SimHost-FDP-2\Hrot\Subsystems\Hrot.SimHost.Tests\GlobalUsings.cs(4,30,4,36): error CS0234: The type or namespace name 'Common' does not exist in the namespace 'Hrot' (are you missing an assembly reference?)
106>D:\Work\IOS-IG-SimHost-FDP-2\Hrot\Subsystems\Hrot.SimHost.Tests\HillAttackDtosTests.cs(2,12,2,14): error CS0234: The type or namespace name 'AI' does not exist in the namespace 'Hrot' (are you missing an assembly reference?)
106>D:\Work\IOS-IG-SimHost-FDP-2\Hrot\Subsystems\Hrot.SimHost.Tests\HillAttackIntegrationTests.cs(7,7,7,15): error CS0246: The type or namespace name 'CarKinem' could not be found (are you missing a using directive or an assembly reference?)
106>D:\Work\IOS-IG-SimHost-FDP-2\Hrot\Subsystems\Hrot.SimHost.Tests\HillAttackIntegrationTests.cs(8,11,8,15): error CS0234: The type or namespace name 'Core' does not exist in the namespace 'Fdp' (are you missing an assembly reference?)
106>D:\Work\IOS-IG-SimHost-FDP-2\Hrot\Subsystems\Hrot.SimHost.Tests\HillAttackIntegrationTests.cs(9,11,9,15): error CS0234: The type or namespace name 'Core' does not exist in the namespace 'Fdp' (are you missing an assembly reference?)
106>D:\Work\IOS-IG-SimHost-FDP-2\Hrot\Subsystems\Hrot.SimHost.Tests\HillAttackIntegrationTests.cs(10,11,10,15): error CS0234: The type or namespace name 'Core' does not exist in the namespace 'Fdp' (are you missing an assembly reference?)
106>D:\Work\IOS-IG-SimHost-FDP-2\Hrot\Subsystems\Hrot.SimHost.Tests\HillAttackIntegrationTests.cs(11,22,11,34): error CS0234: The type or namespace name 'Abstractions' does not exist in the namespace 'Fdp.ModuleHost' (are you missing an assembly reference?)
106>D:\Work\IOS-IG-SimHost-FDP-2\Hrot\Subsystems\Hrot.SimHost.Tests\HillAttackIntegrationTests.cs(12,7,12,10): error CS0246: The type or namespace name 'Fbt' could not be found (are you missing a using directive or an assembly reference?)
106>D:\Work\IOS-IG-SimHost-FDP-2\Hrot\Subsystems\Hrot.SimHost.Tests\HillAttackIntegrationTests.cs(13,11,13,18): error CS0234: The type or namespace name 'Toolkit' does not exist in the namespace 'Fdp' (are you missing an assembly reference?)
106>D:\Work\IOS-IG-SimHost-FDP-2\Hrot\Subsystems\Hrot.SimHost.Tests\HillAttackIntegrationTests.cs(14,11,14,18): error CS0234: The type or namespace name 'Toolkit' does not exist in the namespace 'Fdp' (are you missing an assembly reference?)
106>D:\Work\IOS-IG-SimHost-FDP-2\Hrot\Subsystems\Hrot.SimHost.Tests\HillAttackIntegrationTests.cs(15,11,15,18): error CS0234: The type or namespace name 'Toolkit' does not exist in the namespace 'Fdp' (are you missing an assembly reference?)
106>D:\Work\IOS-IG-SimHost-FDP-2\Hrot\Subsystems\Hrot.SimHost.Tests\HillAttackIntegrationTests.cs(16,11,16,18): error CS0234: The type or namespace name 'Toolkit' does not exist in the namespace 'Fdp' (are you missing an assembly reference?)
106>D:\Work\IOS-IG-SimHost-FDP-2\Hrot\Subsystems\Hrot.SimHost.Tests\HillAttackIntegrationTests.cs(17,11,17,18): error CS0234: The type or namespace name 'Toolkit' does not exist in the namespace 'Fdp' (are you missing an assembly reference?)
106>D:\Work\IOS-IG-SimHost-FDP-2\Hrot\Subsystems\Hrot.SimHost.Tests\HillAttackIntegrationTests.cs(18,11,18,18): error CS0234: The type or namespace name 'Toolkit' does not exist in the namespace 'Fdp' (are you missing an assembly reference?)
106>D:\Work\IOS-IG-SimHost-FDP-2\Hrot\Subsystems\Hrot.SimHost.Tests\HillAttackIntegrationTests.cs(19,11,19,18): error CS0234: The type or namespace name 'Toolkit' does not exist in the namespace 'Fdp' (are you missing an assembly reference?)
106>D:\Work\IOS-IG-SimHost-FDP-2\Hrot\Subsystems\Hrot.SimHost.Tests\HillAttackIntegrationTests.cs(20,11,20,18): error CS0234: The type or namespace name 'Toolkit' does not exist in the namespace 'Fdp' (are you missing an assembly reference?)
106>D:\Work\IOS-IG-SimHost-FDP-2\Hrot\Subsystems\Hrot.SimHost.Tests\HillAttackIntegrationTests.cs(21,11,21,18): error CS0234: The type or namespace name 'Toolkit' does not exist in the namespace 'Fdp' (are you missing an assembly reference?)
106>D:\Work\IOS-IG-SimHost-FDP-2\Hrot\Subsystems\Hrot.SimHost.Tests\HillAttackIntegrationTests.cs(22,11,22,18): error CS0234: The type or namespace name 'Toolkit' does not exist in the namespace 'Fdp' (are you missing an assembly reference?)
106>D:\Work\IOS-IG-SimHost-FDP-2\Hrot\Subsystems\Hrot.SimHost.Tests\HillAttackIntegrationTests.cs(23,12,23,14): error CS0234: The type or namespace name 'AI' does not exist in the namespace 'Hrot' (are you missing an assembly reference?)
106>D:\Work\IOS-IG-SimHost-FDP-2\Hrot\Subsystems\Hrot.SimHost.Tests\HillAttackIntegrationTests.cs(24,12,24,14): error CS0234: The type or namespace name 'AI' does not exist in the namespace 'Hrot' (are you missing an assembly reference?)
106>D:\Work\IOS-IG-SimHost-FDP-2\Hrot\Subsystems\Hrot.SimHost.Tests\HillAttackIntegrationTests.cs(25,12,25,14): error CS0234: The type or namespace name 'AI' does not exist in the namespace 'Hrot' (are you missing an assembly reference?)
106>D:\Work\IOS-IG-SimHost-FDP-2\Hrot\Subsystems\Hrot.SimHost.Tests\HillAttackIntegrationTests.cs(26,12,26,15): error CS0234: The type or namespace name 'CGF' does not exist in the namespace 'Hrot' (are you missing an assembly reference?)
106>D:\Work\IOS-IG-SimHost-FDP-2\Hrot\Subsystems\Hrot.SimHost.Tests\HillAttackIntegrationTests.cs(27,12,27,14): error CS0234: The type or namespace name 'IG' does not exist in the namespace 'Hrot' (are you missing an assembly reference?)
106>D:\Work\IOS-IG-SimHost-FDP-2\Hrot\Subsystems\Hrot.SimHost.Tests\HillAttackIntegrationTests.cs(28,12,28,15): error CS0234: The type or namespace name 'Map' does not exist in the namespace 'Hrot' (are you missing an assembly reference?)
106>D:\Work\IOS-IG-SimHost-FDP-2\Hrot\Subsystems\Hrot.SimHost.Tests\HillAttackIntegrationTests.cs(30,20,30,27): error CS0234: The type or namespace name 'Systems' does not exist in the namespace 'Hrot.SimHost' (are you missing an assembly reference?)
106>D:\Work\IOS-IG-SimHost-FDP-2\Hrot\Subsystems\Hrot.SimHost.Tests\HillAttackNodeTests.cs(5,7,5,10): error CS0246: The type or namespace name 'Fbt' could not be found (are you missing a using directive or an assembly reference?)
106>D:\Work\IOS-IG-SimHost-FDP-2\Hrot\Subsystems\Hrot.SimHost.Tests\HillAttackNodeTests.cs(6,11,6,15): error CS0234: The type or namespace name 'Core' does not exist in the namespace 'Fdp' (are you missing an assembly reference?)
106>D:\Work\IOS-IG-SimHost-FDP-2\Hrot\Subsystems\Hrot.SimHost.Tests\HillAttackNodeTests.cs(7,11,7,15): error CS0234: The type or namespace name 'Core' does not exist in the namespace 'Fdp' (are you missing an assembly reference?)
106>D:\Work\IOS-IG-SimHost-FDP-2\Hrot\Subsystems\Hrot.SimHost.Tests\HillAttackNodeTests.cs(8,11,8,18): error CS0234: The type or namespace name 'Toolkit' does not exist in the namespace 'Fdp' (are you missing an assembly reference?)
106>D:\Work\IOS-IG-SimHost-FDP-2\Hrot\Subsystems\Hrot.SimHost.Tests\HillAttackNodeTests.cs(9,11,9,18): error CS0234: The type or namespace name 'Toolkit' does not exist in the namespace 'Fdp' (are you missing an assembly reference?)
106>D:\Work\IOS-IG-SimHost-FDP-2\Hrot\Subsystems\Hrot.SimHost.Tests\HillAttackNodeTests.cs(10,11,10,18): error CS0234: The type or namespace name 'Toolkit' does not exist in the namespace 'Fdp' (are you missing an assembly reference?)
106>D:\Work\IOS-IG-SimHost-FDP-2\Hrot\Subsystems\Hrot.SimHost.Tests\HillAttackNodeTests.cs(11,11,11,18): error CS0234: The type or namespace name 'Toolkit' does not exist in the namespace 'Fdp' (are you missing an assembly reference?)
106>D:\Work\IOS-IG-SimHost-FDP-2\Hrot\Subsystems\Hrot.SimHost.Tests\HillAttackNodeTests.cs(12,11,12,18): error CS0234: The type or namespace name 'Toolkit' does not exist in the namespace 'Fdp' (are you missing an assembly reference?)
106>D:\Work\IOS-IG-SimHost-FDP-2\Hrot\Subsystems\Hrot.SimHost.Tests\HillAttackNodeTests.cs(13,11,13,18): error CS0234: The type or namespace name 'Toolkit' does not exist in the namespace 'Fdp' (are you missing an assembly reference?)
106>D:\Work\IOS-IG-SimHost-FDP-2\Hrot\Subsystems\Hrot.SimHost.Tests\HillAttackNodeTests.cs(14,11,14,18): error CS0234: The type or namespace name 'Toolkit' does not exist in the namespace 'Fdp' (are you missing an assembly reference?)
106>D:\Work\IOS-IG-SimHost-FDP-2\Hrot\Subsystems\Hrot.SimHost.Tests\HillAttackNodeTests.cs(15,11,15,18): error CS0234: The type or namespace name 'Toolkit' does not exist in the namespace 'Fdp' (are you missing an assembly reference?)
106>D:\Work\IOS-IG-SimHost-FDP-2\Hrot\Subsystems\Hrot.SimHost.Tests\HillAttackNodeTests.cs(16,11,16,18): error CS0234: The type or namespace name 'Toolkit' does not exist in the namespace 'Fdp' (are you missing an assembly reference?)
106>D:\Work\IOS-IG-SimHost-FDP-2\Hrot\Subsystems\Hrot.SimHost.Tests\HillAttackNodeTests.cs(17,11,17,18): error CS0234: The type or namespace name 'Toolkit' does not exist in the namespace 'Fdp' (are you missing an assembly reference?)
106>D:\Work\IOS-IG-SimHost-FDP-2\Hrot\Subsystems\Hrot.SimHost.Tests\HillAttackNodeTests.cs(18,12,18,14): error CS0234: The type or namespace name 'AI' does not exist in the namespace 'Hrot' (are you missing an assembly reference?)
106>D:\Work\IOS-IG-SimHost-FDP-2\Hrot\Subsystems\Hrot.SimHost.Tests\HillAttackNodeTests.cs(19,12,19,14): error CS0234: The type or namespace name 'AI' does not exist in the namespace 'Hrot' (are you missing an assembly reference?)
106>D:\Work\IOS-IG-SimHost-FDP-2\Hrot\Subsystems\Hrot.SimHost.Tests\HillAttackNodeTests.cs(20,12,20,14): error CS0234: The type or namespace name 'AI' does not exist in the namespace 'Hrot' (are you missing an assembly reference?)
106>D:\Work\IOS-IG-SimHost-FDP-2\Hrot\Subsystems\Hrot.SimHost.Tests\HillAttackNodeTests.cs(21,12,21,14): error CS0234: The type or namespace name 'AI' does not exist in the namespace 'Hrot' (are you missing an assembly reference?)
106>D:\Work\IOS-IG-SimHost-FDP-2\Hrot\Subsystems\Hrot.SimHost.Tests\HillAttackNodeTests.cs(22,12,22,15): error CS0234: The type or namespace name 'Map' does not exist in the namespace 'Hrot' (are you missing an assembly reference?)
106>D:\Work\IOS-IG-SimHost-FDP-2\Hrot\Subsystems\Hrot.SimHost.Tests\HrotComponentIdsTests.cs(4,12,4,15): error CS0234: The type or namespace name 'Map' does not exist in the namespace 'Hrot' (are you missing an assembly reference?)
106>D:\Work\IOS-IG-SimHost-FDP-2\Hrot\Subsystems\Hrot.SimHost.Tests\HrotScenarioEnvelopeTests.cs(1,12,1,18): error CS0234: The type or namespace name 'Common' does not exist in the namespace 'Hrot' (are you missing an assembly reference?)
106>D:\Work\IOS-IG-SimHost-FDP-2\Hrot\Subsystems\Hrot.SimHost.Tests\HrotScenarioLoadHandlerTests.cs(5,11,5,15): error CS0234: The type or namespace name 'Core' does not exist in the namespace 'Fdp' (are you missing an assembly reference?)
106>D:\Work\IOS-IG-SimHost-FDP-2\Hrot\Subsystems\Hrot.SimHost.Tests\HrotScenarioLoadHandlerTests.cs(6,11,6,18): error CS0234: The type or namespace name 'Toolkit' does not exist in the namespace 'Fdp' (are you missing an assembly reference?)
106>D:\Work\IOS-IG-SimHost-FDP-2\Hrot\Subsystems\Hrot.SimHost.Tests\HrotScenarioLoadHandlerTests.cs(7,11,7,18): error CS0234: The type or namespace name 'Toolkit' does not exist in the namespace 'Fdp' (are you missing an assembly reference?)
106>D:\Work\IOS-IG-SimHost-FDP-2\Hrot\Subsystems\Hrot.SimHost.Tests\HrotScenarioLoadHandlerTests.cs(8,11,8,18): error CS0234: The type or namespace name 'Toolkit' does not exist in the namespace 'Fdp' (are you missing an assembly reference?)
106>D:\Work\IOS-IG-SimHost-FDP-2\Hrot\Subsystems\Hrot.SimHost.Tests\HrotScenarioLoadHandlerTests.cs(9,11,9,18): error CS0234: The type or namespace name 'Toolkit' does not exist in the namespace 'Fdp' (are you missing an assembly reference?)
106>D:\Work\IOS-IG-SimHost-FDP-2\Hrot\Subsystems\Hrot.SimHost.Tests\HrotScenarioLoadHandlerTests.cs(10,12,10,18): error CS0234: The type or namespace name 'Common' does not exist in the namespace 'Hrot' (are you missing an assembly reference?)
106>D:\Work\IOS-IG-SimHost-FDP-2\Hrot\Subsystems\Hrot.SimHost.Tests\HrotScenarioLoadHandlerTests.cs(11,12,11,16): error CS0234: The type or namespace name 'Core' does not exist in the namespace 'Hrot' (are you missing an assembly reference?)
106>D:\Work\IOS-IG-SimHost-FDP-2\Hrot\Subsystems\Hrot.SimHost.Tests\HrotScenarioLoadHandlerTests.cs(12,12,12,15): error CS0234: The type or namespace name 'Map' does not exist in the namespace 'Hrot' (are you missing an assembly reference?)
106>D:\Work\IOS-IG-SimHost-FDP-2\Hrot\Subsystems\Hrot.SimHost.Tests\HrotScenarioLoadHandlerTests.cs(13,12,13,15): error CS0234: The type or namespace name 'Map' does not exist in the namespace 'Hrot' (are you missing an assembly reference?)
106>D:\Work\IOS-IG-SimHost-FDP-2\Hrot\Subsystems\Hrot.SimHost.Tests\HrotScenarioLoadHandlerTests.cs(14,12,14,15): error CS0234: The type or namespace name 'Map' does not exist in the namespace 'Hrot' (are you missing an assembly reference?)
106>D:\Work\IOS-IG-SimHost-FDP-2\Hrot\Subsystems\Hrot.SimHost.Tests\HrotScenarioLoadHandlerTests.cs(15,20,15,33): error CS0234: The type or namespace name 'Orchestration' does not exist in the namespace 'Hrot.SimHost' (are you missing an assembly reference?)
106>D:\Work\IOS-IG-SimHost-FDP-2\Hrot\Subsystems\Hrot.SimHost.Tests\Integration\HierarchyCapacityIntegrationTests.cs(3,11,3,15): error CS0234: The type or namespace name 'Core' does not exist in the namespace 'Fdp' (are you missing an assembly reference?)
106>D:\Work\IOS-IG-SimHost-FDP-2\Hrot\Subsystems\Hrot.SimHost.Tests\Integration\HierarchyCapacityIntegrationTests.cs(4,11,4,15): error CS0234: The type or namespace name 'Core' does not exist in the namespace 'Fdp' (are you missing an assembly reference?)
106>D:\Work\IOS-IG-SimHost-FDP-2\Hrot\Subsystems\Hrot.SimHost.Tests\Integration\HierarchyCapacityIntegrationTests.cs(5,12,5,18): error CS0234: The type or namespace name 'Common' does not exist in the namespace 'Hrot' (are you missing an assembly reference?)
106>D:\Work\IOS-IG-SimHost-FDP-2\Hrot\Subsystems\Hrot.SimHost.Tests\Integration\HierarchySerializationIntegrationTests.cs(2,11,2,15): error CS0234: The type or namespace name 'Core' does not exist in the namespace 'Fdp' (are you missing an assembly reference?)
106>D:\Work\IOS-IG-SimHost-FDP-2\Hrot\Subsystems\Hrot.SimHost.Tests\Integration\HierarchySerializationIntegrationTests.cs(3,11,3,15): error CS0234: The type or namespace name 'Core' does not exist in the namespace 'Fdp' (are you missing an assembly reference?)
106>D:\Work\IOS-IG-SimHost-FDP-2\Hrot\Subsystems\Hrot.SimHost.Tests\Integration\HierarchySerializationIntegrationTests.cs(4,22,4,34): error CS0234: The type or namespace name 'Abstractions' does not exist in the namespace 'Fdp.ModuleHost' (are you missing an assembly reference?)
106>D:\Work\IOS-IG-SimHost-FDP-2\Hrot\Subsystems\Hrot.SimHost.Tests\Integration\HierarchySerializationIntegrationTests.cs(5,11,5,18): error CS0234: The type or namespace name 'Toolkit' does not exist in the namespace 'Fdp' (are you missing an assembly reference?)
106>D:\Work\IOS-IG-SimHost-FDP-2\Hrot\Subsystems\Hrot.SimHost.Tests\Integration\HierarchySerializationIntegrationTests.cs(6,11,6,18): error CS0234: The type or namespace name 'Toolkit' does not exist in the namespace 'Fdp' (are you missing an assembly reference?)
106>D:\Work\IOS-IG-SimHost-FDP-2\Hrot\Subsystems\Hrot.SimHost.Tests\Integration\HierarchySerializationIntegrationTests.cs(7,11,7,18): error CS0234: The type or namespace name 'Toolkit' does not exist in the namespace 'Fdp' (are you missing an assembly reference?)
106>D:\Work\IOS-IG-SimHost-FDP-2\Hrot\Subsystems\Hrot.SimHost.Tests\Integration\HierarchySerializationIntegrationTests.cs(8,11,8,18): error CS0234: The type or namespace name 'Toolkit' does not exist in the namespace 'Fdp' (are you missing an assembly reference?)
106>D:\Work\IOS-IG-SimHost-FDP-2\Hrot\Subsystems\Hrot.SimHost.Tests\Integration\HierarchySerializationIntegrationTests.cs(9,11,9,18): error CS0234: The type or namespace name 'Toolkit' does not exist in the namespace 'Fdp' (are you missing an assembly reference?)
106>D:\Work\IOS-IG-SimHost-FDP-2\Hrot\Subsystems\Hrot.SimHost.Tests\Integration\HierarchySerializationIntegrationTests.cs(10,11,10,18): error CS0234: The type or namespace name 'Toolkit' does not exist in the namespace 'Fdp' (are you missing an assembly reference?)
106>D:\Work\IOS-IG-SimHost-FDP-2\Hrot\Subsystems\Hrot.SimHost.Tests\Integration\HierarchySerializationIntegrationTests.cs(11,11,11,18): error CS0234: The type or namespace name 'Toolkit' does not exist in the namespace 'Fdp' (are you missing an assembly reference?)
106>D:\Work\IOS-IG-SimHost-FDP-2\Hrot\Subsystems\Hrot.SimHost.Tests\Integration\HierarchySerializationIntegrationTests.cs(12,12,12,18): error CS0234: The type or namespace name 'Common' does not exist in the namespace 'Hrot' (are you missing an assembly reference?)
106>D:\Work\IOS-IG-SimHost-FDP-2\Hrot\Subsystems\Hrot.SimHost.Tests\Integration\HierarchySerializationIntegrationTests.cs(13,12,13,18): error CS0234: The type or namespace name 'Common' does not exist in the namespace 'Hrot' (are you missing an assembly reference?)
106>D:\Work\IOS-IG-SimHost-FDP-2\Hrot\Subsystems\Hrot.SimHost.Tests\Integration\HierarchySerializationIntegrationTests.cs(14,12,14,15): error CS0234: The type or namespace name 'Map' does not exist in the namespace 'Hrot' (are you missing an assembly reference?)
106>D:\Work\IOS-IG-SimHost-FDP-2\Hrot\Subsystems\Hrot.SimHost.Tests\Integration\HierarchySerializationIntegrationTests.cs(15,20,15,31): error CS0234: The type or namespace name 'Serializers' does not exist in the namespace 'Hrot.SimHost' (are you missing an assembly reference?)
106>D:\Work\IOS-IG-SimHost-FDP-2\Hrot\Subsystems\Hrot.SimHost.Tests\Integration\HierarchySerializationIntegrationTests.cs(16,20,16,27): error CS0234: The type or namespace name 'Systems' does not exist in the namespace 'Hrot.SimHost' (are you missing an assembly reference?)
106>D:\Work\IOS-IG-SimHost-FDP-2\Hrot\Subsystems\Hrot.SimHost.Tests\IntentTranslatorTests.cs(4,11,4,15): error CS0234: The type or namespace name 'Core' does not exist in the namespace 'Fdp' (are you missing an assembly reference?)
106>D:\Work\IOS-IG-SimHost-FDP-2\Hrot\Subsystems\Hrot.SimHost.Tests\IntentTranslatorTests.cs(5,11,5,21): error CS0234: The type or namespace name 'Interfaces' does not exist in the namespace 'Fdp' (are you missing an assembly reference?)
106>D:\Work\IOS-IG-SimHost-FDP-2\Hrot\Subsystems\Hrot.SimHost.Tests\IntentTranslatorTests.cs(6,22,6,34): error CS0234: The type or namespace name 'Abstractions' does not exist in the namespace 'Fdp.ModuleHost' (are you missing an assembly reference?)
106>D:\Work\IOS-IG-SimHost-FDP-2\Hrot\Subsystems\Hrot.SimHost.Tests\IntentTranslatorTests.cs(7,11,7,18): error CS0234: The type or namespace name 'Toolkit' does not exist in the namespace 'Fdp' (are you missing an assembly reference?)
106>D:\Work\IOS-IG-SimHost-FDP-2\Hrot\Subsystems\Hrot.SimHost.Tests\IntentTranslatorTests.cs(8,11,8,18): error CS0234: The type or namespace name 'Toolkit' does not exist in the namespace 'Fdp' (are you missing an assembly reference?)
106>D:\Work\IOS-IG-SimHost-FDP-2\Hrot\Subsystems\Hrot.SimHost.Tests\IntentTranslatorTests.cs(9,11,9,18): error CS0234: The type or namespace name 'Toolkit' does not exist in the namespace 'Fdp' (are you missing an assembly reference?)
106>D:\Work\IOS-IG-SimHost-FDP-2\Hrot\Subsystems\Hrot.SimHost.Tests\IntentTranslatorTests.cs(10,11,10,18): error CS0234: The type or namespace name 'Toolkit' does not exist in the namespace 'Fdp' (are you missing an assembly reference?)
106>D:\Work\IOS-IG-SimHost-FDP-2\Hrot\Subsystems\Hrot.SimHost.Tests\IntentTranslatorTests.cs(11,12,11,18): error CS0234: The type or namespace name 'Common' does not exist in the namespace 'Hrot' (are you missing an assembly reference?)
106>D:\Work\IOS-IG-SimHost-FDP-2\Hrot\Subsystems\Hrot.SimHost.Tests\IntentTranslatorTests.cs(12,12,12,15): error CS0234: The type or namespace name 'Map' does not exist in the namespace 'Hrot' (are you missing an assembly reference?)
106>D:\Work\IOS-IG-SimHost-FDP-2\Hrot\Subsystems\Hrot.SimHost.Tests\IntentTranslatorTests.cs(13,20,13,31): error CS0234: The type or namespace name 'Serializers' does not exist in the namespace 'Hrot.SimHost' (are you missing an assembly reference?)
106>D:\Work\IOS-IG-SimHost-FDP-2\Hrot\Subsystems\Hrot.SimHost.Tests\JoinFormationExecutorTests.cs(1,7,1,15): error CS0246: The type or namespace name 'CarKinem' could not be found (are you missing a using directive or an assembly reference?)
106>D:\Work\IOS-IG-SimHost-FDP-2\Hrot\Subsystems\Hrot.SimHost.Tests\JoinFormationExecutorTests.cs(2,7,2,15): error CS0246: The type or namespace name 'CarKinem' could not be found (are you missing a using directive or an assembly reference?)
106>D:\Work\IOS-IG-SimHost-FDP-2\Hrot\Subsystems\Hrot.SimHost.Tests\JoinFormationExecutorTests.cs(3,11,3,15): error CS0234: The type or namespace name 'Core' does not exist in the namespace 'Fdp' (are you missing an assembly reference?)
106>D:\Work\IOS-IG-SimHost-FDP-2\Hrot\Subsystems\Hrot.SimHost.Tests\JoinFormationExecutorTests.cs(4,7,4,10): error CS0246: The type or namespace name 'Fbt' could not be found (are you missing a using directive or an assembly reference?)
106>D:\Work\IOS-IG-SimHost-FDP-2\Hrot\Subsystems\Hrot.SimHost.Tests\JoinFormationExecutorTests.cs(5,11,5,18): error CS0234: The type or namespace name 'Toolkit' does not exist in the namespace 'Fdp' (are you missing an assembly reference?)
106>D:\Work\IOS-IG-SimHost-FDP-2\Hrot\Subsystems\Hrot.SimHost.Tests\JoinFormationExecutorTests.cs(6,11,6,18): error CS0234: The type or namespace name 'Toolkit' does not exist in the namespace 'Fdp' (are you missing an assembly reference?)
106>D:\Work\IOS-IG-SimHost-FDP-2\Hrot\Subsystems\Hrot.SimHost.Tests\JoinFormationExecutorTests.cs(7,11,7,18): error CS0234: The type or namespace name 'Toolkit' does not exist in the namespace 'Fdp' (are you missing an assembly reference?)
106>D:\Work\IOS-IG-SimHost-FDP-2\Hrot\Subsystems\Hrot.SimHost.Tests\JoinFormationExecutorTests.cs(8,22,8,34): error CS0234: The type or namespace name 'Abstractions' does not exist in the namespace 'Fdp.ModuleHost' (are you missing an assembly reference?)
106>D:\Work\IOS-IG-SimHost-FDP-2\Hrot\Subsystems\Hrot.SimHost.Tests\JsonToRecordCompilerTests.cs(4,12,4,15): error CS0234: The type or namespace name 'NED' does not exist in the namespace 'Hrot' (are you missing an assembly reference?)
106>D:\Work\IOS-IG-SimHost-FDP-2\Hrot\Subsystems\Hrot.SimHost.Tests\JsonToRecordCompilerTests.cs(5,12,5,15): error CS0234: The type or namespace name 'Map' does not exist in the namespace 'Hrot' (are you missing an assembly reference?)
106>D:\Work\IOS-IG-SimHost-FDP-2\Hrot\Subsystems\Hrot.SimHost.Tests\JsonToRecordCompilerTests.cs(6,11,6,18): error CS0234: The type or namespace name 'Toolkit' does not exist in the namespace 'Fdp' (are you missing an assembly reference?)
106>D:\Work\IOS-IG-SimHost-FDP-2\Hrot\Subsystems\Hrot.SimHost.Tests\LiveFromReplayTests.cs(6,20,6,27): error CS0234: The type or namespace name 'Modules' does not exist in the namespace 'Hrot.SimHost' (are you missing an assembly reference?)
106>D:\Work\IOS-IG-SimHost-FDP-2\Hrot\Subsystems\Hrot.SimHost.Tests\LiveFromReplayTests.cs(7,11,7,15): error CS0234: The type or namespace name 'Core' does not exist in the namespace 'Fdp' (are you missing an assembly reference?)
106>D:\Work\IOS-IG-SimHost-FDP-2\Hrot\Subsystems\Hrot.SimHost.Tests\LiveFromReplayTests.cs(8,11,8,18): error CS0234: The type or namespace name 'Toolkit' does not exist in the namespace 'Fdp' (are you missing an assembly reference?)
106>D:\Work\IOS-IG-SimHost-FDP-2\Hrot\Subsystems\Hrot.SimHost.Tests\LiveFromReplayTests.cs(9,11,9,18): error CS0234: The type or namespace name 'Toolkit' does not exist in the namespace 'Fdp' (are you missing an assembly reference?)
106>D:\Work\IOS-IG-SimHost-FDP-2\Hrot\Subsystems\Hrot.SimHost.Tests\LiveFromReplayTests.cs(10,11,10,18): error CS0234: The type or namespace name 'Toolkit' does not exist in the namespace 'Fdp' (are you missing an assembly reference?)
106>D:\Work\IOS-IG-SimHost-FDP-2\Hrot\Subsystems\Hrot.SimHost.Tests\LiveFromReplayTests.cs(11,11,11,18): error CS0234: The type or namespace name 'Toolkit' does not exist in the namespace 'Fdp' (are you missing an assembly reference?)
106>D:\Work\IOS-IG-SimHost-FDP-2\Hrot\Subsystems\Hrot.SimHost.Tests\LiveFromReplayTests.cs(13,22,13,32): error CS0234: The type or namespace name 'Scheduling' does not exist in the namespace 'Fdp.ModuleHost' (are you missing an assembly reference?)
106>D:\Work\IOS-IG-SimHost-FDP-2\Hrot\Subsystems\Hrot.SimHost.Tests\MissionAdapterSystemTests.cs(2,11,2,15): error CS0234: The type or namespace name 'Core' does not exist in the namespace 'Fdp' (are you missing an assembly reference?)
106>D:\Work\IOS-IG-SimHost-FDP-2\Hrot\Subsystems\Hrot.SimHost.Tests\MissionAdapterSystemTests.cs(3,11,3,18): error CS0234: The type or namespace name 'Toolkit' does not exist in the namespace 'Fdp' (are you missing an assembly reference?)
106>D:\Work\IOS-IG-SimHost-FDP-2\Hrot\Subsystems\Hrot.SimHost.Tests\MissionAdapterSystemTests.cs(4,11,4,18): error CS0234: The type or namespace name 'Toolkit' does not exist in the namespace 'Fdp' (are you missing an assembly reference?)
106>D:\Work\IOS-IG-SimHost-FDP-2\Hrot\Subsystems\Hrot.SimHost.Tests\MissionAdapterSystemTests.cs(5,12,5,15): error CS0234: The type or namespace name 'CGF' does not exist in the namespace 'Hrot' (are you missing an assembly reference?)
106>D:\Work\IOS-IG-SimHost-FDP-2\Hrot\Subsystems\Hrot.SimHost.Tests\MissionPlanTranslatorTests.cs(4,11,4,15): error CS0234: The type or namespace name 'Core' does not exist in the namespace 'Fdp' (are you missing an assembly reference?)
106>D:\Work\IOS-IG-SimHost-FDP-2\Hrot\Subsystems\Hrot.SimHost.Tests\MissionPlanTranslatorTests.cs(5,22,5,34): error CS0234: The type or namespace name 'Abstractions' does not exist in the namespace 'Fdp.ModuleHost' (are you missing an assembly reference?)
106>D:\Work\IOS-IG-SimHost-FDP-2\Hrot\Subsystems\Hrot.SimHost.Tests\MissionPlanTranslatorTests.cs(6,11,6,18): error CS0234: The type or namespace name 'Toolkit' does not exist in the namespace 'Fdp' (are you missing an assembly reference?)
106>D:\Work\IOS-IG-SimHost-FDP-2\Hrot\Subsystems\Hrot.SimHost.Tests\MissionPlanTranslatorTests.cs(7,11,7,18): error CS0234: The type or namespace name 'Toolkit' does not exist in the namespace 'Fdp' (are you missing an assembly reference?)
106>D:\Work\IOS-IG-SimHost-FDP-2\Hrot\Subsystems\Hrot.SimHost.Tests\MissionPlanTranslatorTests.cs(8,11,8,18): error CS0234: The type or namespace name 'Toolkit' does not exist in the namespace 'Fdp' (are you missing an assembly reference?)
106>D:\Work\IOS-IG-SimHost-FDP-2\Hrot\Subsystems\Hrot.SimHost.Tests\MissionPlanTranslatorTests.cs(9,20,9,31): error CS0234: The type or namespace name 'Serializers' does not exist in the namespace 'Hrot.SimHost' (are you missing an assembly reference?)
106>D:\Work\IOS-IG-SimHost-FDP-2\Hrot\Subsystems\Hrot.SimHost.Tests\ModuleHostKernelTestExtensions.cs(2,11,2,15): error CS0234: The type or namespace name 'Core' does not exist in the namespace 'Fdp' (are you missing an assembly reference?)
106>D:\Work\IOS-IG-SimHost-FDP-2\Hrot\Subsystems\Hrot.SimHost.Tests\ModuleHostKernelTestExtensions.cs(3,11,3,18): error CS0234: The type or namespace name 'Toolkit' does not exist in the namespace 'Fdp' (are you missing an assembly reference?)
106>D:\Work\IOS-IG-SimHost-FDP-2\Hrot\Subsystems\Hrot.SimHost.Tests\MunitionDetonationEgressTranslatorTests.cs(3,12,3,15): error CS0234: The type or namespace name 'NED' does not exist in the namespace 'Hrot' (are you missing an assembly reference?)
106>D:\Work\IOS-IG-SimHost-FDP-2\Hrot\Subsystems\Hrot.SimHost.Tests\MunitionDetonationEgressTranslatorTests.cs(4,12,4,15): error CS0234: The type or namespace name 'Map' does not exist in the namespace 'Hrot' (are you missing an assembly reference?)
106>D:\Work\IOS-IG-SimHost-FDP-2\Hrot\Subsystems\Hrot.SimHost.Tests\MunitionDetonationEgressTranslatorTests.cs(5,12,5,19): error CS0234: The type or namespace name 'Network' does not exist in the namespace 'Hrot' (are you missing an assembly reference?)
106>D:\Work\IOS-IG-SimHost-FDP-2\Hrot\Subsystems\Hrot.SimHost.Tests\MunitionDetonationEgressTranslatorTests.cs(6,11,6,15): error CS0234: The type or namespace name 'Core' does not exist in the namespace 'Fdp' (are you missing an assembly reference?)
106>D:\Work\IOS-IG-SimHost-FDP-2\Hrot\Subsystems\Hrot.SimHost.Tests\MunitionDetonationEgressTranslatorTests.cs(7,11,7,18): error CS0234: The type or namespace name 'Toolkit' does not exist in the namespace 'Fdp' (are you missing an assembly reference?)
106>D:\Work\IOS-IG-SimHost-FDP-2\Hrot\Subsystems\Hrot.SimHost.Tests\MunitionDetonationEgressTranslatorTests.cs(8,11,8,18): error CS0234: The type or namespace name 'Toolkit' does not exist in the namespace 'Fdp' (are you missing an assembly reference?)
106>D:\Work\IOS-IG-SimHost-FDP-2\Hrot\Subsystems\Hrot.SimHost.Tests\MunitionDetonationIngressTranslatorTests.cs(2,12,2,15): error CS0234: The type or namespace name 'NED' does not exist in the namespace 'Hrot' (are you missing an assembly reference?)
106>D:\Work\IOS-IG-SimHost-FDP-2\Hrot\Subsystems\Hrot.SimHost.Tests\MunitionDetonationIngressTranslatorTests.cs(3,12,3,19): error CS0234: The type or namespace name 'Network' does not exist in the namespace 'Hrot' (are you missing an assembly reference?)
106>D:\Work\IOS-IG-SimHost-FDP-2\Hrot\Subsystems\Hrot.SimHost.Tests\MunitionDetonationIngressTranslatorTests.cs(4,11,4,15): error CS0234: The type or namespace name 'Core' does not exist in the namespace 'Fdp' (are you missing an assembly reference?)
106>D:\Work\IOS-IG-SimHost-FDP-2\Hrot\Subsystems\Hrot.SimHost.Tests\MunitionDetonationIngressTranslatorTests.cs(5,11,5,18): error CS0234: The type or namespace name 'Toolkit' does not exist in the namespace 'Fdp' (are you missing an assembly reference?)
106>D:\Work\IOS-IG-SimHost-FDP-2\Hrot\Subsystems\Hrot.SimHost.Tests\MunitionDetonationIngressTranslatorTests.cs(6,11,6,18): error CS0234: The type or namespace name 'Toolkit' does not exist in the namespace 'Fdp' (are you missing an assembly reference?)
106>D:\Work\IOS-IG-SimHost-FDP-2\Hrot\Subsystems\Hrot.SimHost.Tests\MunitionDetonationIngressTranslatorTests.cs(7,22,7,34): error CS0234: The type or namespace name 'Abstractions' does not exist in the namespace 'Fdp.ModuleHost' (are you missing an assembly reference?)
106>D:\Work\IOS-IG-SimHost-FDP-2\Hrot\Subsystems\Hrot.SimHost.Tests\NedReplicationModuleTranslatorTests.cs(2,7,2,15): error CS0246: The type or namespace name 'CarKinem' could not be found (are you missing a using directive or an assembly reference?)
106>D:\Work\IOS-IG-SimHost-FDP-2\Hrot\Subsystems\Hrot.SimHost.Tests\NedReplicationModuleTranslatorTests.cs(3,11,3,15): error CS0234: The type or namespace name 'Core' does not exist in the namespace 'Fdp' (are you missing an assembly reference?)
106>D:\Work\IOS-IG-SimHost-FDP-2\Hrot\Subsystems\Hrot.SimHost.Tests\NedReplicationModuleTranslatorTests.cs(4,11,4,21): error CS0234: The type or namespace name 'Interfaces' does not exist in the namespace 'Fdp' (are you missing an assembly reference?)
106>D:\Work\IOS-IG-SimHost-FDP-2\Hrot\Subsystems\Hrot.SimHost.Tests\NedReplicationModuleTranslatorTests.cs(5,11,5,18): error CS0234: The type or namespace name 'Toolkit' does not exist in the namespace 'Fdp' (are you missing an assembly reference?)
106>D:\Work\IOS-IG-SimHost-FDP-2\Hrot\Subsystems\Hrot.SimHost.Tests\NedReplicationModuleTranslatorTests.cs(6,11,6,18): error CS0234: The type or namespace name 'Toolkit' does not exist in the namespace 'Fdp' (are you missing an assembly reference?)
106>D:\Work\IOS-IG-SimHost-FDP-2\Hrot\Subsystems\Hrot.SimHost.Tests\NedReplicationModuleTranslatorTests.cs(7,12,7,15): error CS0234: The type or namespace name 'Map' does not exist in the namespace 'Hrot' (are you missing an assembly reference?)
106>D:\Work\IOS-IG-SimHost-FDP-2\Hrot\Subsystems\Hrot.SimHost.Tests\NedReplicationModuleTranslatorTests.cs(8,12,8,19): error CS0234: The type or namespace name 'Network' does not exist in the namespace 'Hrot' (are you missing an assembly reference?)
106>D:\Work\IOS-IG-SimHost-FDP-2\Hrot\Subsystems\Hrot.SimHost.Tests\NodeBootstrapperMigrationTests.cs(2,11,2,15): error CS0234: The type or namespace name 'Core' does not exist in the namespace 'Fdp' (are you missing an assembly reference?)
106>D:\Work\IOS-IG-SimHost-FDP-2\Hrot\Subsystems\Hrot.SimHost.Tests\NodeBootstrapperMigrationTests.cs(3,11,3,15): error CS0234: The type or namespace name 'Core' does not exist in the namespace 'Fdp' (are you missing an assembly reference?)
106>D:\Work\IOS-IG-SimHost-FDP-2\Hrot\Subsystems\Hrot.SimHost.Tests\NodeBootstrapperMigrationTests.cs(4,12,4,18): error CS0234: The type or namespace name 'Common' does not exist in the namespace 'Hrot' (are you missing an assembly reference?)
106>D:\Work\IOS-IG-SimHost-FDP-2\Hrot\Subsystems\Hrot.SimHost.Tests\NodeBootstrapperMigrationTests.cs(5,12,5,18): error CS0234: The type or namespace name 'Common' does not exist in the namespace 'Hrot' (are you missing an assembly reference?)
106>D:\Work\IOS-IG-SimHost-FDP-2\Hrot\Subsystems\Hrot.SimHost.Tests\NodeBootstrapperMigrationTests.cs(6,12,6,18): error CS0234: The type or namespace name 'Common' does not exist in the namespace 'Hrot' (are you missing an assembly reference?)
106>D:\Work\IOS-IG-SimHost-FDP-2\Hrot\Subsystems\Hrot.SimHost.Tests\NodeBootstrapperReplayTests.cs(6,20,6,27): error CS0234: The type or namespace name 'Modules' does not exist in the namespace 'Hrot.SimHost' (are you missing an assembly reference?)
106>D:\Work\IOS-IG-SimHost-FDP-2\Hrot\Subsystems\Hrot.SimHost.Tests\NodeBootstrapperReplayTests.cs(8,11,8,15): error CS0234: The type or namespace name 'Core' does not exist in the namespace 'Fdp' (are you missing an assembly reference?)
106>D:\Work\IOS-IG-SimHost-FDP-2\Hrot\Subsystems\Hrot.SimHost.Tests\NodeBootstrapperReplayTests.cs(9,11,9,18): error CS0234: The type or namespace name 'Toolkit' does not exist in the namespace 'Fdp' (are you missing an assembly reference?)
106>D:\Work\IOS-IG-SimHost-FDP-2\Hrot\Subsystems\Hrot.SimHost.Tests\NodeBootstrapperReplayTests.cs(10,11,10,18): error CS0234: The type or namespace name 'Toolkit' does not exist in the namespace 'Fdp' (are you missing an assembly reference?)
106>D:\Work\IOS-IG-SimHost-FDP-2\Hrot\Subsystems\Hrot.SimHost.Tests\NodeBootstrapperReplayTests.cs(11,11,11,18): error CS0234: The type or namespace name 'Toolkit' does not exist in the namespace 'Fdp' (are you missing an assembly reference?)
106>D:\Work\IOS-IG-SimHost-FDP-2\Hrot\Subsystems\Hrot.SimHost.Tests\NodeBootstrapperReplayTests.cs(12,11,12,18): error CS0234: The type or namespace name 'Toolkit' does not exist in the namespace 'Fdp' (are you missing an assembly reference?)
106>D:\Work\IOS-IG-SimHost-FDP-2\Hrot\Subsystems\Hrot.SimHost.Tests\NodeBootstrapperReplayTests.cs(14,22,14,32): error CS0234: The type or namespace name 'Scheduling' does not exist in the namespace 'Fdp.ModuleHost' (are you missing an assembly reference?)
106>D:\Work\IOS-IG-SimHost-FDP-2\Hrot\Subsystems\Hrot.SimHost.Tests\NodeConfigurationTests.cs(3,11,3,15): error CS0234: The type or namespace name 'Core' does not exist in the namespace 'Fdp' (are you missing an assembly reference?)
106>D:\Work\IOS-IG-SimHost-FDP-2\Hrot\Subsystems\Hrot.SimHost.Tests\NodeConfigurationTests.cs(4,11,4,15): error CS0234: The type or namespace name 'Core' does not exist in the namespace 'Fdp' (are you missing an assembly reference?)
106>D:\Work\IOS-IG-SimHost-FDP-2\Hrot\Subsystems\Hrot.SimHost.Tests\NodeOpSlaveTranslatorTests.cs(12,28,12,35): error CS0234: The type or namespace name 'Toolkit' does not exist in the namespace 'Fdp' (are you missing an assembly reference?)
106>D:\Work\IOS-IG-SimHost-FDP-2\Hrot\Subsystems\Hrot.SimHost.Tests\NodeOpSlaveTranslatorTests.cs(11,30,11,33): error CS0234: The type or namespace name 'NED' does not exist in the namespace 'Hrot' (are you missing an assembly reference?)
106>D:\Work\IOS-IG-SimHost-FDP-2\Hrot\Subsystems\Hrot.SimHost.Tests\NodeOpSlaveTranslatorTests.cs(10,29,10,32): error CS0234: The type or namespace name 'NED' does not exist in the namespace 'Hrot' (are you missing an assembly reference?)
106>D:\Work\IOS-IG-SimHost-FDP-2\Hrot\Subsystems\Hrot.SimHost.Tests\NodeOpSlaveTranslatorTests.cs(5,11,5,15): error CS0234: The type or namespace name 'Core' does not exist in the namespace 'Fdp' (are you missing an assembly reference?)
106>D:\Work\IOS-IG-SimHost-FDP-2\Hrot\Subsystems\Hrot.SimHost.Tests\NodeOpSlaveTranslatorTests.cs(6,11,6,18): error CS0234: The type or namespace name 'Toolkit' does not exist in the namespace 'Fdp' (are you missing an assembly reference?)
106>D:\Work\IOS-IG-SimHost-FDP-2\Hrot\Subsystems\Hrot.SimHost.Tests\NodeOpSlaveTranslatorTests.cs(7,11,7,18): error CS0234: The type or namespace name 'Toolkit' does not exist in the namespace 'Fdp' (are you missing an assembly reference?)
106>D:\Work\IOS-IG-SimHost-FDP-2\Hrot\Subsystems\Hrot.SimHost.Tests\NodeOpSlaveTranslatorTests.cs(8,12,8,18): error CS0234: The type or namespace name 'Common' does not exist in the namespace 'Hrot' (are you missing an assembly reference?)
106>D:\Work\IOS-IG-SimHost-FDP-2\Hrot\Subsystems\Hrot.SimHost.Tests\NodeOpSlaveTranslatorTests.cs(9,12,9,15): error CS0234: The type or namespace name 'NED' does not exist in the namespace 'Hrot' (are you missing an assembly reference?)
106>D:\Work\IOS-IG-SimHost-FDP-2\Hrot\Subsystems\Hrot.SimHost.Tests\OrchestrationLogicPackTests.cs(2,11,2,18): error CS0234: The type or namespace name 'Toolkit' does not exist in the namespace 'Fdp' (are you missing an assembly reference?)
106>D:\Work\IOS-IG-SimHost-FDP-2\Hrot\Subsystems\Hrot.SimHost.Tests\OrchestrationLogicPackTests.cs(3,12,3,24): error CS0234: The type or namespace name 'Orchestrator' does not exist in the namespace 'Hrot' (are you missing an assembly reference?)
106>D:\Work\IOS-IG-SimHost-FDP-2\Hrot\Subsystems\Hrot.SimHost.Tests\OwnershipUpdateTranslatorTests.cs(9,33,9,40): error CS0234: The type or namespace name 'Network' does not exist in the namespace 'Fdp' (are you missing an assembly reference?)
106>D:\Work\IOS-IG-SimHost-FDP-2\Hrot\Subsystems\Hrot.SimHost.Tests\OwnershipUpdateTranslatorTests.cs(8,33,8,40): error CS0234: The type or namespace name 'Toolkit' does not exist in the namespace 'Fdp' (are you missing an assembly reference?)
106>D:\Work\IOS-IG-SimHost-FDP-2\Hrot\Subsystems\Hrot.SimHost.Tests\OwnershipUpdateTranslatorTests.cs(3,11,3,15): error CS0234: The type or namespace name 'Core' does not exist in the namespace 'Fdp' (are you missing an assembly reference?)
106>D:\Work\IOS-IG-SimHost-FDP-2\Hrot\Subsystems\Hrot.SimHost.Tests\OwnershipUpdateTranslatorTests.cs(4,11,4,18): error CS0234: The type or namespace name 'Toolkit' does not exist in the namespace 'Fdp' (are you missing an assembly reference?)
106>D:\Work\IOS-IG-SimHost-FDP-2\Hrot\Subsystems\Hrot.SimHost.Tests\OwnershipUpdateTranslatorTests.cs(5,12,5,15): error CS0234: The type or namespace name 'Map' does not exist in the namespace 'Hrot' (are you missing an assembly reference?)
106>D:\Work\IOS-IG-SimHost-FDP-2\Hrot\Subsystems\Hrot.SimHost.Tests\OwnershipUpdateTranslatorTests.cs(6,22,6,34): error CS0234: The type or namespace name 'Abstractions' does not exist in the namespace 'Fdp.ModuleHost' (are you missing an assembly reference?)
106>D:\Work\IOS-IG-SimHost-FDP-2\Hrot\Subsystems\Hrot.SimHost.Tests\PassengerBufferTranslatorTests.cs(4,11,4,15): error CS0234: The type or namespace name 'Core' does not exist in the namespace 'Fdp' (are you missing an assembly reference?)
106>D:\Work\IOS-IG-SimHost-FDP-2\Hrot\Subsystems\Hrot.SimHost.Tests\PassengerBufferTranslatorTests.cs(5,11,5,21): error CS0234: The type or namespace name 'Interfaces' does not exist in the namespace 'Fdp' (are you missing an assembly reference?)
106>D:\Work\IOS-IG-SimHost-FDP-2\Hrot\Subsystems\Hrot.SimHost.Tests\PassengerBufferTranslatorTests.cs(6,22,6,34): error CS0234: The type or namespace name 'Abstractions' does not exist in the namespace 'Fdp.ModuleHost' (are you missing an assembly reference?)
106>D:\Work\IOS-IG-SimHost-FDP-2\Hrot\Subsystems\Hrot.SimHost.Tests\PassengerBufferTranslatorTests.cs(7,11,7,18): error CS0234: The type or namespace name 'Toolkit' does not exist in the namespace 'Fdp' (are you missing an assembly reference?)
106>D:\Work\IOS-IG-SimHost-FDP-2\Hrot\Subsystems\Hrot.SimHost.Tests\PassengerBufferTranslatorTests.cs(8,11,8,18): error CS0234: The type or namespace name 'Toolkit' does not exist in the namespace 'Fdp' (are you missing an assembly reference?)
106>D:\Work\IOS-IG-SimHost-FDP-2\Hrot\Subsystems\Hrot.SimHost.Tests\PassengerBufferTranslatorTests.cs(9,11,9,18): error CS0234: The type or namespace name 'Toolkit' does not exist in the namespace 'Fdp' (are you missing an assembly reference?)
106>D:\Work\IOS-IG-SimHost-FDP-2\Hrot\Subsystems\Hrot.SimHost.Tests\PassengerBufferTranslatorTests.cs(10,12,10,18): error CS0234: The type or namespace name 'Common' does not exist in the namespace 'Hrot' (are you missing an assembly reference?)
106>D:\Work\IOS-IG-SimHost-FDP-2\Hrot\Subsystems\Hrot.SimHost.Tests\PassengerBufferTranslatorTests.cs(11,20,11,31): error CS0234: The type or namespace name 'Serializers' does not exist in the namespace 'Hrot.SimHost' (are you missing an assembly reference?)
106>D:\Work\IOS-IG-SimHost-FDP-2\Hrot\Subsystems\Hrot.SimHost.Tests\PathfindingBatchDataTests.cs(1,11,1,15): error CS0234: The type or namespace name 'Core' does not exist in the namespace 'Fdp' (are you missing an assembly reference?)
106>D:\Work\IOS-IG-SimHost-FDP-2\Hrot\Subsystems\Hrot.SimHost.Tests\PathfindingBatchDataTests.cs(2,11,2,15): error CS0234: The type or namespace name 'Core' does not exist in the namespace 'Fdp' (are you missing an assembly reference?)
106>D:\Work\IOS-IG-SimHost-FDP-2\Hrot\Subsystems\Hrot.SimHost.Tests\PathfindingBatchDataTests.cs(3,11,3,18): error CS0234: The type or namespace name 'Toolkit' does not exist in the namespace 'Fdp' (are you missing an assembly reference?)
106>D:\Work\IOS-IG-SimHost-FDP-2\Hrot\Subsystems\Hrot.SimHost.Tests\PersonalRouteAuthoringSystemTests.cs(3,12,3,15): error CS0234: The type or namespace name 'Map' does not exist in the namespace 'Hrot' (are you missing an assembly reference?)
106>D:\Work\IOS-IG-SimHost-FDP-2\Hrot\Subsystems\Hrot.SimHost.Tests\PersonalRouteAuthoringSystemTests.cs(4,12,4,15): error CS0234: The type or namespace name 'Map' does not exist in the namespace 'Hrot' (are you missing an assembly reference?)
106>D:\Work\IOS-IG-SimHost-FDP-2\Hrot\Subsystems\Hrot.SimHost.Tests\PersonalRouteAuthoringSystemTests.cs(5,12,5,15): error CS0234: The type or namespace name 'Map' does not exist in the namespace 'Hrot' (are you missing an assembly reference?)
106>D:\Work\IOS-IG-SimHost-FDP-2\Hrot\Subsystems\Hrot.SimHost.Tests\PersonalRouteAuthoringSystemTests.cs(6,7,6,15): error CS0246: The type or namespace name 'CarKinem' could not be found (are you missing a using directive or an assembly reference?)
106>D:\Work\IOS-IG-SimHost-FDP-2\Hrot\Subsystems\Hrot.SimHost.Tests\PersonalRouteAuthoringSystemTests.cs(7,11,7,15): error CS0234: The type or namespace name 'Core' does not exist in the namespace 'Fdp' (are you missing an assembly reference?)
106>D:\Work\IOS-IG-SimHost-FDP-2\Hrot\Subsystems\Hrot.SimHost.Tests\PersonalRouteAuthoringSystemTests.cs(8,11,8,18): error CS0234: The type or namespace name 'Toolkit' does not exist in the namespace 'Fdp' (are you missing an assembly reference?)
106>D:\Work\IOS-IG-SimHost-FDP-2\Hrot\Subsystems\Hrot.SimHost.Tests\PersonalRouteAuthoringSystemTests.cs(9,11,9,18): error CS0234: The type or namespace name 'Toolkit' does not exist in the namespace 'Fdp' (are you missing an assembly reference?)
106>D:\Work\IOS-IG-SimHost-FDP-2\Hrot\Subsystems\Hrot.SimHost.Tests\PersonalRouteAuthoringSystemTests.cs(10,20,10,27): error CS0234: The type or namespace name 'Systems' does not exist in the namespace 'Hrot.SimHost' (are you missing an assembly reference?)
106>D:\Work\IOS-IG-SimHost-FDP-2\Hrot\Subsystems\Hrot.SimHost.Tests\PersonalRouteAuthoringSystemTests.cs(11,22,11,34): error CS0234: The type or namespace name 'Abstractions' does not exist in the namespace 'Fdp.ModuleHost' (are you missing an assembly reference?)
106>D:\Work\IOS-IG-SimHost-FDP-2\Hrot\Subsystems\Hrot.SimHost.Tests\PhysicsToolkitModuleTests.cs(1,11,1,15): error CS0234: The type or namespace name 'Core' does not exist in the namespace 'Fdp' (are you missing an assembly reference?)
106>D:\Work\IOS-IG-SimHost-FDP-2\Hrot\Subsystems\Hrot.SimHost.Tests\PhysicsToolkitModuleTests.cs(2,11,2,18): error CS0234: The type or namespace name 'Toolkit' does not exist in the namespace 'Fdp' (are you missing an assembly reference?)
106>D:\Work\IOS-IG-SimHost-FDP-2\Hrot\Subsystems\Hrot.SimHost.Tests\PhysicsToolkitModuleTests.cs(3,11,3,18): error CS0234: The type or namespace name 'Toolkit' does not exist in the namespace 'Fdp' (are you missing an assembly reference?)
106>D:\Work\IOS-IG-SimHost-FDP-2\Hrot\Subsystems\Hrot.SimHost.Tests\PresentationModuleTests.cs(3,11,3,15): error CS0234: The type or namespace name 'Core' does not exist in the namespace 'Fdp' (are you missing an assembly reference?)
106>D:\Work\IOS-IG-SimHost-FDP-2\Hrot\Subsystems\Hrot.SimHost.Tests\PresentationModuleTests.cs(4,20,4,27): error CS0234: The type or namespace name 'Modules' does not exist in the namespace 'Hrot.SimHost' (are you missing an assembly reference?)
106>D:\Work\IOS-IG-SimHost-FDP-2\Hrot\Subsystems\Hrot.SimHost.Tests\PresentationModuleTests.cs(5,20,5,27): error CS0234: The type or namespace name 'Systems' does not exist in the namespace 'Hrot.SimHost' (are you missing an assembly reference?)
106>D:\Work\IOS-IG-SimHost-FDP-2\Hrot\Subsystems\Hrot.SimHost.Tests\PresentationModuleTests.cs(6,11,6,18): error CS0234: The type or namespace name 'Toolkit' does not exist in the namespace 'Fdp' (are you missing an assembly reference?)
106>D:\Work\IOS-IG-SimHost-FDP-2\Hrot\Subsystems\Hrot.SimHost.Tests\PresentationModuleTests.cs(7,11,7,18): error CS0234: The type or namespace name 'Toolkit' does not exist in the namespace 'Fdp' (are you missing an assembly reference?)
106>D:\Work\IOS-IG-SimHost-FDP-2\Hrot\Subsystems\Hrot.SimHost.Tests\PreviewClusterOpHandlerTests.cs(4,12,4,15): error CS0234: The type or namespace name 'NED' does not exist in the namespace 'Hrot' (are you missing an assembly reference?)
106>D:\Work\IOS-IG-SimHost-FDP-2\Hrot\Subsystems\Hrot.SimHost.Tests\PreviewClusterOpHandlerTests.cs(5,12,5,18): error CS0234: The type or namespace name 'Common' does not exist in the namespace 'Hrot' (are you missing an assembly reference?)
106>D:\Work\IOS-IG-SimHost-FDP-2\Hrot\Subsystems\Hrot.SimHost.Tests\PreviewClusterOpHandlerTests.cs(6,11,6,15): error CS0234: The type or namespace name 'Core' does not exist in the namespace 'Fdp' (are you missing an assembly reference?)
106>D:\Work\IOS-IG-SimHost-FDP-2\Hrot\Subsystems\Hrot.SimHost.Tests\ReferenceCheckpointEventTests.cs(3,11,3,15): error CS0234: The type or namespace name 'Core' does not exist in the namespace 'Fdp' (are you missing an assembly reference?)
106>D:\Work\IOS-IG-SimHost-FDP-2\Hrot\Subsystems\Hrot.SimHost.Tests\ReplayLoadClusterOpHandlerTests.cs(5,20,5,27): error CS0234: The type or namespace name 'Modules' does not exist in the namespace 'Hrot.SimHost' (are you missing an assembly reference?)
106>D:\Work\IOS-IG-SimHost-FDP-2\Hrot\Subsystems\Hrot.SimHost.Tests\ReplayLoadClusterOpHandlerTests.cs(6,11,6,15): error CS0234: The type or namespace name 'Core' does not exist in the namespace 'Fdp' (are you missing an assembly reference?)
106>D:\Work\IOS-IG-SimHost-FDP-2\Hrot\Subsystems\Hrot.SimHost.Tests\ReplayLoadClusterOpHandlerTests.cs(7,11,7,18): error CS0234: The type or namespace name 'Toolkit' does not exist in the namespace 'Fdp' (are you missing an assembly reference?)
106>D:\Work\IOS-IG-SimHost-FDP-2\Hrot\Subsystems\Hrot.SimHost.Tests\ReplayLoadClusterOpHandlerTests.cs(8,11,8,18): error CS0234: The type or namespace name 'Toolkit' does not exist in the namespace 'Fdp' (are you missing an assembly reference?)
106>D:\Work\IOS-IG-SimHost-FDP-2\Hrot\Subsystems\Hrot.SimHost.Tests\ReplayLoadClusterOpHandlerTests.cs(9,11,9,18): error CS0234: The type or namespace name 'Toolkit' does not exist in the namespace 'Fdp' (are you missing an assembly reference?)
106>D:\Work\IOS-IG-SimHost-FDP-2\Hrot\Subsystems\Hrot.SimHost.Tests\ReplayLoadClusterOpHandlerTests.cs(10,11,10,18): error CS0234: The type or namespace name 'Toolkit' does not exist in the namespace 'Fdp' (are you missing an assembly reference?)
106>D:\Work\IOS-IG-SimHost-FDP-2\Hrot\Subsystems\Hrot.SimHost.Tests\ReplayLoadClusterOpHandlerTests.cs(11,11,11,18): error CS0234: The type or namespace name 'Toolkit' does not exist in the namespace 'Fdp' (are you missing an assembly reference?)
106>D:\Work\IOS-IG-SimHost-FDP-2\Hrot\Subsystems\Hrot.SimHost.Tests\ReplayLoadClusterOpHandlerTests.cs(13,22,13,32): error CS0234: The type or namespace name 'Scheduling' does not exist in the namespace 'Fdp.ModuleHost' (are you missing an assembly reference?)
106>D:\Work\IOS-IG-SimHost-FDP-2\Hrot\Subsystems\Hrot.SimHost.Tests\RouteContextSystemTests.cs(2,12,2,15): error CS0234: The type or namespace name 'Map' does not exist in the namespace 'Hrot' (are you missing an assembly reference?)
106>D:\Work\IOS-IG-SimHost-FDP-2\Hrot\Subsystems\Hrot.SimHost.Tests\RouteContextSystemTests.cs(3,12,3,15): error CS0234: The type or namespace name 'CGF' does not exist in the namespace 'Hrot' (are you missing an assembly reference?)
106>D:\Work\IOS-IG-SimHost-FDP-2\Hrot\Subsystems\Hrot.SimHost.Tests\RouteContextSystemTests.cs(4,11,4,15): error CS0234: The type or namespace name 'Core' does not exist in the namespace 'Fdp' (are you missing an assembly reference?)
106>D:\Work\IOS-IG-SimHost-FDP-2\Hrot\Subsystems\Hrot.SimHost.Tests\RouteContextSystemTests.cs(5,11,5,18): error CS0234: The type or namespace name 'Toolkit' does not exist in the namespace 'Fdp' (are you missing an assembly reference?)
106>D:\Work\IOS-IG-SimHost-FDP-2\Hrot\Subsystems\Hrot.SimHost.Tests\RouteContextSystemTests.cs(6,11,6,18): error CS0234: The type or namespace name 'Toolkit' does not exist in the namespace 'Fdp' (are you missing an assembly reference?)
106>D:\Work\IOS-IG-SimHost-FDP-2\Hrot\Subsystems\Hrot.SimHost.Tests\RouteContextSystemTests.cs(7,22,7,34): error CS0234: The type or namespace name 'Abstractions' does not exist in the namespace 'Fdp.ModuleHost' (are you missing an assembly reference?)
106>D:\Work\IOS-IG-SimHost-FDP-2\Hrot\Subsystems\Hrot.SimHost.Tests\RouteTrajectorySyncSystemTests.cs(3,12,3,15): error CS0234: The type or namespace name 'Map' does not exist in the namespace 'Hrot' (are you missing an assembly reference?)
106>D:\Work\IOS-IG-SimHost-FDP-2\Hrot\Subsystems\Hrot.SimHost.Tests\RouteTrajectorySyncSystemTests.cs(4,20,4,27): error CS0234: The type or namespace name 'Systems' does not exist in the namespace 'Hrot.SimHost' (are you missing an assembly reference?)
106>D:\Work\IOS-IG-SimHost-FDP-2\Hrot\Subsystems\Hrot.SimHost.Tests\RouteTrajectorySyncSystemTests.cs(5,7,5,15): error CS0246: The type or namespace name 'CarKinem' could not be found (are you missing a using directive or an assembly reference?)
106>D:\Work\IOS-IG-SimHost-FDP-2\Hrot\Subsystems\Hrot.SimHost.Tests\RouteTrajectorySyncSystemTests.cs(6,11,6,15): error CS0234: The type or namespace name 'Core' does not exist in the namespace 'Fdp' (are you missing an assembly reference?)
106>D:\Work\IOS-IG-SimHost-FDP-2\Hrot\Subsystems\Hrot.SimHost.Tests\RouteTrajectorySyncSystemTests.cs(7,11,7,18): error CS0234: The type or namespace name 'Toolkit' does not exist in the namespace 'Fdp' (are you missing an assembly reference?)
106>D:\Work\IOS-IG-SimHost-FDP-2\Hrot\Subsystems\Hrot.SimHost.Tests\RouteTrajectorySyncSystemTests.cs(8,11,8,18): error CS0234: The type or namespace name 'Toolkit' does not exist in the namespace 'Fdp' (are you missing an assembly reference?)
106>D:\Work\IOS-IG-SimHost-FDP-2\Hrot\Subsystems\Hrot.SimHost.Tests\SimHostAppTests.cs(4,12,4,15): error CS0234: The type or namespace name 'Map' does not exist in the namespace 'Hrot' (are you missing an assembly reference?)
106>D:\Work\IOS-IG-SimHost-FDP-2\Hrot\Subsystems\Hrot.SimHost.Tests\SimHostAppTests.cs(5,12,5,15): error CS0234: The type or namespace name 'Map' does not exist in the namespace 'Hrot' (are you missing an assembly reference?)
106>D:\Work\IOS-IG-SimHost-FDP-2\Hrot\Subsystems\Hrot.SimHost.Tests\SimHostAppTests.cs(6,12,6,15): error CS0234: The type or namespace name 'Map' does not exist in the namespace 'Hrot' (are you missing an assembly reference?)
106>D:\Work\IOS-IG-SimHost-FDP-2\Hrot\Subsystems\Hrot.SimHost.Tests\SimHostAppTests.cs(8,7,8,15): error CS0246: The type or namespace name 'CarKinem' could not be found (are you missing a using directive or an assembly reference?)
106>D:\Work\IOS-IG-SimHost-FDP-2\Hrot\Subsystems\Hrot.SimHost.Tests\SimHostAppTests.cs(10,11,10,15): error CS0234: The type or namespace name 'Core' does not exist in the namespace 'Fdp' (are you missing an assembly reference?)
106>D:\Work\IOS-IG-SimHost-FDP-2\Hrot\Subsystems\Hrot.SimHost.Tests\SimHostAppTests.cs(12,11,12,18): error CS0234: The type or namespace name 'Toolkit' does not exist in the namespace 'Fdp' (are you missing an assembly reference?)
106>D:\Work\IOS-IG-SimHost-FDP-2\Hrot\Subsystems\Hrot.SimHost.Tests\SimHostAppTests.cs(13,11,13,18): error CS0234: The type or namespace name 'Toolkit' does not exist in the namespace 'Fdp' (are you missing an assembly reference?)
106>D:\Work\IOS-IG-SimHost-FDP-2\Hrot\Subsystems\Hrot.SimHost.Tests\SimHostAppTests.cs(14,11,14,18): error CS0234: The type or namespace name 'Toolkit' does not exist in the namespace 'Fdp' (are you missing an assembly reference?)
106>D:\Work\IOS-IG-SimHost-FDP-2\Hrot\Subsystems\Hrot.SimHost.Tests\SimHostAppTests.cs(15,11,15,18): error CS0234: The type or namespace name 'Toolkit' does not exist in the namespace 'Fdp' (are you missing an assembly reference?)
106>D:\Work\IOS-IG-SimHost-FDP-2\Hrot\Subsystems\Hrot.SimHost.Tests\SimHostComponentRegistrationTests.cs(6,12,6,15): error CS0234: The type or namespace name 'NED' does not exist in the namespace 'Hrot' (are you missing an assembly reference?)
106>D:\Work\IOS-IG-SimHost-FDP-2\Hrot\Subsystems\Hrot.SimHost.Tests\SimHostComponentRegistrationTests.cs(8,20,8,33): error CS0234: The type or namespace name 'Configuration' does not exist in the namespace 'Hrot.SimHost' (are you missing an assembly reference?)
106>D:\Work\IOS-IG-SimHost-FDP-2\Hrot\Subsystems\Hrot.SimHost.Tests\SimHostComponentRegistrationTests.cs(9,12,9,15): error CS0234: The type or namespace name 'Map' does not exist in the namespace 'Hrot' (are you missing an assembly reference?)
106>D:\Work\IOS-IG-SimHost-FDP-2\Hrot\Subsystems\Hrot.SimHost.Tests\SimHostComponentRegistrationTests.cs(10,12,10,18): error CS0234: The type or namespace name 'Common' does not exist in the namespace 'Hrot' (are you missing an assembly reference?)
106>D:\Work\IOS-IG-SimHost-FDP-2\Hrot\Subsystems\Hrot.SimHost.Tests\SimHostComponentRegistrationTests.cs(12,11,12,15): error CS0234: The type or namespace name 'Core' does not exist in the namespace 'Fdp' (are you missing an assembly reference?)
106>D:\Work\IOS-IG-SimHost-FDP-2\Hrot\Subsystems\Hrot.SimHost.Tests\SimHostComponentRegistrationTests.cs(13,11,13,18): error CS0234: The type or namespace name 'Toolkit' does not exist in the namespace 'Fdp' (are you missing an assembly reference?)
106>D:\Work\IOS-IG-SimHost-FDP-2\Hrot\Subsystems\Hrot.SimHost.Tests\SimHostComponentRegistrationTests.cs(14,11,14,18): error CS0234: The type or namespace name 'Toolkit' does not exist in the namespace 'Fdp' (are you missing an assembly reference?)
106>D:\Work\IOS-IG-SimHost-FDP-2\Hrot\Subsystems\Hrot.SimHost.Tests\SimHostComponentRegistrationTests.cs(15,11,15,18): error CS0234: The type or namespace name 'Toolkit' does not exist in the namespace 'Fdp' (are you missing an assembly reference?)
106>D:\Work\IOS-IG-SimHost-FDP-2\Hrot\Subsystems\Hrot.SimHost.Tests\SimHostComponentRegistrationTests.cs(16,11,16,18): error CS0234: The type or namespace name 'Network' does not exist in the namespace 'Fdp' (are you missing an assembly reference?)
106>D:\Work\IOS-IG-SimHost-FDP-2\Hrot\Subsystems\Hrot.SimHost.Tests\SimHostComponentRegistrationTests.cs(17,11,17,18): error CS0234: The type or namespace name 'Network' does not exist in the namespace 'Fdp' (are you missing an assembly reference?)
106>D:\Work\IOS-IG-SimHost-FDP-2\Hrot\Subsystems\Hrot.SimHost.Tests\SimHostComponentRegistrationTests.cs(18,11,18,18): error CS0234: The type or namespace name 'Network' does not exist in the namespace 'Fdp' (are you missing an assembly reference?)
106>D:\Work\IOS-IG-SimHost-FDP-2\Hrot\Subsystems\Hrot.SimHost.Tests\SimHostCoreLogicPackTests.cs(2,7,2,15): error CS0246: The type or namespace name 'CarKinem' could not be found (are you missing a using directive or an assembly reference?)
106>D:\Work\IOS-IG-SimHost-FDP-2\Hrot\Subsystems\Hrot.SimHost.Tests\SimHostCoreLogicPackTests.cs(3,7,3,15): error CS0246: The type or namespace name 'CarKinem' could not be found (are you missing a using directive or an assembly reference?)
106>D:\Work\IOS-IG-SimHost-FDP-2\Hrot\Subsystems\Hrot.SimHost.Tests\SimHostCoreLogicPackTests.cs(4,7,4,15): error CS0246: The type or namespace name 'CarKinem' could not be found (are you missing a using directive or an assembly reference?)
106>D:\Work\IOS-IG-SimHost-FDP-2\Hrot\Subsystems\Hrot.SimHost.Tests\SimHostCoreLogicPackTests.cs(5,7,5,15): error CS0246: The type or namespace name 'CarKinem' could not be found (are you missing a using directive or an assembly reference?)
106>D:\Work\IOS-IG-SimHost-FDP-2\Hrot\Subsystems\Hrot.SimHost.Tests\SimHostCoreLogicPackTests.cs(6,7,6,15): error CS0246: The type or namespace name 'CarKinem' could not be found (are you missing a using directive or an assembly reference?)
106>D:\Work\IOS-IG-SimHost-FDP-2\Hrot\Subsystems\Hrot.SimHost.Tests\SimHostCoreLogicPackTests.cs(7,11,7,15): error CS0234: The type or namespace name 'Core' does not exist in the namespace 'Fdp' (are you missing an assembly reference?)
106>D:\Work\IOS-IG-SimHost-FDP-2\Hrot\Subsystems\Hrot.SimHost.Tests\SimHostCoreLogicPackTests.cs(8,11,8,18): error CS0234: The type or namespace name 'Toolkit' does not exist in the namespace 'Fdp' (are you missing an assembly reference?)
106>D:\Work\IOS-IG-SimHost-FDP-2\Hrot\Subsystems\Hrot.SimHost.Tests\SimHostCoreLogicPackTests.cs(9,11,9,18): error CS0234: The type or namespace name 'Toolkit' does not exist in the namespace 'Fdp' (are you missing an assembly reference?)
106>D:\Work\IOS-IG-SimHost-FDP-2\Hrot\Subsystems\Hrot.SimHost.Tests\SimHostCoreLogicPackTests.cs(10,11,10,18): error CS0234: The type or namespace name 'Toolkit' does not exist in the namespace 'Fdp' (are you missing an assembly reference?)
106>D:\Work\IOS-IG-SimHost-FDP-2\Hrot\Subsystems\Hrot.SimHost.Tests\SimHostCoreLogicPackTests.cs(11,11,11,18): error CS0234: The type or namespace name 'Toolkit' does not exist in the namespace 'Fdp' (are you missing an assembly reference?)
106>D:\Work\IOS-IG-SimHost-FDP-2\Hrot\Subsystems\Hrot.SimHost.Tests\SimHostCoreLogicPackTests.cs(12,11,12,18): error CS0234: The type or namespace name 'Toolkit' does not exist in the namespace 'Fdp' (are you missing an assembly reference?)
106>D:\Work\IOS-IG-SimHost-FDP-2\Hrot\Subsystems\Hrot.SimHost.Tests\SimHostCoreLogicPackTests.cs(13,11,13,18): error CS0234: The type or namespace name 'Toolkit' does not exist in the namespace 'Fdp' (are you missing an assembly reference?)
106>D:\Work\IOS-IG-SimHost-FDP-2\Hrot\Subsystems\Hrot.SimHost.Tests\SimHostCoreLogicPackTests.cs(14,11,14,18): error CS0234: The type or namespace name 'Toolkit' does not exist in the namespace 'Fdp' (are you missing an assembly reference?)
106>D:\Work\IOS-IG-SimHost-FDP-2\Hrot\Subsystems\Hrot.SimHost.Tests\SimHostCoreLogicPackTests.cs(15,11,15,18): error CS0234: The type or namespace name 'Toolkit' does not exist in the namespace 'Fdp' (are you missing an assembly reference?)
106>D:\Work\IOS-IG-SimHost-FDP-2\Hrot\Subsystems\Hrot.SimHost.Tests\SimHostCoreLogicPackTests.cs(16,11,16,18): error CS0234: The type or namespace name 'Toolkit' does not exist in the namespace 'Fdp' (are you missing an assembly reference?)
106>D:\Work\IOS-IG-SimHost-FDP-2\Hrot\Subsystems\Hrot.SimHost.Tests\SimHostCoreLogicPackTests.cs(17,11,17,18): error CS0234: The type or namespace name 'Toolkit' does not exist in the namespace 'Fdp' (are you missing an assembly reference?)
106>D:\Work\IOS-IG-SimHost-FDP-2\Hrot\Subsystems\Hrot.SimHost.Tests\SimHostCoreLogicPackTests.cs(18,11,18,18): error CS0234: The type or namespace name 'Toolkit' does not exist in the namespace 'Fdp' (are you missing an assembly reference?)
106>D:\Work\IOS-IG-SimHost-FDP-2\Hrot\Subsystems\Hrot.SimHost.Tests\SimHostCoreLogicPackTests.cs(19,12,19,18): error CS0234: The type or namespace name 'Common' does not exist in the namespace 'Hrot' (are you missing an assembly reference?)
106>D:\Work\IOS-IG-SimHost-FDP-2\Hrot\Subsystems\Hrot.SimHost.Tests\SimHostCoreLogicPackTests.cs(21,20,21,27): error CS0234: The type or namespace name 'Systems' does not exist in the namespace 'Hrot.SimHost' (are you missing an assembly reference?)
106>D:\Work\IOS-IG-SimHost-FDP-2\Hrot\Subsystems\Hrot.SimHost.Tests\SimHostCoreLogicPackTests.cs(23,22,23,34): error CS0234: The type or namespace name 'Abstractions' does not exist in the namespace 'Fdp.ModuleHost' (are you missing an assembly reference?)
106>D:\Work\IOS-IG-SimHost-FDP-2\Hrot\Subsystems\Hrot.SimHost.Tests\SimHostScenarioManagerTests.cs(5,12,5,15): error CS0234: The type or namespace name 'Map' does not exist in the namespace 'Hrot' (are you missing an assembly reference?)
106>D:\Work\IOS-IG-SimHost-FDP-2\Hrot\Subsystems\Hrot.SimHost.Tests\SimHostScenarioManagerTests.cs(6,20,6,33): error CS0234: The type or namespace name 'Configuration' does not exist in the namespace 'Hrot.SimHost' (are you missing an assembly reference?)
106>D:\Work\IOS-IG-SimHost-FDP-2\Hrot\Subsystems\Hrot.SimHost.Tests\SimHostScenarioManagerTests.cs(7,20,7,22): error CS0234: The type or namespace name 'UI' does not exist in the namespace 'Hrot.SimHost' (are you missing an assembly reference?)
106>D:\Work\IOS-IG-SimHost-FDP-2\Hrot\Subsystems\Hrot.SimHost.Tests\SimHostScenarioManagerTests.cs(8,7,8,15): error CS0246: The type or namespace name 'CarKinem' could not be found (are you missing a using directive or an assembly reference?)
106>D:\Work\IOS-IG-SimHost-FDP-2\Hrot\Subsystems\Hrot.SimHost.Tests\SimHostScenarioManagerTests.cs(9,7,9,15): error CS0246: The type or namespace name 'CarKinem' could not be found (are you missing a using directive or an assembly reference?)
106>D:\Work\IOS-IG-SimHost-FDP-2\Hrot\Subsystems\Hrot.SimHost.Tests\SimHostScenarioManagerTests.cs(10,7,10,15): error CS0246: The type or namespace name 'CarKinem' could not be found (are you missing a using directive or an assembly reference?)
106>D:\Work\IOS-IG-SimHost-FDP-2\Hrot\Subsystems\Hrot.SimHost.Tests\SimHostScenarioManagerTests.cs(11,7,11,15): error CS0246: The type or namespace name 'CarKinem' could not be found (are you missing a using directive or an assembly reference?)
106>D:\Work\IOS-IG-SimHost-FDP-2\Hrot\Subsystems\Hrot.SimHost.Tests\SimHostScenarioManagerTests.cs(12,11,12,15): error CS0234: The type or namespace name 'Core' does not exist in the namespace 'Fdp' (are you missing an assembly reference?)
106>D:\Work\IOS-IG-SimHost-FDP-2\Hrot\Subsystems\Hrot.SimHost.Tests\SimHostScenarioManagerTests.cs(13,11,13,18): error CS0234: The type or namespace name 'Toolkit' does not exist in the namespace 'Fdp' (are you missing an assembly reference?)
106>D:\Work\IOS-IG-SimHost-FDP-2\Hrot\Subsystems\Hrot.SimHost.Tests\SimHostScenarioManagerTests.cs(14,11,14,18): error CS0234: The type or namespace name 'Toolkit' does not exist in the namespace 'Fdp' (are you missing an assembly reference?)
106>D:\Work\IOS-IG-SimHost-FDP-2\Hrot\Subsystems\Hrot.SimHost.Tests\SimHostScenarioManagerTests.cs(15,11,15,18): error CS0234: The type or namespace name 'Toolkit' does not exist in the namespace 'Fdp' (are you missing an assembly reference?)
106>D:\Work\IOS-IG-SimHost-FDP-2\Hrot\Subsystems\Hrot.SimHost.Tests\SimHostScenarioManagerTests.cs(16,11,16,18): error CS0234: The type or namespace name 'Toolkit' does not exist in the namespace 'Fdp' (are you missing an assembly reference?)
106>D:\Work\IOS-IG-SimHost-FDP-2\Hrot\Subsystems\Hrot.SimHost.Tests\SimHostTimeSyncTests.cs(5,11,5,18): error CS0234: The type or namespace name 'Network' does not exist in the namespace 'Fdp' (are you missing an assembly reference?)
106>D:\Work\IOS-IG-SimHost-FDP-2\Hrot\Subsystems\Hrot.SimHost.Tests\SimHostTrajectoryLayerTests.cs(3,12,3,15): error CS0234: The type or namespace name 'Map' does not exist in the namespace 'Hrot' (are you missing an assembly reference?)
106>D:\Work\IOS-IG-SimHost-FDP-2\Hrot\Subsystems\Hrot.SimHost.Tests\SimHostTrajectoryLayerTests.cs(4,20,4,33): error CS0234: The type or namespace name 'Visualization' does not exist in the namespace 'Hrot.SimHost' (are you missing an assembly reference?)
106>D:\Work\IOS-IG-SimHost-FDP-2\Hrot\Subsystems\Hrot.SimHost.Tests\SimHostTrajectoryLayerTests.cs(5,7,5,15): error CS0246: The type or namespace name 'CarKinem' could not be found (are you missing a using directive or an assembly reference?)
106>D:\Work\IOS-IG-SimHost-FDP-2\Hrot\Subsystems\Hrot.SimHost.Tests\SimHostTrajectoryLayerTests.cs(6,7,6,15): error CS0246: The type or namespace name 'CarKinem' could not be found (are you missing a using directive or an assembly reference?)
106>D:\Work\IOS-IG-SimHost-FDP-2\Hrot\Subsystems\Hrot.SimHost.Tests\SimHostTrajectoryLayerTests.cs(7,11,7,15): error CS0234: The type or namespace name 'Core' does not exist in the namespace 'Fdp' (are you missing an assembly reference?)
106>D:\Work\IOS-IG-SimHost-FDP-2\Hrot\Subsystems\Hrot.SimHost.Tests\SimHostTrajectoryLayerTests.cs(8,11,8,23): error CS0234: The type or namespace name 'Presentation' does not exist in the namespace 'Fdp' (are you missing an assembly reference?)
106>D:\Work\IOS-IG-SimHost-FDP-2\Hrot\Subsystems\Hrot.SimHost.Tests\SimHostTrajectoryLayerTests.cs(9,11,9,18): error CS0234: The type or namespace name 'Toolkit' does not exist in the namespace 'Fdp' (are you missing an assembly reference?)
106>D:\Work\IOS-IG-SimHost-FDP-2\Hrot\Subsystems\Hrot.SimHost.Tests\SimHostTrajectoryLayerTests.cs(10,22,10,34): error CS0234: The type or namespace name 'Abstractions' does not exist in the namespace 'Fdp.ModuleHost' (are you missing an assembly reference?)
106>D:\Work\IOS-IG-SimHost-FDP-2\Hrot\Subsystems\Hrot.SimHost.Tests\SimHostVisualizationTests.cs(15,33,15,40): error CS0234: The type or namespace name 'Toolkit' does not exist in the namespace 'Fdp' (are you missing an assembly reference?)
106>D:\Work\IOS-IG-SimHost-FDP-2\Hrot\Subsystems\Hrot.SimHost.Tests\SimHostVisualizationTests.cs(16,33,16,40): error CS0234: The type or namespace name 'Toolkit' does not exist in the namespace 'Fdp' (are you missing an assembly reference?)
106>D:\Work\IOS-IG-SimHost-FDP-2\Hrot\Subsystems\Hrot.SimHost.Tests\SimHostVisualizationTests.cs(4,12,4,16): error CS0234: The type or namespace name 'Core' does not exist in the namespace 'Hrot' (are you missing an assembly reference?)
106>D:\Work\IOS-IG-SimHost-FDP-2\Hrot\Subsystems\Hrot.SimHost.Tests\SimHostVisualizationTests.cs(6,7,6,15): error CS0246: The type or namespace name 'CarKinem' could not be found (are you missing a using directive or an assembly reference?)
106>D:\Work\IOS-IG-SimHost-FDP-2\Hrot\Subsystems\Hrot.SimHost.Tests\SimHostVisualizationTests.cs(7,7,7,15): error CS0246: The type or namespace name 'CarKinem' could not be found (are you missing a using directive or an assembly reference?)
106>D:\Work\IOS-IG-SimHost-FDP-2\Hrot\Subsystems\Hrot.SimHost.Tests\SimHostVisualizationTests.cs(8,7,8,15): error CS0246: The type or namespace name 'CarKinem' could not be found (are you missing a using directive or an assembly reference?)
106>D:\Work\IOS-IG-SimHost-FDP-2\Hrot\Subsystems\Hrot.SimHost.Tests\SimHostVisualizationTests.cs(9,7,9,15): error CS0246: The type or namespace name 'CarKinem' could not be found (are you missing a using directive or an assembly reference?)
106>D:\Work\IOS-IG-SimHost-FDP-2\Hrot\Subsystems\Hrot.SimHost.Tests\SimHostVisualizationTests.cs(10,11,10,15): error CS0234: The type or namespace name 'Core' does not exist in the namespace 'Fdp' (are you missing an assembly reference?)
106>D:\Work\IOS-IG-SimHost-FDP-2\Hrot\Subsystems\Hrot.SimHost.Tests\SimHostVisualizationTests.cs(11,11,11,18): error CS0234: The type or namespace name 'Toolkit' does not exist in the namespace 'Fdp' (are you missing an assembly reference?)
106>D:\Work\IOS-IG-SimHost-FDP-2\Hrot\Subsystems\Hrot.SimHost.Tests\SimHostVisualizationTests.cs(12,11,12,18): error CS0234: The type or namespace name 'Toolkit' does not exist in the namespace 'Fdp' (are you missing an assembly reference?)
106>D:\Work\IOS-IG-SimHost-FDP-2\Hrot\Subsystems\Hrot.SimHost.Tests\SimHostVisualizationTests.cs(13,11,13,18): error CS0234: The type or namespace name 'Toolkit' does not exist in the namespace 'Fdp' (are you missing an assembly reference?)
106>D:\Work\IOS-IG-SimHost-FDP-2\Hrot\Subsystems\Hrot.SimHost.Tests\SimHostVisualizationTests.cs(14,11,14,18): error CS0234: The type or namespace name 'Toolkit' does not exist in the namespace 'Fdp' (are you missing an assembly reference?)
106>D:\Work\IOS-IG-SimHost-FDP-2\Hrot\Subsystems\Hrot.SimHost.Tests\SpawnEntityCommandTests.cs(4,12,4,15): error CS0234: The type or namespace name 'Map' does not exist in the namespace 'Hrot' (are you missing an assembly reference?)
106>D:\Work\IOS-IG-SimHost-FDP-2\Hrot\Subsystems\Hrot.SimHost.Tests\SpawnEntityCommandTests.cs(5,20,5,33): error CS0234: The type or namespace name 'Configuration' does not exist in the namespace 'Hrot.SimHost' (are you missing an assembly reference?)
106>D:\Work\IOS-IG-SimHost-FDP-2\Hrot\Subsystems\Hrot.SimHost.Tests\SpawnEntityCommandTests.cs(6,20,6,22): error CS0234: The type or namespace name 'UI' does not exist in the namespace 'Hrot.SimHost' (are you missing an assembly reference?)
106>D:\Work\IOS-IG-SimHost-FDP-2\Hrot\Subsystems\Hrot.SimHost.Tests\SpawnEntityCommandTests.cs(7,7,7,15): error CS0246: The type or namespace name 'CarKinem' could not be found (are you missing a using directive or an assembly reference?)
106>D:\Work\IOS-IG-SimHost-FDP-2\Hrot\Subsystems\Hrot.SimHost.Tests\SpawnEntityCommandTests.cs(8,7,8,15): error CS0246: The type or namespace name 'CarKinem' could not be found (are you missing a using directive or an assembly reference?)
106>D:\Work\IOS-IG-SimHost-FDP-2\Hrot\Subsystems\Hrot.SimHost.Tests\SpawnEntityCommandTests.cs(9,11,9,15): error CS0234: The type or namespace name 'Core' does not exist in the namespace 'Fdp' (are you missing an assembly reference?)
106>D:\Work\IOS-IG-SimHost-FDP-2\Hrot\Subsystems\Hrot.SimHost.Tests\SpawnEntityCommandTests.cs(10,11,10,18): error CS0234: The type or namespace name 'Toolkit' does not exist in the namespace 'Fdp' (are you missing an assembly reference?)
106>D:\Work\IOS-IG-SimHost-FDP-2\Hrot\Subsystems\Hrot.SimHost.Tests\SpawnEntityCommandTests.cs(11,11,11,18): error CS0234: The type or namespace name 'Toolkit' does not exist in the namespace 'Fdp' (are you missing an assembly reference?)
106>D:\Work\IOS-IG-SimHost-FDP-2\Hrot\Subsystems\Hrot.SimHost.Tests\SstRequestFinalizationSystemTests.cs(3,12,3,15): error CS0234: The type or namespace name 'CGF' does not exist in the namespace 'Hrot' (are you missing an assembly reference?)
106>D:\Work\IOS-IG-SimHost-FDP-2\Hrot\Subsystems\Hrot.SimHost.Tests\SstRequestFinalizationSystemTests.cs(4,12,4,16): error CS0234: The type or namespace name 'Core' does not exist in the namespace 'Hrot' (are you missing an assembly reference?)
106>D:\Work\IOS-IG-SimHost-FDP-2\Hrot\Subsystems\Hrot.SimHost.Tests\SstRequestFinalizationSystemTests.cs(5,11,5,15): error CS0234: The type or namespace name 'Core' does not exist in the namespace 'Fdp' (are you missing an assembly reference?)
106>D:\Work\IOS-IG-SimHost-FDP-2\Hrot\Subsystems\Hrot.SimHost.Tests\SstRequestFinalizationSystemTests.cs(6,11,6,18): error CS0234: The type or namespace name 'Toolkit' does not exist in the namespace 'Fdp' (are you missing an assembly reference?)
106>D:\Work\IOS-IG-SimHost-FDP-2\Hrot\Subsystems\Hrot.SimHost.Tests\StagingEntityExtractorTests.cs(7,11,7,15): error CS0234: The type or namespace name 'Core' does not exist in the namespace 'Fdp' (are you missing an assembly reference?)
106>D:\Work\IOS-IG-SimHost-FDP-2\Hrot\Subsystems\Hrot.SimHost.Tests\StagingEntityExtractorTests.cs(8,11,8,18): error CS0234: The type or namespace name 'Toolkit' does not exist in the namespace 'Fdp' (are you missing an assembly reference?)
106>D:\Work\IOS-IG-SimHost-FDP-2\Hrot\Subsystems\Hrot.SimHost.Tests\StagingEntityExtractorTests.cs(9,11,9,18): error CS0234: The type or namespace name 'Toolkit' does not exist in the namespace 'Fdp' (are you missing an assembly reference?)
106>D:\Work\IOS-IG-SimHost-FDP-2\Hrot\Subsystems\Hrot.SimHost.Tests\StagingEntityExtractorTests.cs(10,11,10,18): error CS0234: The type or namespace name 'Toolkit' does not exist in the namespace 'Fdp' (are you missing an assembly reference?)
106>D:\Work\IOS-IG-SimHost-FDP-2\Hrot\Subsystems\Hrot.SimHost.Tests\StagingEntityExtractorTests.cs(11,11,11,18): error CS0234: The type or namespace name 'Toolkit' does not exist in the namespace 'Fdp' (are you missing an assembly reference?)
106>D:\Work\IOS-IG-SimHost-FDP-2\Hrot\Subsystems\Hrot.SimHost.Tests\StagingEntityExtractorTests.cs(12,11,12,18): error CS0234: The type or namespace name 'Toolkit' does not exist in the namespace 'Fdp' (are you missing an assembly reference?)
106>D:\Work\IOS-IG-SimHost-FDP-2\Hrot\Subsystems\Hrot.SimHost.Tests\StagingEntityExtractorTests.cs(13,11,13,18): error CS0234: The type or namespace name 'Toolkit' does not exist in the namespace 'Fdp' (are you missing an assembly reference?)
106>D:\Work\IOS-IG-SimHost-FDP-2\Hrot\Subsystems\Hrot.SimHost.Tests\StagingEntityExtractorTests.cs(14,12,14,15): error CS0234: The type or namespace name 'CGF' does not exist in the namespace 'Hrot' (are you missing an assembly reference?)
106>D:\Work\IOS-IG-SimHost-FDP-2\Hrot\Subsystems\Hrot.SimHost.Tests\StagingEntityExtractorTests.cs(15,12,15,18): error CS0234: The type or namespace name 'Common' does not exist in the namespace 'Hrot' (are you missing an assembly reference?)
106>D:\Work\IOS-IG-SimHost-FDP-2\Hrot\Subsystems\Hrot.SimHost.Tests\SubsystemHeadlessTests.cs(1,11,1,18): error CS0234: The type or namespace name 'Toolkit' does not exist in the namespace 'Fdp' (are you missing an assembly reference?)
106>D:\Work\IOS-IG-SimHost-FDP-2\Hrot\Subsystems\Hrot.SimHost.Tests\Systems\GenesisMaterializationSystemTests.cs(2,11,2,15): error CS0234: The type or namespace name 'Core' does not exist in the namespace 'Fdp' (are you missing an assembly reference?)
106>D:\Work\IOS-IG-SimHost-FDP-2\Hrot\Subsystems\Hrot.SimHost.Tests\Systems\GenesisMaterializationSystemTests.cs(3,11,3,15): error CS0234: The type or namespace name 'Core' does not exist in the namespace 'Fdp' (are you missing an assembly reference?)
106>D:\Work\IOS-IG-SimHost-FDP-2\Hrot\Subsystems\Hrot.SimHost.Tests\Systems\GenesisMaterializationSystemTests.cs(4,22,4,34): error CS0234: The type or namespace name 'Abstractions' does not exist in the namespace 'Fdp.ModuleHost' (are you missing an assembly reference?)
106>D:\Work\IOS-IG-SimHost-FDP-2\Hrot\Subsystems\Hrot.SimHost.Tests\Systems\GenesisMaterializationSystemTests.cs(5,11,5,18): error CS0234: The type or namespace name 'Toolkit' does not exist in the namespace 'Fdp' (are you missing an assembly reference?)
106>D:\Work\IOS-IG-SimHost-FDP-2\Hrot\Subsystems\Hrot.SimHost.Tests\Systems\GenesisMaterializationSystemTests.cs(6,11,6,18): error CS0234: The type or namespace name 'Toolkit' does not exist in the namespace 'Fdp' (are you missing an assembly reference?)
106>D:\Work\IOS-IG-SimHost-FDP-2\Hrot\Subsystems\Hrot.SimHost.Tests\Systems\GenesisMaterializationSystemTests.cs(7,11,7,18): error CS0234: The type or namespace name 'Toolkit' does not exist in the namespace 'Fdp' (are you missing an assembly reference?)
106>D:\Work\IOS-IG-SimHost-FDP-2\Hrot\Subsystems\Hrot.SimHost.Tests\Systems\GenesisMaterializationSystemTests.cs(8,11,8,18): error CS0234: The type or namespace name 'Toolkit' does not exist in the namespace 'Fdp' (are you missing an assembly reference?)
106>D:\Work\IOS-IG-SimHost-FDP-2\Hrot\Subsystems\Hrot.SimHost.Tests\Systems\GenesisMaterializationSystemTests.cs(9,11,9,18): error CS0234: The type or namespace name 'Toolkit' does not exist in the namespace 'Fdp' (are you missing an assembly reference?)
106>D:\Work\IOS-IG-SimHost-FDP-2\Hrot\Subsystems\Hrot.SimHost.Tests\Systems\GenesisMaterializationSystemTests.cs(10,11,10,18): error CS0234: The type or namespace name 'Toolkit' does not exist in the namespace 'Fdp' (are you missing an assembly reference?)
106>D:\Work\IOS-IG-SimHost-FDP-2\Hrot\Subsystems\Hrot.SimHost.Tests\Systems\GenesisMaterializationSystemTests.cs(11,12,11,18): error CS0234: The type or namespace name 'Common' does not exist in the namespace 'Hrot' (are you missing an assembly reference?)
106>D:\Work\IOS-IG-SimHost-FDP-2\Hrot\Subsystems\Hrot.SimHost.Tests\Systems\GenesisMaterializationSystemTests.cs(12,12,12,15): error CS0234: The type or namespace name 'Map' does not exist in the namespace 'Hrot' (are you missing an assembly reference?)
106>D:\Work\IOS-IG-SimHost-FDP-2\Hrot\Subsystems\Hrot.SimHost.Tests\Systems\GenesisMaterializationSystemTests.cs(13,20,13,27): error CS0234: The type or namespace name 'Systems' does not exist in the namespace 'Hrot.SimHost' (are you missing an assembly reference?)
106>D:\Work\IOS-IG-SimHost-FDP-2\Hrot\Subsystems\Hrot.SimHost.Tests\Systems\MissionControlExecutionSystemTests.cs(3,12,3,16): error CS0234: The type or namespace name 'Core' does not exist in the namespace 'Hrot' (are you missing an assembly reference?)
106>D:\Work\IOS-IG-SimHost-FDP-2\Hrot\Subsystems\Hrot.SimHost.Tests\Systems\MissionControlExecutionSystemTests.cs(4,12,4,18): error CS0234: The type or namespace name 'Common' does not exist in the namespace 'Hrot' (are you missing an assembly reference?)
106>D:\Work\IOS-IG-SimHost-FDP-2\Hrot\Subsystems\Hrot.SimHost.Tests\Systems\MissionControlExecutionSystemTests.cs(5,12,5,18): error CS0234: The type or namespace name 'Common' does not exist in the namespace 'Hrot' (are you missing an assembly reference?)
106>D:\Work\IOS-IG-SimHost-FDP-2\Hrot\Subsystems\Hrot.SimHost.Tests\Systems\MissionControlExecutionSystemTests.cs(6,11,6,15): error CS0234: The type or namespace name 'Core' does not exist in the namespace 'Fdp' (are you missing an assembly reference?)
106>D:\Work\IOS-IG-SimHost-FDP-2\Hrot\Subsystems\Hrot.SimHost.Tests\Systems\MissionControlExecutionSystemTests.cs(7,11,7,18): error CS0234: The type or namespace name 'Toolkit' does not exist in the namespace 'Fdp' (are you missing an assembly reference?)
106>D:\Work\IOS-IG-SimHost-FDP-2\Hrot\Subsystems\Hrot.SimHost.Tests\Systems\MissionControlExecutionSystemTests.cs(8,11,8,18): error CS0234: The type or namespace name 'Toolkit' does not exist in the namespace 'Fdp' (are you missing an assembly reference?)
106>D:\Work\IOS-IG-SimHost-FDP-2\Hrot\Subsystems\Hrot.SimHost.Tests\Systems\MissionControlExecutionSystemTests.cs(9,11,9,18): error CS0234: The type or namespace name 'Toolkit' does not exist in the namespace 'Fdp' (are you missing an assembly reference?)
106>D:\Work\IOS-IG-SimHost-FDP-2\Hrot\Subsystems\Hrot.SimHost.Tests\Systems\MissionControlExecutionSystemTests.cs(10,11,10,18): error CS0234: The type or namespace name 'Toolkit' does not exist in the namespace 'Fdp' (are you missing an assembly reference?)
106>D:\Work\IOS-IG-SimHost-FDP-2\Hrot\Subsystems\Hrot.SimHost.Tests\Systems\MissionControlExecutionSystemTests.cs(11,22,11,34): error CS0234: The type or namespace name 'Abstractions' does not exist in the namespace 'Fdp.ModuleHost' (are you missing an assembly reference?)
106>D:\Work\IOS-IG-SimHost-FDP-2\Hrot\Subsystems\Hrot.SimHost.Tests\Systems\MissionControlRequestSystemFollowRouteTests.cs(4,11,4,21): error CS0234: The type or namespace name 'Interfaces' does not exist in the namespace 'Fdp' (are you missing an assembly reference?)
106>D:\Work\IOS-IG-SimHost-FDP-2\Hrot\Subsystems\Hrot.SimHost.Tests\Systems\MissionControlRequestSystemFollowRouteTests.cs(5,12,5,18): error CS0234: The type or namespace name 'Common' does not exist in the namespace 'Hrot' (are you missing an assembly reference?)
106>D:\Work\IOS-IG-SimHost-FDP-2\Hrot\Subsystems\Hrot.SimHost.Tests\Systems\MissionControlRequestSystemFollowRouteTests.cs(6,12,6,16): error CS0234: The type or namespace name 'Core' does not exist in the namespace 'Hrot' (are you missing an assembly reference?)
106>D:\Work\IOS-IG-SimHost-FDP-2\Hrot\Subsystems\Hrot.SimHost.Tests\Systems\MissionControlRequestSystemFollowRouteTests.cs(7,12,7,15): error CS0234: The type or namespace name 'Map' does not exist in the namespace 'Hrot' (are you missing an assembly reference?)
106>D:\Work\IOS-IG-SimHost-FDP-2\Hrot\Subsystems\Hrot.SimHost.Tests\Systems\MissionControlRequestSystemFollowRouteTests.cs(8,12,8,15): error CS0234: The type or namespace name 'Map' does not exist in the namespace 'Hrot' (are you missing an assembly reference?)
106>D:\Work\IOS-IG-SimHost-FDP-2\Hrot\Subsystems\Hrot.SimHost.Tests\Systems\MissionControlRequestSystemFollowRouteTests.cs(9,20,9,27): error CS0234: The type or namespace name 'Systems' does not exist in the namespace 'Hrot.SimHost' (are you missing an assembly reference?)
106>D:\Work\IOS-IG-SimHost-FDP-2\Hrot\Subsystems\Hrot.SimHost.Tests\Systems\MissionControlRequestSystemFollowRouteTests.cs(10,11,10,15): error CS0234: The type or namespace name 'Core' does not exist in the namespace 'Fdp' (are you missing an assembly reference?)
106>D:\Work\IOS-IG-SimHost-FDP-2\Hrot\Subsystems\Hrot.SimHost.Tests\Systems\MissionControlRequestSystemFollowRouteTests.cs(11,11,11,18): error CS0234: The type or namespace name 'Toolkit' does not exist in the namespace 'Fdp' (are you missing an assembly reference?)
106>D:\Work\IOS-IG-SimHost-FDP-2\Hrot\Subsystems\Hrot.SimHost.Tests\Systems\MissionControlRequestSystemFollowRouteTests.cs(12,11,12,18): error CS0234: The type or namespace name 'Toolkit' does not exist in the namespace 'Fdp' (are you missing an assembly reference?)
106>D:\Work\IOS-IG-SimHost-FDP-2\Hrot\Subsystems\Hrot.SimHost.Tests\Systems\MissionControlRequestSystemFollowRouteTests.cs(13,11,13,18): error CS0234: The type or namespace name 'Toolkit' does not exist in the namespace 'Fdp' (are you missing an assembly reference?)
106>D:\Work\IOS-IG-SimHost-FDP-2\Hrot\Subsystems\Hrot.SimHost.Tests\Systems\MissionControlRequestSystemFollowRouteTests.cs(14,11,14,18): error CS0234: The type or namespace name 'Toolkit' does not exist in the namespace 'Fdp' (are you missing an assembly reference?)
106>D:\Work\IOS-IG-SimHost-FDP-2\Hrot\Subsystems\Hrot.SimHost.Tests\Systems\MissionControlRequestSystemFollowRouteTests.cs(15,11,15,18): error CS0234: The type or namespace name 'Toolkit' does not exist in the namespace 'Fdp' (are you missing an assembly reference?)
106>D:\Work\IOS-IG-SimHost-FDP-2\Hrot\Subsystems\Hrot.SimHost.Tests\Systems\MissionControlRequestSystemFollowRouteTests.cs(16,22,16,34): error CS0234: The type or namespace name 'Abstractions' does not exist in the namespace 'Fdp.ModuleHost' (are you missing an assembly reference?)
106>D:\Work\IOS-IG-SimHost-FDP-2\Hrot\Subsystems\Hrot.SimHost.Tests\TacGraphicRouteBlueprintTests.cs(1,12,1,15): error CS0234: The type or namespace name 'Map' does not exist in the namespace 'Hrot' (are you missing an assembly reference?)
106>D:\Work\IOS-IG-SimHost-FDP-2\Hrot\Subsystems\Hrot.SimHost.Tests\TacGraphicRouteBlueprintTests.cs(2,12,2,15): error CS0234: The type or namespace name 'Map' does not exist in the namespace 'Hrot' (are you missing an assembly reference?)
106>D:\Work\IOS-IG-SimHost-FDP-2\Hrot\Subsystems\Hrot.SimHost.Tests\TacGraphicRouteBlueprintTests.cs(3,11,3,18): error CS0234: The type or namespace name 'Toolkit' does not exist in the namespace 'Fdp' (are you missing an assembly reference?)
106>D:\Work\IOS-IG-SimHost-FDP-2\Hrot\Subsystems\Hrot.SimHost.Tests\TacticalIntentEgressTranslatorTests.cs(3,11,3,15): error CS0234: The type or namespace name 'Core' does not exist in the namespace 'Fdp' (are you missing an assembly reference?)
106>D:\Work\IOS-IG-SimHost-FDP-2\Hrot\Subsystems\Hrot.SimHost.Tests\TacticalIntentEgressTranslatorTests.cs(4,11,4,18): error CS0234: The type or namespace name 'Toolkit' does not exist in the namespace 'Fdp' (are you missing an assembly reference?)
106>D:\Work\IOS-IG-SimHost-FDP-2\Hrot\Subsystems\Hrot.SimHost.Tests\TacticalIntentEgressTranslatorTests.cs(5,11,5,18): error CS0234: The type or namespace name 'Toolkit' does not exist in the namespace 'Fdp' (are you missing an assembly reference?)
106>D:\Work\IOS-IG-SimHost-FDP-2\Hrot\Subsystems\Hrot.SimHost.Tests\TacticalIntentEgressTranslatorTests.cs(6,11,6,18): error CS0234: The type or namespace name 'Toolkit' does not exist in the namespace 'Fdp' (are you missing an assembly reference?)
106>D:\Work\IOS-IG-SimHost-FDP-2\Hrot\Subsystems\Hrot.SimHost.Tests\TacticalIntentEgressTranslatorTests.cs(7,12,7,15): error CS0234: The type or namespace name 'Map' does not exist in the namespace 'Hrot' (are you missing an assembly reference?)
106>D:\Work\IOS-IG-SimHost-FDP-2\Hrot\Subsystems\Hrot.SimHost.Tests\TacticalIntentEgressTranslatorTests.cs(8,12,8,15): error CS0234: The type or namespace name 'NED' does not exist in the namespace 'Hrot' (are you missing an assembly reference?)
106>D:\Work\IOS-IG-SimHost-FDP-2\Hrot\Subsystems\Hrot.SimHost.Tests\TacticalIntentEgressTranslatorTests.cs(9,12,9,19): error CS0234: The type or namespace name 'Network' does not exist in the namespace 'Hrot' (are you missing an assembly reference?)
106>D:\Work\IOS-IG-SimHost-FDP-2\Hrot\Subsystems\Hrot.SimHost.Tests\TacticalIntentIngressTranslatorTests.cs(2,11,2,15): error CS0234: The type or namespace name 'Core' does not exist in the namespace 'Fdp' (are you missing an assembly reference?)
106>D:\Work\IOS-IG-SimHost-FDP-2\Hrot\Subsystems\Hrot.SimHost.Tests\TacticalIntentIngressTranslatorTests.cs(3,11,3,18): error CS0234: The type or namespace name 'Toolkit' does not exist in the namespace 'Fdp' (are you missing an assembly reference?)
106>D:\Work\IOS-IG-SimHost-FDP-2\Hrot\Subsystems\Hrot.SimHost.Tests\TacticalIntentIngressTranslatorTests.cs(4,11,4,18): error CS0234: The type or namespace name 'Toolkit' does not exist in the namespace 'Fdp' (are you missing an assembly reference?)
106>D:\Work\IOS-IG-SimHost-FDP-2\Hrot\Subsystems\Hrot.SimHost.Tests\TacticalIntentIngressTranslatorTests.cs(5,12,5,15): error CS0234: The type or namespace name 'NED' does not exist in the namespace 'Hrot' (are you missing an assembly reference?)
106>D:\Work\IOS-IG-SimHost-FDP-2\Hrot\Subsystems\Hrot.SimHost.Tests\TacticalIntentIngressTranslatorTests.cs(6,12,6,19): error CS0234: The type or namespace name 'Network' does not exist in the namespace 'Hrot' (are you missing an assembly reference?)
106>D:\Work\IOS-IG-SimHost-FDP-2\Hrot\Subsystems\Hrot.SimHost.Tests\TacticalIntentResolutionSystemTests.cs(2,11,2,15): error CS0234: The type or namespace name 'Core' does not exist in the namespace 'Fdp' (are you missing an assembly reference?)
106>D:\Work\IOS-IG-SimHost-FDP-2\Hrot\Subsystems\Hrot.SimHost.Tests\TacticalIntentResolutionSystemTests.cs(3,11,3,18): error CS0234: The type or namespace name 'Toolkit' does not exist in the namespace 'Fdp' (are you missing an assembly reference?)
106>D:\Work\IOS-IG-SimHost-FDP-2\Hrot\Subsystems\Hrot.SimHost.Tests\TacticalIntentResolutionSystemTests.cs(4,11,4,18): error CS0234: The type or namespace name 'Toolkit' does not exist in the namespace 'Fdp' (are you missing an assembly reference?)
106>D:\Work\IOS-IG-SimHost-FDP-2\Hrot\Subsystems\Hrot.SimHost.Tests\TacticalIntentResolutionSystemTests.cs(5,11,5,18): error CS0234: The type or namespace name 'Toolkit' does not exist in the namespace 'Fdp' (are you missing an assembly reference?)
106>D:\Work\IOS-IG-SimHost-FDP-2\Hrot\Subsystems\Hrot.SimHost.Tests\TacticalIntentResolutionSystemTests.cs(6,11,6,18): error CS0234: The type or namespace name 'Toolkit' does not exist in the namespace 'Fdp' (are you missing an assembly reference?)
106>D:\Work\IOS-IG-SimHost-FDP-2\Hrot\Subsystems\Hrot.SimHost.Tests\TacticalIntentResolutionSystemTests.cs(7,12,7,15): error CS0234: The type or namespace name 'CGF' does not exist in the namespace 'Hrot' (are you missing an assembly reference?)
106>D:\Work\IOS-IG-SimHost-FDP-2\Hrot\Subsystems\Hrot.SimHost.Tests\TargetMemoryTranslatorTests.cs(4,11,4,15): error CS0234: The type or namespace name 'Core' does not exist in the namespace 'Fdp' (are you missing an assembly reference?)
106>D:\Work\IOS-IG-SimHost-FDP-2\Hrot\Subsystems\Hrot.SimHost.Tests\TargetMemoryTranslatorTests.cs(5,11,5,21): error CS0234: The type or namespace name 'Interfaces' does not exist in the namespace 'Fdp' (are you missing an assembly reference?)
106>D:\Work\IOS-IG-SimHost-FDP-2\Hrot\Subsystems\Hrot.SimHost.Tests\TargetMemoryTranslatorTests.cs(6,22,6,34): error CS0234: The type or namespace name 'Abstractions' does not exist in the namespace 'Fdp.ModuleHost' (are you missing an assembly reference?)
106>D:\Work\IOS-IG-SimHost-FDP-2\Hrot\Subsystems\Hrot.SimHost.Tests\TargetMemoryTranslatorTests.cs(7,11,7,18): error CS0234: The type or namespace name 'Toolkit' does not exist in the namespace 'Fdp' (are you missing an assembly reference?)
106>D:\Work\IOS-IG-SimHost-FDP-2\Hrot\Subsystems\Hrot.SimHost.Tests\TargetMemoryTranslatorTests.cs(8,11,8,18): error CS0234: The type or namespace name 'Toolkit' does not exist in the namespace 'Fdp' (are you missing an assembly reference?)
106>D:\Work\IOS-IG-SimHost-FDP-2\Hrot\Subsystems\Hrot.SimHost.Tests\TargetMemoryTranslatorTests.cs(9,11,9,18): error CS0234: The type or namespace name 'Toolkit' does not exist in the namespace 'Fdp' (are you missing an assembly reference?)
106>D:\Work\IOS-IG-SimHost-FDP-2\Hrot\Subsystems\Hrot.SimHost.Tests\TargetMemoryTranslatorTests.cs(10,11,10,18): error CS0234: The type or namespace name 'Toolkit' does not exist in the namespace 'Fdp' (are you missing an assembly reference?)
106>D:\Work\IOS-IG-SimHost-FDP-2\Hrot\Subsystems\Hrot.SimHost.Tests\TargetMemoryTranslatorTests.cs(11,12,11,18): error CS0234: The type or namespace name 'Common' does not exist in the namespace 'Hrot' (are you missing an assembly reference?)
106>D:\Work\IOS-IG-SimHost-FDP-2\Hrot\Subsystems\Hrot.SimHost.Tests\TargetMemoryTranslatorTests.cs(12,20,12,31): error CS0234: The type or namespace name 'Serializers' does not exist in the namespace 'Hrot.SimHost' (are you missing an assembly reference?)
106>D:\Work\IOS-IG-SimHost-FDP-2\Hrot\Subsystems\Hrot.SimHost.Tests\TkbDatabaseSingletonTests.cs(1,11,1,15): error CS0234: The type or namespace name 'Core' does not exist in the namespace 'Fdp' (are you missing an assembly reference?)
106>D:\Work\IOS-IG-SimHost-FDP-2\Hrot\Subsystems\Hrot.SimHost.Tests\TkbDatabaseSingletonTests.cs(2,11,2,21): error CS0234: The type or namespace name 'Interfaces' does not exist in the namespace 'Fdp' (are you missing an assembly reference?)
106>D:\Work\IOS-IG-SimHost-FDP-2\Hrot\Subsystems\Hrot.SimHost.Tests\TkbDatabaseSingletonTests.cs(3,11,3,18): error CS0234: The type or namespace name 'Toolkit' does not exist in the namespace 'Fdp' (are you missing an assembly reference?)
106>D:\Work\IOS-IG-SimHost-FDP-2\Hrot\Subsystems\Hrot.SimHost.Tests\TkbLoadClusterStateHandlerTests.cs(8,11,8,15): error CS0234: The type or namespace name 'Core' does not exist in the namespace 'Fdp' (are you missing an assembly reference?)
106>D:\Work\IOS-IG-SimHost-FDP-2\Hrot\Subsystems\Hrot.SimHost.Tests\TkbLoadClusterStateHandlerTests.cs(9,11,9,18): error CS0234: The type or namespace name 'Toolkit' does not exist in the namespace 'Fdp' (are you missing an assembly reference?)
106>D:\Work\IOS-IG-SimHost-FDP-2\Hrot\Subsystems\Hrot.SimHost.Tests\TkbLoadClusterStateHandlerTests.cs(10,11,10,18): error CS0234: The type or namespace name 'Toolkit' does not exist in the namespace 'Fdp' (are you missing an assembly reference?)
106>D:\Work\IOS-IG-SimHost-FDP-2\Hrot\Subsystems\Hrot.SimHost.Tests\TkbLoadClusterStateHandlerTests.cs(11,20,11,33): error CS0234: The type or namespace name 'Orchestration' does not exist in the namespace 'Hrot.SimHost' (are you missing an assembly reference?)
106>D:\Work\IOS-IG-SimHost-FDP-2\Hrot\Subsystems\Hrot.SimHost.Tests\TkbRegistrationTests.cs(1,12,1,15): error CS0234: The type or namespace name 'Map' does not exist in the namespace 'Hrot' (are you missing an assembly reference?)
106>D:\Work\IOS-IG-SimHost-FDP-2\Hrot\Subsystems\Hrot.SimHost.Tests\TkbRegistrationTests.cs(2,12,2,15): error CS0234: The type or namespace name 'Map' does not exist in the namespace 'Hrot' (are you missing an assembly reference?)
106>D:\Work\IOS-IG-SimHost-FDP-2\Hrot\Subsystems\Hrot.SimHost.Tests\TkbRegistrationTests.cs(3,11,3,18): error CS0234: The type or namespace name 'Toolkit' does not exist in the namespace 'Fdp' (are you missing an assembly reference?)
106>D:\Work\IOS-IG-SimHost-FDP-2\Hrot\Subsystems\Hrot.SimHost.Tests\UnitHierarchySystemTests.cs(1,7,1,15): error CS0246: The type or namespace name 'CarKinem' could not be found (are you missing a using directive or an assembly reference?)
106>D:\Work\IOS-IG-SimHost-FDP-2\Hrot\Subsystems\Hrot.SimHost.Tests\UnitHierarchySystemTests.cs(2,11,2,15): error CS0234: The type or namespace name 'Core' does not exist in the namespace 'Fdp' (are you missing an assembly reference?)
106>D:\Work\IOS-IG-SimHost-FDP-2\Hrot\Subsystems\Hrot.SimHost.Tests\UnitHierarchySystemTests.cs(3,11,3,15): error CS0234: The type or namespace name 'Core' does not exist in the namespace 'Fdp' (are you missing an assembly reference?)
106>D:\Work\IOS-IG-SimHost-FDP-2\Hrot\Subsystems\Hrot.SimHost.Tests\UnitHierarchySystemTests.cs(4,22,4,34): error CS0234: The type or namespace name 'Abstractions' does not exist in the namespace 'Fdp.ModuleHost' (are you missing an assembly reference?)
106>D:\Work\IOS-IG-SimHost-FDP-2\Hrot\Subsystems\Hrot.SimHost.Tests\UnitHierarchySystemTests.cs(5,11,5,18): error CS0234: The type or namespace name 'Toolkit' does not exist in the namespace 'Fdp' (are you missing an assembly reference?)
106>D:\Work\IOS-IG-SimHost-FDP-2\Hrot\Subsystems\Hrot.SimHost.Tests\UnitHierarchySystemTests.cs(6,11,6,18): error CS0234: The type or namespace name 'Toolkit' does not exist in the namespace 'Fdp' (are you missing an assembly reference?)
106>D:\Work\IOS-IG-SimHost-FDP-2\Hrot\Subsystems\Hrot.SimHost.Tests\UnitHierarchySystemTests.cs(7,11,7,18): error CS0234: The type or namespace name 'Toolkit' does not exist in the namespace 'Fdp' (are you missing an assembly reference?)
106>D:\Work\IOS-IG-SimHost-FDP-2\Hrot\Subsystems\Hrot.SimHost.Tests\UnitHierarchySystemTests.cs(8,12,8,18): error CS0234: The type or namespace name 'Common' does not exist in the namespace 'Hrot' (are you missing an assembly reference?)
106>D:\Work\IOS-IG-SimHost-FDP-2\Hrot\Subsystems\Hrot.SimHost.Tests\UnitSubordinateTranslatorTests.cs(3,11,3,15): error CS0234: The type or namespace name 'Core' does not exist in the namespace 'Fdp' (are you missing an assembly reference?)
106>D:\Work\IOS-IG-SimHost-FDP-2\Hrot\Subsystems\Hrot.SimHost.Tests\UnitSubordinateTranslatorTests.cs(4,11,4,15): error CS0234: The type or namespace name 'Core' does not exist in the namespace 'Fdp' (are you missing an assembly reference?)
106>D:\Work\IOS-IG-SimHost-FDP-2\Hrot\Subsystems\Hrot.SimHost.Tests\UnitSubordinateTranslatorTests.cs(5,11,5,21): error CS0234: The type or namespace name 'Interfaces' does not exist in the namespace 'Fdp' (are you missing an assembly reference?)
106>D:\Work\IOS-IG-SimHost-FDP-2\Hrot\Subsystems\Hrot.SimHost.Tests\UnitSubordinateTranslatorTests.cs(6,22,6,34): error CS0234: The type or namespace name 'Abstractions' does not exist in the namespace 'Fdp.ModuleHost' (are you missing an assembly reference?)
106>D:\Work\IOS-IG-SimHost-FDP-2\Hrot\Subsystems\Hrot.SimHost.Tests\UnitSubordinateTranslatorTests.cs(7,11,7,18): error CS0234: The type or namespace name 'Toolkit' does not exist in the namespace 'Fdp' (are you missing an assembly reference?)
106>D:\Work\IOS-IG-SimHost-FDP-2\Hrot\Subsystems\Hrot.SimHost.Tests\UnitSubordinateTranslatorTests.cs(8,11,8,18): error CS0234: The type or namespace name 'Toolkit' does not exist in the namespace 'Fdp' (are you missing an assembly reference?)
106>D:\Work\IOS-IG-SimHost-FDP-2\Hrot\Subsystems\Hrot.SimHost.Tests\UnitSubordinateTranslatorTests.cs(9,12,9,18): error CS0234: The type or namespace name 'Common' does not exist in the namespace 'Hrot' (are you missing an assembly reference?)
106>D:\Work\IOS-IG-SimHost-FDP-2\Hrot\Subsystems\Hrot.SimHost.Tests\UnitSubordinateTranslatorTests.cs(10,20,10,31): error CS0234: The type or namespace name 'Serializers' does not exist in the namespace 'Hrot.SimHost' (are you missing an assembly reference?)
106>D:\Work\IOS-IG-SimHost-FDP-2\Hrot\Subsystems\Hrot.SimHost.Tests\UpdateEntityDescriptorRequestSystemTests.cs(4,12,4,15): error CS0234: The type or namespace name 'NED' does not exist in the namespace 'Hrot' (are you missing an assembly reference?)
106>D:\Work\IOS-IG-SimHost-FDP-2\Hrot\Subsystems\Hrot.SimHost.Tests\UpdateEntityDescriptorRequestSystemTests.cs(5,12,5,15): error CS0234: The type or namespace name 'NED' does not exist in the namespace 'Hrot' (are you missing an assembly reference?)
106>D:\Work\IOS-IG-SimHost-FDP-2\Hrot\Subsystems\Hrot.SimHost.Tests\UpdateEntityDescriptorRequestSystemTests.cs(6,12,6,15): error CS0234: The type or namespace name 'NED' does not exist in the namespace 'Hrot' (are you missing an assembly reference?)
106>D:\Work\IOS-IG-SimHost-FDP-2\Hrot\Subsystems\Hrot.SimHost.Tests\UpdateEntityDescriptorRequestSystemTests.cs(7,12,7,15): error CS0234: The type or namespace name 'Map' does not exist in the namespace 'Hrot' (are you missing an assembly reference?)
106>D:\Work\IOS-IG-SimHost-FDP-2\Hrot\Subsystems\Hrot.SimHost.Tests\UpdateEntityDescriptorRequestSystemTests.cs(9,11,9,15): error CS0234: The type or namespace name 'Core' does not exist in the namespace 'Fdp' (are you missing an assembly reference?)
106>D:\Work\IOS-IG-SimHost-FDP-2\Hrot\Subsystems\Hrot.SimHost.Tests\UpdateEntityDescriptorRequestSystemTests.cs(10,11,10,18): error CS0234: The type or namespace name 'Modules' does not exist in the namespace 'Fdp' (are you missing an assembly reference?)
106>D:\Work\IOS-IG-SimHost-FDP-2\Hrot\Subsystems\Hrot.SimHost.Tests\UpdateEntityDescriptorRequestSystemTests.cs(11,11,11,18): error CS0234: The type or namespace name 'Toolkit' does not exist in the namespace 'Fdp' (are you missing an assembly reference?)
106>D:\Work\IOS-IG-SimHost-FDP-2\Hrot\Subsystems\Hrot.SimHost.Tests\UpdateEntityDescriptorRequestSystemTests.cs(12,11,12,18): error CS0234: The type or namespace name 'Toolkit' does not exist in the namespace 'Fdp' (are you missing an assembly reference?)
106>D:\Work\IOS-IG-SimHost-FDP-2\Hrot\Subsystems\Hrot.SimHost.Tests\WeaponFireIntentEgressTranslatorTests.cs(3,12,3,15): error CS0234: The type or namespace name 'NED' does not exist in the namespace 'Hrot' (are you missing an assembly reference?)
106>D:\Work\IOS-IG-SimHost-FDP-2\Hrot\Subsystems\Hrot.SimHost.Tests\WeaponFireIntentEgressTranslatorTests.cs(4,12,4,15): error CS0234: The type or namespace name 'Map' does not exist in the namespace 'Hrot' (are you missing an assembly reference?)
106>D:\Work\IOS-IG-SimHost-FDP-2\Hrot\Subsystems\Hrot.SimHost.Tests\WeaponFireIntentEgressTranslatorTests.cs(5,12,5,19): error CS0234: The type or namespace name 'Network' does not exist in the namespace 'Hrot' (are you missing an assembly reference?)
106>D:\Work\IOS-IG-SimHost-FDP-2\Hrot\Subsystems\Hrot.SimHost.Tests\WeaponFireIntentEgressTranslatorTests.cs(6,11,6,15): error CS0234: The type or namespace name 'Core' does not exist in the namespace 'Fdp' (are you missing an assembly reference?)
106>D:\Work\IOS-IG-SimHost-FDP-2\Hrot\Subsystems\Hrot.SimHost.Tests\WeaponFireIntentEgressTranslatorTests.cs(7,11,7,18): error CS0234: The type or namespace name 'Toolkit' does not exist in the namespace 'Fdp' (are you missing an assembly reference?)
106>D:\Work\IOS-IG-SimHost-FDP-2\Hrot\Subsystems\Hrot.SimHost.Tests\WeaponFireIntentEgressTranslatorTests.cs(8,11,8,18): error CS0234: The type or namespace name 'Toolkit' does not exist in the namespace 'Fdp' (are you missing an assembly reference?)
106>D:\Work\IOS-IG-SimHost-FDP-2\Hrot\Subsystems\Hrot.SimHost.Tests\WeaponFireIntentEgressTranslatorTests.cs(9,11,9,18): error CS0234: The type or namespace name 'Toolkit' does not exist in the namespace 'Fdp' (are you missing an assembly reference?)
106>D:\Work\IOS-IG-SimHost-FDP-2\Hrot\Subsystems\Hrot.SimHost.Tests\WeaponFireNotificationEgressTranslatorTests.cs(3,12,3,15): error CS0234: The type or namespace name 'NED' does not exist in the namespace 'Hrot' (are you missing an assembly reference?)
106>D:\Work\IOS-IG-SimHost-FDP-2\Hrot\Subsystems\Hrot.SimHost.Tests\WeaponFireNotificationEgressTranslatorTests.cs(4,12,4,15): error CS0234: The type or namespace name 'Map' does not exist in the namespace 'Hrot' (are you missing an assembly reference?)
106>D:\Work\IOS-IG-SimHost-FDP-2\Hrot\Subsystems\Hrot.SimHost.Tests\WeaponFireNotificationEgressTranslatorTests.cs(5,12,5,19): error CS0234: The type or namespace name 'Network' does not exist in the namespace 'Hrot' (are you missing an assembly reference?)
106>D:\Work\IOS-IG-SimHost-FDP-2\Hrot\Subsystems\Hrot.SimHost.Tests\WeaponFireNotificationEgressTranslatorTests.cs(6,11,6,15): error CS0234: The type or namespace name 'Core' does not exist in the namespace 'Fdp' (are you missing an assembly reference?)
106>D:\Work\IOS-IG-SimHost-FDP-2\Hrot\Subsystems\Hrot.SimHost.Tests\WeaponFireNotificationEgressTranslatorTests.cs(7,11,7,18): error CS0234: The type or namespace name 'Toolkit' does not exist in the namespace 'Fdp' (are you missing an assembly reference?)
106>D:\Work\IOS-IG-SimHost-FDP-2\Hrot\Subsystems\Hrot.SimHost.Tests\WeaponFireNotificationEgressTranslatorTests.cs(8,11,8,18): error CS0234: The type or namespace name 'Toolkit' does not exist in the namespace 'Fdp' (are you missing an assembly reference?)
106>D:\Work\IOS-IG-SimHost-FDP-2\Hrot\Subsystems\Hrot.SimHost.Tests\WeaponFireRequestIngressTranslatorTests.cs(2,12,2,15): error CS0234: The type or namespace name 'NED' does not exist in the namespace 'Hrot' (are you missing an assembly reference?)
106>D:\Work\IOS-IG-SimHost-FDP-2\Hrot\Subsystems\Hrot.SimHost.Tests\WeaponFireRequestIngressTranslatorTests.cs(3,12,3,19): error CS0234: The type or namespace name 'Network' does not exist in the namespace 'Hrot' (are you missing an assembly reference?)
106>D:\Work\IOS-IG-SimHost-FDP-2\Hrot\Subsystems\Hrot.SimHost.Tests\WeaponFireRequestIngressTranslatorTests.cs(4,11,4,15): error CS0234: The type or namespace name 'Core' does not exist in the namespace 'Fdp' (are you missing an assembly reference?)
106>D:\Work\IOS-IG-SimHost-FDP-2\Hrot\Subsystems\Hrot.SimHost.Tests\WeaponFireRequestIngressTranslatorTests.cs(5,11,5,18): error CS0234: The type or namespace name 'Toolkit' does not exist in the namespace 'Fdp' (are you missing an assembly reference?)
106>D:\Work\IOS-IG-SimHost-FDP-2\Hrot\Subsystems\Hrot.SimHost.Tests\WeaponFireRequestIngressTranslatorTests.cs(6,11,6,18): error CS0234: The type or namespace name 'Toolkit' does not exist in the namespace 'Fdp' (are you missing an assembly reference?)
106>D:\Work\IOS-IG-SimHost-FDP-2\Hrot\Subsystems\Hrot.SimHost.Tests\WeaponFireRequestIngressTranslatorTests.cs(7,22,7,34): error CS0234: The type or namespace name 'Abstractions' does not exist in the namespace 'Fdp.ModuleHost' (are you missing an assembly reference?)
106>D:\Work\IOS-IG-SimHost-FDP-2\Hrot\Subsystems\Hrot.SimHost.Tests\CreateEntityRequestSystemTests.cs(70,55,70,62): error CS0234: The type or namespace name 'Toolkit' does not exist in the namespace 'Fdp' (are you missing an assembly reference?)
106>D:\Work\IOS-IG-SimHost-FDP-2\Hrot\Subsystems\Hrot.SimHost.Tests\BinaryInstallersTests.cs(27,24,27,39): error CS0246: The type or namespace name 'AttributeRecord' could not be found (are you missing a using directive or an assembly reference?)
106>D:\Work\IOS-IG-SimHost-FDP-2\Hrot\Subsystems\Hrot.SimHost.Tests\CreateEntityRequestSystemTests.cs(72,31,72,46): error CS0246: The type or namespace name 'DescriptorGrant' could not be found (are you missing a using directive or an assembly reference?)
106>D:\Work\IOS-IG-SimHost-FDP-2\Hrot\Subsystems\Hrot.SimHost.Tests\CgfLogicPackTests.cs(29,24,29,40): error CS0246: The type or namespace name 'EntityRepository' could not be found (are you missing a using directive or an assembly reference?)
106>D:\Work\IOS-IG-SimHost-FDP-2\Hrot\Subsystems\Hrot.SimHost.Tests\CreateEntityRequestSystemTests.cs(21,45,21,64): error CS0246: The type or namespace name 'INetworkIdAllocator' could not be found (are you missing a using directive or an assembly reference?)
106>D:\Work\IOS-IG-SimHost-FDP-2\Hrot\Subsystems\Hrot.SimHost.Tests\BinaryInstallersTests.cs(38,24,38,39): error CS0246: The type or namespace name 'AttributeRecord' could not be found (are you missing a using directive or an assembly reference?)
106>D:\Work\IOS-IG-SimHost-FDP-2\Hrot\Subsystems\Hrot.SimHost.Tests\BinaryInstallersTests.cs(49,24,49,39): error CS0246: The type or namespace name 'AttributeRecord' could not be found (are you missing a using directive or an assembly reference?)
106>D:\Work\IOS-IG-SimHost-FDP-2\Hrot\Subsystems\Hrot.SimHost.Tests\CreateEntityRequestSystemTests.cs(77,68,77,72): error CS0234: The type or namespace name 'Core' does not exist in the namespace 'Fdp' (are you missing an assembly reference?)
106>D:\Work\IOS-IG-SimHost-FDP-2\Hrot\Subsystems\Hrot.SimHost.Tests\CreateEntityRequestSystemTests.cs(77,30,77,45): error CS0246: The type or namespace name 'DescriptorGrant' could not be found (are you missing a using directive or an assembly reference?)
106>D:\Work\IOS-IG-SimHost-FDP-2\Hrot\Subsystems\Hrot.SimHost.Tests\CgfLogicPackTests.cs(58,24,58,35): error CS0246: The type or namespace name 'TkbDatabase' could not be found (are you missing a using directive or an assembly reference?)
106>D:\Work\IOS-IG-SimHost-FDP-2\Hrot\Subsystems\Hrot.SimHost.Tests\ActionDispatchModuleTests.cs(22,65,22,81): error CS0246: The type or namespace name 'NetworkEntityMap' could not be found (are you missing a using directive or an assembly reference?)
106>D:\Work\IOS-IG-SimHost-FDP-2\Hrot\Subsystems\Hrot.SimHost.Tests\ActionDispatchModuleTests.cs(22,24,22,44): error CS0246: The type or namespace name 'ActionDispatchModule' could not be found (are you missing a using directive or an assembly reference?)
106>D:\Work\IOS-IG-SimHost-FDP-2\Hrot\Subsystems\Hrot.SimHost.Tests\AttributeCompilerFactoryTests.cs(44,24,44,40): error CS0246: The type or namespace name 'EntityRepository' could not be found (are you missing a using directive or an assembly reference?)
106>D:\Work\IOS-IG-SimHost-FDP-2\Hrot\Subsystems\Hrot.SimHost.Tests\BinaryInstallersTests.cs(320,53,320,72): error CS0246: The type or namespace name 'IEntityPatchContext' could not be found (are you missing a using directive or an assembly reference?)
106>D:\Work\IOS-IG-SimHost-FDP-2\Hrot\Subsystems\Hrot.SimHost.Tests\CgfLogicPackTests.cs(65,24,65,40): error CS0246: The type or namespace name 'EntityRepository' could not be found (are you missing a using directive or an assembly reference?)
106>D:\Work\IOS-IG-SimHost-FDP-2\Hrot\Subsystems\Hrot.SimHost.Tests\EcsRecordReplayControllerTests.cs(217,43,217,59): error CS0246: The type or namespace name 'ModuleHostKernel' could not be found (are you missing a using directive or an assembly reference?)
106>D:\Work\IOS-IG-SimHost-FDP-2\Hrot\Subsystems\Hrot.SimHost.Tests\DamageAssessedEgressTranslatorTests.cs(37,18,37,48): error CS0246: The type or namespace name 'DamageAssessedEgressTranslator' could not be found (are you missing a using directive or an assembly reference?)
106>D:\Work\IOS-IG-SimHost-FDP-2\Hrot\Subsystems\Hrot.SimHost.Tests\DamageAssessedEgressTranslatorTests.cs(37,77,37,92): error CS0246: The type or namespace name 'EntityHitDamage' could not be found (are you missing a using directive or an assembly reference?)
106>D:\Work\IOS-IG-SimHost-FDP-2\Hrot\Subsystems\Hrot.SimHost.Tests\CreateEntityRequestSystemTests.cs(92,24,92,35): error CS0246: The type or namespace name 'TkbDatabase' could not be found (are you missing a using directive or an assembly reference?)
106>D:\Work\IOS-IG-SimHost-FDP-2\Hrot\Subsystems\Hrot.SimHost.Tests\CgfLogicPackTests.cs(77,24,77,45): error CS0246: The type or namespace name 'EntityCreationRequest' could not be found (are you missing a using directive or an assembly reference?)
106>D:\Work\IOS-IG-SimHost-FDP-2\Hrot\Subsystems\Hrot.SimHost.Tests\EntityDamageEgressTranslatorTests.cs(34,17,34,23): error CS0246: The type or namespace name 'Entity' could not be found (are you missing a using directive or an assembly reference?)
106>D:\Work\IOS-IG-SimHost-FDP-2\Hrot\Subsystems\Hrot.SimHost.Tests\CheckpointClusterOpHandlerTests.cs(47,17,47,36): error CS0246: The type or namespace name 'ExecuteNodeOpIntent' could not be found (are you missing a using directive or an assembly reference?)
106>D:\Work\IOS-IG-SimHost-FDP-2\Hrot\Subsystems\Hrot.SimHost.Tests\CreateEntityRequestSystemTests.cs(99,24,99,40): error CS0246: The type or namespace name 'EntityRepository' could not be found (are you missing a using directive or an assembly reference?)
106>D:\Work\IOS-IG-SimHost-FDP-2\Hrot\Subsystems\Hrot.SimHost.Tests\EntityDamageEgressTranslatorTests.cs(22,26,22,42): error CS0246: The type or namespace name 'EntityRepository' could not be found (are you missing a using directive or an assembly reference?)
106>D:\Work\IOS-IG-SimHost-FDP-2\Hrot\Subsystems\Hrot.SimHost.Tests\EntityMissionTranslatorTests.cs(44,24,44,40): error CS0246: The type or namespace name 'EntityRepository' could not be found (are you missing a using directive or an assembly reference?)
106>D:\Work\IOS-IG-SimHost-FDP-2\Hrot\Subsystems\Hrot.SimHost.Tests\CreateEntityRequestSystemTests.cs(113,24,113,45): error CS0246: The type or namespace name 'EntityCreationRequest' could not be found (are you missing a using directive or an assembly reference?)
106>D:\Work\IOS-IG-SimHost-FDP-2\Hrot\Subsystems\Hrot.SimHost.Tests\DamageAssessedEgressTranslatorTests.cs(45,17,45,23): error CS0246: The type or namespace name 'Entity' could not be found (are you missing a using directive or an assembly reference?)
106>D:\Work\IOS-IG-SimHost-FDP-2\Hrot\Subsystems\Hrot.SimHost.Tests\AreaQueryBatchDataTests.cs(119,50,119,66): error CS0246: The type or namespace name 'EntityRepository' could not be found (are you missing a using directive or an assembly reference?)
106>D:\Work\IOS-IG-SimHost-FDP-2\Hrot\Subsystems\Hrot.SimHost.Tests\ModuleHostKernelTestExtensions.cs(14,53,14,69): error CS0246: The type or namespace name 'ModuleHostKernel' could not be found (are you missing a using directive or an assembly reference?)
106>D:\Work\IOS-IG-SimHost-FDP-2\Hrot\Subsystems\Hrot.SimHost.Tests\DamageAssessedEgressTranslatorTests.cs(52,35,52,41): error CS0246: The type or namespace name 'Entity' could not be found (are you missing a using directive or an assembly reference?)
106>D:\Work\IOS-IG-SimHost-FDP-2\Hrot\Subsystems\Hrot.SimHost.Tests\CreateEntityRequestSystemTests.cs(123,25,123,37): error CS0246: The type or namespace name 'ITkbDatabase' could not be found (are you missing a using directive or an assembly reference?)
106>D:\Work\IOS-IG-SimHost-FDP-2\Hrot\Subsystems\Hrot.SimHost.Tests\CreateEntityRequestSystemTests.cs(122,25,122,50): error CS0246: The type or namespace name 'CreateEntityRequestSystem' could not be found (are you missing a using directive or an assembly reference?)
106>D:\Work\IOS-IG-SimHost-FDP-2\Hrot\Subsystems\Hrot.SimHost.Tests\CheckpointClusterOpHandlerTests.cs(55,58,55,76): error CS0246: The type or namespace name 'CheckpointIOWorker' could not be found (are you missing a using directive or an assembly reference?)
106>D:\Work\IOS-IG-SimHost-FDP-2\Hrot\Subsystems\Hrot.SimHost.Tests\CheckpointClusterOpHandlerTests.cs(55,17,55,43): error CS0246: The type or namespace name 'ReferenceCheckpointHandler' could not be found (are you missing a using directive or an assembly reference?)
106>D:\Work\IOS-IG-SimHost-FDP-2\Hrot\Subsystems\Hrot.SimHost.Tests\CreateEntityRequestSystemTests.cs(297,24,297,40): error CS0246: The type or namespace name 'EntityRepository' could not be found (are you missing a using directive or an assembly reference?)
106>D:\Work\IOS-IG-SimHost-FDP-2\Hrot\Subsystems\Hrot.SimHost.Tests\EntityMissionTranslatorTests.cs(54,24,54,37): error CS0246: The type or namespace name 'EntityMission' could not be found (are you missing a using directive or an assembly reference?)
106>D:\Work\IOS-IG-SimHost-FDP-2\Hrot\Subsystems\Hrot.SimHost.Tests\DamageAssessedEgressTranslatorTests.cs(25,26,25,42): error CS0246: The type or namespace name 'EntityRepository' could not be found (are you missing a using directive or an assembly reference?)
106>D:\Work\IOS-IG-SimHost-FDP-2\Hrot\Subsystems\Hrot.SimHost.Tests\BinaryInstallersTests.cs(357,53,357,73): error CS0246: The type or namespace name 'IGeographicTransform' could not be found (are you missing a using directive or an assembly reference?)
106>D:\Work\IOS-IG-SimHost-FDP-2\Hrot\Subsystems\Hrot.SimHost.Tests\DamageAssessedEgressTranslatorTests.cs(26,26,26,42): error CS0246: The type or namespace name 'NetworkEntityMap' could not be found (are you missing a using directive or an assembly reference?)
106>D:\Work\IOS-IG-SimHost-FDP-2\Hrot\Subsystems\Hrot.SimHost.Tests\CreateEntityRequestSystemTests.cs(434,24,434,35): error CS0246: The type or namespace name 'TkbDatabase' could not be found (are you missing a using directive or an assembly reference?)
106>D:\Work\IOS-IG-SimHost-FDP-2\Hrot\Subsystems\Hrot.SimHost.Tests\CheckpointClusterOpHandlerTests.cs(26,26,26,42): error CS0246: The type or namespace name 'EntityRepository' could not be found (are you missing a using directive or an assembly reference?)
106>D:\Work\IOS-IG-SimHost-FDP-2\Hrot\Subsystems\Hrot.SimHost.Tests\AreaQueryTranslatorTests.cs(40,24,40,40): error CS0246: The type or namespace name 'EntityRepository' could not be found (are you missing a using directive or an assembly reference?)
106>D:\Work\IOS-IG-SimHost-FDP-2\Hrot\Subsystems\Hrot.SimHost.Tests\AreaQueryTranslatorTests.cs(47,50,47,66): error CS0246: The type or namespace name 'EntityRepository' could not be found (are you missing a using directive or an assembly reference?)
106>D:\Work\IOS-IG-SimHost-FDP-2\Hrot\Subsystems\Hrot.SimHost.Tests\EcsRecordReplayControllerTests.cs(18,26,18,42): error CS0246: The type or namespace name 'EntityRepository' could not be found (are you missing a using directive or an assembly reference?)
106>D:\Work\IOS-IG-SimHost-FDP-2\Hrot\Subsystems\Hrot.SimHost.Tests\DamageAssessedEgressTranslatorTests.cs(18,51,18,64): error CS0246: The type or namespace name 'IDdsWriter<>' could not be found (are you missing a using directive or an assembly reference?)
106>D:\Work\IOS-IG-SimHost-FDP-2\Hrot\Subsystems\Hrot.SimHost.Tests\AreaQueryTranslatorTests.cs(66,63,66,78): error CS0246: The type or namespace name 'SpatialHashGrid' could not be found (are you missing a using directive or an assembly reference?)
106>D:\Work\IOS-IG-SimHost-FDP-2\Hrot\Subsystems\Hrot.SimHost.Tests\AreaQueryTranslatorTests.cs(66,24,66,40): error CS0246: The type or namespace name 'EntityRepository' could not be found (are you missing a using directive or an assembly reference?)
106>D:\Work\IOS-IG-SimHost-FDP-2\Hrot\Subsystems\Hrot.SimHost.Tests\EcsRecordReplayControllerTests.cs(19,26,19,42): error CS0246: The type or namespace name 'EventAccumulator' could not be found (are you missing a using directive or an assembly reference?)
106>D:\Work\IOS-IG-SimHost-FDP-2\Hrot\Subsystems\Hrot.SimHost.Tests\EpisodeLoadClusterOpHandlerTests.cs(22,26,22,42): error CS0246: The type or namespace name 'EntityRepository' could not be found (are you missing a using directive or an assembly reference?)
106>D:\Work\IOS-IG-SimHost-FDP-2\Hrot\Subsystems\Hrot.SimHost.Tests\HillAttackNodeTests.cs(38,50,38,66): error CS0246: The type or namespace name 'EntityRepository' could not be found (are you missing a using directive or an assembly reference?)
106>D:\Work\IOS-IG-SimHost-FDP-2\Hrot\Subsystems\Hrot.SimHost.Tests\EcsRecordReplayControllerTests.cs(20,26,20,42): error CS0246: The type or namespace name 'ModuleHostKernel' could not be found (are you missing a using directive or an assembly reference?)
106>D:\Work\IOS-IG-SimHost-FDP-2\Hrot\Subsystems\Hrot.SimHost.Tests\EpisodeLoadClusterOpHandlerTests.cs(23,26,23,44): error CS0246: The type or namespace name 'ScenarioSerializer' could not be found (are you missing a using directive or an assembly reference?)
106>D:\Work\IOS-IG-SimHost-FDP-2\Hrot\Subsystems\Hrot.SimHost.Tests\AreaQueryTranslatorTests.cs(75,39,75,55): error CS0246: The type or namespace name 'EntityRepository' could not be found (are you missing a using directive or an assembly reference?)
106>D:\Work\IOS-IG-SimHost-FDP-2\Hrot\Subsystems\Hrot.SimHost.Tests\AreaQueryTranslatorTests.cs(75,24,75,30): error CS0246: The type or namespace name 'Entity' could not be found (are you missing a using directive or an assembly reference?)
106>D:\Work\IOS-IG-SimHost-FDP-2\Hrot\Subsystems\Hrot.SimHost.Tests\AttributeCompilerFactoryTests.cs(150,24,150,35): error CS0246: The type or namespace name 'TkbDatabase' could not be found (are you missing a using directive or an assembly reference?)
106>D:\Work\IOS-IG-SimHost-FDP-2\Hrot\Subsystems\Hrot.SimHost.Tests\HillAttackNodeTests.cs(59,24,59,40): error CS0246: The type or namespace name 'EntityRepository' could not be found (are you missing a using directive or an assembly reference?)
106>D:\Work\IOS-IG-SimHost-FDP-2\Hrot\Subsystems\Hrot.SimHost.Tests\AttributeCompilerFactoryTests.cs(157,24,157,40): error CS0246: The type or namespace name 'EntityRepository' could not be found (are you missing a using directive or an assembly reference?)
106>D:\Work\IOS-IG-SimHost-FDP-2\Hrot\Subsystems\Hrot.SimHost.Tests\EntityHitDamageIngressTranslatorTests.cs(30,17,30,49): error CS0246: The type or namespace name 'EntityHitDamageIngressTranslator' could not be found (are you missing a using directive or an assembly reference?)
106>D:\Work\IOS-IG-SimHost-FDP-2\Hrot\Subsystems\Hrot.SimHost.Tests\AttributeCompilerFactoryTests.cs(171,24,171,45): error CS0246: The type or namespace name 'EntityCreationRequest' could not be found (are you missing a using directive or an assembly reference?)
106>D:\Work\IOS-IG-SimHost-FDP-2\Hrot\Subsystems\Hrot.SimHost.Tests\AreaQueryTranslatorTests.cs(88,40,88,56): error CS0246: The type or namespace name 'EntityRepository' could not be found (are you missing a using directive or an assembly reference?)
106>D:\Work\IOS-IG-SimHost-FDP-2\Hrot\Subsystems\Hrot.SimHost.Tests\AreaQueryTranslatorTests.cs(88,81,88,96): error CS0246: The type or namespace name 'SpatialHashGrid' could not be found (are you missing a using directive or an assembly reference?)
106>D:\Work\IOS-IG-SimHost-FDP-2\Hrot\Subsystems\Hrot.SimHost.Tests\AreaQueryTranslatorTests.cs(88,24,88,30): error CS0246: The type or namespace name 'Entity' could not be found (are you missing a using directive or an assembly reference?)
106>D:\Work\IOS-IG-SimHost-FDP-2\Hrot\Subsystems\Hrot.SimHost.Tests\CreateEntityRequestSystemTests.cs(32,47,32,75): error CS0246: The type or namespace name 'IEntityCreationRequestSource' could not be found (are you missing a using directive or an assembly reference?)
106>D:\Work\IOS-IG-SimHost-FDP-2\Hrot\Subsystems\Hrot.SimHost.Tests\AttributeCompilerFactoryTests.cs(183,24,183,49): error CS0246: The type or namespace name 'CreateEntityRequestSystem' could not be found (are you missing a using directive or an assembly reference?)
106>D:\Work\IOS-IG-SimHost-FDP-2\Hrot\Subsystems\Hrot.SimHost.Tests\EpisodeLoadClusterOpHandlerTests.cs(188,6,188,17): error CS0246: The type or namespace name 'ComponentIdAttribute' could not be found (are you missing a using directive or an assembly reference?)
106>D:\Work\IOS-IG-SimHost-FDP-2\Hrot\Subsystems\Hrot.SimHost.Tests\EpisodeLoadClusterOpHandlerTests.cs(188,6,188,17): error CS0246: The type or namespace name 'ComponentId' could not be found (are you missing a using directive or an assembly reference?)
106>D:\Work\IOS-IG-SimHost-FDP-2\Hrot\Subsystems\Hrot.SimHost.Tests\HillAttackNodeTests.cs(69,46,69,62): error CS0246: The type or namespace name 'EntityRepository' could not be found (are you missing a using directive or an assembly reference?)
106>D:\Work\IOS-IG-SimHost-FDP-2\Hrot\Subsystems\Hrot.SimHost.Tests\HillAttackNodeTests.cs(69,69,69,75): error CS0246: The type or namespace name 'Entity' could not be found (are you missing a using directive or an assembly reference?)
106>D:\Work\IOS-IG-SimHost-FDP-2\Hrot\Subsystems\Hrot.SimHost.Tests\HillAttackNodeTests.cs(70,13,70,19): error CS0246: The type or namespace name 'Entity' could not be found (are you missing a using directive or an assembly reference?)
106>D:\Work\IOS-IG-SimHost-FDP-2\Hrot\Subsystems\Hrot.SimHost.Tests\EntityHitDamageIngressTranslatorTests.cs(34,13,34,45): error CS0246: The type or namespace name 'EntityHitDamageIngressTranslator' could not be found (are you missing a using directive or an assembly reference?)
106>D:\Work\IOS-IG-SimHost-FDP-2\Hrot\Subsystems\Hrot.SimHost.Tests\EntityHitDamageIngressTranslatorTests.cs(35,16,35,31): error CS0246: The type or namespace name 'EntityHitDamage' could not be found (are you missing a using directive or an assembly reference?)
106>D:\Work\IOS-IG-SimHost-FDP-2\Hrot\Subsystems\Hrot.SimHost.Tests\EntityHitDamageIngressTranslatorTests.cs(33,30,33,49): error CS0246: The type or namespace name 'DamageAssessedEvent' could not be found (are you missing a using directive or an assembly reference?)
106>D:\Work\IOS-IG-SimHost-FDP-2\Hrot\Subsystems\Hrot.SimHost.Tests\Gizmos\ContextActionRotateHandlerTests.cs(17,26,17,42): error CS0246: The type or namespace name 'EntityRepository' could not be found (are you missing a using directive or an assembly reference?)
106>D:\Work\IOS-IG-SimHost-FDP-2\Hrot\Subsystems\Hrot.SimHost.Tests\EntityHitDamageIngressTranslatorTests.cs(17,26,17,42): error CS0246: The type or namespace name 'EntityRepository' could not be found (are you missing a using directive or an assembly reference?)
106>D:\Work\IOS-IG-SimHost-FDP-2\Hrot\Subsystems\Hrot.SimHost.Tests\AreaQueryTranslatorTests.cs(104,53,104,69): error CS0246: The type or namespace name 'EntityRepository' could not be found (are you missing a using directive or an assembly reference?)
106>D:\Work\IOS-IG-SimHost-FDP-2\Hrot\Subsystems\Hrot.SimHost.Tests\EntityHitDamageIngressTranslatorTests.cs(18,26,18,42): error CS0246: The type or namespace name 'NetworkEntityMap' could not be found (are you missing a using directive or an assembly reference?)
106>D:\Work\IOS-IG-SimHost-FDP-2\Hrot\Subsystems\Hrot.SimHost.Tests\CreateEntityRequestSystemTests.cs(669,52,669,80): error CS0246: The type or namespace name 'IEntityCreationRequestSource' could not be found (are you missing a using directive or an assembly reference?)
106>D:\Work\IOS-IG-SimHost-FDP-2\Hrot\Subsystems\Hrot.SimHost.Tests\CgfScenarioLoadHandlerTests.cs(45,13,45,48): error CS0246: The type or namespace name 'ScenarioEntityCreationRequestSource' could not be found (are you missing a using directive or an assembly reference?)
106>D:\Work\IOS-IG-SimHost-FDP-2\Hrot\Subsystems\Hrot.SimHost.Tests\CgfScenarioLoadHandlerTests.cs(43,24,43,46): error CS0246: The type or namespace name 'CgfScenarioLoadHandler' could not be found (are you missing a using directive or an assembly reference?)
106>D:\Work\IOS-IG-SimHost-FDP-2\Hrot\Subsystems\Hrot.SimHost.Tests\AttributeCompilerFactoryTests.cs(252,24,252,45): error CS0246: The type or namespace name 'JsonAttributeCompiler' could not be found (are you missing a using directive or an assembly reference?)
106>D:\Work\IOS-IG-SimHost-FDP-2\Hrot\Subsystems\Hrot.SimHost.Tests\EqsModuleTests.cs(46,17,46,23): error CS0246: The type or namespace name 'Entity' could not be found (are you missing a using directive or an assembly reference?)
106>D:\Work\IOS-IG-SimHost-FDP-2\Hrot\Subsystems\Hrot.SimHost.Tests\Gizmos\ContextActionRotateHandlerTests.cs(18,26,18,42): error CS0246: The type or namespace name 'NetworkEntityMap' could not be found (are you missing a using directive or an assembly reference?)
106>D:\Work\IOS-IG-SimHost-FDP-2\Hrot\Subsystems\Hrot.SimHost.Tests\HillAttackNodeTests.cs(80,65,80,81): error CS0246: The type or namespace name 'EntityRepository' could not be found (are you missing a using directive or an assembly reference?)
106>D:\Work\IOS-IG-SimHost-FDP-2\Hrot\Subsystems\Hrot.SimHost.Tests\HillAttackNodeTests.cs(80,88,80,94): error CS0246: The type or namespace name 'Entity' could not be found (are you missing a using directive or an assembly reference?)
106>D:\Work\IOS-IG-SimHost-FDP-2\Hrot\Subsystems\Hrot.SimHost.Tests\HillAttackNodeTests.cs(80,28,80,50): error CS0246: The type or namespace name 'HillAttackMutableState' could not be found (are you missing a using directive or an assembly reference?)
106>D:\Work\IOS-IG-SimHost-FDP-2\Hrot\Subsystems\Hrot.SimHost.Tests\EqsModuleTests.cs(66,17,66,23): error CS0246: The type or namespace name 'Entity' could not be found (are you missing a using directive or an assembly reference?)
106>D:\Work\IOS-IG-SimHost-FDP-2\Hrot\Subsystems\Hrot.SimHost.Tests\EqsModuleTests.cs(97,50,97,66): error CS0246: The type or namespace name 'EntityRepository' could not be found (are you missing a using directive or an assembly reference?)
106>D:\Work\IOS-IG-SimHost-FDP-2\Hrot\Subsystems\Hrot.SimHost.Tests\AreaQueryTranslatorTests.cs(118,26,118,42): error CS0246: The type or namespace name 'EntityRepository' could not be found (are you missing a using directive or an assembly reference?)
106>D:\Work\IOS-IG-SimHost-FDP-2\Hrot\Subsystems\Hrot.SimHost.Tests\CreateEntityRequestSystemTests.cs(34,31,34,52): error CS0246: The type or namespace name 'EntityCreationRequest' could not be found (are you missing a using directive or an assembly reference?)
106>D:\Work\IOS-IG-SimHost-FDP-2\Hrot\Subsystems\Hrot.SimHost.Tests\FullBranchPipelineTests.cs(226,75,226,91): error CS0246: The type or namespace name 'EntityRepository' could not be found (are you missing a using directive or an assembly reference?)
106>D:\Work\IOS-IG-SimHost-FDP-2\Hrot\Subsystems\Hrot.SimHost.Tests\AreaQueryTranslatorTests.cs(119,26,119,42): error CS0246: The type or namespace name 'EntityRepository' could not be found (are you missing a using directive or an assembly reference?)
106>D:\Work\IOS-IG-SimHost-FDP-2\Hrot\Subsystems\Hrot.SimHost.Tests\DefendAreaMapperTests.cs(15,24,15,40): error CS0246: The type or namespace name 'EntityRepository' could not be found (are you missing a using directive or an assembly reference?)
106>D:\Work\IOS-IG-SimHost-FDP-2\Hrot\Subsystems\Hrot.SimHost.Tests\EqsModuleTests.cs(24,26,24,42): error CS0246: The type or namespace name 'EntityRepository' could not be found (are you missing a using directive or an assembly reference?)
106>D:\Work\IOS-IG-SimHost-FDP-2\Hrot\Subsystems\Hrot.SimHost.Tests\CgfScenarioLoadHandlerTests.cs(57,24,57,43): error CS0246: The type or namespace name 'ExecuteNodeOpIntent' could not be found (are you missing a using directive or an assembly reference?)
106>D:\Work\IOS-IG-SimHost-FDP-2\Hrot\Subsystems\Hrot.SimHost.Tests\CreateEntityRequestSystemTests.cs(36,29,36,50): error CS0246: The type or namespace name 'EntityCreationRequest' could not be found (are you missing a using directive or an assembly reference?)
106>D:\Work\IOS-IG-SimHost-FDP-2\Hrot\Subsystems\Hrot.SimHost.Tests\BinaryInterpreterTests.cs(17,24,17,40): error CS0246: The type or namespace name 'ListPatchContext' could not be found (are you missing a using directive or an assembly reference?)
106>D:\Work\IOS-IG-SimHost-FDP-2\Hrot\Subsystems\Hrot.SimHost.Tests\EqsModuleTests.cs(25,17,25,32): error CS0246: The type or namespace name 'SpatialHashGrid' could not be found (are you missing a using directive or an assembly reference?)
106>D:\Work\IOS-IG-SimHost-FDP-2\Hrot\Subsystems\Hrot.SimHost.Tests\AreaQueryTranslatorTests.cs(120,26,120,41): error CS0246: The type or namespace name 'SpatialHashGrid' could not be found (are you missing a using directive or an assembly reference?)
106>D:\Work\IOS-IG-SimHost-FDP-2\Hrot\Subsystems\Hrot.SimHost.Tests\EntityMasterEgressTranslatorTests.cs(15,24,15,40): error CS0246: The type or namespace name 'EntityRepository' could not be found (are you missing a using directive or an assembly reference?)
106>D:\Work\IOS-IG-SimHost-FDP-2\Hrot\Subsystems\Hrot.SimHost.Tests\CreateEntityRequestSystemTests.cs(671,28,671,49): error CS0246: The type or namespace name 'EntityCreationRequest' could not be found (are you missing a using directive or an assembly reference?)
106>D:\Work\IOS-IG-SimHost-FDP-2\Hrot\Subsystems\Hrot.SimHost.Tests\AudioTargetDetectedEgressTranslatorTests.cs(38,18,38,53): error CS0246: The type or namespace name 'AudioTargetDetectedEgressTranslator' could not be found (are you missing a using directive or an assembly reference?)
106>D:\Work\IOS-IG-SimHost-FDP-2\Hrot\Subsystems\Hrot.SimHost.Tests\AudioTargetDetectedEgressTranslatorTests.cs(38,82,38,101): error CS0246: The type or namespace name 'AudioTargetDetected' could not be found (are you missing a using directive or an assembly reference?)
106>D:\Work\IOS-IG-SimHost-FDP-2\Hrot\Subsystems\Hrot.SimHost.Tests\CreateEntityRequestSystemTests.cs(38,44,38,65): error CS0246: The type or namespace name 'EntityCreationRequest' could not be found (are you missing a using directive or an assembly reference?)
106>D:\Work\IOS-IG-SimHost-FDP-2\Hrot\Subsystems\Hrot.SimHost.Tests\CreateEntityRequestSystemTests.cs(55,41,55,55): error CS0246: The type or namespace name 'IEntityAckSink' could not be found (are you missing a using directive or an assembly reference?)
106>D:\Work\IOS-IG-SimHost-FDP-2\Hrot\Subsystems\Hrot.SimHost.Tests\EqsModuleTests.cs(511,50,511,65): error CS0246: The type or namespace name 'ISystemRegistry' could not be found (are you missing a using directive or an assembly reference?)
106>D:\Work\IOS-IG-SimHost-FDP-2\Hrot\Subsystems\Hrot.SimHost.Tests\BinaryInterpreterTests.cs(19,24,19,65): error CS0246: The type or namespace name 'BinaryInterpreterBuilder<>' could not be found (are you missing a using directive or an assembly reference?)
106>D:\Work\IOS-IG-SimHost-FDP-2\Hrot\Subsystems\Hrot.SimHost.Tests\BinaryInterpreterTests.cs(19,49,19,64): error CS0246: The type or namespace name 'AttributeRecord' could not be found (are you missing a using directive or an assembly reference?)
106>D:\Work\IOS-IG-SimHost-FDP-2\Hrot\Subsystems\Hrot.SimHost.Tests\AudioTargetDetectedEgressTranslatorTests.cs(46,17,46,23): error CS0246: The type or namespace name 'Entity' could not be found (are you missing a using directive or an assembly reference?)
106>D:\Work\IOS-IG-SimHost-FDP-2\Hrot\Subsystems\Hrot.SimHost.Tests\EditLoadClusterOpHandlerTests.cs(19,6,19,17): error CS0246: The type or namespace name 'ComponentIdAttribute' could not be found (are you missing a using directive or an assembly reference?)
106>D:\Work\IOS-IG-SimHost-FDP-2\Hrot\Subsystems\Hrot.SimHost.Tests\EditLoadClusterOpHandlerTests.cs(19,6,19,17): error CS0246: The type or namespace name 'ComponentId' could not be found (are you missing a using directive or an assembly reference?)
106>D:\Work\IOS-IG-SimHost-FDP-2\Hrot\Subsystems\Hrot.SimHost.Tests\FullBranchPipelineTests.cs(237,43,237,59): error CS0246: The type or namespace name 'ModuleHostKernel' could not be found (are you missing a using directive or an assembly reference?)
106>D:\Work\IOS-IG-SimHost-FDP-2\Hrot\Subsystems\Hrot.SimHost.Tests\BinaryInterpreterTests.cs(22,24,22,39): error CS0246: The type or namespace name 'AttributeRecord' could not be found (are you missing a using directive or an assembly reference?)
106>D:\Work\IOS-IG-SimHost-FDP-2\Hrot\Subsystems\Hrot.SimHost.Tests\AudioTargetDetectedEgressTranslatorTests.cs(53,35,53,41): error CS0246: The type or namespace name 'Entity' could not be found (are you missing a using directive or an assembly reference?)
106>D:\Work\IOS-IG-SimHost-FDP-2\Hrot\Subsystems\Hrot.SimHost.Tests\AreaQueryTranslatorTests.cs(31,51,31,64): error CS0246: The type or namespace name 'IDdsWriter<>' could not be found (are you missing a using directive or an assembly reference?)
106>D:\Work\IOS-IG-SimHost-FDP-2\Hrot\Subsystems\Hrot.SimHost.Tests\CreateEntityRequestSystemTests.cs(673,44,673,65): error CS0246: The type or namespace name 'EntityCreationRequest' could not be found (are you missing a using directive or an assembly reference?)
106>D:\Work\IOS-IG-SimHost-FDP-2\Hrot\Subsystems\Hrot.SimHost.Tests\BinaryInterpreterTests.cs(29,24,29,39): error CS0246: The type or namespace name 'AttributeRecord' could not be found (are you missing a using directive or an assembly reference?)
106>D:\Work\IOS-IG-SimHost-FDP-2\Hrot\Subsystems\Hrot.SimHost.Tests\CreateEntityRequestSystemTests.cs(59,61,59,82): error CS0246: The type or namespace name 'EntityOperationStatus' could not be found (are you missing a using directive or an assembly reference?)
106>D:\Work\IOS-IG-SimHost-FDP-2\Hrot\Subsystems\Hrot.SimHost.Tests\FullBranchPipelineTests.cs(39,26,39,42): error CS0246: The type or namespace name 'EntityRepository' could not be found (are you missing a using directive or an assembly reference?)
106>D:\Work\IOS-IG-SimHost-FDP-2\Hrot\Subsystems\Hrot.SimHost.Tests\AudioTargetDetectedEgressTranslatorTests.cs(26,26,26,42): error CS0246: The type or namespace name 'EntityRepository' could not be found (are you missing a using directive or an assembly reference?)
106>D:\Work\IOS-IG-SimHost-FDP-2\Hrot\Subsystems\Hrot.SimHost.Tests\CycloneNetworkCleanupSystemTests.cs(22,24,22,40): error CS0246: The type or namespace name 'EntityRepository' could not be found (are you missing a using directive or an assembly reference?)
106>D:\Work\IOS-IG-SimHost-FDP-2\Hrot\Subsystems\Hrot.SimHost.Tests\EqsModuleTests.cs(513,63,513,79): error CS0246: The type or namespace name 'IEcsModuleSystem' could not be found (are you missing a using directive or an assembly reference?)
106>D:\Work\IOS-IG-SimHost-FDP-2\Hrot\Subsystems\Hrot.SimHost.Tests\CgfScenarioLoadHandlerTests.cs(26,26,26,42): error CS0246: The type or namespace name 'EntityRepository' could not be found (are you missing a using directive or an assembly reference?)
106>D:\Work\IOS-IG-SimHost-FDP-2\Hrot\Subsystems\Hrot.SimHost.Tests\FullBranchPipelineTests.cs(40,26,40,42): error CS0246: The type or namespace name 'EventAccumulator' could not be found (are you missing a using directive or an assembly reference?)
106>D:\Work\IOS-IG-SimHost-FDP-2\Hrot\Subsystems\Hrot.SimHost.Tests\EditLoadClusterOpHandlerTests.cs(58,17,58,36): error CS0246: The type or namespace name 'ExecuteNodeOpIntent' could not be found (are you missing a using directive or an assembly reference?)
106>D:\Work\IOS-IG-SimHost-FDP-2\Hrot\Subsystems\Hrot.SimHost.Tests\AudioTargetDetectedEgressTranslatorTests.cs(27,26,27,42): error CS0246: The type or namespace name 'NetworkEntityMap' could not be found (are you missing a using directive or an assembly reference?)
106>D:\Work\IOS-IG-SimHost-FDP-2\Hrot\Subsystems\Hrot.SimHost.Tests\CycloneNetworkCleanupSystemTests.cs(37,53,37,69): error CS0246: The type or namespace name 'EntityRepository' could not be found (are you missing a using directive or an assembly reference?)
106>D:\Work\IOS-IG-SimHost-FDP-2\Hrot\Subsystems\Hrot.SimHost.Tests\CycloneNetworkCleanupSystemTests.cs(37,76,37,82): error CS0246: The type or namespace name 'Entity' could not be found (are you missing a using directive or an assembly reference?)
106>D:\Work\IOS-IG-SimHost-FDP-2\Hrot\Subsystems\Hrot.SimHost.Tests\FullBranchPipelineTests.cs(41,26,41,42): error CS0246: The type or namespace name 'ModuleHostKernel' could not be found (are you missing a using directive or an assembly reference?)
106>D:\Work\IOS-IG-SimHost-FDP-2\Hrot\Subsystems\Hrot.SimHost.Tests\CgfScenarioLoadHandlerTests.cs(27,26,27,44): error CS0246: The type or namespace name 'ScenarioSerializer' could not be found (are you missing a using directive or an assembly reference?)
106>D:\Work\IOS-IG-SimHost-FDP-2\Hrot\Subsystems\Hrot.SimHost.Tests\BinaryInterpreterTests.cs(174,50,174,92): error CS0246: The type or namespace name 'IBinaryAttributeInstaller<>' could not be found (are you missing a using directive or an assembly reference?)
106>D:\Work\IOS-IG-SimHost-FDP-2\Hrot\Subsystems\Hrot.SimHost.Tests\BinaryInterpreterTests.cs(174,76,174,91): error CS0246: The type or namespace name 'AttributeRecord' could not be found (are you missing a using directive or an assembly reference?)
106>D:\Work\IOS-IG-SimHost-FDP-2\Hrot\Subsystems\Hrot.SimHost.Tests\DescriptorMapperTests.cs(32,24,32,45): error CS0246: The type or namespace name 'EntityDescriptorUnion' could not be found (are you missing a using directive or an assembly reference?)
106>D:\Work\IOS-IG-SimHost-FDP-2\Hrot\Subsystems\Hrot.SimHost.Tests\EditLoadClusterOpHandlerTests.cs(67,17,67,41): error CS0246: The type or namespace name 'ReferenceEditLoadHandler' could not be found (are you missing a using directive or an assembly reference?)
106>D:\Work\IOS-IG-SimHost-FDP-2\Hrot\Subsystems\Hrot.SimHost.Tests\AudioTargetDetectedEgressTranslatorTests.cs(19,51,19,64): error CS0246: The type or namespace name 'IDdsWriter<>' could not be found (are you missing a using directive or an assembly reference?)
106>D:\Work\IOS-IG-SimHost-FDP-2\Hrot\Subsystems\Hrot.SimHost.Tests\EqsModuleTests.cs(514,81,514,97): error CS0246: The type or namespace name 'IEcsModuleSystem' could not be found (are you missing a using directive or an assembly reference?)
106>D:\Work\IOS-IG-SimHost-FDP-2\Hrot\Subsystems\Hrot.SimHost.Tests\DescriptorMapperTests.cs(39,24,39,45): error CS0246: The type or namespace name 'EntityDescriptorUnion' could not be found (are you missing a using directive or an assembly reference?)
106>D:\Work\IOS-IG-SimHost-FDP-2\Hrot\Subsystems\Hrot.SimHost.Tests\EditLoadClusterOpHandlerTests.cs(73,30,73,46): error CS0246: The type or namespace name 'EntityRepository' could not be found (are you missing a using directive or an assembly reference?)
106>D:\Work\IOS-IG-SimHost-FDP-2\Hrot\Subsystems\Hrot.SimHost.Tests\CycloneNetworkCleanupSystemTests.cs(47,57,47,73): error CS0246: The type or namespace name 'EntityRepository' could not be found (are you missing a using directive or an assembly reference?)
106>D:\Work\IOS-IG-SimHost-FDP-2\Hrot\Subsystems\Hrot.SimHost.Tests\CycloneNetworkCleanupSystemTests.cs(47,24,47,30): error CS0246: The type or namespace name 'Entity' could not be found (are you missing a using directive or an assembly reference?)
106>D:\Work\IOS-IG-SimHost-FDP-2\Hrot\Subsystems\Hrot.SimHost.Tests\EqsModuleTests.cs(514,20,514,36): error CS0246: The type or namespace name 'IEcsModuleSystem' could not be found (are you missing a using directive or an assembly reference?)
106>D:\Work\IOS-IG-SimHost-FDP-2\Hrot\Subsystems\Hrot.SimHost.Tests\DeleteEntityRequestSystemTests.cs(43,24,43,40): error CS0246: The type or namespace name 'EntityRepository' could not be found (are you missing a using directive or an assembly reference?)
106>D:\Work\IOS-IG-SimHost-FDP-2\Hrot\Subsystems\Hrot.SimHost.Tests\DescriptorMapperTests.cs(46,24,46,45): error CS0246: The type or namespace name 'EntityDescriptorUnion' could not be found (are you missing a using directive or an assembly reference?)
106>D:\Work\IOS-IG-SimHost-FDP-2\Hrot\Subsystems\Hrot.SimHost.Tests\BinaryInterpreterTests.cs(176,37,176,78): error CS0246: The type or namespace name 'BinaryInterpreterBuilder<>' could not be found (are you missing a using directive or an assembly reference?)
106>D:\Work\IOS-IG-SimHost-FDP-2\Hrot\Subsystems\Hrot.SimHost.Tests\BinaryInterpreterTests.cs(176,62,176,77): error CS0246: The type or namespace name 'AttributeRecord' could not be found (are you missing a using directive or an assembly reference?)
106>D:\Work\IOS-IG-SimHost-FDP-2\Hrot\Subsystems\Hrot.SimHost.Tests\CycloneNetworkCleanupSystemTests.cs(62,51,62,61): error CS0234: The type or namespace name 'Interfaces' does not exist in the namespace 'Fdp' (are you missing an assembly reference?)
106>D:\Work\IOS-IG-SimHost-FDP-2\Hrot\Subsystems\Hrot.SimHost.Tests\DescriptorMapperTests.cs(58,24,58,45): error CS0246: The type or namespace name 'EntityDescriptorUnion' could not be found (are you missing a using directive or an assembly reference?)
106>D:\Work\IOS-IG-SimHost-FDP-2\Hrot\Subsystems\Hrot.SimHost.Tests\EditLoadClusterOpHandlerTests.cs(33,26,33,42): error CS0246: The type or namespace name 'EntityRepository' could not be found (are you missing a using directive or an assembly reference?)
106>D:\Work\IOS-IG-SimHost-FDP-2\Hrot\Subsystems\Hrot.SimHost.Tests\GenesisIntentComponentsTests.cs(16,26,16,42): error CS0246: The type or namespace name 'EntityRepository' could not be found (are you missing a using directive or an assembly reference?)
106>D:\Work\IOS-IG-SimHost-FDP-2\Hrot\Subsystems\Hrot.SimHost.Tests\EditLoadClusterOpHandlerTests.cs(34,26,34,44): error CS0246: The type or namespace name 'ScenarioSerializer' could not be found (are you missing a using directive or an assembly reference?)
106>D:\Work\IOS-IG-SimHost-FDP-2\Hrot\Subsystems\Hrot.SimHost.Tests\BinaryInterpreterTests.cs(177,45,177,86): error CS0246: The type or namespace name 'BinaryInterpreterBuilder<>' could not be found (are you missing a using directive or an assembly reference?)
106>D:\Work\IOS-IG-SimHost-FDP-2\Hrot\Subsystems\Hrot.SimHost.Tests\BinaryInterpreterTests.cs(177,70,177,85): error CS0246: The type or namespace name 'AttributeRecord' could not be found (are you missing a using directive or an assembly reference?)
106>D:\Work\IOS-IG-SimHost-FDP-2\Hrot\Subsystems\Hrot.SimHost.Tests\HillAttackIntegrationTests.cs(83,50,83,66): error CS0246: The type or namespace name 'EntityRepository' could not be found (are you missing a using directive or an assembly reference?)
106>D:\Work\IOS-IG-SimHost-FDP-2\Hrot\Subsystems\Hrot.SimHost.Tests\DescriptorMapperTests.cs(18,53,18,73): error CS0246: The type or namespace name 'IGeographicTransform' could not be found (are you missing a using directive or an assembly reference?)
106>D:\Work\IOS-IG-SimHost-FDP-2\Hrot\Subsystems\Hrot.SimHost.Tests\CycloneNetworkCleanupSystemTests.cs(68,20,68,39): error CS0246: The type or namespace name 'TranslatorDirection' could not be found (are you missing a using directive or an assembly reference?)
106>D:\Work\IOS-IG-SimHost-FDP-2\Hrot\Subsystems\Hrot.SimHost.Tests\CgfScenarioLoadHandlerTests.cs(248,53,248,68): error CS0246: The type or namespace name 'IScenarioLoader' could not be found (are you missing a using directive or an assembly reference?)
106>D:\Work\IOS-IG-SimHost-FDP-2\Hrot\Subsystems\Hrot.SimHost.Tests\DeleteEntityRequestSystemTests.cs(50,13,50,38): error CS0246: The type or namespace name 'DeleteEntityRequestSystem' could not be found (are you missing a using directive or an assembly reference?)
106>D:\Work\IOS-IG-SimHost-FDP-2\Hrot\Subsystems\Hrot.SimHost.Tests\DeleteEntityRequestSystemTests.cs(53,13,53,29): error CS0246: The type or namespace name 'NetworkEntityMap' could not be found (are you missing a using directive or an assembly reference?)
106>D:\Work\IOS-IG-SimHost-FDP-2\Hrot\Subsystems\Hrot.SimHost.Tests\DeleteEntityRequestSystemTests.cs(54,13,54,44): error CS0246: The type or namespace name 'EntityRequestFinalizationSystem' could not be found (are you missing a using directive or an assembly reference?)
106>D:\Work\IOS-IG-SimHost-FDP-2\Hrot\Subsystems\Hrot.SimHost.Tests\HillAttackIntegrationTests.cs(102,17,102,23): error CS0246: The type or namespace name 'Entity' could not be found (are you missing a using directive or an assembly reference?)
106>D:\Work\IOS-IG-SimHost-FDP-2\Hrot\Subsystems\Hrot.SimHost.Tests\BinaryInterpreterTests.cs(179,33,179,74): error CS0246: The type or namespace name 'BinaryInterpreterBuilder<>' could not be found (are you missing a using directive or an assembly reference?)
106>D:\Work\IOS-IG-SimHost-FDP-2\Hrot\Subsystems\Hrot.SimHost.Tests\BinaryInterpreterTests.cs(179,58,179,73): error CS0246: The type or namespace name 'AttributeRecord' could not be found (are you missing a using directive or an assembly reference?)
106>D:\Work\IOS-IG-SimHost-FDP-2\Hrot\Subsystems\Hrot.SimHost.Tests\Gizmos\EntityRotatorGizmoActivationTests.cs(54,26,54,42): error CS0246: The type or namespace name 'EntityRepository' could not be found (are you missing a using directive or an assembly reference?)
106>D:\Work\IOS-IG-SimHost-FDP-2\Hrot\Subsystems\Hrot.SimHost.Tests\DeleteEntityRequestSystemTests.cs(25,56,25,84): error CS0246: The type or namespace name 'IEntityDeletionRequestSource' could not be found (are you missing a using directive or an assembly reference?)
106>D:\Work\IOS-IG-SimHost-FDP-2\Hrot\Subsystems\Hrot.SimHost.Tests\HillAttackIntegrationTests.cs(122,17,122,23): error CS0246: The type or namespace name 'Entity' could not be found (are you missing a using directive or an assembly reference?)
106>D:\Work\IOS-IG-SimHost-FDP-2\Hrot\Subsystems\Hrot.SimHost.Tests\CgfEpisodeLoadHandlerTests.cs(57,13,57,48): error CS0246: The type or namespace name 'ScenarioEntityCreationRequestSource' could not be found (are you missing a using directive or an assembly reference?)
106>D:\Work\IOS-IG-SimHost-FDP-2\Hrot\Subsystems\Hrot.SimHost.Tests\CgfEpisodeLoadHandlerTests.cs(55,17,55,38): error CS0246: The type or namespace name 'CgfEpisodeLoadHandler' could not be found (are you missing a using directive or an assembly reference?)
106>D:\Work\IOS-IG-SimHost-FDP-2\Hrot\Subsystems\Hrot.SimHost.Tests\Integration\HierarchyCapacityIntegrationTests.cs(20,22,20,38): error CS0246: The type or namespace name 'EntityRepository' could not be found (are you missing a using directive or an assembly reference?)
106>D:\Work\IOS-IG-SimHost-FDP-2\Hrot\Subsystems\Hrot.SimHost.Tests\CycloneNetworkCleanupSystemTests.cs(72,37,72,57): error CS0246: The type or namespace name 'IEntityCommandBuffer' could not be found (are you missing a using directive or an assembly reference?)
106>D:\Work\IOS-IG-SimHost-FDP-2\Hrot\Subsystems\Hrot.SimHost.Tests\CycloneNetworkCleanupSystemTests.cs(72,63,72,78): error CS0246: The type or namespace name 'ISimulationView' could not be found (are you missing a using directive or an assembly reference?)
106>D:\Work\IOS-IG-SimHost-FDP-2\Hrot\Subsystems\Hrot.SimHost.Tests\AttributeCompilerFactoryTests.cs(29,53,29,73): error CS0246: The type or namespace name 'IGeographicTransform' could not be found (are you missing a using directive or an assembly reference?)
106>D:\Work\IOS-IG-SimHost-FDP-2\Hrot\Subsystems\Hrot.SimHost.Tests\CgfEpisodeLoadHandlerTests.cs(70,24,70,43): error CS0246: The type or namespace name 'ExecuteNodeOpIntent' could not be found (are you missing a using directive or an assembly reference?)
106>D:\Work\IOS-IG-SimHost-FDP-2\Hrot\Subsystems\Hrot.SimHost.Tests\CycloneNetworkCleanupSystemTests.cs(73,40,73,55): error CS0246: The type or namespace name 'ISimulationView' could not be found (are you missing a using directive or an assembly reference?)
106>D:\Work\IOS-IG-SimHost-FDP-2\Hrot\Subsystems\Hrot.SimHost.Tests\DeleteEntityRequestSystemTests.cs(27,35,27,56): error CS0246: The type or namespace name 'EntityDeletionRequest' could not be found (are you missing a using directive or an assembly reference?)
106>D:\Work\IOS-IG-SimHost-FDP-2\Hrot\Subsystems\Hrot.SimHost.Tests\CgfEpisodeLoadHandlerTests.cs(79,24,79,43): error CS0246: The type or namespace name 'ExecuteNodeOpIntent' could not be found (are you missing a using directive or an assembly reference?)
106>D:\Work\IOS-IG-SimHost-FDP-2\Hrot\Subsystems\Hrot.SimHost.Tests\Integration\HierarchySerializationIntegrationTests.cs(34,47,34,63): error CS0246: The type or namespace name 'EntityRepository' could not be found (are you missing a using directive or an assembly reference?)
106>D:\Work\IOS-IG-SimHost-FDP-2\Hrot\Subsystems\Hrot.SimHost.Tests\CycloneNetworkCleanupSystemTests.cs(74,39,74,45): error CS0246: The type or namespace name 'Entity' could not be found (are you missing a using directive or an assembly reference?)
106>D:\Work\IOS-IG-SimHost-FDP-2\Hrot\Subsystems\Hrot.SimHost.Tests\CycloneNetworkCleanupSystemTests.cs(74,67,74,83): error CS0246: The type or namespace name 'EntityRepository' could not be found (are you missing a using directive or an assembly reference?)
106>D:\Work\IOS-IG-SimHost-FDP-2\Hrot\Subsystems\Hrot.SimHost.Tests\DeleteEntityRequestSystemTests.cs(29,33,29,54): error CS0246: The type or namespace name 'EntityDeletionRequest' could not be found (are you missing a using directive or an assembly reference?)
106>D:\Work\IOS-IG-SimHost-FDP-2\Hrot\Subsystems\Hrot.SimHost.Tests\HrotScenarioLoadHandlerTests.cs(78,20,78,39): error CS0246: The type or namespace name 'ExecuteNodeOpIntent' could not be found (are you missing a using directive or an assembly reference?)
106>D:\Work\IOS-IG-SimHost-FDP-2\Hrot\Subsystems\Hrot.SimHost.Tests\HillAttackIntegrationTests.cs(137,13,137,29): error CS0246: The type or namespace name 'EntityRepository' could not be found (are you missing a using directive or an assembly reference?)
106>D:\Work\IOS-IG-SimHost-FDP-2\Hrot\Subsystems\Hrot.SimHost.Tests\HillAttackIntegrationTests.cs(137,36,137,42): error CS0246: The type or namespace name 'Entity' could not be found (are you missing a using directive or an assembly reference?)
106>D:\Work\IOS-IG-SimHost-FDP-2\Hrot\Subsystems\Hrot.SimHost.Tests\HillAttackIntegrationTests.cs(136,35,136,57): error CS0246: The type or namespace name 'HillAttackMutableState' could not be found (are you missing a using directive or an assembly reference?)
106>D:\Work\IOS-IG-SimHost-FDP-2\Hrot\Subsystems\Hrot.SimHost.Tests\Integration\HierarchySerializationIntegrationTests.cs(30,22,30,38): error CS0246: The type or namespace name 'EntityRepository' could not be found (are you missing a using directive or an assembly reference?)
106>D:\Work\IOS-IG-SimHost-FDP-2\Hrot\Subsystems\Hrot.SimHost.Tests\CgfEpisodeLoadHandlerTests.cs(27,26,27,42): error CS0246: The type or namespace name 'EntityRepository' could not be found (are you missing a using directive or an assembly reference?)
106>D:\Work\IOS-IG-SimHost-FDP-2\Hrot\Subsystems\Hrot.SimHost.Tests\DeleteEntityRequestSystemTests.cs(31,48,31,69): error CS0246: The type or namespace name 'EntityDeletionRequest' could not be found (are you missing a using directive or an assembly reference?)
106>D:\Work\IOS-IG-SimHost-FDP-2\Hrot\Subsystems\Hrot.SimHost.Tests\Integration\HierarchySerializationIntegrationTests.cs(31,22,31,38): error CS0246: The type or namespace name 'EntityRepository' could not be found (are you missing a using directive or an assembly reference?)
106>D:\Work\IOS-IG-SimHost-FDP-2\Hrot\Subsystems\Hrot.SimHost.Tests\CgfEpisodeLoadHandlerTests.cs(28,26,28,42): error CS0246: The type or namespace name 'EntityRepository' could not be found (are you missing a using directive or an assembly reference?)
106>D:\Work\IOS-IG-SimHost-FDP-2\Hrot\Subsystems\Hrot.SimHost.Tests\CheckpointClusterOpHandlerTests.cs(14,6,14,17): error CS0246: The type or namespace name 'ComponentIdAttribute' could not be found (are you missing a using directive or an assembly reference?)
106>D:\Work\IOS-IG-SimHost-FDP-2\Hrot\Subsystems\Hrot.SimHost.Tests\CheckpointClusterOpHandlerTests.cs(14,6,14,17): error CS0246: The type or namespace name 'ComponentId' could not be found (are you missing a using directive or an assembly reference?)
106>D:\Work\IOS-IG-SimHost-FDP-2\Hrot\Subsystems\Hrot.SimHost.Tests\CgfEpisodeLoadHandlerTests.cs(29,26,29,44): error CS0246: The type or namespace name 'ScenarioSerializer' could not be found (are you missing a using directive or an assembly reference?)
106>D:\Work\IOS-IG-SimHost-FDP-2\Hrot\Subsystems\Hrot.SimHost.Tests\LiveFromReplayTests.cs(292,43,292,59): error CS0246: The type or namespace name 'ModuleHostKernel' could not be found (are you missing a using directive or an assembly reference?)
106>D:\Work\IOS-IG-SimHost-FDP-2\Hrot\Subsystems\Hrot.SimHost.Tests\HillAttackIntegrationTests.cs(143,46,143,62): error CS0246: The type or namespace name 'EntityRepository' could not be found (are you missing a using directive or an assembly reference?)
106>D:\Work\IOS-IG-SimHost-FDP-2\Hrot\Subsystems\Hrot.SimHost.Tests\HillAttackIntegrationTests.cs(143,69,143,75): error CS0246: The type or namespace name 'Entity' could not be found (are you missing a using directive or an assembly reference?)
106>D:\Work\IOS-IG-SimHost-FDP-2\Hrot\Subsystems\Hrot.SimHost.Tests\HillAttackIntegrationTests.cs(144,13,144,19): error CS0246: The type or namespace name 'Entity' could not be found (are you missing a using directive or an assembly reference?)
106>D:\Work\IOS-IG-SimHost-FDP-2\Hrot\Subsystems\Hrot.SimHost.Tests\CgfEpisodeLoadHandlerTests.cs(244,53,244,68): error CS0246: The type or namespace name 'IScenarioLoader' could not be found (are you missing a using directive or an assembly reference?)
106>D:\Work\IOS-IG-SimHost-FDP-2\Hrot\Subsystems\Hrot.SimHost.Tests\HrotScenarioLoadHandlerTests.cs(60,22,60,38): error CS0246: The type or namespace name 'EntityRepository' could not be found (are you missing a using directive or an assembly reference?)
106>D:\Work\IOS-IG-SimHost-FDP-2\Hrot\Subsystems\Hrot.SimHost.Tests\NodeBootstrapperReplayTests.cs(230,43,230,59): error CS0246: The type or namespace name 'ModuleHostKernel' could not be found (are you missing a using directive or an assembly reference?)
106>D:\Work\IOS-IG-SimHost-FDP-2\Hrot\Subsystems\Hrot.SimHost.Tests\NodeBootstrapperReplayTests.cs(32,26,32,42): error CS0246: The type or namespace name 'EntityRepository' could not be found (are you missing a using directive or an assembly reference?)
106>D:\Work\IOS-IG-SimHost-FDP-2\Hrot\Subsystems\Hrot.SimHost.Tests\HrotScenarioLoadHandlerTests.cs(61,22,61,40): error CS0246: The type or namespace name 'ScenarioSerializer' could not be found (are you missing a using directive or an assembly reference?)
106>D:\Work\IOS-IG-SimHost-FDP-2\Hrot\Subsystems\Hrot.SimHost.Tests\IntentTranslatorTests.cs(58,50,58,66): error CS0246: The type or namespace name 'EntityRepository' could not be found (are you missing a using directive or an assembly reference?)
106>D:\Work\IOS-IG-SimHost-FDP-2\Hrot\Subsystems\Hrot.SimHost.Tests\IntentTranslatorTests.cs(58,80,58,86): error CS0246: The type or namespace name 'Entity' could not be found (are you missing a using directive or an assembly reference?)
106>D:\Work\IOS-IG-SimHost-FDP-2\Hrot\Subsystems\Hrot.SimHost.Tests\HillAttackIntegrationTests.cs(152,55,152,71): error CS0246: The type or namespace name 'NetworkEntityMap' could not be found (are you missing a using directive or an assembly reference?)
106>D:\Work\IOS-IG-SimHost-FDP-2\Hrot\Subsystems\Hrot.SimHost.Tests\HillAttackIntegrationTests.cs(152,24,152,40): error CS0246: The type or namespace name 'BehaviorRegistry' could not be found (are you missing a using directive or an assembly reference?)
106>D:\Work\IOS-IG-SimHost-FDP-2\Hrot\Subsystems\Hrot.SimHost.Tests\NodeBootstrapperReplayTests.cs(33,26,33,42): error CS0246: The type or namespace name 'EventAccumulator' could not be found (are you missing a using directive or an assembly reference?)
106>D:\Work\IOS-IG-SimHost-FDP-2\Hrot\Subsystems\Hrot.SimHost.Tests\MunitionDetonationEgressTranslatorTests.cs(48,18,48,52): error CS0246: The type or namespace name 'MunitionDetonationEgressTranslator' could not be found (are you missing a using directive or an assembly reference?)
106>D:\Work\IOS-IG-SimHost-FDP-2\Hrot\Subsystems\Hrot.SimHost.Tests\MunitionDetonationEgressTranslatorTests.cs(48,81,48,99): error CS0246: The type or namespace name 'MunitionDetonation' could not be found (are you missing a using directive or an assembly reference?)
106>D:\Work\IOS-IG-SimHost-FDP-2\Hrot\Subsystems\Hrot.SimHost.Tests\LiveFromReplayTests.cs(30,26,30,42): error CS0246: The type or namespace name 'EntityRepository' could not be found (are you missing a using directive or an assembly reference?)
106>D:\Work\IOS-IG-SimHost-FDP-2\Hrot\Subsystems\Hrot.SimHost.Tests\IntentTranslatorTests.cs(25,26,25,42): error CS0246: The type or namespace name 'EntityRepository' could not be found (are you missing a using directive or an assembly reference?)
106>D:\Work\IOS-IG-SimHost-FDP-2\Hrot\Subsystems\Hrot.SimHost.Tests\Gizmos\LayerControlGizmoTests.cs(18,55,18,77): error CS0246: The type or namespace name 'IGizmoUiStatePublisher' could not be found (are you missing a using directive or an assembly reference?)
106>D:\Work\IOS-IG-SimHost-FDP-2\Hrot\Subsystems\Hrot.SimHost.Tests\HrotScenarioLoadHandlerTests.cs(63,22,63,57): error CS0246: The type or namespace name 'ScenarioEntityCreationRequestSource' could not be found (are you missing a using directive or an assembly reference?)
106>D:\Work\IOS-IG-SimHost-FDP-2\Hrot\Subsystems\Hrot.SimHost.Tests\NodeBootstrapperReplayTests.cs(34,26,34,42): error CS0246: The type or namespace name 'ModuleHostKernel' could not be found (are you missing a using directive or an assembly reference?)
106>D:\Work\IOS-IG-SimHost-FDP-2\Hrot\Subsystems\Hrot.SimHost.Tests\MunitionDetonationEgressTranslatorTests.cs(56,17,56,23): error CS0246: The type or namespace name 'Entity' could not be found (are you missing a using directive or an assembly reference?)
106>D:\Work\IOS-IG-SimHost-FDP-2\Hrot\Subsystems\Hrot.SimHost.Tests\ReplayLoadClusterOpHandlerTests.cs(519,43,519,59): error CS0246: The type or namespace name 'ModuleHostKernel' could not be found (are you missing a using directive or an assembly reference?)
106>D:\Work\IOS-IG-SimHost-FDP-2\Hrot\Subsystems\Hrot.SimHost.Tests\IntentTranslatorTests.cs(43,45,43,58): error CS0246: The type or namespace name 'IGuidResolver' could not be found (are you missing a using directive or an assembly reference?)
106>D:\Work\IOS-IG-SimHost-FDP-2\Hrot\Subsystems\Hrot.SimHost.Tests\PresentationModuleTests.cs(21,26,21,42): error CS0246: The type or namespace name 'EntityRepository' could not be found (are you missing a using directive or an assembly reference?)
106>D:\Work\IOS-IG-SimHost-FDP-2\Hrot\Subsystems\Hrot.SimHost.Tests\SimHostVisualizationTests.cs(215,47,215,68): error CS0246: The type or namespace name 'ISimHostMissionSender' could not be found (are you missing a using directive or an assembly reference?)
106>D:\Work\IOS-IG-SimHost-FDP-2\Hrot\Subsystems\Hrot.SimHost.Tests\LiveFromReplayTests.cs(31,26,31,42): error CS0246: The type or namespace name 'EventAccumulator' could not be found (are you missing a using directive or an assembly reference?)
106>D:\Work\IOS-IG-SimHost-FDP-2\Hrot\Subsystems\Hrot.SimHost.Tests\ReplayLoadClusterOpHandlerTests.cs(23,26,23,42): error CS0246: The type or namespace name 'EntityRepository' could not be found (are you missing a using directive or an assembly reference?)
106>D:\Work\IOS-IG-SimHost-FDP-2\Hrot\Subsystems\Hrot.SimHost.Tests\Gizmos\LayerControlGizmoTests.cs(20,21,20,33): error CS0246: The type or namespace name 'GizmoUiState' could not be found (are you missing a using directive or an assembly reference?)
106>D:\Work\IOS-IG-SimHost-FDP-2\Hrot\Subsystems\Hrot.SimHost.Tests\SimHostScenarioManagerTests.cs(50,13,50,32): error CS0246: The type or namespace name 'INetworkIdAllocator' could not be found (are you missing a using directive or an assembly reference?)
106>D:\Work\IOS-IG-SimHost-FDP-2\Hrot\Subsystems\Hrot.SimHost.Tests\SimHostScenarioManagerTests.cs(49,25,49,47): error CS0246: The type or namespace name 'SimHostScenarioManager' could not be found (are you missing a using directive or an assembly reference?)
106>D:\Work\IOS-IG-SimHost-FDP-2\Hrot\Subsystems\Hrot.SimHost.Tests\IntentTranslatorTests.cs(45,41,45,47): error CS0246: The type or namespace name 'Entity' could not be found (are you missing a using directive or an assembly reference?)
106>D:\Work\IOS-IG-SimHost-FDP-2\Hrot\Subsystems\Hrot.SimHost.Tests\LiveFromReplayTests.cs(32,26,32,42): error CS0246: The type or namespace name 'ModuleHostKernel' could not be found (are you missing a using directive or an assembly reference?)
106>D:\Work\IOS-IG-SimHost-FDP-2\Hrot\Subsystems\Hrot.SimHost.Tests\ReplayLoadClusterOpHandlerTests.cs(24,26,24,42): error CS0246: The type or namespace name 'EventAccumulator' could not be found (are you missing a using directive or an assembly reference?)
106>D:\Work\IOS-IG-SimHost-FDP-2\Hrot\Subsystems\Hrot.SimHost.Tests\MunitionDetonationEgressTranslatorTests.cs(63,40,63,46): error CS0246: The type or namespace name 'Entity' could not be found (are you missing a using directive or an assembly reference?)
106>D:\Work\IOS-IG-SimHost-FDP-2\Hrot\Subsystems\Hrot.SimHost.Tests\MunitionDetonationEgressTranslatorTests.cs(63,56,63,62): error CS0246: The type or namespace name 'Entity' could not be found (are you missing a using directive or an assembly reference?)
106>D:\Work\IOS-IG-SimHost-FDP-2\Hrot\Subsystems\Hrot.SimHost.Tests\Gizmos\LayerControlGizmoTests.cs(26,24,26,45): error CS0246: The type or namespace name 'IComponentEditService' could not be found (are you missing a using directive or an assembly reference?)
106>D:\Work\IOS-IG-SimHost-FDP-2\Hrot\Subsystems\Hrot.SimHost.Tests\IntentTranslatorTests.cs(46,49,46,55): error CS0246: The type or namespace name 'Entity' could not be found (are you missing a using directive or an assembly reference?)
106>D:\Work\IOS-IG-SimHost-FDP-2\Hrot\Subsystems\Hrot.SimHost.Tests\SimHostScenarioManagerTests.cs(69,29,69,47): error CS0246: The type or namespace name 'SpawnEntityCommand' could not be found (are you missing a using directive or an assembly reference?)
106>D:\Work\IOS-IG-SimHost-FDP-2\Hrot\Subsystems\Hrot.SimHost.Tests\Gizmos\LayerControlGizmoTests.cs(21,29,21,41): error CS0246: The type or namespace name 'GizmoUiState' could not be found (are you missing a using directive or an assembly reference?)
106>D:\Work\IOS-IG-SimHost-FDP-2\Hrot\Subsystems\Hrot.SimHost.Tests\ReplayLoadClusterOpHandlerTests.cs(25,26,25,42): error CS0246: The type or namespace name 'ModuleHostKernel' could not be found (are you missing a using directive or an assembly reference?)
106>D:\Work\IOS-IG-SimHost-FDP-2\Hrot\Subsystems\Hrot.SimHost.Tests\IntentTranslatorTests.cs(48,34,48,40): error CS0246: The type or namespace name 'Entity' could not be found (are you missing a using directive or an assembly reference?)
106>D:\Work\IOS-IG-SimHost-FDP-2\Hrot\Subsystems\Hrot.SimHost.Tests\SpawnEntityCommandTests.cs(48,21,48,43): error CS0246: The type or namespace name 'SimHostScenarioManager' could not be found (are you missing a using directive or an assembly reference?)
106>D:\Work\IOS-IG-SimHost-FDP-2\Hrot\Subsystems\Hrot.SimHost.Tests\IntentTranslatorTests.cs(54,36,54,42): error CS0246: The type or namespace name 'Entity' could not be found (are you missing a using directive or an assembly reference?)
106>D:\Work\IOS-IG-SimHost-FDP-2\Hrot\Subsystems\Hrot.SimHost.Tests\SpawnEntityCommandTests.cs(65,20,65,38): error CS0246: The type or namespace name 'SpawnEntityCommand' could not be found (are you missing a using directive or an assembly reference?)
106>D:\Work\IOS-IG-SimHost-FDP-2\Hrot\Subsystems\Hrot.SimHost.Tests\SimHostScenarioManagerTests.cs(29,45,29,54): error CS0246: The type or namespace name 'IEventBus' could not be found (are you missing a using directive or an assembly reference?)
106>D:\Work\IOS-IG-SimHost-FDP-2\Hrot\Subsystems\Hrot.SimHost.Tests\HillAttackIntegrationTests.cs(165,27,165,43): error CS0246: The type or namespace name 'NetworkEntityMap' could not be found (are you missing a using directive or an assembly reference?)
106>D:\Work\IOS-IG-SimHost-FDP-2\Hrot\Subsystems\Hrot.SimHost.Tests\HillAttackIntegrationTests.cs(161,25,161,46): error CS0246: The type or namespace name 'BehaviorIngressSystem' could not be found (are you missing a using directive or an assembly reference?)
106>D:\Work\IOS-IG-SimHost-FDP-2\Hrot\Subsystems\Hrot.SimHost.Tests\HillAttackIntegrationTests.cs(162,25,162,55): error CS0246: The type or namespace name 'TacticalIntentResolutionSystem' could not be found (are you missing a using directive or an assembly reference?)
106>D:\Work\IOS-IG-SimHost-FDP-2\Hrot\Subsystems\Hrot.SimHost.Tests\HillAttackIntegrationTests.cs(163,25,163,40): error CS0246: The type or namespace name 'BTreeTickSystem' could not be found (are you missing a using directive or an assembly reference?)
106>D:\Work\IOS-IG-SimHost-FDP-2\Hrot\Subsystems\Hrot.SimHost.Tests\HillAttackIntegrationTests.cs(164,25,164,46): error CS0246: The type or namespace name 'AreaQuerySolverSystem' could not be found (are you missing a using directive or an assembly reference?)
106>D:\Work\IOS-IG-SimHost-FDP-2\Hrot\Subsystems\Hrot.SimHost.Tests\HrotScenarioLoadHandlerTests.cs(64,22,64,43): error CS0246: The type or namespace name 'SequentialIdAllocator' could not be found (are you missing a using directive or an assembly reference?)
106>D:\Work\IOS-IG-SimHost-FDP-2\Hrot\Subsystems\Hrot.SimHost.Tests\IntentTranslatorTests.cs(55,20,55,26): error CS0246: The type or namespace name 'Entity' could not be found (are you missing a using directive or an assembly reference?)
106>D:\Work\IOS-IG-SimHost-FDP-2\Hrot\Subsystems\Hrot.SimHost.Tests\SimHostComponentRegistrationTests.cs(119,57,119,67): error CS0246: The type or namespace name 'SimHostApp' could not be found (are you missing a using directive or an assembly reference?)
106>D:\Work\IOS-IG-SimHost-FDP-2\Hrot\Subsystems\Hrot.SimHost.Tests\SpawnEntityCommandTests.cs(34,41,34,50): error CS0246: The type or namespace name 'IEventBus' could not be found (are you missing a using directive or an assembly reference?)
106>D:\Work\IOS-IG-SimHost-FDP-2\Hrot\Subsystems\Hrot.SimHost.Tests\PassengerBufferTranslatorTests.cs(22,26,22,42): error CS0246: The type or namespace name 'EntityRepository' could not be found (are you missing a using directive or an assembly reference?)
106>D:\Work\IOS-IG-SimHost-FDP-2\Hrot\Subsystems\Hrot.SimHost.Tests\Gizmos\SimHostEntityPresentationGizmoTests.cs(16,26,16,42): error CS0246: The type or namespace name 'EntityRepository' could not be found (are you missing a using directive or an assembly reference?)
106>D:\Work\IOS-IG-SimHost-FDP-2\Hrot\Subsystems\Hrot.SimHost.Tests\SimHostScenarioManagerTests.cs(38,46,38,65): error CS0246: The type or namespace name 'INetworkIdAllocator' could not be found (are you missing a using directive or an assembly reference?)
106>D:\Work\IOS-IG-SimHost-FDP-2\Hrot\Subsystems\Hrot.SimHost.Tests\RouteContextSystemTests.cs(36,20,36,36): error CS0246: The type or namespace name 'EntityRepository' could not be found (are you missing a using directive or an assembly reference?)
106>D:\Work\IOS-IG-SimHost-FDP-2\Hrot\Subsystems\Hrot.SimHost.Tests\PassengerBufferTranslatorTests.cs(36,45,36,58): error CS0246: The type or namespace name 'IGuidResolver' could not be found (are you missing a using directive or an assembly reference?)
106>D:\Work\IOS-IG-SimHost-FDP-2\Hrot\Subsystems\Hrot.SimHost.Tests\SimHostComponentRegistrationTests.cs(27,55,27,75): error CS0246: The type or namespace name 'DdsIdAllocatorServer' could not be found (are you missing a using directive or an assembly reference?)
106>D:\Work\IOS-IG-SimHost-FDP-2\Hrot\Subsystems\Hrot.SimHost.Tests\PreviewClusterOpHandlerTests.cs(15,6,15,17): error CS0246: The type or namespace name 'ComponentIdAttribute' could not be found (are you missing a using directive or an assembly reference?)
106>D:\Work\IOS-IG-SimHost-FDP-2\Hrot\Subsystems\Hrot.SimHost.Tests\PreviewClusterOpHandlerTests.cs(15,6,15,17): error CS0246: The type or namespace name 'ComponentId' could not be found (are you missing a using directive or an assembly reference?)
106>D:\Work\IOS-IG-SimHost-FDP-2\Hrot\Subsystems\Hrot.SimHost.Tests\RouteContextSystemTests.cs(56,13,56,19): error CS0246: The type or namespace name 'Entity' could not be found (are you missing a using directive or an assembly reference?)
106>D:\Work\IOS-IG-SimHost-FDP-2\Hrot\Subsystems\Hrot.SimHost.Tests\HrotScenarioLoadHandlerTests.cs(27,50,27,69): error CS0246: The type or namespace name 'IZoneManagerService' could not be found (are you missing a using directive or an assembly reference?)
106>D:\Work\IOS-IG-SimHost-FDP-2\Hrot\Subsystems\Hrot.SimHost.Tests\PassengerBufferTranslatorTests.cs(38,41,38,47): error CS0246: The type or namespace name 'Entity' could not be found (are you missing a using directive or an assembly reference?)
106>D:\Work\IOS-IG-SimHost-FDP-2\Hrot\Subsystems\Hrot.SimHost.Tests\JoinFormationExecutorTests.cs(23,24,23,40): error CS0246: The type or namespace name 'EntityRepository' could not be found (are you missing a using directive or an assembly reference?)
106>D:\Work\IOS-IG-SimHost-FDP-2\Hrot\Subsystems\Hrot.SimHost.Tests\RouteContextSystemTests.cs(25,22,25,38): error CS0246: The type or namespace name 'EntityRepository' could not be found (are you missing a using directive or an assembly reference?)
106>D:\Work\IOS-IG-SimHost-FDP-2\Hrot\Subsystems\Hrot.SimHost.Tests\HillAttackIntegrationTests.cs(186,38,186,54): error CS0246: The type or namespace name 'EntityRepository' could not be found (are you missing a using directive or an assembly reference?)
106>D:\Work\IOS-IG-SimHost-FDP-2\Hrot\Subsystems\Hrot.SimHost.Tests\HillAttackIntegrationTests.cs(187,13,187,34): error CS0246: The type or namespace name 'BehaviorIngressSystem' could not be found (are you missing a using directive or an assembly reference?)
106>D:\Work\IOS-IG-SimHost-FDP-2\Hrot\Subsystems\Hrot.SimHost.Tests\HillAttackIntegrationTests.cs(188,13,188,43): error CS0246: The type or namespace name 'TacticalIntentResolutionSystem' could not be found (are you missing a using directive or an assembly reference?)
106>D:\Work\IOS-IG-SimHost-FDP-2\Hrot\Subsystems\Hrot.SimHost.Tests\HillAttackIntegrationTests.cs(189,13,189,28): error CS0246: The type or namespace name 'BTreeTickSystem' could not be found (are you missing a using directive or an assembly reference?)
106>D:\Work\IOS-IG-SimHost-FDP-2\Hrot\Subsystems\Hrot.SimHost.Tests\HillAttackIntegrationTests.cs(190,13,190,34): error CS0246: The type or namespace name 'AreaQuerySolverSystem' could not be found (are you missing a using directive or an assembly reference?)
106>D:\Work\IOS-IG-SimHost-FDP-2\Hrot\Subsystems\Hrot.SimHost.Tests\MissionAdapterSystemTests.cs(19,24,19,40): error CS0246: The type or namespace name 'EntityRepository' could not be found (are you missing a using directive or an assembly reference?)
106>D:\Work\IOS-IG-SimHost-FDP-2\Hrot\Subsystems\Hrot.SimHost.Tests\SstRequestFinalizationSystemTests.cs(21,24,21,40): error CS0246: The type or namespace name 'EntityRepository' could not be found (are you missing a using directive or an assembly reference?)
106>D:\Work\IOS-IG-SimHost-FDP-2\Hrot\Subsystems\Hrot.SimHost.Tests\RouteContextSystemTests.cs(26,22,26,40): error CS0246: The type or namespace name 'RouteContextSystem' could not be found (are you missing a using directive or an assembly reference?)
106>D:\Work\IOS-IG-SimHost-FDP-2\Hrot\Subsystems\Hrot.SimHost.Tests\PassengerBufferTranslatorTests.cs(39,49,39,55): error CS0246: The type or namespace name 'Entity' could not be found (are you missing a using directive or an assembly reference?)
106>D:\Work\IOS-IG-SimHost-FDP-2\Hrot\Subsystems\Hrot.SimHost.Tests\MissionAdapterSystemTests.cs(29,51,29,67): error CS0246: The type or namespace name 'EntityRepository' could not be found (are you missing a using directive or an assembly reference?)
106>D:\Work\IOS-IG-SimHost-FDP-2\Hrot\Subsystems\Hrot.SimHost.Tests\MissionAdapterSystemTests.cs(29,24,29,30): error CS0246: The type or namespace name 'Entity' could not be found (are you missing a using directive or an assembly reference?)
106>D:\Work\IOS-IG-SimHost-FDP-2\Hrot\Subsystems\Hrot.SimHost.Tests\HillAttackIntegrationTests.cs(54,26,54,42): error CS0246: The type or namespace name 'EntityRepository' could not be found (are you missing a using directive or an assembly reference?)
106>D:\Work\IOS-IG-SimHost-FDP-2\Hrot\Subsystems\Hrot.SimHost.Tests\PreviewClusterOpHandlerTests.cs(38,58,38,70): error CS0246: The type or namespace name 'ClusterState' could not be found (are you missing a using directive or an assembly reference?)
106>D:\Work\IOS-IG-SimHost-FDP-2\Hrot\Subsystems\Hrot.SimHost.Tests\PreviewClusterOpHandlerTests.cs(38,24,38,37): error CS0246: The type or namespace name 'NodeOpCommand' could not be found (are you missing a using directive or an assembly reference?)
106>D:\Work\IOS-IG-SimHost-FDP-2\Hrot\Subsystems\Hrot.SimHost.Tests\JoinFormationExecutorTests.cs(42,13,42,29): error CS0246: The type or namespace name 'EntityRepository' could not be found (are you missing a using directive or an assembly reference?)
106>D:\Work\IOS-IG-SimHost-FDP-2\Hrot\Subsystems\Hrot.SimHost.Tests\JoinFormationExecutorTests.cs(42,37,42,43): error CS0246: The type or namespace name 'Entity' could not be found (are you missing a using directive or an assembly reference?)
106>D:\Work\IOS-IG-SimHost-FDP-2\Hrot\Subsystems\Hrot.SimHost.Tests\JoinFormationExecutorTests.cs(42,52,42,71): error CS0246: The type or namespace name 'JoinFormationParams' could not be found (are you missing a using directive or an assembly reference?)
106>D:\Work\IOS-IG-SimHost-FDP-2\Hrot\Subsystems\Hrot.SimHost.Tests\PassengerBufferTranslatorTests.cs(41,34,41,40): error CS0246: The type or namespace name 'Entity' could not be found (are you missing a using directive or an assembly reference?)
106>D:\Work\IOS-IG-SimHost-FDP-2\Hrot\Subsystems\Hrot.SimHost.Tests\SstRequestFinalizationSystemTests.cs(28,25,28,56): error CS0246: The type or namespace name 'EntityRequestFinalizationSystem' could not be found (are you missing a using directive or an assembly reference?)
106>D:\Work\IOS-IG-SimHost-FDP-2\Hrot\Subsystems\Hrot.SimHost.Tests\SstRequestFinalizationSystemTests.cs(28,86,28,102): error CS0246: The type or namespace name 'NetworkEntityMap' could not be found (are you missing a using directive or an assembly reference?)
106>D:\Work\IOS-IG-SimHost-FDP-2\Hrot\Subsystems\Hrot.SimHost.Tests\HrotScenarioLoadHandlerTests.cs(30,35,30,52): error CS0246: The type or namespace name 'ZoneDefinitionDto' could not be found (are you missing a using directive or an assembly reference?)
106>D:\Work\IOS-IG-SimHost-FDP-2\Hrot\Subsystems\Hrot.SimHost.Tests\HillAttackIntegrationTests.cs(55,17,55,32): error CS0246: The type or namespace name 'SpatialHashGrid' could not be found (are you missing a using directive or an assembly reference?)
106>D:\Work\IOS-IG-SimHost-FDP-2\Hrot\Subsystems\Hrot.SimHost.Tests\PassengerBufferTranslatorTests.cs(47,35,47,41): error CS0246: The type or namespace name 'Entity' could not be found (are you missing a using directive or an assembly reference?)
106>D:\Work\IOS-IG-SimHost-FDP-2\Hrot\Subsystems\Hrot.SimHost.Tests\PreviewClusterOpHandlerTests.cs(26,26,26,42): error CS0246: The type or namespace name 'EntityRepository' could not be found (are you missing a using directive or an assembly reference?)
106>D:\Work\IOS-IG-SimHost-FDP-2\Hrot\Subsystems\Hrot.SimHost.Tests\PassengerBufferTranslatorTests.cs(48,20,48,26): error CS0246: The type or namespace name 'Entity' could not be found (are you missing a using directive or an assembly reference?)
106>D:\Work\IOS-IG-SimHost-FDP-2\Hrot\Subsystems\Hrot.SimHost.Tests\MissionPlanTranslatorTests.cs(51,17,51,38): error CS0246: The type or namespace name 'MissionPlanTranslator' could not be found (are you missing a using directive or an assembly reference?)
106>D:\Work\IOS-IG-SimHost-FDP-2\Hrot\Subsystems\Hrot.SimHost.Tests\JsonToRecordCompilerTests.cs(24,24,24,44): error CS0246: The type or namespace name 'JsonToRecordCompiler' could not be found (are you missing a using directive or an assembly reference?)
106>D:\Work\IOS-IG-SimHost-FDP-2\Hrot\Subsystems\Hrot.SimHost.Tests\Systems\MissionControlExecutionSystemTests.cs(24,20,24,36): error CS0246: The type or namespace name 'EntityRepository' could not be found (are you missing a using directive or an assembly reference?)
106>D:\Work\IOS-IG-SimHost-FDP-2\Hrot\Subsystems\Hrot.SimHost.Tests\RouteTrajectorySyncSystemTests.cs(32,20,32,36): error CS0246: The type or namespace name 'EntityRepository' could not be found (are you missing a using directive or an assembly reference?)
106>D:\Work\IOS-IG-SimHost-FDP-2\Hrot\Subsystems\Hrot.SimHost.Tests\SimHostCoreLogicPackTests.cs(35,24,35,40): error CS0246: The type or namespace name 'EntityRepository' could not be found (are you missing a using directive or an assembly reference?)
106>D:\Work\IOS-IG-SimHost-FDP-2\Hrot\Subsystems\Hrot.SimHost.Tests\HrotScenarioLoadHandlerTests.cs(32,31,32,47): error CS0246: The type or namespace name 'EntityRepository' could not be found (are you missing a using directive or an assembly reference?)
106>D:\Work\IOS-IG-SimHost-FDP-2\Hrot\Subsystems\Hrot.SimHost.Tests\HrotScenarioLoadHandlerTests.cs(32,73,32,90): error CS0246: The type or namespace name 'ZoneDefinitionDto' could not be found (are you missing a using directive or an assembly reference?)
106>D:\Work\IOS-IG-SimHost-FDP-2\Hrot\Subsystems\Hrot.SimHost.Tests\Systems\MissionControlExecutionSystemTests.cs(36,20,36,36): error CS0246: The type or namespace name 'BehaviorRegistry' could not be found (are you missing a using directive or an assembly reference?)
106>D:\Work\IOS-IG-SimHost-FDP-2\Hrot\Subsystems\Hrot.SimHost.Tests\MissionPlanTranslatorTests.cs(56,17,56,23): error CS0246: The type or namespace name 'Entity' could not be found (are you missing a using directive or an assembly reference?)
106>D:\Work\IOS-IG-SimHost-FDP-2\Hrot\Subsystems\Hrot.SimHost.Tests\SimHostCoreLogicPackTests.cs(86,53,86,69): error CS0246: The type or namespace name 'EntityRepository' could not be found (are you missing a using directive or an assembly reference?)
106>D:\Work\IOS-IG-SimHost-FDP-2\Hrot\Subsystems\Hrot.SimHost.Tests\RouteTrajectorySyncSystemTests.cs(42,20,42,29): error CS0246: The type or namespace name 'RoutePlan' could not be found (are you missing a using directive or an assembly reference?)
106>D:\Work\IOS-IG-SimHost-FDP-2\Hrot\Subsystems\Hrot.SimHost.Tests\Systems\GenesisMaterializationSystemTests.cs(47,17,47,45): error CS0246: The type or namespace name 'GenesisMaterializationSystem' could not be found (are you missing a using directive or an assembly reference?)
106>D:\Work\IOS-IG-SimHost-FDP-2\Hrot\Subsystems\Hrot.SimHost.Tests\JsonToRecordCompilerTests.cs(34,25,34,50): error CS0246: The type or namespace name 'NedAttributeRecordEmitter' could not be found (are you missing a using directive or an assembly reference?)
106>D:\Work\IOS-IG-SimHost-FDP-2\Hrot\Subsystems\Hrot.SimHost.Tests\JsonToRecordCompilerTests.cs(34,60,34,75): error CS0246: The type or namespace name 'AttributeRecord' could not be found (are you missing a using directive or an assembly reference?)
106>D:\Work\IOS-IG-SimHost-FDP-2\Hrot\Subsystems\Hrot.SimHost.Tests\RouteTrajectorySyncSystemTests.cs(53,38,53,47): error CS0246: The type or namespace name 'RoutePlan' could not be found (are you missing a using directive or an assembly reference?)
106>D:\Work\IOS-IG-SimHost-FDP-2\Hrot\Subsystems\Hrot.SimHost.Tests\RouteTrajectorySyncSystemTests.cs(53,13,53,19): error CS0246: The type or namespace name 'Entity' could not be found (are you missing a using directive or an assembly reference?)
106>D:\Work\IOS-IG-SimHost-FDP-2\Hrot\Subsystems\Hrot.SimHost.Tests\StagingEntityExtractorTests.cs(143,13,143,38): error CS0246: The type or namespace name 'IEntityScenarioTranslator' could not be found (are you missing a using directive or an assembly reference?)
106>D:\Work\IOS-IG-SimHost-FDP-2\Hrot\Subsystems\Hrot.SimHost.Tests\StagingEntityExtractorTests.cs(142,24,142,42): error CS0246: The type or namespace name 'ScenarioSerializer' could not be found (are you missing a using directive or an assembly reference?)
106>D:\Work\IOS-IG-SimHost-FDP-2\Hrot\Subsystems\Hrot.SimHost.Tests\Systems\MissionControlExecutionSystemTests.cs(44,20,44,31): error CS0246: The type or namespace name 'MissionPlan' could not be found (are you missing a using directive or an assembly reference?)
106>D:\Work\IOS-IG-SimHost-FDP-2\Hrot\Subsystems\Hrot.SimHost.Tests\HrotScenarioLoadHandlerTests.cs(38,35,38,52): error CS0246: The type or namespace name 'ZoneDefinitionDto' could not be found (are you missing a using directive or an assembly reference?)
106>D:\Work\IOS-IG-SimHost-FDP-2\Hrot\Subsystems\Hrot.SimHost.Tests\TacticalIntentEgressTranslatorTests.cs(35,18,35,48): error CS0246: The type or namespace name 'TacticalIntentEgressTranslator' could not be found (are you missing a using directive or an assembly reference?)
106>D:\Work\IOS-IG-SimHost-FDP-2\Hrot\Subsystems\Hrot.SimHost.Tests\TacticalIntentEgressTranslatorTests.cs(35,77,35,98): error CS0246: The type or namespace name 'TacticalIntentRequest' could not be found (are you missing a using directive or an assembly reference?)
106>D:\Work\IOS-IG-SimHost-FDP-2\Hrot\Subsystems\Hrot.SimHost.Tests\MissionPlanTranslatorTests.cs(22,26,22,42): error CS0246: The type or namespace name 'EntityRepository' could not be found (are you missing a using directive or an assembly reference?)
106>D:\Work\IOS-IG-SimHost-FDP-2\Hrot\Subsystems\Hrot.SimHost.Tests\Systems\GenesisMaterializationSystemTests.cs(55,17,55,23): error CS0246: The type or namespace name 'Entity' could not be found (are you missing a using directive or an assembly reference?)
106>D:\Work\IOS-IG-SimHost-FDP-2\Hrot\Subsystems\Hrot.SimHost.Tests\HrotScenarioLoadHandlerTests.cs(42,47,42,62): error CS0246: The type or namespace name 'IScenarioLoader' could not be found (are you missing a using directive or an assembly reference?)
106>D:\Work\IOS-IG-SimHost-FDP-2\Hrot\Subsystems\Hrot.SimHost.Tests\MunitionDetonationEgressTranslatorTests.cs(33,26,33,42): error CS0246: The type or namespace name 'EntityRepository' could not be found (are you missing a using directive or an assembly reference?)
106>D:\Work\IOS-IG-SimHost-FDP-2\Hrot\Subsystems\Hrot.SimHost.Tests\RouteTrajectorySyncSystemTests.cs(18,22,18,43): error CS0246: The type or namespace name 'TrajectoryPoolManager' could not be found (are you missing a using directive or an assembly reference?)
106>D:\Work\IOS-IG-SimHost-FDP-2\Hrot\Subsystems\Hrot.SimHost.Tests\TkbLoadClusterStateHandlerTests.cs(67,51,67,61): error CS0246: The type or namespace name 'NodeOpType' could not be found (are you missing a using directive or an assembly reference?)
106>D:\Work\IOS-IG-SimHost-FDP-2\Hrot\Subsystems\Hrot.SimHost.Tests\TkbLoadClusterStateHandlerTests.cs(67,20,67,39): error CS0246: The type or namespace name 'ExecuteNodeOpIntent' could not be found (are you missing a using directive or an assembly reference?)
106>D:\Work\IOS-IG-SimHost-FDP-2\Hrot\Subsystems\Hrot.SimHost.Tests\TacticalIntentEgressTranslatorTests.cs(23,26,23,42): error CS0246: The type or namespace name 'EntityRepository' could not be found (are you missing a using directive or an assembly reference?)
106>D:\Work\IOS-IG-SimHost-FDP-2\Hrot\Subsystems\Hrot.SimHost.Tests\StagingEntityExtractorTests.cs(150,49,150,65): error CS0246: The type or namespace name 'EntityRepository' could not be found (are you missing a using directive or an assembly reference?)
106>D:\Work\IOS-IG-SimHost-FDP-2\Hrot\Subsystems\Hrot.SimHost.Tests\StagingEntityExtractorTests.cs(150,72,150,90): error CS0246: The type or namespace name 'ScenarioSerializer' could not be found (are you missing a using directive or an assembly reference?)
106>D:\Work\IOS-IG-SimHost-FDP-2\Hrot\Subsystems\Hrot.SimHost.Tests\RouteTrajectorySyncSystemTests.cs(19,22,19,38): error CS0246: The type or namespace name 'EntityRepository' could not be found (are you missing a using directive or an assembly reference?)
106>D:\Work\IOS-IG-SimHost-FDP-2\Hrot\Subsystems\Hrot.SimHost.Tests\UnitSubordinateTranslatorTests.cs(20,26,20,42): error CS0246: The type or namespace name 'EntityRepository' could not be found (are you missing a using directive or an assembly reference?)
106>D:\Work\IOS-IG-SimHost-FDP-2\Hrot\Subsystems\Hrot.SimHost.Tests\MunitionDetonationEgressTranslatorTests.cs(34,26,34,42): error CS0246: The type or namespace name 'NetworkEntityMap' could not be found (are you missing a using directive or an assembly reference?)
106>D:\Work\IOS-IG-SimHost-FDP-2\Hrot\Subsystems\Hrot.SimHost.Tests\Systems\GenesisMaterializationSystemTests.cs(23,26,23,42): error CS0246: The type or namespace name 'EntityRepository' could not be found (are you missing a using directive or an assembly reference?)
106>D:\Work\IOS-IG-SimHost-FDP-2\Hrot\Subsystems\Hrot.SimHost.Tests\TacticalIntentEgressTranslatorTests.cs(24,26,24,42): error CS0246: The type or namespace name 'NetworkEntityMap' could not be found (are you missing a using directive or an assembly reference?)
106>D:\Work\IOS-IG-SimHost-FDP-2\Hrot\Subsystems\Hrot.SimHost.Tests\HrotScenarioLoadHandlerTests.cs(51,56,51,80): error CS0246: The type or namespace name 'IScenarioEntityExtractor' could not be found (are you missing a using directive or an assembly reference?)
106>D:\Work\IOS-IG-SimHost-FDP-2\Hrot\Subsystems\Hrot.SimHost.Tests\MissionPlanTranslatorTests.cs(23,26,23,42): error CS0246: The type or namespace name 'BehaviorRegistry' could not be found (are you missing a using directive or an assembly reference?)
106>D:\Work\IOS-IG-SimHost-FDP-2\Hrot\Subsystems\Hrot.SimHost.Tests\Systems\GenesisMaterializationSystemTests.cs(24,26,24,42): error CS0246: The type or namespace name 'NetworkEntityMap' could not be found (are you missing a using directive or an assembly reference?)
106>D:\Work\IOS-IG-SimHost-FDP-2\Hrot\Subsystems\Hrot.SimHost.Tests\RouteTrajectorySyncSystemTests.cs(20,22,20,47): error CS0246: The type or namespace name 'RouteTrajectorySyncSystem' could not be found (are you missing a using directive or an assembly reference?)
106>D:\Work\IOS-IG-SimHost-FDP-2\Hrot\Subsystems\Hrot.SimHost.Tests\UnitSubordinateTranslatorTests.cs(34,45,34,58): error CS0246: The type or namespace name 'IGuidResolver' could not be found (are you missing a using directive or an assembly reference?)
106>D:\Work\IOS-IG-SimHost-FDP-2\Hrot\Subsystems\Hrot.SimHost.Tests\WeaponFireNotificationEgressTranslatorTests.cs(48,18,48,56): error CS0246: The type or namespace name 'WeaponFireNotificationEgressTranslator' could not be found (are you missing a using directive or an assembly reference?)
106>D:\Work\IOS-IG-SimHost-FDP-2\Hrot\Subsystems\Hrot.SimHost.Tests\WeaponFireNotificationEgressTranslatorTests.cs(48,85,48,95): error CS0246: The type or namespace name 'WeaponFire' could not be found (are you missing a using directive or an assembly reference?)
106>D:\Work\IOS-IG-SimHost-FDP-2\Hrot\Subsystems\Hrot.SimHost.Tests\Systems\MissionControlExecutionSystemTests.cs(66,52,66,68): error CS0246: The type or namespace name 'EntityRepository' could not be found (are you missing a using directive or an assembly reference?)
106>D:\Work\IOS-IG-SimHost-FDP-2\Hrot\Subsystems\Hrot.SimHost.Tests\Systems\MissionControlExecutionSystemTests.cs(66,20,66,42): error CS0246: The type or namespace name 'MissionControlAckEvent' could not be found (are you missing a using directive or an assembly reference?)
106>D:\Work\IOS-IG-SimHost-FDP-2\Hrot\Subsystems\Hrot.SimHost.Tests\TacticalIntentEgressTranslatorTests.cs(16,51,16,64): error CS0246: The type or namespace name 'IDdsWriter<>' could not be found (are you missing a using directive or an assembly reference?)
106>D:\Work\IOS-IG-SimHost-FDP-2\Hrot\Subsystems\Hrot.SimHost.Tests\PersonalRouteAuthoringSystemTests.cs(32,20,32,36): error CS0246: The type or namespace name 'EntityRepository' could not be found (are you missing a using directive or an assembly reference?)
106>D:\Work\IOS-IG-SimHost-FDP-2\Hrot\Subsystems\Hrot.SimHost.Tests\MissionPlanTranslatorTests.cs(217,49,217,62): error CS0246: The type or namespace name 'IGuidResolver' could not be found (are you missing a using directive or an assembly reference?)
106>D:\Work\IOS-IG-SimHost-FDP-2\Hrot\Subsystems\Hrot.SimHost.Tests\StagingEntityExtractorTests.cs(118,26,118,42): error CS0246: The type or namespace name 'EntityRepository' could not be found (are you missing a using directive or an assembly reference?)
106>D:\Work\IOS-IG-SimHost-FDP-2\Hrot\Subsystems\Hrot.SimHost.Tests\WeaponFireNotificationEgressTranslatorTests.cs(57,17,57,23): error CS0246: The type or namespace name 'Entity' could not be found (are you missing a using directive or an assembly reference?)
106>D:\Work\IOS-IG-SimHost-FDP-2\Hrot\Subsystems\Hrot.SimHost.Tests\UnitSubordinateTranslatorTests.cs(36,41,36,47): error CS0246: The type or namespace name 'Entity' could not be found (are you missing a using directive or an assembly reference?)
106>D:\Work\IOS-IG-SimHost-FDP-2\Hrot\Subsystems\Hrot.SimHost.Tests\MissionPlanTranslatorTests.cs(219,35,219,41): error CS0246: The type or namespace name 'Entity' could not be found (are you missing a using directive or an assembly reference?)
106>D:\Work\IOS-IG-SimHost-FDP-2\Hrot\Subsystems\Hrot.SimHost.Tests\HrotScenarioLoadHandlerTests.cs(54,13,54,31): error CS0246: The type or namespace name 'ScenarioSerializer' could not be found (are you missing a using directive or an assembly reference?)
106>D:\Work\IOS-IG-SimHost-FDP-2\Hrot\Subsystems\Hrot.SimHost.Tests\HrotScenarioLoadHandlerTests.cs(54,57,54,76): error CS0246: The type or namespace name 'INetworkIdAllocator' could not be found (are you missing a using directive or an assembly reference?)
106>D:\Work\IOS-IG-SimHost-FDP-2\Hrot\Subsystems\Hrot.SimHost.Tests\HrotScenarioLoadHandlerTests.cs(53,30,53,51): error CS0246: The type or namespace name 'EntityCreationRequest' could not be found (are you missing a using directive or an assembly reference?)
106>D:\Work\IOS-IG-SimHost-FDP-2\Hrot\Subsystems\Hrot.SimHost.Tests\PersonalRouteAuthoringSystemTests.cs(46,13,46,19): error CS0246: The type or namespace name 'Entity' could not be found (are you missing a using directive or an assembly reference?)
106>D:\Work\IOS-IG-SimHost-FDP-2\Hrot\Subsystems\Hrot.SimHost.Tests\MunitionDetonationEgressTranslatorTests.cs(26,51,26,64): error CS0246: The type or namespace name 'IDdsWriter<>' could not be found (are you missing a using directive or an assembly reference?)
106>D:\Work\IOS-IG-SimHost-FDP-2\Hrot\Subsystems\Hrot.SimHost.Tests\UnitSubordinateTranslatorTests.cs(37,49,37,55): error CS0246: The type or namespace name 'Entity' could not be found (are you missing a using directive or an assembly reference?)
106>D:\Work\IOS-IG-SimHost-FDP-2\Hrot\Subsystems\Hrot.SimHost.Tests\WeaponFireNotificationEgressTranslatorTests.cs(64,42,64,48): error CS0246: The type or namespace name 'Entity' could not be found (are you missing a using directive or an assembly reference?)
106>D:\Work\IOS-IG-SimHost-FDP-2\Hrot\Subsystems\Hrot.SimHost.Tests\WeaponFireNotificationEgressTranslatorTests.cs(64,58,64,64): error CS0246: The type or namespace name 'Entity' could not be found (are you missing a using directive or an assembly reference?)
106>D:\Work\IOS-IG-SimHost-FDP-2\Hrot\Subsystems\Hrot.SimHost.Tests\WeaponFireRequestIngressTranslatorTests.cs(39,17,39,51): error CS0246: The type or namespace name 'WeaponFireRequestIngressTranslator' could not be found (are you missing a using directive or an assembly reference?)
106>D:\Work\IOS-IG-SimHost-FDP-2\Hrot\Subsystems\Hrot.SimHost.Tests\MissionPlanTranslatorTests.cs(220,20,220,26): error CS0246: The type or namespace name 'Entity' could not be found (are you missing a using directive or an assembly reference?)
106>D:\Work\IOS-IG-SimHost-FDP-2\Hrot\Subsystems\Hrot.SimHost.Tests\StagingEntityExtractorTests.cs(44,54,44,79): error CS0246: The type or namespace name 'IEntityScenarioTranslator' could not be found (are you missing a using directive or an assembly reference?)
106>D:\Work\IOS-IG-SimHost-FDP-2\Hrot\Subsystems\Hrot.SimHost.Tests\UnitSubordinateTranslatorTests.cs(39,34,39,40): error CS0246: The type or namespace name 'Entity' could not be found (are you missing a using directive or an assembly reference?)
106>D:\Work\IOS-IG-SimHost-FDP-2\Hrot\Subsystems\Hrot.SimHost.Tests\PersonalRouteAuthoringSystemTests.cs(53,34,53,40): error CS0246: The type or namespace name 'Entity' could not be found (are you missing a using directive or an assembly reference?)
106>D:\Work\IOS-IG-SimHost-FDP-2\Hrot\Subsystems\Hrot.SimHost.Tests\WeaponFireNotificationEgressTranslatorTests.cs(34,26,34,42): error CS0246: The type or namespace name 'EntityRepository' could not be found (are you missing a using directive or an assembly reference?)
106>D:\Work\IOS-IG-SimHost-FDP-2\Hrot\Subsystems\Hrot.SimHost.Tests\UnitSubordinateTranslatorTests.cs(45,35,45,41): error CS0246: The type or namespace name 'Entity' could not be found (are you missing a using directive or an assembly reference?)
106>D:\Work\IOS-IG-SimHost-FDP-2\Hrot\Subsystems\Hrot.SimHost.Tests\SimHostTimeSyncTests.cs(15,26,15,46): error CS0246: The type or namespace name 'DdsIdAllocatorServer' could not be found (are you missing a using directive or an assembly reference?)
106>D:\Work\IOS-IG-SimHost-FDP-2\Hrot\Subsystems\Hrot.SimHost.Tests\WeaponFireNotificationEgressTranslatorTests.cs(35,26,35,42): error CS0246: The type or namespace name 'NetworkEntityMap' could not be found (are you missing a using directive or an assembly reference?)
106>D:\Work\IOS-IG-SimHost-FDP-2\Hrot\Subsystems\Hrot.SimHost.Tests\StagingEntityExtractorTests.cs(53,20,53,30): error CS0246: The type or namespace name 'BitMask512' could not be found (are you missing a using directive or an assembly reference?)
106>D:\Work\IOS-IG-SimHost-FDP-2\Hrot\Subsystems\Hrot.SimHost.Tests\UnitSubordinateTranslatorTests.cs(46,20,46,26): error CS0246: The type or namespace name 'Entity' could not be found (are you missing a using directive or an assembly reference?)
106>D:\Work\IOS-IG-SimHost-FDP-2\Hrot\Subsystems\Hrot.SimHost.Tests\OrchestrationLogicPackTests.cs(16,24,16,36): error CS0246: The type or namespace name 'ClusterSlave' could not be found (are you missing a using directive or an assembly reference?)
106>D:\Work\IOS-IG-SimHost-FDP-2\Hrot\Subsystems\Hrot.SimHost.Tests\WeaponFireRequestIngressTranslatorTests.cs(48,13,48,47): error CS0246: The type or namespace name 'WeaponFireRequestIngressTranslator' could not be found (are you missing a using directive or an assembly reference?)
106>D:\Work\IOS-IG-SimHost-FDP-2\Hrot\Subsystems\Hrot.SimHost.Tests\WeaponFireRequestIngressTranslatorTests.cs(49,16,49,33): error CS0246: The type or namespace name 'WeaponFireRequest' could not be found (are you missing a using directive or an assembly reference?)
106>D:\Work\IOS-IG-SimHost-FDP-2\Hrot\Subsystems\Hrot.SimHost.Tests\WeaponFireRequestIngressTranslatorTests.cs(47,30,47,46): error CS0246: The type or namespace name 'WeaponFireIntent' could not be found (are you missing a using directive or an assembly reference?)
106>D:\Work\IOS-IG-SimHost-FDP-2\Hrot\Subsystems\Hrot.SimHost.Tests\TacticalIntentIngressTranslatorTests.cs(13,26,13,42): error CS0246: The type or namespace name 'EntityRepository' could not be found (are you missing a using directive or an assembly reference?)
106>D:\Work\IOS-IG-SimHost-FDP-2\Hrot\Subsystems\Hrot.SimHost.Tests\PersonalRouteAuthoringSystemTests.cs(68,42,68,48): error CS0246: The type or namespace name 'Entity' could not be found (are you missing a using directive or an assembly reference?)
106>D:\Work\IOS-IG-SimHost-FDP-2\Hrot\Subsystems\Hrot.SimHost.Tests\PersonalRouteAuthoringSystemTests.cs(68,13,68,19): error CS0246: The type or namespace name 'Entity' could not be found (are you missing a using directive or an assembly reference?)
106>D:\Work\IOS-IG-SimHost-FDP-2\Hrot\Subsystems\Hrot.SimHost.Tests\WeaponFireNotificationEgressTranslatorTests.cs(27,51,27,64): error CS0246: The type or namespace name 'IDdsWriter<>' could not be found (are you missing a using directive or an assembly reference?)
106>D:\Work\IOS-IG-SimHost-FDP-2\Hrot\Subsystems\Hrot.SimHost.Tests\TacticalIntentIngressTranslatorTests.cs(14,26,14,42): error CS0246: The type or namespace name 'NetworkEntityMap' could not be found (are you missing a using directive or an assembly reference?)
106>D:\Work\IOS-IG-SimHost-FDP-2\Hrot\Subsystems\Hrot.SimHost.Tests\Systems\MissionControlRequestSystemFollowRouteTests.cs(29,20,29,36): error CS0246: The type or namespace name 'EntityRepository' could not be found (are you missing a using directive or an assembly reference?)
106>D:\Work\IOS-IG-SimHost-FDP-2\Hrot\Subsystems\Hrot.SimHost.Tests\WeaponFireRequestIngressTranslatorTests.cs(24,26,24,42): error CS0246: The type or namespace name 'EntityRepository' could not be found (are you missing a using directive or an assembly reference?)
106>D:\Work\IOS-IG-SimHost-FDP-2\Hrot\Subsystems\Hrot.SimHost.Tests\PersonalRouteAuthoringSystemTests.cs(21,22,21,38): error CS0246: The type or namespace name 'EntityRepository' could not be found (are you missing a using directive or an assembly reference?)
106>D:\Work\IOS-IG-SimHost-FDP-2\Hrot\Subsystems\Hrot.SimHost.Tests\WeaponFireRequestIngressTranslatorTests.cs(25,26,25,42): error CS0246: The type or namespace name 'NetworkEntityMap' could not be found (are you missing a using directive or an assembly reference?)
106>D:\Work\IOS-IG-SimHost-FDP-2\Hrot\Subsystems\Hrot.SimHost.Tests\StagingEntityExtractorTests.cs(57,38,57,54): error CS0246: The type or namespace name 'EntityRepository' could not be found (are you missing a using directive or an assembly reference?)
106>D:\Work\IOS-IG-SimHost-FDP-2\Hrot\Subsystems\Hrot.SimHost.Tests\StagingEntityExtractorTests.cs(57,61,57,67): error CS0246: The type or namespace name 'Entity' could not be found (are you missing a using directive or an assembly reference?)
106>D:\Work\IOS-IG-SimHost-FDP-2\Hrot\Subsystems\Hrot.SimHost.Tests\PersonalRouteAuthoringSystemTests.cs(22,22,22,50): error CS0246: The type or namespace name 'PersonalRouteAuthoringSystem' could not be found (are you missing a using directive or an assembly reference?)
106>D:\Work\IOS-IG-SimHost-FDP-2\Hrot\Subsystems\Hrot.SimHost.Tests\MunitionDetonationIngressTranslatorTests.cs(41,17,41,52): error CS0246: The type or namespace name 'MunitionDetonationIngressTranslator' could not be found (are you missing a using directive or an assembly reference?)
106>D:\Work\IOS-IG-SimHost-FDP-2\Hrot\Subsystems\Hrot.SimHost.Tests\Systems\MissionControlRequestSystemFollowRouteTests.cs(44,20,44,36): error CS0246: The type or namespace name 'BehaviorRegistry' could not be found (are you missing a using directive or an assembly reference?)
106>D:\Work\IOS-IG-SimHost-FDP-2\Hrot\Subsystems\Hrot.SimHost.Tests\StagingEntityExtractorTests.cs(64,17,64,33): error CS0246: The type or namespace name 'EntityRepository' could not be found (are you missing a using directive or an assembly reference?)
106>D:\Work\IOS-IG-SimHost-FDP-2\Hrot\Subsystems\Hrot.SimHost.Tests\StagingEntityExtractorTests.cs(64,40,64,46): error CS0246: The type or namespace name 'Entity' could not be found (are you missing a using directive or an assembly reference?)
106>D:\Work\IOS-IG-SimHost-FDP-2\Hrot\Subsystems\Hrot.SimHost.Tests\StagingEntityExtractorTests.cs(64,55,64,68): error CS0246: The type or namespace name 'IGuidResolver' could not be found (are you missing a using directive or an assembly reference?)
106>D:\Work\IOS-IG-SimHost-FDP-2\Hrot\Subsystems\Hrot.SimHost.Tests\UpdateEntityDescriptorRequestSystemTests.cs(29,24,29,40): error CS0246: The type or namespace name 'EntityRepository' could not be found (are you missing a using directive or an assembly reference?)
106>D:\Work\IOS-IG-SimHost-FDP-2\Hrot\Subsystems\Hrot.SimHost.Tests\SimHostTrajectoryLayerTests.cs(40,20,40,36): error CS0246: The type or namespace name 'EntityRepository' could not be found (are you missing a using directive or an assembly reference?)
106>D:\Work\IOS-IG-SimHost-FDP-2\Hrot\Subsystems\Hrot.SimHost.Tests\MunitionDetonationIngressTranslatorTests.cs(45,13,45,48): error CS0246: The type or namespace name 'MunitionDetonationIngressTranslator' could not be found (are you missing a using directive or an assembly reference?)
106>D:\Work\IOS-IG-SimHost-FDP-2\Hrot\Subsystems\Hrot.SimHost.Tests\MunitionDetonationIngressTranslatorTests.cs(46,16,46,34): error CS0246: The type or namespace name 'MunitionDetonation' could not be found (are you missing a using directive or an assembly reference?)
106>D:\Work\IOS-IG-SimHost-FDP-2\Hrot\Subsystems\Hrot.SimHost.Tests\MunitionDetonationIngressTranslatorTests.cs(44,30,44,52): error CS0246: The type or namespace name 'DetonationNotification' could not be found (are you missing a using directive or an assembly reference?)
106>D:\Work\IOS-IG-SimHost-FDP-2\Hrot\Subsystems\Hrot.SimHost.Tests\TacticalIntentResolutionSystemTests.cs(35,24,35,40): error CS0246: The type or namespace name 'EntityRepository' could not be found (are you missing a using directive or an assembly reference?)
106>D:\Work\IOS-IG-SimHost-FDP-2\Hrot\Subsystems\Hrot.SimHost.Tests\UpdateEntityDescriptorRequestSystemTests.cs(48,24,48,53): error CS0246: The type or namespace name 'UpdateEntityDescriptorRequest' could not be found (are you missing a using directive or an assembly reference?)
106>D:\Work\IOS-IG-SimHost-FDP-2\Hrot\Subsystems\Hrot.SimHost.Tests\MunitionDetonationIngressTranslatorTests.cs(26,26,26,42): error CS0246: The type or namespace name 'EntityRepository' could not be found (are you missing a using directive or an assembly reference?)
106>D:\Work\IOS-IG-SimHost-FDP-2\Hrot\Subsystems\Hrot.SimHost.Tests\SimHostTrajectoryLayerTests.cs(50,13,50,35): error CS0246: The type or namespace name 'SimHostTrajectoryLayer' could not be found (are you missing a using directive or an assembly reference?)
106>D:\Work\IOS-IG-SimHost-FDP-2\Hrot\Subsystems\Hrot.SimHost.Tests\UpdateEntityDescriptorRequestSystemTests.cs(65,24,65,53): error CS0246: The type or namespace name 'UpdateEntityDescriptorRequest' could not be found (are you missing a using directive or an assembly reference?)
106>D:\Work\IOS-IG-SimHost-FDP-2\Hrot\Subsystems\Hrot.SimHost.Tests\MunitionDetonationIngressTranslatorTests.cs(27,26,27,42): error CS0246: The type or namespace name 'NetworkEntityMap' could not be found (are you missing a using directive or an assembly reference?)
106>D:\Work\IOS-IG-SimHost-FDP-2\Hrot\Subsystems\Hrot.SimHost.Tests\StagingEntityExtractorTests.cs(73,17,73,33): error CS0246: The type or namespace name 'EntityRepository' could not be found (are you missing a using directive or an assembly reference?)
106>D:\Work\IOS-IG-SimHost-FDP-2\Hrot\Subsystems\Hrot.SimHost.Tests\StagingEntityExtractorTests.cs(73,40,73,46): error CS0246: The type or namespace name 'Entity' could not be found (are you missing a using directive or an assembly reference?)
106>D:\Work\IOS-IG-SimHost-FDP-2\Hrot\Subsystems\Hrot.SimHost.Tests\StagingEntityExtractorTests.cs(74,58,74,71): error CS0246: The type or namespace name 'IGuidResolver' could not be found (are you missing a using directive or an assembly reference?)
106>D:\Work\IOS-IG-SimHost-FDP-2\Hrot\Subsystems\Hrot.SimHost.Tests\UpdateEntityDescriptorRequestSystemTests.cs(88,48,88,73): error CS0246: The type or namespace name 'UpdateEntityDescriptorAck' could not be found (are you missing a using directive or an assembly reference?)
106>D:\Work\IOS-IG-SimHost-FDP-2\Hrot\Subsystems\Hrot.SimHost.Tests\TacticalIntentResolutionSystemTests.cs(45,53,45,69): error CS0246: The type or namespace name 'EntityRepository' could not be found (are you missing a using directive or an assembly reference?)
106>D:\Work\IOS-IG-SimHost-FDP-2\Hrot\Subsystems\Hrot.SimHost.Tests\TacticalIntentResolutionSystemTests.cs(45,24,45,30): error CS0246: The type or namespace name 'Entity' could not be found (are you missing a using directive or an assembly reference?)
106>D:\Work\IOS-IG-SimHost-FDP-2\Hrot\Subsystems\Hrot.SimHost.Tests\Systems\MissionControlRequestSystemFollowRouteTests.cs(53,9,53,25): error CS0246: The type or namespace name 'EntityRepository' could not be found (are you missing a using directive or an assembly reference?)
106>D:\Work\IOS-IG-SimHost-FDP-2\Hrot\Subsystems\Hrot.SimHost.Tests\Systems\MissionControlRequestSystemFollowRouteTests.cs(53,32,53,48): error CS0246: The type or namespace name 'NetworkEntityMap' could not be found (are you missing a using directive or an assembly reference?)
106>D:\Work\IOS-IG-SimHost-FDP-2\Hrot\Subsystems\Hrot.SimHost.Tests\Systems\MissionControlRequestSystemFollowRouteTests.cs(52,21,52,27): error CS0246: The type or namespace name 'Entity' could not be found (are you missing a using directive or an assembly reference?)
106>D:\Work\IOS-IG-SimHost-FDP-2\Hrot\Subsystems\Hrot.SimHost.Tests\Systems\MissionControlRequestSystemFollowRouteTests.cs(52,37,52,43): error CS0246: The type or namespace name 'Entity' could not be found (are you missing a using directive or an assembly reference?)
106>D:\Work\IOS-IG-SimHost-FDP-2\Hrot\Subsystems\Hrot.SimHost.Tests\UpdateEntityDescriptorRequestSystemTests.cs(39,49,39,69): error CS0246: The type or namespace name 'IGeographicTransform' could not be found (are you missing a using directive or an assembly reference?)
106>D:\Work\IOS-IG-SimHost-FDP-2\Hrot\Subsystems\Hrot.SimHost.Tests\Systems\MissionControlRequestSystemFollowRouteTests.cs(69,20,69,40): error CS0246: The type or namespace name 'MissionControlIntent' could not be found (are you missing a using directive or an assembly reference?)
106>D:\Work\IOS-IG-SimHost-FDP-2\Hrot\Subsystems\Hrot.SimHost.Tests\TacticalIntentResolutionSystemTests.cs(56,46,56,66): error CS0246: The type or namespace name 'ITacticalOrderMapper' could not be found (are you missing a using directive or an assembly reference?)
106>D:\Work\IOS-IG-SimHost-FDP-2\Hrot\Subsystems\Hrot.SimHost.Tests\SimHostTrajectoryLayerTests.cs(60,20,60,29): error CS0246: The type or namespace name 'RoutePlan' could not be found (are you missing a using directive or an assembly reference?)
106>D:\Work\IOS-IG-SimHost-FDP-2\Hrot\Subsystems\Hrot.SimHost.Tests\StagingEntityExtractorTests.cs(89,56,89,81): error CS0246: The type or namespace name 'IEntityScenarioTranslator' could not be found (are you missing a using directive or an assembly reference?)
106>D:\Work\IOS-IG-SimHost-FDP-2\Hrot\Subsystems\Hrot.SimHost.Tests\UpdateEntityDescriptorRequestSystemTests.cs(81,51,81,54): error CS0234: The type or namespace name 'Map' does not exist in the namespace 'Hrot' (are you missing an assembly reference?)
106>D:\Work\IOS-IG-SimHost-FDP-2\Hrot\Subsystems\Hrot.SimHost.Tests\UpdateEntityDescriptorRequestSystemTests.cs(81,77,81,102): error CS0246: The type or namespace name 'UpdateEntityDescriptorAck' could not be found (are you missing a using directive or an assembly reference?)
106>D:\Work\IOS-IG-SimHost-FDP-2\Hrot\Subsystems\Hrot.SimHost.Tests\StagingEntityExtractorTests.cs(91,30,91,40): error CS0246: The type or namespace name 'BitMask512' could not be found (are you missing a using directive or an assembly reference?)
106>D:\Work\IOS-IG-SimHost-FDP-2\Hrot\Subsystems\Hrot.SimHost.Tests\UpdateEntityDescriptorRequestSystemTests.cs(83,25,83,50): error CS0246: The type or namespace name 'UpdateEntityDescriptorAck' could not be found (are you missing a using directive or an assembly reference?)
106>D:\Work\IOS-IG-SimHost-FDP-2\Hrot\Subsystems\Hrot.SimHost.Tests\SimHostTrajectoryLayerTests.cs(26,22,26,43): error CS0246: The type or namespace name 'TrajectoryPoolManager' could not be found (are you missing a using directive or an assembly reference?)
106>D:\Work\IOS-IG-SimHost-FDP-2\Hrot\Subsystems\Hrot.SimHost.Tests\UpdateEntityDescriptorRequestSystemTests.cs(84,31,84,56): error CS0246: The type or namespace name 'UpdateEntityDescriptorAck' could not be found (are you missing a using directive or an assembly reference?)
106>D:\Work\IOS-IG-SimHost-FDP-2\Hrot\Subsystems\Hrot.SimHost.Tests\StagingEntityExtractorTests.cs(99,20,99,30): error CS0246: The type or namespace name 'BitMask512' could not be found (are you missing a using directive or an assembly reference?)
106>D:\Work\IOS-IG-SimHost-FDP-2\Hrot\Subsystems\Hrot.SimHost.Tests\TacticalIntentResolutionSystemTests.cs(68,32,68,38): error CS0246: The type or namespace name 'Entity' could not be found (are you missing a using directive or an assembly reference?)
106>D:\Work\IOS-IG-SimHost-FDP-2\Hrot\Subsystems\Hrot.SimHost.Tests\TacticalIntentResolutionSystemTests.cs(68,45,68,61): error CS0246: The type or namespace name 'EntityRepository' could not be found (are you missing a using directive or an assembly reference?)
106>D:\Work\IOS-IG-SimHost-FDP-2\Hrot\Subsystems\Hrot.SimHost.Tests\TacticalIntentResolutionSystemTests.cs(69,36,69,55): error CS0246: The type or namespace name 'AssignBehaviorEvent' could not be found (are you missing a using directive or an assembly reference?)
106>D:\Work\IOS-IG-SimHost-FDP-2\Hrot\Subsystems\Hrot.SimHost.Tests\TacGraphicRouteBlueprintTests.cs(33,20,33,31): error CS0246: The type or namespace name 'TkbDatabase' could not be found (are you missing a using directive or an assembly reference?)
106>D:\Work\IOS-IG-SimHost-FDP-2\Hrot\Subsystems\Hrot.SimHost.Tests\UpdateEntityDescriptorRequestSystemTests.cs(85,41,85,66): error CS0246: The type or namespace name 'UpdateEntityDescriptorAck' could not be found (are you missing a using directive or an assembly reference?)
106>D:\Work\IOS-IG-SimHost-FDP-2\Hrot\Subsystems\Hrot.SimHost.Tests\TacticalIntentResolutionSystemTests.cs(82,46,82,66): error CS0246: The type or namespace name 'ITacticalOrderMapper' could not be found (are you missing a using directive or an assembly reference?)
106>D:\Work\IOS-IG-SimHost-FDP-2\Hrot\Subsystems\Hrot.SimHost.Tests\SimHostTrajectoryLayerTests.cs(27,22,27,38): error CS0246: The type or namespace name 'EntityRepository' could not be found (are you missing a using directive or an assembly reference?)
106>D:\Work\IOS-IG-SimHost-FDP-2\Hrot\Subsystems\Hrot.SimHost.Tests\StagingEntityExtractorTests.cs(103,38,103,54): error CS0246: The type or namespace name 'EntityRepository' could not be found (are you missing a using directive or an assembly reference?)
106>D:\Work\IOS-IG-SimHost-FDP-2\Hrot\Subsystems\Hrot.SimHost.Tests\StagingEntityExtractorTests.cs(103,61,103,67): error CS0246: The type or namespace name 'Entity' could not be found (are you missing a using directive or an assembly reference?)
106>D:\Work\IOS-IG-SimHost-FDP-2\Hrot\Subsystems\Hrot.SimHost.Tests\SimHostTrajectoryLayerTests.cs(28,22,28,36): error CS0246: The type or namespace name 'InspectorState' could not be found (are you missing a using directive or an assembly reference?)
106>D:\Work\IOS-IG-SimHost-FDP-2\Hrot\Subsystems\Hrot.SimHost.Tests\TacticalIntentResolutionSystemTests.cs(88,32,88,38): error CS0246: The type or namespace name 'Entity' could not be found (are you missing a using directive or an assembly reference?)
106>D:\Work\IOS-IG-SimHost-FDP-2\Hrot\Subsystems\Hrot.SimHost.Tests\TacticalIntentResolutionSystemTests.cs(88,45,88,61): error CS0246: The type or namespace name 'EntityRepository' could not be found (are you missing a using directive or an assembly reference?)
106>D:\Work\IOS-IG-SimHost-FDP-2\Hrot\Subsystems\Hrot.SimHost.Tests\TacticalIntentResolutionSystemTests.cs(89,36,89,55): error CS0246: The type or namespace name 'AssignBehaviorEvent' could not be found (are you missing a using directive or an assembly reference?)
106>D:\Work\IOS-IG-SimHost-FDP-2\Hrot\Subsystems\Hrot.SimHost.Tests\TkbLoadClusterStateHandlerTests.cs(67,67,67,77): error CS0103: The name 'NodeOpType' does not exist in the current context
106>D:\Work\IOS-IG-SimHost-FDP-2\Hrot\Subsystems\Hrot.SimHost.Tests\SimHostTrajectoryLayerTests.cs(56,29,56,42): error CS0246: The type or namespace name 'RenderContext' could not be found (are you missing a using directive or an assembly reference?)
106>D:\Work\IOS-IG-SimHost-FDP-2\Hrot\Subsystems\Hrot.SimHost.Tests\StagingEntityExtractorTests.cs(106,17,106,33): error CS0246: The type or namespace name 'EntityRepository' could not be found (are you missing a using directive or an assembly reference?)
106>D:\Work\IOS-IG-SimHost-FDP-2\Hrot\Subsystems\Hrot.SimHost.Tests\StagingEntityExtractorTests.cs(106,40,106,46): error CS0246: The type or namespace name 'Entity' could not be found (are you missing a using directive or an assembly reference?)
106>D:\Work\IOS-IG-SimHost-FDP-2\Hrot\Subsystems\Hrot.SimHost.Tests\StagingEntityExtractorTests.cs(106,55,106,68): error CS0246: The type or namespace name 'IGuidResolver' could not be found (are you missing a using directive or an assembly reference?)
106>D:\Work\IOS-IG-SimHost-FDP-2\Hrot\Subsystems\Hrot.SimHost.Tests\StagingEntityExtractorTests.cs(110,17,110,33): error CS0246: The type or namespace name 'EntityRepository' could not be found (are you missing a using directive or an assembly reference?)
106>D:\Work\IOS-IG-SimHost-FDP-2\Hrot\Subsystems\Hrot.SimHost.Tests\StagingEntityExtractorTests.cs(110,40,110,46): error CS0246: The type or namespace name 'Entity' could not be found (are you missing a using directive or an assembly reference?)
106>D:\Work\IOS-IG-SimHost-FDP-2\Hrot\Subsystems\Hrot.SimHost.Tests\StagingEntityExtractorTests.cs(111,58,111,71): error CS0246: The type or namespace name 'IGuidResolver' could not be found (are you missing a using directive or an assembly reference?)
106>D:\Work\IOS-IG-SimHost-FDP-2\Hrot\Subsystems\Hrot.SimHost.Tests\StagingEntityExtractorTests.cs(493,63,493,88): error CS0246: The type or namespace name 'IEntityScenarioTranslator' could not be found (are you missing a using directive or an assembly reference?)
106>D:\Work\IOS-IG-SimHost-FDP-2\Hrot\Subsystems\Hrot.SimHost.Tests\WeaponFireIntentEgressTranslatorTests.cs(52,18,52,50): error CS0246: The type or namespace name 'WeaponFireIntentEgressTranslator' could not be found (are you missing a using directive or an assembly reference?)
106>D:\Work\IOS-IG-SimHost-FDP-2\Hrot\Subsystems\Hrot.SimHost.Tests\WeaponFireIntentEgressTranslatorTests.cs(52,79,52,96): error CS0246: The type or namespace name 'WeaponFireRequest' could not be found (are you missing a using directive or an assembly reference?)
106>D:\Work\IOS-IG-SimHost-FDP-2\Hrot\Subsystems\Hrot.SimHost.Tests\TargetMemoryTranslatorTests.cs(23,26,23,42): error CS0246: The type or namespace name 'EntityRepository' could not be found (are you missing a using directive or an assembly reference?)
106>D:\Work\IOS-IG-SimHost-FDP-2\Hrot\Subsystems\Hrot.SimHost.Tests\TkbRegistrationTests.cs(20,20,20,31): error CS0246: The type or namespace name 'TkbDatabase' could not be found (are you missing a using directive or an assembly reference?)
106>D:\Work\IOS-IG-SimHost-FDP-2\Hrot\Subsystems\Hrot.SimHost.Tests\WeaponFireIntentEgressTranslatorTests.cs(60,17,60,23): error CS0246: The type or namespace name 'Entity' could not be found (are you missing a using directive or an assembly reference?)
106>D:\Work\IOS-IG-SimHost-FDP-2\Hrot\Subsystems\Hrot.SimHost.Tests\StagingEntityExtractorTests.cs(501,20,501,30): error CS0246: The type or namespace name 'BitMask512' could not be found (are you missing a using directive or an assembly reference?)
106>D:\Work\IOS-IG-SimHost-FDP-2\Hrot\Subsystems\Hrot.SimHost.Tests\WeaponFireIntentEgressTranslatorTests.cs(77,17,77,23): error CS0246: The type or namespace name 'Entity' could not be found (are you missing a using directive or an assembly reference?)
106>D:\Work\IOS-IG-SimHost-FDP-2\Hrot\Subsystems\Hrot.SimHost.Tests\TargetMemoryTranslatorTests.cs(36,45,36,58): error CS0246: The type or namespace name 'IGuidResolver' could not be found (are you missing a using directive or an assembly reference?)
106>D:\Work\IOS-IG-SimHost-FDP-2\Hrot\Subsystems\Hrot.SimHost.Tests\WeaponFireIntentEgressTranslatorTests.cs(84,36,84,42): error CS0246: The type or namespace name 'Entity' could not be found (are you missing a using directive or an assembly reference?)
106>D:\Work\IOS-IG-SimHost-FDP-2\Hrot\Subsystems\Hrot.SimHost.Tests\WeaponFireIntentEgressTranslatorTests.cs(84,52,84,58): error CS0246: The type or namespace name 'Entity' could not be found (are you missing a using directive or an assembly reference?)
106>D:\Work\IOS-IG-SimHost-FDP-2\Hrot\Subsystems\Hrot.SimHost.Tests\StagingEntityExtractorTests.cs(506,38,506,54): error CS0246: The type or namespace name 'EntityRepository' could not be found (are you missing a using directive or an assembly reference?)
106>D:\Work\IOS-IG-SimHost-FDP-2\Hrot\Subsystems\Hrot.SimHost.Tests\StagingEntityExtractorTests.cs(506,61,506,67): error CS0246: The type or namespace name 'Entity' could not be found (are you missing a using directive or an assembly reference?)
106>D:\Work\IOS-IG-SimHost-FDP-2\Hrot\Subsystems\Hrot.SimHost.Tests\TargetMemoryTranslatorTests.cs(38,41,38,47): error CS0246: The type or namespace name 'Entity' could not be found (are you missing a using directive or an assembly reference?)
106>D:\Work\IOS-IG-SimHost-FDP-2\Hrot\Subsystems\Hrot.SimHost.Tests\WeaponFireIntentEgressTranslatorTests.cs(36,26,36,42): error CS0246: The type or namespace name 'EntityRepository' could not be found (are you missing a using directive or an assembly reference?)
106>D:\Work\IOS-IG-SimHost-FDP-2\Hrot\Subsystems\Hrot.SimHost.Tests\TargetMemoryTranslatorTests.cs(39,49,39,55): error CS0246: The type or namespace name 'Entity' could not be found (are you missing a using directive or an assembly reference?)
106>D:\Work\IOS-IG-SimHost-FDP-2\Hrot\Subsystems\Hrot.SimHost.Tests\WeaponFireIntentEgressTranslatorTests.cs(37,26,37,42): error CS0246: The type or namespace name 'NetworkEntityMap' could not be found (are you missing a using directive or an assembly reference?)
106>D:\Work\IOS-IG-SimHost-FDP-2\Hrot\Subsystems\Hrot.SimHost.Tests\UnitHierarchySystemTests.cs(28,24,28,40): error CS0246: The type or namespace name 'EntityRepository' could not be found (are you missing a using directive or an assembly reference?)
106>D:\Work\IOS-IG-SimHost-FDP-2\Hrot\Subsystems\Hrot.SimHost.Tests\WeaponFireIntentEgressTranslatorTests.cs(29,51,29,64): error CS0246: The type or namespace name 'IDdsWriter<>' could not be found (are you missing a using directive or an assembly reference?)
106>D:\Work\IOS-IG-SimHost-FDP-2\Hrot\Subsystems\Hrot.SimHost.Tests\UnitHierarchySystemTests.cs(42,34,42,50): error CS0246: The type or namespace name 'EntityRepository' could not be found (are you missing a using directive or an assembly reference?)
106>D:\Work\IOS-IG-SimHost-FDP-2\Hrot\Subsystems\Hrot.SimHost.Tests\TargetMemoryTranslatorTests.cs(41,34,41,40): error CS0246: The type or namespace name 'Entity' could not be found (are you missing a using directive or an assembly reference?)
106>D:\Work\IOS-IG-SimHost-FDP-2\Hrot\Subsystems\Hrot.SimHost.Tests\SimHostVisualizationTests.cs(35,26,35,42): error CS0246: The type or namespace name 'EntityRepository' could not be found (are you missing a using directive or an assembly reference?)
106>D:\Work\IOS-IG-SimHost-FDP-2\Hrot\Subsystems\Hrot.SimHost.Tests\TargetMemoryTranslatorTests.cs(47,35,47,41): error CS0246: The type or namespace name 'Entity' could not be found (are you missing a using directive or an assembly reference?)
106>D:\Work\IOS-IG-SimHost-FDP-2\Hrot\Subsystems\Hrot.SimHost.Tests\StagingEntityExtractorTests.cs(513,17,513,33): error CS0246: The type or namespace name 'EntityRepository' could not be found (are you missing a using directive or an assembly reference?)
106>D:\Work\IOS-IG-SimHost-FDP-2\Hrot\Subsystems\Hrot.SimHost.Tests\StagingEntityExtractorTests.cs(513,40,513,46): error CS0246: The type or namespace name 'Entity' could not be found (are you missing a using directive or an assembly reference?)
106>D:\Work\IOS-IG-SimHost-FDP-2\Hrot\Subsystems\Hrot.SimHost.Tests\StagingEntityExtractorTests.cs(513,55,513,68): error CS0246: The type or namespace name 'IGuidResolver' could not be found (are you missing a using directive or an assembly reference?)
106>D:\Work\IOS-IG-SimHost-FDP-2\Hrot\Subsystems\Hrot.SimHost.Tests\TargetMemoryTranslatorTests.cs(48,20,48,26): error CS0246: The type or namespace name 'Entity' could not be found (are you missing a using directive or an assembly reference?)
106>D:\Work\IOS-IG-SimHost-FDP-2\Hrot\Subsystems\Hrot.SimHost.Tests\StagingEntityExtractorTests.cs(520,17,520,33): error CS0246: The type or namespace name 'EntityRepository' could not be found (are you missing a using directive or an assembly reference?)
106>D:\Work\IOS-IG-SimHost-FDP-2\Hrot\Subsystems\Hrot.SimHost.Tests\StagingEntityExtractorTests.cs(520,40,520,46): error CS0246: The type or namespace name 'Entity' could not be found (are you missing a using directive or an assembly reference?)
106>D:\Work\IOS-IG-SimHost-FDP-2\Hrot\Subsystems\Hrot.SimHost.Tests\StagingEntityExtractorTests.cs(521,58,521,71): error CS0246: The type or namespace name 'IGuidResolver' could not be found (are you missing a using directive or an assembly reference?)
106>D:\Work\IOS-IG-SimHost-FDP-2\Hrot\Subsystems\Hrot.SimHost.Tests\StagingEntityExtractorTests.cs(652,68,652,93): error CS0246: The type or namespace name 'IEntityScenarioTranslator' could not be found (are you missing a using directive or an assembly reference?)
106>D:\Work\IOS-IG-SimHost-FDP-2\Hrot\Subsystems\Hrot.SimHost.Tests\StagingEntityExtractorTests.cs(660,20,660,30): error CS0246: The type or namespace name 'BitMask512' could not be found (are you missing a using directive or an assembly reference?)
106>D:\Work\IOS-IG-SimHost-FDP-2\Hrot\Subsystems\Hrot.SimHost.Tests\StagingEntityExtractorTests.cs(664,38,664,54): error CS0246: The type or namespace name 'EntityRepository' could not be found (are you missing a using directive or an assembly reference?)
106>D:\Work\IOS-IG-SimHost-FDP-2\Hrot\Subsystems\Hrot.SimHost.Tests\StagingEntityExtractorTests.cs(664,61,664,67): error CS0246: The type or namespace name 'Entity' could not be found (are you missing a using directive or an assembly reference?)
106>D:\Work\IOS-IG-SimHost-FDP-2\Hrot\Subsystems\Hrot.SimHost.Tests\StagingEntityExtractorTests.cs(671,17,671,33): error CS0246: The type or namespace name 'EntityRepository' could not be found (are you missing a using directive or an assembly reference?)
106>D:\Work\IOS-IG-SimHost-FDP-2\Hrot\Subsystems\Hrot.SimHost.Tests\StagingEntityExtractorTests.cs(671,40,671,46): error CS0246: The type or namespace name 'Entity' could not be found (are you missing a using directive or an assembly reference?)
106>D:\Work\IOS-IG-SimHost-FDP-2\Hrot\Subsystems\Hrot.SimHost.Tests\StagingEntityExtractorTests.cs(671,55,671,68): error CS0246: The type or namespace name 'IGuidResolver' could not be found (are you missing a using directive or an assembly reference?)
106>D:\Work\IOS-IG-SimHost-FDP-2\Hrot\Subsystems\Hrot.SimHost.Tests\StagingEntityExtractorTests.cs(678,17,678,33): error CS0246: The type or namespace name 'EntityRepository' could not be found (are you missing a using directive or an assembly reference?)
106>D:\Work\IOS-IG-SimHost-FDP-2\Hrot\Subsystems\Hrot.SimHost.Tests\StagingEntityExtractorTests.cs(678,40,678,46): error CS0246: The type or namespace name 'Entity' could not be found (are you missing a using directive or an assembly reference?)
106>D:\Work\IOS-IG-SimHost-FDP-2\Hrot\Subsystems\Hrot.SimHost.Tests\StagingEntityExtractorTests.cs(679,58,679,71): error CS0246: The type or namespace name 'IGuidResolver' could not be found (are you missing a using directive or an assembly reference?)
106>Done building project "Hrot.SimHost.Tests.csproj" -- FAILED.
111>D:\Work\IOS-IG-SimHost-FDP-2\Hrot\Runner\Hrot.ClusterRunner\GlobalUsings.cs(4,14,4,17): error CS0246: The type or namespace name 'Fdp' could not be found (are you missing a using directive or an assembly reference?)
111>D:\Work\IOS-IG-SimHost-FDP-2\Hrot\Runner\Hrot.ClusterRunner\GlobalUsings.cs(5,14,5,17): error CS0246: The type or namespace name 'Fdp' could not be found (are you missing a using directive or an assembly reference?)
111>D:\Work\IOS-IG-SimHost-FDP-2\Hrot\Runner\Hrot.ClusterRunner\Migration\MigrateMode.cs(8,7,8,10): error CS0246: The type or namespace name 'Fdp' could not be found (are you missing a using directive or an assembly reference?)
111>D:\Work\IOS-IG-SimHost-FDP-2\Hrot\Runner\Hrot.ClusterRunner\Migration\MigrateMode.cs(9,7,9,10): error CS0246: The type or namespace name 'Fdp' could not be found (are you missing a using directive or an assembly reference?)
111>D:\Work\IOS-IG-SimHost-FDP-2\Hrot\Runner\Hrot.ClusterRunner\Presentation\LocalWindowController.cs(3,7,3,10): error CS0246: The type or namespace name 'Fdp' could not be found (are you missing a using directive or an assembly reference?)
111>D:\Work\IOS-IG-SimHost-FDP-2\Hrot\Runner\Hrot.ClusterRunner\Presentation\LocalWindowController.cs(4,7,4,10): error CS0246: The type or namespace name 'Fdp' could not be found (are you missing a using directive or an assembly reference?)
111>D:\Work\IOS-IG-SimHost-FDP-2\Hrot\Runner\Hrot.ClusterRunner\Presentation\LocalWindowController.cs(5,7,5,10): error CS0246: The type or namespace name 'Fdp' could not be found (are you missing a using directive or an assembly reference?)
111>D:\Work\IOS-IG-SimHost-FDP-2\Hrot\Runner\Hrot.ClusterRunner\Presentation\LocalWindowController.cs(6,7,6,10): error CS0246: The type or namespace name 'Fdp' could not be found (are you missing a using directive or an assembly reference?)
111>D:\Work\IOS-IG-SimHost-FDP-2\Hrot\Runner\Hrot.ClusterRunner\Presentation\LocalWindowController.cs(8,12,8,18): error CS0234: The type or namespace name 'Common' does not exist in the namespace 'Hrot' (are you missing an assembly reference?)
111>D:\Work\IOS-IG-SimHost-FDP-2\Hrot\Runner\Hrot.ClusterRunner\Program.cs(22,26,22,29): error CS0246: The type or namespace name 'Fdp' could not be found (are you missing a using directive or an assembly reference?)
111>D:\Work\IOS-IG-SimHost-FDP-2\Hrot\Runner\Hrot.ClusterRunner\Program.cs(4,7,4,10): error CS0246: The type or namespace name 'Fdp' could not be found (are you missing a using directive or an assembly reference?)
111>D:\Work\IOS-IG-SimHost-FDP-2\Hrot\Runner\Hrot.ClusterRunner\Program.cs(5,7,5,10): error CS0246: The type or namespace name 'Fdp' could not be found (are you missing a using directive or an assembly reference?)
111>D:\Work\IOS-IG-SimHost-FDP-2\Hrot\Runner\Hrot.ClusterRunner\Program.cs(6,7,6,10): error CS0246: The type or namespace name 'Fdp' could not be found (are you missing a using directive or an assembly reference?)
111>D:\Work\IOS-IG-SimHost-FDP-2\Hrot\Runner\Hrot.ClusterRunner\Program.cs(7,7,7,10): error CS0246: The type or namespace name 'Fdp' could not be found (are you missing a using directive or an assembly reference?)
111>D:\Work\IOS-IG-SimHost-FDP-2\Hrot\Runner\Hrot.ClusterRunner\Program.cs(8,12,8,15): error CS0234: The type or namespace name 'BDC' does not exist in the namespace 'Hrot' (are you missing an assembly reference?)
111>D:\Work\IOS-IG-SimHost-FDP-2\Hrot\Runner\Hrot.ClusterRunner\Program.cs(13,12,13,18): error CS0234: The type or namespace name 'Common' does not exist in the namespace 'Hrot' (are you missing an assembly reference?)
111>D:\Work\IOS-IG-SimHost-FDP-2\Hrot\Runner\Hrot.ClusterRunner\Program.cs(14,12,14,18): error CS0234: The type or namespace name 'Common' does not exist in the namespace 'Hrot' (are you missing an assembly reference?)
111>D:\Work\IOS-IG-SimHost-FDP-2\Hrot\Runner\Hrot.ClusterRunner\Program.cs(15,12,15,16): error CS0234: The type or namespace name 'Core' does not exist in the namespace 'Hrot' (are you missing an assembly reference?)
111>D:\Work\IOS-IG-SimHost-FDP-2\Hrot\Runner\Hrot.ClusterRunner\Program.cs(16,12,16,15): error CS0234: The type or namespace name 'Map' does not exist in the namespace 'Hrot' (are you missing an assembly reference?)
111>D:\Work\IOS-IG-SimHost-FDP-2\Hrot\Runner\Hrot.ClusterRunner\Program.cs(17,12,17,19): error CS0234: The type or namespace name 'Network' does not exist in the namespace 'Hrot' (are you missing an assembly reference?)
111>D:\Work\IOS-IG-SimHost-FDP-2\Hrot\Runner\Hrot.ClusterRunner\Scenarios\CiSubsystem.cs(2,7,2,10): error CS0246: The type or namespace name 'Fdp' could not be found (are you missing a using directive or an assembly reference?)
111>D:\Work\IOS-IG-SimHost-FDP-2\Hrot\Runner\Hrot.ClusterRunner\Scenarios\CiSubsystem.cs(3,7,3,10): error CS0246: The type or namespace name 'Fdp' could not be found (are you missing a using directive or an assembly reference?)
111>D:\Work\IOS-IG-SimHost-FDP-2\Hrot\Runner\Hrot.ClusterRunner\Scenarios\MinimalCIScenario.cs(1,7,1,10): error CS0246: The type or namespace name 'Fdp' could not be found (are you missing a using directive or an assembly reference?)
111>D:\Work\IOS-IG-SimHost-FDP-2\Hrot\Runner\Hrot.ClusterRunner\Scenarios\MinimalCIScenario.cs(2,7,2,10): error CS0246: The type or namespace name 'Fdp' could not be found (are you missing a using directive or an assembly reference?)
111>D:\Work\IOS-IG-SimHost-FDP-2\Hrot\Runner\Hrot.ClusterRunner\Scenarios\MinimalCIScenario.cs(3,7,3,10): error CS0246: The type or namespace name 'Fdp' could not be found (are you missing a using directive or an assembly reference?)
111>D:\Work\IOS-IG-SimHost-FDP-2\Hrot\Runner\Hrot.ClusterRunner\Scenarios\MinimalCIScenario.cs(4,7,4,10): error CS0246: The type or namespace name 'Fdp' could not be found (are you missing a using directive or an assembly reference?)
111>D:\Work\IOS-IG-SimHost-FDP-2\Hrot\Runner\Hrot.ClusterRunner\Services\ConsoleCommandService.cs(5,7,5,10): error CS0246: The type or namespace name 'Fdp' could not be found (are you missing a using directive or an assembly reference?)
111>D:\Work\IOS-IG-SimHost-FDP-2\Hrot\Runner\Hrot.ClusterRunner\Services\EyesAndMuscleSubsystem.cs(14,26,14,29): error CS0246: The type or namespace name 'Fdp' could not be found (are you missing a using directive or an assembly reference?)
111>D:\Work\IOS-IG-SimHost-FDP-2\Hrot\Runner\Hrot.ClusterRunner\Services\EyesAndMuscleSubsystem.cs(15,28,15,31): error CS0246: The type or namespace name 'Fdp' could not be found (are you missing a using directive or an assembly reference?)
111>D:\Work\IOS-IG-SimHost-FDP-2\Hrot\Runner\Hrot.ClusterRunner\Services\EyesAndMuscleSubsystem.cs(3,7,3,10): error CS0246: The type or namespace name 'Fdp' could not be found (are you missing a using directive or an assembly reference?)
111>D:\Work\IOS-IG-SimHost-FDP-2\Hrot\Runner\Hrot.ClusterRunner\Services\EyesAndMuscleSubsystem.cs(4,7,4,10): error CS0246: The type or namespace name 'Fdp' could not be found (are you missing a using directive or an assembly reference?)
111>D:\Work\IOS-IG-SimHost-FDP-2\Hrot\Runner\Hrot.ClusterRunner\Services\EyesAndMuscleSubsystem.cs(5,7,5,10): error CS0246: The type or namespace name 'Fdp' could not be found (are you missing a using directive or an assembly reference?)
111>D:\Work\IOS-IG-SimHost-FDP-2\Hrot\Runner\Hrot.ClusterRunner\Services\EyesAndMuscleSubsystem.cs(6,7,6,10): error CS0246: The type or namespace name 'Fdp' could not be found (are you missing a using directive or an assembly reference?)
111>D:\Work\IOS-IG-SimHost-FDP-2\Hrot\Runner\Hrot.ClusterRunner\Services\EyesAndMuscleSubsystem.cs(7,12,7,18): error CS0234: The type or namespace name 'Common' does not exist in the namespace 'Hrot' (are you missing an assembly reference?)
111>D:\Work\IOS-IG-SimHost-FDP-2\Hrot\Runner\Hrot.ClusterRunner\Services\EyesAndMuscleSubsystem.cs(8,12,8,19): error CS0234: The type or namespace name 'Network' does not exist in the namespace 'Hrot' (are you missing an assembly reference?)
111>D:\Work\IOS-IG-SimHost-FDP-2\Hrot\Runner\Hrot.ClusterRunner\Services\EyesAndMuscleSubsystem.cs(9,12,9,15): error CS0234: The type or namespace name 'Map' does not exist in the namespace 'Hrot' (are you missing an assembly reference?)
111>D:\Work\IOS-IG-SimHost-FDP-2\Hrot\Runner\Hrot.ClusterRunner\Services\EyesAndMuscleSubsystem.cs(10,12,10,18): error CS0234: The type or namespace name 'Common' does not exist in the namespace 'Hrot' (are you missing an assembly reference?)
111>D:\Work\IOS-IG-SimHost-FDP-2\Hrot\Runner\Hrot.ClusterRunner\Services\EyesAndMuscleSubsystem.cs(11,12,11,19): error CS0234: The type or namespace name 'SimHost' does not exist in the namespace 'Hrot' (are you missing an assembly reference?)
111>D:\Work\IOS-IG-SimHost-FDP-2\Hrot\Runner\Hrot.ClusterRunner\Services\EyesAndMuscleSubsystem.cs(12,12,12,19): error CS0234: The type or namespace name 'SimHost' does not exist in the namespace 'Hrot' (are you missing an assembly reference?)
111>D:\Work\IOS-IG-SimHost-FDP-2\Hrot\Runner\Hrot.ClusterRunner\Services\PerspectiveUpdateSubsystem.cs(2,7,2,10): error CS0246: The type or namespace name 'Fdp' could not be found (are you missing a using directive or an assembly reference?)
111>D:\Work\IOS-IG-SimHost-FDP-2\Hrot\Runner\Hrot.ClusterRunner\Systems\PerspectiveCoordinatorSystem.cs(3,7,3,10): error CS0246: The type or namespace name 'Fdp' could not be found (are you missing a using directive or an assembly reference?)
111>D:\Work\IOS-IG-SimHost-FDP-2\Hrot\Runner\Hrot.ClusterRunner\Systems\PerspectiveCoordinatorSystem.cs(4,12,4,18): error CS0234: The type or namespace name 'Common' does not exist in the namespace 'Hrot' (are you missing an assembly reference?)
111>D:\Work\IOS-IG-SimHost-FDP-2\Hrot\Runner\Hrot.ClusterRunner\Systems\PerspectiveCoordinatorSystem.cs(5,12,5,18): error CS0234: The type or namespace name 'Common' does not exist in the namespace 'Hrot' (are you missing an assembly reference?)
111>D:\Work\IOS-IG-SimHost-FDP-2\Hrot\Runner\Hrot.ClusterRunner\Testing\HrotActionHandlers.cs(2,7,2,10): error CS0246: The type or namespace name 'Fdp' could not be found (are you missing a using directive or an assembly reference?)
111>D:\Work\IOS-IG-SimHost-FDP-2\Hrot\Runner\Hrot.ClusterRunner\Testing\OrchestratorActionHandlers.cs(13,27,13,30): error CS0234: The type or namespace name 'NED' does not exist in the namespace 'Hrot' (are you missing an assembly reference?)
111>D:\Work\IOS-IG-SimHost-FDP-2\Hrot\Runner\Hrot.ClusterRunner\Testing\OrchestratorActionHandlers.cs(14,28,14,31): error CS0234: The type or namespace name 'NED' does not exist in the namespace 'Hrot' (are you missing an assembly reference?)
111>D:\Work\IOS-IG-SimHost-FDP-2\Hrot\Runner\Hrot.ClusterRunner\Testing\OrchestratorActionHandlers.cs(5,12,5,15): error CS0234: The type or namespace name 'NED' does not exist in the namespace 'Hrot' (are you missing an assembly reference?)
111>D:\Work\IOS-IG-SimHost-FDP-2\Hrot\Runner\Hrot.ClusterRunner\Testing\OrchestratorActionHandlers.cs(6,12,6,19): error CS0234: The type or namespace name 'Network' does not exist in the namespace 'Hrot' (are you missing an assembly reference?)
111>D:\Work\IOS-IG-SimHost-FDP-2\Hrot\Runner\Hrot.ClusterRunner\Testing\OrchestratorActionHandlers.cs(7,12,7,24): error CS0234: The type or namespace name 'Orchestrator' does not exist in the namespace 'Hrot' (are you missing an assembly reference?)
111>D:\Work\IOS-IG-SimHost-FDP-2\Hrot\Runner\Hrot.ClusterRunner\Testing\OrchestratorActionHandlers.cs(9,7,9,10): error CS0246: The type or namespace name 'Fdp' could not be found (are you missing a using directive or an assembly reference?)
111>D:\Work\IOS-IG-SimHost-FDP-2\Hrot\Runner\Hrot.ClusterRunner\Testing\OrchestratorActionHandlers.cs(10,7,10,10): error CS0246: The type or namespace name 'Fdp' could not be found (are you missing a using directive or an assembly reference?)
111>D:\Work\IOS-IG-SimHost-FDP-2\Hrot\Runner\Hrot.ClusterRunner\Testing\OrchestratorActionHandlers.cs(11,7,11,10): error CS0246: The type or namespace name 'Fdp' could not be found (are you missing a using directive or an assembly reference?)
111>D:\Work\IOS-IG-SimHost-FDP-2\Hrot\Runner\Hrot.ClusterRunner\Configuration\HrotRunnerConfiguration.cs(13,44,13,47): error CS0246: The type or namespace name 'Fdp' could not be found (are you missing a using directive or an assembly reference?)
111>D:\Work\IOS-IG-SimHost-FDP-2\Hrot\Runner\Hrot.ClusterRunner\Scenarios\CiSubsystem.cs(20,37,20,47): error CS0246: The type or namespace name 'ISubsystem' could not be found (are you missing a using directive or an assembly reference?)
111>D:\Work\IOS-IG-SimHost-FDP-2\Hrot\Runner\Hrot.ClusterRunner\Scenarios\MinimalCIScenario.cs(20,43,20,52): error CS0246: The type or namespace name 'IScenario' could not be found (are you missing a using directive or an assembly reference?)
111>D:\Work\IOS-IG-SimHost-FDP-2\Hrot\Runner\Hrot.ClusterRunner\Presentation\IPresentationShell.cs(13,5,13,8): error CS0246: The type or namespace name 'Fdp' could not be found (are you missing a using directive or an assembly reference?)
111>D:\Work\IOS-IG-SimHost-FDP-2\Hrot\Runner\Hrot.ClusterRunner\Testing\HrotActionHandlers.cs(12,46,12,64): error CS0246: The type or namespace name 'ITestActionHandler' could not be found (are you missing a using directive or an assembly reference?)
111>D:\Work\IOS-IG-SimHost-FDP-2\Hrot\Runner\Hrot.ClusterRunner\Testing\HrotActionHandlers.cs(54,45,54,63): error CS0246: The type or namespace name 'ITestActionHandler' could not be found (are you missing a using directive or an assembly reference?)
111>D:\Work\IOS-IG-SimHost-FDP-2\Hrot\Runner\Hrot.ClusterRunner\Services\PerspectiveUpdateSubsystem.cs(15,52,15,62): error CS0246: The type or namespace name 'ISubsystem' could not be found (are you missing a using directive or an assembly reference?)
111>D:\Work\IOS-IG-SimHost-FDP-2\Hrot\Runner\Hrot.ClusterRunner\Systems\PerspectiveCoordinatorSystem.cs(62,25,62,47): error CS0246: The type or namespace name 'TogglePerspectiveEvent' could not be found (are you missing a using directive or an assembly reference?)
111>D:\Work\IOS-IG-SimHost-FDP-2\Hrot\Runner\Hrot.ClusterRunner\Testing\HrotActionHandlers.cs(100,55,100,73): error CS0246: The type or namespace name 'ITestActionHandler' could not be found (are you missing a using directive or an assembly reference?)
111>D:\Work\IOS-IG-SimHost-FDP-2\Hrot\Runner\Hrot.ClusterRunner\Services\EyesAndMuscleSubsystem.cs(31,46,31,56): error CS0246: The type or namespace name 'ISubsystem' could not be found (are you missing a using directive or an assembly reference?)
111>D:\Work\IOS-IG-SimHost-FDP-2\Hrot\Runner\Hrot.ClusterRunner\Services\EyesAndMuscleSubsystem.cs(31,78,31,94): error CS0246: The type or namespace name 'IWindowRegistrar' could not be found (are you missing a using directive or an assembly reference?)
111>D:\Work\IOS-IG-SimHost-FDP-2\Hrot\Runner\Hrot.ClusterRunner\Presentation\LocalWindowController.cs(22,14,22,17): error CS0246: The type or namespace name 'Fdp' could not be found (are you missing a using directive or an assembly reference?)
111>D:\Work\IOS-IG-SimHost-FDP-2\Hrot\Runner\Hrot.ClusterRunner\Presentation\RaylibPresentationShell.cs(63,12,63,15): error CS0246: The type or namespace name 'Fdp' could not be found (are you missing a using directive or an assembly reference?)
111>D:\Work\IOS-IG-SimHost-FDP-2\Hrot\Runner\Hrot.ClusterRunner\Services\ConsoleCommandService.cs(29,32,29,53): error CS0246: The type or namespace name 'SubsystemOrchestrator' could not be found (are you missing a using directive or an assembly reference?)
111>D:\Work\IOS-IG-SimHost-FDP-2\Hrot\Runner\Hrot.ClusterRunner\Testing\OrchestratorActionHandlers.cs(23,6,23,9): error CS0246: The type or namespace name 'Fdp' could not be found (are you missing a using directive or an assembly reference?)
111>D:\Work\IOS-IG-SimHost-FDP-2\Hrot\Runner\Hrot.ClusterRunner\Systems\PerspectiveCoordinatorSystem.cs(20,22,20,43): error CS0246: The type or namespace name 'SubsystemOrchestrator' could not be found (are you missing a using directive or an assembly reference?)
111>D:\Work\IOS-IG-SimHost-FDP-2\Hrot\Runner\Hrot.ClusterRunner\Scenarios\MinimalCIScenario.cs(30,13,30,19): error CS0246: The type or namespace name 'Entity' could not be found (are you missing a using directive or an assembly reference?)
111>D:\Work\IOS-IG-SimHost-FDP-2\Hrot\Runner\Hrot.ClusterRunner\Scenarios\CiSubsystem.cs(23,13,23,30): error CS0246: The type or namespace name 'ScenarioSubsystem' could not be found (are you missing a using directive or an assembly reference?)
111>D:\Work\IOS-IG-SimHost-FDP-2\Hrot\Runner\Hrot.ClusterRunner\Testing\HrotActionHandlers.cs(14,26,14,42): error CS0246: The type or namespace name 'EntityRepository' could not be found (are you missing a using directive or an assembly reference?)
111>D:\Work\IOS-IG-SimHost-FDP-2\Hrot\Runner\Hrot.ClusterRunner\Migration\MigrateMode.cs(22,22,22,39): error CS0246: The type or namespace name 'MigrationServices' could not be found (are you missing a using directive or an assembly reference?)
111>D:\Work\IOS-IG-SimHost-FDP-2\Hrot\Runner\Hrot.ClusterRunner\Testing\HrotActionHandlers.cs(56,26,56,42): error CS0246: The type or namespace name 'EntityRepository' could not be found (are you missing a using directive or an assembly reference?)
111>D:\Work\IOS-IG-SimHost-FDP-2\Hrot\Runner\Hrot.ClusterRunner\Services\ConsoleCommandService.cs(72,73,72,94): error CS0246: The type or namespace name 'SubsystemOrchestrator' could not be found (are you missing a using directive or an assembly reference?)
111>D:\Work\IOS-IG-SimHost-FDP-2\Hrot\Runner\Hrot.ClusterRunner\Testing\HrotActionHandlers.cs(102,26,102,42): error CS0246: The type or namespace name 'EntityRepository' could not be found (are you missing a using directive or an assembly reference?)
111>D:\Work\IOS-IG-SimHost-FDP-2\Hrot\Runner\Hrot.ClusterRunner\Presentation\LocalWindowController.cs(15,36,15,46): error CS0246: The type or namespace name 'ISubsystem' could not be found (are you missing a using directive or an assembly reference?)
111>D:\Work\IOS-IG-SimHost-FDP-2\Hrot\Runner\Hrot.ClusterRunner\Scenarios\MinimalCIScenario.cs(31,13,31,19): error CS0246: The type or namespace name 'Entity' could not be found (are you missing a using directive or an assembly reference?)
111>D:\Work\IOS-IG-SimHost-FDP-2\Hrot\Runner\Hrot.ClusterRunner\Scenarios\CiSubsystem.cs(24,13,24,34): error CS0246: The type or namespace name 'SubsystemOrchestrator' could not be found (are you missing a using directive or an assembly reference?)
111>D:\Work\IOS-IG-SimHost-FDP-2\Hrot\Runner\Hrot.ClusterRunner\Testing\OrchestratorActionHandlers.cs(48,50,48,68): error CS0246: The type or namespace name 'ITestActionHandler' could not be found (are you missing a using directive or an assembly reference?)
111>D:\Work\IOS-IG-SimHost-FDP-2\Hrot\Runner\Hrot.ClusterRunner\Services\EyesAndMuscleSubsystem.cs(44,13,44,28): error CS0246: The type or namespace name 'HrotNodeContext' could not be found (are you missing a using directive or an assembly reference?)
111>D:\Work\IOS-IG-SimHost-FDP-2\Hrot\Runner\Hrot.ClusterRunner\Systems\PerspectiveCoordinatorSystem.cs(22,38,22,60): error CS0246: The type or namespace name 'TogglePerspectiveEvent' could not be found (are you missing a using directive or an assembly reference?)
111>D:\Work\IOS-IG-SimHost-FDP-2\Hrot\Runner\Hrot.ClusterRunner\Services\PerspectiveUpdateSubsystem.cs(26,28,26,43): error CS0246: The type or namespace name 'SubsystemConfig' could not be found (are you missing a using directive or an assembly reference?)
111>D:\Work\IOS-IG-SimHost-FDP-2\Hrot\Runner\Hrot.ClusterRunner\Presentation\LocalWindowController.cs(16,22,16,35): error CS0246: The type or namespace name 'RunnerOptions' could not be found (are you missing a using directive or an assembly reference?)
111>D:\Work\IOS-IG-SimHost-FDP-2\Hrot\Runner\Hrot.ClusterRunner\Testing\HrotActionHandlers.cs(19,35,19,51): error CS0246: The type or namespace name 'EntityRepository' could not be found (are you missing a using directive or an assembly reference?)
111>D:\Work\IOS-IG-SimHost-FDP-2\Hrot\Runner\Hrot.ClusterRunner\Testing\HrotActionHandlers.cs(61,34,61,50): error CS0246: The type or namespace name 'EntityRepository' could not be found (are you missing a using directive or an assembly reference?)
111>D:\Work\IOS-IG-SimHost-FDP-2\Hrot\Runner\Hrot.ClusterRunner\Migration\MigrateMode.cs(29,9,29,26): error CS0246: The type or namespace name 'MigrationServices' could not be found (are you missing a using directive or an assembly reference?)
111>D:\Work\IOS-IG-SimHost-FDP-2\Hrot\Runner\Hrot.ClusterRunner\Program.cs(440,62,440,77): error CS0246: The type or namespace name 'INetworkFactory' could not be found (are you missing a using directive or an assembly reference?)
111>D:\Work\IOS-IG-SimHost-FDP-2\Hrot\Runner\Hrot.ClusterRunner\Program.cs(440,20,440,30): error CS0246: The type or namespace name 'ISubsystem' could not be found (are you missing a using directive or an assembly reference?)
111>D:\Work\IOS-IG-SimHost-FDP-2\Hrot\Runner\Hrot.ClusterRunner\Testing\HrotActionHandlers.cs(107,44,107,60): error CS0246: The type or namespace name 'EntityRepository' could not be found (are you missing a using directive or an assembly reference?)
111>D:\Work\IOS-IG-SimHost-FDP-2\Hrot\Runner\Hrot.ClusterRunner\Testing\OrchestratorActionHandlers.cs(210,58,210,76): error CS0246: The type or namespace name 'ITestActionHandler' could not be found (are you missing a using directive or an assembly reference?)
111>D:\Work\IOS-IG-SimHost-FDP-2\Hrot\Runner\Hrot.ClusterRunner\Services\EyesAndMuscleSubsystem.cs(45,13,45,32): error CS0246: The type or namespace name 'EyesAndMuscleModule' could not be found (are you missing a using directive or an assembly reference?)
111>D:\Work\IOS-IG-SimHost-FDP-2\Hrot\Runner\Hrot.ClusterRunner\Scenarios\CiSubsystem.cs(50,36,50,57): error CS0246: The type or namespace name 'SubsystemOrchestrator' could not be found (are you missing a using directive or an assembly reference?)
111>D:\Work\IOS-IG-SimHost-FDP-2\Hrot\Runner\Hrot.ClusterRunner\Systems\PerspectiveCoordinatorSystem.cs(25,50,25,68): error CS0246: The type or namespace name 'IGizmoControllable' could not be found (are you missing a using directive or an assembly reference?)
111>D:\Work\IOS-IG-SimHost-FDP-2\Hrot\Runner\Hrot.ClusterRunner\Scenarios\MinimalCIScenario.cs(38,15,38,21): error CS0246: The type or namespace name 'Entity' could not be found (are you missing a using directive or an assembly reference?)
111>D:\Work\IOS-IG-SimHost-FDP-2\Hrot\Runner\Hrot.ClusterRunner\Scenarios\MinimalCIScenario.cs(38,26,38,32): error CS0246: The type or namespace name 'Entity' could not be found (are you missing a using directive or an assembly reference?)
111>D:\Work\IOS-IG-SimHost-FDP-2\Hrot\Runner\Hrot.ClusterRunner\Testing\OrchestratorActionHandlers.cs(50,26,50,39): error CS0246: The type or namespace name 'ClusterMaster' could not be found (are you missing a using directive or an assembly reference?)
111>D:\Work\IOS-IG-SimHost-FDP-2\Hrot\Runner\Hrot.ClusterRunner\Services\ConsoleCommandService.cs(22,69,22,90): error CS0246: The type or namespace name 'SubsystemOrchestrator' could not be found (are you missing a using directive or an assembly reference?)
111>D:\Work\IOS-IG-SimHost-FDP-2\Hrot\Runner\Hrot.ClusterRunner\Services\EyesAndMuscleSubsystem.cs(51,12,51,28): error CS0246: The type or namespace name 'EntityRepository' could not be found (are you missing a using directive or an assembly reference?)
111>D:\Work\IOS-IG-SimHost-FDP-2\Hrot\Runner\Hrot.ClusterRunner\Testing\OrchestratorActionHandlers.cs(259,53,259,71): error CS0246: The type or namespace name 'ITestActionHandler' could not be found (are you missing a using directive or an assembly reference?)
111>D:\Work\IOS-IG-SimHost-FDP-2\Hrot\Runner\Hrot.ClusterRunner\Scenarios\CiSubsystem.cs(54,28,54,43): error CS0246: The type or namespace name 'SubsystemConfig' could not be found (are you missing a using directive or an assembly reference?)
111>D:\Work\IOS-IG-SimHost-FDP-2\Hrot\Runner\Hrot.ClusterRunner\Presentation\LocalWindowController.cs(26,23,26,33): error CS0246: The type or namespace name 'ISubsystem' could not be found (are you missing a using directive or an assembly reference?)
111>D:\Work\IOS-IG-SimHost-FDP-2\Hrot\Runner\Hrot.ClusterRunner\Presentation\LocalWindowController.cs(27,9,27,22): error CS0246: The type or namespace name 'RunnerOptions' could not be found (are you missing a using directive or an assembly reference?)
111>D:\Work\IOS-IG-SimHost-FDP-2\Hrot\Runner\Hrot.ClusterRunner\Services\EyesAndMuscleSubsystem.cs(54,12,54,31): error CS0246: The type or namespace name 'EyesAndMuscleModule' could not be found (are you missing a using directive or an assembly reference?)
111>D:\Work\IOS-IG-SimHost-FDP-2\Hrot\Runner\Hrot.ClusterRunner\Testing\OrchestratorActionHandlers.cs(212,26,212,42): error CS0246: The type or namespace name 'EntityRepository' could not be found (are you missing a using directive or an assembly reference?)
111>D:\Work\IOS-IG-SimHost-FDP-2\Hrot\Runner\Hrot.ClusterRunner\Scenarios\CiSubsystem.cs(83,20,83,29): error CS0246: The type or namespace name 'IScenario' could not be found (are you missing a using directive or an assembly reference?)
111>D:\Work\IOS-IG-SimHost-FDP-2\Hrot\Runner\Hrot.ClusterRunner\Testing\OrchestratorActionHandlers.cs(51,36,51,51): error CS0246: The type or namespace name 'ClusterOpStatus' could not be found (are you missing a using directive or an assembly reference?)
111>D:\Work\IOS-IG-SimHost-FDP-2\Hrot\Runner\Hrot.ClusterRunner\Systems\PerspectiveCoordinatorSystem.cs(45,9,45,30): error CS0246: The type or namespace name 'SubsystemOrchestrator' could not be found (are you missing a using directive or an assembly reference?)
111>D:\Work\IOS-IG-SimHost-FDP-2\Hrot\Runner\Hrot.ClusterRunner\Systems\PerspectiveCoordinatorSystem.cs(47,37,47,55): error CS0246: The type or namespace name 'IGizmoControllable' could not be found (are you missing a using directive or an assembly reference?)
111>D:\Work\IOS-IG-SimHost-FDP-2\Hrot\Runner\Hrot.ClusterRunner\Testing\OrchestratorActionHandlers.cs(261,26,261,42): error CS0246: The type or namespace name 'EntityRepository' could not be found (are you missing a using directive or an assembly reference?)
111>D:\Work\IOS-IG-SimHost-FDP-2\Hrot\Runner\Hrot.ClusterRunner\Services\EyesAndMuscleSubsystem.cs(59,28,59,43): error CS0246: The type or namespace name 'SubsystemConfig' could not be found (are you missing a using directive or an assembly reference?)
111>D:\Work\IOS-IG-SimHost-FDP-2\Hrot\Runner\Hrot.ClusterRunner\Scenarios\MinimalCIScenario.cs(46,27,46,43): error CS0246: The type or namespace name 'EntityRepository' could not be found (are you missing a using directive or an assembly reference?)
111>D:\Work\IOS-IG-SimHost-FDP-2\Hrot\Runner\Hrot.ClusterRunner\Scenarios\MinimalCIScenario.cs(46,51,46,67): error CS0246: The type or namespace name 'ModuleHostKernel' could not be found (are you missing a using directive or an assembly reference?)
111>D:\Work\IOS-IG-SimHost-FDP-2\Hrot\Runner\Hrot.ClusterRunner\Testing\OrchestratorActionHandlers.cs(217,47,217,63): error CS0246: The type or namespace name 'EntityRepository' could not be found (are you missing a using directive or an assembly reference?)
111>D:\Work\IOS-IG-SimHost-FDP-2\Hrot\Runner\Hrot.ClusterRunner\Testing\OrchestratorActionHandlers.cs(266,42,266,58): error CS0246: The type or namespace name 'EntityRepository' could not be found (are you missing a using directive or an assembly reference?)
111>D:\Work\IOS-IG-SimHost-FDP-2\Hrot\Runner\Hrot.ClusterRunner\Services\EyesAndMuscleSubsystem.cs(138,12,138,25): error CS0246: The type or namespace name 'MapCameraView' could not be found (are you missing a using directive or an assembly reference?)
111>D:\Work\IOS-IG-SimHost-FDP-2\Hrot\Runner\Hrot.ClusterRunner\Scenarios\MinimalCIScenario.cs(55,48,55,64): error CS0246: The type or namespace name 'EntityRepository' could not be found (are you missing a using directive or an assembly reference?)
111>D:\Work\IOS-IG-SimHost-FDP-2\Hrot\Runner\Hrot.ClusterRunner\Testing\OrchestratorActionHandlers.cs(65,13,65,26): error CS0246: The type or namespace name 'ClusterMaster' could not be found (are you missing a using directive or an assembly reference?)
111>D:\Work\IOS-IG-SimHost-FDP-2\Hrot\Runner\Hrot.ClusterRunner\Testing\OrchestratorActionHandlers.cs(66,23,66,38): error CS0246: The type or namespace name 'ClusterOpStatus' could not be found (are you missing a using directive or an assembly reference?)
111>D:\Work\IOS-IG-SimHost-FDP-2\Hrot\Runner\Hrot.ClusterRunner\Services\EyesAndMuscleSubsystem.cs(141,33,141,46): error CS0246: The type or namespace name 'MapCameraView' could not be found (are you missing a using directive or an assembly reference?)
111>D:\Work\IOS-IG-SimHost-FDP-2\Hrot\Runner\Hrot.ClusterRunner\Services\EyesAndMuscleSubsystem.cs(144,12,144,21): error CS0246: The type or namespace name 'MapCamera' could not be found (are you missing a using directive or an assembly reference?)
111>D:\Work\IOS-IG-SimHost-FDP-2\Hrot\Runner\Hrot.ClusterRunner\Scenarios\MinimalCIScenario.cs(73,34,73,43): error CS0246: The type or namespace name 'MapCanvas' could not be found (are you missing a using directive or an assembly reference?)
111>D:\Work\IOS-IG-SimHost-FDP-2\Hrot\Runner\Hrot.ClusterRunner\Scenarios\MinimalCIScenario.cs(73,53,73,69): error CS0246: The type or namespace name 'EntityRepository' could not be found (are you missing a using directive or an assembly reference?)
111>D:\Work\IOS-IG-SimHost-FDP-2\Hrot\Runner\Hrot.ClusterRunner\Services\EyesAndMuscleSubsystem.cs(150,33,150,46): error CS0246: The type or namespace name 'WindowManager' could not be found (are you missing a using directive or an assembly reference?)
111>Done building project "Hrot.ClusterRunner.csproj" -- FAILED.
112>------ Rebuild All started: Project: Hrot.ClusterRunner.Integration.Tests, Configuration: Debug Any CPU ------
113>------ Rebuild All started: Project: Hrot.ClusterRunner.Tests, Configuration: Debug Any CPU ------
110>D:\Work\IOS-IG-SimHost-FDP-2\Hrot\Subsystems\Hrot.Editor.Tests\Adapters\AdapterTests.cs(6,7,6,10): error CS0246: The type or namespace name 'Fdp' could not be found (are you missing a using directive or an assembly reference?)
110>D:\Work\IOS-IG-SimHost-FDP-2\Hrot\Subsystems\Hrot.Editor.Tests\Adapters\AdapterTests.cs(7,7,7,10): error CS0246: The type or namespace name 'Fdp' could not be found (are you missing a using directive or an assembly reference?)
110>D:\Work\IOS-IG-SimHost-FDP-2\Hrot\Subsystems\Hrot.Editor.Tests\Adapters\AdapterTests.cs(8,7,8,10): error CS0246: The type or namespace name 'Fdp' could not be found (are you missing a using directive or an assembly reference?)
110>D:\Work\IOS-IG-SimHost-FDP-2\Hrot\Subsystems\Hrot.Editor.Tests\Adapters\AdapterTests.cs(9,7,9,10): error CS0246: The type or namespace name 'Fdp' could not be found (are you missing a using directive or an assembly reference?)
110>D:\Work\IOS-IG-SimHost-FDP-2\Hrot\Subsystems\Hrot.Editor.Tests\Adapters\AdapterTests.cs(10,7,10,10): error CS0246: The type or namespace name 'Fdp' could not be found (are you missing a using directive or an assembly reference?)
108>D:\Work\IOS-IG-SimHost-FDP-2\Hrot\Subsystems\Hrot.ReplayBrowser.Tests\ReplayBrowserSubsystemTests.cs(6,7,6,10): error CS0246: The type or namespace name 'Fdp' could not be found (are you missing a using directive or an assembly reference?)
108>D:\Work\IOS-IG-SimHost-FDP-2\Hrot\Subsystems\Hrot.ReplayBrowser.Tests\ReplayBrowserSubsystemTests.cs(7,7,7,10): error CS0246: The type or namespace name 'Fdp' could not be found (are you missing a using directive or an assembly reference?)
108>D:\Work\IOS-IG-SimHost-FDP-2\Hrot\Subsystems\Hrot.ReplayBrowser.Tests\ReplayBrowserSubsystemTests.cs(8,7,8,10): error CS0246: The type or namespace name 'Fdp' could not be found (are you missing a using directive or an assembly reference?)
108>D:\Work\IOS-IG-SimHost-FDP-2\Hrot\Subsystems\Hrot.ReplayBrowser.Tests\ReplayBrowserSubsystemTests.cs(9,7,9,10): error CS0246: The type or namespace name 'Fdp' could not be found (are you missing a using directive or an assembly reference?)
108>D:\Work\IOS-IG-SimHost-FDP-2\Hrot\Subsystems\Hrot.ReplayBrowser.Tests\ReplayBrowserSubsystemTests.cs(10,7,10,10): error CS0246: The type or namespace name 'Fdp' could not be found (are you missing a using directive or an assembly reference?)
108>D:\Work\IOS-IG-SimHost-FDP-2\Hrot\Subsystems\Hrot.ReplayBrowser.Tests\ReplayBrowserSubsystemTests.cs(11,7,11,10): error CS0246: The type or namespace name 'Fdp' could not be found (are you missing a using directive or an assembly reference?)
108>D:\Work\IOS-IG-SimHost-FDP-2\Hrot\Subsystems\Hrot.ReplayBrowser.Tests\ReplayBrowserSubsystemTests.cs(12,7,12,10): error CS0246: The type or namespace name 'Fdp' could not be found (are you missing a using directive or an assembly reference?)
108>D:\Work\IOS-IG-SimHost-FDP-2\Hrot\Subsystems\Hrot.ReplayBrowser.Tests\ReplayBrowserSubsystemTests.cs(13,7,13,10): error CS0246: The type or namespace name 'Fdp' could not be found (are you missing a using directive or an assembly reference?)
108>D:\Work\IOS-IG-SimHost-FDP-2\Hrot\Subsystems\Hrot.ReplayBrowser.Tests\ReplayBrowserSubsystemTests.cs(14,7,14,10): error CS0246: The type or namespace name 'Fdp' could not be found (are you missing a using directive or an assembly reference?)
108>D:\Work\IOS-IG-SimHost-FDP-2\Hrot\Subsystems\Hrot.ReplayBrowser.Tests\ReplayBrowserSubsystemTests.cs(15,7,15,10): error CS0246: The type or namespace name 'Fdp' could not be found (are you missing a using directive or an assembly reference?)
108>D:\Work\IOS-IG-SimHost-FDP-2\Hrot\Subsystems\Hrot.ReplayBrowser.Tests\ReplayBrowserSubsystemTests.cs(16,7,16,10): error CS0246: The type or namespace name 'Fdp' could not be found (are you missing a using directive or an assembly reference?)
108>D:\Work\IOS-IG-SimHost-FDP-2\Hrot\Subsystems\Hrot.ReplayBrowser.Tests\ReplayBrowserSubsystemTests.cs(17,7,17,10): error CS0246: The type or namespace name 'Fdp' could not be found (are you missing a using directive or an assembly reference?)
108>D:\Work\IOS-IG-SimHost-FDP-2\Hrot\Subsystems\Hrot.ReplayBrowser.Tests\ReplayBrowserSubsystemTests.cs(18,7,18,10): error CS0246: The type or namespace name 'Fdp' could not be found (are you missing a using directive or an assembly reference?)
108>D:\Work\IOS-IG-SimHost-FDP-2\Hrot\Subsystems\Hrot.ReplayBrowser.Tests\ReplayBrowserSubsystemTests.cs(19,12,19,18): error CS0234: The type or namespace name 'Editor' does not exist in the namespace 'Hrot' (are you missing an assembly reference?)
108>D:\Work\IOS-IG-SimHost-FDP-2\Hrot\Subsystems\Hrot.ReplayBrowser.Tests\ReplayBrowserSubsystemTests.cs(48,20,48,35): error CS0246: The type or namespace name 'SubsystemConfig' could not be found (are you missing a using directive or an assembly reference?)
108>D:\Work\IOS-IG-SimHost-FDP-2\Hrot\Subsystems\Hrot.ReplayBrowser.Tests\ReplayBrowserSubsystemTests.cs(376,20,376,38): error CS0246: The type or namespace name 'ScenarioSerializer' could not be found (are you missing a using directive or an assembly reference?)
108>D:\Work\IOS-IG-SimHost-FDP-2\Hrot\Subsystems\Hrot.ReplayBrowser.Tests\ReplayBrowserSubsystemTests.cs(483,20,483,23): error CS0246: The type or namespace name 'Fdp' could not be found (are you missing a using directive or an assembly reference?)
108>D:\Work\IOS-IG-SimHost-FDP-2\Hrot\Subsystems\Hrot.ReplayBrowser.Tests\ReplayBrowserSubsystemTests.cs(650,20,650,23): error CS0246: The type or namespace name 'Fdp' could not be found (are you missing a using directive or an assembly reference?)
108>D:\Work\IOS-IG-SimHost-FDP-2\Hrot\Subsystems\Hrot.ReplayBrowser.Tests\ReplayBrowserSubsystemTests.cs(31,22,31,44): error CS0246: The type or namespace name 'ReplayBrowserSubsystem' could not be found (are you missing a using directive or an assembly reference?)
108>D:\Work\IOS-IG-SimHost-FDP-2\Hrot\Subsystems\Hrot.ReplayBrowser.Tests\ReplayBrowserSubsystemTests.cs(486,46,486,49): error CS0246: The type or namespace name 'Fdp' could not be found (are you missing a using directive or an assembly reference?)
108>D:\Work\IOS-IG-SimHost-FDP-2\Hrot\Subsystems\Hrot.ReplayBrowser.Tests\ReplayBrowserSubsystemTests.cs(489,13,489,16): error CS0246: The type or namespace name 'Fdp' could not be found (are you missing a using directive or an assembly reference?)
108>D:\Work\IOS-IG-SimHost-FDP-2\Hrot\Subsystems\Hrot.ReplayBrowser.Tests\ReplayBrowserSubsystemTests.cs(492,50,492,53): error CS0246: The type or namespace name 'Fdp' could not be found (are you missing a using directive or an assembly reference?)
108>D:\Work\IOS-IG-SimHost-FDP-2\Hrot\Subsystems\Hrot.ReplayBrowser.Tests\ReplayBrowserSubsystemTests.cs(505,47,505,50): error CS0246: The type or namespace name 'Fdp' could not be found (are you missing a using directive or an assembly reference?)
108>D:\Work\IOS-IG-SimHost-FDP-2\Hrot\Subsystems\Hrot.ReplayBrowser.Tests\ReplayBrowserSubsystemTests.cs(507,50,507,53): error CS0246: The type or namespace name 'Fdp' could not be found (are you missing a using directive or an assembly reference?)
108>D:\Work\IOS-IG-SimHost-FDP-2\Hrot\Subsystems\Hrot.ReplayBrowser.Tests\ReplayBrowserSubsystemTests.cs(509,16,509,19): error CS0246: The type or namespace name 'Fdp' could not be found (are you missing a using directive or an assembly reference?)
108>D:\Work\IOS-IG-SimHost-FDP-2\Hrot\Subsystems\Hrot.ReplayBrowser.Tests\ReplayBrowserSubsystemTests.cs(518,48,518,58): error CS0246: The type or namespace name 'StructEdit' could not be found (are you missing a using directive or an assembly reference?)
108>D:\Work\IOS-IG-SimHost-FDP-2\Hrot\Subsystems\Hrot.ReplayBrowser.Tests\ReplayBrowserSubsystemTests.cs(534,13,534,23): error CS0246: The type or namespace name 'StructEdit' could not be found (are you missing a using directive or an assembly reference?)
108>D:\Work\IOS-IG-SimHost-FDP-2\Hrot\Subsystems\Hrot.ReplayBrowser.Tests\ReplayBrowserSubsystemTests.cs(534,54,534,64): error CS0246: The type or namespace name 'StructEdit' could not be found (are you missing a using directive or an assembly reference?)
108>D:\Work\IOS-IG-SimHost-FDP-2\Hrot\Subsystems\Hrot.ReplayBrowser.Tests\ReplayBrowserSubsystemTests.cs(533,16,533,26): error CS0246: The type or namespace name 'StructEdit' could not be found (are you missing a using directive or an assembly reference?)
108>D:\Work\IOS-IG-SimHost-FDP-2\Hrot\Subsystems\Hrot.ReplayBrowser.Tests\ReplayBrowserSubsystemTests.cs(520,43,520,53): error CS0246: The type or namespace name 'StructEdit' could not be found (are you missing a using directive or an assembly reference?)
108>D:\Work\IOS-IG-SimHost-FDP-2\Hrot\Subsystems\Hrot.ReplayBrowser.Tests\ReplayBrowserSubsystemTests.cs(522,20,522,30): error CS0246: The type or namespace name 'StructEdit' could not be found (are you missing a using directive or an assembly reference?)
108>D:\Work\IOS-IG-SimHost-FDP-2\Hrot\Subsystems\Hrot.ReplayBrowser.Tests\ReplayBrowserSubsystemTests.cs(524,20,524,30): error CS0246: The type or namespace name 'StructEdit' could not be found (are you missing a using directive or an assembly reference?)
108>D:\Work\IOS-IG-SimHost-FDP-2\Hrot\Subsystems\Hrot.ReplayBrowser.Tests\ReplayBrowserSubsystemTests.cs(527,20,527,30): error CS0246: The type or namespace name 'StructEdit' could not be found (are you missing a using directive or an assembly reference?)
108>D:\Work\IOS-IG-SimHost-FDP-2\Hrot\Subsystems\Hrot.ReplayBrowser.Tests\ReplayBrowserSubsystemTests.cs(538,50,538,53): error CS0246: The type or namespace name 'Fdp' could not be found (are you missing a using directive or an assembly reference?)
108>D:\Work\IOS-IG-SimHost-FDP-2\Hrot\Subsystems\Hrot.ReplayBrowser.Tests\ReplayBrowserSubsystemTests.cs(541,29,541,32): error CS0246: The type or namespace name 'Fdp' could not be found (are you missing a using directive or an assembly reference?)
108>D:\Work\IOS-IG-SimHost-FDP-2\Hrot\Subsystems\Hrot.ReplayBrowser.Tests\ReplayBrowserSubsystemTests.cs(542,13,542,16): error CS0246: The type or namespace name 'Fdp' could not be found (are you missing a using directive or an assembly reference?)
108>D:\Work\IOS-IG-SimHost-FDP-2\Hrot\Subsystems\Hrot.ReplayBrowser.Tests\ReplayBrowserSubsystemTests.cs(540,57,540,60): error CS0246: The type or namespace name 'Fdp' could not be found (are you missing a using directive or an assembly reference?)
108>D:\Work\IOS-IG-SimHost-FDP-2\Hrot\Subsystems\Hrot.ReplayBrowser.Tests\ReplayBrowserSubsystemTests.cs(547,29,547,32): error CS0246: The type or namespace name 'Fdp' could not be found (are you missing a using directive or an assembly reference?)
108>D:\Work\IOS-IG-SimHost-FDP-2\Hrot\Subsystems\Hrot.ReplayBrowser.Tests\ReplayBrowserSubsystemTests.cs(548,13,548,16): error CS0246: The type or namespace name 'Fdp' could not be found (are you missing a using directive or an assembly reference?)
108>D:\Work\IOS-IG-SimHost-FDP-2\Hrot\Subsystems\Hrot.ReplayBrowser.Tests\ReplayBrowserSubsystemTests.cs(546,57,546,60): error CS0246: The type or namespace name 'Fdp' could not be found (are you missing a using directive or an assembly reference?)
108>Done building project "Hrot.ReplayBrowser.Tests.csproj" -- FAILED.
110>D:\Work\IOS-IG-SimHost-FDP-2\Hrot\Subsystems\Hrot.Editor.Tests\Adapters\AdapterTests.cs(11,7,11,10): error CS0246: The type or namespace name 'Fdp' could not be found (are you missing a using directive or an assembly reference?)
110>D:\Work\IOS-IG-SimHost-FDP-2\Hrot\Subsystems\Hrot.Editor.Tests\Adapters\AdapterTests.cs(12,7,12,10): error CS0246: The type or namespace name 'Fdp' could not be found (are you missing a using directive or an assembly reference?)
110>D:\Work\IOS-IG-SimHost-FDP-2\Hrot\Subsystems\Hrot.Editor.Tests\Adapters\AdapterTests.cs(13,7,13,10): error CS0246: The type or namespace name 'Fdp' could not be found (are you missing a using directive or an assembly reference?)
110>D:\Work\IOS-IG-SimHost-FDP-2\Hrot\Subsystems\Hrot.Editor.Tests\Adapters\AdapterTests.cs(14,7,14,10): error CS0246: The type or namespace name 'Fdp' could not be found (are you missing a using directive or an assembly reference?)
110>D:\Work\IOS-IG-SimHost-FDP-2\Hrot\Subsystems\Hrot.Editor.Tests\Adapters\AdapterTests.cs(15,7,15,10): error CS0246: The type or namespace name 'Fdp' could not be found (are you missing a using directive or an assembly reference?)
110>D:\Work\IOS-IG-SimHost-FDP-2\Hrot\Subsystems\Hrot.Editor.Tests\Adapters\AdapterTests.cs(16,12,16,18): error CS0234: The type or namespace name 'Common' does not exist in the namespace 'Hrot' (are you missing an assembly reference?)
110>D:\Work\IOS-IG-SimHost-FDP-2\Hrot\Subsystems\Hrot.Editor.Tests\Adapters\AdapterTests.cs(17,12,17,18): error CS0234: The type or namespace name 'Common' does not exist in the namespace 'Hrot' (are you missing an assembly reference?)
110>D:\Work\IOS-IG-SimHost-FDP-2\Hrot\Subsystems\Hrot.Editor.Tests\Adapters\AdapterTests.cs(18,19,18,27): error CS0234: The type or namespace name 'Adapters' does not exist in the namespace 'Hrot.Editor' (are you missing an assembly reference?)
110>D:\Work\IOS-IG-SimHost-FDP-2\Hrot\Subsystems\Hrot.Editor.Tests\Adapters\AdapterTests.cs(19,12,19,15): error CS0234: The type or namespace name 'Map' does not exist in the namespace 'Hrot' (are you missing an assembly reference?)
110>D:\Work\IOS-IG-SimHost-FDP-2\Hrot\Subsystems\Hrot.Editor.Tests\Adapters\AdapterTests.cs(20,12,20,15): error CS0234: The type or namespace name 'Map' does not exist in the namespace 'Hrot' (are you missing an assembly reference?)
110>D:\Work\IOS-IG-SimHost-FDP-2\Hrot\Subsystems\Hrot.Editor.Tests\Adapters\AdapterTests.cs(21,12,21,15): error CS0234: The type or namespace name 'Map' does not exist in the namespace 'Hrot' (are you missing an assembly reference?)
110>D:\Work\IOS-IG-SimHost-FDP-2\Hrot\Subsystems\Hrot.Editor.Tests\Adapters\AdapterTests.cs(22,12,22,15): error CS0234: The type or namespace name 'Map' does not exist in the namespace 'Hrot' (are you missing an assembly reference?)
110>D:\Work\IOS-IG-SimHost-FDP-2\Hrot\Subsystems\Hrot.Editor.Tests\Adapters\AdapterTests.cs(23,12,23,15): error CS0234: The type or namespace name 'NED' does not exist in the namespace 'Hrot' (are you missing an assembly reference?)
110>D:\Work\IOS-IG-SimHost-FDP-2\Hrot\Subsystems\Hrot.Editor.Tests\Adapters\AdapterTests.cs(24,12,24,16): error CS0234: The type or namespace name 'Core' does not exist in the namespace 'Hrot' (are you missing an assembly reference?)
110>D:\Work\IOS-IG-SimHost-FDP-2\Hrot\Subsystems\Hrot.Editor.Tests\Adapters\AdapterTests.cs(25,12,25,26): error CS0234: The type or namespace name 'ScenarioEditor' does not exist in the namespace 'Hrot' (are you missing an assembly reference?)
110>D:\Work\IOS-IG-SimHost-FDP-2\Hrot\Subsystems\Hrot.Editor.Tests\Adapters\AdapterTests.cs(26,12,26,14): error CS0234: The type or namespace name 'UI' does not exist in the namespace 'Hrot' (are you missing an assembly reference?)
110>D:\Work\IOS-IG-SimHost-FDP-2\Hrot\Subsystems\Hrot.Editor.Tests\Adapters\AdapterTests.cs(27,12,27,14): error CS0234: The type or namespace name 'UI' does not exist in the namespace 'Hrot' (are you missing an assembly reference?)
110>D:\Work\IOS-IG-SimHost-FDP-2\Hrot\Subsystems\Hrot.Editor.Tests\AiHotReloadCoordinatorTests.cs(7,7,7,10): error CS0246: The type or namespace name 'Fdp' could not be found (are you missing a using directive or an assembly reference?)
110>D:\Work\IOS-IG-SimHost-FDP-2\Hrot\Subsystems\Hrot.Editor.Tests\AiHotReloadCoordinatorTests.cs(8,7,8,10): error CS0246: The type or namespace name 'Fdp' could not be found (are you missing a using directive or an assembly reference?)
110>D:\Work\IOS-IG-SimHost-FDP-2\Hrot\Subsystems\Hrot.Editor.Tests\AiHotReloadCoordinatorTests.cs(9,7,9,10): error CS0246: The type or namespace name 'Fdp' could not be found (are you missing a using directive or an assembly reference?)
110>D:\Work\IOS-IG-SimHost-FDP-2\Hrot\Subsystems\Hrot.Editor.Tests\AiHotReloadCoordinatorTests.cs(10,7,10,11): error CS0246: The type or namespace name 'Fhsm' could not be found (are you missing a using directive or an assembly reference?)
110>D:\Work\IOS-IG-SimHost-FDP-2\Hrot\Subsystems\Hrot.Editor.Tests\EditorToolbarPanelTests.cs(2,19,2,21): error CS0234: The type or namespace name 'UI' does not exist in the namespace 'Hrot.Editor' (are you missing an assembly reference?)
110>D:\Work\IOS-IG-SimHost-FDP-2\Hrot\Subsystems\Hrot.Editor.Tests\EntityPropertyInspectorTests.cs(3,19,3,21): error CS0234: The type or namespace name 'UI' does not exist in the namespace 'Hrot.Editor' (are you missing an assembly reference?)
110>D:\Work\IOS-IG-SimHost-FDP-2\Hrot\Subsystems\Hrot.Editor.Tests\FeatureSwitchTests.cs(2,7,2,10): error CS0246: The type or namespace name 'Fdp' could not be found (are you missing a using directive or an assembly reference?)
110>D:\Work\IOS-IG-SimHost-FDP-2\Hrot\Subsystems\Hrot.Editor.Tests\FeatureSwitchTests.cs(4,12,4,26): error CS0234: The type or namespace name 'ScenarioEditor' does not exist in the namespace 'Hrot' (are you missing an assembly reference?)
110>D:\Work\IOS-IG-SimHost-FDP-2\Hrot\Subsystems\Hrot.Editor.Tests\HrotEditLoadHandlerTests.cs(4,7,4,10): error CS0246: The type or namespace name 'Fdp' could not be found (are you missing a using directive or an assembly reference?)
110>D:\Work\IOS-IG-SimHost-FDP-2\Hrot\Subsystems\Hrot.Editor.Tests\HrotEditLoadHandlerTests.cs(5,7,5,10): error CS0246: The type or namespace name 'Fdp' could not be found (are you missing a using directive or an assembly reference?)
110>D:\Work\IOS-IG-SimHost-FDP-2\Hrot\Subsystems\Hrot.Editor.Tests\HrotEditLoadHandlerTests.cs(6,7,6,10): error CS0246: The type or namespace name 'Fdp' could not be found (are you missing a using directive or an assembly reference?)
110>D:\Work\IOS-IG-SimHost-FDP-2\Hrot\Subsystems\Hrot.Editor.Tests\HrotEditLoadHandlerTests.cs(7,7,7,10): error CS0246: The type or namespace name 'Fdp' could not be found (are you missing a using directive or an assembly reference?)
110>D:\Work\IOS-IG-SimHost-FDP-2\Hrot\Subsystems\Hrot.Editor.Tests\HrotEditLoadHandlerTests.cs(8,7,8,10): error CS0246: The type or namespace name 'Fdp' could not be found (are you missing a using directive or an assembly reference?)
110>D:\Work\IOS-IG-SimHost-FDP-2\Hrot\Subsystems\Hrot.Editor.Tests\HrotEditLoadHandlerTests.cs(9,12,9,15): error CS0234: The type or namespace name 'CGF' does not exist in the namespace 'Hrot' (are you missing an assembly reference?)
110>D:\Work\IOS-IG-SimHost-FDP-2\Hrot\Subsystems\Hrot.Editor.Tests\HrotEditLoadHandlerTests.cs(10,12,10,16): error CS0234: The type or namespace name 'Core' does not exist in the namespace 'Hrot' (are you missing an assembly reference?)
110>D:\Work\IOS-IG-SimHost-FDP-2\Hrot\Subsystems\Hrot.Editor.Tests\HrotEditLoadHandlerTests.cs(11,12,11,15): error CS0234: The type or namespace name 'Map' does not exist in the namespace 'Hrot' (are you missing an assembly reference?)
110>D:\Work\IOS-IG-SimHost-FDP-2\Hrot\Subsystems\Hrot.Editor.Tests\HrotEditLoadHandlerTests.cs(12,12,12,15): error CS0234: The type or namespace name 'Map' does not exist in the namespace 'Hrot' (are you missing an assembly reference?)
110>D:\Work\IOS-IG-SimHost-FDP-2\Hrot\Subsystems\Hrot.Editor.Tests\HrotEditLoadHandlerTests.cs(13,12,13,15): error CS0234: The type or namespace name 'Map' does not exist in the namespace 'Hrot' (are you missing an assembly reference?)
110>D:\Work\IOS-IG-SimHost-FDP-2\Hrot\Subsystems\Hrot.Editor.Tests\HrotEditLoadHandlerTests.cs(14,12,14,26): error CS0234: The type or namespace name 'ScenarioEditor' does not exist in the namespace 'Hrot' (are you missing an assembly reference?)
110>D:\Work\IOS-IG-SimHost-FDP-2\Hrot\Subsystems\Hrot.Editor.Tests\IntegrationTests\EditorFileOpsIntegrationTests.cs(5,7,5,10): error CS0246: The type or namespace name 'Fdp' could not be found (are you missing a using directive or an assembly reference?)
110>D:\Work\IOS-IG-SimHost-FDP-2\Hrot\Subsystems\Hrot.Editor.Tests\IntegrationTests\EditorFileOpsIntegrationTests.cs(6,7,6,10): error CS0246: The type or namespace name 'Fdp' could not be found (are you missing a using directive or an assembly reference?)
110>D:\Work\IOS-IG-SimHost-FDP-2\Hrot\Subsystems\Hrot.Editor.Tests\IntegrationTests\EditorFileOpsIntegrationTests.cs(7,7,7,10): error CS0246: The type or namespace name 'Fdp' could not be found (are you missing a using directive or an assembly reference?)
110>D:\Work\IOS-IG-SimHost-FDP-2\Hrot\Subsystems\Hrot.Editor.Tests\IntegrationTests\EditorFileOpsIntegrationTests.cs(9,19,9,21): error CS0234: The type or namespace name 'UI' does not exist in the namespace 'Hrot.Editor' (are you missing an assembly reference?)
110>D:\Work\IOS-IG-SimHost-FDP-2\Hrot\Subsystems\Hrot.Editor.Tests\IntegrationTests\EditorFileOpsIntegrationTests.cs(10,12,10,26): error CS0234: The type or namespace name 'ScenarioEditor' does not exist in the namespace 'Hrot' (are you missing an assembly reference?)
110>D:\Work\IOS-IG-SimHost-FDP-2\Hrot\Subsystems\Hrot.Editor.Tests\IntegrationTests\UrbanCombatRegistrationTests.cs(1,7,1,10): error CS0246: The type or namespace name 'Fdp' could not be found (are you missing a using directive or an assembly reference?)
110>D:\Work\IOS-IG-SimHost-FDP-2\Hrot\Subsystems\Hrot.Editor.Tests\IntegrationTests\UrbanCombatRegistrationTests.cs(2,7,2,10): error CS0246: The type or namespace name 'Fdp' could not be found (are you missing a using directive or an assembly reference?)
110>D:\Work\IOS-IG-SimHost-FDP-2\Hrot\Subsystems\Hrot.Editor.Tests\IntegrationTests\UrbanCombatRegistrationTests.cs(3,7,3,10): error CS0246: The type or namespace name 'Fdp' could not be found (are you missing a using directive or an assembly reference?)
110>D:\Work\IOS-IG-SimHost-FDP-2\Hrot\Subsystems\Hrot.Editor.Tests\IntegrationTests\UrbanCombatRegistrationTests.cs(4,7,4,10): error CS0246: The type or namespace name 'Fdp' could not be found (are you missing a using directive or an assembly reference?)
110>D:\Work\IOS-IG-SimHost-FDP-2\Hrot\Subsystems\Hrot.Editor.Tests\Migration\MigrationAlertManagerTests.cs(1,7,1,10): error CS0246: The type or namespace name 'Fdp' could not be found (are you missing a using directive or an assembly reference?)
110>D:\Work\IOS-IG-SimHost-FDP-2\Hrot\Subsystems\Hrot.Editor.Tests\Migration\MigrationAlertManagerTests.cs(2,7,2,10): error CS0246: The type or namespace name 'Fdp' could not be found (are you missing a using directive or an assembly reference?)
110>D:\Work\IOS-IG-SimHost-FDP-2\Hrot\Subsystems\Hrot.Editor.Tests\Migration\MigrationAlertManagerTests.cs(3,19,3,28): error CS0234: The type or namespace name 'Migration' does not exist in the namespace 'Hrot.Editor' (are you missing an assembly reference?)
110>D:\Work\IOS-IG-SimHost-FDP-2\Hrot\Subsystems\Hrot.Editor.Tests\OfflineKernelBootTests.cs(2,7,2,10): error CS0246: The type or namespace name 'Fdp' could not be found (are you missing a using directive or an assembly reference?)
110>D:\Work\IOS-IG-SimHost-FDP-2\Hrot\Subsystems\Hrot.Editor.Tests\OfflineKernelBootTests.cs(3,7,3,10): error CS0246: The type or namespace name 'Fdp' could not be found (are you missing a using directive or an assembly reference?)
110>D:\Work\IOS-IG-SimHost-FDP-2\Hrot\Subsystems\Hrot.Editor.Tests\OfflineKernelBootTests.cs(4,7,4,10): error CS0246: The type or namespace name 'Fdp' could not be found (are you missing a using directive or an assembly reference?)
110>D:\Work\IOS-IG-SimHost-FDP-2\Hrot\Subsystems\Hrot.Editor.Tests\OfflineKernelBootTests.cs(5,7,5,10): error CS0246: The type or namespace name 'Fdp' could not be found (are you missing a using directive or an assembly reference?)
110>D:\Work\IOS-IG-SimHost-FDP-2\Hrot\Subsystems\Hrot.Editor.Tests\OfflineKernelBootTests.cs(6,7,6,10): error CS0246: The type or namespace name 'Fdp' could not be found (are you missing a using directive or an assembly reference?)
110>D:\Work\IOS-IG-SimHost-FDP-2\Hrot\Subsystems\Hrot.Editor.Tests\OfflineKernelBootTests.cs(7,7,7,10): error CS0246: The type or namespace name 'Fdp' could not be found (are you missing a using directive or an assembly reference?)
110>D:\Work\IOS-IG-SimHost-FDP-2\Hrot\Subsystems\Hrot.Editor.Tests\OfflineKernelBootTests.cs(8,12,8,15): error CS0234: The type or namespace name 'CGF' does not exist in the namespace 'Hrot' (are you missing an assembly reference?)
110>D:\Work\IOS-IG-SimHost-FDP-2\Hrot\Subsystems\Hrot.Editor.Tests\OfflineKernelBootTests.cs(9,12,9,16): error CS0234: The type or namespace name 'Core' does not exist in the namespace 'Hrot' (are you missing an assembly reference?)
110>D:\Work\IOS-IG-SimHost-FDP-2\Hrot\Subsystems\Hrot.Editor.Tests\OfflineKernelBootTests.cs(11,12,11,24): error CS0234: The type or namespace name 'Orchestrator' does not exist in the namespace 'Hrot' (are you missing an assembly reference?)
110>D:\Work\IOS-IG-SimHost-FDP-2\Hrot\Subsystems\Hrot.Editor.Tests\OfflineKernelBootTests.cs(12,12,12,26): error CS0234: The type or namespace name 'ScenarioEditor' does not exist in the namespace 'Hrot' (are you missing an assembly reference?)
110>D:\Work\IOS-IG-SimHost-FDP-2\Hrot\Subsystems\Hrot.Editor.Tests\OfflineKernelBootTests.cs(13,12,13,19): error CS0234: The type or namespace name 'SimHost' does not exist in the namespace 'Hrot' (are you missing an assembly reference?)
110>D:\Work\IOS-IG-SimHost-FDP-2\Hrot\Subsystems\Hrot.Editor.Tests\OfflineKernelBootTests.cs(14,7,14,10): error CS0246: The type or namespace name 'Fdp' could not be found (are you missing a using directive or an assembly reference?)
110>D:\Work\IOS-IG-SimHost-FDP-2\Hrot\Subsystems\Hrot.Editor.Tests\ScenarioBrowserPanelTests.cs(2,7,2,10): error CS0246: The type or namespace name 'Fdp' could not be found (are you missing a using directive or an assembly reference?)
110>D:\Work\IOS-IG-SimHost-FDP-2\Hrot\Subsystems\Hrot.Editor.Tests\ScenarioBrowserPanelTests.cs(4,19,4,21): error CS0234: The type or namespace name 'UI' does not exist in the namespace 'Hrot.Editor' (are you missing an assembly reference?)
110>D:\Work\IOS-IG-SimHost-FDP-2\Hrot\Subsystems\Hrot.Editor.Tests\Systems\SystemTests.cs(4,7,4,15): error CS0246: The type or namespace name 'CarKinem' could not be found (are you missing a using directive or an assembly reference?)
110>D:\Work\IOS-IG-SimHost-FDP-2\Hrot\Subsystems\Hrot.Editor.Tests\Systems\SystemTests.cs(5,7,5,10): error CS0246: The type or namespace name 'Fdp' could not be found (are you missing a using directive or an assembly reference?)
110>D:\Work\IOS-IG-SimHost-FDP-2\Hrot\Subsystems\Hrot.Editor.Tests\Systems\SystemTests.cs(6,7,6,10): error CS0246: The type or namespace name 'Fdp' could not be found (are you missing a using directive or an assembly reference?)
110>D:\Work\IOS-IG-SimHost-FDP-2\Hrot\Subsystems\Hrot.Editor.Tests\Systems\SystemTests.cs(7,7,7,10): error CS0246: The type or namespace name 'Fdp' could not be found (are you missing a using directive or an assembly reference?)
110>D:\Work\IOS-IG-SimHost-FDP-2\Hrot\Subsystems\Hrot.Editor.Tests\Systems\SystemTests.cs(8,7,8,10): error CS0246: The type or namespace name 'Fdp' could not be found (are you missing a using directive or an assembly reference?)
110>D:\Work\IOS-IG-SimHost-FDP-2\Hrot\Subsystems\Hrot.Editor.Tests\Systems\SystemTests.cs(9,7,9,10): error CS0246: The type or namespace name 'Fdp' could not be found (are you missing a using directive or an assembly reference?)
110>D:\Work\IOS-IG-SimHost-FDP-2\Hrot\Subsystems\Hrot.Editor.Tests\Systems\SystemTests.cs(10,7,10,10): error CS0246: The type or namespace name 'Fdp' could not be found (are you missing a using directive or an assembly reference?)
110>D:\Work\IOS-IG-SimHost-FDP-2\Hrot\Subsystems\Hrot.Editor.Tests\Systems\SystemTests.cs(11,7,11,10): error CS0246: The type or namespace name 'Fdp' could not be found (are you missing a using directive or an assembly reference?)
110>D:\Work\IOS-IG-SimHost-FDP-2\Hrot\Subsystems\Hrot.Editor.Tests\Systems\SystemTests.cs(12,19,12,28): error CS0234: The type or namespace name 'Rendering' does not exist in the namespace 'Hrot.Editor' (are you missing an assembly reference?)
110>D:\Work\IOS-IG-SimHost-FDP-2\Hrot\Subsystems\Hrot.Editor.Tests\Systems\SystemTests.cs(13,19,13,26): error CS0234: The type or namespace name 'Systems' does not exist in the namespace 'Hrot.Editor' (are you missing an assembly reference?)
110>D:\Work\IOS-IG-SimHost-FDP-2\Hrot\Subsystems\Hrot.Editor.Tests\Systems\SystemTests.cs(14,12,14,15): error CS0234: The type or namespace name 'Map' does not exist in the namespace 'Hrot' (are you missing an assembly reference?)
110>D:\Work\IOS-IG-SimHost-FDP-2\Hrot\Subsystems\Hrot.Editor.Tests\Systems\SystemTests.cs(15,12,15,15): error CS0234: The type or namespace name 'Map' does not exist in the namespace 'Hrot' (are you missing an assembly reference?)
110>D:\Work\IOS-IG-SimHost-FDP-2\Hrot\Subsystems\Hrot.Editor.Tests\UI\ContextMenuHandlerTests.cs(3,7,3,10): error CS0246: The type or namespace name 'Fdp' could not be found (are you missing a using directive or an assembly reference?)
110>D:\Work\IOS-IG-SimHost-FDP-2\Hrot\Subsystems\Hrot.Editor.Tests\UI\ContextMenuHandlerTests.cs(4,7,4,10): error CS0246: The type or namespace name 'Fdp' could not be found (are you missing a using directive or an assembly reference?)
110>D:\Work\IOS-IG-SimHost-FDP-2\Hrot\Subsystems\Hrot.Editor.Tests\UI\ContextMenuHandlerTests.cs(5,7,5,10): error CS0246: The type or namespace name 'Fdp' could not be found (are you missing a using directive or an assembly reference?)
110>D:\Work\IOS-IG-SimHost-FDP-2\Hrot\Subsystems\Hrot.Editor.Tests\UI\ContextMenuHandlerTests.cs(6,7,6,10): error CS0246: The type or namespace name 'Fdp' could not be found (are you missing a using directive or an assembly reference?)
110>D:\Work\IOS-IG-SimHost-FDP-2\Hrot\Subsystems\Hrot.Editor.Tests\UI\ContextMenuHandlerTests.cs(7,12,7,18): error CS0234: The type or namespace name 'Common' does not exist in the namespace 'Hrot' (are you missing an assembly reference?)
110>D:\Work\IOS-IG-SimHost-FDP-2\Hrot\Subsystems\Hrot.Editor.Tests\UI\ContextMenuHandlerTests.cs(8,19,8,21): error CS0234: The type or namespace name 'UI' does not exist in the namespace 'Hrot.Editor' (are you missing an assembly reference?)
110>D:\Work\IOS-IG-SimHost-FDP-2\Hrot\Subsystems\Hrot.Editor.Tests\UI\ContextMenuHandlerTests.cs(9,12,9,14): error CS0234: The type or namespace name 'IG' does not exist in the namespace 'Hrot' (are you missing an assembly reference?)
110>D:\Work\IOS-IG-SimHost-FDP-2\Hrot\Subsystems\Hrot.Editor.Tests\UI\ContextMenuHandlerTests.cs(10,12,10,14): error CS0234: The type or namespace name 'UI' does not exist in the namespace 'Hrot' (are you missing an assembly reference?)
110>D:\Work\IOS-IG-SimHost-FDP-2\Hrot\Subsystems\Hrot.Editor.Tests\Adapters\AdapterTests.cs(40,47,40,61): error CS0246: The type or namespace name 'IInputProvider' could not be found (are you missing a using directive or an assembly reference?)
110>D:\Work\IOS-IG-SimHost-FDP-2\Hrot\Subsystems\Hrot.Editor.Tests\Adapters\AdapterTests.cs(60,43,60,52): error CS0246: The type or namespace name 'MapCanvas' could not be found (are you missing a using directive or an assembly reference?)
110>D:\Work\IOS-IG-SimHost-FDP-2\Hrot\Subsystems\Hrot.Editor.Tests\Adapters\AdapterTests.cs(68,47,68,69): error CS0246: The type or namespace name 'IScenarioStateProvider' could not be found (are you missing a using directive or an assembly reference?)
110>D:\Work\IOS-IG-SimHost-FDP-2\Hrot\Subsystems\Hrot.Editor.Tests\AiHotReloadCoordinatorTests.cs(422,6,422,9): error CS0246: The type or namespace name 'Fdp' could not be found (are you missing a using directive or an assembly reference?)
110>D:\Work\IOS-IG-SimHost-FDP-2\Hrot\Subsystems\Hrot.Editor.Tests\AiHotReloadCoordinatorTests.cs(428,6,428,9): error CS0246: The type or namespace name 'Fdp' could not be found (are you missing a using directive or an assembly reference?)
110>D:\Work\IOS-IG-SimHost-FDP-2\Hrot\Subsystems\Hrot.Editor.Tests\Adapters\AdapterTests.cs(433,17,433,35): error CS0246: The type or namespace name 'GlobalGizmoManager' could not be found (are you missing a using directive or an assembly reference?)
110>D:\Work\IOS-IG-SimHost-FDP-2\Hrot\Subsystems\Hrot.Editor.Tests\Adapters\AdapterTests.cs(82,17,82,35): error CS0246: The type or namespace name 'GlobalGizmoManager' could not be found (are you missing a using directive or an assembly reference?)
110>D:\Work\IOS-IG-SimHost-FDP-2\Hrot\Subsystems\Hrot.Editor.Tests\Adapters\AdapterTests.cs(230,17,230,35): error CS0246: The type or namespace name 'EditorOrbatAdapter' could not be found (are you missing a using directive or an assembly reference?)
110>D:\Work\IOS-IG-SimHost-FDP-2\Hrot\Subsystems\Hrot.Editor.Tests\AiHotReloadCoordinatorTests.cs(431,37,431,53): error CS0246: The type or namespace name 'BehaviorRegistry' could not be found (are you missing a using directive or an assembly reference?)
110>D:\Work\IOS-IG-SimHost-FDP-2\Hrot\Subsystems\Hrot.Editor.Tests\Adapters\AdapterTests.cs(435,47,435,65): error CS0246: The type or namespace name 'GlobalGizmoManager' could not be found (are you missing a using directive or an assembly reference?)
110>D:\Work\IOS-IG-SimHost-FDP-2\Hrot\Subsystems\Hrot.Editor.Tests\Adapters\AdapterTests.cs(512,17,512,35): error CS0246: The type or namespace name 'GlobalGizmoManager' could not be found (are you missing a using directive or an assembly reference?)
110>D:\Work\IOS-IG-SimHost-FDP-2\Hrot\Subsystems\Hrot.Editor.Tests\AiHotReloadCoordinatorTests.cs(48,17,48,39): error CS0246: The type or namespace name 'AiHotReloadCoordinator' could not be found (are you missing a using directive or an assembly reference?)
110>D:\Work\IOS-IG-SimHost-FDP-2\Hrot\Subsystems\Hrot.Editor.Tests\Adapters\AdapterTests.cs(70,16,70,35): error CS0246: The type or namespace name 'ScenarioEditorState' could not be found (are you missing a using directive or an assembly reference?)
110>D:\Work\IOS-IG-SimHost-FDP-2\Hrot\Subsystems\Hrot.Editor.Tests\Adapters\AdapterTests.cs(79,26,79,37): error CS0246: The type or namespace name 'FdpEventBus' could not be found (are you missing a using directive or an assembly reference?)
110>D:\Work\IOS-IG-SimHost-FDP-2\Hrot\Subsystems\Hrot.Editor.Tests\Adapters\AdapterTests.cs(578,26,578,42): error CS0246: The type or namespace name 'EntityRepository' could not be found (are you missing a using directive or an assembly reference?)
110>D:\Work\IOS-IG-SimHost-FDP-2\Hrot\Subsystems\Hrot.Editor.Tests\AiHotReloadCoordinatorTests.cs(60,42,60,64): error CS0246: The type or namespace name 'AiHotReloadCoordinator' could not be found (are you missing a using directive or an assembly reference?)
110>D:\Work\IOS-IG-SimHost-FDP-2\Hrot\Subsystems\Hrot.Editor.Tests\Adapters\AdapterTests.cs(216,26,216,42): error CS0246: The type or namespace name 'EntityRepository' could not be found (are you missing a using directive or an assembly reference?)
110>D:\Work\IOS-IG-SimHost-FDP-2\Hrot\Subsystems\Hrot.Editor.Tests\Adapters\AdapterTests.cs(514,47,514,65): error CS0246: The type or namespace name 'GlobalGizmoManager' could not be found (are you missing a using directive or an assembly reference?)
110>D:\Work\IOS-IG-SimHost-FDP-2\Hrot\Subsystems\Hrot.Editor.Tests\Adapters\AdapterTests.cs(80,26,80,46): error CS0246: The type or namespace name 'DebugPrimitiveBuffer' could not be found (are you missing a using directive or an assembly reference?)
110>D:\Work\IOS-IG-SimHost-FDP-2\Hrot\Subsystems\Hrot.Editor.Tests\Adapters\AdapterTests.cs(47,42,47,56): error CS0246: The type or namespace name 'MapMouseButton' could not be found (are you missing a using directive or an assembly reference?)
110>D:\Work\IOS-IG-SimHost-FDP-2\Hrot\Subsystems\Hrot.Editor.Tests\Adapters\AdapterTests.cs(431,26,431,46): error CS0246: The type or namespace name 'DebugPrimitiveBuffer' could not be found (are you missing a using directive or an assembly reference?)
110>D:\Work\IOS-IG-SimHost-FDP-2\Hrot\Subsystems\Hrot.Editor.Tests\FeatureSwitchTests.cs(11,20,11,37): error CS0246: The type or namespace name 'EditorApplication' could not be found (are you missing a using directive or an assembly reference?)
110>D:\Work\IOS-IG-SimHost-FDP-2\Hrot\Subsystems\Hrot.Editor.Tests\Adapters\AdapterTests.cs(217,26,217,37): error CS0246: The type or namespace name 'FdpEventBus' could not be found (are you missing a using directive or an assembly reference?)
110>D:\Work\IOS-IG-SimHost-FDP-2\Hrot\Subsystems\Hrot.Editor.Tests\Adapters\AdapterTests.cs(579,26,579,49): error CS0246: The type or namespace name 'PreviewClusterOpHandler' could not be found (are you missing a using directive or an assembly reference?)
110>D:\Work\IOS-IG-SimHost-FDP-2\Hrot\Subsystems\Hrot.Editor.Tests\AiHotReloadCoordinatorTests.cs(249,52,249,74): error CS0246: The type or namespace name 'AiHotReloadCoordinator' could not be found (are you missing a using directive or an assembly reference?)
110>D:\Work\IOS-IG-SimHost-FDP-2\Hrot\Subsystems\Hrot.Editor.Tests\Adapters\AdapterTests.cs(48,42,48,56): error CS0246: The type or namespace name 'MapMouseButton' could not be found (are you missing a using directive or an assembly reference?)
110>D:\Work\IOS-IG-SimHost-FDP-2\Hrot\Subsystems\Hrot.Editor.Tests\HrotEditLoadHandlerTests.cs(66,13,66,48): error CS0246: The type or namespace name 'ScenarioEntityCreationRequestSource' could not be found (are you missing a using directive or an assembly reference?)
110>D:\Work\IOS-IG-SimHost-FDP-2\Hrot\Subsystems\Hrot.Editor.Tests\Adapters\AdapterTests.cs(49,43,49,57): error CS0246: The type or namespace name 'MapMouseButton' could not be found (are you missing a using directive or an assembly reference?)
110>D:\Work\IOS-IG-SimHost-FDP-2\Hrot\Subsystems\Hrot.Editor.Tests\Adapters\AdapterTests.cs(121,26,121,42): error CS0246: The type or namespace name 'EntityRepository' could not be found (are you missing a using directive or an assembly reference?)
110>D:\Work\IOS-IG-SimHost-FDP-2\Hrot\Subsystems\Hrot.Editor.Tests\AiHotReloadCoordinatorTests.cs(30,26,30,42): error CS0246: The type or namespace name 'EntityRepository' could not be found (are you missing a using directive or an assembly reference?)
110>D:\Work\IOS-IG-SimHost-FDP-2\Hrot\Subsystems\Hrot.Editor.Tests\Adapters\AdapterTests.cs(50,36,50,50): error CS0246: The type or namespace name 'MapKeyboardKey' could not be found (are you missing a using directive or an assembly reference?)
110>D:\Work\IOS-IG-SimHost-FDP-2\Hrot\Subsystems\Hrot.Editor.Tests\AiHotReloadCoordinatorTests.cs(31,26,31,42): error CS0246: The type or namespace name 'BehaviorRegistry' could not be found (are you missing a using directive or an assembly reference?)
110>D:\Work\IOS-IG-SimHost-FDP-2\Hrot\Subsystems\Hrot.Editor.Tests\Migration\MigrationAlertManagerTests.cs(12,20,12,32): error CS0246: The type or namespace name 'DocumentMeta' could not be found (are you missing a using directive or an assembly reference?)
110>D:\Work\IOS-IG-SimHost-FDP-2\Hrot\Subsystems\Hrot.Editor.Tests\Adapters\AdapterTests.cs(51,36,51,50): error CS0246: The type or namespace name 'MapKeyboardKey' could not be found (are you missing a using directive or an assembly reference?)
110>D:\Work\IOS-IG-SimHost-FDP-2\Hrot\Subsystems\Hrot.Editor.Tests\UI\ContextMenuHandlerTests.cs(21,53,21,72): error CS0246: The type or namespace name 'IContextMenuBuilder' could not be found (are you missing a using directive or an assembly reference?)
110>D:\Work\IOS-IG-SimHost-FDP-2\Hrot\Subsystems\Hrot.Editor.Tests\HrotEditLoadHandlerTests.cs(69,9,69,44): error CS0246: The type or namespace name 'ScenarioEntityCreationRequestSource' could not be found (are you missing a using directive or an assembly reference?)
110>D:\Work\IOS-IG-SimHost-FDP-2\Hrot\Subsystems\Hrot.Editor.Tests\HrotEditLoadHandlerTests.cs(70,9,70,25): error CS0246: The type or namespace name 'EntityRepository' could not be found (are you missing a using directive or an assembly reference?)
110>D:\Work\IOS-IG-SimHost-FDP-2\Hrot\Subsystems\Hrot.Editor.Tests\HrotEditLoadHandlerTests.cs(68,13,68,32): error CS0246: The type or namespace name 'HrotEditLoadHandler' could not be found (are you missing a using directive or an assembly reference?)
110>D:\Work\IOS-IG-SimHost-FDP-2\Hrot\Subsystems\Hrot.Editor.Tests\OfflineKernelBootTests.cs(25,22,25,38): error CS0246: The type or namespace name 'EntityRepository' could not be found (are you missing a using directive or an assembly reference?)
110>D:\Work\IOS-IG-SimHost-FDP-2\Hrot\Subsystems\Hrot.Editor.Tests\AiHotReloadCoordinatorTests.cs(32,26,32,43): error CS0246: The type or namespace name 'BlueprintRegistry' could not be found (are you missing a using directive or an assembly reference?)
110>D:\Work\IOS-IG-SimHost-FDP-2\Hrot\Subsystems\Hrot.Editor.Tests\Migration\MigrationAlertManagerTests.cs(15,20,15,39): error CS0246: The type or namespace name 'MigrationLoadResult' could not be found (are you missing a using directive or an assembly reference?)
110>D:\Work\IOS-IG-SimHost-FDP-2\Hrot\Subsystems\Hrot.Editor.Tests\Adapters\AdapterTests.cs(52,36,52,50): error CS0246: The type or namespace name 'MapKeyboardKey' could not be found (are you missing a using directive or an assembly reference?)
110>D:\Work\IOS-IG-SimHost-FDP-2\Hrot\Subsystems\Hrot.Editor.Tests\Adapters\AdapterTests.cs(509,26,509,37): error CS0246: The type or namespace name 'FdpEventBus' could not be found (are you missing a using directive or an assembly reference?)
110>D:\Work\IOS-IG-SimHost-FDP-2\Hrot\Subsystems\Hrot.Editor.Tests\Adapters\AdapterTests.cs(122,26,122,37): error CS0246: The type or namespace name 'FdpEventBus' could not be found (are you missing a using directive or an assembly reference?)
110>D:\Work\IOS-IG-SimHost-FDP-2\Hrot\Subsystems\Hrot.Editor.Tests\Systems\SystemTests.cs(134,22,134,38): error CS0246: The type or namespace name 'EntityRepository' could not be found (are you missing a using directive or an assembly reference?)
110>D:\Work\IOS-IG-SimHost-FDP-2\Hrot\Subsystems\Hrot.Editor.Tests\OfflineKernelBootTests.cs(26,22,26,38): error CS0246: The type or namespace name 'ModuleHostKernel' could not be found (are you missing a using directive or an assembly reference?)
110>D:\Work\IOS-IG-SimHost-FDP-2\Hrot\Subsystems\Hrot.Editor.Tests\UI\ContextMenuHandlerTests.cs(50,44,50,59): error CS0246: The type or namespace name 'ISelectionState' could not be found (are you missing a using directive or an assembly reference?)
110>D:\Work\IOS-IG-SimHost-FDP-2\Hrot\Subsystems\Hrot.Editor.Tests\IntegrationTests\EditorFileOpsIntegrationTests.cs(59,20,59,36): error CS0246: The type or namespace name 'EntityRepository' could not be found (are you missing a using directive or an assembly reference?)
110>D:\Work\IOS-IG-SimHost-FDP-2\Hrot\Subsystems\Hrot.Editor.Tests\HrotEditLoadHandlerTests.cs(80,63,80,75): error CS0246: The type or namespace name 'ClusterState' could not be found (are you missing a using directive or an assembly reference?)
110>D:\Work\IOS-IG-SimHost-FDP-2\Hrot\Subsystems\Hrot.Editor.Tests\HrotEditLoadHandlerTests.cs(80,20,80,39): error CS0246: The type or namespace name 'ExecuteNodeOpIntent' could not be found (are you missing a using directive or an assembly reference?)
110>D:\Work\IOS-IG-SimHost-FDP-2\Hrot\Subsystems\Hrot.Editor.Tests\Systems\SystemTests.cs(207,22,207,38): error CS0246: The type or namespace name 'EntityRepository' could not be found (are you missing a using directive or an assembly reference?)
110>D:\Work\IOS-IG-SimHost-FDP-2\Hrot\Subsystems\Hrot.Editor.Tests\Adapters\AdapterTests.cs(123,26,123,42): error CS0246: The type or namespace name 'BehaviorRegistry' could not be found (are you missing a using directive or an assembly reference?)
110>D:\Work\IOS-IG-SimHost-FDP-2\Hrot\Subsystems\Hrot.Editor.Tests\OfflineKernelBootTests.cs(27,13,27,35): error CS0246: The type or namespace name 'SteppingTimeController' could not be found (are you missing a using directive or an assembly reference?)
110>D:\Work\IOS-IG-SimHost-FDP-2\Hrot\Subsystems\Hrot.Editor.Tests\UI\ContextMenuHandlerTests.cs(36,12,36,31): error CS0246: The type or namespace name 'IContextMenuBuilder' could not be found (are you missing a using directive or an assembly reference?)
110>D:\Work\IOS-IG-SimHost-FDP-2\Hrot\Subsystems\Hrot.Editor.Tests\Systems\SystemTests.cs(44,13,44,30): error CS0246: The type or namespace name 'EditorCargoSystem' could not be found (are you missing a using directive or an assembly reference?)
110>D:\Work\IOS-IG-SimHost-FDP-2\Hrot\Subsystems\Hrot.Editor.Tests\HrotEditLoadHandlerTests.cs(49,22,49,38): error CS0246: The type or namespace name 'EntityRepository' could not be found (are you missing a using directive or an assembly reference?)
110>D:\Work\IOS-IG-SimHost-FDP-2\Hrot\Subsystems\Hrot.Editor.Tests\Adapters\AdapterTests.cs(510,26,510,46): error CS0246: The type or namespace name 'DebugPrimitiveBuffer' could not be found (are you missing a using directive or an assembly reference?)
110>D:\Work\IOS-IG-SimHost-FDP-2\Hrot\Subsystems\Hrot.Editor.Tests\IntegrationTests\EditorFileOpsIntegrationTests.cs(67,48,67,64): error CS0246: The type or namespace name 'EntityRepository' could not be found (are you missing a using directive or an assembly reference?)
110>D:\Work\IOS-IG-SimHost-FDP-2\Hrot\Subsystems\Hrot.Editor.Tests\IntegrationTests\EditorFileOpsIntegrationTests.cs(67,20,67,37): error CS0246: The type or namespace name 'EditorApplication' could not be found (are you missing a using directive or an assembly reference?)
110>D:\Work\IOS-IG-SimHost-FDP-2\Hrot\Subsystems\Hrot.Editor.Tests\UI\ContextMenuHandlerTests.cs(52,27,52,33): error CS0246: The type or namespace name 'Entity' could not be found (are you missing a using directive or an assembly reference?)
110>D:\Work\IOS-IG-SimHost-FDP-2\Hrot\Subsystems\Hrot.Editor.Tests\UI\ContextMenuHandlerTests.cs(85,13,85,41): error CS0246: The type or namespace name 'JsonEntityContextMenuHandler' could not be found (are you missing a using directive or an assembly reference?)
110>D:\Work\IOS-IG-SimHost-FDP-2\Hrot\Subsystems\Hrot.Editor.Tests\Systems\SystemTests.cs(30,22,30,38): error CS0246: The type or namespace name 'EntityRepository' could not be found (are you missing a using directive or an assembly reference?)
110>D:\Work\IOS-IG-SimHost-FDP-2\Hrot\Subsystems\Hrot.Editor.Tests\HrotEditLoadHandlerTests.cs(50,22,50,40): error CS0246: The type or namespace name 'ScenarioSerializer' could not be found (are you missing a using directive or an assembly reference?)
110>D:\Work\IOS-IG-SimHost-FDP-2\Hrot\Subsystems\Hrot.Editor.Tests\UI\ContextMenuHandlerTests.cs(54,32,54,38): error CS0246: The type or namespace name 'Entity' could not be found (are you missing a using directive or an assembly reference?)
110>D:\Work\IOS-IG-SimHost-FDP-2\Hrot\Subsystems\Hrot.Editor.Tests\Systems\SystemTests.cs(309,22,309,38): error CS0246: The type or namespace name 'EntityRepository' could not be found (are you missing a using directive or an assembly reference?)
110>D:\Work\IOS-IG-SimHost-FDP-2\Hrot\Subsystems\Hrot.Editor.Tests\HrotEditLoadHandlerTests.cs(51,22,51,44): error CS0246: The type or namespace name 'StagingEntityExtractor' could not be found (are you missing a using directive or an assembly reference?)
110>D:\Work\IOS-IG-SimHost-FDP-2\Hrot\Subsystems\Hrot.Editor.Tests\UI\ContextMenuHandlerTests.cs(72,22,72,38): error CS0246: The type or namespace name 'EntityRepository' could not be found (are you missing a using directive or an assembly reference?)
110>D:\Work\IOS-IG-SimHost-FDP-2\Hrot\Subsystems\Hrot.Editor.Tests\UI\ContextMenuHandlerTests.cs(55,12,55,18): error CS0246: The type or namespace name 'Entity' could not be found (are you missing a using directive or an assembly reference?)
110>D:\Work\IOS-IG-SimHost-FDP-2\Hrot\Subsystems\Hrot.Editor.Tests\UI\ContextMenuHandlerTests.cs(73,22,73,33): error CS0246: The type or namespace name 'FdpEventBus' could not be found (are you missing a using directive or an assembly reference?)
110>D:\Work\IOS-IG-SimHost-FDP-2\Hrot\Subsystems\Hrot.Editor.Tests\HrotEditLoadHandlerTests.cs(289,19,289,31): error CS0246: The type or namespace name 'ClusterState' could not be found (are you missing a using directive or an assembly reference?)
110>D:\Work\IOS-IG-SimHost-FDP-2\Hrot\Subsystems\Hrot.Editor.Tests\UI\ContextMenuHandlerTests.cs(56,12,56,18): error CS0246: The type or namespace name 'Entity' could not be found (are you missing a using directive or an assembly reference?)
110>D:\Work\IOS-IG-SimHost-FDP-2\Hrot\Subsystems\Hrot.Editor.Tests\HrotEditLoadHandlerTests.cs(27,47,27,62): error CS0246: The type or namespace name 'IScenarioLoader' could not be found (are you missing a using directive or an assembly reference?)
110>D:\Work\IOS-IG-SimHost-FDP-2\Hrot\Subsystems\Hrot.Editor.Tests\UI\ContextMenuHandlerTests.cs(58,28,58,34): error CS0246: The type or namespace name 'Entity' could not be found (are you missing a using directive or an assembly reference?)
110>D:\Work\IOS-IG-SimHost-FDP-2\Hrot\Subsystems\Hrot.Editor.Tests\HrotEditLoadHandlerTests.cs(32,44,32,63): error CS0246: The type or namespace name 'IZoneManagerService' could not be found (are you missing a using directive or an assembly reference?)
110>D:\Work\IOS-IG-SimHost-FDP-2\Hrot\Subsystems\Hrot.Editor.Tests\UI\ContextMenuHandlerTests.cs(60,29,60,35): error CS0246: The type or namespace name 'Entity' could not be found (are you missing a using directive or an assembly reference?)
110>D:\Work\IOS-IG-SimHost-FDP-2\Hrot\Subsystems\Hrot.Editor.Tests\HrotEditLoadHandlerTests.cs(34,31,34,47): error CS0246: The type or namespace name 'EntityRepository' could not be found (are you missing a using directive or an assembly reference?)
110>D:\Work\IOS-IG-SimHost-FDP-2\Hrot\Subsystems\Hrot.Editor.Tests\HrotEditLoadHandlerTests.cs(34,100,34,117): error CS0246: The type or namespace name 'ZoneDefinitionDto' could not be found (are you missing a using directive or an assembly reference?)
110>D:\Work\IOS-IG-SimHost-FDP-2\Hrot\Subsystems\Hrot.Editor.Tests\HrotEditLoadHandlerTests.cs(35,62,35,79): error CS0246: The type or namespace name 'ZoneDefinitionDto' could not be found (are you missing a using directive or an assembly reference?)
110>D:\Work\IOS-IG-SimHost-FDP-2\Hrot\Subsystems\Hrot.Editor.Tests\IntegrationTests\EditorFileOpsIntegrationTests.cs(25,6,25,17): error CS0246: The type or namespace name 'ComponentIdAttribute' could not be found (are you missing a using directive or an assembly reference?)
110>D:\Work\IOS-IG-SimHost-FDP-2\Hrot\Subsystems\Hrot.Editor.Tests\IntegrationTests\EditorFileOpsIntegrationTests.cs(25,6,25,17): error CS0246: The type or namespace name 'ComponentId' could not be found (are you missing a using directive or an assembly reference?)
110>D:\Work\IOS-IG-SimHost-FDP-2\Hrot\Subsystems\Hrot.Editor.Tests\HrotEditLoadHandlerTests.cs(39,44,39,63): error CS0246: The type or namespace name 'INetworkIdAllocator' could not be found (are you missing a using directive or an assembly reference?)
110>D:\Work\IOS-IG-SimHost-FDP-2\Hrot\Subsystems\Hrot.Editor.Tests\IntegrationTests\EditorFileOpsIntegrationTests.cs(35,6,35,17): error CS0246: The type or namespace name 'ComponentIdAttribute' could not be found (are you missing a using directive or an assembly reference?)
110>D:\Work\IOS-IG-SimHost-FDP-2\Hrot\Subsystems\Hrot.Editor.Tests\IntegrationTests\EditorFileOpsIntegrationTests.cs(35,6,35,17): error CS0246: The type or namespace name 'ComponentId' could not be found (are you missing a using directive or an assembly reference?)
110>D:\Work\IOS-IG-SimHost-FDP-2\Hrot\Subsystems\Hrot.Editor.Tests\HrotEditLoadHandlerTests.cs(289,51,289,63): error CS0103: The name 'ClusterState' does not exist in the current context
110>Done building project "Hrot.Editor.Tests.csproj" -- FAILED.
109>D:\Work\IOS-IG-SimHost-FDP-2\Hrot\Subsystems\Hrot.StrideMock\Hrot.StrideMock.Tests\SharedApplicationBootstrapperTests.cs(32,39,32,43): error CS0234: The type or namespace name 'Core' does not exist in the namespace 'Hrot' (are you missing an assembly reference?)
109>D:\Work\IOS-IG-SimHost-FDP-2\Hrot\Subsystems\Hrot.StrideMock\Hrot.StrideMock.Tests\SharedApplicationBootstrapperTests.cs(5,7,5,15): error CS0246: The type or namespace name 'CarKinem' could not be found (are you missing a using directive or an assembly reference?)
109>D:\Work\IOS-IG-SimHost-FDP-2\Hrot\Subsystems\Hrot.StrideMock\Hrot.StrideMock.Tests\SharedApplicationBootstrapperTests.cs(6,7,6,10): error CS0246: The type or namespace name 'Fdp' could not be found (are you missing a using directive or an assembly reference?)
109>D:\Work\IOS-IG-SimHost-FDP-2\Hrot\Subsystems\Hrot.StrideMock\Hrot.StrideMock.Tests\SharedApplicationBootstrapperTests.cs(7,7,7,10): error CS0246: The type or namespace name 'Fdp' could not be found (are you missing a using directive or an assembly reference?)
109>D:\Work\IOS-IG-SimHost-FDP-2\Hrot\Subsystems\Hrot.StrideMock\Hrot.StrideMock.Tests\SharedApplicationBootstrapperTests.cs(8,7,8,10): error CS0246: The type or namespace name 'Fdp' could not be found (are you missing a using directive or an assembly reference?)
109>D:\Work\IOS-IG-SimHost-FDP-2\Hrot\Subsystems\Hrot.StrideMock\Hrot.StrideMock.Tests\SharedApplicationBootstrapperTests.cs(9,7,9,10): error CS0246: The type or namespace name 'Fdp' could not be found (are you missing a using directive or an assembly reference?)
109>D:\Work\IOS-IG-SimHost-FDP-2\Hrot\Subsystems\Hrot.StrideMock\Hrot.StrideMock.Tests\SharedApplicationBootstrapperTests.cs(10,7,10,10): error CS0246: The type or namespace name 'Fdp' could not be found (are you missing a using directive or an assembly reference?)
109>D:\Work\IOS-IG-SimHost-FDP-2\Hrot\Subsystems\Hrot.StrideMock\Hrot.StrideMock.Tests\SharedApplicationBootstrapperTests.cs(11,7,11,10): error CS0246: The type or namespace name 'Fdp' could not be found (are you missing a using directive or an assembly reference?)
109>D:\Work\IOS-IG-SimHost-FDP-2\Hrot\Subsystems\Hrot.StrideMock\Hrot.StrideMock.Tests\SharedApplicationBootstrapperTests.cs(12,7,12,10): error CS0246: The type or namespace name 'Fdp' could not be found (are you missing a using directive or an assembly reference?)
109>D:\Work\IOS-IG-SimHost-FDP-2\Hrot\Subsystems\Hrot.StrideMock\Hrot.StrideMock.Tests\SharedApplicationBootstrapperTests.cs(13,7,13,10): error CS0246: The type or namespace name 'Fdp' could not be found (are you missing a using directive or an assembly reference?)
109>D:\Work\IOS-IG-SimHost-FDP-2\Hrot\Subsystems\Hrot.StrideMock\Hrot.StrideMock.Tests\SharedApplicationBootstrapperTests.cs(14,7,14,10): error CS0246: The type or namespace name 'Fdp' could not be found (are you missing a using directive or an assembly reference?)
109>D:\Work\IOS-IG-SimHost-FDP-2\Hrot\Subsystems\Hrot.StrideMock\Hrot.StrideMock.Tests\SharedApplicationBootstrapperTests.cs(15,7,15,10): error CS0246: The type or namespace name 'Fdp' could not be found (are you missing a using directive or an assembly reference?)
109>D:\Work\IOS-IG-SimHost-FDP-2\Hrot\Subsystems\Hrot.StrideMock\Hrot.StrideMock.Tests\SharedApplicationBootstrapperTests.cs(16,7,16,10): error CS0246: The type or namespace name 'Fdp' could not be found (are you missing a using directive or an assembly reference?)
109>D:\Work\IOS-IG-SimHost-FDP-2\Hrot\Subsystems\Hrot.StrideMock\Hrot.StrideMock.Tests\SharedApplicationBootstrapperTests.cs(17,7,17,10): error CS0246: The type or namespace name 'Fdp' could not be found (are you missing a using directive or an assembly reference?)
109>D:\Work\IOS-IG-SimHost-FDP-2\Hrot\Subsystems\Hrot.StrideMock\Hrot.StrideMock.Tests\SharedApplicationBootstrapperTests.cs(18,7,18,10): error CS0246: The type or namespace name 'Fdp' could not be found (are you missing a using directive or an assembly reference?)
109>D:\Work\IOS-IG-SimHost-FDP-2\Hrot\Subsystems\Hrot.StrideMock\Hrot.StrideMock.Tests\SharedApplicationBootstrapperTests.cs(19,7,19,10): error CS0246: The type or namespace name 'Fdp' could not be found (are you missing a using directive or an assembly reference?)
109>D:\Work\IOS-IG-SimHost-FDP-2\Hrot\Subsystems\Hrot.StrideMock\Hrot.StrideMock.Tests\SharedApplicationBootstrapperTests.cs(20,7,20,10): error CS0246: The type or namespace name 'Fdp' could not be found (are you missing a using directive or an assembly reference?)
109>D:\Work\IOS-IG-SimHost-FDP-2\Hrot\Subsystems\Hrot.StrideMock\Hrot.StrideMock.Tests\SharedApplicationBootstrapperTests.cs(21,7,21,10): error CS0246: The type or namespace name 'Fdp' could not be found (are you missing a using directive or an assembly reference?)
109>D:\Work\IOS-IG-SimHost-FDP-2\Hrot\Subsystems\Hrot.StrideMock\Hrot.StrideMock.Tests\SharedApplicationBootstrapperTests.cs(22,12,22,18): error CS0234: The type or namespace name 'Common' does not exist in the namespace 'Hrot' (are you missing an assembly reference?)
109>D:\Work\IOS-IG-SimHost-FDP-2\Hrot\Subsystems\Hrot.StrideMock\Hrot.StrideMock.Tests\SharedApplicationBootstrapperTests.cs(23,12,23,18): error CS0234: The type or namespace name 'Common' does not exist in the namespace 'Hrot' (are you missing an assembly reference?)
109>D:\Work\IOS-IG-SimHost-FDP-2\Hrot\Subsystems\Hrot.StrideMock\Hrot.StrideMock.Tests\SharedApplicationBootstrapperTests.cs(24,12,24,18): error CS0234: The type or namespace name 'Common' does not exist in the namespace 'Hrot' (are you missing an assembly reference?)
109>D:\Work\IOS-IG-SimHost-FDP-2\Hrot\Subsystems\Hrot.StrideMock\Hrot.StrideMock.Tests\SharedApplicationBootstrapperTests.cs(25,12,25,16): error CS0234: The type or namespace name 'Core' does not exist in the namespace 'Hrot' (are you missing an assembly reference?)
109>D:\Work\IOS-IG-SimHost-FDP-2\Hrot\Subsystems\Hrot.StrideMock\Hrot.StrideMock.Tests\SharedApplicationBootstrapperTests.cs(26,12,26,19): error CS0234: The type or namespace name 'SimHost' does not exist in the namespace 'Hrot' (are you missing an assembly reference?)
109>D:\Work\IOS-IG-SimHost-FDP-2\Hrot\Subsystems\Hrot.StrideMock\Hrot.StrideMock.Tests\SharedApplicationBootstrapperTests.cs(27,12,27,19): error CS0234: The type or namespace name 'SimHost' does not exist in the namespace 'Hrot' (are you missing an assembly reference?)
109>D:\Work\IOS-IG-SimHost-FDP-2\Hrot\Subsystems\Hrot.StrideMock\Hrot.StrideMock.Tests\SharedApplicationBootstrapperTests.cs(28,12,28,19): error CS0234: The type or namespace name 'Network' does not exist in the namespace 'Hrot' (are you missing an assembly reference?)
109>D:\Work\IOS-IG-SimHost-FDP-2\Hrot\Subsystems\Hrot.StrideMock\Hrot.StrideMock.Tests\StrideMockSubsystemTests.cs(3,7,3,10): error CS0246: The type or namespace name 'Fdp' could not be found (are you missing a using directive or an assembly reference?)
109>D:\Work\IOS-IG-SimHost-FDP-2\Hrot\Subsystems\Hrot.StrideMock\Hrot.StrideMock.Tests\StrideMockSubsystemTests.cs(4,7,4,10): error CS0246: The type or namespace name 'Fdp' could not be found (are you missing a using directive or an assembly reference?)
109>D:\Work\IOS-IG-SimHost-FDP-2\Hrot\Subsystems\Hrot.StrideMock\Hrot.StrideMock.Tests\StrideMockSubsystemTests.cs(5,12,5,18): error CS0234: The type or namespace name 'Editor' does not exist in the namespace 'Hrot' (are you missing an assembly reference?)
109>D:\Work\IOS-IG-SimHost-FDP-2\Hrot\Subsystems\Hrot.StrideMock\Hrot.StrideMock.Tests\StrideNodeBootstrapperTests.cs(3,7,3,15): error CS0246: The type or namespace name 'CarKinem' could not be found (are you missing a using directive or an assembly reference?)
109>D:\Work\IOS-IG-SimHost-FDP-2\Hrot\Subsystems\Hrot.StrideMock\Hrot.StrideMock.Tests\StrideNodeBootstrapperTests.cs(4,7,4,10): error CS0246: The type or namespace name 'Fdp' could not be found (are you missing a using directive or an assembly reference?)
109>D:\Work\IOS-IG-SimHost-FDP-2\Hrot\Subsystems\Hrot.StrideMock\Hrot.StrideMock.Tests\StrideNodeBootstrapperTests.cs(5,7,5,10): error CS0246: The type or namespace name 'Fdp' could not be found (are you missing a using directive or an assembly reference?)
109>D:\Work\IOS-IG-SimHost-FDP-2\Hrot\Subsystems\Hrot.StrideMock\Hrot.StrideMock.Tests\StrideNodeBootstrapperTests.cs(6,7,6,10): error CS0246: The type or namespace name 'Fdp' could not be found (are you missing a using directive or an assembly reference?)
109>D:\Work\IOS-IG-SimHost-FDP-2\Hrot\Subsystems\Hrot.StrideMock\Hrot.StrideMock.Tests\StrideNodeBootstrapperTests.cs(7,7,7,10): error CS0246: The type or namespace name 'Fdp' could not be found (are you missing a using directive or an assembly reference?)
109>D:\Work\IOS-IG-SimHost-FDP-2\Hrot\Subsystems\Hrot.StrideMock\Hrot.StrideMock.Tests\StrideNodeBootstrapperTests.cs(8,7,8,10): error CS0246: The type or namespace name 'Fdp' could not be found (are you missing a using directive or an assembly reference?)
109>D:\Work\IOS-IG-SimHost-FDP-2\Hrot\Subsystems\Hrot.StrideMock\Hrot.StrideMock.Tests\StrideNodeBootstrapperTests.cs(9,7,9,10): error CS0246: The type or namespace name 'Fdp' could not be found (are you missing a using directive or an assembly reference?)
109>D:\Work\IOS-IG-SimHost-FDP-2\Hrot\Subsystems\Hrot.StrideMock\Hrot.StrideMock.Tests\StrideNodeBootstrapperTests.cs(10,12,10,18): error CS0234: The type or namespace name 'Common' does not exist in the namespace 'Hrot' (are you missing an assembly reference?)
109>D:\Work\IOS-IG-SimHost-FDP-2\Hrot\Subsystems\Hrot.StrideMock\Hrot.StrideMock.Tests\StrideNodeBootstrapperTests.cs(11,12,11,16): error CS0234: The type or namespace name 'Core' does not exist in the namespace 'Hrot' (are you missing an assembly reference?)
109>D:\Work\IOS-IG-SimHost-FDP-2\Hrot\Subsystems\Hrot.StrideMock\Hrot.StrideMock.Tests\StrideNodeBootstrapperTests.cs(12,12,12,14): error CS0234: The type or namespace name 'IG' does not exist in the namespace 'Hrot' (are you missing an assembly reference?)
109>D:\Work\IOS-IG-SimHost-FDP-2\Hrot\Subsystems\Hrot.StrideMock\Hrot.StrideMock.Tests\StrideNodeBootstrapperTests.cs(13,12,13,14): error CS0234: The type or namespace name 'IG' does not exist in the namespace 'Hrot' (are you missing an assembly reference?)
109>D:\Work\IOS-IG-SimHost-FDP-2\Hrot\Subsystems\Hrot.StrideMock\Hrot.StrideMock.Tests\SyncFdpToStrideScriptTests.cs(5,7,5,10): error CS0246: The type or namespace name 'Fdp' could not be found (are you missing a using directive or an assembly reference?)
109>D:\Work\IOS-IG-SimHost-FDP-2\Hrot\Subsystems\Hrot.StrideMock\Hrot.StrideMock.Tests\SyncFdpToStrideScriptTests.cs(6,7,6,10): error CS0246: The type or namespace name 'Fdp' could not be found (are you missing a using directive or an assembly reference?)
109>D:\Work\IOS-IG-SimHost-FDP-2\Hrot\Subsystems\Hrot.StrideMock\Hrot.StrideMock.Tests\SyncFdpToStrideScriptTests.cs(7,12,7,18): error CS0234: The type or namespace name 'Common' does not exist in the namespace 'Hrot' (are you missing an assembly reference?)
109>D:\Work\IOS-IG-SimHost-FDP-2\Hrot\Subsystems\Hrot.StrideMock\Hrot.StrideMock.Tests\SyncFdpToStrideScriptTests.cs(8,12,8,14): error CS0234: The type or namespace name 'IG' does not exist in the namespace 'Hrot' (are you missing an assembly reference?)
109>D:\Work\IOS-IG-SimHost-FDP-2\Hrot\Subsystems\Hrot.StrideMock\Hrot.StrideMock.Tests\SharedApplicationBootstrapperTests.cs(199,20,199,34): error CS0246: The type or namespace name 'HrotNodeConfig' could not be found (are you missing a using directive or an assembly reference?)
109>D:\Work\IOS-IG-SimHost-FDP-2\Hrot\Subsystems\Hrot.StrideMock\Hrot.StrideMock.Tests\StrideNodeBootstrapperTests.cs(26,20,26,34): error CS0246: The type or namespace name 'HrotNodeConfig' could not be found (are you missing a using directive or an assembly reference?)
109>D:\Work\IOS-IG-SimHost-FDP-2\Hrot\Subsystems\Hrot.StrideMock\Hrot.StrideMock.Tests\SyncFdpToStrideScriptTests.cs(21,20,21,34): error CS0246: The type or namespace name 'HrotNodeConfig' could not be found (are you missing a using directive or an assembly reference?)
109>D:\Work\IOS-IG-SimHost-FDP-2\Hrot\Subsystems\Hrot.StrideMock\Hrot.StrideMock.Tests\StrideMockSubsystemTests.cs(18,20,18,35): error CS0246: The type or namespace name 'SubsystemConfig' could not be found (are you missing a using directive or an assembly reference?)
109>D:\Work\IOS-IG-SimHost-FDP-2\Hrot\Subsystems\Hrot.StrideMock\Hrot.StrideMock.Tests\StrideNodeBootstrapperTests.cs(35,20,35,42): error CS0246: The type or namespace name 'StrideNodeBootstrapper' could not be found (are you missing a using directive or an assembly reference?)
109>D:\Work\IOS-IG-SimHost-FDP-2\Hrot\Subsystems\Hrot.StrideMock\Hrot.StrideMock.Tests\SharedApplicationBootstrapperTests.cs(211,55,211,71): error CS0246: The type or namespace name 'ModuleHostKernel' could not be found (are you missing a using directive or an assembly reference?)
109>D:\Work\IOS-IG-SimHost-FDP-2\Hrot\Subsystems\Hrot.StrideMock\Hrot.StrideMock.Tests\SharedApplicationBootstrapperTests.cs(211,20,211,35): error CS0246: The type or namespace name 'ITimeController' could not be found (are you missing a using directive or an assembly reference?)
109>D:\Work\IOS-IG-SimHost-FDP-2\Hrot\Subsystems\Hrot.StrideMock\Hrot.StrideMock.Tests\SyncFdpToStrideScriptTests.cs(30,21,30,43): error CS0246: The type or namespace name 'StrideNodeBootstrapper' could not be found (are you missing a using directive or an assembly reference?)
109>D:\Work\IOS-IG-SimHost-FDP-2\Hrot\Subsystems\Hrot.StrideMock\Hrot.StrideMock.Tests\SyncFdpToStrideScriptTests.cs(30,58,30,79): error CS0246: The type or namespace name 'SyncFdpToStrideScript' could not be found (are you missing a using directive or an assembly reference?)
109>D:\Work\IOS-IG-SimHost-FDP-2\Hrot\Subsystems\Hrot.StrideMock\Hrot.StrideMock.Tests\StrideMockSubsystemTests.cs(27,22,27,41): error CS0246: The type or namespace name 'StrideMockSubsystem' could not be found (are you missing a using directive or an assembly reference?)
109>D:\Work\IOS-IG-SimHost-FDP-2\Hrot\Subsystems\Hrot.StrideMock\Hrot.StrideMock.Tests\SharedApplicationBootstrapperTests.cs(48,42,48,58): error CS0246: The type or namespace name 'IEcsModuleSystem' could not be found (are you missing a using directive or an assembly reference?)
109>D:\Work\IOS-IG-SimHost-FDP-2\Hrot\Subsystems\Hrot.StrideMock\Hrot.StrideMock.Tests\SyncFdpToStrideScriptTests.cs(46,41,46,63): error CS0246: The type or namespace name 'StrideNodeBootstrapper' could not be found (are you missing a using directive or an assembly reference?)
109>D:\Work\IOS-IG-SimHost-FDP-2\Hrot\Subsystems\Hrot.StrideMock\Hrot.StrideMock.Tests\SyncFdpToStrideScriptTests.cs(46,78,46,90): error CS0246: The type or namespace name 'ClusterState' could not be found (are you missing a using directive or an assembly reference?)
109>D:\Work\IOS-IG-SimHost-FDP-2\Hrot\Subsystems\Hrot.StrideMock\Hrot.StrideMock.Tests\SharedApplicationBootstrapperTests.cs(50,29,50,44): error CS0246: The type or namespace name 'ISimulationView' could not be found (are you missing a using directive or an assembly reference?)
109>D:\Work\IOS-IG-SimHost-FDP-2\Hrot\Subsystems\Hrot.StrideMock\Hrot.StrideMock.Tests\SharedApplicationBootstrapperTests.cs(57,45,57,74): error CS0246: The type or namespace name 'SharedApplicationBootstrapper' could not be found (are you missing a using directive or an assembly reference?)
109>D:\Work\IOS-IG-SimHost-FDP-2\Hrot\Subsystems\Hrot.StrideMock\Hrot.StrideMock.Tests\SyncFdpToStrideScriptTests.cs(62,52,62,68): error CS0246: The type or namespace name 'EntityRepository' could not be found (are you missing a using directive or an assembly reference?)
109>D:\Work\IOS-IG-SimHost-FDP-2\Hrot\Subsystems\Hrot.StrideMock\Hrot.StrideMock.Tests\SyncFdpToStrideScriptTests.cs(62,20,62,26): error CS0246: The type or namespace name 'Entity' could not be found (are you missing a using directive or an assembly reference?)
109>D:\Work\IOS-IG-SimHost-FDP-2\Hrot\Subsystems\Hrot.StrideMock\Hrot.StrideMock.Tests\SharedApplicationBootstrapperTests.cs(60,16,60,40): error CS0246: The type or namespace name 'TogglableSimulationGroup' could not be found (are you missing a using directive or an assembly reference?)
109>D:\Work\IOS-IG-SimHost-FDP-2\Hrot\Subsystems\Hrot.StrideMock\Hrot.StrideMock.Tests\SharedApplicationBootstrapperTests.cs(61,16,61,44): error CS0246: The type or namespace name 'TogglablePostSimulationGroup' could not be found (are you missing a using directive or an assembly reference?)
109>D:\Work\IOS-IG-SimHost-FDP-2\Hrot\Subsystems\Hrot.StrideMock\Hrot.StrideMock.Tests\SharedApplicationBootstrapperTests.cs(62,16,62,43): error CS0246: The type or namespace name 'NetworkLifecycleSystemGroup' could not be found (are you missing a using directive or an assembly reference?)
109>D:\Work\IOS-IG-SimHost-FDP-2\Hrot\Subsystems\Hrot.StrideMock\Hrot.StrideMock.Tests\SharedApplicationBootstrapperTests.cs(64,33,64,48): error CS0246: The type or namespace name 'INetworkFactory' could not be found (are you missing a using directive or an assembly reference?)
109>D:\Work\IOS-IG-SimHost-FDP-2\Hrot\Subsystems\Hrot.StrideMock\Hrot.StrideMock.Tests\SharedApplicationBootstrapperTests.cs(66,58,66,74): error CS0246: The type or namespace name 'EntityRepository' could not be found (are you missing a using directive or an assembly reference?)
109>D:\Work\IOS-IG-SimHost-FDP-2\Hrot\Subsystems\Hrot.StrideMock\Hrot.StrideMock.Tests\SharedApplicationBootstrapperTests.cs(72,57,72,71): error CS0246: The type or namespace name 'HrotNodeConfig' could not be found (are you missing a using directive or an assembly reference?)
109>D:\Work\IOS-IG-SimHost-FDP-2\Hrot\Subsystems\Hrot.StrideMock\Hrot.StrideMock.Tests\SharedApplicationBootstrapperTests.cs(72,80,72,88): error CS0246: The type or namespace name 'NodeRole' could not be found (are you missing a using directive or an assembly reference?)
109>D:\Work\IOS-IG-SimHost-FDP-2\Hrot\Subsystems\Hrot.StrideMock\Hrot.StrideMock.Tests\SharedApplicationBootstrapperTests.cs(72,95,72,110): error CS0246: The type or namespace name 'INetworkFactory' could not be found (are you missing a using directive or an assembly reference?)
109>D:\Work\IOS-IG-SimHost-FDP-2\Hrot\Subsystems\Hrot.StrideMock\Hrot.StrideMock.Tests\SharedApplicationBootstrapperTests.cs(72,28,72,43): error CS0246: The type or namespace name 'HrotNodeContext' could not be found (are you missing a using directive or an assembly reference?)
109>D:\Work\IOS-IG-SimHost-FDP-2\Hrot\Subsystems\Hrot.StrideMock\Hrot.StrideMock.Tests\SharedApplicationBootstrapperTests.cs(82,63,82,79): error CS0246: The type or namespace name 'BehaviorRegistry' could not be found (are you missing a using directive or an assembly reference?)
109>D:\Work\IOS-IG-SimHost-FDP-2\Hrot\Subsystems\Hrot.StrideMock\Hrot.StrideMock.Tests\SharedApplicationBootstrapperTests.cs(82,28,82,46): error CS0246: The type or namespace name 'ScenarioSerializer' could not be found (are you missing a using directive or an assembly reference?)
109>D:\Work\IOS-IG-SimHost-FDP-2\Hrot\Subsystems\Hrot.StrideMock\Hrot.StrideMock.Tests\SharedApplicationBootstrapperTests.cs(89,13,89,28): error CS0246: The type or namespace name 'HrotNodeContext' could not be found (are you missing a using directive or an assembly reference?)
109>D:\Work\IOS-IG-SimHost-FDP-2\Hrot\Subsystems\Hrot.StrideMock\Hrot.StrideMock.Tests\SharedApplicationBootstrapperTests.cs(90,18,90,34): error CS0246: The type or namespace name 'IEcsModuleSystem' could not be found (are you missing a using directive or an assembly reference?)
109>D:\Work\IOS-IG-SimHost-FDP-2\Hrot\Subsystems\Hrot.StrideMock\Hrot.StrideMock.Tests\SharedApplicationBootstrapperTests.cs(91,18,91,34): error CS0246: The type or namespace name 'IEcsModuleSystem' could not be found (are you missing a using directive or an assembly reference?)
109>D:\Work\IOS-IG-SimHost-FDP-2\Hrot\Subsystems\Hrot.StrideMock\Hrot.StrideMock.Tests\SharedApplicationBootstrapperTests.cs(92,18,92,34): error CS0246: The type or namespace name 'IEcsModuleSystem' could not be found (are you missing a using directive or an assembly reference?)
109>D:\Work\IOS-IG-SimHost-FDP-2\Hrot\Subsystems\Hrot.StrideMock\Hrot.StrideMock.Tests\SharedApplicationBootstrapperTests.cs(99,13,99,28): error CS0246: The type or namespace name 'HrotNodeContext' could not be found (are you missing a using directive or an assembly reference?)
109>D:\Work\IOS-IG-SimHost-FDP-2\Hrot\Subsystems\Hrot.StrideMock\Hrot.StrideMock.Tests\SharedApplicationBootstrapperTests.cs(100,13,100,37): error CS0246: The type or namespace name 'TogglableSimulationGroup' could not be found (are you missing a using directive or an assembly reference?)
109>D:\Work\IOS-IG-SimHost-FDP-2\Hrot\Subsystems\Hrot.StrideMock\Hrot.StrideMock.Tests\SharedApplicationBootstrapperTests.cs(101,13,101,41): error CS0246: The type or namespace name 'TogglablePostSimulationGroup' could not be found (are you missing a using directive or an assembly reference?)
109>D:\Work\IOS-IG-SimHost-FDP-2\Hrot\Subsystems\Hrot.StrideMock\Hrot.StrideMock.Tests\SharedApplicationBootstrapperTests.cs(102,13,102,31): error CS0246: The type or namespace name 'ScenarioSerializer' could not be found (are you missing a using directive or an assembly reference?)
109>D:\Work\IOS-IG-SimHost-FDP-2\Hrot\Subsystems\Hrot.StrideMock\Hrot.StrideMock.Tests\SharedApplicationBootstrapperTests.cs(98,28,98,40): error CS0246: The type or namespace name 'ClusterSlave' could not be found (are you missing a using directive or an assembly reference?)
109>D:\Work\IOS-IG-SimHost-FDP-2\Hrot\Subsystems\Hrot.StrideMock\Hrot.StrideMock.Tests\SharedApplicationBootstrapperTests.cs(113,58,113,73): error CS0246: The type or namespace name 'HrotNodeContext' could not be found (are you missing a using directive or an assembly reference?)
109>D:\Work\IOS-IG-SimHost-FDP-2\Hrot\Subsystems\Hrot.StrideMock\Hrot.StrideMock.Tests\SharedApplicationBootstrapperTests.cs(116,60,116,75): error CS0246: The type or namespace name 'HrotNodeContext' could not be found (are you missing a using directive or an assembly reference?)
109>D:\Work\IOS-IG-SimHost-FDP-2\Hrot\Subsystems\Hrot.StrideMock\Hrot.StrideMock.Tests\SharedApplicationBootstrapperTests.cs(116,81,116,96): error CS0246: The type or namespace name 'INetworkFactory' could not be found (are you missing a using directive or an assembly reference?)
109>D:\Work\IOS-IG-SimHost-FDP-2\Hrot\Subsystems\Hrot.StrideMock\Hrot.StrideMock.Tests\SharedApplicationBootstrapperTests.cs(125,43,125,58): error CS0246: The type or namespace name 'INetworkFactory' could not be found (are you missing a using directive or an assembly reference?)
109>D:\Work\IOS-IG-SimHost-FDP-2\Hrot\Subsystems\Hrot.StrideMock\Hrot.StrideMock.Tests\SharedApplicationBootstrapperTests.cs(127,31,127,37): error CS0234: The type or namespace name 'Editor' does not exist in the namespace 'Hrot' (are you missing an assembly reference?)
109>D:\Work\IOS-IG-SimHost-FDP-2\Hrot\Subsystems\Hrot.StrideMock\Hrot.StrideMock.Tests\SharedApplicationBootstrapperTests.cs(137,94,137,102): error CS0246: The type or namespace name 'NodeRole' could not be found (are you missing a using directive or an assembly reference?)
109>D:\Work\IOS-IG-SimHost-FDP-2\Hrot\Subsystems\Hrot.StrideMock\Hrot.StrideMock.Tests\SharedApplicationBootstrapperTests.cs(137,16,137,31): error CS0246: The type or namespace name 'INetworkFactory' could not be found (are you missing a using directive or an assembly reference?)
109>D:\Work\IOS-IG-SimHost-FDP-2\Hrot\Subsystems\Hrot.StrideMock\Hrot.StrideMock.Tests\SharedApplicationBootstrapperTests.cs(138,49,138,64): error CS0246: The type or namespace name 'HrotNodeContext' could not be found (are you missing a using directive or an assembly reference?)
109>D:\Work\IOS-IG-SimHost-FDP-2\Hrot\Subsystems\Hrot.StrideMock\Hrot.StrideMock.Tests\SharedApplicationBootstrapperTests.cs(138,68,138,76): error CS0246: The type or namespace name 'NodeRole' could not be found (are you missing a using directive or an assembly reference?)
109>D:\Work\IOS-IG-SimHost-FDP-2\Hrot\Subsystems\Hrot.StrideMock\Hrot.StrideMock.Tests\SharedApplicationBootstrapperTests.cs(138,80,138,96): error CS0246: The type or namespace name 'BehaviorRegistry' could not be found (are you missing a using directive or an assembly reference?)
109>D:\Work\IOS-IG-SimHost-FDP-2\Hrot\Subsystems\Hrot.StrideMock\Hrot.StrideMock.Tests\SharedApplicationBootstrapperTests.cs(138,16,138,31): error CS0246: The type or namespace name 'INetworkFactory' could not be found (are you missing a using directive or an assembly reference?)
109>D:\Work\IOS-IG-SimHost-FDP-2\Hrot\Subsystems\Hrot.StrideMock\Hrot.StrideMock.Tests\SharedApplicationBootstrapperTests.cs(140,16,140,34): error CS0246: The type or namespace name 'IReplicationModule' could not be found (are you missing a using directive or an assembly reference?)
109>D:\Work\IOS-IG-SimHost-FDP-2\Hrot\Subsystems\Hrot.StrideMock\Hrot.StrideMock.Tests\SharedApplicationBootstrapperTests.cs(141,16,141,35): error CS0246: The type or namespace name 'ITimeControlGateway' could not be found (are you missing a using directive or an assembly reference?)
109>D:\Work\IOS-IG-SimHost-FDP-2\Hrot\Subsystems\Hrot.StrideMock\Hrot.StrideMock.Tests\SharedApplicationBootstrapperTests.cs(142,16,142,44): error CS0246: The type or namespace name 'ISimHostAuxiliaryTranslators' could not be found (are you missing a using directive or an assembly reference?)
109>D:\Work\IOS-IG-SimHost-FDP-2\Hrot\Subsystems\Hrot.StrideMock\Hrot.StrideMock.Tests\SharedApplicationBootstrapperTests.cs(145,71,145,82): error CS0246: The type or namespace name 'FdpEventBus' could not be found (are you missing a using directive or an assembly reference?)
109>D:\Work\IOS-IG-SimHost-FDP-2\Hrot\Subsystems\Hrot.StrideMock\Hrot.StrideMock.Tests\SharedApplicationBootstrapperTests.cs(147,16,147,35): error CS0246: The type or namespace name 'INetworkIdAllocator' could not be found (are you missing a using directive or an assembly reference?)
109>D:\Work\IOS-IG-SimHost-FDP-2\Hrot\Subsystems\Hrot.StrideMock\Hrot.StrideMock.Tests\SharedApplicationBootstrapperTests.cs(148,67,148,78): error CS0246: The type or namespace name 'FdpEventBus' could not be found (are you missing a using directive or an assembly reference?)
109>D:\Work\IOS-IG-SimHost-FDP-2\Hrot\Subsystems\Hrot.StrideMock\Hrot.StrideMock.Tests\SharedApplicationBootstrapperTests.cs(148,16,148,38): error CS0246: The type or namespace name 'IMasterTimeTranslators' could not be found (are you missing a using directive or an assembly reference?)
109>D:\Work\IOS-IG-SimHost-FDP-2\Hrot\Subsystems\Hrot.StrideMock\Hrot.StrideMock.Tests\SharedApplicationBootstrapperTests.cs(149,81,149,92): error CS0246: The type or namespace name 'FdpEventBus' could not be found (are you missing a using directive or an assembly reference?)
109>D:\Work\IOS-IG-SimHost-FDP-2\Hrot\Subsystems\Hrot.StrideMock\Hrot.StrideMock.Tests\SharedApplicationBootstrapperTests.cs(149,16,149,45): error CS0246: The type or namespace name 'ISlaveOrchestrationTranslator' could not be found (are you missing a using directive or an assembly reference?)
109>D:\Work\IOS-IG-SimHost-FDP-2\Hrot\Subsystems\Hrot.StrideMock\Hrot.StrideMock.Tests\SharedApplicationBootstrapperTests.cs(150,67,150,78): error CS0246: The type or namespace name 'FdpEventBus' could not be found (are you missing a using directive or an assembly reference?)
109>D:\Work\IOS-IG-SimHost-FDP-2\Hrot\Subsystems\Hrot.StrideMock\Hrot.StrideMock.Tests\SharedApplicationBootstrapperTests.cs(150,16,150,38): error CS0246: The type or namespace name 'IOrchestrationObserver' could not be found (are you missing a using directive or an assembly reference?)
109>D:\Work\IOS-IG-SimHost-FDP-2\Hrot\Subsystems\Hrot.StrideMock\Hrot.StrideMock.Tests\SharedApplicationBootstrapperTests.cs(151,16,151,31): error CS0246: The type or namespace name 'ICommandGateway' could not be found (are you missing a using directive or an assembly reference?)
109>D:\Work\IOS-IG-SimHost-FDP-2\Hrot\Subsystems\Hrot.StrideMock\Hrot.StrideMock.Tests\SharedApplicationBootstrapperTests.cs(152,16,152,35): error CS0246: The type or namespace name 'IExConEgressWriters' could not be found (are you missing a using directive or an assembly reference?)
109>D:\Work\IOS-IG-SimHost-FDP-2\Hrot\Subsystems\Hrot.StrideMock\Hrot.StrideMock.Tests\SharedApplicationBootstrapperTests.cs(153,16,153,37): error CS0246: The type or namespace name 'ISimHostMissionSender' could not be found (are you missing a using directive or an assembly reference?)
109>D:\Work\IOS-IG-SimHost-FDP-2\Hrot\Subsystems\Hrot.StrideMock\Hrot.StrideMock.Tests\SharedApplicationBootstrapperTests.cs(154,83,154,91): error CS0246: The type or namespace name 'CarKinem' could not be found (are you missing a using directive or an assembly reference?)
109>D:\Work\IOS-IG-SimHost-FDP-2\Hrot\Subsystems\Hrot.StrideMock\Hrot.StrideMock.Tests\SharedApplicationBootstrapperTests.cs(154,16,154,46): error CS0246: The type or namespace name 'ISimHostPathfindingTranslators' could not be found (are you missing a using directive or an assembly reference?)
109>D:\Work\IOS-IG-SimHost-FDP-2\Hrot\Subsystems\Hrot.StrideMock\Hrot.StrideMock.Tests\SharedApplicationBootstrapperTests.cs(155,81,155,100): error CS0246: The type or namespace name 'GhostCreationSystem' could not be found (are you missing a using directive or an assembly reference?)
109>D:\Work\IOS-IG-SimHost-FDP-2\Hrot\Subsystems\Hrot.StrideMock\Hrot.StrideMock.Tests\SharedApplicationBootstrapperTests.cs(155,16,155,45): error CS0246: The type or namespace name 'ISimHostPerceptionTranslators' could not be found (are you missing a using directive or an assembly reference?)
109>D:\Work\IOS-IG-SimHost-FDP-2\Hrot\Subsystems\Hrot.StrideMock\Hrot.StrideMock.Tests\SharedApplicationBootstrapperTests.cs(156,30,156,46): error CS0246: The type or namespace name 'IEcsModuleSystem' could not be found (are you missing a using directive or an assembly reference?)
109>D:\Work\IOS-IG-SimHost-FDP-2\Hrot\Subsystems\Hrot.StrideMock\Hrot.StrideMock.Tests\SharedApplicationBootstrapperTests.cs(157,16,157,30): error CS0246: The type or namespace name 'IIgTranslators' could not be found (are you missing a using directive or an assembly reference?)
109>D:\Work\IOS-IG-SimHost-FDP-2\Hrot\Subsystems\Hrot.StrideMock\Hrot.StrideMock.Tests\SharedApplicationBootstrapperTests.cs(158,16,158,33): error CS0246: The type or namespace name 'IIgNetworkAdapter' could not be found (are you missing a using directive or an assembly reference?)
109>D:\Work\IOS-IG-SimHost-FDP-2\Hrot\Subsystems\Hrot.StrideMock\Hrot.StrideMock.Tests\SharedApplicationBootstrapperTests.cs(159,16,159,43): error CS0246: The type or namespace name 'ICgfEntityLifecycleAdapters' could not be found (are you missing a using directive or an assembly reference?)
109>D:\Work\IOS-IG-SimHost-FDP-2\Hrot\Subsystems\Hrot.StrideMock\Hrot.StrideMock.Tests\SharedApplicationBootstrapperTests.cs(161,62,161,70): error CS0246: The type or namespace name 'IDerRepo' could not be found (are you missing a using directive or an assembly reference?)
109>D:\Work\IOS-IG-SimHost-FDP-2\Hrot\Subsystems\Hrot.StrideMock\Hrot.StrideMock.Tests\SharedApplicationBootstrapperTests.cs(162,20,162,36): error CS0246: The type or namespace name 'MapClickEventDto' could not be found (are you missing a using directive or an assembly reference?)
109>D:\Work\IOS-IG-SimHost-FDP-2\Hrot\Subsystems\Hrot.StrideMock\Hrot.StrideMock.Tests\SharedApplicationBootstrapperTests.cs(163,20,163,44): error CS0246: The type or namespace name 'SelectionChangedEventDto' could not be found (are you missing a using directive or an assembly reference?)
109>D:\Work\IOS-IG-SimHost-FDP-2\Hrot\Subsystems\Hrot.StrideMock\Hrot.StrideMock.Tests\SharedApplicationBootstrapperTests.cs(164,20,164,41): error CS0246: The type or namespace name 'EntityLifecycleAckDto' could not be found (are you missing a using directive or an assembly reference?)
109>D:\Work\IOS-IG-SimHost-FDP-2\Hrot\Subsystems\Hrot.StrideMock\Hrot.StrideMock.Tests\SharedApplicationBootstrapperTests.cs(165,20,165,36): error CS0246: The type or namespace name 'MapCommandAckDto' could not be found (are you missing a using directive or an assembly reference?)
109>D:\Work\IOS-IG-SimHost-FDP-2\Hrot\Subsystems\Hrot.StrideMock\Hrot.StrideMock.Tests\SharedApplicationBootstrapperTests.cs(160,28,160,43): error CS0246: The type or namespace name 'IIngressHandler' could not be found (are you missing a using directive or an assembly reference?)
109>D:\Work\IOS-IG-SimHost-FDP-2\Hrot\Subsystems\Hrot.StrideMock\Hrot.StrideMock.Tests\SharedApplicationBootstrapperTests.cs(168,60,168,71): error CS0246: The type or namespace name 'FdpEventBus' could not be found (are you missing a using directive or an assembly reference?)
109>D:\Work\IOS-IG-SimHost-FDP-2\Hrot\Subsystems\Hrot.StrideMock\Hrot.StrideMock.Tests\SharedApplicationBootstrapperTests.cs(169,13,169,16): error CS0246: The type or namespace name 'Fdp' could not be found (are you missing a using directive or an assembly reference?)
109>D:\Work\IOS-IG-SimHost-FDP-2\Hrot\Subsystems\Hrot.StrideMock\Hrot.StrideMock.Tests\SharedApplicationBootstrapperTests.cs(167,30,167,51): error CS0246: The type or namespace name 'IDescriptorTranslator' could not be found (are you missing a using directive or an assembly reference?)
109>D:\Work\IOS-IG-SimHost-FDP-2\Hrot\Subsystems\Hrot.StrideMock\Hrot.StrideMock.Tests\SharedApplicationBootstrapperTests.cs(171,73,171,84): error CS0246: The type or namespace name 'FdpEventBus' could not be found (are you missing a using directive or an assembly reference?)
109>D:\Work\IOS-IG-SimHost-FDP-2\Hrot\Subsystems\Hrot.StrideMock\Hrot.StrideMock.Tests\SharedApplicationBootstrapperTests.cs(171,30,171,48): error CS0246: The type or namespace name 'INetworkTranslator' could not be found (are you missing a using directive or an assembly reference?)
109>D:\Work\IOS-IG-SimHost-FDP-2\Hrot\Subsystems\Hrot.StrideMock\Hrot.StrideMock.Tests\SharedApplicationBootstrapperTests.cs(172,61,172,64): error CS0246: The type or namespace name 'Fdp' could not be found (are you missing a using directive or an assembly reference?)
109>D:\Work\IOS-IG-SimHost-FDP-2\Hrot\Subsystems\Hrot.StrideMock\Hrot.StrideMock.Tests\SharedApplicationBootstrapperTests.cs(172,16,172,32): error CS0246: The type or namespace name 'IEcsModuleSystem' could not be found (are you missing a using directive or an assembly reference?)
109>D:\Work\IOS-IG-SimHost-FDP-2\Hrot\Subsystems\Hrot.StrideMock\Hrot.StrideMock.Tests\SharedApplicationBootstrapperTests.cs(178,53,178,74): error CS0246: The type or namespace name 'INedReplicationModule' could not be found (are you missing a using directive or an assembly reference?)
109>D:\Work\IOS-IG-SimHost-FDP-2\Hrot\Subsystems\Hrot.StrideMock\Hrot.StrideMock.Tests\SharedApplicationBootstrapperTests.cs(181,16,181,35): error CS0246: The type or namespace name 'GhostCreationSystem' could not be found (are you missing a using directive or an assembly reference?)
109>D:\Work\IOS-IG-SimHost-FDP-2\Hrot\Subsystems\Hrot.StrideMock\Hrot.StrideMock.Tests\SharedApplicationBootstrapperTests.cs(183,16,183,43): error CS0246: The type or namespace name 'NetworkLifecycleSystemGroup' could not be found (are you missing a using directive or an assembly reference?)
109>D:\Work\IOS-IG-SimHost-FDP-2\Hrot\Subsystems\Hrot.StrideMock\Hrot.StrideMock.Tests\SharedApplicationBootstrapperTests.cs(187,16,187,31): error CS0246: The type or namespace name 'ExecutionPolicy' could not be found (are you missing a using directive or an assembly reference?)
109>D:\Work\IOS-IG-SimHost-FDP-2\Hrot\Subsystems\Hrot.StrideMock\Hrot.StrideMock.Tests\SharedApplicationBootstrapperTests.cs(189,37,189,52): error CS0246: The type or namespace name 'ISystemRegistry' could not be found (are you missing a using directive or an assembly reference?)
109>D:\Work\IOS-IG-SimHost-FDP-2\Hrot\Subsystems\Hrot.StrideMock\Hrot.StrideMock.Tests\SharedApplicationBootstrapperTests.cs(195,26,195,41): error CS0246: The type or namespace name 'ISimulationView' could not be found (are you missing a using directive or an assembly reference?)
109>D:\Work\IOS-IG-SimHost-FDP-2\Hrot\Subsystems\Hrot.StrideMock\Hrot.StrideMock.Tests\SharedApplicationBootstrapperTests.cs(44,6,44,9): error CS0246: The type or namespace name 'Fdp' could not be found (are you missing a using directive or an assembly reference?)
109>Done building project "Hrot.StrideMock.Tests.csproj" -- FAILED.
107>D:\Work\IOS-IG-SimHost-FDP-2\Hrot\Subsystems\Blueprints\Hrot.Blueprints.Tests\AssetJsonRoundTripTests.cs(1,23,1,27): error CS0234: The type or namespace name 'Core' does not exist in the namespace 'Hrot.Blueprints' (are you missing an assembly reference?)
107>D:\Work\IOS-IG-SimHost-FDP-2\Hrot\Subsystems\Blueprints\Hrot.Blueprints.Tests\AssetJsonRoundTripTests.cs(2,23,2,27): error CS0234: The type or namespace name 'Core' does not exist in the namespace 'Hrot.Blueprints' (are you missing an assembly reference?)
107>D:\Work\IOS-IG-SimHost-FDP-2\Hrot\Subsystems\Blueprints\Hrot.Blueprints.Tests\Benchmarks\ProbeOverheadBenchmarks.cs(3,7,3,10): error CS0246: The type or namespace name 'Fdp' could not be found (are you missing a using directive or an assembly reference?)
107>D:\Work\IOS-IG-SimHost-FDP-2\Hrot\Subsystems\Blueprints\Hrot.Blueprints.Tests\Benchmarks\ProbeOverheadBenchmarks.cs(4,7,4,10): error CS0246: The type or namespace name 'Fdp' could not be found (are you missing a using directive or an assembly reference?)
107>D:\Work\IOS-IG-SimHost-FDP-2\Hrot\Subsystems\Blueprints\Hrot.Blueprints.Tests\Benchmarks\ProbeOverheadBenchmarks.cs(5,7,5,10): error CS0246: The type or namespace name 'Fdp' could not be found (are you missing a using directive or an assembly reference?)
107>D:\Work\IOS-IG-SimHost-FDP-2\Hrot\Subsystems\Blueprints\Hrot.Blueprints.Tests\Benchmarks\ProbeOverheadBenchmarks.cs(6,7,6,10): error CS0246: The type or namespace name 'Fdp' could not be found (are you missing a using directive or an assembly reference?)
107>D:\Work\IOS-IG-SimHost-FDP-2\Hrot\Subsystems\Blueprints\Hrot.Blueprints.Tests\Benchmarks\ProbeOverheadBenchmarks.cs(7,23,7,27): error CS0234: The type or namespace name 'Core' does not exist in the namespace 'Hrot.Blueprints' (are you missing an assembly reference?)
107>D:\Work\IOS-IG-SimHost-FDP-2\Hrot\Subsystems\Blueprints\Hrot.Blueprints.Tests\Benchmarks\ProbeOverheadTests.cs(2,7,2,10): error CS0246: The type or namespace name 'Fdp' could not be found (are you missing a using directive or an assembly reference?)
107>D:\Work\IOS-IG-SimHost-FDP-2\Hrot\Subsystems\Blueprints\Hrot.Blueprints.Tests\Benchmarks\ProbeOverheadTests.cs(3,23,3,27): error CS0234: The type or namespace name 'Core' does not exist in the namespace 'Hrot.Blueprints' (are you missing an assembly reference?)
107>D:\Work\IOS-IG-SimHost-FDP-2\Hrot\Subsystems\Blueprints\Hrot.Blueprints.Tests\Benchmarks\WhenNodePerfTests.cs(15,43,15,47): error CS0234: The type or namespace name 'Core' does not exist in the namespace 'Hrot.Blueprints' (are you missing an assembly reference?)
107>D:\Work\IOS-IG-SimHost-FDP-2\Hrot\Subsystems\Blueprints\Hrot.Blueprints.Tests\Benchmarks\WhenNodePerfTests.cs(4,7,4,10): error CS0246: The type or namespace name 'Fdp' could not be found (are you missing a using directive or an assembly reference?)
107>D:\Work\IOS-IG-SimHost-FDP-2\Hrot\Subsystems\Blueprints\Hrot.Blueprints.Tests\Benchmarks\WhenNodePerfTests.cs(5,7,5,10): error CS0246: The type or namespace name 'Fdp' could not be found (are you missing a using directive or an assembly reference?)
107>D:\Work\IOS-IG-SimHost-FDP-2\Hrot\Subsystems\Blueprints\Hrot.Blueprints.Tests\Benchmarks\WhenNodePerfTests.cs(6,7,6,10): error CS0246: The type or namespace name 'Fdp' could not be found (are you missing a using directive or an assembly reference?)
107>D:\Work\IOS-IG-SimHost-FDP-2\Hrot\Subsystems\Blueprints\Hrot.Blueprints.Tests\Benchmarks\WhenNodePerfTests.cs(7,7,7,10): error CS0246: The type or namespace name 'Fdp' could not be found (are you missing a using directive or an assembly reference?)
107>D:\Work\IOS-IG-SimHost-FDP-2\Hrot\Subsystems\Blueprints\Hrot.Blueprints.Tests\Benchmarks\WhenNodePerfTests.cs(8,7,8,10): error CS0246: The type or namespace name 'Fdp' could not be found (are you missing a using directive or an assembly reference?)
107>D:\Work\IOS-IG-SimHost-FDP-2\Hrot\Subsystems\Blueprints\Hrot.Blueprints.Tests\Benchmarks\WhenNodePerfTests.cs(9,7,9,10): error CS0246: The type or namespace name 'FDP' could not be found (are you missing a using directive or an assembly reference?)
107>D:\Work\IOS-IG-SimHost-FDP-2\Hrot\Subsystems\Blueprints\Hrot.Blueprints.Tests\Benchmarks\WhenNodePerfTests.cs(10,23,10,27): error CS0234: The type or namespace name 'Core' does not exist in the namespace 'Hrot.Blueprints' (are you missing an assembly reference?)
107>D:\Work\IOS-IG-SimHost-FDP-2\Hrot\Subsystems\Blueprints\Hrot.Blueprints.Tests\Benchmarks\WhenNodePerfTests.cs(11,23,11,27): error CS0234: The type or namespace name 'Core' does not exist in the namespace 'Hrot.Blueprints' (are you missing an assembly reference?)
107>D:\Work\IOS-IG-SimHost-FDP-2\Hrot\Subsystems\Blueprints\Hrot.Blueprints.Tests\Benchmarks\WhenNodePerfTests.cs(12,23,12,27): error CS0234: The type or namespace name 'Core' does not exist in the namespace 'Hrot.Blueprints' (are you missing an assembly reference?)
107>D:\Work\IOS-IG-SimHost-FDP-2\Hrot\Subsystems\Blueprints\Hrot.Blueprints.Tests\BlueprintTestFixture.cs(30,48,30,52): error CS0234: The type or namespace name 'Core' does not exist in the namespace 'Hrot.Blueprints' (are you missing an assembly reference?)
107>D:\Work\IOS-IG-SimHost-FDP-2\Hrot\Subsystems\Blueprints\Hrot.Blueprints.Tests\BlueprintTestFixture.cs(29,43,29,47): error CS0234: The type or namespace name 'Core' does not exist in the namespace 'Hrot.Blueprints' (are you missing an assembly reference?)
107>D:\Work\IOS-IG-SimHost-FDP-2\Hrot\Subsystems\Blueprints\Hrot.Blueprints.Tests\BlueprintTestFixture.cs(8,7,8,10): error CS0246: The type or namespace name 'Fdp' could not be found (are you missing a using directive or an assembly reference?)
107>D:\Work\IOS-IG-SimHost-FDP-2\Hrot\Subsystems\Blueprints\Hrot.Blueprints.Tests\BlueprintTestFixture.cs(9,7,9,10): error CS0246: The type or namespace name 'Fdp' could not be found (are you missing a using directive or an assembly reference?)
107>D:\Work\IOS-IG-SimHost-FDP-2\Hrot\Subsystems\Blueprints\Hrot.Blueprints.Tests\BlueprintTestFixture.cs(10,7,10,10): error CS0246: The type or namespace name 'Fdp' could not be found (are you missing a using directive or an assembly reference?)
107>D:\Work\IOS-IG-SimHost-FDP-2\Hrot\Subsystems\Blueprints\Hrot.Blueprints.Tests\BlueprintTestFixture.cs(11,7,11,10): error CS0246: The type or namespace name 'Fdp' could not be found (are you missing a using directive or an assembly reference?)
107>D:\Work\IOS-IG-SimHost-FDP-2\Hrot\Subsystems\Blueprints\Hrot.Blueprints.Tests\BlueprintTestFixture.cs(12,7,12,10): error CS0246: The type or namespace name 'Fdp' could not be found (are you missing a using directive or an assembly reference?)
107>D:\Work\IOS-IG-SimHost-FDP-2\Hrot\Subsystems\Blueprints\Hrot.Blueprints.Tests\BlueprintTestFixture.cs(13,7,13,10): error CS0246: The type or namespace name 'Fdp' could not be found (are you missing a using directive or an assembly reference?)
107>D:\Work\IOS-IG-SimHost-FDP-2\Hrot\Subsystems\Blueprints\Hrot.Blueprints.Tests\BlueprintTestFixture.cs(14,7,14,10): error CS0246: The type or namespace name 'Fdp' could not be found (are you missing a using directive or an assembly reference?)
107>D:\Work\IOS-IG-SimHost-FDP-2\Hrot\Subsystems\Blueprints\Hrot.Blueprints.Tests\BlueprintTestFixture.cs(15,7,15,10): error CS0246: The type or namespace name 'Fdp' could not be found (are you missing a using directive or an assembly reference?)
107>D:\Work\IOS-IG-SimHost-FDP-2\Hrot\Subsystems\Blueprints\Hrot.Blueprints.Tests\BlueprintTestFixture.cs(16,7,16,11): error CS0246: The type or namespace name 'Fhsm' could not be found (are you missing a using directive or an assembly reference?)
107>D:\Work\IOS-IG-SimHost-FDP-2\Hrot\Subsystems\Blueprints\Hrot.Blueprints.Tests\BlueprintTestFixture.cs(17,7,17,10): error CS0246: The type or namespace name 'Fdp' could not be found (are you missing a using directive or an assembly reference?)
107>D:\Work\IOS-IG-SimHost-FDP-2\Hrot\Subsystems\Blueprints\Hrot.Blueprints.Tests\BlueprintTestFixture.cs(18,7,18,10): error CS0246: The type or namespace name 'Fdp' could not be found (are you missing a using directive or an assembly reference?)
107>D:\Work\IOS-IG-SimHost-FDP-2\Hrot\Subsystems\Blueprints\Hrot.Blueprints.Tests\BlueprintTestFixture.cs(19,7,19,10): error CS0246: The type or namespace name 'Fdp' could not be found (are you missing a using directive or an assembly reference?)
107>D:\Work\IOS-IG-SimHost-FDP-2\Hrot\Subsystems\Blueprints\Hrot.Blueprints.Tests\BlueprintTestFixture.cs(20,23,20,27): error CS0234: The type or namespace name 'Core' does not exist in the namespace 'Hrot.Blueprints' (are you missing an assembly reference?)
107>D:\Work\IOS-IG-SimHost-FDP-2\Hrot\Subsystems\Blueprints\Hrot.Blueprints.Tests\BlueprintTestFixture.cs(21,23,21,27): error CS0234: The type or namespace name 'Core' does not exist in the namespace 'Hrot.Blueprints' (are you missing an assembly reference?)
107>D:\Work\IOS-IG-SimHost-FDP-2\Hrot\Subsystems\Blueprints\Hrot.Blueprints.Tests\BlueprintTestFixture.cs(22,23,22,27): error CS0234: The type or namespace name 'Core' does not exist in the namespace 'Hrot.Blueprints' (are you missing an assembly reference?)
107>D:\Work\IOS-IG-SimHost-FDP-2\Hrot\Subsystems\Blueprints\Hrot.Blueprints.Tests\BlueprintTestFixture.cs(23,23,23,27): error CS0234: The type or namespace name 'Core' does not exist in the namespace 'Hrot.Blueprints' (are you missing an assembly reference?)
107>D:\Work\IOS-IG-SimHost-FDP-2\Hrot\Subsystems\Blueprints\Hrot.Blueprints.Tests\BlueprintTestFixture.cs(24,23,24,27): error CS0234: The type or namespace name 'Core' does not exist in the namespace 'Hrot.Blueprints' (are you missing an assembly reference?)
107>D:\Work\IOS-IG-SimHost-FDP-2\Hrot\Subsystems\Blueprints\Hrot.Blueprints.Tests\BlueprintTestFixture.cs(25,23,25,27): error CS0234: The type or namespace name 'Core' does not exist in the namespace 'Hrot.Blueprints' (are you missing an assembly reference?)
107>D:\Work\IOS-IG-SimHost-FDP-2\Hrot\Subsystems\Blueprints\Hrot.Blueprints.Tests\BlueprintTestFixture.cs(26,23,26,27): error CS0234: The type or namespace name 'Core' does not exist in the namespace 'Hrot.Blueprints' (are you missing an assembly reference?)
107>D:\Work\IOS-IG-SimHost-FDP-2\Hrot\Subsystems\Blueprints\Hrot.Blueprints.Tests\BlueprintTestFixtureTests.cs(8,34,8,37): error CS0246: The type or namespace name 'Fdp' could not be found (are you missing a using directive or an assembly reference?)
107>D:\Work\IOS-IG-SimHost-FDP-2\Hrot\Subsystems\Blueprints\Hrot.Blueprints.Tests\BlueprintTestFixtureTests.cs(1,7,1,10): error CS0246: The type or namespace name 'Fdp' could not be found (are you missing a using directive or an assembly reference?)
107>D:\Work\IOS-IG-SimHost-FDP-2\Hrot\Subsystems\Blueprints\Hrot.Blueprints.Tests\BlueprintTestFixtureTests.cs(2,7,2,10): error CS0246: The type or namespace name 'Fdp' could not be found (are you missing a using directive or an assembly reference?)
107>D:\Work\IOS-IG-SimHost-FDP-2\Hrot\Subsystems\Blueprints\Hrot.Blueprints.Tests\BlueprintTestFixtureTests.cs(3,7,3,10): error CS0246: The type or namespace name 'Fdp' could not be found (are you missing a using directive or an assembly reference?)
107>D:\Work\IOS-IG-SimHost-FDP-2\Hrot\Subsystems\Blueprints\Hrot.Blueprints.Tests\BlueprintTestFixtureTests.cs(4,23,4,27): error CS0234: The type or namespace name 'Core' does not exist in the namespace 'Hrot.Blueprints' (are you missing an assembly reference?)
107>D:\Work\IOS-IG-SimHost-FDP-2\Hrot\Subsystems\Blueprints\Hrot.Blueprints.Tests\BlueprintTestFixtureTests.cs(5,23,5,27): error CS0234: The type or namespace name 'Core' does not exist in the namespace 'Hrot.Blueprints' (are you missing an assembly reference?)
107>D:\Work\IOS-IG-SimHost-FDP-2\Hrot\Subsystems\Blueprints\Hrot.Blueprints.Tests\Builders\BlueprintAssetBuilder.cs(3,23,3,27): error CS0234: The type or namespace name 'Core' does not exist in the namespace 'Hrot.Blueprints' (are you missing an assembly reference?)
107>D:\Work\IOS-IG-SimHost-FDP-2\Hrot\Subsystems\Blueprints\Hrot.Blueprints.Tests\Builders\BlueprintAssetBuilderTests.cs(1,23,1,27): error CS0234: The type or namespace name 'Core' does not exist in the namespace 'Hrot.Blueprints' (are you missing an assembly reference?)
107>D:\Work\IOS-IG-SimHost-FDP-2\Hrot\Subsystems\Blueprints\Hrot.Blueprints.Tests\Builders\BlueprintAssetBuilderTests.cs(2,23,2,27): error CS0234: The type or namespace name 'Core' does not exist in the namespace 'Hrot.Blueprints' (are you missing an assembly reference?)
107>D:\Work\IOS-IG-SimHost-FDP-2\Hrot\Subsystems\Blueprints\Hrot.Blueprints.Tests\CapturingDebugSession.cs(1,7,1,10): error CS0246: The type or namespace name 'Fdp' could not be found (are you missing a using directive or an assembly reference?)
107>D:\Work\IOS-IG-SimHost-FDP-2\Hrot\Subsystems\Blueprints\Hrot.Blueprints.Tests\CapturingDebugSession.cs(2,23,2,27): error CS0234: The type or namespace name 'Core' does not exist in the namespace 'Hrot.Blueprints' (are you missing an assembly reference?)
107>D:\Work\IOS-IG-SimHost-FDP-2\Hrot\Subsystems\Blueprints\Hrot.Blueprints.Tests\CapturingDebugSession.cs(3,23,3,27): error CS0234: The type or namespace name 'Core' does not exist in the namespace 'Hrot.Blueprints' (are you missing an assembly reference?)
107>D:\Work\IOS-IG-SimHost-FDP-2\Hrot\Subsystems\Blueprints\Hrot.Blueprints.Tests\CapturingDebugSessionTests.cs(1,7,1,10): error CS0246: The type or namespace name 'Fdp' could not be found (are you missing a using directive or an assembly reference?)
107>D:\Work\IOS-IG-SimHost-FDP-2\Hrot\Subsystems\Blueprints\Hrot.Blueprints.Tests\CapturingDebugSessionTests.cs(2,23,2,27): error CS0234: The type or namespace name 'Core' does not exist in the namespace 'Hrot.Blueprints' (are you missing an assembly reference?)
107>D:\Work\IOS-IG-SimHost-FDP-2\Hrot\Subsystems\Blueprints\Hrot.Blueprints.Tests\Comparison\BlueprintComparisonSanitizerTests.cs(7,23,7,29): error CS0234: The type or namespace name 'Editor' does not exist in the namespace 'Hrot.Blueprints' (are you missing an assembly reference?)
107>D:\Work\IOS-IG-SimHost-FDP-2\Hrot\Subsystems\Blueprints\Hrot.Blueprints.Tests\Comparison\BlueprintComparisonSanitizerTests.cs(8,12,8,18): error CS0234: The type or namespace name 'Editor' does not exist in the namespace 'Hrot' (are you missing an assembly reference?)
107>D:\Work\IOS-IG-SimHost-FDP-2\Hrot\Subsystems\Blueprints\Hrot.Blueprints.Tests\Comparison\BlueprintComparisonSanitizerTests.cs(9,12,9,18): error CS0234: The type or namespace name 'Editor' does not exist in the namespace 'Hrot' (are you missing an assembly reference?)
107>D:\Work\IOS-IG-SimHost-FDP-2\Hrot\Subsystems\Blueprints\Hrot.Blueprints.Tests\Comparison\BlueprintComparisonSanitizerTests.cs(10,12,10,18): error CS0234: The type or namespace name 'Editor' does not exist in the namespace 'Hrot' (are you missing an assembly reference?)
107>D:\Work\IOS-IG-SimHost-FDP-2\Hrot\Subsystems\Blueprints\Hrot.Blueprints.Tests\Compiler\CatalogTests.cs(1,7,1,10): error CS0246: The type or namespace name 'Fdp' could not be found (are you missing a using directive or an assembly reference?)
107>D:\Work\IOS-IG-SimHost-FDP-2\Hrot\Subsystems\Blueprints\Hrot.Blueprints.Tests\Compiler\CatalogTests.cs(2,23,2,27): error CS0234: The type or namespace name 'Core' does not exist in the namespace 'Hrot.Blueprints' (are you missing an assembly reference?)
107>D:\Work\IOS-IG-SimHost-FDP-2\Hrot\Subsystems\Blueprints\Hrot.Blueprints.Tests\Compiler\CatalogTests.cs(3,23,3,27): error CS0234: The type or namespace name 'Core' does not exist in the namespace 'Hrot.Blueprints' (are you missing an assembly reference?)
107>D:\Work\IOS-IG-SimHost-FDP-2\Hrot\Subsystems\Blueprints\Hrot.Blueprints.Tests\Compiler\CatalogTests.cs(4,23,4,27): error CS0234: The type or namespace name 'Core' does not exist in the namespace 'Hrot.Blueprints' (are you missing an assembly reference?)
107>D:\Work\IOS-IG-SimHost-FDP-2\Hrot\Subsystems\Blueprints\Hrot.Blueprints.Tests\Compiler\CatalogTests.cs(5,23,5,27): error CS0234: The type or namespace name 'Core' does not exist in the namespace 'Hrot.Blueprints' (are you missing an assembly reference?)
107>D:\Work\IOS-IG-SimHost-FDP-2\Hrot\Subsystems\Blueprints\Hrot.Blueprints.Tests\Compiler\Determinism\BlueprintIdHashTests.cs(1,23,1,27): error CS0234: The type or namespace name 'Core' does not exist in the namespace 'Hrot.Blueprints' (are you missing an assembly reference?)
107>D:\Work\IOS-IG-SimHost-FDP-2\Hrot\Subsystems\Blueprints\Hrot.Blueprints.Tests\Compiler\Determinism\CompilerDeterminismTests.cs(1,7,1,10): error CS0246: The type or namespace name 'Fdp' could not be found (are you missing a using directive or an assembly reference?)
107>D:\Work\IOS-IG-SimHost-FDP-2\Hrot\Subsystems\Blueprints\Hrot.Blueprints.Tests\Compiler\Determinism\CompilerDeterminismTests.cs(2,23,2,27): error CS0234: The type or namespace name 'Core' does not exist in the namespace 'Hrot.Blueprints' (are you missing an assembly reference?)
107>D:\Work\IOS-IG-SimHost-FDP-2\Hrot\Subsystems\Blueprints\Hrot.Blueprints.Tests\Compiler\Determinism\CompilerDeterminismTests.cs(3,23,3,27): error CS0234: The type or namespace name 'Core' does not exist in the namespace 'Hrot.Blueprints' (are you missing an assembly reference?)
107>D:\Work\IOS-IG-SimHost-FDP-2\Hrot\Subsystems\Blueprints\Hrot.Blueprints.Tests\Compiler\Determinism\CompilerDeterminismTests.cs(4,23,4,27): error CS0234: The type or namespace name 'Core' does not exist in the namespace 'Hrot.Blueprints' (are you missing an assembly reference?)
107>D:\Work\IOS-IG-SimHost-FDP-2\Hrot\Subsystems\Blueprints\Hrot.Blueprints.Tests\Compiler\Determinism\CompilerDeterminismTests.cs(5,23,5,27): error CS0234: The type or namespace name 'Core' does not exist in the namespace 'Hrot.Blueprints' (are you missing an assembly reference?)
107>D:\Work\IOS-IG-SimHost-FDP-2\Hrot\Subsystems\Blueprints\Hrot.Blueprints.Tests\Compiler\Determinism\StructureHashTests.cs(1,7,1,10): error CS0246: The type or namespace name 'Fdp' could not be found (are you missing a using directive or an assembly reference?)
107>D:\Work\IOS-IG-SimHost-FDP-2\Hrot\Subsystems\Blueprints\Hrot.Blueprints.Tests\Compiler\Determinism\StructureHashTests.cs(2,23,2,27): error CS0234: The type or namespace name 'Core' does not exist in the namespace 'Hrot.Blueprints' (are you missing an assembly reference?)
107>D:\Work\IOS-IG-SimHost-FDP-2\Hrot\Subsystems\Blueprints\Hrot.Blueprints.Tests\Compiler\Determinism\StructureHashTests.cs(3,23,3,27): error CS0234: The type or namespace name 'Core' does not exist in the namespace 'Hrot.Blueprints' (are you missing an assembly reference?)
107>D:\Work\IOS-IG-SimHost-FDP-2\Hrot\Subsystems\Blueprints\Hrot.Blueprints.Tests\Compiler\Determinism\StructureHashTests.cs(4,23,4,27): error CS0234: The type or namespace name 'Core' does not exist in the namespace 'Hrot.Blueprints' (are you missing an assembly reference?)
107>D:\Work\IOS-IG-SimHost-FDP-2\Hrot\Subsystems\Blueprints\Hrot.Blueprints.Tests\Compiler\Determinism\StructureHashTests.cs(5,23,5,27): error CS0234: The type or namespace name 'Core' does not exist in the namespace 'Hrot.Blueprints' (are you missing an assembly reference?)
107>D:\Work\IOS-IG-SimHost-FDP-2\Hrot\Subsystems\Blueprints\Hrot.Blueprints.Tests\Compiler\Determinism\StructureHashTests.cs(6,23,6,27): error CS0234: The type or namespace name 'Core' does not exist in the namespace 'Hrot.Blueprints' (are you missing an assembly reference?)
107>D:\Work\IOS-IG-SimHost-FDP-2\Hrot\Subsystems\Blueprints\Hrot.Blueprints.Tests\Compiler\Determinism\StructureHashTests.cs(7,23,7,27): error CS0234: The type or namespace name 'Core' does not exist in the namespace 'Hrot.Blueprints' (are you missing an assembly reference?)
107>D:\Work\IOS-IG-SimHost-FDP-2\Hrot\Subsystems\Blueprints\Hrot.Blueprints.Tests\Compiler\EndToEnd\DoorActor_DoorSensor_EndToEndTests.cs(1,7,1,10): error CS0246: The type or namespace name 'Fdp' could not be found (are you missing a using directive or an assembly reference?)
107>D:\Work\IOS-IG-SimHost-FDP-2\Hrot\Subsystems\Blueprints\Hrot.Blueprints.Tests\Compiler\EndToEnd\DoorActor_DoorSensor_EndToEndTests.cs(2,23,2,27): error CS0234: The type or namespace name 'Core' does not exist in the namespace 'Hrot.Blueprints' (are you missing an assembly reference?)
107>D:\Work\IOS-IG-SimHost-FDP-2\Hrot\Subsystems\Blueprints\Hrot.Blueprints.Tests\Compiler\EndToEnd\DoorActor_DoorSensor_EndToEndTests.cs(3,23,3,27): error CS0234: The type or namespace name 'Core' does not exist in the namespace 'Hrot.Blueprints' (are you missing an assembly reference?)
107>D:\Work\IOS-IG-SimHost-FDP-2\Hrot\Subsystems\Blueprints\Hrot.Blueprints.Tests\Compiler\EndToEnd\DoorActor_DoorSensor_EndToEndTests.cs(4,23,4,27): error CS0234: The type or namespace name 'Core' does not exist in the namespace 'Hrot.Blueprints' (are you missing an assembly reference?)
107>D:\Work\IOS-IG-SimHost-FDP-2\Hrot\Subsystems\Blueprints\Hrot.Blueprints.Tests\Compiler\EndToEnd\HasVisibleTarget_EndToEndTests.cs(1,7,1,10): error CS0246: The type or namespace name 'Fdp' could not be found (are you missing a using directive or an assembly reference?)
107>D:\Work\IOS-IG-SimHost-FDP-2\Hrot\Subsystems\Blueprints\Hrot.Blueprints.Tests\Compiler\EndToEnd\HasVisibleTarget_EndToEndTests.cs(2,23,2,27): error CS0234: The type or namespace name 'Core' does not exist in the namespace 'Hrot.Blueprints' (are you missing an assembly reference?)
107>D:\Work\IOS-IG-SimHost-FDP-2\Hrot\Subsystems\Blueprints\Hrot.Blueprints.Tests\Compiler\EndToEnd\HasVisibleTarget_EndToEndTests.cs(3,23,3,27): error CS0234: The type or namespace name 'Core' does not exist in the namespace 'Hrot.Blueprints' (are you missing an assembly reference?)
107>D:\Work\IOS-IG-SimHost-FDP-2\Hrot\Subsystems\Blueprints\Hrot.Blueprints.Tests\Compiler\EndToEnd\HasVisibleTarget_EndToEndTests.cs(4,23,4,27): error CS0234: The type or namespace name 'Core' does not exist in the namespace 'Hrot.Blueprints' (are you missing an assembly reference?)
107>D:\Work\IOS-IG-SimHost-FDP-2\Hrot\Subsystems\Blueprints\Hrot.Blueprints.Tests\Compiler\EndToEnd\HealthRegen_EndToEndTests.cs(1,7,1,10): error CS0246: The type or namespace name 'Fdp' could not be found (are you missing a using directive or an assembly reference?)
107>D:\Work\IOS-IG-SimHost-FDP-2\Hrot\Subsystems\Blueprints\Hrot.Blueprints.Tests\Compiler\EndToEnd\HealthRegen_EndToEndTests.cs(2,23,2,27): error CS0234: The type or namespace name 'Core' does not exist in the namespace 'Hrot.Blueprints' (are you missing an assembly reference?)
107>D:\Work\IOS-IG-SimHost-FDP-2\Hrot\Subsystems\Blueprints\Hrot.Blueprints.Tests\Compiler\EndToEnd\HealthRegen_EndToEndTests.cs(3,23,3,27): error CS0234: The type or namespace name 'Core' does not exist in the namespace 'Hrot.Blueprints' (are you missing an assembly reference?)
107>D:\Work\IOS-IG-SimHost-FDP-2\Hrot\Subsystems\Blueprints\Hrot.Blueprints.Tests\Compiler\EndToEnd\HealthRegen_EndToEndTests.cs(4,23,4,27): error CS0234: The type or namespace name 'Core' does not exist in the namespace 'Hrot.Blueprints' (are you missing an assembly reference?)
107>D:\Work\IOS-IG-SimHost-FDP-2\Hrot\Subsystems\Blueprints\Hrot.Blueprints.Tests\Compiler\EndToEnd\MathUtilsLib_EndToEndTests.cs(1,7,1,10): error CS0246: The type or namespace name 'Fdp' could not be found (are you missing a using directive or an assembly reference?)
107>D:\Work\IOS-IG-SimHost-FDP-2\Hrot\Subsystems\Blueprints\Hrot.Blueprints.Tests\Compiler\EndToEnd\MathUtilsLib_EndToEndTests.cs(2,23,2,27): error CS0234: The type or namespace name 'Core' does not exist in the namespace 'Hrot.Blueprints' (are you missing an assembly reference?)
107>D:\Work\IOS-IG-SimHost-FDP-2\Hrot\Subsystems\Blueprints\Hrot.Blueprints.Tests\Compiler\EndToEnd\MathUtilsLib_EndToEndTests.cs(3,23,3,27): error CS0234: The type or namespace name 'Core' does not exist in the namespace 'Hrot.Blueprints' (are you missing an assembly reference?)
107>D:\Work\IOS-IG-SimHost-FDP-2\Hrot\Subsystems\Blueprints\Hrot.Blueprints.Tests\Compiler\EndToEnd\MathUtilsLib_EndToEndTests.cs(4,23,4,27): error CS0234: The type or namespace name 'Core' does not exist in the namespace 'Hrot.Blueprints' (are you missing an assembly reference?)
107>D:\Work\IOS-IG-SimHost-FDP-2\Hrot\Subsystems\Blueprints\Hrot.Blueprints.Tests\Compiler\EndToEnd\MoveToAndFire_EndToEndTests.cs(1,7,1,10): error CS0246: The type or namespace name 'Fdp' could not be found (are you missing a using directive or an assembly reference?)
107>D:\Work\IOS-IG-SimHost-FDP-2\Hrot\Subsystems\Blueprints\Hrot.Blueprints.Tests\Compiler\EndToEnd\MoveToAndFire_EndToEndTests.cs(2,7,2,10): error CS0246: The type or namespace name 'Fdp' could not be found (are you missing a using directive or an assembly reference?)
107>D:\Work\IOS-IG-SimHost-FDP-2\Hrot\Subsystems\Blueprints\Hrot.Blueprints.Tests\Compiler\EndToEnd\MoveToAndFire_EndToEndTests.cs(3,23,3,27): error CS0234: The type or namespace name 'Core' does not exist in the namespace 'Hrot.Blueprints' (are you missing an assembly reference?)
107>D:\Work\IOS-IG-SimHost-FDP-2\Hrot\Subsystems\Blueprints\Hrot.Blueprints.Tests\Compiler\EndToEnd\MoveToAndFire_EndToEndTests.cs(4,23,4,27): error CS0234: The type or namespace name 'Core' does not exist in the namespace 'Hrot.Blueprints' (are you missing an assembly reference?)
107>D:\Work\IOS-IG-SimHost-FDP-2\Hrot\Subsystems\Blueprints\Hrot.Blueprints.Tests\Compiler\EndToEnd\MoveToAndFire_EndToEndTests.cs(5,23,5,27): error CS0234: The type or namespace name 'Core' does not exist in the namespace 'Hrot.Blueprints' (are you missing an assembly reference?)
107>D:\Work\IOS-IG-SimHost-FDP-2\Hrot\Subsystems\Blueprints\Hrot.Blueprints.Tests\Compiler\EndToEnd\MoveToAndFire_EndToEndTests.cs(6,23,6,27): error CS0234: The type or namespace name 'Core' does not exist in the namespace 'Hrot.Blueprints' (are you missing an assembly reference?)
107>D:\Work\IOS-IG-SimHost-FDP-2\Hrot\Subsystems\Blueprints\Hrot.Blueprints.Tests\Compiler\EndToEnd\MoveToAndFire_EndToEndTests.cs(7,23,7,27): error CS0234: The type or namespace name 'Core' does not exist in the namespace 'Hrot.Blueprints' (are you missing an assembly reference?)
107>D:\Work\IOS-IG-SimHost-FDP-2\Hrot\Subsystems\Blueprints\Hrot.Blueprints.Tests\Compiler\ReadEqsResultValidatorTests.cs(1,7,1,10): error CS0246: The type or namespace name 'Fdp' could not be found (are you missing a using directive or an assembly reference?)
107>D:\Work\IOS-IG-SimHost-FDP-2\Hrot\Subsystems\Blueprints\Hrot.Blueprints.Tests\Compiler\ReadEqsResultValidatorTests.cs(2,23,2,27): error CS0234: The type or namespace name 'Core' does not exist in the namespace 'Hrot.Blueprints' (are you missing an assembly reference?)
107>D:\Work\IOS-IG-SimHost-FDP-2\Hrot\Subsystems\Blueprints\Hrot.Blueprints.Tests\Compiler\ReadEqsResultValidatorTests.cs(3,23,3,27): error CS0234: The type or namespace name 'Core' does not exist in the namespace 'Hrot.Blueprints' (are you missing an assembly reference?)
107>D:\Work\IOS-IG-SimHost-FDP-2\Hrot\Subsystems\Blueprints\Hrot.Blueprints.Tests\Compiler\ReadEqsResultValidatorTests.cs(4,23,4,27): error CS0234: The type or namespace name 'Core' does not exist in the namespace 'Hrot.Blueprints' (are you missing an assembly reference?)
107>D:\Work\IOS-IG-SimHost-FDP-2\Hrot\Subsystems\Blueprints\Hrot.Blueprints.Tests\Compiler\ReadEqsResultValidatorTests.cs(5,23,5,27): error CS0234: The type or namespace name 'Core' does not exist in the namespace 'Hrot.Blueprints' (are you missing an assembly reference?)
107>D:\Work\IOS-IG-SimHost-FDP-2\Hrot\Subsystems\Blueprints\Hrot.Blueprints.Tests\Compiler\ReadEqsResultValidatorTests.cs(6,23,6,27): error CS0234: The type or namespace name 'Core' does not exist in the namespace 'Hrot.Blueprints' (are you missing an assembly reference?)
107>D:\Work\IOS-IG-SimHost-FDP-2\Hrot\Subsystems\Blueprints\Hrot.Blueprints.Tests\Compiler\RecipeIntegrityTests.cs(1,23,1,27): error CS0234: The type or namespace name 'Core' does not exist in the namespace 'Hrot.Blueprints' (are you missing an assembly reference?)
107>D:\Work\IOS-IG-SimHost-FDP-2\Hrot\Subsystems\Blueprints\Hrot.Blueprints.Tests\Compiler\RecipeIntegrityTests.cs(2,23,2,27): error CS0234: The type or namespace name 'Core' does not exist in the namespace 'Hrot.Blueprints' (are you missing an assembly reference?)
107>D:\Work\IOS-IG-SimHost-FDP-2\Hrot\Subsystems\Blueprints\Hrot.Blueprints.Tests\Compiler\RecipeIntegrityTests.cs(3,23,3,27): error CS0234: The type or namespace name 'Core' does not exist in the namespace 'Hrot.Blueprints' (are you missing an assembly reference?)
107>D:\Work\IOS-IG-SimHost-FDP-2\Hrot\Subsystems\Blueprints\Hrot.Blueprints.Tests\Compiler\RecipeIntegrityTests.cs(4,23,4,27): error CS0234: The type or namespace name 'Core' does not exist in the namespace 'Hrot.Blueprints' (are you missing an assembly reference?)
107>D:\Work\IOS-IG-SimHost-FDP-2\Hrot\Subsystems\Blueprints\Hrot.Blueprints.Tests\Compiler\RecipeIntegrityTests.cs(5,23,5,27): error CS0234: The type or namespace name 'Core' does not exist in the namespace 'Hrot.Blueprints' (are you missing an assembly reference?)
107>D:\Work\IOS-IG-SimHost-FDP-2\Hrot\Subsystems\Blueprints\Hrot.Blueprints.Tests\Compiler\SpawnEqsSensorValidatorTests.cs(1,7,1,10): error CS0246: The type or namespace name 'Fdp' could not be found (are you missing a using directive or an assembly reference?)
107>D:\Work\IOS-IG-SimHost-FDP-2\Hrot\Subsystems\Blueprints\Hrot.Blueprints.Tests\Compiler\SpawnEqsSensorValidatorTests.cs(2,23,2,27): error CS0234: The type or namespace name 'Core' does not exist in the namespace 'Hrot.Blueprints' (are you missing an assembly reference?)
107>D:\Work\IOS-IG-SimHost-FDP-2\Hrot\Subsystems\Blueprints\Hrot.Blueprints.Tests\Compiler\SpawnEqsSensorValidatorTests.cs(3,23,3,27): error CS0234: The type or namespace name 'Core' does not exist in the namespace 'Hrot.Blueprints' (are you missing an assembly reference?)
107>D:\Work\IOS-IG-SimHost-FDP-2\Hrot\Subsystems\Blueprints\Hrot.Blueprints.Tests\Compiler\SpawnEqsSensorValidatorTests.cs(4,23,4,27): error CS0234: The type or namespace name 'Core' does not exist in the namespace 'Hrot.Blueprints' (are you missing an assembly reference?)
107>D:\Work\IOS-IG-SimHost-FDP-2\Hrot\Subsystems\Blueprints\Hrot.Blueprints.Tests\Compiler\SpawnEqsSensorValidatorTests.cs(5,23,5,27): error CS0234: The type or namespace name 'Core' does not exist in the namespace 'Hrot.Blueprints' (are you missing an assembly reference?)
107>D:\Work\IOS-IG-SimHost-FDP-2\Hrot\Subsystems\Blueprints\Hrot.Blueprints.Tests\Compiler\SpawnEqsSensorValidatorTests.cs(6,23,6,27): error CS0234: The type or namespace name 'Core' does not exist in the namespace 'Hrot.Blueprints' (are you missing an assembly reference?)
107>D:\Work\IOS-IG-SimHost-FDP-2\Hrot\Subsystems\Blueprints\Hrot.Blueprints.Tests\Compiler\Stage1_ParseTests.cs(1,7,1,10): error CS0246: The type or namespace name 'Fdp' could not be found (are you missing a using directive or an assembly reference?)
107>D:\Work\IOS-IG-SimHost-FDP-2\Hrot\Subsystems\Blueprints\Hrot.Blueprints.Tests\Compiler\Stage1_ParseTests.cs(2,23,2,27): error CS0234: The type or namespace name 'Core' does not exist in the namespace 'Hrot.Blueprints' (are you missing an assembly reference?)
107>D:\Work\IOS-IG-SimHost-FDP-2\Hrot\Subsystems\Blueprints\Hrot.Blueprints.Tests\Compiler\Stage1_ParseTests.cs(3,23,3,27): error CS0234: The type or namespace name 'Core' does not exist in the namespace 'Hrot.Blueprints' (are you missing an assembly reference?)
107>D:\Work\IOS-IG-SimHost-FDP-2\Hrot\Subsystems\Blueprints\Hrot.Blueprints.Tests\Compiler\Stage1_ParseTests.cs(4,23,4,27): error CS0234: The type or namespace name 'Core' does not exist in the namespace 'Hrot.Blueprints' (are you missing an assembly reference?)
107>D:\Work\IOS-IG-SimHost-FDP-2\Hrot\Subsystems\Blueprints\Hrot.Blueprints.Tests\Compiler\Stage1_ParseTests.cs(5,23,5,27): error CS0234: The type or namespace name 'Core' does not exist in the namespace 'Hrot.Blueprints' (are you missing an assembly reference?)
107>D:\Work\IOS-IG-SimHost-FDP-2\Hrot\Subsystems\Blueprints\Hrot.Blueprints.Tests\Compiler\Stage1_ParseTests.cs(6,23,6,27): error CS0234: The type or namespace name 'Core' does not exist in the namespace 'Hrot.Blueprints' (are you missing an assembly reference?)
107>D:\Work\IOS-IG-SimHost-FDP-2\Hrot\Subsystems\Blueprints\Hrot.Blueprints.Tests\Compiler\Stage1_ParseTests.cs(7,23,7,27): error CS0234: The type or namespace name 'Core' does not exist in the namespace 'Hrot.Blueprints' (are you missing an assembly reference?)
107>D:\Work\IOS-IG-SimHost-FDP-2\Hrot\Subsystems\Blueprints\Hrot.Blueprints.Tests\Compiler\Stage2_ValidationTests\V_AiPrimitiveIntentTests.cs(1,7,1,10): error CS0246: The type or namespace name 'Fdp' could not be found (are you missing a using directive or an assembly reference?)
107>D:\Work\IOS-IG-SimHost-FDP-2\Hrot\Subsystems\Blueprints\Hrot.Blueprints.Tests\Compiler\Stage2_ValidationTests\V_AiPrimitiveIntentTests.cs(2,23,2,27): error CS0234: The type or namespace name 'Core' does not exist in the namespace 'Hrot.Blueprints' (are you missing an assembly reference?)
107>D:\Work\IOS-IG-SimHost-FDP-2\Hrot\Subsystems\Blueprints\Hrot.Blueprints.Tests\Compiler\Stage2_ValidationTests\V_AiPrimitiveIntentTests.cs(3,23,3,27): error CS0234: The type or namespace name 'Core' does not exist in the namespace 'Hrot.Blueprints' (are you missing an assembly reference?)
107>D:\Work\IOS-IG-SimHost-FDP-2\Hrot\Subsystems\Blueprints\Hrot.Blueprints.Tests\Compiler\Stage2_ValidationTests\V_AiPrimitiveIntentTests.cs(4,23,4,27): error CS0234: The type or namespace name 'Core' does not exist in the namespace 'Hrot.Blueprints' (are you missing an assembly reference?)
107>D:\Work\IOS-IG-SimHost-FDP-2\Hrot\Subsystems\Blueprints\Hrot.Blueprints.Tests\Compiler\Stage2_ValidationTests\V_AiPrimitiveIntentTests.cs(5,23,5,27): error CS0234: The type or namespace name 'Core' does not exist in the namespace 'Hrot.Blueprints' (are you missing an assembly reference?)
107>D:\Work\IOS-IG-SimHost-FDP-2\Hrot\Subsystems\Blueprints\Hrot.Blueprints.Tests\Compiler\Stage2_ValidationTests\V_AiPrimitiveIntentTests.cs(6,23,6,27): error CS0234: The type or namespace name 'Core' does not exist in the namespace 'Hrot.Blueprints' (are you missing an assembly reference?)
107>D:\Work\IOS-IG-SimHost-FDP-2\Hrot\Subsystems\Blueprints\Hrot.Blueprints.Tests\Compiler\Stage2_ValidationTests\V_AllValidatorsCoverageTests.cs(2,23,2,27): error CS0234: The type or namespace name 'Core' does not exist in the namespace 'Hrot.Blueprints' (are you missing an assembly reference?)
107>D:\Work\IOS-IG-SimHost-FDP-2\Hrot\Subsystems\Blueprints\Hrot.Blueprints.Tests\Compiler\Stage2_ValidationTests\V_DispatchKindCompatibilityTests.cs(1,7,1,10): error CS0246: The type or namespace name 'Fdp' could not be found (are you missing a using directive or an assembly reference?)
107>D:\Work\IOS-IG-SimHost-FDP-2\Hrot\Subsystems\Blueprints\Hrot.Blueprints.Tests\Compiler\Stage2_ValidationTests\V_DispatchKindCompatibilityTests.cs(2,23,2,27): error CS0234: The type or namespace name 'Core' does not exist in the namespace 'Hrot.Blueprints' (are you missing an assembly reference?)
107>D:\Work\IOS-IG-SimHost-FDP-2\Hrot\Subsystems\Blueprints\Hrot.Blueprints.Tests\Compiler\Stage2_ValidationTests\V_DispatchKindCompatibilityTests.cs(3,23,3,27): error CS0234: The type or namespace name 'Core' does not exist in the namespace 'Hrot.Blueprints' (are you missing an assembly reference?)
107>D:\Work\IOS-IG-SimHost-FDP-2\Hrot\Subsystems\Blueprints\Hrot.Blueprints.Tests\Compiler\Stage2_ValidationTests\V_DispatchKindCompatibilityTests.cs(4,23,4,27): error CS0234: The type or namespace name 'Core' does not exist in the namespace 'Hrot.Blueprints' (are you missing an assembly reference?)
107>D:\Work\IOS-IG-SimHost-FDP-2\Hrot\Subsystems\Blueprints\Hrot.Blueprints.Tests\Compiler\Stage2_ValidationTests\V_DispatchKindCompatibilityTests.cs(5,23,5,27): error CS0234: The type or namespace name 'Core' does not exist in the namespace 'Hrot.Blueprints' (are you missing an assembly reference?)
107>D:\Work\IOS-IG-SimHost-FDP-2\Hrot\Subsystems\Blueprints\Hrot.Blueprints.Tests\Compiler\Stage2_ValidationTests\V_DispatchKindCompatibilityTests.cs(6,23,6,27): error CS0234: The type or namespace name 'Core' does not exist in the namespace 'Hrot.Blueprints' (are you missing an assembly reference?)
107>D:\Work\IOS-IG-SimHost-FDP-2\Hrot\Subsystems\Blueprints\Hrot.Blueprints.Tests\Compiler\Stage2_ValidationTests\V_PeerReferencesTests.cs(8,43,8,47): error CS0234: The type or namespace name 'Core' does not exist in the namespace 'Hrot.Blueprints' (are you missing an assembly reference?)
107>D:\Work\IOS-IG-SimHost-FDP-2\Hrot\Subsystems\Blueprints\Hrot.Blueprints.Tests\Compiler\Stage2_ValidationTests\V_PeerReferencesTests.cs(1,7,1,10): error CS0246: The type or namespace name 'Fdp' could not be found (are you missing a using directive or an assembly reference?)
107>D:\Work\IOS-IG-SimHost-FDP-2\Hrot\Subsystems\Blueprints\Hrot.Blueprints.Tests\Compiler\Stage2_ValidationTests\V_PeerReferencesTests.cs(2,23,2,27): error CS0234: The type or namespace name 'Core' does not exist in the namespace 'Hrot.Blueprints' (are you missing an assembly reference?)
107>D:\Work\IOS-IG-SimHost-FDP-2\Hrot\Subsystems\Blueprints\Hrot.Blueprints.Tests\Compiler\Stage2_ValidationTests\V_PeerReferencesTests.cs(3,23,3,27): error CS0234: The type or namespace name 'Core' does not exist in the namespace 'Hrot.Blueprints' (are you missing an assembly reference?)
107>D:\Work\IOS-IG-SimHost-FDP-2\Hrot\Subsystems\Blueprints\Hrot.Blueprints.Tests\Compiler\Stage2_ValidationTests\V_PeerReferencesTests.cs(4,23,4,27): error CS0234: The type or namespace name 'Core' does not exist in the namespace 'Hrot.Blueprints' (are you missing an assembly reference?)
107>D:\Work\IOS-IG-SimHost-FDP-2\Hrot\Subsystems\Blueprints\Hrot.Blueprints.Tests\Compiler\Stage2_ValidationTests\V_PeerReferencesTests.cs(5,23,5,27): error CS0234: The type or namespace name 'Core' does not exist in the namespace 'Hrot.Blueprints' (are you missing an assembly reference?)
107>D:\Work\IOS-IG-SimHost-FDP-2\Hrot\Subsystems\Blueprints\Hrot.Blueprints.Tests\Compiler\Stage2_ValidationTests\V_PeerReferencesTests.cs(6,23,6,27): error CS0234: The type or namespace name 'Core' does not exist in the namespace 'Hrot.Blueprints' (are you missing an assembly reference?)
107>D:\Work\IOS-IG-SimHost-FDP-2\Hrot\Subsystems\Blueprints\Hrot.Blueprints.Tests\Compiler\Stage2_ValidationTests\V_VariablesAndStateTests.cs(1,7,1,10): error CS0246: The type or namespace name 'Fdp' could not be found (are you missing a using directive or an assembly reference?)
107>D:\Work\IOS-IG-SimHost-FDP-2\Hrot\Subsystems\Blueprints\Hrot.Blueprints.Tests\Compiler\Stage2_ValidationTests\V_VariablesAndStateTests.cs(2,23,2,27): error CS0234: The type or namespace name 'Core' does not exist in the namespace 'Hrot.Blueprints' (are you missing an assembly reference?)
107>D:\Work\IOS-IG-SimHost-FDP-2\Hrot\Subsystems\Blueprints\Hrot.Blueprints.Tests\Compiler\Stage2_ValidationTests\V_VariablesAndStateTests.cs(3,23,3,27): error CS0234: The type or namespace name 'Core' does not exist in the namespace 'Hrot.Blueprints' (are you missing an assembly reference?)
107>D:\Work\IOS-IG-SimHost-FDP-2\Hrot\Subsystems\Blueprints\Hrot.Blueprints.Tests\Compiler\Stage2_ValidationTests\V_VariablesAndStateTests.cs(4,23,4,27): error CS0234: The type or namespace name 'Core' does not exist in the namespace 'Hrot.Blueprints' (are you missing an assembly reference?)
107>D:\Work\IOS-IG-SimHost-FDP-2\Hrot\Subsystems\Blueprints\Hrot.Blueprints.Tests\Compiler\Stage2_ValidationTests\V_VariablesAndStateTests.cs(5,23,5,27): error CS0234: The type or namespace name 'Core' does not exist in the namespace 'Hrot.Blueprints' (are you missing an assembly reference?)
107>D:\Work\IOS-IG-SimHost-FDP-2\Hrot\Subsystems\Blueprints\Hrot.Blueprints.Tests\Compiler\Stage2_ValidationTests\V_VariablesAndStateTests.cs(6,23,6,27): error CS0234: The type or namespace name 'Core' does not exist in the namespace 'Hrot.Blueprints' (are you missing an assembly reference?)
107>D:\Work\IOS-IG-SimHost-FDP-2\Hrot\Subsystems\Blueprints\Hrot.Blueprints.Tests\Compiler\Stage3_NormalizationTests\Stage3_NormalizationTests.cs(1,7,1,10): error CS0246: The type or namespace name 'Fdp' could not be found (are you missing a using directive or an assembly reference?)
107>D:\Work\IOS-IG-SimHost-FDP-2\Hrot\Subsystems\Blueprints\Hrot.Blueprints.Tests\Compiler\Stage3_NormalizationTests\Stage3_NormalizationTests.cs(2,23,2,27): error CS0234: The type or namespace name 'Core' does not exist in the namespace 'Hrot.Blueprints' (are you missing an assembly reference?)
107>D:\Work\IOS-IG-SimHost-FDP-2\Hrot\Subsystems\Blueprints\Hrot.Blueprints.Tests\Compiler\Stage3_NormalizationTests\Stage3_NormalizationTests.cs(3,23,3,27): error CS0234: The type or namespace name 'Core' does not exist in the namespace 'Hrot.Blueprints' (are you missing an assembly reference?)
107>D:\Work\IOS-IG-SimHost-FDP-2\Hrot\Subsystems\Blueprints\Hrot.Blueprints.Tests\Compiler\Stage3_NormalizationTests\Stage3_NormalizationTests.cs(4,23,4,27): error CS0234: The type or namespace name 'Core' does not exist in the namespace 'Hrot.Blueprints' (are you missing an assembly reference?)
107>D:\Work\IOS-IG-SimHost-FDP-2\Hrot\Subsystems\Blueprints\Hrot.Blueprints.Tests\Compiler\Stage3_NormalizationTests\Stage3_NormalizationTests.cs(5,23,5,27): error CS0234: The type or namespace name 'Core' does not exist in the namespace 'Hrot.Blueprints' (are you missing an assembly reference?)
107>D:\Work\IOS-IG-SimHost-FDP-2\Hrot\Subsystems\Blueprints\Hrot.Blueprints.Tests\Compiler\Stage3_NormalizationTests\Stage3_NormalizationTests.cs(6,23,6,27): error CS0234: The type or namespace name 'Core' does not exist in the namespace 'Hrot.Blueprints' (are you missing an assembly reference?)
107>D:\Work\IOS-IG-SimHost-FDP-2\Hrot\Subsystems\Blueprints\Hrot.Blueprints.Tests\Compiler\Stage4_TypeResolveTests.cs(1,7,1,10): error CS0246: The type or namespace name 'Fdp' could not be found (are you missing a using directive or an assembly reference?)
107>D:\Work\IOS-IG-SimHost-FDP-2\Hrot\Subsystems\Blueprints\Hrot.Blueprints.Tests\Compiler\Stage4_TypeResolveTests.cs(2,23,2,27): error CS0234: The type or namespace name 'Core' does not exist in the namespace 'Hrot.Blueprints' (are you missing an assembly reference?)
107>D:\Work\IOS-IG-SimHost-FDP-2\Hrot\Subsystems\Blueprints\Hrot.Blueprints.Tests\Compiler\Stage4_TypeResolveTests.cs(3,23,3,27): error CS0234: The type or namespace name 'Core' does not exist in the namespace 'Hrot.Blueprints' (are you missing an assembly reference?)
107>D:\Work\IOS-IG-SimHost-FDP-2\Hrot\Subsystems\Blueprints\Hrot.Blueprints.Tests\Compiler\Stage4_TypeResolveTests.cs(4,23,4,27): error CS0234: The type or namespace name 'Core' does not exist in the namespace 'Hrot.Blueprints' (are you missing an assembly reference?)
107>D:\Work\IOS-IG-SimHost-FDP-2\Hrot\Subsystems\Blueprints\Hrot.Blueprints.Tests\Compiler\Stage4_TypeResolveTests.cs(5,23,5,27): error CS0234: The type or namespace name 'Core' does not exist in the namespace 'Hrot.Blueprints' (are you missing an assembly reference?)
107>D:\Work\IOS-IG-SimHost-FDP-2\Hrot\Subsystems\Blueprints\Hrot.Blueprints.Tests\Compiler\Stage4_TypeResolveTests.cs(6,23,6,27): error CS0234: The type or namespace name 'Core' does not exist in the namespace 'Hrot.Blueprints' (are you missing an assembly reference?)
107>D:\Work\IOS-IG-SimHost-FDP-2\Hrot\Subsystems\Blueprints\Hrot.Blueprints.Tests\Compiler\Stage5_ScheduleTests\BPF019_ReturnTerminatorTests.cs(1,7,1,10): error CS0246: The type or namespace name 'Fdp' could not be found (are you missing a using directive or an assembly reference?)
107>D:\Work\IOS-IG-SimHost-FDP-2\Hrot\Subsystems\Blueprints\Hrot.Blueprints.Tests\Compiler\Stage5_ScheduleTests\BPF019_ReturnTerminatorTests.cs(2,23,2,27): error CS0234: The type or namespace name 'Core' does not exist in the namespace 'Hrot.Blueprints' (are you missing an assembly reference?)
107>D:\Work\IOS-IG-SimHost-FDP-2\Hrot\Subsystems\Blueprints\Hrot.Blueprints.Tests\Compiler\Stage5_ScheduleTests\BPF019_ReturnTerminatorTests.cs(3,23,3,27): error CS0234: The type or namespace name 'Core' does not exist in the namespace 'Hrot.Blueprints' (are you missing an assembly reference?)
107>D:\Work\IOS-IG-SimHost-FDP-2\Hrot\Subsystems\Blueprints\Hrot.Blueprints.Tests\Compiler\Stage5_ScheduleTests\BPF019_ReturnTerminatorTests.cs(4,23,4,27): error CS0234: The type or namespace name 'Core' does not exist in the namespace 'Hrot.Blueprints' (are you missing an assembly reference?)
107>D:\Work\IOS-IG-SimHost-FDP-2\Hrot\Subsystems\Blueprints\Hrot.Blueprints.Tests\Compiler\Stage5_ScheduleTests\BPF019_ReturnTerminatorTests.cs(5,23,5,27): error CS0234: The type or namespace name 'Core' does not exist in the namespace 'Hrot.Blueprints' (are you missing an assembly reference?)
107>D:\Work\IOS-IG-SimHost-FDP-2\Hrot\Subsystems\Blueprints\Hrot.Blueprints.Tests\Compiler\Stage5_ScheduleTests\BPF019_ReturnTerminatorTests.cs(6,23,6,27): error CS0234: The type or namespace name 'Core' does not exist in the namespace 'Hrot.Blueprints' (are you missing an assembly reference?)
107>D:\Work\IOS-IG-SimHost-FDP-2\Hrot\Subsystems\Blueprints\Hrot.Blueprints.Tests\Compiler\Stage5_ScheduleTests\BPF019_ReturnTerminatorTests.cs(7,23,7,27): error CS0234: The type or namespace name 'Core' does not exist in the namespace 'Hrot.Blueprints' (are you missing an assembly reference?)
107>D:\Work\IOS-IG-SimHost-FDP-2\Hrot\Subsystems\Blueprints\Hrot.Blueprints.Tests\Compiler\Stage5_ScheduleTests\BPF039_GetOrderedDeterminismTests.cs(8,39,8,43): error CS0234: The type or namespace name 'Core' does not exist in the namespace 'Hrot.Blueprints' (are you missing an assembly reference?)
107>D:\Work\IOS-IG-SimHost-FDP-2\Hrot\Subsystems\Blueprints\Hrot.Blueprints.Tests\Compiler\Stage5_ScheduleTests\BPF039_GetOrderedDeterminismTests.cs(1,7,1,10): error CS0246: The type or namespace name 'Fdp' could not be found (are you missing a using directive or an assembly reference?)
107>D:\Work\IOS-IG-SimHost-FDP-2\Hrot\Subsystems\Blueprints\Hrot.Blueprints.Tests\Compiler\Stage5_ScheduleTests\BPF039_GetOrderedDeterminismTests.cs(2,23,2,27): error CS0234: The type or namespace name 'Core' does not exist in the namespace 'Hrot.Blueprints' (are you missing an assembly reference?)
107>D:\Work\IOS-IG-SimHost-FDP-2\Hrot\Subsystems\Blueprints\Hrot.Blueprints.Tests\Compiler\Stage5_ScheduleTests\BPF039_GetOrderedDeterminismTests.cs(3,23,3,27): error CS0234: The type or namespace name 'Core' does not exist in the namespace 'Hrot.Blueprints' (are you missing an assembly reference?)
107>D:\Work\IOS-IG-SimHost-FDP-2\Hrot\Subsystems\Blueprints\Hrot.Blueprints.Tests\Compiler\Stage5_ScheduleTests\BPF039_GetOrderedDeterminismTests.cs(4,23,4,27): error CS0234: The type or namespace name 'Core' does not exist in the namespace 'Hrot.Blueprints' (are you missing an assembly reference?)
107>D:\Work\IOS-IG-SimHost-FDP-2\Hrot\Subsystems\Blueprints\Hrot.Blueprints.Tests\Compiler\Stage5_ScheduleTests\BPF039_GetOrderedDeterminismTests.cs(5,23,5,27): error CS0234: The type or namespace name 'Core' does not exist in the namespace 'Hrot.Blueprints' (are you missing an assembly reference?)
107>D:\Work\IOS-IG-SimHost-FDP-2\Hrot\Subsystems\Blueprints\Hrot.Blueprints.Tests\Compiler\Stage5_ScheduleTests\BPF039_GetOrderedDeterminismTests.cs(6,23,6,27): error CS0234: The type or namespace name 'Core' does not exist in the namespace 'Hrot.Blueprints' (are you missing an assembly reference?)
107>D:\Work\IOS-IG-SimHost-FDP-2\Hrot\Subsystems\Blueprints\Hrot.Blueprints.Tests\Compiler\Stage5_ScheduleTests\BPF039_GetOrderedDeterminismTests.cs(7,23,7,27): error CS0234: The type or namespace name 'Core' does not exist in the namespace 'Hrot.Blueprints' (are you missing an assembly reference?)
107>D:\Work\IOS-IG-SimHost-FDP-2\Hrot\Subsystems\Blueprints\Hrot.Blueprints.Tests\Compiler\Stage5_ScheduleTests\DataFlowCseTests.cs(1,7,1,10): error CS0246: The type or namespace name 'Fdp' could not be found (are you missing a using directive or an assembly reference?)
107>D:\Work\IOS-IG-SimHost-FDP-2\Hrot\Subsystems\Blueprints\Hrot.Blueprints.Tests\Compiler\Stage5_ScheduleTests\DataFlowCseTests.cs(2,23,2,27): error CS0234: The type or namespace name 'Core' does not exist in the namespace 'Hrot.Blueprints' (are you missing an assembly reference?)
107>D:\Work\IOS-IG-SimHost-FDP-2\Hrot\Subsystems\Blueprints\Hrot.Blueprints.Tests\Compiler\Stage5_ScheduleTests\DataFlowCseTests.cs(3,23,3,27): error CS0234: The type or namespace name 'Core' does not exist in the namespace 'Hrot.Blueprints' (are you missing an assembly reference?)
107>D:\Work\IOS-IG-SimHost-FDP-2\Hrot\Subsystems\Blueprints\Hrot.Blueprints.Tests\Compiler\Stage5_ScheduleTests\DataFlowCseTests.cs(4,23,4,27): error CS0234: The type or namespace name 'Core' does not exist in the namespace 'Hrot.Blueprints' (are you missing an assembly reference?)
107>D:\Work\IOS-IG-SimHost-FDP-2\Hrot\Subsystems\Blueprints\Hrot.Blueprints.Tests\Compiler\Stage5_ScheduleTests\DataFlowCseTests.cs(5,23,5,27): error CS0234: The type or namespace name 'Core' does not exist in the namespace 'Hrot.Blueprints' (are you missing an assembly reference?)
107>D:\Work\IOS-IG-SimHost-FDP-2\Hrot\Subsystems\Blueprints\Hrot.Blueprints.Tests\Compiler\Stage5_ScheduleTests\DataFlowCseTests.cs(6,23,6,27): error CS0234: The type or namespace name 'Core' does not exist in the namespace 'Hrot.Blueprints' (are you missing an assembly reference?)
107>D:\Work\IOS-IG-SimHost-FDP-2\Hrot\Subsystems\Blueprints\Hrot.Blueprints.Tests\Compiler\Stage5_ScheduleTests\GoldenIrTests.cs(1,7,1,10): error CS0246: The type or namespace name 'Fdp' could not be found (are you missing a using directive or an assembly reference?)
107>D:\Work\IOS-IG-SimHost-FDP-2\Hrot\Subsystems\Blueprints\Hrot.Blueprints.Tests\Compiler\Stage5_ScheduleTests\GoldenIrTests.cs(2,23,2,27): error CS0234: The type or namespace name 'Core' does not exist in the namespace 'Hrot.Blueprints' (are you missing an assembly reference?)
107>D:\Work\IOS-IG-SimHost-FDP-2\Hrot\Subsystems\Blueprints\Hrot.Blueprints.Tests\Compiler\Stage5_ScheduleTests\GoldenIrTests.cs(3,23,3,27): error CS0234: The type or namespace name 'Core' does not exist in the namespace 'Hrot.Blueprints' (are you missing an assembly reference?)
107>D:\Work\IOS-IG-SimHost-FDP-2\Hrot\Subsystems\Blueprints\Hrot.Blueprints.Tests\Compiler\Stage5_ScheduleTests\GoldenIrTests.cs(4,23,4,27): error CS0234: The type or namespace name 'Core' does not exist in the namespace 'Hrot.Blueprints' (are you missing an assembly reference?)
107>D:\Work\IOS-IG-SimHost-FDP-2\Hrot\Subsystems\Blueprints\Hrot.Blueprints.Tests\Compiler\Stage5_ScheduleTests\GoldenIrTests.cs(5,23,5,27): error CS0234: The type or namespace name 'Core' does not exist in the namespace 'Hrot.Blueprints' (are you missing an assembly reference?)
107>D:\Work\IOS-IG-SimHost-FDP-2\Hrot\Subsystems\Blueprints\Hrot.Blueprints.Tests\Compiler\Stage5_ScheduleTests\GoldenIrTests.cs(6,23,6,27): error CS0234: The type or namespace name 'Core' does not exist in the namespace 'Hrot.Blueprints' (are you missing an assembly reference?)
107>D:\Work\IOS-IG-SimHost-FDP-2\Hrot\Subsystems\Blueprints\Hrot.Blueprints.Tests\Compiler\Stage5_ScheduleTests\LatentBlockSplitTests.cs(1,7,1,10): error CS0246: The type or namespace name 'Fdp' could not be found (are you missing a using directive or an assembly reference?)
107>D:\Work\IOS-IG-SimHost-FDP-2\Hrot\Subsystems\Blueprints\Hrot.Blueprints.Tests\Compiler\Stage5_ScheduleTests\LatentBlockSplitTests.cs(2,23,2,27): error CS0234: The type or namespace name 'Core' does not exist in the namespace 'Hrot.Blueprints' (are you missing an assembly reference?)
107>D:\Work\IOS-IG-SimHost-FDP-2\Hrot\Subsystems\Blueprints\Hrot.Blueprints.Tests\Compiler\Stage5_ScheduleTests\LatentBlockSplitTests.cs(3,23,3,27): error CS0234: The type or namespace name 'Core' does not exist in the namespace 'Hrot.Blueprints' (are you missing an assembly reference?)
107>D:\Work\IOS-IG-SimHost-FDP-2\Hrot\Subsystems\Blueprints\Hrot.Blueprints.Tests\Compiler\Stage5_ScheduleTests\LatentBlockSplitTests.cs(4,23,4,27): error CS0234: The type or namespace name 'Core' does not exist in the namespace 'Hrot.Blueprints' (are you missing an assembly reference?)
107>D:\Work\IOS-IG-SimHost-FDP-2\Hrot\Subsystems\Blueprints\Hrot.Blueprints.Tests\Compiler\Stage5_ScheduleTests\LatentBlockSplitTests.cs(5,23,5,27): error CS0234: The type or namespace name 'Core' does not exist in the namespace 'Hrot.Blueprints' (are you missing an assembly reference?)
107>D:\Work\IOS-IG-SimHost-FDP-2\Hrot\Subsystems\Blueprints\Hrot.Blueprints.Tests\Compiler\Stage5_ScheduleTests\LatentBlockSplitTests.cs(6,23,6,27): error CS0234: The type or namespace name 'Core' does not exist in the namespace 'Hrot.Blueprints' (are you missing an assembly reference?)
107>D:\Work\IOS-IG-SimHost-FDP-2\Hrot\Subsystems\Blueprints\Hrot.Blueprints.Tests\Compiler\Stage6_LoweringTests\AiPrimitiveLoweringTests.cs(1,7,1,10): error CS0246: The type or namespace name 'Fdp' could not be found (are you missing a using directive or an assembly reference?)
107>D:\Work\IOS-IG-SimHost-FDP-2\Hrot\Subsystems\Blueprints\Hrot.Blueprints.Tests\Compiler\Stage6_LoweringTests\AiPrimitiveLoweringTests.cs(2,23,2,27): error CS0234: The type or namespace name 'Core' does not exist in the namespace 'Hrot.Blueprints' (are you missing an assembly reference?)
107>D:\Work\IOS-IG-SimHost-FDP-2\Hrot\Subsystems\Blueprints\Hrot.Blueprints.Tests\Compiler\Stage6_LoweringTests\AiPrimitiveLoweringTests.cs(3,23,3,27): error CS0234: The type or namespace name 'Core' does not exist in the namespace 'Hrot.Blueprints' (are you missing an assembly reference?)
107>D:\Work\IOS-IG-SimHost-FDP-2\Hrot\Subsystems\Blueprints\Hrot.Blueprints.Tests\Compiler\Stage6_LoweringTests\AiPrimitiveLoweringTests.cs(4,23,4,27): error CS0234: The type or namespace name 'Core' does not exist in the namespace 'Hrot.Blueprints' (are you missing an assembly reference?)
107>D:\Work\IOS-IG-SimHost-FDP-2\Hrot\Subsystems\Blueprints\Hrot.Blueprints.Tests\Compiler\Stage6_LoweringTests\AiPrimitiveLoweringTests.cs(5,23,5,27): error CS0234: The type or namespace name 'Core' does not exist in the namespace 'Hrot.Blueprints' (are you missing an assembly reference?)
107>D:\Work\IOS-IG-SimHost-FDP-2\Hrot\Subsystems\Blueprints\Hrot.Blueprints.Tests\Compiler\Stage6_LoweringTests\AiPrimitiveLoweringTests.cs(6,23,6,27): error CS0234: The type or namespace name 'Core' does not exist in the namespace 'Hrot.Blueprints' (are you missing an assembly reference?)
107>D:\Work\IOS-IG-SimHost-FDP-2\Hrot\Subsystems\Blueprints\Hrot.Blueprints.Tests\Compiler\Stage6_LoweringTests\AiPrimitiveLoweringTests.cs(7,23,7,27): error CS0234: The type or namespace name 'Core' does not exist in the namespace 'Hrot.Blueprints' (are you missing an assembly reference?)
107>D:\Work\IOS-IG-SimHost-FDP-2\Hrot\Subsystems\Blueprints\Hrot.Blueprints.Tests\Compiler\Stage6_LoweringTests\ChannelCommandLoweringTests.cs(1,7,1,10): error CS0246: The type or namespace name 'Fdp' could not be found (are you missing a using directive or an assembly reference?)
107>D:\Work\IOS-IG-SimHost-FDP-2\Hrot\Subsystems\Blueprints\Hrot.Blueprints.Tests\Compiler\Stage6_LoweringTests\ChannelCommandLoweringTests.cs(2,23,2,27): error CS0234: The type or namespace name 'Core' does not exist in the namespace 'Hrot.Blueprints' (are you missing an assembly reference?)
107>D:\Work\IOS-IG-SimHost-FDP-2\Hrot\Subsystems\Blueprints\Hrot.Blueprints.Tests\Compiler\Stage6_LoweringTests\ChannelCommandLoweringTests.cs(3,23,3,27): error CS0234: The type or namespace name 'Core' does not exist in the namespace 'Hrot.Blueprints' (are you missing an assembly reference?)
107>D:\Work\IOS-IG-SimHost-FDP-2\Hrot\Subsystems\Blueprints\Hrot.Blueprints.Tests\Compiler\Stage6_LoweringTests\ChannelCommandLoweringTests.cs(4,23,4,27): error CS0234: The type or namespace name 'Core' does not exist in the namespace 'Hrot.Blueprints' (are you missing an assembly reference?)
107>D:\Work\IOS-IG-SimHost-FDP-2\Hrot\Subsystems\Blueprints\Hrot.Blueprints.Tests\Compiler\Stage6_LoweringTests\ChannelCommandLoweringTests.cs(5,23,5,27): error CS0234: The type or namespace name 'Core' does not exist in the namespace 'Hrot.Blueprints' (are you missing an assembly reference?)
107>D:\Work\IOS-IG-SimHost-FDP-2\Hrot\Subsystems\Blueprints\Hrot.Blueprints.Tests\Compiler\Stage6_LoweringTests\ChannelCommandLoweringTests.cs(6,23,6,27): error CS0234: The type or namespace name 'Core' does not exist in the namespace 'Hrot.Blueprints' (are you missing an assembly reference?)
107>D:\Work\IOS-IG-SimHost-FDP-2\Hrot\Subsystems\Blueprints\Hrot.Blueprints.Tests\Compiler\Stage6_LoweringTests\ChannelCommandLoweringTests.cs(7,23,7,27): error CS0234: The type or namespace name 'Core' does not exist in the namespace 'Hrot.Blueprints' (are you missing an assembly reference?)
107>D:\Work\IOS-IG-SimHost-FDP-2\Hrot\Subsystems\Blueprints\Hrot.Blueprints.Tests\Compiler\Stage6_LoweringTests\DebugProbeInsertionTests.cs(1,7,1,10): error CS0246: The type or namespace name 'Fdp' could not be found (are you missing a using directive or an assembly reference?)
107>D:\Work\IOS-IG-SimHost-FDP-2\Hrot\Subsystems\Blueprints\Hrot.Blueprints.Tests\Compiler\Stage6_LoweringTests\DebugProbeInsertionTests.cs(2,23,2,27): error CS0234: The type or namespace name 'Core' does not exist in the namespace 'Hrot.Blueprints' (are you missing an assembly reference?)
107>D:\Work\IOS-IG-SimHost-FDP-2\Hrot\Subsystems\Blueprints\Hrot.Blueprints.Tests\Compiler\Stage6_LoweringTests\DebugProbeInsertionTests.cs(3,23,3,27): error CS0234: The type or namespace name 'Core' does not exist in the namespace 'Hrot.Blueprints' (are you missing an assembly reference?)
107>D:\Work\IOS-IG-SimHost-FDP-2\Hrot\Subsystems\Blueprints\Hrot.Blueprints.Tests\Compiler\Stage6_LoweringTests\DebugProbeInsertionTests.cs(4,23,4,27): error CS0234: The type or namespace name 'Core' does not exist in the namespace 'Hrot.Blueprints' (are you missing an assembly reference?)
107>D:\Work\IOS-IG-SimHost-FDP-2\Hrot\Subsystems\Blueprints\Hrot.Blueprints.Tests\Compiler\Stage6_LoweringTests\DebugProbeInsertionTests.cs(5,23,5,27): error CS0234: The type or namespace name 'Core' does not exist in the namespace 'Hrot.Blueprints' (are you missing an assembly reference?)
107>D:\Work\IOS-IG-SimHost-FDP-2\Hrot\Subsystems\Blueprints\Hrot.Blueprints.Tests\Compiler\Stage6_LoweringTests\DebugProbeInsertionTests.cs(6,23,6,27): error CS0234: The type or namespace name 'Core' does not exist in the namespace 'Hrot.Blueprints' (are you missing an assembly reference?)
107>D:\Work\IOS-IG-SimHost-FDP-2\Hrot\Subsystems\Blueprints\Hrot.Blueprints.Tests\Compiler\Stage6_LoweringTests\DebugProbeInsertionTests.cs(7,23,7,27): error CS0234: The type or namespace name 'Core' does not exist in the namespace 'Hrot.Blueprints' (are you missing an assembly reference?)
107>D:\Work\IOS-IG-SimHost-FDP-2\Hrot\Subsystems\Blueprints\Hrot.Blueprints.Tests\Compiler\Stage6_LoweringTests\InstanceLoweringTests.cs(1,7,1,10): error CS0246: The type or namespace name 'Fdp' could not be found (are you missing a using directive or an assembly reference?)
107>D:\Work\IOS-IG-SimHost-FDP-2\Hrot\Subsystems\Blueprints\Hrot.Blueprints.Tests\Compiler\Stage6_LoweringTests\InstanceLoweringTests.cs(2,23,2,27): error CS0234: The type or namespace name 'Core' does not exist in the namespace 'Hrot.Blueprints' (are you missing an assembly reference?)
107>D:\Work\IOS-IG-SimHost-FDP-2\Hrot\Subsystems\Blueprints\Hrot.Blueprints.Tests\Compiler\Stage6_LoweringTests\InstanceLoweringTests.cs(3,23,3,27): error CS0234: The type or namespace name 'Core' does not exist in the namespace 'Hrot.Blueprints' (are you missing an assembly reference?)
107>D:\Work\IOS-IG-SimHost-FDP-2\Hrot\Subsystems\Blueprints\Hrot.Blueprints.Tests\Compiler\Stage6_LoweringTests\InstanceLoweringTests.cs(4,23,4,27): error CS0234: The type or namespace name 'Core' does not exist in the namespace 'Hrot.Blueprints' (are you missing an assembly reference?)
107>D:\Work\IOS-IG-SimHost-FDP-2\Hrot\Subsystems\Blueprints\Hrot.Blueprints.Tests\Compiler\Stage6_LoweringTests\InstanceLoweringTests.cs(5,23,5,27): error CS0234: The type or namespace name 'Core' does not exist in the namespace 'Hrot.Blueprints' (are you missing an assembly reference?)
107>D:\Work\IOS-IG-SimHost-FDP-2\Hrot\Subsystems\Blueprints\Hrot.Blueprints.Tests\Compiler\Stage6_LoweringTests\InstanceLoweringTests.cs(6,23,6,27): error CS0234: The type or namespace name 'Core' does not exist in the namespace 'Hrot.Blueprints' (are you missing an assembly reference?)
107>D:\Work\IOS-IG-SimHost-FDP-2\Hrot\Subsystems\Blueprints\Hrot.Blueprints.Tests\Compiler\Stage6_LoweringTests\InstanceLoweringTests.cs(7,23,7,27): error CS0234: The type or namespace name 'Core' does not exist in the namespace 'Hrot.Blueprints' (are you missing an assembly reference?)
107>D:\Work\IOS-IG-SimHost-FDP-2\Hrot\Subsystems\Blueprints\Hrot.Blueprints.Tests\Compiler\Stage6_LoweringTests\LibraryLoweringTests.cs(9,43,9,47): error CS0234: The type or namespace name 'Core' does not exist in the namespace 'Hrot.Blueprints' (are you missing an assembly reference?)
107>D:\Work\IOS-IG-SimHost-FDP-2\Hrot\Subsystems\Blueprints\Hrot.Blueprints.Tests\Compiler\Stage6_LoweringTests\LibraryLoweringTests.cs(1,7,1,10): error CS0246: The type or namespace name 'Fdp' could not be found (are you missing a using directive or an assembly reference?)
107>D:\Work\IOS-IG-SimHost-FDP-2\Hrot\Subsystems\Blueprints\Hrot.Blueprints.Tests\Compiler\Stage6_LoweringTests\LibraryLoweringTests.cs(2,23,2,27): error CS0234: The type or namespace name 'Core' does not exist in the namespace 'Hrot.Blueprints' (are you missing an assembly reference?)
107>D:\Work\IOS-IG-SimHost-FDP-2\Hrot\Subsystems\Blueprints\Hrot.Blueprints.Tests\Compiler\Stage6_LoweringTests\LibraryLoweringTests.cs(3,23,3,27): error CS0234: The type or namespace name 'Core' does not exist in the namespace 'Hrot.Blueprints' (are you missing an assembly reference?)
107>D:\Work\IOS-IG-SimHost-FDP-2\Hrot\Subsystems\Blueprints\Hrot.Blueprints.Tests\Compiler\Stage6_LoweringTests\LibraryLoweringTests.cs(4,23,4,27): error CS0234: The type or namespace name 'Core' does not exist in the namespace 'Hrot.Blueprints' (are you missing an assembly reference?)
107>D:\Work\IOS-IG-SimHost-FDP-2\Hrot\Subsystems\Blueprints\Hrot.Blueprints.Tests\Compiler\Stage6_LoweringTests\LibraryLoweringTests.cs(5,23,5,27): error CS0234: The type or namespace name 'Core' does not exist in the namespace 'Hrot.Blueprints' (are you missing an assembly reference?)
107>D:\Work\IOS-IG-SimHost-FDP-2\Hrot\Subsystems\Blueprints\Hrot.Blueprints.Tests\Compiler\Stage6_LoweringTests\LibraryLoweringTests.cs(6,23,6,27): error CS0234: The type or namespace name 'Core' does not exist in the namespace 'Hrot.Blueprints' (are you missing an assembly reference?)
107>D:\Work\IOS-IG-SimHost-FDP-2\Hrot\Subsystems\Blueprints\Hrot.Blueprints.Tests\Compiler\Stage6_LoweringTests\LibraryLoweringTests.cs(7,23,7,27): error CS0234: The type or namespace name 'Core' does not exist in the namespace 'Hrot.Blueprints' (are you missing an assembly reference?)
107>D:\Work\IOS-IG-SimHost-FDP-2\Hrot\Subsystems\Blueprints\Hrot.Blueprints.Tests\Compiler\Stage6_LoweringTests\ReadEqsResultLoweringTests.cs(7,43,7,47): error CS0234: The type or namespace name 'Core' does not exist in the namespace 'Hrot.Blueprints' (are you missing an assembly reference?)
107>D:\Work\IOS-IG-SimHost-FDP-2\Hrot\Subsystems\Blueprints\Hrot.Blueprints.Tests\Compiler\Stage6_LoweringTests\ReadEqsResultLoweringTests.cs(1,23,1,27): error CS0234: The type or namespace name 'Core' does not exist in the namespace 'Hrot.Blueprints' (are you missing an assembly reference?)
107>D:\Work\IOS-IG-SimHost-FDP-2\Hrot\Subsystems\Blueprints\Hrot.Blueprints.Tests\Compiler\Stage6_LoweringTests\ReadEqsResultLoweringTests.cs(2,23,2,27): error CS0234: The type or namespace name 'Core' does not exist in the namespace 'Hrot.Blueprints' (are you missing an assembly reference?)
107>D:\Work\IOS-IG-SimHost-FDP-2\Hrot\Subsystems\Blueprints\Hrot.Blueprints.Tests\Compiler\Stage6_LoweringTests\ReadEqsResultLoweringTests.cs(3,23,3,27): error CS0234: The type or namespace name 'Core' does not exist in the namespace 'Hrot.Blueprints' (are you missing an assembly reference?)
107>D:\Work\IOS-IG-SimHost-FDP-2\Hrot\Subsystems\Blueprints\Hrot.Blueprints.Tests\Compiler\Stage6_LoweringTests\ReadEqsResultLoweringTests.cs(4,23,4,27): error CS0234: The type or namespace name 'Core' does not exist in the namespace 'Hrot.Blueprints' (are you missing an assembly reference?)
107>D:\Work\IOS-IG-SimHost-FDP-2\Hrot\Subsystems\Blueprints\Hrot.Blueprints.Tests\Compiler\Stage6_LoweringTests\ReadEqsResultLoweringTests.cs(5,23,5,27): error CS0234: The type or namespace name 'Core' does not exist in the namespace 'Hrot.Blueprints' (are you missing an assembly reference?)
107>D:\Work\IOS-IG-SimHost-FDP-2\Hrot\Subsystems\Blueprints\Hrot.Blueprints.Tests\Compiler\Stage6_LoweringTests\ReadEqsResultLoweringTests.cs(6,23,6,27): error CS0234: The type or namespace name 'Core' does not exist in the namespace 'Hrot.Blueprints' (are you missing an assembly reference?)
107>D:\Work\IOS-IG-SimHost-FDP-2\Hrot\Subsystems\Blueprints\Hrot.Blueprints.Tests\Compiler\Stage6_LoweringTests\SpawnEqsSensorLoweringTests.cs(8,43,8,47): error CS0234: The type or namespace name 'Core' does not exist in the namespace 'Hrot.Blueprints' (are you missing an assembly reference?)
107>D:\Work\IOS-IG-SimHost-FDP-2\Hrot\Subsystems\Blueprints\Hrot.Blueprints.Tests\Compiler\Stage6_LoweringTests\SpawnEqsSensorLoweringTests.cs(1,7,1,10): error CS0246: The type or namespace name 'Fdp' could not be found (are you missing a using directive or an assembly reference?)
107>D:\Work\IOS-IG-SimHost-FDP-2\Hrot\Subsystems\Blueprints\Hrot.Blueprints.Tests\Compiler\Stage6_LoweringTests\SpawnEqsSensorLoweringTests.cs(2,23,2,27): error CS0234: The type or namespace name 'Core' does not exist in the namespace 'Hrot.Blueprints' (are you missing an assembly reference?)
107>D:\Work\IOS-IG-SimHost-FDP-2\Hrot\Subsystems\Blueprints\Hrot.Blueprints.Tests\Compiler\Stage6_LoweringTests\SpawnEqsSensorLoweringTests.cs(3,23,3,27): error CS0234: The type or namespace name 'Core' does not exist in the namespace 'Hrot.Blueprints' (are you missing an assembly reference?)
107>D:\Work\IOS-IG-SimHost-FDP-2\Hrot\Subsystems\Blueprints\Hrot.Blueprints.Tests\Compiler\Stage6_LoweringTests\SpawnEqsSensorLoweringTests.cs(4,23,4,27): error CS0234: The type or namespace name 'Core' does not exist in the namespace 'Hrot.Blueprints' (are you missing an assembly reference?)
107>D:\Work\IOS-IG-SimHost-FDP-2\Hrot\Subsystems\Blueprints\Hrot.Blueprints.Tests\Compiler\Stage6_LoweringTests\SpawnEqsSensorLoweringTests.cs(5,23,5,27): error CS0234: The type or namespace name 'Core' does not exist in the namespace 'Hrot.Blueprints' (are you missing an assembly reference?)
107>D:\Work\IOS-IG-SimHost-FDP-2\Hrot\Subsystems\Blueprints\Hrot.Blueprints.Tests\Compiler\Stage6_LoweringTests\SpawnEqsSensorLoweringTests.cs(6,23,6,27): error CS0234: The type or namespace name 'Core' does not exist in the namespace 'Hrot.Blueprints' (are you missing an assembly reference?)
107>D:\Work\IOS-IG-SimHost-FDP-2\Hrot\Subsystems\Blueprints\Hrot.Blueprints.Tests\Compiler\Stage6_LoweringTests\SpawnEqsSensorLoweringTests.cs(7,23,7,27): error CS0234: The type or namespace name 'Core' does not exist in the namespace 'Hrot.Blueprints' (are you missing an assembly reference?)
107>D:\Work\IOS-IG-SimHost-FDP-2\Hrot\Subsystems\Blueprints\Hrot.Blueprints.Tests\Compiler\Stage6_LoweringTests\WhenNodeEqsLoweringTests.cs(7,43,7,47): error CS0234: The type or namespace name 'Core' does not exist in the namespace 'Hrot.Blueprints' (are you missing an assembly reference?)
107>D:\Work\IOS-IG-SimHost-FDP-2\Hrot\Subsystems\Blueprints\Hrot.Blueprints.Tests\Compiler\Stage6_LoweringTests\WhenNodeEqsLoweringTests.cs(1,23,1,27): error CS0234: The type or namespace name 'Core' does not exist in the namespace 'Hrot.Blueprints' (are you missing an assembly reference?)
107>D:\Work\IOS-IG-SimHost-FDP-2\Hrot\Subsystems\Blueprints\Hrot.Blueprints.Tests\Compiler\Stage6_LoweringTests\WhenNodeEqsLoweringTests.cs(2,23,2,27): error CS0234: The type or namespace name 'Core' does not exist in the namespace 'Hrot.Blueprints' (are you missing an assembly reference?)
107>D:\Work\IOS-IG-SimHost-FDP-2\Hrot\Subsystems\Blueprints\Hrot.Blueprints.Tests\Compiler\Stage6_LoweringTests\WhenNodeEqsLoweringTests.cs(3,23,3,27): error CS0234: The type or namespace name 'Core' does not exist in the namespace 'Hrot.Blueprints' (are you missing an assembly reference?)
107>D:\Work\IOS-IG-SimHost-FDP-2\Hrot\Subsystems\Blueprints\Hrot.Blueprints.Tests\Compiler\Stage6_LoweringTests\WhenNodeEqsLoweringTests.cs(4,23,4,27): error CS0234: The type or namespace name 'Core' does not exist in the namespace 'Hrot.Blueprints' (are you missing an assembly reference?)
107>D:\Work\IOS-IG-SimHost-FDP-2\Hrot\Subsystems\Blueprints\Hrot.Blueprints.Tests\Compiler\Stage6_LoweringTests\WhenNodeEqsLoweringTests.cs(5,23,5,27): error CS0234: The type or namespace name 'Core' does not exist in the namespace 'Hrot.Blueprints' (are you missing an assembly reference?)
107>D:\Work\IOS-IG-SimHost-FDP-2\Hrot\Subsystems\Blueprints\Hrot.Blueprints.Tests\Compiler\Stage6_LoweringTests\WhenNodeEqsLoweringTests.cs(6,23,6,27): error CS0234: The type or namespace name 'Core' does not exist in the namespace 'Hrot.Blueprints' (are you missing an assembly reference?)
107>D:\Work\IOS-IG-SimHost-FDP-2\Hrot\Subsystems\Blueprints\Hrot.Blueprints.Tests\Compiler\Stage6_LoweringTests\WhenNodeLoweringTests.cs(10,43,10,47): error CS0234: The type or namespace name 'Core' does not exist in the namespace 'Hrot.Blueprints' (are you missing an assembly reference?)
107>D:\Work\IOS-IG-SimHost-FDP-2\Hrot\Subsystems\Blueprints\Hrot.Blueprints.Tests\Compiler\Stage6_LoweringTests\WhenNodeLoweringTests.cs(1,7,1,10): error CS0246: The type or namespace name 'Fdp' could not be found (are you missing a using directive or an assembly reference?)
107>D:\Work\IOS-IG-SimHost-FDP-2\Hrot\Subsystems\Blueprints\Hrot.Blueprints.Tests\Compiler\Stage6_LoweringTests\WhenNodeLoweringTests.cs(2,23,2,27): error CS0234: The type or namespace name 'Core' does not exist in the namespace 'Hrot.Blueprints' (are you missing an assembly reference?)
107>D:\Work\IOS-IG-SimHost-FDP-2\Hrot\Subsystems\Blueprints\Hrot.Blueprints.Tests\Compiler\Stage6_LoweringTests\WhenNodeLoweringTests.cs(3,23,3,27): error CS0234: The type or namespace name 'Core' does not exist in the namespace 'Hrot.Blueprints' (are you missing an assembly reference?)
107>D:\Work\IOS-IG-SimHost-FDP-2\Hrot\Subsystems\Blueprints\Hrot.Blueprints.Tests\Compiler\Stage6_LoweringTests\WhenNodeLoweringTests.cs(4,23,4,27): error CS0234: The type or namespace name 'Core' does not exist in the namespace 'Hrot.Blueprints' (are you missing an assembly reference?)
107>D:\Work\IOS-IG-SimHost-FDP-2\Hrot\Subsystems\Blueprints\Hrot.Blueprints.Tests\Compiler\Stage6_LoweringTests\WhenNodeLoweringTests.cs(5,23,5,27): error CS0234: The type or namespace name 'Core' does not exist in the namespace 'Hrot.Blueprints' (are you missing an assembly reference?)
107>D:\Work\IOS-IG-SimHost-FDP-2\Hrot\Subsystems\Blueprints\Hrot.Blueprints.Tests\Compiler\Stage6_LoweringTests\WhenNodeLoweringTests.cs(6,23,6,27): error CS0234: The type or namespace name 'Core' does not exist in the namespace 'Hrot.Blueprints' (are you missing an assembly reference?)
107>D:\Work\IOS-IG-SimHost-FDP-2\Hrot\Subsystems\Blueprints\Hrot.Blueprints.Tests\Compiler\Stage6_LoweringTests\WhenNodeLoweringTests.cs(7,23,7,27): error CS0234: The type or namespace name 'Core' does not exist in the namespace 'Hrot.Blueprints' (are you missing an assembly reference?)
107>D:\Work\IOS-IG-SimHost-FDP-2\Hrot\Subsystems\Blueprints\Hrot.Blueprints.Tests\Compiler\Stage6_LoweringTests\WhenNodeLoweringTests.cs(9,7,9,10): error CS0246: The type or namespace name 'Fdp' could not be found (are you missing a using directive or an assembly reference?)
107>D:\Work\IOS-IG-SimHost-FDP-2\Hrot\Subsystems\Blueprints\Hrot.Blueprints.Tests\Compiler\Stage7_EmitTests\AiPrimitiveEmitGoldenTests.cs(1,7,1,10): error CS0246: The type or namespace name 'Fdp' could not be found (are you missing a using directive or an assembly reference?)
107>D:\Work\IOS-IG-SimHost-FDP-2\Hrot\Subsystems\Blueprints\Hrot.Blueprints.Tests\Compiler\Stage7_EmitTests\AiPrimitiveEmitGoldenTests.cs(2,23,2,27): error CS0234: The type or namespace name 'Core' does not exist in the namespace 'Hrot.Blueprints' (are you missing an assembly reference?)
107>D:\Work\IOS-IG-SimHost-FDP-2\Hrot\Subsystems\Blueprints\Hrot.Blueprints.Tests\Compiler\Stage7_EmitTests\AiPrimitiveEmitGoldenTests.cs(3,23,3,27): error CS0234: The type or namespace name 'Core' does not exist in the namespace 'Hrot.Blueprints' (are you missing an assembly reference?)
107>D:\Work\IOS-IG-SimHost-FDP-2\Hrot\Subsystems\Blueprints\Hrot.Blueprints.Tests\Compiler\Stage7_EmitTests\AiPrimitiveEmitGoldenTests.cs(4,23,4,27): error CS0234: The type or namespace name 'Core' does not exist in the namespace 'Hrot.Blueprints' (are you missing an assembly reference?)
107>D:\Work\IOS-IG-SimHost-FDP-2\Hrot\Subsystems\Blueprints\Hrot.Blueprints.Tests\Compiler\Stage7_EmitTests\AiPrimitiveEmitGoldenTests.cs(5,23,5,27): error CS0234: The type or namespace name 'Core' does not exist in the namespace 'Hrot.Blueprints' (are you missing an assembly reference?)
107>D:\Work\IOS-IG-SimHost-FDP-2\Hrot\Subsystems\Blueprints\Hrot.Blueprints.Tests\Compiler\Stage7_EmitTests\AiPrimitiveEmitGoldenTests.cs(6,23,6,27): error CS0234: The type or namespace name 'Core' does not exist in the namespace 'Hrot.Blueprints' (are you missing an assembly reference?)
107>D:\Work\IOS-IG-SimHost-FDP-2\Hrot\Subsystems\Blueprints\Hrot.Blueprints.Tests\Compiler\Stage7_EmitTests\BPF014_LatentDelayEmitTests.cs(1,7,1,10): error CS0246: The type or namespace name 'Fdp' could not be found (are you missing a using directive or an assembly reference?)
107>D:\Work\IOS-IG-SimHost-FDP-2\Hrot\Subsystems\Blueprints\Hrot.Blueprints.Tests\Compiler\Stage7_EmitTests\BPF014_LatentDelayEmitTests.cs(2,23,2,27): error CS0234: The type or namespace name 'Core' does not exist in the namespace 'Hrot.Blueprints' (are you missing an assembly reference?)
107>D:\Work\IOS-IG-SimHost-FDP-2\Hrot\Subsystems\Blueprints\Hrot.Blueprints.Tests\Compiler\Stage7_EmitTests\BPF014_LatentDelayEmitTests.cs(3,23,3,27): error CS0234: The type or namespace name 'Core' does not exist in the namespace 'Hrot.Blueprints' (are you missing an assembly reference?)
107>D:\Work\IOS-IG-SimHost-FDP-2\Hrot\Subsystems\Blueprints\Hrot.Blueprints.Tests\Compiler\Stage7_EmitTests\BPF014_LatentDelayEmitTests.cs(4,23,4,27): error CS0234: The type or namespace name 'Core' does not exist in the namespace 'Hrot.Blueprints' (are you missing an assembly reference?)
107>D:\Work\IOS-IG-SimHost-FDP-2\Hrot\Subsystems\Blueprints\Hrot.Blueprints.Tests\Compiler\Stage7_EmitTests\BPF014_LatentDelayEmitTests.cs(5,23,5,27): error CS0234: The type or namespace name 'Core' does not exist in the namespace 'Hrot.Blueprints' (are you missing an assembly reference?)
107>D:\Work\IOS-IG-SimHost-FDP-2\Hrot\Subsystems\Blueprints\Hrot.Blueprints.Tests\Compiler\Stage7_EmitTests\BPF015_DebugProbeEmitTests.cs(1,7,1,10): error CS0246: The type or namespace name 'Fdp' could not be found (are you missing a using directive or an assembly reference?)
107>D:\Work\IOS-IG-SimHost-FDP-2\Hrot\Subsystems\Blueprints\Hrot.Blueprints.Tests\Compiler\Stage7_EmitTests\BPF015_DebugProbeEmitTests.cs(2,23,2,27): error CS0234: The type or namespace name 'Core' does not exist in the namespace 'Hrot.Blueprints' (are you missing an assembly reference?)
107>D:\Work\IOS-IG-SimHost-FDP-2\Hrot\Subsystems\Blueprints\Hrot.Blueprints.Tests\Compiler\Stage7_EmitTests\BPF015_DebugProbeEmitTests.cs(3,23,3,27): error CS0234: The type or namespace name 'Core' does not exist in the namespace 'Hrot.Blueprints' (are you missing an assembly reference?)
107>D:\Work\IOS-IG-SimHost-FDP-2\Hrot\Subsystems\Blueprints\Hrot.Blueprints.Tests\Compiler\Stage7_EmitTests\BPF015_DebugProbeEmitTests.cs(4,23,4,27): error CS0234: The type or namespace name 'Core' does not exist in the namespace 'Hrot.Blueprints' (are you missing an assembly reference?)
107>D:\Work\IOS-IG-SimHost-FDP-2\Hrot\Subsystems\Blueprints\Hrot.Blueprints.Tests\Compiler\Stage7_EmitTests\BPF015_DebugProbeEmitTests.cs(5,23,5,27): error CS0234: The type or namespace name 'Core' does not exist in the namespace 'Hrot.Blueprints' (are you missing an assembly reference?)
107>D:\Work\IOS-IG-SimHost-FDP-2\Hrot\Subsystems\Blueprints\Hrot.Blueprints.Tests\Compiler\Stage7_EmitTests\BPF016_EventMethodEmitTests.cs(1,7,1,10): error CS0246: The type or namespace name 'Fdp' could not be found (are you missing a using directive or an assembly reference?)
107>D:\Work\IOS-IG-SimHost-FDP-2\Hrot\Subsystems\Blueprints\Hrot.Blueprints.Tests\Compiler\Stage7_EmitTests\BPF016_EventMethodEmitTests.cs(2,23,2,27): error CS0234: The type or namespace name 'Core' does not exist in the namespace 'Hrot.Blueprints' (are you missing an assembly reference?)
107>D:\Work\IOS-IG-SimHost-FDP-2\Hrot\Subsystems\Blueprints\Hrot.Blueprints.Tests\Compiler\Stage7_EmitTests\BPF016_EventMethodEmitTests.cs(3,23,3,27): error CS0234: The type or namespace name 'Core' does not exist in the namespace 'Hrot.Blueprints' (are you missing an assembly reference?)
107>D:\Work\IOS-IG-SimHost-FDP-2\Hrot\Subsystems\Blueprints\Hrot.Blueprints.Tests\Compiler\Stage7_EmitTests\BPF016_EventMethodEmitTests.cs(4,23,4,27): error CS0234: The type or namespace name 'Core' does not exist in the namespace 'Hrot.Blueprints' (are you missing an assembly reference?)
107>D:\Work\IOS-IG-SimHost-FDP-2\Hrot\Subsystems\Blueprints\Hrot.Blueprints.Tests\Compiler\Stage7_EmitTests\BPF016_EventMethodEmitTests.cs(5,23,5,27): error CS0234: The type or namespace name 'Core' does not exist in the namespace 'Hrot.Blueprints' (are you missing an assembly reference?)
107>D:\Work\IOS-IG-SimHost-FDP-2\Hrot\Subsystems\Blueprints\Hrot.Blueprints.Tests\Compiler\Stage7_EmitTests\BPF020_RaiseCustomEventEmitTests.cs(1,7,1,10): error CS0246: The type or namespace name 'Fdp' could not be found (are you missing a using directive or an assembly reference?)
107>D:\Work\IOS-IG-SimHost-FDP-2\Hrot\Subsystems\Blueprints\Hrot.Blueprints.Tests\Compiler\Stage7_EmitTests\BPF020_RaiseCustomEventEmitTests.cs(2,23,2,27): error CS0234: The type or namespace name 'Core' does not exist in the namespace 'Hrot.Blueprints' (are you missing an assembly reference?)
107>D:\Work\IOS-IG-SimHost-FDP-2\Hrot\Subsystems\Blueprints\Hrot.Blueprints.Tests\Compiler\Stage7_EmitTests\BPF020_RaiseCustomEventEmitTests.cs(3,23,3,27): error CS0234: The type or namespace name 'Core' does not exist in the namespace 'Hrot.Blueprints' (are you missing an assembly reference?)
107>D:\Work\IOS-IG-SimHost-FDP-2\Hrot\Subsystems\Blueprints\Hrot.Blueprints.Tests\Compiler\Stage7_EmitTests\BPF020_RaiseCustomEventEmitTests.cs(4,23,4,27): error CS0234: The type or namespace name 'Core' does not exist in the namespace 'Hrot.Blueprints' (are you missing an assembly reference?)
107>D:\Work\IOS-IG-SimHost-FDP-2\Hrot\Subsystems\Blueprints\Hrot.Blueprints.Tests\Compiler\Stage7_EmitTests\BPF020_RaiseCustomEventEmitTests.cs(5,23,5,27): error CS0234: The type or namespace name 'Core' does not exist in the namespace 'Hrot.Blueprints' (are you missing an assembly reference?)
107>D:\Work\IOS-IG-SimHost-FDP-2\Hrot\Subsystems\Blueprints\Hrot.Blueprints.Tests\Compiler\Stage7_EmitTests\FIX2_002_DebugMapEmitTests.cs(1,7,1,10): error CS0246: The type or namespace name 'Fdp' could not be found (are you missing a using directive or an assembly reference?)
107>D:\Work\IOS-IG-SimHost-FDP-2\Hrot\Subsystems\Blueprints\Hrot.Blueprints.Tests\Compiler\Stage7_EmitTests\FIX2_002_DebugMapEmitTests.cs(2,23,2,27): error CS0234: The type or namespace name 'Core' does not exist in the namespace 'Hrot.Blueprints' (are you missing an assembly reference?)
107>D:\Work\IOS-IG-SimHost-FDP-2\Hrot\Subsystems\Blueprints\Hrot.Blueprints.Tests\Compiler\Stage7_EmitTests\FIX2_002_DebugMapEmitTests.cs(3,23,3,27): error CS0234: The type or namespace name 'Core' does not exist in the namespace 'Hrot.Blueprints' (are you missing an assembly reference?)
107>D:\Work\IOS-IG-SimHost-FDP-2\Hrot\Subsystems\Blueprints\Hrot.Blueprints.Tests\Compiler\Stage7_EmitTests\FIX2_002_DebugMapEmitTests.cs(4,23,4,27): error CS0234: The type or namespace name 'Core' does not exist in the namespace 'Hrot.Blueprints' (are you missing an assembly reference?)
107>D:\Work\IOS-IG-SimHost-FDP-2\Hrot\Subsystems\Blueprints\Hrot.Blueprints.Tests\Compiler\Stage7_EmitTests\InstanceEmitGoldenTests.cs(1,7,1,10): error CS0246: The type or namespace name 'Fdp' could not be found (are you missing a using directive or an assembly reference?)
107>D:\Work\IOS-IG-SimHost-FDP-2\Hrot\Subsystems\Blueprints\Hrot.Blueprints.Tests\Compiler\Stage7_EmitTests\InstanceEmitGoldenTests.cs(2,23,2,27): error CS0234: The type or namespace name 'Core' does not exist in the namespace 'Hrot.Blueprints' (are you missing an assembly reference?)
107>D:\Work\IOS-IG-SimHost-FDP-2\Hrot\Subsystems\Blueprints\Hrot.Blueprints.Tests\Compiler\Stage7_EmitTests\InstanceEmitGoldenTests.cs(3,23,3,27): error CS0234: The type or namespace name 'Core' does not exist in the namespace 'Hrot.Blueprints' (are you missing an assembly reference?)
107>D:\Work\IOS-IG-SimHost-FDP-2\Hrot\Subsystems\Blueprints\Hrot.Blueprints.Tests\Compiler\Stage7_EmitTests\InstanceEmitGoldenTests.cs(4,23,4,27): error CS0234: The type or namespace name 'Core' does not exist in the namespace 'Hrot.Blueprints' (are you missing an assembly reference?)
107>D:\Work\IOS-IG-SimHost-FDP-2\Hrot\Subsystems\Blueprints\Hrot.Blueprints.Tests\Compiler\Stage7_EmitTests\InstanceEmitGoldenTests.cs(5,23,5,27): error CS0234: The type or namespace name 'Core' does not exist in the namespace 'Hrot.Blueprints' (are you missing an assembly reference?)
107>D:\Work\IOS-IG-SimHost-FDP-2\Hrot\Subsystems\Blueprints\Hrot.Blueprints.Tests\Compiler\Stage7_EmitTests\InstanceEmitGoldenTests.cs(6,23,6,27): error CS0234: The type or namespace name 'Core' does not exist in the namespace 'Hrot.Blueprints' (are you missing an assembly reference?)
107>D:\Work\IOS-IG-SimHost-FDP-2\Hrot\Subsystems\Blueprints\Hrot.Blueprints.Tests\Compiler\Stage7_EmitTests\LibraryEmitGoldenTests.cs(1,7,1,10): error CS0246: The type or namespace name 'Fdp' could not be found (are you missing a using directive or an assembly reference?)
107>D:\Work\IOS-IG-SimHost-FDP-2\Hrot\Subsystems\Blueprints\Hrot.Blueprints.Tests\Compiler\Stage7_EmitTests\LibraryEmitGoldenTests.cs(2,23,2,27): error CS0234: The type or namespace name 'Core' does not exist in the namespace 'Hrot.Blueprints' (are you missing an assembly reference?)
107>D:\Work\IOS-IG-SimHost-FDP-2\Hrot\Subsystems\Blueprints\Hrot.Blueprints.Tests\Compiler\Stage7_EmitTests\LibraryEmitGoldenTests.cs(3,23,3,27): error CS0234: The type or namespace name 'Core' does not exist in the namespace 'Hrot.Blueprints' (are you missing an assembly reference?)
107>D:\Work\IOS-IG-SimHost-FDP-2\Hrot\Subsystems\Blueprints\Hrot.Blueprints.Tests\Compiler\Stage7_EmitTests\LibraryEmitGoldenTests.cs(4,23,4,27): error CS0234: The type or namespace name 'Core' does not exist in the namespace 'Hrot.Blueprints' (are you missing an assembly reference?)
107>D:\Work\IOS-IG-SimHost-FDP-2\Hrot\Subsystems\Blueprints\Hrot.Blueprints.Tests\Compiler\Stage7_EmitTests\LibraryEmitGoldenTests.cs(5,23,5,27): error CS0234: The type or namespace name 'Core' does not exist in the namespace 'Hrot.Blueprints' (are you missing an assembly reference?)
107>D:\Work\IOS-IG-SimHost-FDP-2\Hrot\Subsystems\Blueprints\Hrot.Blueprints.Tests\Compiler\Stage7_EmitTests\LibraryEmitGoldenTests.cs(6,23,6,27): error CS0234: The type or namespace name 'Core' does not exist in the namespace 'Hrot.Blueprints' (are you missing an assembly reference?)
107>D:\Work\IOS-IG-SimHost-FDP-2\Hrot\Subsystems\Blueprints\Hrot.Blueprints.Tests\Compiler\Stage7_EmitTests\SanitizerTests.cs(1,23,1,27): error CS0234: The type or namespace name 'Core' does not exist in the namespace 'Hrot.Blueprints' (are you missing an assembly reference?)
107>D:\Work\IOS-IG-SimHost-FDP-2\Hrot\Subsystems\Blueprints\Hrot.Blueprints.Tests\Compiler\Stage7_EmitTests\ThunkEmissionTests.cs(1,7,1,10): error CS0246: The type or namespace name 'Fdp' could not be found (are you missing a using directive or an assembly reference?)
107>D:\Work\IOS-IG-SimHost-FDP-2\Hrot\Subsystems\Blueprints\Hrot.Blueprints.Tests\Compiler\Stage7_EmitTests\ThunkEmissionTests.cs(2,23,2,27): error CS0234: The type or namespace name 'Core' does not exist in the namespace 'Hrot.Blueprints' (are you missing an assembly reference?)
107>D:\Work\IOS-IG-SimHost-FDP-2\Hrot\Subsystems\Blueprints\Hrot.Blueprints.Tests\Compiler\Stage7_EmitTests\ThunkEmissionTests.cs(3,23,3,27): error CS0234: The type or namespace name 'Core' does not exist in the namespace 'Hrot.Blueprints' (are you missing an assembly reference?)
107>D:\Work\IOS-IG-SimHost-FDP-2\Hrot\Subsystems\Blueprints\Hrot.Blueprints.Tests\Compiler\Stage7_EmitTests\ThunkEmissionTests.cs(4,23,4,27): error CS0234: The type or namespace name 'Core' does not exist in the namespace 'Hrot.Blueprints' (are you missing an assembly reference?)
107>D:\Work\IOS-IG-SimHost-FDP-2\Hrot\Subsystems\Blueprints\Hrot.Blueprints.Tests\Compiler\Stage7_EmitTests\ThunkEmissionTests.cs(5,23,5,27): error CS0234: The type or namespace name 'Core' does not exist in the namespace 'Hrot.Blueprints' (are you missing an assembly reference?)
107>D:\Work\IOS-IG-SimHost-FDP-2\Hrot\Subsystems\Blueprints\Hrot.Blueprints.Tests\Compiler\Stage7_EmitTests\ThunkEmissionTests.cs(6,23,6,27): error CS0234: The type or namespace name 'Core' does not exist in the namespace 'Hrot.Blueprints' (are you missing an assembly reference?)
107>D:\Work\IOS-IG-SimHost-FDP-2\Hrot\Subsystems\Blueprints\Hrot.Blueprints.Tests\Compiler\Stage8_RoslynTests\InMemoryCompileTests.cs(10,43,10,47): error CS0234: The type or namespace name 'Core' does not exist in the namespace 'Hrot.Blueprints' (are you missing an assembly reference?)
107>D:\Work\IOS-IG-SimHost-FDP-2\Hrot\Subsystems\Blueprints\Hrot.Blueprints.Tests\Compiler\Stage8_RoslynTests\InMemoryCompileTests.cs(9,48,9,52): error CS0234: The type or namespace name 'Core' does not exist in the namespace 'Hrot.Blueprints' (are you missing an assembly reference?)
107>D:\Work\IOS-IG-SimHost-FDP-2\Hrot\Subsystems\Blueprints\Hrot.Blueprints.Tests\Compiler\Stage8_RoslynTests\InMemoryCompileTests.cs(1,7,1,10): error CS0246: The type or namespace name 'Fdp' could not be found (are you missing a using directive or an assembly reference?)
107>D:\Work\IOS-IG-SimHost-FDP-2\Hrot\Subsystems\Blueprints\Hrot.Blueprints.Tests\Compiler\Stage8_RoslynTests\InMemoryCompileTests.cs(2,23,2,27): error CS0234: The type or namespace name 'Core' does not exist in the namespace 'Hrot.Blueprints' (are you missing an assembly reference?)
107>D:\Work\IOS-IG-SimHost-FDP-2\Hrot\Subsystems\Blueprints\Hrot.Blueprints.Tests\Compiler\Stage8_RoslynTests\InMemoryCompileTests.cs(3,23,3,27): error CS0234: The type or namespace name 'Core' does not exist in the namespace 'Hrot.Blueprints' (are you missing an assembly reference?)
107>D:\Work\IOS-IG-SimHost-FDP-2\Hrot\Subsystems\Blueprints\Hrot.Blueprints.Tests\Compiler\Stage8_RoslynTests\InMemoryCompileTests.cs(4,23,4,27): error CS0234: The type or namespace name 'Core' does not exist in the namespace 'Hrot.Blueprints' (are you missing an assembly reference?)
107>D:\Work\IOS-IG-SimHost-FDP-2\Hrot\Subsystems\Blueprints\Hrot.Blueprints.Tests\Compiler\Stage8_RoslynTests\InMemoryCompileTests.cs(5,23,5,27): error CS0234: The type or namespace name 'Core' does not exist in the namespace 'Hrot.Blueprints' (are you missing an assembly reference?)
107>D:\Work\IOS-IG-SimHost-FDP-2\Hrot\Subsystems\Blueprints\Hrot.Blueprints.Tests\Compiler\Stage8_RoslynTests\InMemoryCompileTests.cs(6,23,6,27): error CS0234: The type or namespace name 'Core' does not exist in the namespace 'Hrot.Blueprints' (are you missing an assembly reference?)
107>D:\Work\IOS-IG-SimHost-FDP-2\Hrot\Subsystems\Blueprints\Hrot.Blueprints.Tests\Compiler\Stage8_RoslynTests\InMemoryCompileTests.cs(7,23,7,27): error CS0234: The type or namespace name 'Core' does not exist in the namespace 'Hrot.Blueprints' (are you missing an assembly reference?)
107>D:\Work\IOS-IG-SimHost-FDP-2\Hrot\Subsystems\Blueprints\Hrot.Blueprints.Tests\Compiler\Stage8_RoslynTests\MetadataReferenceResolverTests.cs(1,23,1,27): error CS0234: The type or namespace name 'Core' does not exist in the namespace 'Hrot.Blueprints' (are you missing an assembly reference?)
107>D:\Work\IOS-IG-SimHost-FDP-2\Hrot\Subsystems\Blueprints\Hrot.Blueprints.Tests\Compiler\Stage8_RoslynTests\MetadataReferenceResolverTests.cs(2,7,2,10): error CS0246: The type or namespace name 'Fdp' could not be found (are you missing a using directive or an assembly reference?)
107>D:\Work\IOS-IG-SimHost-FDP-2\Hrot\Subsystems\Blueprints\Hrot.Blueprints.Tests\Compiler\Stage8_RoslynTests\PdbEmbeddedSourceTests.cs(1,23,1,27): error CS0234: The type or namespace name 'Core' does not exist in the namespace 'Hrot.Blueprints' (are you missing an assembly reference?)
107>D:\Work\IOS-IG-SimHost-FDP-2\Hrot\Subsystems\Blueprints\Hrot.Blueprints.Tests\Compiler\Stage8_RoslynTests\PdbEmbeddedSourceTests.cs(2,23,2,27): error CS0234: The type or namespace name 'Core' does not exist in the namespace 'Hrot.Blueprints' (are you missing an assembly reference?)
107>D:\Work\IOS-IG-SimHost-FDP-2\Hrot\Subsystems\Blueprints\Hrot.Blueprints.Tests\Compiler\Stage8_RoslynTests\PdbEmbeddedSourceTests.cs(3,23,3,27): error CS0234: The type or namespace name 'Core' does not exist in the namespace 'Hrot.Blueprints' (are you missing an assembly reference?)
107>D:\Work\IOS-IG-SimHost-FDP-2\Hrot\Subsystems\Blueprints\Hrot.Blueprints.Tests\Compiler\Stage8_RoslynTests\PdbEmbeddedSourceTests.cs(4,23,4,27): error CS0234: The type or namespace name 'Core' does not exist in the namespace 'Hrot.Blueprints' (are you missing an assembly reference?)
107>D:\Work\IOS-IG-SimHost-FDP-2\Hrot\Subsystems\Blueprints\Hrot.Blueprints.Tests\Compiler\Stage8_RoslynTests\PdbEmbeddedSourceTests.cs(5,23,5,27): error CS0234: The type or namespace name 'Core' does not exist in the namespace 'Hrot.Blueprints' (are you missing an assembly reference?)
107>D:\Work\IOS-IG-SimHost-FDP-2\Hrot\Subsystems\Blueprints\Hrot.Blueprints.Tests\Compiler\Stage8_RoslynTests\PdbEmbeddedSourceTests.cs(7,7,7,10): error CS0246: The type or namespace name 'Fdp' could not be found (are you missing a using directive or an assembly reference?)
107>D:\Work\IOS-IG-SimHost-FDP-2\Hrot\Subsystems\Blueprints\Hrot.Blueprints.Tests\Compiler\WhenNodeValidatorTests.cs(1,7,1,10): error CS0246: The type or namespace name 'Fdp' could not be found (are you missing a using directive or an assembly reference?)
107>D:\Work\IOS-IG-SimHost-FDP-2\Hrot\Subsystems\Blueprints\Hrot.Blueprints.Tests\Compiler\WhenNodeValidatorTests.cs(2,7,2,10): error CS0246: The type or namespace name 'Fdp' could not be found (are you missing a using directive or an assembly reference?)
107>D:\Work\IOS-IG-SimHost-FDP-2\Hrot\Subsystems\Blueprints\Hrot.Blueprints.Tests\Compiler\WhenNodeValidatorTests.cs(3,23,3,27): error CS0234: The type or namespace name 'Core' does not exist in the namespace 'Hrot.Blueprints' (are you missing an assembly reference?)
107>D:\Work\IOS-IG-SimHost-FDP-2\Hrot\Subsystems\Blueprints\Hrot.Blueprints.Tests\Compiler\WhenNodeValidatorTests.cs(4,23,4,27): error CS0234: The type or namespace name 'Core' does not exist in the namespace 'Hrot.Blueprints' (are you missing an assembly reference?)
107>D:\Work\IOS-IG-SimHost-FDP-2\Hrot\Subsystems\Blueprints\Hrot.Blueprints.Tests\Compiler\WhenNodeValidatorTests.cs(5,23,5,27): error CS0234: The type or namespace name 'Core' does not exist in the namespace 'Hrot.Blueprints' (are you missing an assembly reference?)
107>D:\Work\IOS-IG-SimHost-FDP-2\Hrot\Subsystems\Blueprints\Hrot.Blueprints.Tests\Compiler\WhenNodeValidatorTests.cs(6,23,6,27): error CS0234: The type or namespace name 'Core' does not exist in the namespace 'Hrot.Blueprints' (are you missing an assembly reference?)
107>D:\Work\IOS-IG-SimHost-FDP-2\Hrot\Subsystems\Blueprints\Hrot.Blueprints.Tests\Compiler\WhenNodeValidatorTests.cs(7,23,7,27): error CS0234: The type or namespace name 'Core' does not exist in the namespace 'Hrot.Blueprints' (are you missing an assembly reference?)
107>D:\Work\IOS-IG-SimHost-FDP-2\Hrot\Subsystems\Blueprints\Hrot.Blueprints.Tests\Debug\BlueprintDebugSessionLifecycleTests.cs(1,7,1,10): error CS0246: The type or namespace name 'Fdp' could not be found (are you missing a using directive or an assembly reference?)
107>D:\Work\IOS-IG-SimHost-FDP-2\Hrot\Subsystems\Blueprints\Hrot.Blueprints.Tests\Debug\BlueprintDebugSessionLifecycleTests.cs(2,7,2,10): error CS0246: The type or namespace name 'Fdp' could not be found (are you missing a using directive or an assembly reference?)
107>D:\Work\IOS-IG-SimHost-FDP-2\Hrot\Subsystems\Blueprints\Hrot.Blueprints.Tests\Debug\BlueprintDebugSessionLifecycleTests.cs(3,23,3,27): error CS0234: The type or namespace name 'Core' does not exist in the namespace 'Hrot.Blueprints' (are you missing an assembly reference?)
107>D:\Work\IOS-IG-SimHost-FDP-2\Hrot\Subsystems\Blueprints\Hrot.Blueprints.Tests\Debug\BlueprintDebugSessionLifecycleTests.cs(4,23,4,29): error CS0234: The type or namespace name 'Editor' does not exist in the namespace 'Hrot.Blueprints' (are you missing an assembly reference?)
107>D:\Work\IOS-IG-SimHost-FDP-2\Hrot\Subsystems\Blueprints\Hrot.Blueprints.Tests\Debug\BreakpointTests.cs(1,7,1,10): error CS0246: The type or namespace name 'Fdp' could not be found (are you missing a using directive or an assembly reference?)
107>D:\Work\IOS-IG-SimHost-FDP-2\Hrot\Subsystems\Blueprints\Hrot.Blueprints.Tests\Debug\BreakpointTests.cs(2,7,2,10): error CS0246: The type or namespace name 'Fdp' could not be found (are you missing a using directive or an assembly reference?)
107>D:\Work\IOS-IG-SimHost-FDP-2\Hrot\Subsystems\Blueprints\Hrot.Blueprints.Tests\Debug\BreakpointTests.cs(3,7,3,10): error CS0246: The type or namespace name 'Fdp' could not be found (are you missing a using directive or an assembly reference?)
107>D:\Work\IOS-IG-SimHost-FDP-2\Hrot\Subsystems\Blueprints\Hrot.Blueprints.Tests\Debug\BreakpointTests.cs(4,7,4,10): error CS0246: The type or namespace name 'Fdp' could not be found (are you missing a using directive or an assembly reference?)
107>D:\Work\IOS-IG-SimHost-FDP-2\Hrot\Subsystems\Blueprints\Hrot.Blueprints.Tests\Debug\BreakpointTests.cs(5,23,5,27): error CS0234: The type or namespace name 'Core' does not exist in the namespace 'Hrot.Blueprints' (are you missing an assembly reference?)
107>D:\Work\IOS-IG-SimHost-FDP-2\Hrot\Subsystems\Blueprints\Hrot.Blueprints.Tests\Debug\BreakpointTests.cs(6,23,6,27): error CS0234: The type or namespace name 'Core' does not exist in the namespace 'Hrot.Blueprints' (are you missing an assembly reference?)
107>D:\Work\IOS-IG-SimHost-FDP-2\Hrot\Subsystems\Blueprints\Hrot.Blueprints.Tests\Debug\DebugMapExtensionTests.cs(1,7,1,10): error CS0246: The type or namespace name 'Fdp' could not be found (are you missing a using directive or an assembly reference?)
107>D:\Work\IOS-IG-SimHost-FDP-2\Hrot\Subsystems\Blueprints\Hrot.Blueprints.Tests\Debug\DebugMapExtensionTests.cs(2,7,2,10): error CS0246: The type or namespace name 'Fdp' could not be found (are you missing a using directive or an assembly reference?)
107>D:\Work\IOS-IG-SimHost-FDP-2\Hrot\Subsystems\Blueprints\Hrot.Blueprints.Tests\Debug\DebugMapExtensionTests.cs(3,7,3,10): error CS0246: The type or namespace name 'Fdp' could not be found (are you missing a using directive or an assembly reference?)
107>D:\Work\IOS-IG-SimHost-FDP-2\Hrot\Subsystems\Blueprints\Hrot.Blueprints.Tests\Debug\DebugMapExtensionTests.cs(4,7,4,10): error CS0246: The type or namespace name 'Fdp' could not be found (are you missing a using directive or an assembly reference?)
107>D:\Work\IOS-IG-SimHost-FDP-2\Hrot\Subsystems\Blueprints\Hrot.Blueprints.Tests\Debug\DebugMapExtensionTests.cs(5,7,5,10): error CS0246: The type or namespace name 'Fdp' could not be found (are you missing a using directive or an assembly reference?)
107>D:\Work\IOS-IG-SimHost-FDP-2\Hrot\Subsystems\Blueprints\Hrot.Blueprints.Tests\Debug\DebugMapExtensionTests.cs(6,23,6,27): error CS0234: The type or namespace name 'Core' does not exist in the namespace 'Hrot.Blueprints' (are you missing an assembly reference?)
107>D:\Work\IOS-IG-SimHost-FDP-2\Hrot\Subsystems\Blueprints\Hrot.Blueprints.Tests\Debug\DebugMapExtensionTests.cs(7,23,7,27): error CS0234: The type or namespace name 'Core' does not exist in the namespace 'Hrot.Blueprints' (are you missing an assembly reference?)
107>D:\Work\IOS-IG-SimHost-FDP-2\Hrot\Subsystems\Blueprints\Hrot.Blueprints.Tests\Debug\DebugMapTests.cs(2,7,2,10): error CS0246: The type or namespace name 'Fdp' could not be found (are you missing a using directive or an assembly reference?)
107>D:\Work\IOS-IG-SimHost-FDP-2\Hrot\Subsystems\Blueprints\Hrot.Blueprints.Tests\Debug\DebugMapTests.cs(3,7,3,10): error CS0246: The type or namespace name 'Fdp' could not be found (are you missing a using directive or an assembly reference?)
107>D:\Work\IOS-IG-SimHost-FDP-2\Hrot\Subsystems\Blueprints\Hrot.Blueprints.Tests\Debug\DebugMapTests.cs(4,7,4,10): error CS0246: The type or namespace name 'Fdp' could not be found (are you missing a using directive or an assembly reference?)
107>D:\Work\IOS-IG-SimHost-FDP-2\Hrot\Subsystems\Blueprints\Hrot.Blueprints.Tests\Debug\DebugMapTests.cs(5,7,5,10): error CS0246: The type or namespace name 'Fdp' could not be found (are you missing a using directive or an assembly reference?)
107>D:\Work\IOS-IG-SimHost-FDP-2\Hrot\Subsystems\Blueprints\Hrot.Blueprints.Tests\Debug\DebugMapTests.cs(6,23,6,27): error CS0234: The type or namespace name 'Core' does not exist in the namespace 'Hrot.Blueprints' (are you missing an assembly reference?)
107>D:\Work\IOS-IG-SimHost-FDP-2\Hrot\Subsystems\Blueprints\Hrot.Blueprints.Tests\Debug\DebugMapTests.cs(7,23,7,27): error CS0234: The type or namespace name 'Core' does not exist in the namespace 'Hrot.Blueprints' (are you missing an assembly reference?)
107>D:\Work\IOS-IG-SimHost-FDP-2\Hrot\Subsystems\Blueprints\Hrot.Blueprints.Tests\Debug\DebugSessionInterfaceTests.cs(2,7,2,10): error CS0246: The type or namespace name 'Fdp' could not be found (are you missing a using directive or an assembly reference?)
107>D:\Work\IOS-IG-SimHost-FDP-2\Hrot\Subsystems\Blueprints\Hrot.Blueprints.Tests\Debug\DebugSessionInterfaceTests.cs(3,7,3,10): error CS0246: The type or namespace name 'Fdp' could not be found (are you missing a using directive or an assembly reference?)
107>D:\Work\IOS-IG-SimHost-FDP-2\Hrot\Subsystems\Blueprints\Hrot.Blueprints.Tests\Debug\DebugSessionInterfaceTests.cs(4,7,4,10): error CS0246: The type or namespace name 'Fdp' could not be found (are you missing a using directive or an assembly reference?)
107>D:\Work\IOS-IG-SimHost-FDP-2\Hrot\Subsystems\Blueprints\Hrot.Blueprints.Tests\Debug\DebugSessionInterfaceTests.cs(5,7,5,10): error CS0246: The type or namespace name 'Fdp' could not be found (are you missing a using directive or an assembly reference?)
107>D:\Work\IOS-IG-SimHost-FDP-2\Hrot\Subsystems\Blueprints\Hrot.Blueprints.Tests\Debug\DebugSessionInterfaceTests.cs(6,23,6,27): error CS0234: The type or namespace name 'Core' does not exist in the namespace 'Hrot.Blueprints' (are you missing an assembly reference?)
107>D:\Work\IOS-IG-SimHost-FDP-2\Hrot\Subsystems\Blueprints\Hrot.Blueprints.Tests\Debug\FIX2_009_InstanceStateInspectionTests.cs(3,7,3,10): error CS0246: The type or namespace name 'Fdp' could not be found (are you missing a using directive or an assembly reference?)
107>D:\Work\IOS-IG-SimHost-FDP-2\Hrot\Subsystems\Blueprints\Hrot.Blueprints.Tests\Debug\FIX2_009_InstanceStateInspectionTests.cs(4,7,4,10): error CS0246: The type or namespace name 'Fdp' could not be found (are you missing a using directive or an assembly reference?)
107>D:\Work\IOS-IG-SimHost-FDP-2\Hrot\Subsystems\Blueprints\Hrot.Blueprints.Tests\Debug\FIX2_009_InstanceStateInspectionTests.cs(5,7,5,10): error CS0246: The type or namespace name 'Fdp' could not be found (are you missing a using directive or an assembly reference?)
107>D:\Work\IOS-IG-SimHost-FDP-2\Hrot\Subsystems\Blueprints\Hrot.Blueprints.Tests\Debug\FIX2_009_InstanceStateInspectionTests.cs(6,7,6,10): error CS0246: The type or namespace name 'Fdp' could not be found (are you missing a using directive or an assembly reference?)
107>D:\Work\IOS-IG-SimHost-FDP-2\Hrot\Subsystems\Blueprints\Hrot.Blueprints.Tests\Debug\FIX2_009_InstanceStateInspectionTests.cs(7,7,7,10): error CS0246: The type or namespace name 'Fdp' could not be found (are you missing a using directive or an assembly reference?)
107>D:\Work\IOS-IG-SimHost-FDP-2\Hrot\Subsystems\Blueprints\Hrot.Blueprints.Tests\Debug\FIX2_009_InstanceStateInspectionTests.cs(8,7,8,10): error CS0246: The type or namespace name 'Fdp' could not be found (are you missing a using directive or an assembly reference?)
107>D:\Work\IOS-IG-SimHost-FDP-2\Hrot\Subsystems\Blueprints\Hrot.Blueprints.Tests\Debug\FIX2_009_InstanceStateInspectionTests.cs(9,23,9,27): error CS0234: The type or namespace name 'Core' does not exist in the namespace 'Hrot.Blueprints' (are you missing an assembly reference?)
107>D:\Work\IOS-IG-SimHost-FDP-2\Hrot\Subsystems\Blueprints\Hrot.Blueprints.Tests\Debug\FIX2_009_InstanceStateInspectionTests.cs(10,23,10,27): error CS0234: The type or namespace name 'Core' does not exist in the namespace 'Hrot.Blueprints' (are you missing an assembly reference?)
107>D:\Work\IOS-IG-SimHost-FDP-2\Hrot\Subsystems\Blueprints\Hrot.Blueprints.Tests\Debug\FIX2_009_InstanceStateInspectionTests.cs(11,23,11,27): error CS0234: The type or namespace name 'Core' does not exist in the namespace 'Hrot.Blueprints' (are you missing an assembly reference?)
107>D:\Work\IOS-IG-SimHost-FDP-2\Hrot\Subsystems\Blueprints\Hrot.Blueprints.Tests\Debug\FIX2_009_InstanceStateInspectionTests.cs(12,23,12,27): error CS0234: The type or namespace name 'Core' does not exist in the namespace 'Hrot.Blueprints' (are you missing an assembly reference?)
107>D:\Work\IOS-IG-SimHost-FDP-2\Hrot\Subsystems\Blueprints\Hrot.Blueprints.Tests\Debug\HotReloadInteractionTests.cs(1,7,1,10): error CS0246: The type or namespace name 'Fdp' could not be found (are you missing a using directive or an assembly reference?)
107>D:\Work\IOS-IG-SimHost-FDP-2\Hrot\Subsystems\Blueprints\Hrot.Blueprints.Tests\Debug\HotReloadInteractionTests.cs(2,7,2,10): error CS0246: The type or namespace name 'Fdp' could not be found (are you missing a using directive or an assembly reference?)
107>D:\Work\IOS-IG-SimHost-FDP-2\Hrot\Subsystems\Blueprints\Hrot.Blueprints.Tests\Debug\HotReloadInteractionTests.cs(3,7,3,10): error CS0246: The type or namespace name 'Fdp' could not be found (are you missing a using directive or an assembly reference?)
107>D:\Work\IOS-IG-SimHost-FDP-2\Hrot\Subsystems\Blueprints\Hrot.Blueprints.Tests\Debug\HotReloadInteractionTests.cs(4,7,4,10): error CS0246: The type or namespace name 'Fdp' could not be found (are you missing a using directive or an assembly reference?)
107>D:\Work\IOS-IG-SimHost-FDP-2\Hrot\Subsystems\Blueprints\Hrot.Blueprints.Tests\Debug\HotReloadInteractionTests.cs(5,23,5,27): error CS0234: The type or namespace name 'Core' does not exist in the namespace 'Hrot.Blueprints' (are you missing an assembly reference?)
107>D:\Work\IOS-IG-SimHost-FDP-2\Hrot\Subsystems\Blueprints\Hrot.Blueprints.Tests\Debug\HotReloadInteractionTests.cs(6,23,6,27): error CS0234: The type or namespace name 'Core' does not exist in the namespace 'Hrot.Blueprints' (are you missing an assembly reference?)
107>D:\Work\IOS-IG-SimHost-FDP-2\Hrot\Subsystems\Blueprints\Hrot.Blueprints.Tests\Debug\MockTimeController.cs(1,23,1,27): error CS0234: The type or namespace name 'Core' does not exist in the namespace 'Hrot.Blueprints' (are you missing an assembly reference?)
107>D:\Work\IOS-IG-SimHost-FDP-2\Hrot\Subsystems\Blueprints\Hrot.Blueprints.Tests\Debug\MultiEntityTests.cs(1,7,1,10): error CS0246: The type or namespace name 'Fdp' could not be found (are you missing a using directive or an assembly reference?)
107>D:\Work\IOS-IG-SimHost-FDP-2\Hrot\Subsystems\Blueprints\Hrot.Blueprints.Tests\Debug\MultiEntityTests.cs(2,7,2,10): error CS0246: The type or namespace name 'Fdp' could not be found (are you missing a using directive or an assembly reference?)
107>D:\Work\IOS-IG-SimHost-FDP-2\Hrot\Subsystems\Blueprints\Hrot.Blueprints.Tests\Debug\MultiEntityTests.cs(3,7,3,10): error CS0246: The type or namespace name 'Fdp' could not be found (are you missing a using directive or an assembly reference?)
107>D:\Work\IOS-IG-SimHost-FDP-2\Hrot\Subsystems\Blueprints\Hrot.Blueprints.Tests\Debug\MultiEntityTests.cs(4,7,4,10): error CS0246: The type or namespace name 'Fdp' could not be found (are you missing a using directive or an assembly reference?)
107>D:\Work\IOS-IG-SimHost-FDP-2\Hrot\Subsystems\Blueprints\Hrot.Blueprints.Tests\Debug\MultiEntityTests.cs(5,23,5,27): error CS0234: The type or namespace name 'Core' does not exist in the namespace 'Hrot.Blueprints' (are you missing an assembly reference?)
107>D:\Work\IOS-IG-SimHost-FDP-2\Hrot\Subsystems\Blueprints\Hrot.Blueprints.Tests\Debug\MultiEntityTests.cs(6,23,6,27): error CS0234: The type or namespace name 'Core' does not exist in the namespace 'Hrot.Blueprints' (are you missing an assembly reference?)
107>D:\Work\IOS-IG-SimHost-FDP-2\Hrot\Subsystems\Blueprints\Hrot.Blueprints.Tests\Debug\NodeHistoryTests.cs(1,7,1,10): error CS0246: The type or namespace name 'Fdp' could not be found (are you missing a using directive or an assembly reference?)
107>D:\Work\IOS-IG-SimHost-FDP-2\Hrot\Subsystems\Blueprints\Hrot.Blueprints.Tests\Debug\NodeHistoryTests.cs(2,7,2,10): error CS0246: The type or namespace name 'Fdp' could not be found (are you missing a using directive or an assembly reference?)
107>D:\Work\IOS-IG-SimHost-FDP-2\Hrot\Subsystems\Blueprints\Hrot.Blueprints.Tests\Debug\NodeHistoryTests.cs(3,7,3,10): error CS0246: The type or namespace name 'Fdp' could not be found (are you missing a using directive or an assembly reference?)
107>D:\Work\IOS-IG-SimHost-FDP-2\Hrot\Subsystems\Blueprints\Hrot.Blueprints.Tests\Debug\NodeHistoryTests.cs(4,7,4,10): error CS0246: The type or namespace name 'Fdp' could not be found (are you missing a using directive or an assembly reference?)
107>D:\Work\IOS-IG-SimHost-FDP-2\Hrot\Subsystems\Blueprints\Hrot.Blueprints.Tests\Debug\NodeHistoryTests.cs(5,23,5,27): error CS0234: The type or namespace name 'Core' does not exist in the namespace 'Hrot.Blueprints' (are you missing an assembly reference?)
107>D:\Work\IOS-IG-SimHost-FDP-2\Hrot\Subsystems\Blueprints\Hrot.Blueprints.Tests\Debug\ProbeDispatchTests.cs(2,7,2,10): error CS0246: The type or namespace name 'Fdp' could not be found (are you missing a using directive or an assembly reference?)
107>D:\Work\IOS-IG-SimHost-FDP-2\Hrot\Subsystems\Blueprints\Hrot.Blueprints.Tests\Debug\ProbeDispatchTests.cs(3,23,3,27): error CS0234: The type or namespace name 'Core' does not exist in the namespace 'Hrot.Blueprints' (are you missing an assembly reference?)
107>D:\Work\IOS-IG-SimHost-FDP-2\Hrot\Subsystems\Blueprints\Hrot.Blueprints.Tests\Debug\ProbeIntegrationTests.cs(1,7,1,10): error CS0246: The type or namespace name 'Fdp' could not be found (are you missing a using directive or an assembly reference?)
107>D:\Work\IOS-IG-SimHost-FDP-2\Hrot\Subsystems\Blueprints\Hrot.Blueprints.Tests\Debug\ProbeIntegrationTests.cs(2,7,2,10): error CS0246: The type or namespace name 'Fdp' could not be found (are you missing a using directive or an assembly reference?)
107>D:\Work\IOS-IG-SimHost-FDP-2\Hrot\Subsystems\Blueprints\Hrot.Blueprints.Tests\Debug\ProbeIntegrationTests.cs(3,7,3,10): error CS0246: The type or namespace name 'Fdp' could not be found (are you missing a using directive or an assembly reference?)
107>D:\Work\IOS-IG-SimHost-FDP-2\Hrot\Subsystems\Blueprints\Hrot.Blueprints.Tests\Debug\ProbeIntegrationTests.cs(4,7,4,10): error CS0246: The type or namespace name 'Fdp' could not be found (are you missing a using directive or an assembly reference?)
107>D:\Work\IOS-IG-SimHost-FDP-2\Hrot\Subsystems\Blueprints\Hrot.Blueprints.Tests\Debug\ProbeIntegrationTests.cs(5,23,5,27): error CS0234: The type or namespace name 'Core' does not exist in the namespace 'Hrot.Blueprints' (are you missing an assembly reference?)
107>D:\Work\IOS-IG-SimHost-FDP-2\Hrot\Subsystems\Blueprints\Hrot.Blueprints.Tests\Debug\ProbeIntegrationTests.cs(6,23,6,27): error CS0234: The type or namespace name 'Core' does not exist in the namespace 'Hrot.Blueprints' (are you missing an assembly reference?)
107>D:\Work\IOS-IG-SimHost-FDP-2\Hrot\Subsystems\Blueprints\Hrot.Blueprints.Tests\Debug\ProbeIntegrationTests.cs(7,23,7,29): error CS0234: The type or namespace name 'Editor' does not exist in the namespace 'Hrot.Blueprints' (are you missing an assembly reference?)
107>D:\Work\IOS-IG-SimHost-FDP-2\Hrot\Subsystems\Blueprints\Hrot.Blueprints.Tests\Debug\StateInspectorTests.cs(1,7,1,10): error CS0246: The type or namespace name 'Fdp' could not be found (are you missing a using directive or an assembly reference?)
107>D:\Work\IOS-IG-SimHost-FDP-2\Hrot\Subsystems\Blueprints\Hrot.Blueprints.Tests\Debug\StateInspectorTests.cs(2,7,2,10): error CS0246: The type or namespace name 'Fdp' could not be found (are you missing a using directive or an assembly reference?)
107>D:\Work\IOS-IG-SimHost-FDP-2\Hrot\Subsystems\Blueprints\Hrot.Blueprints.Tests\Debug\StateInspectorTests.cs(3,7,3,10): error CS0246: The type or namespace name 'Fdp' could not be found (are you missing a using directive or an assembly reference?)
107>D:\Work\IOS-IG-SimHost-FDP-2\Hrot\Subsystems\Blueprints\Hrot.Blueprints.Tests\Debug\StateInspectorTests.cs(4,7,4,10): error CS0246: The type or namespace name 'Fdp' could not be found (are you missing a using directive or an assembly reference?)
107>D:\Work\IOS-IG-SimHost-FDP-2\Hrot\Subsystems\Blueprints\Hrot.Blueprints.Tests\Debug\StateInspectorTests.cs(5,23,5,27): error CS0234: The type or namespace name 'Core' does not exist in the namespace 'Hrot.Blueprints' (are you missing an assembly reference?)
107>D:\Work\IOS-IG-SimHost-FDP-2\Hrot\Subsystems\Blueprints\Hrot.Blueprints.Tests\Debug\StateInspectorTests.cs(6,23,6,27): error CS0234: The type or namespace name 'Core' does not exist in the namespace 'Hrot.Blueprints' (are you missing an assembly reference?)
107>D:\Work\IOS-IG-SimHost-FDP-2\Hrot\Subsystems\Blueprints\Hrot.Blueprints.Tests\Debug\StepTests.cs(1,7,1,10): error CS0246: The type or namespace name 'Fdp' could not be found (are you missing a using directive or an assembly reference?)
107>D:\Work\IOS-IG-SimHost-FDP-2\Hrot\Subsystems\Blueprints\Hrot.Blueprints.Tests\Debug\StepTests.cs(2,7,2,10): error CS0246: The type or namespace name 'Fdp' could not be found (are you missing a using directive or an assembly reference?)
107>D:\Work\IOS-IG-SimHost-FDP-2\Hrot\Subsystems\Blueprints\Hrot.Blueprints.Tests\Debug\StepTests.cs(3,7,3,10): error CS0246: The type or namespace name 'Fdp' could not be found (are you missing a using directive or an assembly reference?)
107>D:\Work\IOS-IG-SimHost-FDP-2\Hrot\Subsystems\Blueprints\Hrot.Blueprints.Tests\Debug\StepTests.cs(4,7,4,10): error CS0246: The type or namespace name 'Fdp' could not be found (are you missing a using directive or an assembly reference?)
107>D:\Work\IOS-IG-SimHost-FDP-2\Hrot\Subsystems\Blueprints\Hrot.Blueprints.Tests\Debug\StepTests.cs(5,23,5,27): error CS0234: The type or namespace name 'Core' does not exist in the namespace 'Hrot.Blueprints' (are you missing an assembly reference?)
107>D:\Work\IOS-IG-SimHost-FDP-2\Hrot\Subsystems\Blueprints\Hrot.Blueprints.Tests\Debug\StepTests.cs(6,23,6,27): error CS0234: The type or namespace name 'Core' does not exist in the namespace 'Hrot.Blueprints' (are you missing an assembly reference?)
107>D:\Work\IOS-IG-SimHost-FDP-2\Hrot\Subsystems\Blueprints\Hrot.Blueprints.Tests\Debug\WatchTests.cs(3,7,3,10): error CS0246: The type or namespace name 'Fdp' could not be found (are you missing a using directive or an assembly reference?)
107>D:\Work\IOS-IG-SimHost-FDP-2\Hrot\Subsystems\Blueprints\Hrot.Blueprints.Tests\Debug\WatchTests.cs(4,7,4,10): error CS0246: The type or namespace name 'Fdp' could not be found (are you missing a using directive or an assembly reference?)
107>D:\Work\IOS-IG-SimHost-FDP-2\Hrot\Subsystems\Blueprints\Hrot.Blueprints.Tests\Debug\WatchTests.cs(5,7,5,10): error CS0246: The type or namespace name 'Fdp' could not be found (are you missing a using directive or an assembly reference?)
107>D:\Work\IOS-IG-SimHost-FDP-2\Hrot\Subsystems\Blueprints\Hrot.Blueprints.Tests\Debug\WatchTests.cs(6,7,6,10): error CS0246: The type or namespace name 'Fdp' could not be found (are you missing a using directive or an assembly reference?)
107>D:\Work\IOS-IG-SimHost-FDP-2\Hrot\Subsystems\Blueprints\Hrot.Blueprints.Tests\Debug\WatchTests.cs(7,23,7,27): error CS0234: The type or namespace name 'Core' does not exist in the namespace 'Hrot.Blueprints' (are you missing an assembly reference?)
107>D:\Work\IOS-IG-SimHost-FDP-2\Hrot\Subsystems\Blueprints\Hrot.Blueprints.Tests\Debug\WatchTests.cs(8,23,8,27): error CS0234: The type or namespace name 'Core' does not exist in the namespace 'Hrot.Blueprints' (are you missing an assembly reference?)
107>D:\Work\IOS-IG-SimHost-FDP-2\Hrot\Subsystems\Blueprints\Hrot.Blueprints.Tests\Demos\DoorActorDoorSensorDemoTests.cs(3,7,3,10): error CS0246: The type or namespace name 'Fdp' could not be found (are you missing a using directive or an assembly reference?)
107>D:\Work\IOS-IG-SimHost-FDP-2\Hrot\Subsystems\Blueprints\Hrot.Blueprints.Tests\Demos\HasVisibleTargetDemoTests.cs(3,7,3,10): error CS0246: The type or namespace name 'Fdp' could not be found (are you missing a using directive or an assembly reference?)
107>D:\Work\IOS-IG-SimHost-FDP-2\Hrot\Subsystems\Blueprints\Hrot.Blueprints.Tests\Demos\HasVisibleTargetDemoTests.cs(4,23,4,27): error CS0234: The type or namespace name 'Core' does not exist in the namespace 'Hrot.Blueprints' (are you missing an assembly reference?)
107>D:\Work\IOS-IG-SimHost-FDP-2\Hrot\Subsystems\Blueprints\Hrot.Blueprints.Tests\Demos\HealthRegenDemoTests.cs(3,7,3,10): error CS0246: The type or namespace name 'Fdp' could not be found (are you missing a using directive or an assembly reference?)
107>D:\Work\IOS-IG-SimHost-FDP-2\Hrot\Subsystems\Blueprints\Hrot.Blueprints.Tests\Demos\LibraryMathDemoTests.cs(3,7,3,10): error CS0246: The type or namespace name 'Fdp' could not be found (are you missing a using directive or an assembly reference?)
107>D:\Work\IOS-IG-SimHost-FDP-2\Hrot\Subsystems\Blueprints\Hrot.Blueprints.Tests\Demos\LibraryMathDemoTests.cs(4,23,4,27): error CS0234: The type or namespace name 'Core' does not exist in the namespace 'Hrot.Blueprints' (are you missing an assembly reference?)
107>D:\Work\IOS-IG-SimHost-FDP-2\Hrot\Subsystems\Blueprints\Hrot.Blueprints.Tests\Demos\LibraryMathDemoTests.cs(5,23,5,27): error CS0234: The type or namespace name 'Core' does not exist in the namespace 'Hrot.Blueprints' (are you missing an assembly reference?)
107>D:\Work\IOS-IG-SimHost-FDP-2\Hrot\Subsystems\Blueprints\Hrot.Blueprints.Tests\Demos\LibraryMathDemoTests.cs(6,23,6,27): error CS0234: The type or namespace name 'Core' does not exist in the namespace 'Hrot.Blueprints' (are you missing an assembly reference?)
107>D:\Work\IOS-IG-SimHost-FDP-2\Hrot\Subsystems\Blueprints\Hrot.Blueprints.Tests\Demos\MoveToAndFireDemoTests.cs(3,7,3,10): error CS0246: The type or namespace name 'Fdp' could not be found (are you missing a using directive or an assembly reference?)
107>D:\Work\IOS-IG-SimHost-FDP-2\Hrot\Subsystems\Blueprints\Hrot.Blueprints.Tests\Demos\MoveToAndFireDemoTests.cs(4,23,4,27): error CS0234: The type or namespace name 'Core' does not exist in the namespace 'Hrot.Blueprints' (are you missing an assembly reference?)
107>D:\Work\IOS-IG-SimHost-FDP-2\Hrot\Subsystems\Blueprints\Hrot.Blueprints.Tests\Demos\MoveToAndFireDemoTests.cs(5,23,5,27): error CS0234: The type or namespace name 'Core' does not exist in the namespace 'Hrot.Blueprints' (are you missing an assembly reference?)
107>D:\Work\IOS-IG-SimHost-FDP-2\Hrot\Subsystems\Blueprints\Hrot.Blueprints.Tests\Demos\MoveToAndFireDemoTests.cs(6,23,6,27): error CS0234: The type or namespace name 'Core' does not exist in the namespace 'Hrot.Blueprints' (are you missing an assembly reference?)
107>D:\Work\IOS-IG-SimHost-FDP-2\Hrot\Subsystems\Blueprints\Hrot.Blueprints.Tests\Demos\MoveToAndFireDemoTests.cs(7,23,7,27): error CS0234: The type or namespace name 'Core' does not exist in the namespace 'Hrot.Blueprints' (are you missing an assembly reference?)
107>D:\Work\IOS-IG-SimHost-FDP-2\Hrot\Subsystems\Blueprints\Hrot.Blueprints.Tests\Editor\AssetBrowserWindowTests.cs(1,23,1,29): error CS0234: The type or namespace name 'Editor' does not exist in the namespace 'Hrot.Blueprints' (are you missing an assembly reference?)
107>D:\Work\IOS-IG-SimHost-FDP-2\Hrot\Subsystems\Blueprints\Hrot.Blueprints.Tests\Editor\BlueprintAssetContributorTests.cs(1,23,1,29): error CS0234: The type or namespace name 'Editor' does not exist in the namespace 'Hrot.Blueprints' (are you missing an assembly reference?)
107>D:\Work\IOS-IG-SimHost-FDP-2\Hrot\Subsystems\Blueprints\Hrot.Blueprints.Tests\Editor\BlueprintAssetContributorTests.cs(2,23,2,27): error CS0234: The type or namespace name 'Core' does not exist in the namespace 'Hrot.Blueprints' (are you missing an assembly reference?)
107>D:\Work\IOS-IG-SimHost-FDP-2\Hrot\Subsystems\Blueprints\Hrot.Blueprints.Tests\Editor\BlueprintAssetContributorTests.cs(3,12,3,18): error CS0234: The type or namespace name 'Editor' does not exist in the namespace 'Hrot' (are you missing an assembly reference?)
107>D:\Work\IOS-IG-SimHost-FDP-2\Hrot\Subsystems\Blueprints\Hrot.Blueprints.Tests\Editor\BlueprintAssetContributorTests.cs(4,12,4,18): error CS0234: The type or namespace name 'Editor' does not exist in the namespace 'Hrot' (are you missing an assembly reference?)
107>D:\Work\IOS-IG-SimHost-FDP-2\Hrot\Subsystems\Blueprints\Hrot.Blueprints.Tests\Editor\BlueprintWindowRegistrarTests.cs(1,7,1,10): error CS0246: The type or namespace name 'Fdp' could not be found (are you missing a using directive or an assembly reference?)
107>D:\Work\IOS-IG-SimHost-FDP-2\Hrot\Subsystems\Blueprints\Hrot.Blueprints.Tests\Editor\BlueprintWindowRegistrarTests.cs(2,7,2,10): error CS0246: The type or namespace name 'Fdp' could not be found (are you missing a using directive or an assembly reference?)
107>D:\Work\IOS-IG-SimHost-FDP-2\Hrot\Subsystems\Blueprints\Hrot.Blueprints.Tests\Editor\BlueprintWindowRegistrarTests.cs(3,7,3,10): error CS0246: The type or namespace name 'Fdp' could not be found (are you missing a using directive or an assembly reference?)
107>D:\Work\IOS-IG-SimHost-FDP-2\Hrot\Subsystems\Blueprints\Hrot.Blueprints.Tests\Editor\BlueprintWindowRegistrarTests.cs(4,7,4,10): error CS0246: The type or namespace name 'Fdp' could not be found (are you missing a using directive or an assembly reference?)
107>D:\Work\IOS-IG-SimHost-FDP-2\Hrot\Subsystems\Blueprints\Hrot.Blueprints.Tests\Editor\BlueprintWindowRegistrarTests.cs(5,23,5,27): error CS0234: The type or namespace name 'Core' does not exist in the namespace 'Hrot.Blueprints' (are you missing an assembly reference?)
107>D:\Work\IOS-IG-SimHost-FDP-2\Hrot\Subsystems\Blueprints\Hrot.Blueprints.Tests\Editor\BlueprintWindowRegistrarTests.cs(6,23,6,29): error CS0234: The type or namespace name 'Editor' does not exist in the namespace 'Hrot.Blueprints' (are you missing an assembly reference?)
107>D:\Work\IOS-IG-SimHost-FDP-2\Hrot\Subsystems\Blueprints\Hrot.Blueprints.Tests\Editor\BlueprintWindowRegistrarTests.cs(7,23,7,29): error CS0234: The type or namespace name 'Editor' does not exist in the namespace 'Hrot.Blueprints' (are you missing an assembly reference?)
107>D:\Work\IOS-IG-SimHost-FDP-2\Hrot\Subsystems\Blueprints\Hrot.Blueprints.Tests\Editor\BlueprintWindowRegistrarTests.cs(8,23,8,29): error CS0234: The type or namespace name 'Editor' does not exist in the namespace 'Hrot.Blueprints' (are you missing an assembly reference?)
107>D:\Work\IOS-IG-SimHost-FDP-2\Hrot\Subsystems\Blueprints\Hrot.Blueprints.Tests\Editor\CommandHistoryTests.cs(1,23,1,27): error CS0234: The type or namespace name 'Core' does not exist in the namespace 'Hrot.Blueprints' (are you missing an assembly reference?)
107>D:\Work\IOS-IG-SimHost-FDP-2\Hrot\Subsystems\Blueprints\Hrot.Blueprints.Tests\Editor\CommandHistoryTests.cs(2,23,2,29): error CS0234: The type or namespace name 'Editor' does not exist in the namespace 'Hrot.Blueprints' (are you missing an assembly reference?)
107>D:\Work\IOS-IG-SimHost-FDP-2\Hrot\Subsystems\Blueprints\Hrot.Blueprints.Tests\Editor\ConditionSummaryAttachmentTests.cs(1,23,1,27): error CS0234: The type or namespace name 'Core' does not exist in the namespace 'Hrot.Blueprints' (are you missing an assembly reference?)
107>D:\Work\IOS-IG-SimHost-FDP-2\Hrot\Subsystems\Blueprints\Hrot.Blueprints.Tests\Editor\ConditionSummaryAttachmentTests.cs(2,23,2,29): error CS0234: The type or namespace name 'Editor' does not exist in the namespace 'Hrot.Blueprints' (are you missing an assembly reference?)
107>D:\Work\IOS-IG-SimHost-FDP-2\Hrot\Subsystems\Blueprints\Hrot.Blueprints.Tests\Editor\ConditionSummaryAttachmentTests.cs(3,23,3,29): error CS0234: The type or namespace name 'Editor' does not exist in the namespace 'Hrot.Blueprints' (are you missing an assembly reference?)
107>D:\Work\IOS-IG-SimHost-FDP-2\Hrot\Subsystems\Blueprints\Hrot.Blueprints.Tests\Editor\ConditionSummaryAttachmentTests.cs(4,7,4,17): error CS0246: The type or namespace name 'NodeEditor' could not be found (are you missing a using directive or an assembly reference?)
107>D:\Work\IOS-IG-SimHost-FDP-2\Hrot\Subsystems\Blueprints\Hrot.Blueprints.Tests\Editor\ConditionSummaryAttachmentTests.cs(5,7,5,17): error CS0246: The type or namespace name 'NodeEditor' could not be found (are you missing a using directive or an assembly reference?)
107>D:\Work\IOS-IG-SimHost-FDP-2\Hrot\Subsystems\Blueprints\Hrot.Blueprints.Tests\Editor\ConditionSummaryAttachmentTests.cs(6,7,6,17): error CS0246: The type or namespace name 'NodeEditor' could not be found (are you missing a using directive or an assembly reference?)
107>D:\Work\IOS-IG-SimHost-FDP-2\Hrot\Subsystems\Blueprints\Hrot.Blueprints.Tests\Editor\CountingWindow.cs(1,23,1,29): error CS0234: The type or namespace name 'Editor' does not exist in the namespace 'Hrot.Blueprints' (are you missing an assembly reference?)
107>D:\Work\IOS-IG-SimHost-FDP-2\Hrot\Subsystems\Blueprints\Hrot.Blueprints.Tests\Editor\CrossAssetDependencyAttachmentTests.cs(1,23,1,27): error CS0234: The type or namespace name 'Core' does not exist in the namespace 'Hrot.Blueprints' (are you missing an assembly reference?)
107>D:\Work\IOS-IG-SimHost-FDP-2\Hrot\Subsystems\Blueprints\Hrot.Blueprints.Tests\Editor\CrossAssetDependencyAttachmentTests.cs(2,23,2,29): error CS0234: The type or namespace name 'Editor' does not exist in the namespace 'Hrot.Blueprints' (are you missing an assembly reference?)
107>D:\Work\IOS-IG-SimHost-FDP-2\Hrot\Subsystems\Blueprints\Hrot.Blueprints.Tests\Editor\CrossAssetDependencyAttachmentTests.cs(3,23,3,29): error CS0234: The type or namespace name 'Editor' does not exist in the namespace 'Hrot.Blueprints' (are you missing an assembly reference?)
107>D:\Work\IOS-IG-SimHost-FDP-2\Hrot\Subsystems\Blueprints\Hrot.Blueprints.Tests\Editor\CrossAssetDependencyAttachmentTests.cs(4,7,4,17): error CS0246: The type or namespace name 'NodeEditor' could not be found (are you missing a using directive or an assembly reference?)
107>D:\Work\IOS-IG-SimHost-FDP-2\Hrot\Subsystems\Blueprints\Hrot.Blueprints.Tests\Editor\CrossAssetDependencyAttachmentTests.cs(5,7,5,17): error CS0246: The type or namespace name 'NodeEditor' could not be found (are you missing a using directive or an assembly reference?)
107>D:\Work\IOS-IG-SimHost-FDP-2\Hrot\Subsystems\Blueprints\Hrot.Blueprints.Tests\Editor\CrossAssetDependencyAttachmentTests.cs(6,7,6,17): error CS0246: The type or namespace name 'NodeEditor' could not be found (are you missing a using directive or an assembly reference?)
107>D:\Work\IOS-IG-SimHost-FDP-2\Hrot\Subsystems\Blueprints\Hrot.Blueprints.Tests\Editor\DebugWindowDrawUITests.cs(1,7,1,10): error CS0246: The type or namespace name 'Fdp' could not be found (are you missing a using directive or an assembly reference?)
107>D:\Work\IOS-IG-SimHost-FDP-2\Hrot\Subsystems\Blueprints\Hrot.Blueprints.Tests\Editor\DebugWindowDrawUITests.cs(2,23,2,27): error CS0234: The type or namespace name 'Core' does not exist in the namespace 'Hrot.Blueprints' (are you missing an assembly reference?)
107>D:\Work\IOS-IG-SimHost-FDP-2\Hrot\Subsystems\Blueprints\Hrot.Blueprints.Tests\Editor\DebugWindowDrawUITests.cs(3,23,3,27): error CS0234: The type or namespace name 'Core' does not exist in the namespace 'Hrot.Blueprints' (are you missing an assembly reference?)
107>D:\Work\IOS-IG-SimHost-FDP-2\Hrot\Subsystems\Blueprints\Hrot.Blueprints.Tests\Editor\DebugWindowDrawUITests.cs(4,23,4,29): error CS0234: The type or namespace name 'Editor' does not exist in the namespace 'Hrot.Blueprints' (are you missing an assembly reference?)
107>D:\Work\IOS-IG-SimHost-FDP-2\Hrot\Subsystems\Blueprints\Hrot.Blueprints.Tests\Editor\DebugWindowDrawUITests.cs(5,23,5,29): error CS0234: The type or namespace name 'Editor' does not exist in the namespace 'Hrot.Blueprints' (are you missing an assembly reference?)
107>D:\Work\IOS-IG-SimHost-FDP-2\Hrot\Subsystems\Blueprints\Hrot.Blueprints.Tests\Editor\DebugWindowsTests.cs(1,23,1,29): error CS0234: The type or namespace name 'Editor' does not exist in the namespace 'Hrot.Blueprints' (are you missing an assembly reference?)
107>D:\Work\IOS-IG-SimHost-FDP-2\Hrot\Subsystems\Blueprints\Hrot.Blueprints.Tests\Editor\DrawerRegistryTests.cs(1,23,1,29): error CS0234: The type or namespace name 'Editor' does not exist in the namespace 'Hrot.Blueprints' (are you missing an assembly reference?)
107>D:\Work\IOS-IG-SimHost-FDP-2\Hrot\Subsystems\Blueprints\Hrot.Blueprints.Tests\Editor\EditorInfrastructureTests.cs(1,23,1,27): error CS0234: The type or namespace name 'Core' does not exist in the namespace 'Hrot.Blueprints' (are you missing an assembly reference?)
107>D:\Work\IOS-IG-SimHost-FDP-2\Hrot\Subsystems\Blueprints\Hrot.Blueprints.Tests\Editor\EditorInfrastructureTests.cs(2,23,2,27): error CS0234: The type or namespace name 'Core' does not exist in the namespace 'Hrot.Blueprints' (are you missing an assembly reference?)
107>D:\Work\IOS-IG-SimHost-FDP-2\Hrot\Subsystems\Blueprints\Hrot.Blueprints.Tests\Editor\EditorInfrastructureTests.cs(3,23,3,29): error CS0234: The type or namespace name 'Editor' does not exist in the namespace 'Hrot.Blueprints' (are you missing an assembly reference?)
107>D:\Work\IOS-IG-SimHost-FDP-2\Hrot\Subsystems\Blueprints\Hrot.Blueprints.Tests\Editor\EditorInfrastructureTests.cs(4,23,4,29): error CS0234: The type or namespace name 'Editor' does not exist in the namespace 'Hrot.Blueprints' (are you missing an assembly reference?)
107>D:\Work\IOS-IG-SimHost-FDP-2\Hrot\Subsystems\Blueprints\Hrot.Blueprints.Tests\Editor\EditorSubsystemBlueprintWindowsTests.cs(1,7,1,10): error CS0246: The type or namespace name 'Fdp' could not be found (are you missing a using directive or an assembly reference?)
107>D:\Work\IOS-IG-SimHost-FDP-2\Hrot\Subsystems\Blueprints\Hrot.Blueprints.Tests\Editor\EditorSubsystemBlueprintWindowsTests.cs(2,7,2,10): error CS0246: The type or namespace name 'Fdp' could not be found (are you missing a using directive or an assembly reference?)
107>D:\Work\IOS-IG-SimHost-FDP-2\Hrot\Subsystems\Blueprints\Hrot.Blueprints.Tests\Editor\EditorSubsystemBlueprintWindowsTests.cs(3,12,3,18): error CS0234: The type or namespace name 'Editor' does not exist in the namespace 'Hrot' (are you missing an assembly reference?)
107>D:\Work\IOS-IG-SimHost-FDP-2\Hrot\Subsystems\Blueprints\Hrot.Blueprints.Tests\Editor\EditorWindowTests.cs(1,7,1,10): error CS0246: The type or namespace name 'Fdp' could not be found (are you missing a using directive or an assembly reference?)
107>D:\Work\IOS-IG-SimHost-FDP-2\Hrot\Subsystems\Blueprints\Hrot.Blueprints.Tests\Editor\EditorWindowTests.cs(2,7,2,10): error CS0246: The type or namespace name 'Fdp' could not be found (are you missing a using directive or an assembly reference?)
107>D:\Work\IOS-IG-SimHost-FDP-2\Hrot\Subsystems\Blueprints\Hrot.Blueprints.Tests\Editor\EditorWindowTests.cs(3,23,3,27): error CS0234: The type or namespace name 'Core' does not exist in the namespace 'Hrot.Blueprints' (are you missing an assembly reference?)
107>D:\Work\IOS-IG-SimHost-FDP-2\Hrot\Subsystems\Blueprints\Hrot.Blueprints.Tests\Editor\EditorWindowTests.cs(4,23,4,29): error CS0234: The type or namespace name 'Editor' does not exist in the namespace 'Hrot.Blueprints' (are you missing an assembly reference?)
107>D:\Work\IOS-IG-SimHost-FDP-2\Hrot\Subsystems\Blueprints\Hrot.Blueprints.Tests\Editor\EditorWindowTests.cs(5,23,5,29): error CS0234: The type or namespace name 'Editor' does not exist in the namespace 'Hrot.Blueprints' (are you missing an assembly reference?)
107>D:\Work\IOS-IG-SimHost-FDP-2\Hrot\Subsystems\Blueprints\Hrot.Blueprints.Tests\Editor\EditorWindowTests.cs(6,23,6,29): error CS0234: The type or namespace name 'Editor' does not exist in the namespace 'Hrot.Blueprints' (are you missing an assembly reference?)
107>D:\Work\IOS-IG-SimHost-FDP-2\Hrot\Subsystems\Blueprints\Hrot.Blueprints.Tests\Editor\EqsVisualAttachmentTests.cs(1,23,1,27): error CS0234: The type or namespace name 'Core' does not exist in the namespace 'Hrot.Blueprints' (are you missing an assembly reference?)
107>D:\Work\IOS-IG-SimHost-FDP-2\Hrot\Subsystems\Blueprints\Hrot.Blueprints.Tests\Editor\EqsVisualAttachmentTests.cs(2,23,2,29): error CS0234: The type or namespace name 'Editor' does not exist in the namespace 'Hrot.Blueprints' (are you missing an assembly reference?)
107>D:\Work\IOS-IG-SimHost-FDP-2\Hrot\Subsystems\Blueprints\Hrot.Blueprints.Tests\Editor\EqsVisualAttachmentTests.cs(3,23,3,29): error CS0234: The type or namespace name 'Editor' does not exist in the namespace 'Hrot.Blueprints' (are you missing an assembly reference?)
107>D:\Work\IOS-IG-SimHost-FDP-2\Hrot\Subsystems\Blueprints\Hrot.Blueprints.Tests\Editor\EqsVisualAttachmentTests.cs(4,7,4,17): error CS0246: The type or namespace name 'NodeEditor' could not be found (are you missing a using directive or an assembly reference?)
107>D:\Work\IOS-IG-SimHost-FDP-2\Hrot\Subsystems\Blueprints\Hrot.Blueprints.Tests\Editor\EqsVisualAttachmentTests.cs(5,7,5,17): error CS0246: The type or namespace name 'NodeEditor' could not be found (are you missing a using directive or an assembly reference?)
107>D:\Work\IOS-IG-SimHost-FDP-2\Hrot\Subsystems\Blueprints\Hrot.Blueprints.Tests\Editor\EqsVisualAttachmentTests.cs(6,7,6,17): error CS0246: The type or namespace name 'NodeEditor' could not be found (are you missing a using directive or an assembly reference?)
107>D:\Work\IOS-IG-SimHost-FDP-2\Hrot\Subsystems\Blueprints\Hrot.Blueprints.Tests\Editor\HotReloadLogModelTests.cs(1,23,1,29): error CS0234: The type or namespace name 'Editor' does not exist in the namespace 'Hrot.Blueprints' (are you missing an assembly reference?)
107>D:\Work\IOS-IG-SimHost-FDP-2\Hrot\Subsystems\Blueprints\Hrot.Blueprints.Tests\Editor\HotReloadLogModelTests.cs(2,23,2,29): error CS0234: The type or namespace name 'Editor' does not exist in the namespace 'Hrot.Blueprints' (are you missing an assembly reference?)
107>D:\Work\IOS-IG-SimHost-FDP-2\Hrot\Subsystems\Blueprints\Hrot.Blueprints.Tests\Editor\MockDebugSession.cs(1,7,1,10): error CS0246: The type or namespace name 'Fdp' could not be found (are you missing a using directive or an assembly reference?)
107>D:\Work\IOS-IG-SimHost-FDP-2\Hrot\Subsystems\Blueprints\Hrot.Blueprints.Tests\Editor\MockDebugSession.cs(2,23,2,27): error CS0234: The type or namespace name 'Core' does not exist in the namespace 'Hrot.Blueprints' (are you missing an assembly reference?)
107>D:\Work\IOS-IG-SimHost-FDP-2\Hrot\Subsystems\Blueprints\Hrot.Blueprints.Tests\Editor\MockDebugSession.cs(3,23,3,27): error CS0234: The type or namespace name 'Core' does not exist in the namespace 'Hrot.Blueprints' (are you missing an assembly reference?)
107>D:\Work\IOS-IG-SimHost-FDP-2\Hrot\Subsystems\Blueprints\Hrot.Blueprints.Tests\Editor\MockOutputConsole.cs(2,23,2,29): error CS0234: The type or namespace name 'Editor' does not exist in the namespace 'Hrot.Blueprints' (are you missing an assembly reference?)
107>D:\Work\IOS-IG-SimHost-FDP-2\Hrot\Subsystems\Blueprints\Hrot.Blueprints.Tests\Editor\MockWindowRegistrar.cs(1,23,1,29): error CS0234: The type or namespace name 'Editor' does not exist in the namespace 'Hrot.Blueprints' (are you missing an assembly reference?)
107>D:\Work\IOS-IG-SimHost-FDP-2\Hrot\Subsystems\Blueprints\Hrot.Blueprints.Tests\Editor\NewFromRecipeServiceTests.cs(1,23,1,27): error CS0234: The type or namespace name 'Core' does not exist in the namespace 'Hrot.Blueprints' (are you missing an assembly reference?)
107>D:\Work\IOS-IG-SimHost-FDP-2\Hrot\Subsystems\Blueprints\Hrot.Blueprints.Tests\Editor\NewFromRecipeServiceTests.cs(2,23,2,29): error CS0234: The type or namespace name 'Editor' does not exist in the namespace 'Hrot.Blueprints' (are you missing an assembly reference?)
107>D:\Work\IOS-IG-SimHost-FDP-2\Hrot\Subsystems\Blueprints\Hrot.Blueprints.Tests\Editor\PlayMontageChainNodeDrawerTests.cs(1,23,1,27): error CS0234: The type or namespace name 'Core' does not exist in the namespace 'Hrot.Blueprints' (are you missing an assembly reference?)
107>D:\Work\IOS-IG-SimHost-FDP-2\Hrot\Subsystems\Blueprints\Hrot.Blueprints.Tests\Editor\PlayMontageChainNodeDrawerTests.cs(2,23,2,29): error CS0234: The type or namespace name 'Editor' does not exist in the namespace 'Hrot.Blueprints' (are you missing an assembly reference?)
107>D:\Work\IOS-IG-SimHost-FDP-2\Hrot\Subsystems\Blueprints\Hrot.Blueprints.Tests\Editor\PlayMontageChainNodeDrawerTests.cs(3,23,3,29): error CS0234: The type or namespace name 'Editor' does not exist in the namespace 'Hrot.Blueprints' (are you missing an assembly reference?)
107>D:\Work\IOS-IG-SimHost-FDP-2\Hrot\Subsystems\Blueprints\Hrot.Blueprints.Tests\Editor\PlayMontageChainNodeDrawerTests.cs(4,12,4,18): error CS0234: The type or namespace name 'Editor' does not exist in the namespace 'Hrot' (are you missing an assembly reference?)
107>D:\Work\IOS-IG-SimHost-FDP-2\Hrot\Subsystems\Blueprints\Hrot.Blueprints.Tests\Editor\PlayMontageChainNodeDrawerTests.cs(5,12,5,27): error CS0234: The type or namespace name 'MuscleCharacter' does not exist in the namespace 'Hrot' (are you missing an assembly reference?)
107>D:\Work\IOS-IG-SimHost-FDP-2\Hrot\Subsystems\Blueprints\Hrot.Blueprints.Tests\Editor\PlayMontageChainNodeDrawerTests.cs(6,12,6,27): error CS0234: The type or namespace name 'MuscleCharacter' does not exist in the namespace 'Hrot' (are you missing an assembly reference?)
107>D:\Work\IOS-IG-SimHost-FDP-2\Hrot\Subsystems\Blueprints\Hrot.Blueprints.Tests\Editor\PlayMontageChainNodeDrawerTests.cs(7,12,7,27): error CS0234: The type or namespace name 'MuscleCharacter' does not exist in the namespace 'Hrot' (are you missing an assembly reference?)
107>D:\Work\IOS-IG-SimHost-FDP-2\Hrot\Subsystems\Blueprints\Hrot.Blueprints.Tests\Editor\PreferencesTests.cs(1,23,1,29): error CS0234: The type or namespace name 'Editor' does not exist in the namespace 'Hrot.Blueprints' (are you missing an assembly reference?)
107>D:\Work\IOS-IG-SimHost-FDP-2\Hrot\Subsystems\Blueprints\Hrot.Blueprints.Tests\Editor\QuickReloadServiceTests.cs(1,7,1,10): error CS0246: The type or namespace name 'Fdp' could not be found (are you missing a using directive or an assembly reference?)
107>D:\Work\IOS-IG-SimHost-FDP-2\Hrot\Subsystems\Blueprints\Hrot.Blueprints.Tests\Editor\QuickReloadServiceTests.cs(2,7,2,10): error CS0246: The type or namespace name 'Fdp' could not be found (are you missing a using directive or an assembly reference?)
107>D:\Work\IOS-IG-SimHost-FDP-2\Hrot\Subsystems\Blueprints\Hrot.Blueprints.Tests\Editor\QuickReloadServiceTests.cs(3,23,3,27): error CS0234: The type or namespace name 'Core' does not exist in the namespace 'Hrot.Blueprints' (are you missing an assembly reference?)
107>D:\Work\IOS-IG-SimHost-FDP-2\Hrot\Subsystems\Blueprints\Hrot.Blueprints.Tests\Editor\QuickReloadServiceTests.cs(4,23,4,27): error CS0234: The type or namespace name 'Core' does not exist in the namespace 'Hrot.Blueprints' (are you missing an assembly reference?)
107>D:\Work\IOS-IG-SimHost-FDP-2\Hrot\Subsystems\Blueprints\Hrot.Blueprints.Tests\Editor\QuickReloadServiceTests.cs(5,23,5,29): error CS0234: The type or namespace name 'Editor' does not exist in the namespace 'Hrot.Blueprints' (are you missing an assembly reference?)
107>D:\Work\IOS-IG-SimHost-FDP-2\Hrot\Subsystems\Blueprints\Hrot.Blueprints.Tests\Editor\QuickReloadServiceTests.cs(6,23,6,29): error CS0234: The type or namespace name 'Editor' does not exist in the namespace 'Hrot.Blueprints' (are you missing an assembly reference?)
107>D:\Work\IOS-IG-SimHost-FDP-2\Hrot\Subsystems\Blueprints\Hrot.Blueprints.Tests\Editor\ReadEqsResultNodeDrawerTests.cs(1,23,1,27): error CS0234: The type or namespace name 'Core' does not exist in the namespace 'Hrot.Blueprints' (are you missing an assembly reference?)
107>D:\Work\IOS-IG-SimHost-FDP-2\Hrot\Subsystems\Blueprints\Hrot.Blueprints.Tests\Editor\ReadEqsResultNodeDrawerTests.cs(2,23,2,29): error CS0234: The type or namespace name 'Editor' does not exist in the namespace 'Hrot.Blueprints' (are you missing an assembly reference?)
107>D:\Work\IOS-IG-SimHost-FDP-2\Hrot\Subsystems\Blueprints\Hrot.Blueprints.Tests\Editor\SpawnEqsSensorNodeDrawerTests.cs(1,23,1,27): error CS0234: The type or namespace name 'Core' does not exist in the namespace 'Hrot.Blueprints' (are you missing an assembly reference?)
107>D:\Work\IOS-IG-SimHost-FDP-2\Hrot\Subsystems\Blueprints\Hrot.Blueprints.Tests\Editor\SpawnEqsSensorNodeDrawerTests.cs(2,23,2,29): error CS0234: The type or namespace name 'Editor' does not exist in the namespace 'Hrot.Blueprints' (are you missing an assembly reference?)
107>D:\Work\IOS-IG-SimHost-FDP-2\Hrot\Subsystems\Blueprints\Hrot.Blueprints.Tests\Editor\WhenFiringPulseRendererTests.cs(1,23,1,27): error CS0234: The type or namespace name 'Core' does not exist in the namespace 'Hrot.Blueprints' (are you missing an assembly reference?)
107>D:\Work\IOS-IG-SimHost-FDP-2\Hrot\Subsystems\Blueprints\Hrot.Blueprints.Tests\Editor\WhenFiringPulseRendererTests.cs(2,23,2,29): error CS0234: The type or namespace name 'Editor' does not exist in the namespace 'Hrot.Blueprints' (are you missing an assembly reference?)
107>D:\Work\IOS-IG-SimHost-FDP-2\Hrot\Subsystems\Blueprints\Hrot.Blueprints.Tests\Editor\WhenFiringPulseRendererTests.cs(3,23,3,29): error CS0234: The type or namespace name 'Editor' does not exist in the namespace 'Hrot.Blueprints' (are you missing an assembly reference?)
107>D:\Work\IOS-IG-SimHost-FDP-2\Hrot\Subsystems\Blueprints\Hrot.Blueprints.Tests\Editor\WhenFiringPulseRendererTests.cs(4,7,4,17): error CS0246: The type or namespace name 'NodeEditor' could not be found (are you missing a using directive or an assembly reference?)
107>D:\Work\IOS-IG-SimHost-FDP-2\Hrot\Subsystems\Blueprints\Hrot.Blueprints.Tests\Editor\WhenFiringPulseRendererTests.cs(5,7,5,17): error CS0246: The type or namespace name 'NodeEditor' could not be found (are you missing a using directive or an assembly reference?)
107>D:\Work\IOS-IG-SimHost-FDP-2\Hrot\Subsystems\Blueprints\Hrot.Blueprints.Tests\Editor\WhenFiringPulseRendererTests.cs(6,7,6,17): error CS0246: The type or namespace name 'NodeEditor' could not be found (are you missing a using directive or an assembly reference?)
107>D:\Work\IOS-IG-SimHost-FDP-2\Hrot\Subsystems\Blueprints\Hrot.Blueprints.Tests\Editor\WhenNodeDrawerTests.cs(1,23,1,27): error CS0234: The type or namespace name 'Core' does not exist in the namespace 'Hrot.Blueprints' (are you missing an assembly reference?)
107>D:\Work\IOS-IG-SimHost-FDP-2\Hrot\Subsystems\Blueprints\Hrot.Blueprints.Tests\Editor\WhenNodeDrawerTests.cs(2,23,2,27): error CS0234: The type or namespace name 'Core' does not exist in the namespace 'Hrot.Blueprints' (are you missing an assembly reference?)
107>D:\Work\IOS-IG-SimHost-FDP-2\Hrot\Subsystems\Blueprints\Hrot.Blueprints.Tests\Editor\WhenNodeDrawerTests.cs(3,23,3,29): error CS0234: The type or namespace name 'Editor' does not exist in the namespace 'Hrot.Blueprints' (are you missing an assembly reference?)
107>D:\Work\IOS-IG-SimHost-FDP-2\Hrot\Subsystems\Blueprints\Hrot.Blueprints.Tests\GlobalAliases.cs(3,32,3,35): error CS0246: The type or namespace name 'Fdp' could not be found (are you missing a using directive or an assembly reference?)
107>D:\Work\IOS-IG-SimHost-FDP-2\Hrot\Subsystems\Blueprints\Hrot.Blueprints.Tests\GlobalAliases.cs(1,45,1,49): error CS0234: The type or namespace name 'Core' does not exist in the namespace 'Hrot.Blueprints' (are you missing an assembly reference?)
107>D:\Work\IOS-IG-SimHost-FDP-2\Hrot\Subsystems\Blueprints\Hrot.Blueprints.Tests\GlobalAliases.cs(2,31,2,34): error CS0246: The type or namespace name 'Fdp' could not be found (are you missing a using directive or an assembly reference?)
107>D:\Work\IOS-IG-SimHost-FDP-2\Hrot\Subsystems\Blueprints\Hrot.Blueprints.Tests\HotReload\Coordinator\FailureRollbackTests.cs(3,7,3,10): error CS0246: The type or namespace name 'Fdp' could not be found (are you missing a using directive or an assembly reference?)
107>D:\Work\IOS-IG-SimHost-FDP-2\Hrot\Subsystems\Blueprints\Hrot.Blueprints.Tests\HotReload\Coordinator\RegistrarInjectionTests.cs(5,7,5,10): error CS0246: The type or namespace name 'Fdp' could not be found (are you missing a using directive or an assembly reference?)
107>D:\Work\IOS-IG-SimHost-FDP-2\Hrot\Subsystems\Blueprints\Hrot.Blueprints.Tests\HotReload\Coordinator\RegistrarInjectionTests.cs(6,7,6,10): error CS0246: The type or namespace name 'Fdp' could not be found (are you missing a using directive or an assembly reference?)
107>D:\Work\IOS-IG-SimHost-FDP-2\Hrot\Subsystems\Blueprints\Hrot.Blueprints.Tests\HotReload\Coordinator\RegistrarInjectionTests.cs(7,7,7,10): error CS0246: The type or namespace name 'Fdp' could not be found (are you missing a using directive or an assembly reference?)
107>D:\Work\IOS-IG-SimHost-FDP-2\Hrot\Subsystems\Blueprints\Hrot.Blueprints.Tests\HotReload\Coordinator\RegistrarInjectionTests.cs(8,7,8,11): error CS0246: The type or namespace name 'Fhsm' could not be found (are you missing a using directive or an assembly reference?)
107>D:\Work\IOS-IG-SimHost-FDP-2\Hrot\Subsystems\Blueprints\Hrot.Blueprints.Tests\HotReload\Coordinator\RegistrarInjectionTests.cs(9,23,9,27): error CS0234: The type or namespace name 'Core' does not exist in the namespace 'Hrot.Blueprints' (are you missing an assembly reference?)
107>D:\Work\IOS-IG-SimHost-FDP-2\Hrot\Subsystems\Blueprints\Hrot.Blueprints.Tests\HotReload\Coordinator\RegistrarInjectionTests.cs(10,23,10,27): error CS0234: The type or namespace name 'Core' does not exist in the namespace 'Hrot.Blueprints' (are you missing an assembly reference?)
107>D:\Work\IOS-IG-SimHost-FDP-2\Hrot\Subsystems\Blueprints\Hrot.Blueprints.Tests\HotReload\PdbLoading\PdbLoadTests.cs(3,7,3,10): error CS0246: The type or namespace name 'Fdp' could not be found (are you missing a using directive or an assembly reference?)
107>D:\Work\IOS-IG-SimHost-FDP-2\Hrot\Subsystems\Blueprints\Hrot.Blueprints.Tests\HotReload\RuntimeIntegration\AiPrimitiveReloadTests.cs(3,7,3,10): error CS0246: The type or namespace name 'Fdp' could not be found (are you missing a using directive or an assembly reference?)
107>D:\Work\IOS-IG-SimHost-FDP-2\Hrot\Subsystems\Blueprints\Hrot.Blueprints.Tests\HotReload\RuntimeIntegration\AiPrimitiveReloadTests.cs(4,23,4,27): error CS0234: The type or namespace name 'Core' does not exist in the namespace 'Hrot.Blueprints' (are you missing an assembly reference?)
107>D:\Work\IOS-IG-SimHost-FDP-2\Hrot\Subsystems\Blueprints\Hrot.Blueprints.Tests\HotReload\RuntimeIntegration\HardReloadTests.cs(3,7,3,10): error CS0246: The type or namespace name 'Fdp' could not be found (are you missing a using directive or an assembly reference?)
107>D:\Work\IOS-IG-SimHost-FDP-2\Hrot\Subsystems\Blueprints\Hrot.Blueprints.Tests\HotReload\RuntimeIntegration\SoftReloadTests.cs(3,7,3,10): error CS0246: The type or namespace name 'Fdp' could not be found (are you missing a using directive or an assembly reference?)
107>D:\Work\IOS-IG-SimHost-FDP-2\Hrot\Subsystems\Blueprints\Hrot.Blueprints.Tests\HotReload\WhenNodeHotReloadTests.cs(16,43,16,47): error CS0234: The type or namespace name 'Core' does not exist in the namespace 'Hrot.Blueprints' (are you missing an assembly reference?)
107>D:\Work\IOS-IG-SimHost-FDP-2\Hrot\Subsystems\Blueprints\Hrot.Blueprints.Tests\HotReload\WhenNodeHotReloadTests.cs(8,7,8,10): error CS0246: The type or namespace name 'FDP' could not be found (are you missing a using directive or an assembly reference?)
107>D:\Work\IOS-IG-SimHost-FDP-2\Hrot\Subsystems\Blueprints\Hrot.Blueprints.Tests\HotReload\WhenNodeHotReloadTests.cs(9,7,9,10): error CS0246: The type or namespace name 'Fdp' could not be found (are you missing a using directive or an assembly reference?)
107>D:\Work\IOS-IG-SimHost-FDP-2\Hrot\Subsystems\Blueprints\Hrot.Blueprints.Tests\HotReload\WhenNodeHotReloadTests.cs(10,7,10,10): error CS0246: The type or namespace name 'Fdp' could not be found (are you missing a using directive or an assembly reference?)
107>D:\Work\IOS-IG-SimHost-FDP-2\Hrot\Subsystems\Blueprints\Hrot.Blueprints.Tests\HotReload\WhenNodeHotReloadTests.cs(11,7,11,10): error CS0246: The type or namespace name 'Fdp' could not be found (are you missing a using directive or an assembly reference?)
107>D:\Work\IOS-IG-SimHost-FDP-2\Hrot\Subsystems\Blueprints\Hrot.Blueprints.Tests\HotReload\WhenNodeHotReloadTests.cs(12,7,12,10): error CS0246: The type or namespace name 'Fdp' could not be found (are you missing a using directive or an assembly reference?)
107>D:\Work\IOS-IG-SimHost-FDP-2\Hrot\Subsystems\Blueprints\Hrot.Blueprints.Tests\HotReload\WhenNodeHotReloadTests.cs(13,7,13,10): error CS0246: The type or namespace name 'Fdp' could not be found (are you missing a using directive or an assembly reference?)
107>D:\Work\IOS-IG-SimHost-FDP-2\Hrot\Subsystems\Blueprints\Hrot.Blueprints.Tests\HotReload\WhenNodeHotReloadTests.cs(14,23,14,27): error CS0234: The type or namespace name 'Core' does not exist in the namespace 'Hrot.Blueprints' (are you missing an assembly reference?)
107>D:\Work\IOS-IG-SimHost-FDP-2\Hrot\Subsystems\Blueprints\Hrot.Blueprints.Tests\HotReload\WhenNodeHotReloadTests.cs(15,23,15,27): error CS0234: The type or namespace name 'Core' does not exist in the namespace 'Hrot.Blueprints' (are you missing an assembly reference?)
107>D:\Work\IOS-IG-SimHost-FDP-2\Hrot\Subsystems\Blueprints\Hrot.Blueprints.Tests\HotReload\WhenNodeHotReloadTests.cs(17,23,17,27): error CS0234: The type or namespace name 'Core' does not exist in the namespace 'Hrot.Blueprints' (are you missing an assembly reference?)
107>D:\Work\IOS-IG-SimHost-FDP-2\Hrot\Subsystems\Blueprints\Hrot.Blueprints.Tests\Integration\CoverAwarePatrolEndToEndTest.cs(2,7,2,10): error CS0246: The type or namespace name 'Fdp' could not be found (are you missing a using directive or an assembly reference?)
107>D:\Work\IOS-IG-SimHost-FDP-2\Hrot\Subsystems\Blueprints\Hrot.Blueprints.Tests\Integration\CoverAwarePatrolEndToEndTest.cs(3,7,3,10): error CS0246: The type or namespace name 'Fdp' could not be found (are you missing a using directive or an assembly reference?)
107>D:\Work\IOS-IG-SimHost-FDP-2\Hrot\Subsystems\Blueprints\Hrot.Blueprints.Tests\Integration\CoverAwarePatrolEndToEndTest.cs(4,7,4,10): error CS0246: The type or namespace name 'Fdp' could not be found (are you missing a using directive or an assembly reference?)
107>D:\Work\IOS-IG-SimHost-FDP-2\Hrot\Subsystems\Blueprints\Hrot.Blueprints.Tests\Integration\CoverAwarePatrolEndToEndTest.cs(5,7,5,10): error CS0246: The type or namespace name 'Fdp' could not be found (are you missing a using directive or an assembly reference?)
107>D:\Work\IOS-IG-SimHost-FDP-2\Hrot\Subsystems\Blueprints\Hrot.Blueprints.Tests\Integration\CoverAwarePatrolEndToEndTest.cs(6,7,6,10): error CS0246: The type or namespace name 'Fdp' could not be found (are you missing a using directive or an assembly reference?)
107>D:\Work\IOS-IG-SimHost-FDP-2\Hrot\Subsystems\Blueprints\Hrot.Blueprints.Tests\Integration\CoverAwarePatrolEndToEndTest.cs(7,7,7,10): error CS0246: The type or namespace name 'FDP' could not be found (are you missing a using directive or an assembly reference?)
107>D:\Work\IOS-IG-SimHost-FDP-2\Hrot\Subsystems\Blueprints\Hrot.Blueprints.Tests\Integration\CoverAwarePatrolEndToEndTest.cs(8,23,8,27): error CS0234: The type or namespace name 'Core' does not exist in the namespace 'Hrot.Blueprints' (are you missing an assembly reference?)
107>D:\Work\IOS-IG-SimHost-FDP-2\Hrot\Subsystems\Blueprints\Hrot.Blueprints.Tests\Integration\CoverAwarePatrolEndToEndTest.cs(9,23,9,27): error CS0234: The type or namespace name 'Core' does not exist in the namespace 'Hrot.Blueprints' (are you missing an assembly reference?)
107>D:\Work\IOS-IG-SimHost-FDP-2\Hrot\Subsystems\Blueprints\Hrot.Blueprints.Tests\Integration\CoverAwarePatrolEndToEndTest.cs(10,23,10,27): error CS0234: The type or namespace name 'Core' does not exist in the namespace 'Hrot.Blueprints' (are you missing an assembly reference?)
107>D:\Work\IOS-IG-SimHost-FDP-2\Hrot\Subsystems\Blueprints\Hrot.Blueprints.Tests\Integration\CoverAwarePatrolEndToEndTest.cs(11,23,11,27): error CS0234: The type or namespace name 'Core' does not exist in the namespace 'Hrot.Blueprints' (are you missing an assembly reference?)
107>D:\Work\IOS-IG-SimHost-FDP-2\Hrot\Subsystems\Blueprints\Hrot.Blueprints.Tests\Integration\WhenNodeEditorSmokeTest.cs(1,23,1,27): error CS0234: The type or namespace name 'Core' does not exist in the namespace 'Hrot.Blueprints' (are you missing an assembly reference?)
107>D:\Work\IOS-IG-SimHost-FDP-2\Hrot\Subsystems\Blueprints\Hrot.Blueprints.Tests\Integration\WhenNodeEditorSmokeTest.cs(2,23,2,27): error CS0234: The type or namespace name 'Core' does not exist in the namespace 'Hrot.Blueprints' (are you missing an assembly reference?)
107>D:\Work\IOS-IG-SimHost-FDP-2\Hrot\Subsystems\Blueprints\Hrot.Blueprints.Tests\Integration\WhenNodeEditorSmokeTest.cs(3,23,3,27): error CS0234: The type or namespace name 'Core' does not exist in the namespace 'Hrot.Blueprints' (are you missing an assembly reference?)
107>D:\Work\IOS-IG-SimHost-FDP-2\Hrot\Subsystems\Blueprints\Hrot.Blueprints.Tests\Integration\WhenNodeEditorSmokeTest.cs(4,23,4,29): error CS0234: The type or namespace name 'Editor' does not exist in the namespace 'Hrot.Blueprints' (are you missing an assembly reference?)
107>D:\Work\IOS-IG-SimHost-FDP-2\Hrot\Subsystems\Blueprints\Hrot.Blueprints.Tests\Integration\WhenNodeEditorSmokeTest.cs(5,23,5,29): error CS0234: The type or namespace name 'Editor' does not exist in the namespace 'Hrot.Blueprints' (are you missing an assembly reference?)
107>D:\Work\IOS-IG-SimHost-FDP-2\Hrot\Subsystems\Blueprints\Hrot.Blueprints.Tests\Integration\WhenNodeEditorSmokeTest.cs(6,23,6,29): error CS0234: The type or namespace name 'Editor' does not exist in the namespace 'Hrot.Blueprints' (are you missing an assembly reference?)
107>D:\Work\IOS-IG-SimHost-FDP-2\Hrot\Subsystems\Blueprints\Hrot.Blueprints.Tests\Integration\WhenNodeEditorSmokeTest.cs(7,7,7,10): error CS0246: The type or namespace name 'Fdp' could not be found (are you missing a using directive or an assembly reference?)
107>D:\Work\IOS-IG-SimHost-FDP-2\Hrot\Subsystems\Blueprints\Hrot.Blueprints.Tests\Integration\WhenNodeEditorSmokeTest.cs(8,7,8,10): error CS0246: The type or namespace name 'Fdp' could not be found (are you missing a using directive or an assembly reference?)
107>D:\Work\IOS-IG-SimHost-FDP-2\Hrot\Subsystems\Blueprints\Hrot.Blueprints.Tests\Integration\WhenNodeEditorSmokeTest.cs(9,12,9,18): error CS0234: The type or namespace name 'Editor' does not exist in the namespace 'Hrot' (are you missing an assembly reference?)
107>D:\Work\IOS-IG-SimHost-FDP-2\Hrot\Subsystems\Blueprints\Hrot.Blueprints.Tests\Integration\WhenNodeEditorWiringTests.cs(1,23,1,27): error CS0234: The type or namespace name 'Core' does not exist in the namespace 'Hrot.Blueprints' (are you missing an assembly reference?)
107>D:\Work\IOS-IG-SimHost-FDP-2\Hrot\Subsystems\Blueprints\Hrot.Blueprints.Tests\Integration\WhenNodeEditorWiringTests.cs(2,23,2,27): error CS0234: The type or namespace name 'Core' does not exist in the namespace 'Hrot.Blueprints' (are you missing an assembly reference?)
107>D:\Work\IOS-IG-SimHost-FDP-2\Hrot\Subsystems\Blueprints\Hrot.Blueprints.Tests\Integration\WhenNodeEditorWiringTests.cs(3,23,3,29): error CS0234: The type or namespace name 'Editor' does not exist in the namespace 'Hrot.Blueprints' (are you missing an assembly reference?)
107>D:\Work\IOS-IG-SimHost-FDP-2\Hrot\Subsystems\Blueprints\Hrot.Blueprints.Tests\Integration\WhenNodeEditorWiringTests.cs(4,23,4,29): error CS0234: The type or namespace name 'Editor' does not exist in the namespace 'Hrot.Blueprints' (are you missing an assembly reference?)
107>D:\Work\IOS-IG-SimHost-FDP-2\Hrot\Subsystems\Blueprints\Hrot.Blueprints.Tests\Integration\WhenNodeEditorWiringTests.cs(5,7,5,10): error CS0246: The type or namespace name 'Fdp' could not be found (are you missing a using directive or an assembly reference?)
107>D:\Work\IOS-IG-SimHost-FDP-2\Hrot\Subsystems\Blueprints\Hrot.Blueprints.Tests\Integration\WhenNodeEditorWiringTests.cs(6,7,6,10): error CS0246: The type or namespace name 'Fdp' could not be found (are you missing a using directive or an assembly reference?)
107>D:\Work\IOS-IG-SimHost-FDP-2\Hrot\Subsystems\Blueprints\Hrot.Blueprints.Tests\Integration\WhenNodeEditorWiringTests.cs(7,12,7,18): error CS0234: The type or namespace name 'Editor' does not exist in the namespace 'Hrot' (are you missing an assembly reference?)
107>D:\Work\IOS-IG-SimHost-FDP-2\Hrot\Subsystems\Blueprints\Hrot.Blueprints.Tests\MockDispatcherSystemTests.cs(1,7,1,10): error CS0246: The type or namespace name 'Fdp' could not be found (are you missing a using directive or an assembly reference?)
107>D:\Work\IOS-IG-SimHost-FDP-2\Hrot\Subsystems\Blueprints\Hrot.Blueprints.Tests\MockDispatcherSystemTests.cs(2,7,2,10): error CS0246: The type or namespace name 'Fdp' could not be found (are you missing a using directive or an assembly reference?)
107>D:\Work\IOS-IG-SimHost-FDP-2\Hrot\Subsystems\Blueprints\Hrot.Blueprints.Tests\MockDispatcherSystemTests.cs(3,7,3,10): error CS0246: The type or namespace name 'Fbt' could not be found (are you missing a using directive or an assembly reference?)
107>D:\Work\IOS-IG-SimHost-FDP-2\Hrot\Subsystems\Blueprints\Hrot.Blueprints.Tests\MockSystems\MockDispatcherSystem.cs(1,7,1,10): error CS0246: The type or namespace name 'Fdp' could not be found (are you missing a using directive or an assembly reference?)
107>D:\Work\IOS-IG-SimHost-FDP-2\Hrot\Subsystems\Blueprints\Hrot.Blueprints.Tests\MockSystems\MockDispatcherSystem.cs(2,7,2,10): error CS0246: The type or namespace name 'Fdp' could not be found (are you missing a using directive or an assembly reference?)
107>D:\Work\IOS-IG-SimHost-FDP-2\Hrot\Subsystems\Blueprints\Hrot.Blueprints.Tests\MockSystems\MockInteractionDispatcher.cs(1,7,1,10): error CS0246: The type or namespace name 'Fdp' could not be found (are you missing a using directive or an assembly reference?)
107>D:\Work\IOS-IG-SimHost-FDP-2\Hrot\Subsystems\Blueprints\Hrot.Blueprints.Tests\MockSystems\MockInteractionDispatcher.cs(2,7,2,10): error CS0246: The type or namespace name 'Fdp' could not be found (are you missing a using directive or an assembly reference?)
107>D:\Work\IOS-IG-SimHost-FDP-2\Hrot\Subsystems\Blueprints\Hrot.Blueprints.Tests\MockSystems\MockInteractionDispatcher.cs(3,7,3,10): error CS0246: The type or namespace name 'Fdp' could not be found (are you missing a using directive or an assembly reference?)
107>D:\Work\IOS-IG-SimHost-FDP-2\Hrot\Subsystems\Blueprints\Hrot.Blueprints.Tests\MockSystems\MockInteractionDispatcher.cs(4,7,4,10): error CS0246: The type or namespace name 'Fbt' could not be found (are you missing a using directive or an assembly reference?)
107>D:\Work\IOS-IG-SimHost-FDP-2\Hrot\Subsystems\Blueprints\Hrot.Blueprints.Tests\MockSystems\MockLocomotionDispatcher.cs(1,7,1,10): error CS0246: The type or namespace name 'Fdp' could not be found (are you missing a using directive or an assembly reference?)
107>D:\Work\IOS-IG-SimHost-FDP-2\Hrot\Subsystems\Blueprints\Hrot.Blueprints.Tests\MockSystems\MockLocomotionDispatcher.cs(2,7,2,10): error CS0246: The type or namespace name 'Fdp' could not be found (are you missing a using directive or an assembly reference?)
107>D:\Work\IOS-IG-SimHost-FDP-2\Hrot\Subsystems\Blueprints\Hrot.Blueprints.Tests\MockSystems\MockLocomotionDispatcher.cs(3,7,3,10): error CS0246: The type or namespace name 'Fdp' could not be found (are you missing a using directive or an assembly reference?)
107>D:\Work\IOS-IG-SimHost-FDP-2\Hrot\Subsystems\Blueprints\Hrot.Blueprints.Tests\MockSystems\MockLocomotionDispatcher.cs(4,7,4,10): error CS0246: The type or namespace name 'Fbt' could not be found (are you missing a using directive or an assembly reference?)
107>D:\Work\IOS-IG-SimHost-FDP-2\Hrot\Subsystems\Blueprints\Hrot.Blueprints.Tests\MockSystems\MockWeaponDispatcher.cs(1,7,1,10): error CS0246: The type or namespace name 'Fdp' could not be found (are you missing a using directive or an assembly reference?)
107>D:\Work\IOS-IG-SimHost-FDP-2\Hrot\Subsystems\Blueprints\Hrot.Blueprints.Tests\MockSystems\MockWeaponDispatcher.cs(2,7,2,10): error CS0246: The type or namespace name 'Fdp' could not be found (are you missing a using directive or an assembly reference?)
107>D:\Work\IOS-IG-SimHost-FDP-2\Hrot\Subsystems\Blueprints\Hrot.Blueprints.Tests\MockSystems\MockWeaponDispatcher.cs(3,7,3,10): error CS0246: The type or namespace name 'Fdp' could not be found (are you missing a using directive or an assembly reference?)
107>D:\Work\IOS-IG-SimHost-FDP-2\Hrot\Subsystems\Blueprints\Hrot.Blueprints.Tests\MockSystems\MockWeaponDispatcher.cs(4,7,4,10): error CS0246: The type or namespace name 'Fbt' could not be found (are you missing a using directive or an assembly reference?)
107>D:\Work\IOS-IG-SimHost-FDP-2\Hrot\Subsystems\Blueprints\Hrot.Blueprints.Tests\Mocks\MockContractTests.cs(2,7,2,10): error CS0246: The type or namespace name 'Fdp' could not be found (are you missing a using directive or an assembly reference?)
107>D:\Work\IOS-IG-SimHost-FDP-2\Hrot\Subsystems\Blueprints\Hrot.Blueprints.Tests\Mocks\MockContractTests.cs(3,7,3,10): error CS0246: The type or namespace name 'Fdp' could not be found (are you missing a using directive or an assembly reference?)
107>D:\Work\IOS-IG-SimHost-FDP-2\Hrot\Subsystems\Blueprints\Hrot.Blueprints.Tests\Mocks\MockContractTests.cs(4,7,4,10): error CS0246: The type or namespace name 'Fdp' could not be found (are you missing a using directive or an assembly reference?)
107>D:\Work\IOS-IG-SimHost-FDP-2\Hrot\Subsystems\Blueprints\Hrot.Blueprints.Tests\Mocks\MockContractTests.cs(5,7,5,10): error CS0246: The type or namespace name 'Fdp' could not be found (are you missing a using directive or an assembly reference?)
107>D:\Work\IOS-IG-SimHost-FDP-2\Hrot\Subsystems\Blueprints\Hrot.Blueprints.Tests\Mocks\MockContractTests.cs(6,23,6,27): error CS0234: The type or namespace name 'Core' does not exist in the namespace 'Hrot.Blueprints' (are you missing an assembly reference?)
107>D:\Work\IOS-IG-SimHost-FDP-2\Hrot\Subsystems\Blueprints\Hrot.Blueprints.Tests\Mocks\MockEntityCommandBuffer.cs(4,7,4,10): error CS0246: The type or namespace name 'Fdp' could not be found (are you missing a using directive or an assembly reference?)
107>D:\Work\IOS-IG-SimHost-FDP-2\Hrot\Subsystems\Blueprints\Hrot.Blueprints.Tests\Mocks\MockEntityCommandBuffer.cs(5,7,5,10): error CS0246: The type or namespace name 'Fdp' could not be found (are you missing a using directive or an assembly reference?)
107>D:\Work\IOS-IG-SimHost-FDP-2\Hrot\Subsystems\Blueprints\Hrot.Blueprints.Tests\Mocks\MockEntityCommandBufferContractTests.cs(2,7,2,10): error CS0246: The type or namespace name 'Fdp' could not be found (are you missing a using directive or an assembly reference?)
107>D:\Work\IOS-IG-SimHost-FDP-2\Hrot\Subsystems\Blueprints\Hrot.Blueprints.Tests\Mocks\MockSimulationView.cs(2,7,2,10): error CS0246: The type or namespace name 'Fdp' could not be found (are you missing a using directive or an assembly reference?)
107>D:\Work\IOS-IG-SimHost-FDP-2\Hrot\Subsystems\Blueprints\Hrot.Blueprints.Tests\Mocks\MockSimulationView.cs(3,7,3,10): error CS0246: The type or namespace name 'Fdp' could not be found (are you missing a using directive or an assembly reference?)
107>D:\Work\IOS-IG-SimHost-FDP-2\Hrot\Subsystems\Blueprints\Hrot.Blueprints.Tests\Mocks\MockSimulationView.cs(4,7,4,10): error CS0246: The type or namespace name 'Fdp' could not be found (are you missing a using directive or an assembly reference?)
107>D:\Work\IOS-IG-SimHost-FDP-2\Hrot\Subsystems\Blueprints\Hrot.Blueprints.Tests\Mocks\MockSimulationViewContractTests.cs(1,7,1,10): error CS0246: The type or namespace name 'Fdp' could not be found (are you missing a using directive or an assembly reference?)
107>D:\Work\IOS-IG-SimHost-FDP-2\Hrot\Subsystems\Blueprints\Hrot.Blueprints.Tests\Mocks\MockTestTypes.cs(2,7,2,10): error CS0246: The type or namespace name 'Fdp' could not be found (are you missing a using directive or an assembly reference?)
107>D:\Work\IOS-IG-SimHost-FDP-2\Hrot\Subsystems\Blueprints\Hrot.Blueprints.Tests\Runtime\AllocationFreeTests.cs(1,7,1,10): error CS0246: The type or namespace name 'Fdp' could not be found (are you missing a using directive or an assembly reference?)
107>D:\Work\IOS-IG-SimHost-FDP-2\Hrot\Subsystems\Blueprints\Hrot.Blueprints.Tests\Runtime\BlackboardLayoutTests.cs(4,7,4,10): error CS0246: The type or namespace name 'Fdp' could not be found (are you missing a using directive or an assembly reference?)
107>D:\Work\IOS-IG-SimHost-FDP-2\Hrot\Subsystems\Blueprints\Hrot.Blueprints.Tests\Runtime\BlackboardLayoutTests.cs(5,7,5,10): error CS0246: The type or namespace name 'Fdp' could not be found (are you missing a using directive or an assembly reference?)
107>D:\Work\IOS-IG-SimHost-FDP-2\Hrot\Subsystems\Blueprints\Hrot.Blueprints.Tests\Runtime\BlackboardLayoutTests.cs(6,7,6,10): error CS0246: The type or namespace name 'Fdp' could not be found (are you missing a using directive or an assembly reference?)
107>D:\Work\IOS-IG-SimHost-FDP-2\Hrot\Subsystems\Blueprints\Hrot.Blueprints.Tests\Runtime\BlueprintDefinitionTests.cs(4,7,4,10): error CS0246: The type or namespace name 'Fdp' could not be found (are you missing a using directive or an assembly reference?)
107>D:\Work\IOS-IG-SimHost-FDP-2\Hrot\Subsystems\Blueprints\Hrot.Blueprints.Tests\Runtime\BlueprintDefinitionTests.cs(5,7,5,10): error CS0246: The type or namespace name 'Fdp' could not be found (are you missing a using directive or an assembly reference?)
107>D:\Work\IOS-IG-SimHost-FDP-2\Hrot\Subsystems\Blueprints\Hrot.Blueprints.Tests\Runtime\BlueprintMaintenanceSystem\TierUpgrade_1024_to_4096_Tests.cs(3,7,3,10): error CS0246: The type or namespace name 'Fdp' could not be found (are you missing a using directive or an assembly reference?)
107>D:\Work\IOS-IG-SimHost-FDP-2\Hrot\Subsystems\Blueprints\Hrot.Blueprints.Tests\Runtime\BlueprintMaintenanceSystem\TierUpgrade_1024_to_4096_Tests.cs(4,7,4,10): error CS0246: The type or namespace name 'Fdp' could not be found (are you missing a using directive or an assembly reference?)
107>D:\Work\IOS-IG-SimHost-FDP-2\Hrot\Subsystems\Blueprints\Hrot.Blueprints.Tests\Runtime\BlueprintMaintenanceSystem\TierUpgrade_1024_to_4096_Tests.cs(5,7,5,10): error CS0246: The type or namespace name 'Fdp' could not be found (are you missing a using directive or an assembly reference?)
107>D:\Work\IOS-IG-SimHost-FDP-2\Hrot\Subsystems\Blueprints\Hrot.Blueprints.Tests\Runtime\BlueprintMaintenanceSystem\TwoFrameUpgradeTimingTests.cs(1,7,1,10): error CS0246: The type or namespace name 'Fdp' could not be found (are you missing a using directive or an assembly reference?)
107>D:\Work\IOS-IG-SimHost-FDP-2\Hrot\Subsystems\Blueprints\Hrot.Blueprints.Tests\Runtime\BlueprintRegistryTests.cs(4,7,4,10): error CS0246: The type or namespace name 'Fdp' could not be found (are you missing a using directive or an assembly reference?)
107>D:\Work\IOS-IG-SimHost-FDP-2\Hrot\Subsystems\Blueprints\Hrot.Blueprints.Tests\Runtime\BlueprintTickSystem\PhaseOrderingTests.cs(4,7,4,10): error CS0246: The type or namespace name 'Fdp' could not be found (are you missing a using directive or an assembly reference?)
107>D:\Work\IOS-IG-SimHost-FDP-2\Hrot\Subsystems\Blueprints\Hrot.Blueprints.Tests\Runtime\BlueprintTickSystem\PhaseOrderingTests.cs(5,7,5,10): error CS0246: The type or namespace name 'Fdp' could not be found (are you missing a using directive or an assembly reference?)
107>D:\Work\IOS-IG-SimHost-FDP-2\Hrot\Subsystems\Blueprints\Hrot.Blueprints.Tests\Runtime\BlueprintTickSystem\PhaseOrderingTests.cs(6,7,6,10): error CS0246: The type or namespace name 'Fdp' could not be found (are you missing a using directive or an assembly reference?)
107>D:\Work\IOS-IG-SimHost-FDP-2\Hrot\Subsystems\Blueprints\Hrot.Blueprints.Tests\Runtime\BlueprintTickSystem\PhaseOrderingTests.cs(7,7,7,10): error CS0246: The type or namespace name 'Fdp' could not be found (are you missing a using directive or an assembly reference?)
107>D:\Work\IOS-IG-SimHost-FDP-2\Hrot\Subsystems\Blueprints\Hrot.Blueprints.Tests\Runtime\BlueprintTickSystem\PhaseOrderingTests.cs(8,7,8,10): error CS0246: The type or namespace name 'Fdp' could not be found (are you missing a using directive or an assembly reference?)
107>D:\Work\IOS-IG-SimHost-FDP-2\Hrot\Subsystems\Blueprints\Hrot.Blueprints.Tests\Runtime\BlueprintTickSystem\PhaseOrderingTests.cs(9,23,9,27): error CS0234: The type or namespace name 'Core' does not exist in the namespace 'Hrot.Blueprints' (are you missing an assembly reference?)
107>D:\Work\IOS-IG-SimHost-FDP-2\Hrot\Subsystems\Blueprints\Hrot.Blueprints.Tests\Runtime\BlueprintTickSystem\ReloadLogSinkTests.cs(1,7,1,10): error CS0246: The type or namespace name 'Fdp' could not be found (are you missing a using directive or an assembly reference?)
107>D:\Work\IOS-IG-SimHost-FDP-2\Hrot\Subsystems\Blueprints\Hrot.Blueprints.Tests\Runtime\BlueprintTickSystem\ReloadLogSinkTests.cs(2,7,2,10): error CS0246: The type or namespace name 'Fdp' could not be found (are you missing a using directive or an assembly reference?)
107>D:\Work\IOS-IG-SimHost-FDP-2\Hrot\Subsystems\Blueprints\Hrot.Blueprints.Tests\Runtime\BlueprintTickSystem\ReloadLogSinkTests.cs(3,7,3,10): error CS0246: The type or namespace name 'Fdp' could not be found (are you missing a using directive or an assembly reference?)
107>D:\Work\IOS-IG-SimHost-FDP-2\Hrot\Subsystems\Blueprints\Hrot.Blueprints.Tests\Runtime\BlueprintTickSystem\ReloadLogSinkTests.cs(4,23,4,27): error CS0234: The type or namespace name 'Core' does not exist in the namespace 'Hrot.Blueprints' (are you missing an assembly reference?)
107>D:\Work\IOS-IG-SimHost-FDP-2\Hrot\Subsystems\Blueprints\Hrot.Blueprints.Tests\Runtime\BlueprintTickSystem\ReloadReconciliationTests.cs(3,7,3,10): error CS0246: The type or namespace name 'Fdp' could not be found (are you missing a using directive or an assembly reference?)
107>D:\Work\IOS-IG-SimHost-FDP-2\Hrot\Subsystems\Blueprints\Hrot.Blueprints.Tests\Runtime\BlueprintTickSystem\ReloadReconciliationTests.cs(4,7,4,10): error CS0246: The type or namespace name 'Fdp' could not be found (are you missing a using directive or an assembly reference?)
107>D:\Work\IOS-IG-SimHost-FDP-2\Hrot\Subsystems\Blueprints\Hrot.Blueprints.Tests\Runtime\BlueprintTickSystem\ReloadReconciliationTests.cs(5,7,5,10): error CS0246: The type or namespace name 'Fdp' could not be found (are you missing a using directive or an assembly reference?)
107>D:\Work\IOS-IG-SimHost-FDP-2\Hrot\Subsystems\Blueprints\Hrot.Blueprints.Tests\Runtime\BlueprintTickSystem\ReloadReconciliationTests.cs(6,7,6,10): error CS0246: The type or namespace name 'Fdp' could not be found (are you missing a using directive or an assembly reference?)
107>D:\Work\IOS-IG-SimHost-FDP-2\Hrot\Subsystems\Blueprints\Hrot.Blueprints.Tests\Runtime\BlueprintTickSystem\ReloadReconciliationTests.cs(7,7,7,10): error CS0246: The type or namespace name 'Fdp' could not be found (are you missing a using directive or an assembly reference?)
107>D:\Work\IOS-IG-SimHost-FDP-2\Hrot\Subsystems\Blueprints\Hrot.Blueprints.Tests\Runtime\BlueprintTickSystem\ReloadReconciliationTests.cs(8,23,8,27): error CS0234: The type or namespace name 'Core' does not exist in the namespace 'Hrot.Blueprints' (are you missing an assembly reference?)
107>D:\Work\IOS-IG-SimHost-FDP-2\Hrot\Subsystems\Blueprints\Hrot.Blueprints.Tests\Runtime\BlueprintTickSystem\SingleSlotTickTests.cs(4,7,4,10): error CS0246: The type or namespace name 'Fdp' could not be found (are you missing a using directive or an assembly reference?)
107>D:\Work\IOS-IG-SimHost-FDP-2\Hrot\Subsystems\Blueprints\Hrot.Blueprints.Tests\Runtime\BlueprintTickSystem\SingleSlotTickTests.cs(5,7,5,10): error CS0246: The type or namespace name 'Fdp' could not be found (are you missing a using directive or an assembly reference?)
107>D:\Work\IOS-IG-SimHost-FDP-2\Hrot\Subsystems\Blueprints\Hrot.Blueprints.Tests\Runtime\BlueprintTickSystem\SingleSlotTickTests.cs(6,7,6,10): error CS0246: The type or namespace name 'Fdp' could not be found (are you missing a using directive or an assembly reference?)
107>D:\Work\IOS-IG-SimHost-FDP-2\Hrot\Subsystems\Blueprints\Hrot.Blueprints.Tests\Runtime\BlueprintTickSystem\SingleSlotTickTests.cs(7,7,7,10): error CS0246: The type or namespace name 'Fdp' could not be found (are you missing a using directive or an assembly reference?)
107>D:\Work\IOS-IG-SimHost-FDP-2\Hrot\Subsystems\Blueprints\Hrot.Blueprints.Tests\Runtime\BlueprintTickSystem\SingleSlotTickTests.cs(8,7,8,10): error CS0246: The type or namespace name 'Fdp' could not be found (are you missing a using directive or an assembly reference?)
107>D:\Work\IOS-IG-SimHost-FDP-2\Hrot\Subsystems\Blueprints\Hrot.Blueprints.Tests\Runtime\BlueprintTickSystem\SingleSlotTickTests.cs(9,7,9,10): error CS0246: The type or namespace name 'Fdp' could not be found (are you missing a using directive or an assembly reference?)
107>D:\Work\IOS-IG-SimHost-FDP-2\Hrot\Subsystems\Blueprints\Hrot.Blueprints.Tests\Runtime\BlueprintTickSystem\SingleSlotTickTests.cs(10,23,10,27): error CS0234: The type or namespace name 'Core' does not exist in the namespace 'Hrot.Blueprints' (are you missing an assembly reference?)
107>D:\Work\IOS-IG-SimHost-FDP-2\Hrot\Subsystems\Blueprints\Hrot.Blueprints.Tests\Runtime\BlueprintTickSystem\WorldSingletonTickTests.cs(3,7,3,10): error CS0246: The type or namespace name 'Fdp' could not be found (are you missing a using directive or an assembly reference?)
107>D:\Work\IOS-IG-SimHost-FDP-2\Hrot\Subsystems\Blueprints\Hrot.Blueprints.Tests\Runtime\BlueprintTickSystem\WorldSingletonTickTests.cs(4,7,4,10): error CS0246: The type or namespace name 'Fdp' could not be found (are you missing a using directive or an assembly reference?)
107>D:\Work\IOS-IG-SimHost-FDP-2\Hrot\Subsystems\Blueprints\Hrot.Blueprints.Tests\Runtime\BlueprintTickSystem\WorldSingletonTickTests.cs(5,7,5,10): error CS0246: The type or namespace name 'Fdp' could not be found (are you missing a using directive or an assembly reference?)
107>D:\Work\IOS-IG-SimHost-FDP-2\Hrot\Subsystems\Blueprints\Hrot.Blueprints.Tests\Runtime\BlueprintTickSystem\WorldSingletonTickTests.cs(6,7,6,10): error CS0246: The type or namespace name 'Fdp' could not be found (are you missing a using directive or an assembly reference?)
107>D:\Work\IOS-IG-SimHost-FDP-2\Hrot\Subsystems\Blueprints\Hrot.Blueprints.Tests\Runtime\FakeBlueprints.cs(4,7,4,10): error CS0246: The type or namespace name 'Fdp' could not be found (are you missing a using directive or an assembly reference?)
107>D:\Work\IOS-IG-SimHost-FDP-2\Hrot\Subsystems\Blueprints\Hrot.Blueprints.Tests\Runtime\FakeBlueprints.cs(5,7,5,10): error CS0246: The type or namespace name 'Fdp' could not be found (are you missing a using directive or an assembly reference?)
107>D:\Work\IOS-IG-SimHost-FDP-2\Hrot\Subsystems\Blueprints\Hrot.Blueprints.Tests\Runtime\FakeBlueprints.cs(6,7,6,10): error CS0246: The type or namespace name 'Fdp' could not be found (are you missing a using directive or an assembly reference?)
107>D:\Work\IOS-IG-SimHost-FDP-2\Hrot\Subsystems\Blueprints\Hrot.Blueprints.Tests\Runtime\FakeBlueprints.cs(7,7,7,10): error CS0246: The type or namespace name 'Fdp' could not be found (are you missing a using directive or an assembly reference?)
107>D:\Work\IOS-IG-SimHost-FDP-2\Hrot\Subsystems\Blueprints\Hrot.Blueprints.Tests\Runtime\FakeBlueprints.cs(8,7,8,10): error CS0246: The type or namespace name 'Fdp' could not be found (are you missing a using directive or an assembly reference?)
107>D:\Work\IOS-IG-SimHost-FDP-2\Hrot\Subsystems\Blueprints\Hrot.Blueprints.Tests\Runtime\FakeBlueprints.cs(9,23,9,27): error CS0234: The type or namespace name 'Core' does not exist in the namespace 'Hrot.Blueprints' (are you missing an assembly reference?)
107>D:\Work\IOS-IG-SimHost-FDP-2\Hrot\Subsystems\Blueprints\Hrot.Blueprints.Tests\Runtime\PartitionAllocator\PartitionAllocatorTests.cs(2,7,2,10): error CS0246: The type or namespace name 'Fdp' could not be found (are you missing a using directive or an assembly reference?)
107>D:\Work\IOS-IG-SimHost-FDP-2\Hrot\Subsystems\Blueprints\Hrot.Blueprints.Tests\Runtime\PartitionAllocator\PartitionAllocatorTests.cs(3,7,3,10): error CS0246: The type or namespace name 'Fdp' could not be found (are you missing a using directive or an assembly reference?)
107>D:\Work\IOS-IG-SimHost-FDP-2\Hrot\Subsystems\Blueprints\Hrot.Blueprints.Tests\Runtime\ReadEqsResultNodeRuntimeTests.cs(4,7,4,10): error CS0246: The type or namespace name 'Fdp' could not be found (are you missing a using directive or an assembly reference?)
107>D:\Work\IOS-IG-SimHost-FDP-2\Hrot\Subsystems\Blueprints\Hrot.Blueprints.Tests\Runtime\ReadEqsResultNodeRuntimeTests.cs(5,7,5,10): error CS0246: The type or namespace name 'Fdp' could not be found (are you missing a using directive or an assembly reference?)
107>D:\Work\IOS-IG-SimHost-FDP-2\Hrot\Subsystems\Blueprints\Hrot.Blueprints.Tests\Runtime\ReadEqsResultNodeRuntimeTests.cs(6,7,6,10): error CS0246: The type or namespace name 'Fdp' could not be found (are you missing a using directive or an assembly reference?)
107>D:\Work\IOS-IG-SimHost-FDP-2\Hrot\Subsystems\Blueprints\Hrot.Blueprints.Tests\Runtime\ReadEqsResultNodeRuntimeTests.cs(7,7,7,10): error CS0246: The type or namespace name 'FDP' could not be found (are you missing a using directive or an assembly reference?)
107>D:\Work\IOS-IG-SimHost-FDP-2\Hrot\Subsystems\Blueprints\Hrot.Blueprints.Tests\Runtime\ReadEqsResultNodeRuntimeTests.cs(8,23,8,27): error CS0234: The type or namespace name 'Core' does not exist in the namespace 'Hrot.Blueprints' (are you missing an assembly reference?)
107>D:\Work\IOS-IG-SimHost-FDP-2\Hrot\Subsystems\Blueprints\Hrot.Blueprints.Tests\Runtime\ReadEqsResultNodeRuntimeTests.cs(9,23,9,27): error CS0234: The type or namespace name 'Core' does not exist in the namespace 'Hrot.Blueprints' (are you missing an assembly reference?)
107>D:\Work\IOS-IG-SimHost-FDP-2\Hrot\Subsystems\Blueprints\Hrot.Blueprints.Tests\Runtime\ReadEqsResultNodeRuntimeTests.cs(10,23,10,27): error CS0234: The type or namespace name 'Core' does not exist in the namespace 'Hrot.Blueprints' (are you missing an assembly reference?)
107>D:\Work\IOS-IG-SimHost-FDP-2\Hrot\Subsystems\Blueprints\Hrot.Blueprints.Tests\Runtime\SpawnEqsSensorRuntimeTests.cs(5,7,5,10): error CS0246: The type or namespace name 'Fdp' could not be found (are you missing a using directive or an assembly reference?)
107>D:\Work\IOS-IG-SimHost-FDP-2\Hrot\Subsystems\Blueprints\Hrot.Blueprints.Tests\Runtime\SpawnEqsSensorRuntimeTests.cs(6,7,6,10): error CS0246: The type or namespace name 'Fdp' could not be found (are you missing a using directive or an assembly reference?)
107>D:\Work\IOS-IG-SimHost-FDP-2\Hrot\Subsystems\Blueprints\Hrot.Blueprints.Tests\Runtime\SpawnEqsSensorRuntimeTests.cs(7,7,7,10): error CS0246: The type or namespace name 'Fdp' could not be found (are you missing a using directive or an assembly reference?)
107>D:\Work\IOS-IG-SimHost-FDP-2\Hrot\Subsystems\Blueprints\Hrot.Blueprints.Tests\Runtime\SpawnEqsSensorRuntimeTests.cs(8,7,8,10): error CS0246: The type or namespace name 'Fdp' could not be found (are you missing a using directive or an assembly reference?)
107>D:\Work\IOS-IG-SimHost-FDP-2\Hrot\Subsystems\Blueprints\Hrot.Blueprints.Tests\Runtime\SpawnEqsSensorRuntimeTests.cs(9,7,9,10): error CS0246: The type or namespace name 'FDP' could not be found (are you missing a using directive or an assembly reference?)
107>D:\Work\IOS-IG-SimHost-FDP-2\Hrot\Subsystems\Blueprints\Hrot.Blueprints.Tests\Runtime\SpawnEqsSensorRuntimeTests.cs(10,23,10,27): error CS0234: The type or namespace name 'Core' does not exist in the namespace 'Hrot.Blueprints' (are you missing an assembly reference?)
107>D:\Work\IOS-IG-SimHost-FDP-2\Hrot\Subsystems\Blueprints\Hrot.Blueprints.Tests\Runtime\SpawnEqsSensorRuntimeTests.cs(11,23,11,27): error CS0234: The type or namespace name 'Core' does not exist in the namespace 'Hrot.Blueprints' (are you missing an assembly reference?)
107>D:\Work\IOS-IG-SimHost-FDP-2\Hrot\Subsystems\Blueprints\Hrot.Blueprints.Tests\Runtime\SpawnEqsSensorRuntimeTests.cs(12,23,12,27): error CS0234: The type or namespace name 'Core' does not exist in the namespace 'Hrot.Blueprints' (are you missing an assembly reference?)
107>D:\Work\IOS-IG-SimHost-FDP-2\Hrot\Subsystems\Blueprints\Hrot.Blueprints.Tests\Runtime\UtilityNodeRuntimeTests.cs(4,7,4,10): error CS0246: The type or namespace name 'Fdp' could not be found (are you missing a using directive or an assembly reference?)
107>D:\Work\IOS-IG-SimHost-FDP-2\Hrot\Subsystems\Blueprints\Hrot.Blueprints.Tests\Runtime\UtilityNodeRuntimeTests.cs(5,7,5,10): error CS0246: The type or namespace name 'Fdp' could not be found (are you missing a using directive or an assembly reference?)
107>D:\Work\IOS-IG-SimHost-FDP-2\Hrot\Subsystems\Blueprints\Hrot.Blueprints.Tests\Runtime\UtilityNodeRuntimeTests.cs(6,7,6,10): error CS0246: The type or namespace name 'Fdp' could not be found (are you missing a using directive or an assembly reference?)
107>D:\Work\IOS-IG-SimHost-FDP-2\Hrot\Subsystems\Blueprints\Hrot.Blueprints.Tests\Runtime\UtilityNodeRuntimeTests.cs(7,7,7,10): error CS0246: The type or namespace name 'Fdp' could not be found (are you missing a using directive or an assembly reference?)
107>D:\Work\IOS-IG-SimHost-FDP-2\Hrot\Subsystems\Blueprints\Hrot.Blueprints.Tests\Runtime\UtilityNodeRuntimeTests.cs(8,7,8,10): error CS0246: The type or namespace name 'Fdp' could not be found (are you missing a using directive or an assembly reference?)
107>D:\Work\IOS-IG-SimHost-FDP-2\Hrot\Subsystems\Blueprints\Hrot.Blueprints.Tests\Runtime\UtilityNodeRuntimeTests.cs(9,7,9,10): error CS0246: The type or namespace name 'Fdp' could not be found (are you missing a using directive or an assembly reference?)
107>D:\Work\IOS-IG-SimHost-FDP-2\Hrot\Subsystems\Blueprints\Hrot.Blueprints.Tests\Runtime\UtilityNodeRuntimeTests.cs(10,7,10,10): error CS0246: The type or namespace name 'Fdp' could not be found (are you missing a using directive or an assembly reference?)
107>D:\Work\IOS-IG-SimHost-FDP-2\Hrot\Subsystems\Blueprints\Hrot.Blueprints.Tests\Runtime\UtilityNodeRuntimeTests.cs(11,7,11,10): error CS0246: The type or namespace name 'Fdp' could not be found (are you missing a using directive or an assembly reference?)
107>D:\Work\IOS-IG-SimHost-FDP-2\Hrot\Subsystems\Blueprints\Hrot.Blueprints.Tests\Runtime\UtilityNodeRuntimeTests.cs(12,7,12,10): error CS0246: The type or namespace name 'Fdp' could not be found (are you missing a using directive or an assembly reference?)
107>D:\Work\IOS-IG-SimHost-FDP-2\Hrot\Subsystems\Blueprints\Hrot.Blueprints.Tests\Runtime\UtilityNodeRuntimeTests.cs(13,7,13,10): error CS0246: The type or namespace name 'Fdp' could not be found (are you missing a using directive or an assembly reference?)
107>D:\Work\IOS-IG-SimHost-FDP-2\Hrot\Subsystems\Blueprints\Hrot.Blueprints.Tests\Runtime\UtilityNodeRuntimeTests.cs(14,23,14,27): error CS0234: The type or namespace name 'Core' does not exist in the namespace 'Hrot.Blueprints' (are you missing an assembly reference?)
107>D:\Work\IOS-IG-SimHost-FDP-2\Hrot\Subsystems\Blueprints\Hrot.Blueprints.Tests\Runtime\UtilityNodeRuntimeTests.cs(15,23,15,27): error CS0234: The type or namespace name 'Core' does not exist in the namespace 'Hrot.Blueprints' (are you missing an assembly reference?)
107>D:\Work\IOS-IG-SimHost-FDP-2\Hrot\Subsystems\Blueprints\Hrot.Blueprints.Tests\Runtime\UtilityNodeRuntimeTests.cs(16,23,16,27): error CS0234: The type or namespace name 'Core' does not exist in the namespace 'Hrot.Blueprints' (are you missing an assembly reference?)
107>D:\Work\IOS-IG-SimHost-FDP-2\Hrot\Subsystems\Blueprints\Hrot.Blueprints.Tests\Runtime\WhenNodeEqsInlineArrayTests.cs(3,23,3,27): error CS0234: The type or namespace name 'Core' does not exist in the namespace 'Hrot.Blueprints' (are you missing an assembly reference?)
107>D:\Work\IOS-IG-SimHost-FDP-2\Hrot\Subsystems\Blueprints\Hrot.Blueprints.Tests\Runtime\WhenNodeEqsInlineArrayTests.cs(4,23,4,27): error CS0234: The type or namespace name 'Core' does not exist in the namespace 'Hrot.Blueprints' (are you missing an assembly reference?)
107>D:\Work\IOS-IG-SimHost-FDP-2\Hrot\Subsystems\Blueprints\Hrot.Blueprints.Tests\Runtime\WhenNodeEqsInlineArrayTests.cs(5,23,5,27): error CS0234: The type or namespace name 'Core' does not exist in the namespace 'Hrot.Blueprints' (are you missing an assembly reference?)
107>D:\Work\IOS-IG-SimHost-FDP-2\Hrot\Subsystems\Blueprints\Hrot.Blueprints.Tests\Runtime\WhenNodeEqsInlineArrayTests.cs(6,23,6,27): error CS0234: The type or namespace name 'Core' does not exist in the namespace 'Hrot.Blueprints' (are you missing an assembly reference?)
107>D:\Work\IOS-IG-SimHost-FDP-2\Hrot\Subsystems\Blueprints\Hrot.Blueprints.Tests\Runtime\WhenNodeEqsInlineArrayTests.cs(7,23,7,27): error CS0234: The type or namespace name 'Core' does not exist in the namespace 'Hrot.Blueprints' (are you missing an assembly reference?)
107>D:\Work\IOS-IG-SimHost-FDP-2\Hrot\Subsystems\Blueprints\Hrot.Blueprints.Tests\Runtime\WhenNodeRuntimeTests.cs(7,7,7,10): error CS0246: The type or namespace name 'Fdp' could not be found (are you missing a using directive or an assembly reference?)
107>D:\Work\IOS-IG-SimHost-FDP-2\Hrot\Subsystems\Blueprints\Hrot.Blueprints.Tests\Runtime\WhenNodeRuntimeTests.cs(8,7,8,10): error CS0246: The type or namespace name 'Fdp' could not be found (are you missing a using directive or an assembly reference?)
107>D:\Work\IOS-IG-SimHost-FDP-2\Hrot\Subsystems\Blueprints\Hrot.Blueprints.Tests\Runtime\WhenNodeRuntimeTests.cs(9,7,9,10): error CS0246: The type or namespace name 'Fdp' could not be found (are you missing a using directive or an assembly reference?)
107>D:\Work\IOS-IG-SimHost-FDP-2\Hrot\Subsystems\Blueprints\Hrot.Blueprints.Tests\Runtime\WhenNodeRuntimeTests.cs(10,7,10,10): error CS0246: The type or namespace name 'Fdp' could not be found (are you missing a using directive or an assembly reference?)
107>D:\Work\IOS-IG-SimHost-FDP-2\Hrot\Subsystems\Blueprints\Hrot.Blueprints.Tests\Runtime\WhenNodeRuntimeTests.cs(11,7,11,10): error CS0246: The type or namespace name 'FDP' could not be found (are you missing a using directive or an assembly reference?)
107>D:\Work\IOS-IG-SimHost-FDP-2\Hrot\Subsystems\Blueprints\Hrot.Blueprints.Tests\Runtime\WhenNodeRuntimeTests.cs(12,23,12,27): error CS0234: The type or namespace name 'Core' does not exist in the namespace 'Hrot.Blueprints' (are you missing an assembly reference?)
107>D:\Work\IOS-IG-SimHost-FDP-2\Hrot\Subsystems\Blueprints\Hrot.Blueprints.Tests\Runtime\WhenNodeRuntimeTests.cs(13,23,13,27): error CS0234: The type or namespace name 'Core' does not exist in the namespace 'Hrot.Blueprints' (are you missing an assembly reference?)
107>D:\Work\IOS-IG-SimHost-FDP-2\Hrot\Subsystems\Blueprints\Hrot.Blueprints.Tests\Runtime\WhenNodeRuntimeTests.cs(14,23,14,27): error CS0234: The type or namespace name 'Core' does not exist in the namespace 'Hrot.Blueprints' (are you missing an assembly reference?)
107>D:\Work\IOS-IG-SimHost-FDP-2\Hrot\Subsystems\Blueprints\Hrot.Blueprints.Tests\SchemaReflectionTests.cs(2,23,2,27): error CS0234: The type or namespace name 'Core' does not exist in the namespace 'Hrot.Blueprints' (are you missing an assembly reference?)
107>D:\Work\IOS-IG-SimHost-FDP-2\Hrot\Subsystems\Blueprints\Hrot.Blueprints.Tests\SchemaReflectionTests.cs(3,23,3,27): error CS0234: The type or namespace name 'Core' does not exist in the namespace 'Hrot.Blueprints' (are you missing an assembly reference?)
107>D:\Work\IOS-IG-SimHost-FDP-2\Hrot\Subsystems\Blueprints\Hrot.Blueprints.Tests\SchemaReflectionTests.cs(4,23,4,27): error CS0234: The type or namespace name 'Core' does not exist in the namespace 'Hrot.Blueprints' (are you missing an assembly reference?)
107>D:\Work\IOS-IG-SimHost-FDP-2\Hrot\Subsystems\Blueprints\Hrot.Blueprints.Tests\Squad\SquadPrimitiveNodeTests.cs(3,23,3,27): error CS0234: The type or namespace name 'Core' does not exist in the namespace 'Hrot.Blueprints' (are you missing an assembly reference?)
107>D:\Work\IOS-IG-SimHost-FDP-2\Hrot\Subsystems\Blueprints\Hrot.Blueprints.Tests\Squad\SquadPrimitiveNodeTests.cs(4,23,4,27): error CS0234: The type or namespace name 'Core' does not exist in the namespace 'Hrot.Blueprints' (are you missing an assembly reference?)
107>D:\Work\IOS-IG-SimHost-FDP-2\Hrot\Subsystems\Blueprints\Hrot.Blueprints.Tests\Stage1To5Tests.cs(10,43,10,47): error CS0234: The type or namespace name 'Core' does not exist in the namespace 'Hrot.Blueprints' (are you missing an assembly reference?)
107>D:\Work\IOS-IG-SimHost-FDP-2\Hrot\Subsystems\Blueprints\Hrot.Blueprints.Tests\Stage1To5Tests.cs(1,7,1,10): error CS0246: The type or namespace name 'Fdp' could not be found (are you missing a using directive or an assembly reference?)
107>D:\Work\IOS-IG-SimHost-FDP-2\Hrot\Subsystems\Blueprints\Hrot.Blueprints.Tests\Stage1To5Tests.cs(2,23,2,27): error CS0234: The type or namespace name 'Core' does not exist in the namespace 'Hrot.Blueprints' (are you missing an assembly reference?)
107>D:\Work\IOS-IG-SimHost-FDP-2\Hrot\Subsystems\Blueprints\Hrot.Blueprints.Tests\Stage1To5Tests.cs(3,23,3,27): error CS0234: The type or namespace name 'Core' does not exist in the namespace 'Hrot.Blueprints' (are you missing an assembly reference?)
107>D:\Work\IOS-IG-SimHost-FDP-2\Hrot\Subsystems\Blueprints\Hrot.Blueprints.Tests\Stage1To5Tests.cs(4,23,4,27): error CS0234: The type or namespace name 'Core' does not exist in the namespace 'Hrot.Blueprints' (are you missing an assembly reference?)
107>D:\Work\IOS-IG-SimHost-FDP-2\Hrot\Subsystems\Blueprints\Hrot.Blueprints.Tests\Stage1To5Tests.cs(5,23,5,27): error CS0234: The type or namespace name 'Core' does not exist in the namespace 'Hrot.Blueprints' (are you missing an assembly reference?)
107>D:\Work\IOS-IG-SimHost-FDP-2\Hrot\Subsystems\Blueprints\Hrot.Blueprints.Tests\Stage1To5Tests.cs(6,23,6,27): error CS0234: The type or namespace name 'Core' does not exist in the namespace 'Hrot.Blueprints' (are you missing an assembly reference?)
107>D:\Work\IOS-IG-SimHost-FDP-2\Hrot\Subsystems\Blueprints\Hrot.Blueprints.Tests\Stage1To5Tests.cs(7,23,7,27): error CS0234: The type or namespace name 'Core' does not exist in the namespace 'Hrot.Blueprints' (are you missing an assembly reference?)
107>D:\Work\IOS-IG-SimHost-FDP-2\Hrot\Subsystems\Blueprints\Hrot.Blueprints.Tests\Stage1To5Tests.cs(8,23,8,27): error CS0234: The type or namespace name 'Core' does not exist in the namespace 'Hrot.Blueprints' (are you missing an assembly reference?)
107>D:\Work\IOS-IG-SimHost-FDP-2\Hrot\Subsystems\Blueprints\Hrot.Blueprints.Tests\Stage6Tests.cs(10,43,10,47): error CS0234: The type or namespace name 'Core' does not exist in the namespace 'Hrot.Blueprints' (are you missing an assembly reference?)
107>D:\Work\IOS-IG-SimHost-FDP-2\Hrot\Subsystems\Blueprints\Hrot.Blueprints.Tests\Stage6Tests.cs(1,7,1,10): error CS0246: The type or namespace name 'Fdp' could not be found (are you missing a using directive or an assembly reference?)
107>D:\Work\IOS-IG-SimHost-FDP-2\Hrot\Subsystems\Blueprints\Hrot.Blueprints.Tests\Stage6Tests.cs(2,23,2,27): error CS0234: The type or namespace name 'Core' does not exist in the namespace 'Hrot.Blueprints' (are you missing an assembly reference?)
107>D:\Work\IOS-IG-SimHost-FDP-2\Hrot\Subsystems\Blueprints\Hrot.Blueprints.Tests\Stage6Tests.cs(3,23,3,27): error CS0234: The type or namespace name 'Core' does not exist in the namespace 'Hrot.Blueprints' (are you missing an assembly reference?)
107>D:\Work\IOS-IG-SimHost-FDP-2\Hrot\Subsystems\Blueprints\Hrot.Blueprints.Tests\Stage6Tests.cs(4,23,4,27): error CS0234: The type or namespace name 'Core' does not exist in the namespace 'Hrot.Blueprints' (are you missing an assembly reference?)
107>D:\Work\IOS-IG-SimHost-FDP-2\Hrot\Subsystems\Blueprints\Hrot.Blueprints.Tests\Stage6Tests.cs(5,23,5,27): error CS0234: The type or namespace name 'Core' does not exist in the namespace 'Hrot.Blueprints' (are you missing an assembly reference?)
107>D:\Work\IOS-IG-SimHost-FDP-2\Hrot\Subsystems\Blueprints\Hrot.Blueprints.Tests\Stage6Tests.cs(6,23,6,27): error CS0234: The type or namespace name 'Core' does not exist in the namespace 'Hrot.Blueprints' (are you missing an assembly reference?)
107>D:\Work\IOS-IG-SimHost-FDP-2\Hrot\Subsystems\Blueprints\Hrot.Blueprints.Tests\Stage6Tests.cs(7,23,7,27): error CS0234: The type or namespace name 'Core' does not exist in the namespace 'Hrot.Blueprints' (are you missing an assembly reference?)
107>D:\Work\IOS-IG-SimHost-FDP-2\Hrot\Subsystems\Blueprints\Hrot.Blueprints.Tests\Stage6Tests.cs(8,23,8,27): error CS0234: The type or namespace name 'Core' does not exist in the namespace 'Hrot.Blueprints' (are you missing an assembly reference?)
107>D:\Work\IOS-IG-SimHost-FDP-2\Hrot\Subsystems\Blueprints\Hrot.Blueprints.Tests\Stage7Tests.cs(1,7,1,10): error CS0246: The type or namespace name 'Fdp' could not be found (are you missing a using directive or an assembly reference?)
107>D:\Work\IOS-IG-SimHost-FDP-2\Hrot\Subsystems\Blueprints\Hrot.Blueprints.Tests\Stage7Tests.cs(2,23,2,27): error CS0234: The type or namespace name 'Core' does not exist in the namespace 'Hrot.Blueprints' (are you missing an assembly reference?)
107>D:\Work\IOS-IG-SimHost-FDP-2\Hrot\Subsystems\Blueprints\Hrot.Blueprints.Tests\Stage7Tests.cs(3,23,3,27): error CS0234: The type or namespace name 'Core' does not exist in the namespace 'Hrot.Blueprints' (are you missing an assembly reference?)
107>D:\Work\IOS-IG-SimHost-FDP-2\Hrot\Subsystems\Blueprints\Hrot.Blueprints.Tests\Stage7Tests.cs(4,23,4,27): error CS0234: The type or namespace name 'Core' does not exist in the namespace 'Hrot.Blueprints' (are you missing an assembly reference?)
107>D:\Work\IOS-IG-SimHost-FDP-2\Hrot\Subsystems\Blueprints\Hrot.Blueprints.Tests\Stage7Tests.cs(5,23,5,27): error CS0234: The type or namespace name 'Core' does not exist in the namespace 'Hrot.Blueprints' (are you missing an assembly reference?)
107>D:\Work\IOS-IG-SimHost-FDP-2\Hrot\Subsystems\Blueprints\Hrot.Blueprints.Tests\Stage7Tests.cs(6,23,6,27): error CS0234: The type or namespace name 'Core' does not exist in the namespace 'Hrot.Blueprints' (are you missing an assembly reference?)
107>D:\Work\IOS-IG-SimHost-FDP-2\Hrot\Subsystems\Blueprints\Hrot.Blueprints.Tests\Stage7Tests.cs(7,23,7,27): error CS0234: The type or namespace name 'Core' does not exist in the namespace 'Hrot.Blueprints' (are you missing an assembly reference?)
107>D:\Work\IOS-IG-SimHost-FDP-2\Hrot\Subsystems\Blueprints\Hrot.Blueprints.Tests\Stage7Tests.cs(8,23,8,27): error CS0234: The type or namespace name 'Core' does not exist in the namespace 'Hrot.Blueprints' (are you missing an assembly reference?)
107>D:\Work\IOS-IG-SimHost-FDP-2\Hrot\Subsystems\Blueprints\Hrot.Blueprints.Tests\Stage8Tests.cs(10,48,10,52): error CS0234: The type or namespace name 'Core' does not exist in the namespace 'Hrot.Blueprints' (are you missing an assembly reference?)
107>D:\Work\IOS-IG-SimHost-FDP-2\Hrot\Subsystems\Blueprints\Hrot.Blueprints.Tests\Stage8Tests.cs(11,43,11,47): error CS0234: The type or namespace name 'Core' does not exist in the namespace 'Hrot.Blueprints' (are you missing an assembly reference?)
107>D:\Work\IOS-IG-SimHost-FDP-2\Hrot\Subsystems\Blueprints\Hrot.Blueprints.Tests\Stage8Tests.cs(1,7,1,10): error CS0246: The type or namespace name 'Fdp' could not be found (are you missing a using directive or an assembly reference?)
107>D:\Work\IOS-IG-SimHost-FDP-2\Hrot\Subsystems\Blueprints\Hrot.Blueprints.Tests\Stage8Tests.cs(2,23,2,27): error CS0234: The type or namespace name 'Core' does not exist in the namespace 'Hrot.Blueprints' (are you missing an assembly reference?)
107>D:\Work\IOS-IG-SimHost-FDP-2\Hrot\Subsystems\Blueprints\Hrot.Blueprints.Tests\Stage8Tests.cs(3,23,3,27): error CS0234: The type or namespace name 'Core' does not exist in the namespace 'Hrot.Blueprints' (are you missing an assembly reference?)
107>D:\Work\IOS-IG-SimHost-FDP-2\Hrot\Subsystems\Blueprints\Hrot.Blueprints.Tests\Stage8Tests.cs(4,23,4,27): error CS0234: The type or namespace name 'Core' does not exist in the namespace 'Hrot.Blueprints' (are you missing an assembly reference?)
107>D:\Work\IOS-IG-SimHost-FDP-2\Hrot\Subsystems\Blueprints\Hrot.Blueprints.Tests\Stage8Tests.cs(5,23,5,27): error CS0234: The type or namespace name 'Core' does not exist in the namespace 'Hrot.Blueprints' (are you missing an assembly reference?)
107>D:\Work\IOS-IG-SimHost-FDP-2\Hrot\Subsystems\Blueprints\Hrot.Blueprints.Tests\Stage8Tests.cs(6,23,6,27): error CS0234: The type or namespace name 'Core' does not exist in the namespace 'Hrot.Blueprints' (are you missing an assembly reference?)
107>D:\Work\IOS-IG-SimHost-FDP-2\Hrot\Subsystems\Blueprints\Hrot.Blueprints.Tests\Stage8Tests.cs(7,23,7,27): error CS0234: The type or namespace name 'Core' does not exist in the namespace 'Hrot.Blueprints' (are you missing an assembly reference?)
107>D:\Work\IOS-IG-SimHost-FDP-2\Hrot\Subsystems\Blueprints\Hrot.Blueprints.Tests\TestData.cs(1,23,1,27): error CS0234: The type or namespace name 'Core' does not exist in the namespace 'Hrot.Blueprints' (are you missing an assembly reference?)
107>D:\Work\IOS-IG-SimHost-FDP-2\Hrot\Subsystems\Blueprints\Hrot.Blueprints.Tests\TestData.cs(2,23,2,27): error CS0234: The type or namespace name 'Core' does not exist in the namespace 'Hrot.Blueprints' (are you missing an assembly reference?)
107>D:\Work\IOS-IG-SimHost-FDP-2\Hrot\Subsystems\Blueprints\Hrot.Blueprints.Tests\TestEventDefinitions.cs(2,7,2,10): error CS0246: The type or namespace name 'Fdp' could not be found (are you missing a using directive or an assembly reference?)
107>D:\Work\IOS-IG-SimHost-FDP-2\Hrot\Subsystems\Blueprints\Hrot.Blueprints.Tests\TestHarness\FixtureHelperAndHsmInvokeTests.cs(9,23,9,26): error CS0246: The type or namespace name 'Fbt' could not be found (are you missing a using directive or an assembly reference?)
107>D:\Work\IOS-IG-SimHost-FDP-2\Hrot\Subsystems\Blueprints\Hrot.Blueprints.Tests\TestHarness\FixtureHelperAndHsmInvokeTests.cs(2,7,2,10): error CS0246: The type or namespace name 'Fdp' could not be found (are you missing a using directive or an assembly reference?)
107>D:\Work\IOS-IG-SimHost-FDP-2\Hrot\Subsystems\Blueprints\Hrot.Blueprints.Tests\TestHarness\FixtureHelperAndHsmInvokeTests.cs(3,7,3,10): error CS0246: The type or namespace name 'Fdp' could not be found (are you missing a using directive or an assembly reference?)
107>D:\Work\IOS-IG-SimHost-FDP-2\Hrot\Subsystems\Blueprints\Hrot.Blueprints.Tests\TestHarness\FixtureHelperAndHsmInvokeTests.cs(4,7,4,10): error CS0246: The type or namespace name 'Fdp' could not be found (are you missing a using directive or an assembly reference?)
107>D:\Work\IOS-IG-SimHost-FDP-2\Hrot\Subsystems\Blueprints\Hrot.Blueprints.Tests\TestHarness\FixtureHelperAndHsmInvokeTests.cs(5,23,5,27): error CS0234: The type or namespace name 'Core' does not exist in the namespace 'Hrot.Blueprints' (are you missing an assembly reference?)
107>D:\Work\IOS-IG-SimHost-FDP-2\Hrot\Subsystems\Blueprints\Hrot.Blueprints.Tests\TestHarness\FixtureHelperAndHsmInvokeTests.cs(6,23,6,27): error CS0234: The type or namespace name 'Core' does not exist in the namespace 'Hrot.Blueprints' (are you missing an assembly reference?)
107>D:\Work\IOS-IG-SimHost-FDP-2\Hrot\Subsystems\Blueprints\Hrot.Blueprints.Tests\TestHarness\FixtureHelperAndHsmInvokeTests.cs(7,23,7,27): error CS0234: The type or namespace name 'Core' does not exist in the namespace 'Hrot.Blueprints' (are you missing an assembly reference?)
107>D:\Work\IOS-IG-SimHost-FDP-2\Hrot\Subsystems\Blueprints\Hrot.Blueprints.Tests\BlueprintTestFixtureTests.cs(163,40,163,56): error CS0246: The type or namespace name 'IEcsModuleSystem' could not be found (are you missing a using directive or an assembly reference?)
107>D:\Work\IOS-IG-SimHost-FDP-2\Hrot\Subsystems\Blueprints\Hrot.Blueprints.Tests\CapturingDebugSession.cs(11,45,11,64): error CS0246: The type or namespace name 'IBlueprintProbeSink' could not be found (are you missing a using directive or an assembly reference?)
107>D:\Work\IOS-IG-SimHost-FDP-2\Hrot\Subsystems\Blueprints\Hrot.Blueprints.Tests\CapturingDebugSession.cs(11,66,11,88): error CS0246: The type or namespace name 'IBlueprintDebugSession' could not be found (are you missing a using directive or an assembly reference?)
107>D:\Work\IOS-IG-SimHost-FDP-2\Hrot\Subsystems\Blueprints\Hrot.Blueprints.Tests\BlueprintTestFixtureTests.cs(166,25,166,40): error CS0246: The type or namespace name 'ISimulationView' could not be found (are you missing a using directive or an assembly reference?)
107>D:\Work\IOS-IG-SimHost-FDP-2\Hrot\Subsystems\Blueprints\Hrot.Blueprints.Tests\Builders\BlueprintAssetBuilder.cs(47,22,47,26): error CS0246: The type or namespace name 'Node' could not be found (are you missing a using directive or an assembly reference?)
107>D:\Work\IOS-IG-SimHost-FDP-2\Hrot\Subsystems\Blueprints\Hrot.Blueprints.Tests\Benchmarks\ProbeOverheadTests.cs(14,20,14,26): error CS0246: The type or namespace name 'Entity' could not be found (are you missing a using directive or an assembly reference?)
107>D:\Work\IOS-IG-SimHost-FDP-2\Hrot\Subsystems\Blueprints\Hrot.Blueprints.Tests\BlueprintTestFixture.cs(43,12,43,28): error CS0246: The type or namespace name 'EntityRepository' could not be found (are you missing a using directive or an assembly reference?)
107>D:\Work\IOS-IG-SimHost-FDP-2\Hrot\Subsystems\Blueprints\Hrot.Blueprints.Tests\Builders\BlueprintAssetBuilder.cs(51,26,51,30): error CS0246: The type or namespace name 'Node' could not be found (are you missing a using directive or an assembly reference?)
107>D:\Work\IOS-IG-SimHost-FDP-2\Hrot\Subsystems\Blueprints\Hrot.Blueprints.Tests\Benchmarks\ProbeOverheadTests.cs(39,41,39,60): error CS0246: The type or namespace name 'IBlueprintProbeSink' could not be found (are you missing a using directive or an assembly reference?)
107>D:\Work\IOS-IG-SimHost-FDP-2\Hrot\Subsystems\Blueprints\Hrot.Blueprints.Tests\Benchmarks\ProbeOverheadTests.cs(39,68,39,74): error CS0246: The type or namespace name 'Entity' could not be found (are you missing a using directive or an assembly reference?)
107>D:\Work\IOS-IG-SimHost-FDP-2\Hrot\Subsystems\Blueprints\Hrot.Blueprints.Tests\Builders\BlueprintAssetBuilder.cs(148,31,148,35): error CS0246: The type or namespace name 'Node' could not be found (are you missing a using directive or an assembly reference?)
107>D:\Work\IOS-IG-SimHost-FDP-2\Hrot\Subsystems\Blueprints\Hrot.Blueprints.Tests\Comparison\BlueprintComparisonSanitizerTests.cs(74,9,74,22): error CS0246: The type or namespace name 'IAssetCatalog' could not be found (are you missing a using directive or an assembly reference?)
107>D:\Work\IOS-IG-SimHost-FDP-2\Hrot\Subsystems\Blueprints\Hrot.Blueprints.Tests\Comparison\BlueprintComparisonSanitizerTests.cs(75,9,75,36): error CS0246: The type or namespace name 'IComparisonMigrationAdapter' could not be found (are you missing a using directive or an assembly reference?)
107>D:\Work\IOS-IG-SimHost-FDP-2\Hrot\Subsystems\Blueprints\Hrot.Blueprints.Tests\Comparison\BlueprintComparisonSanitizerTests.cs(73,20,73,48): error CS0246: The type or namespace name 'BlueprintComparisonSanitizer' could not be found (are you missing a using directive or an assembly reference?)
107>D:\Work\IOS-IG-SimHost-FDP-2\Hrot\Subsystems\Blueprints\Hrot.Blueprints.Tests\BlueprintTestFixture.cs(46,12,46,29): error CS0246: The type or namespace name 'BlueprintRegistry' could not be found (are you missing a using directive or an assembly reference?)
107>D:\Work\IOS-IG-SimHost-FDP-2\Hrot\Subsystems\Blueprints\Hrot.Blueprints.Tests\Builders\BlueprintAssetBuilder.cs(185,32,185,42): error CS0246: The type or namespace name 'NodeStatus' could not be found (are you missing a using directive or an assembly reference?)
107>D:\Work\IOS-IG-SimHost-FDP-2\Hrot\Subsystems\Blueprints\Hrot.Blueprints.Tests\CapturingDebugSession.cs(95,25,95,38): error CS0246: The type or namespace name 'BreakpointHit' could not be found (are you missing a using directive or an assembly reference?)
107>D:\Work\IOS-IG-SimHost-FDP-2\Hrot\Subsystems\Blueprints\Hrot.Blueprints.Tests\CapturingDebugSession.cs(96,25,96,37): error CS0246: The type or namespace name 'NodeExecuted' could not be found (are you missing a using directive or an assembly reference?)
107>D:\Work\IOS-IG-SimHost-FDP-2\Hrot\Subsystems\Blueprints\Hrot.Blueprints.Tests\CapturingDebugSession.cs(103,36,103,58): error CS0246: The type or namespace name 'IBlueprintDebugSession' could not be found (are you missing a using directive or an assembly reference?)
107>D:\Work\IOS-IG-SimHost-FDP-2\Hrot\Subsystems\Blueprints\Hrot.Blueprints.Tests\CapturingDebugSession.cs(103,18,103,33): error CS0246: The type or namespace name 'PinValueChanged' could not be found (are you missing a using directive or an assembly reference?)
107>D:\Work\IOS-IG-SimHost-FDP-2\Hrot\Subsystems\Blueprints\Hrot.Blueprints.Tests\CapturingDebugSession.cs(103,36,103,58): error CS0538: 'IBlueprintDebugSession' in explicit interface declaration is not an interface
107>D:\Work\IOS-IG-SimHost-FDP-2\Hrot\Subsystems\Blueprints\Hrot.Blueprints.Tests\BlueprintTestFixture.cs(47,12,47,28): error CS0246: The type or namespace name 'BehaviorRegistry' could not be found (are you missing a using directive or an assembly reference?)
107>D:\Work\IOS-IG-SimHost-FDP-2\Hrot\Subsystems\Blueprints\Hrot.Blueprints.Tests\Builders\BlueprintAssetBuilder.cs(367,47,367,65): error CS0246: The type or namespace name 'BlackboardTierHint' could not be found (are you missing a using directive or an assembly reference?)
107>D:\Work\IOS-IG-SimHost-FDP-2\Hrot\Subsystems\Blueprints\Hrot.Blueprints.Tests\CapturingDebugSession.cs(49,33,49,45): error CS0246: The type or namespace name 'BreakpointId' could not be found (are you missing a using directive or an assembly reference?)
107>D:\Work\IOS-IG-SimHost-FDP-2\Hrot\Subsystems\Blueprints\Hrot.Blueprints.Tests\Builders\BlueprintAssetBuilder.cs(285,12,285,17): error CS0246: The type or namespace name 'Graph' could not be found (are you missing a using directive or an assembly reference?)
107>D:\Work\IOS-IG-SimHost-FDP-2\Hrot\Subsystems\Blueprints\Hrot.Blueprints.Tests\Editor\AssetBrowserWindowTests.cs(7,50,7,63): error CS0246: The type or namespace name 'IAssetCatalog' could not be found (are you missing a using directive or an assembly reference?)
107>D:\Work\IOS-IG-SimHost-FDP-2\Hrot\Subsystems\Blueprints\Hrot.Blueprints.Tests\Editor\AssetBrowserWindowTests.cs(7,20,7,38): error CS0246: The type or namespace name 'AssetBrowserWindow' could not be found (are you missing a using directive or an assembly reference?)
107>D:\Work\IOS-IG-SimHost-FDP-2\Hrot\Subsystems\Blueprints\Hrot.Blueprints.Tests\Comparison\BlueprintComparisonSanitizerTests.cs(91,9,91,22): error CS0246: The type or namespace name 'IAssetCatalog' could not be found (are you missing a using directive or an assembly reference?)
107>D:\Work\IOS-IG-SimHost-FDP-2\Hrot\Subsystems\Blueprints\Hrot.Blueprints.Tests\Comparison\BlueprintComparisonSanitizerTests.cs(92,9,92,36): error CS0246: The type or namespace name 'IComparisonMigrationAdapter' could not be found (are you missing a using directive or an assembly reference?)
107>D:\Work\IOS-IG-SimHost-FDP-2\Hrot\Subsystems\Blueprints\Hrot.Blueprints.Tests\Comparison\BlueprintComparisonSanitizerTests.cs(90,20,90,38): error CS0246: The type or namespace name 'SanitizationResult' could not be found (are you missing a using directive or an assembly reference?)
107>D:\Work\IOS-IG-SimHost-FDP-2\Hrot\Subsystems\Blueprints\Hrot.Blueprints.Tests\BlueprintTestFixture.cs(48,12,48,31): error CS0246: The type or namespace name 'BlueprintTickSystem' could not be found (are you missing a using directive or an assembly reference?)
107>D:\Work\IOS-IG-SimHost-FDP-2\Hrot\Subsystems\Blueprints\Hrot.Blueprints.Tests\Builders\BlueprintAssetBuilder.cs(379,45,379,62): error CS0246: The type or namespace name 'AiPrimitiveIntent' could not be found (are you missing a using directive or an assembly reference?)
107>D:\Work\IOS-IG-SimHost-FDP-2\Hrot\Subsystems\Blueprints\Hrot.Blueprints.Tests\Benchmarks\ProbeOverheadBenchmarks.cs(16,13,16,19): error CS0246: The type or namespace name 'Entity' could not be found (are you missing a using directive or an assembly reference?)
107>D:\Work\IOS-IG-SimHost-FDP-2\Hrot\Subsystems\Blueprints\Hrot.Blueprints.Tests\Builders\BlueprintAssetBuilder.cs(99,22,99,31): error CS0246: The type or namespace name 'GraphKind' could not be found (are you missing a using directive or an assembly reference?)
107>D:\Work\IOS-IG-SimHost-FDP-2\Hrot\Subsystems\Blueprints\Hrot.Blueprints.Tests\Editor\AssetBrowserWindowTests.cs(36,40,36,53): error CS0246: The type or namespace name 'IAssetCatalog' could not be found (are you missing a using directive or an assembly reference?)
107>D:\Work\IOS-IG-SimHost-FDP-2\Hrot\Subsystems\Blueprints\Hrot.Blueprints.Tests\BlueprintTestFixture.cs(49,12,49,38): error CS0246: The type or namespace name 'BlueprintMaintenanceSystem' could not be found (are you missing a using directive or an assembly reference?)
107>D:\Work\IOS-IG-SimHost-FDP-2\Hrot\Subsystems\Blueprints\Hrot.Blueprints.Tests\CapturingDebugSession.cs(16,39,16,47): error CS0246: The type or namespace name 'DebugMap' could not be found (are you missing a using directive or an assembly reference?)
107>D:\Work\IOS-IG-SimHost-FDP-2\Hrot\Subsystems\Blueprints\Hrot.Blueprints.Tests\Builders\BlueprintAssetBuilder.cs(102,27,102,31): error CS0246: The type or namespace name 'Node' could not be found (are you missing a using directive or an assembly reference?)
107>D:\Work\IOS-IG-SimHost-FDP-2\Hrot\Subsystems\Blueprints\Hrot.Blueprints.Tests\Benchmarks\ProbeOverheadBenchmarks.cs(19,13,19,32): error CS0246: The type or namespace name 'IBlueprintProbeSink' could not be found (are you missing a using directive or an assembly reference?)
107>D:\Work\IOS-IG-SimHost-FDP-2\Hrot\Subsystems\Blueprints\Hrot.Blueprints.Tests\Editor\AssetBrowserWindowTests.cs(38,26,38,43): error CS0246: The type or namespace name 'AssetCatalogEntry' could not be found (are you missing a using directive or an assembly reference?)
107>D:\Work\IOS-IG-SimHost-FDP-2\Hrot\Subsystems\Blueprints\Hrot.Blueprints.Tests\Builders\BlueprintAssetBuilder.cs(387,54,387,72): error CS0246: The type or namespace name 'AiPrimitiveHosting' could not be found (are you missing a using directive or an assembly reference?)
107>D:\Work\IOS-IG-SimHost-FDP-2\Hrot\Subsystems\Blueprints\Hrot.Blueprints.Tests\Comparison\BlueprintComparisonSanitizerTests.cs(107,9,107,22): error CS0246: The type or namespace name 'IAssetCatalog' could not be found (are you missing a using directive or an assembly reference?)
107>D:\Work\IOS-IG-SimHost-FDP-2\Hrot\Subsystems\Blueprints\Hrot.Blueprints.Tests\Comparison\BlueprintComparisonSanitizerTests.cs(108,9,108,36): error CS0246: The type or namespace name 'IComparisonMigrationAdapter' could not be found (are you missing a using directive or an assembly reference?)
107>D:\Work\IOS-IG-SimHost-FDP-2\Hrot\Subsystems\Blueprints\Hrot.Blueprints.Tests\Comparison\BlueprintComparisonSanitizerTests.cs(106,20,106,38): error CS0246: The type or namespace name 'SanitizationResult' could not be found (are you missing a using directive or an assembly reference?)
107>D:\Work\IOS-IG-SimHost-FDP-2\Hrot\Subsystems\Blueprints\Hrot.Blueprints.Tests\Benchmarks\ProbeOverheadBenchmarks.cs(20,13,20,32): error CS0246: The type or namespace name 'IBlueprintProbeSink' could not be found (are you missing a using directive or an assembly reference?)
107>D:\Work\IOS-IG-SimHost-FDP-2\Hrot\Subsystems\Blueprints\Hrot.Blueprints.Tests\CapturingDebugSession.cs(20,29,20,35): error CS0246: The type or namespace name 'Entity' could not be found (are you missing a using directive or an assembly reference?)
107>D:\Work\IOS-IG-SimHost-FDP-2\Hrot\Subsystems\Blueprints\Hrot.Blueprints.Tests\Builders\BlueprintAssetBuilder.cs(103,27,103,31): error CS0246: The type or namespace name 'Link' could not be found (are you missing a using directive or an assembly reference?)
107>D:\Work\IOS-IG-SimHost-FDP-2\Hrot\Subsystems\Blueprints\Hrot.Blueprints.Tests\Editor\AssetBrowserWindowTests.cs(39,35,39,52): error CS0246: The type or namespace name 'AssetCatalogEntry' could not be found (are you missing a using directive or an assembly reference?)
107>D:\Work\IOS-IG-SimHost-FDP-2\Hrot\Subsystems\Blueprints\Hrot.Blueprints.Tests\BlueprintTestFixture.cs(57,12,57,15): error CS0246: The type or namespace name 'Fdp' could not be found (are you missing a using directive or an assembly reference?)
107>D:\Work\IOS-IG-SimHost-FDP-2\Hrot\Subsystems\Blueprints\Hrot.Blueprints.Tests\Benchmarks\ProbeOverheadBenchmarks.cs(53,52,53,67): error CS0246: The type or namespace name 'ISimulationView' could not be found (are you missing a using directive or an assembly reference?)
107>D:\Work\IOS-IG-SimHost-FDP-2\Hrot\Subsystems\Blueprints\Hrot.Blueprints.Tests\BlueprintTestFixture.cs(62,28,62,32): error CS0234: The type or namespace name 'Core' does not exist in the namespace 'Hrot.Blueprints' (are you missing an assembly reference?)
107>D:\Work\IOS-IG-SimHost-FDP-2\Hrot\Subsystems\Blueprints\Hrot.Blueprints.Tests\Builders\BlueprintAssetBuilder.cs(109,40,109,49): error CS0246: The type or namespace name 'GraphKind' could not be found (are you missing a using directive or an assembly reference?)
107>D:\Work\IOS-IG-SimHost-FDP-2\Hrot\Subsystems\Blueprints\Hrot.Blueprints.Tests\CapturingDebugSession.cs(27,38,27,44): error CS0246: The type or namespace name 'Entity' could not be found (are you missing a using directive or an assembly reference?)
107>D:\Work\IOS-IG-SimHost-FDP-2\Hrot\Subsystems\Blueprints\Hrot.Blueprints.Tests\Editor\AssetBrowserWindowTests.cs(40,28,40,45): error CS0246: The type or namespace name 'AssetCatalogEntry' could not be found (are you missing a using directive or an assembly reference?)
107>D:\Work\IOS-IG-SimHost-FDP-2\Hrot\Subsystems\Blueprints\Hrot.Blueprints.Tests\Comparison\BlueprintComparisonSanitizerTests.cs(19,38,19,52): error CS0246: The type or namespace name 'IEditableAsset' could not be found (are you missing a using directive or an assembly reference?)
107>D:\Work\IOS-IG-SimHost-FDP-2\Hrot\Subsystems\Blueprints\Hrot.Blueprints.Tests\Compiler\Determinism\CompilerDeterminismTests.cs(15,20,15,34): error CS0246: The type or namespace name 'CompileOptions' could not be found (are you missing a using directive or an assembly reference?)
107>D:\Work\IOS-IG-SimHost-FDP-2\Hrot\Subsystems\Blueprints\Hrot.Blueprints.Tests\Benchmarks\WhenNodePerfTests.cs(58,20,58,34): error CS0246: The type or namespace name 'CompileOptions' could not be found (are you missing a using directive or an assembly reference?)
107>D:\Work\IOS-IG-SimHost-FDP-2\Hrot\Subsystems\Blueprints\Hrot.Blueprints.Tests\CapturingDebugSession.cs(31,33,31,39): error CS0246: The type or namespace name 'Entity' could not be found (are you missing a using directive or an assembly reference?)
107>D:\Work\IOS-IG-SimHost-FDP-2\Hrot\Subsystems\Blueprints\Hrot.Blueprints.Tests\Compiler\Determinism\CompilerDeterminismTests.cs(25,20,25,33): error CS0246: The type or namespace name 'CompileResult' could not be found (are you missing a using directive or an assembly reference?)
107>D:\Work\IOS-IG-SimHost-FDP-2\Hrot\Subsystems\Blueprints\Hrot.Blueprints.Tests\Benchmarks\ProbeOverheadBenchmarks.cs(57,49,57,55): error CS0246: The type or namespace name 'Entity' could not be found (are you missing a using directive or an assembly reference?)
107>D:\Work\IOS-IG-SimHost-FDP-2\Hrot\Subsystems\Blueprints\Hrot.Blueprints.Tests\Benchmarks\WhenNodePerfTests.cs(67,20,67,34): error CS0246: The type or namespace name 'CompileOptions' could not be found (are you missing a using directive or an assembly reference?)
107>D:\Work\IOS-IG-SimHost-FDP-2\Hrot\Subsystems\Blueprints\Hrot.Blueprints.Tests\Comparison\BlueprintComparisonSanitizerTests.cs(23,16,23,25): error CS0246: The type or namespace name 'AssetKind' could not be found (are you missing a using directive or an assembly reference?)
107>D:\Work\IOS-IG-SimHost-FDP-2\Hrot\Subsystems\Blueprints\Hrot.Blueprints.Tests\CapturingDebugSession.cs(32,32,32,38): error CS0246: The type or namespace name 'Entity' could not be found (are you missing a using directive or an assembly reference?)
107>D:\Work\IOS-IG-SimHost-FDP-2\Hrot\Subsystems\Blueprints\Hrot.Blueprints.Tests\BlueprintTestFixture.cs(156,43,156,58): error CS0246: The type or namespace name 'ISimulationView' could not be found (are you missing a using directive or an assembly reference?)
107>D:\Work\IOS-IG-SimHost-FDP-2\Hrot\Subsystems\Blueprints\Hrot.Blueprints.Tests\BlueprintTestFixture.cs(156,60,156,80): error CS0246: The type or namespace name 'IEntityCommandBuffer' could not be found (are you missing a using directive or an assembly reference?)
107>D:\Work\IOS-IG-SimHost-FDP-2\Hrot\Subsystems\Blueprints\Hrot.Blueprints.Tests\Benchmarks\ProbeOverheadBenchmarks.cs(59,43,59,49): error CS0246: The type or namespace name 'Entity' could not be found (are you missing a using directive or an assembly reference?)
107>D:\Work\IOS-IG-SimHost-FDP-2\Hrot\Subsystems\Blueprints\Hrot.Blueprints.Tests\Benchmarks\WhenNodePerfTests.cs(76,20,76,34): error CS0246: The type or namespace name 'CompileOptions' could not be found (are you missing a using directive or an assembly reference?)
107>D:\Work\IOS-IG-SimHost-FDP-2\Hrot\Subsystems\Blueprints\Hrot.Blueprints.Tests\Builders\BlueprintAssetBuilder.cs(457,57,457,66): error CS0246: The type or namespace name 'GraphKind' could not be found (are you missing a using directive or an assembly reference?)
107>D:\Work\IOS-IG-SimHost-FDP-2\Hrot\Subsystems\Blueprints\Hrot.Blueprints.Tests\Comparison\BlueprintComparisonSanitizerTests.cs(30,40,30,53): error CS0246: The type or namespace name 'IAssetCatalog' could not be found (are you missing a using directive or an assembly reference?)
107>D:\Work\IOS-IG-SimHost-FDP-2\Hrot\Subsystems\Blueprints\Hrot.Blueprints.Tests\Benchmarks\ProbeOverheadBenchmarks.cs(61,29,61,35): error CS0246: The type or namespace name 'Entity' could not be found (are you missing a using directive or an assembly reference?)
107>D:\Work\IOS-IG-SimHost-FDP-2\Hrot\Subsystems\Blueprints\Hrot.Blueprints.Tests\CapturingDebugSession.cs(47,12,47,24): error CS0246: The type or namespace name 'BreakpointId' could not be found (are you missing a using directive or an assembly reference?)
107>D:\Work\IOS-IG-SimHost-FDP-2\Hrot\Subsystems\Blueprints\Hrot.Blueprints.Tests\BlueprintTestFixture.cs(159,37,159,53): error CS0246: The type or namespace name 'IEcsModuleSystem' could not be found (are you missing a using directive or an assembly reference?)
107>D:\Work\IOS-IG-SimHost-FDP-2\Hrot\Subsystems\Blueprints\Hrot.Blueprints.Tests\Benchmarks\WhenNodePerfTests.cs(89,20,89,34): error CS0246: The type or namespace name 'BlueprintAsset' could not be found (are you missing a using directive or an assembly reference?)
107>D:\Work\IOS-IG-SimHost-FDP-2\Hrot\Subsystems\Blueprints\Hrot.Blueprints.Tests\Builders\BlueprintAssetBuilder.cs(470,12,470,26): error CS0246: The type or namespace name 'BlueprintAsset' could not be found (are you missing a using directive or an assembly reference?)
107>D:\Work\IOS-IG-SimHost-FDP-2\Hrot\Subsystems\Blueprints\Hrot.Blueprints.Tests\Benchmarks\ProbeOverheadBenchmarks.cs(62,37,62,43): error CS0246: The type or namespace name 'Entity' could not be found (are you missing a using directive or an assembly reference?)
107>D:\Work\IOS-IG-SimHost-FDP-2\Hrot\Subsystems\Blueprints\Hrot.Blueprints.Tests\Comparison\BlueprintComparisonSanitizerTests.cs(32,43,32,57): error CS0246: The type or namespace name 'IEditableAsset' could not be found (are you missing a using directive or an assembly reference?)
107>D:\Work\IOS-IG-SimHost-FDP-2\Hrot\Subsystems\Blueprints\Hrot.Blueprints.Tests\CapturingDebugSession.cs(51,26,51,36): error CS0246: The type or namespace name 'Breakpoint' could not be found (are you missing a using directive or an assembly reference?)
107>D:\Work\IOS-IG-SimHost-FDP-2\Hrot\Subsystems\Blueprints\Hrot.Blueprints.Tests\Benchmarks\WhenNodePerfTests.cs(149,20,149,34): error CS0246: The type or namespace name 'BlueprintAsset' could not be found (are you missing a using directive or an assembly reference?)
107>D:\Work\IOS-IG-SimHost-FDP-2\Hrot\Subsystems\Blueprints\Hrot.Blueprints.Tests\BlueprintTestFixture.cs(168,36,168,50): error CS0246: The type or namespace name 'BlueprintAsset' could not be found (are you missing a using directive or an assembly reference?)
107>D:\Work\IOS-IG-SimHost-FDP-2\Hrot\Subsystems\Blueprints\Hrot.Blueprints.Tests\Benchmarks\ProbeOverheadBenchmarks.cs(63,44,63,50): error CS0246: The type or namespace name 'Entity' could not be found (are you missing a using directive or an assembly reference?)
107>D:\Work\IOS-IG-SimHost-FDP-2\Hrot\Subsystems\Blueprints\Hrot.Blueprints.Tests\Comparison\BlueprintComparisonSanitizerTests.cs(34,35,34,49): error CS0246: The type or namespace name 'IEditableAsset' could not be found (are you missing a using directive or an assembly reference?)
107>D:\Work\IOS-IG-SimHost-FDP-2\Hrot\Subsystems\Blueprints\Hrot.Blueprints.Tests\Builders\BlueprintAssetBuilder.cs(313,13,313,34): error CS0246: The type or namespace name 'BlueprintDispatchKind' could not be found (are you missing a using directive or an assembly reference?)
107>D:\Work\IOS-IG-SimHost-FDP-2\Hrot\Subsystems\Blueprints\Hrot.Blueprints.Tests\Benchmarks\WhenNodePerfTests.cs(206,20,206,34): error CS0246: The type or namespace name 'BlueprintAsset' could not be found (are you missing a using directive or an assembly reference?)
107>D:\Work\IOS-IG-SimHost-FDP-2\Hrot\Subsystems\Blueprints\Hrot.Blueprints.Tests\Demos\LibraryMathDemoTests.cs(17,20,17,34): error CS0246: The type or namespace name 'CompileOptions' could not be found (are you missing a using directive or an assembly reference?)
107>D:\Work\IOS-IG-SimHost-FDP-2\Hrot\Subsystems\Blueprints\Hrot.Blueprints.Tests\CapturingDebugSession.cs(56,12,56,19): error CS0246: The type or namespace name 'WatchId' could not be found (are you missing a using directive or an assembly reference?)
107>D:\Work\IOS-IG-SimHost-FDP-2\Hrot\Subsystems\Blueprints\Hrot.Blueprints.Tests\Builders\BlueprintAssetBuilder.cs(314,13,314,31): error CS0246: The type or namespace name 'BlackboardTierHint' could not be found (are you missing a using directive or an assembly reference?)
107>D:\Work\IOS-IG-SimHost-FDP-2\Hrot\Subsystems\Blueprints\Hrot.Blueprints.Tests\Comparison\BlueprintComparisonSanitizerTests.cs(40,30,40,44): error CS0246: The type or namespace name 'IEditableAsset' could not be found (are you missing a using directive or an assembly reference?)
107>D:\Work\IOS-IG-SimHost-FDP-2\Hrot\Subsystems\Blueprints\Hrot.Blueprints.Tests\Benchmarks\WhenNodePerfTests.cs(268,20,268,34): error CS0246: The type or namespace name 'BlueprintAsset' could not be found (are you missing a using directive or an assembly reference?)
107>D:\Work\IOS-IG-SimHost-FDP-2\Hrot\Subsystems\Blueprints\Hrot.Blueprints.Tests\CapturingDebugSession.cs(57,29,57,36): error CS0246: The type or namespace name 'WatchId' could not be found (are you missing a using directive or an assembly reference?)
107>D:\Work\IOS-IG-SimHost-FDP-2\Hrot\Subsystems\Blueprints\Hrot.Blueprints.Tests\Editor\BlueprintWindowRegistrarTests.cs(35,20,35,44): error CS0246: The type or namespace name 'BlueprintWindowRegistrar' could not be found (are you missing a using directive or an assembly reference?)
107>D:\Work\IOS-IG-SimHost-FDP-2\Hrot\Subsystems\Blueprints\Hrot.Blueprints.Tests\Benchmarks\ProbeOverheadBenchmarks.cs(65,16,65,28): error CS0246: The type or namespace name 'QueryBuilder' could not be found (are you missing a using directive or an assembly reference?)
107>D:\Work\IOS-IG-SimHost-FDP-2\Hrot\Subsystems\Blueprints\Hrot.Blueprints.Tests\Builders\BlueprintAssetBuilder.cs(316,13,316,28): error CS0246: The type or namespace name 'AiPrimitiveDecl' could not be found (are you missing a using directive or an assembly reference?)
107>D:\Work\IOS-IG-SimHost-FDP-2\Hrot\Subsystems\Blueprints\Hrot.Blueprints.Tests\Comparison\BlueprintComparisonSanitizerTests.cs(41,16,41,30): error CS0246: The type or namespace name 'IEditableAsset' could not be found (are you missing a using directive or an assembly reference?)
107>D:\Work\IOS-IG-SimHost-FDP-2\Hrot\Subsystems\Blueprints\Hrot.Blueprints.Tests\BlueprintTestFixture.cs(175,36,175,50): error CS0246: The type or namespace name 'BlueprintAsset' could not be found (are you missing a using directive or an assembly reference?)
107>D:\Work\IOS-IG-SimHost-FDP-2\Hrot\Subsystems\Blueprints\Hrot.Blueprints.Tests\BlueprintTestFixture.cs(175,58,175,72): error CS0246: The type or namespace name 'CompileOptions' could not be found (are you missing a using directive or an assembly reference?)
107>D:\Work\IOS-IG-SimHost-FDP-2\Hrot\Subsystems\Blueprints\Hrot.Blueprints.Tests\Benchmarks\WhenNodePerfTests.cs(341,21,341,35): error CS0246: The type or namespace name 'BlueprintAsset' could not be found (are you missing a using directive or an assembly reference?)
107>D:\Work\IOS-IG-SimHost-FDP-2\Hrot\Subsystems\Blueprints\Hrot.Blueprints.Tests\CapturingDebugSession.cs(59,26,59,31): error CS0246: The type or namespace name 'Watch' could not be found (are you missing a using directive or an assembly reference?)
107>D:\Work\IOS-IG-SimHost-FDP-2\Hrot\Subsystems\Blueprints\Hrot.Blueprints.Tests\Demos\MoveToAndFireDemoTests.cs(19,20,19,34): error CS0246: The type or namespace name 'CompileOptions' could not be found (are you missing a using directive or an assembly reference?)
107>D:\Work\IOS-IG-SimHost-FDP-2\Hrot\Subsystems\Blueprints\Hrot.Blueprints.Tests\Editor\BlueprintWindowRegistrarTests.cs(17,46,17,70): error CS0246: The type or namespace name 'IBlueprintWindowRegistry' could not be found (are you missing a using directive or an assembly reference?)
107>D:\Work\IOS-IG-SimHost-FDP-2\Hrot\Subsystems\Blueprints\Hrot.Blueprints.Tests\Comparison\BlueprintComparisonSanitizerTests.cs(43,16,43,30): error CS0246: The type or namespace name 'IEditableAsset' could not be found (are you missing a using directive or an assembly reference?)
107>D:\Work\IOS-IG-SimHost-FDP-2\Hrot\Subsystems\Blueprints\Hrot.Blueprints.Tests\Editor\CommandHistoryTests.cs(8,20,8,25): error CS0246: The type or namespace name 'Graph' could not be found (are you missing a using directive or an assembly reference?)
107>D:\Work\IOS-IG-SimHost-FDP-2\Hrot\Subsystems\Blueprints\Hrot.Blueprints.Tests\Builders\BlueprintAssetBuilder.cs(317,27,317,40): error CS0246: The type or namespace name 'ParameterDecl' could not be found (are you missing a using directive or an assembly reference?)
107>D:\Work\IOS-IG-SimHost-FDP-2\Hrot\Subsystems\Blueprints\Hrot.Blueprints.Tests\CapturingDebugSession.cs(64,12,64,22): error CS0246: The type or namespace name 'Breakpoint' could not be found (are you missing a using directive or an assembly reference?)
107>D:\Work\IOS-IG-SimHost-FDP-2\Hrot\Subsystems\Blueprints\Hrot.Blueprints.Tests\Editor\CommandHistoryTests.cs(9,20,9,24): error CS0246: The type or namespace name 'Node' could not be found (are you missing a using directive or an assembly reference?)
107>D:\Work\IOS-IG-SimHost-FDP-2\Hrot\Subsystems\Blueprints\Hrot.Blueprints.Tests\Benchmarks\ProbeOverheadBenchmarks.cs(67,16,67,36): error CS0246: The type or namespace name 'IEntityCommandBuffer' could not be found (are you missing a using directive or an assembly reference?)
107>D:\Work\IOS-IG-SimHost-FDP-2\Hrot\Subsystems\Blueprints\Hrot.Blueprints.Tests\BlueprintTestFixture.cs(184,23,184,37): error CS0246: The type or namespace name 'BlueprintAsset' could not be found (are you missing a using directive or an assembly reference?)
107>D:\Work\IOS-IG-SimHost-FDP-2\Hrot\Subsystems\Blueprints\Hrot.Blueprints.Tests\Comparison\BlueprintComparisonSanitizerTests.cs(45,30,45,44): error CS0246: The type or namespace name 'IEditableAsset' could not be found (are you missing a using directive or an assembly reference?)
107>D:\Work\IOS-IG-SimHost-FDP-2\Hrot\Subsystems\Blueprints\Hrot.Blueprints.Tests\Builders\BlueprintAssetBuilder.cs(318,27,318,39): error CS0246: The type or namespace name 'VariableDecl' could not be found (are you missing a using directive or an assembly reference?)
107>D:\Work\IOS-IG-SimHost-FDP-2\Hrot\Subsystems\Blueprints\Hrot.Blueprints.Tests\Benchmarks\WhenNodePerfTests.cs(30,46,30,65): error CS0246: The type or namespace name 'IEngineEventCatalog' could not be found (are you missing a using directive or an assembly reference?)
107>D:\Work\IOS-IG-SimHost-FDP-2\Hrot\Subsystems\Blueprints\Hrot.Blueprints.Tests\CapturingDebugSession.cs(65,12,65,18): error CS0246: The type or namespace name 'Entity' could not be found (are you missing a using directive or an assembly reference?)
107>D:\Work\IOS-IG-SimHost-FDP-2\Hrot\Subsystems\Blueprints\Hrot.Blueprints.Tests\Comparison\BlueprintComparisonSanitizerTests.cs(50,49,50,76): error CS0246: The type or namespace name 'IComparisonMigrationAdapter' could not be found (are you missing a using directive or an assembly reference?)
107>D:\Work\IOS-IG-SimHost-FDP-2\Hrot\Subsystems\Blueprints\Hrot.Blueprints.Tests\BlueprintTestFixture.cs(188,20,188,34): error CS0246: The type or namespace name 'CompileOptions' could not be found (are you missing a using directive or an assembly reference?)
107>D:\Work\IOS-IG-SimHost-FDP-2\Hrot\Subsystems\Blueprints\Hrot.Blueprints.Tests\Builders\BlueprintAssetBuilder.cs(319,27,319,39): error CS0246: The type or namespace name 'VariableDecl' could not be found (are you missing a using directive or an assembly reference?)
107>D:\Work\IOS-IG-SimHost-FDP-2\Hrot\Subsystems\Blueprints\Hrot.Blueprints.Tests\CapturingDebugSession.cs(69,33,69,39): error CS0246: The type or namespace name 'Entity' could not be found (are you missing a using directive or an assembly reference?)
107>D:\Work\IOS-IG-SimHost-FDP-2\Hrot\Subsystems\Blueprints\Hrot.Blueprints.Tests\Benchmarks\ProbeOverheadBenchmarks.cs(70,52,70,76): error CS0246: The type or namespace name 'IBlueprintTimeController' could not be found (are you missing a using directive or an assembly reference?)
107>D:\Work\IOS-IG-SimHost-FDP-2\Hrot\Subsystems\Blueprints\Hrot.Blueprints.Tests\Compiler\Determinism\StructureHashTests.cs(17,20,17,34): error CS0246: The type or namespace name 'CompileOptions' could not be found (are you missing a using directive or an assembly reference?)
107>D:\Work\IOS-IG-SimHost-FDP-2\Hrot\Subsystems\Blueprints\Hrot.Blueprints.Tests\Comparison\BlueprintComparisonSanitizerTests.cs(63,46,63,68): error CS0246: The type or namespace name 'IMetaEnvelopeSanitizer' could not be found (are you missing a using directive or an assembly reference?)
107>D:\Work\IOS-IG-SimHost-FDP-2\Hrot\Subsystems\Blueprints\Hrot.Blueprints.Tests\Benchmarks\WhenNodePerfTests.cs(33,57,33,80): error CS0246: The type or namespace name 'EngineEventCatalogEntry' could not be found (are you missing a using directive or an assembly reference?)
107>D:\Work\IOS-IG-SimHost-FDP-2\Hrot\Subsystems\Blueprints\Hrot.Blueprints.Tests\Builders\BlueprintAssetBuilder.cs(320,27,320,46): error CS0246: The type or namespace name 'EventDispatcherDecl' could not be found (are you missing a using directive or an assembly reference?)
107>D:\Work\IOS-IG-SimHost-FDP-2\Hrot\Subsystems\Blueprints\Hrot.Blueprints.Tests\CapturingDebugSession.cs(70,12,70,18): error CS0246: The type or namespace name 'Entity' could not be found (are you missing a using directive or an assembly reference?)
107>D:\Work\IOS-IG-SimHost-FDP-2\Hrot\Subsystems\Blueprints\Hrot.Blueprints.Tests\Compiler\Determinism\StructureHashTests.cs(28,9,28,23): error CS0246: The type or namespace name 'BlueprintAsset' could not be found (are you missing a using directive or an assembly reference?)
107>D:\Work\IOS-IG-SimHost-FDP-2\Hrot\Subsystems\Blueprints\Hrot.Blueprints.Tests\Compiler\Determinism\StructureHashTests.cs(27,36,27,40): error CS0234: The type or namespace name 'Core' does not exist in the namespace 'Hrot.Blueprints' (are you missing an assembly reference?)
107>D:\Work\IOS-IG-SimHost-FDP-2\Hrot\Subsystems\Blueprints\Hrot.Blueprints.Tests\Editor\ConditionSummaryAttachmentTests.cs(118,51,118,59): error CS0246: The type or namespace name 'WhenMode' could not be found (are you missing a using directive or an assembly reference?)
107>D:\Work\IOS-IG-SimHost-FDP-2\Hrot\Subsystems\Blueprints\Hrot.Blueprints.Tests\CapturingDebugSession.cs(74,26,74,32): error CS0246: The type or namespace name 'Entity' could not be found (are you missing a using directive or an assembly reference?)
107>D:\Work\IOS-IG-SimHost-FDP-2\Hrot\Subsystems\Blueprints\Hrot.Blueprints.Tests\BlueprintTestFixture.cs(200,23,200,37): error CS0246: The type or namespace name 'BlueprintAsset' could not be found (are you missing a using directive or an assembly reference?)
107>D:\Work\IOS-IG-SimHost-FDP-2\Hrot\Subsystems\Blueprints\Hrot.Blueprints.Tests\BlueprintTestFixture.cs(201,9,201,23): error CS0246: The type or namespace name 'CompileOptions' could not be found (are you missing a using directive or an assembly reference?)
107>D:\Work\IOS-IG-SimHost-FDP-2\Hrot\Subsystems\Blueprints\Hrot.Blueprints.Tests\Editor\BlueprintWindowRegistrarTests.cs(20,48,20,70): error CS0246: The type or namespace name 'IBlueprintEditorWindow' could not be found (are you missing a using directive or an assembly reference?)
107>D:\Work\IOS-IG-SimHost-FDP-2\Hrot\Subsystems\Blueprints\Hrot.Blueprints.Tests\Benchmarks\WhenNodePerfTests.cs(39,50,39,69): error CS0246: The type or namespace name 'IEqsTemplateCatalog' could not be found (are you missing a using directive or an assembly reference?)
107>D:\Work\IOS-IG-SimHost-FDP-2\Hrot\Subsystems\Blueprints\Hrot.Blueprints.Tests\Builders\BlueprintAssetBuilder.cs(321,27,321,42): error CS0246: The type or namespace name 'CustomEventDecl' could not be found (are you missing a using directive or an assembly reference?)
107>D:\Work\IOS-IG-SimHost-FDP-2\Hrot\Subsystems\Blueprints\Hrot.Blueprints.Tests\CapturingDebugSession.cs(86,12,86,34): error CS0246: The type or namespace name 'BlueprintStateSnapshot' could not be found (are you missing a using directive or an assembly reference?)
107>D:\Work\IOS-IG-SimHost-FDP-2\Hrot\Subsystems\Blueprints\Hrot.Blueprints.Tests\Editor\BlueprintWindowRegistrarTests.cs(24,45,24,58): error CS0246: The type or namespace name 'IAssetCatalog' could not be found (are you missing a using directive or an assembly reference?)
107>D:\Work\IOS-IG-SimHost-FDP-2\Hrot\Subsystems\Blueprints\Hrot.Blueprints.Tests\BlueprintTestFixture.cs(336,46,336,60): error CS0246: The type or namespace name 'BlueprintAsset' could not be found (are you missing a using directive or an assembly reference?)
107>D:\Work\IOS-IG-SimHost-FDP-2\Hrot\Subsystems\Blueprints\Hrot.Blueprints.Tests\CapturingDebugSession.cs(87,26,87,38): error CS0246: The type or namespace name 'NodeExecuted' could not be found (are you missing a using directive or an assembly reference?)
107>D:\Work\IOS-IG-SimHost-FDP-2\Hrot\Subsystems\Blueprints\Hrot.Blueprints.Tests\Compiler\EndToEnd\DoorActor_DoorSensor_EndToEndTests.cs(14,20,14,34): error CS0246: The type or namespace name 'CompileOptions' could not be found (are you missing a using directive or an assembly reference?)
107>D:\Work\IOS-IG-SimHost-FDP-2\Hrot\Subsystems\Blueprints\Hrot.Blueprints.Tests\Editor\BlueprintWindowRegistrarTests.cs(26,28,26,45): error CS0246: The type or namespace name 'AssetCatalogEntry' could not be found (are you missing a using directive or an assembly reference?)
107>D:\Work\IOS-IG-SimHost-FDP-2\Hrot\Subsystems\Blueprints\Hrot.Blueprints.Tests\Builders\BlueprintAssetBuilder.cs(323,27,323,32): error CS0246: The type or namespace name 'Graph' could not be found (are you missing a using directive or an assembly reference?)
107>D:\Work\IOS-IG-SimHost-FDP-2\Hrot\Subsystems\Blueprints\Hrot.Blueprints.Tests\Benchmarks\WhenNodePerfTests.cs(46,55,46,73): error CS0246: The type or namespace name 'IPredicateCompiler' could not be found (are you missing a using directive or an assembly reference?)
107>D:\Work\IOS-IG-SimHost-FDP-2\Hrot\Subsystems\Blueprints\Hrot.Blueprints.Tests\BlueprintTestFixture.cs(384,37,384,51): error CS0246: The type or namespace name 'BlueprintAsset' could not be found (are you missing a using directive or an assembly reference?)
107>D:\Work\IOS-IG-SimHost-FDP-2\Hrot\Subsystems\Blueprints\Hrot.Blueprints.Tests\Editor\BlueprintWindowRegistrarTests.cs(29,50,29,77): error CS0246: The type or namespace name 'IBlueprintEditorCoordinator' could not be found (are you missing a using directive or an assembly reference?)
107>D:\Work\IOS-IG-SimHost-FDP-2\Hrot\Subsystems\Blueprints\Hrot.Blueprints.Tests\CapturingDebugSession.cs(89,59,89,65): error CS0246: The type or namespace name 'Entity' could not be found (are you missing a using directive or an assembly reference?)
107>D:\Work\IOS-IG-SimHost-FDP-2\Hrot\Subsystems\Blueprints\Hrot.Blueprints.Tests\CapturingDebugSession.cs(89,26,89,42): error CS0246: The type or namespace name 'NodeHistoryEntry' could not be found (are you missing a using directive or an assembly reference?)
107>D:\Work\IOS-IG-SimHost-FDP-2\Hrot\Subsystems\Blueprints\Hrot.Blueprints.Tests\Builders\BlueprintAssetBuilder.cs(325,48,325,69): error CS0246: The type or namespace name 'BlueprintDispatchKind' could not be found (are you missing a using directive or an assembly reference?)
107>D:\Work\IOS-IG-SimHost-FDP-2\Hrot\Subsystems\Blueprints\Hrot.Blueprints.Tests\Compiler\EndToEnd\HasVisibleTarget_EndToEndTests.cs(10,20,10,34): error CS0246: The type or namespace name 'CompileOptions' could not be found (are you missing a using directive or an assembly reference?)
107>D:\Work\IOS-IG-SimHost-FDP-2\Hrot\Subsystems\Blueprints\Hrot.Blueprints.Tests\Integration\WhenNodeEditorSmokeTest.cs(136,25,136,39): error CS0246: The type or namespace name 'BlueprintAsset' could not be found (are you missing a using directive or an assembly reference?)
107>D:\Work\IOS-IG-SimHost-FDP-2\Hrot\Subsystems\Blueprints\Hrot.Blueprints.Tests\CapturingDebugSession.cs(91,26,91,35): error CS0246: The type or namespace name 'CallFrame' could not be found (are you missing a using directive or an assembly reference?)
107>D:\Work\IOS-IG-SimHost-FDP-2\Hrot\Subsystems\Blueprints\Hrot.Blueprints.Tests\Editor\BlueprintWindowRegistrarTests.cs(31,29,31,48): error CS0246: The type or namespace name 'ReloadCompletedInfo' could not be found (are you missing a using directive or an assembly reference?)
107>D:\Work\IOS-IG-SimHost-FDP-2\Hrot\Subsystems\Blueprints\Hrot.Blueprints.Tests\Editor\BlueprintWindowRegistrarTests.cs(32,37,32,49): error CS0246: The type or namespace name 'ReloadSource' could not be found (are you missing a using directive or an assembly reference?)
107>D:\Work\IOS-IG-SimHost-FDP-2\Hrot\Subsystems\Blueprints\Hrot.Blueprints.Tests\Integration\CoverAwarePatrolEndToEndTest.cs(32,20,32,34): error CS0246: The type or namespace name 'CompileOptions' could not be found (are you missing a using directive or an assembly reference?)
107>D:\Work\IOS-IG-SimHost-FDP-2\Hrot\Subsystems\Blueprints\Hrot.Blueprints.Tests\Integration\WhenNodeEditorSmokeTest.cs(181,20,181,47): error CS0246: The type or namespace name 'BlueprintNodeDrawerRegistry' could not be found (are you missing a using directive or an assembly reference?)
107>D:\Work\IOS-IG-SimHost-FDP-2\Hrot\Subsystems\Blueprints\Hrot.Blueprints.Tests\Benchmarks\WhenNodePerfTests.cs(48,79,48,97): error CS0246: The type or namespace name 'SearchPredicateDto' could not be found (are you missing a using directive or an assembly reference?)
107>D:\Work\IOS-IG-SimHost-FDP-2\Hrot\Subsystems\Blueprints\Hrot.Blueprints.Tests\Benchmarks\WhenNodePerfTests.cs(48,21,48,37): error CS0246: The type or namespace name 'EntityRepository' could not be found (are you missing a using directive or an assembly reference?)
107>D:\Work\IOS-IG-SimHost-FDP-2\Hrot\Subsystems\Blueprints\Hrot.Blueprints.Tests\Benchmarks\WhenNodePerfTests.cs(48,39,48,45): error CS0246: The type or namespace name 'Entity' could not be found (are you missing a using directive or an assembly reference?)
107>D:\Work\IOS-IG-SimHost-FDP-2\Hrot\Subsystems\Blueprints\Hrot.Blueprints.Tests\CapturingDebugSession.cs(101,20,101,35): error CS0246: The type or namespace name 'PinValueChanged' could not be found (are you missing a using directive or an assembly reference?)
107>D:\Work\IOS-IG-SimHost-FDP-2\Hrot\Subsystems\Blueprints\Hrot.Blueprints.Tests\Compiler\EndToEnd\HealthRegen_EndToEndTests.cs(10,20,10,34): error CS0246: The type or namespace name 'CompileOptions' could not be found (are you missing a using directive or an assembly reference?)
107>D:\Work\IOS-IG-SimHost-FDP-2\Hrot\Subsystems\Blueprints\Hrot.Blueprints.Tests\Integration\CoverAwarePatrolEndToEndTest.cs(50,20,50,34): error CS0246: The type or namespace name 'BlueprintAsset' could not be found (are you missing a using directive or an assembly reference?)
107>D:\Work\IOS-IG-SimHost-FDP-2\Hrot\Subsystems\Blueprints\Hrot.Blueprints.Tests\CapturingDebugSession.cs(109,34,109,42): error CS0246: The type or namespace name 'DebugMap' could not be found (are you missing a using directive or an assembly reference?)
107>D:\Work\IOS-IG-SimHost-FDP-2\Hrot\Subsystems\Blueprints\Hrot.Blueprints.Tests\BlueprintTestFixture.cs(501,41,501,55): error CS0246: The type or namespace name 'BlueprintAsset' could not be found (are you missing a using directive or an assembly reference?)
107>D:\Work\IOS-IG-SimHost-FDP-2\Hrot\Subsystems\Blueprints\Hrot.Blueprints.Tests\BlueprintTestFixture.cs(501,63,501,69): error CS0246: The type or namespace name 'Entity' could not be found (are you missing a using directive or an assembly reference?)
107>D:\Work\IOS-IG-SimHost-FDP-2\Hrot\Subsystems\Blueprints\Hrot.Blueprints.Tests\BlueprintTestFixture.cs(501,12,501,22): error CS0246: The type or namespace name 'NodeStatus' could not be found (are you missing a using directive or an assembly reference?)
107>D:\Work\IOS-IG-SimHost-FDP-2\Hrot\Subsystems\Blueprints\Hrot.Blueprints.Tests\Integration\WhenNodeEditorSmokeTest.cs(195,44,195,56): error CS0246: The type or namespace name 'IEditService' could not be found (are you missing a using directive or an assembly reference?)
107>D:\Work\IOS-IG-SimHost-FDP-2\Hrot\Subsystems\Blueprints\Hrot.Blueprints.Tests\Benchmarks\WhenNodePerfTests.cs(50,90,50,108): error CS0246: The type or namespace name 'SearchPredicateDto' could not be found (are you missing a using directive or an assembly reference?)
107>D:\Work\IOS-IG-SimHost-FDP-2\Hrot\Subsystems\Blueprints\Hrot.Blueprints.Tests\Integration\CoverAwarePatrolEndToEndTest.cs(66,25,66,31): error CS0246: The type or namespace name 'Entity' could not be found (are you missing a using directive or an assembly reference?)
107>D:\Work\IOS-IG-SimHost-FDP-2\Hrot\Subsystems\Blueprints\Hrot.Blueprints.Tests\Editor\CountingWindow.cs(5,38,5,63): error CS0246: The type or namespace name 'BlueprintEditorWindowBase' could not be found (are you missing a using directive or an assembly reference?)
107>D:\Work\IOS-IG-SimHost-FDP-2\Hrot\Subsystems\Blueprints\Hrot.Blueprints.Tests\Compiler\EndToEnd\MathUtilsLib_EndToEndTests.cs(13,20,13,34): error CS0246: The type or namespace name 'CompileOptions' could not be found (are you missing a using directive or an assembly reference?)
107>D:\Work\IOS-IG-SimHost-FDP-2\Hrot\Subsystems\Blueprints\Hrot.Blueprints.Tests\Benchmarks\WhenNodePerfTests.cs(54,56,54,80): error CS0246: The type or namespace name 'ISearchPredicateRegistry' could not be found (are you missing a using directive or an assembly reference?)
107>D:\Work\IOS-IG-SimHost-FDP-2\Hrot\Subsystems\Blueprints\Hrot.Blueprints.Tests\MockSystems\MockDispatcherSystem.cs(13,56,13,72): error CS0246: The type or namespace name 'IEcsModuleSystem' could not be found (are you missing a using directive or an assembly reference?)
107>D:\Work\IOS-IG-SimHost-FDP-2\Hrot\Subsystems\Blueprints\Hrot.Blueprints.Tests\MockSystems\MockDispatcherSystem.cs(13,74,13,89): error CS0246: The type or namespace name 'IProfiledSystem' could not be found (are you missing a using directive or an assembly reference?)
107>D:\Work\IOS-IG-SimHost-FDP-2\Hrot\Subsystems\Blueprints\Hrot.Blueprints.Tests\Integration\WhenNodeEditorSmokeTest.cs(198,31,198,45): error CS0246: The type or namespace name 'BlueprintAsset' could not be found (are you missing a using directive or an assembly reference?)
107>D:\Work\IOS-IG-SimHost-FDP-2\Hrot\Subsystems\Blueprints\Hrot.Blueprints.Tests\Integration\CoverAwarePatrolEndToEndTest.cs(25,50,25,69): error CS0246: The type or namespace name 'IEqsTemplateCatalog' could not be found (are you missing a using directive or an assembly reference?)
107>D:\Work\IOS-IG-SimHost-FDP-2\Hrot\Subsystems\Blueprints\Hrot.Blueprints.Tests\BlueprintTestFixture.cs(525,40,525,54): error CS0246: The type or namespace name 'BlueprintAsset' could not be found (are you missing a using directive or an assembly reference?)
107>D:\Work\IOS-IG-SimHost-FDP-2\Hrot\Subsystems\Blueprints\Hrot.Blueprints.Tests\BlueprintTestFixture.cs(525,62,525,68): error CS0246: The type or namespace name 'Entity' could not be found (are you missing a using directive or an assembly reference?)
107>D:\Work\IOS-IG-SimHost-FDP-2\Hrot\Subsystems\Blueprints\Hrot.Blueprints.Tests\Integration\WhenNodeEditorSmokeTest.cs(201,50,201,68): error CS0246: The type or namespace name 'IPredicateCompiler' could not be found (are you missing a using directive or an assembly reference?)
107>D:\Work\IOS-IG-SimHost-FDP-2\Hrot\Subsystems\Blueprints\Hrot.Blueprints.Tests\CapturingDebugSession.cs(132,51,132,57): error CS0246: The type or namespace name 'Entity' could not be found (are you missing a using directive or an assembly reference?)
107>D:\Work\IOS-IG-SimHost-FDP-2\Hrot\Subsystems\Blueprints\Hrot.Blueprints.Tests\Compiler\EndToEnd\MoveToAndFire_EndToEndTests.cs(82,22,82,36): error CS0246: The type or namespace name 'BlueprintAsset' could not be found (are you missing a using directive or an assembly reference?)
107>D:\Work\IOS-IG-SimHost-FDP-2\Hrot\Subsystems\Blueprints\Hrot.Blueprints.Tests\MockSystems\MockDispatcherSystem.cs(18,15,18,31): error CS0246: The type or namespace name 'EntityRepository' could not be found (are you missing a using directive or an assembly reference?)
107>D:\Work\IOS-IG-SimHost-FDP-2\Hrot\Subsystems\Blueprints\Hrot.Blueprints.Tests\HotReload\WhenNodeHotReloadTests.cs(70,20,70,34): error CS0246: The type or namespace name 'CompileOptions' could not be found (are you missing a using directive or an assembly reference?)
107>D:\Work\IOS-IG-SimHost-FDP-2\Hrot\Subsystems\Blueprints\Hrot.Blueprints.Tests\MockSystems\MockDispatcherSystem.cs(19,13,19,24): error CS0246: The type or namespace name 'EntityQuery' could not be found (are you missing a using directive or an assembly reference?)
107>D:\Work\IOS-IG-SimHost-FDP-2\Hrot\Subsystems\Blueprints\Hrot.Blueprints.Tests\BlueprintTestFixture.cs(562,39,562,53): error CS0246: The type or namespace name 'BlueprintAsset' could not be found (are you missing a using directive or an assembly reference?)
107>D:\Work\IOS-IG-SimHost-FDP-2\Hrot\Subsystems\Blueprints\Hrot.Blueprints.Tests\BlueprintTestFixture.cs(562,61,562,67): error CS0246: The type or namespace name 'Entity' could not be found (are you missing a using directive or an assembly reference?)
107>D:\Work\IOS-IG-SimHost-FDP-2\Hrot\Subsystems\Blueprints\Hrot.Blueprints.Tests\MockSystems\MockDispatcherSystem.cs(21,25,21,40): error CS0246: The type or namespace name 'ISimulationView' could not be found (are you missing a using directive or an assembly reference?)
107>D:\Work\IOS-IG-SimHost-FDP-2\Hrot\Subsystems\Blueprints\Hrot.Blueprints.Tests\Builders\BlueprintAssetBuilder.cs(185,52,185,62): error CS0103: The name 'NodeStatus' does not exist in the current context
107>D:\Work\IOS-IG-SimHost-FDP-2\Hrot\Subsystems\Blueprints\Hrot.Blueprints.Tests\Integration\WhenNodeEditorSmokeTest.cs(203,79,203,97): error CS0246: The type or namespace name 'SearchPredicateDto' could not be found (are you missing a using directive or an assembly reference?)
107>D:\Work\IOS-IG-SimHost-FDP-2\Hrot\Subsystems\Blueprints\Hrot.Blueprints.Tests\Integration\WhenNodeEditorSmokeTest.cs(203,21,203,37): error CS0246: The type or namespace name 'EntityRepository' could not be found (are you missing a using directive or an assembly reference?)
107>D:\Work\IOS-IG-SimHost-FDP-2\Hrot\Subsystems\Blueprints\Hrot.Blueprints.Tests\Integration\WhenNodeEditorSmokeTest.cs(203,39,203,45): error CS0246: The type or namespace name 'Entity' could not be found (are you missing a using directive or an assembly reference?)
107>D:\Work\IOS-IG-SimHost-FDP-2\Hrot\Subsystems\Blueprints\Hrot.Blueprints.Tests\HotReload\WhenNodeHotReloadTests.cs(79,20,79,34): error CS0246: The type or namespace name 'BlueprintAsset' could not be found (are you missing a using directive or an assembly reference?)
107>D:\Work\IOS-IG-SimHost-FDP-2\Hrot\Subsystems\Blueprints\Hrot.Blueprints.Tests\Compiler\EndToEnd\MoveToAndFire_EndToEndTests.cs(17,20,17,34): error CS0246: The type or namespace name 'CompileOptions' could not be found (are you missing a using directive or an assembly reference?)
107>D:\Work\IOS-IG-SimHost-FDP-2\Hrot\Subsystems\Blueprints\Hrot.Blueprints.Tests\Editor\ConditionSummaryAttachmentTests.cs(114,17,114,25): error CS0103: The name 'WhenMode' does not exist in the current context
107>D:\Work\IOS-IG-SimHost-FDP-2\Hrot\Subsystems\Blueprints\Hrot.Blueprints.Tests\Editor\ConditionSummaryAttachmentTests.cs(115,17,115,25): error CS0103: The name 'WhenMode' does not exist in the current context
107>D:\Work\IOS-IG-SimHost-FDP-2\Hrot\Subsystems\Blueprints\Hrot.Blueprints.Tests\Editor\ConditionSummaryAttachmentTests.cs(116,17,116,25): error CS0103: The name 'WhenMode' does not exist in the current context
107>D:\Work\IOS-IG-SimHost-FDP-2\Hrot\Subsystems\Blueprints\Hrot.Blueprints.Tests\Editor\ConditionSummaryAttachmentTests.cs(117,17,117,25): error CS0103: The name 'WhenMode' does not exist in the current context
107>D:\Work\IOS-IG-SimHost-FDP-2\Hrot\Subsystems\Blueprints\Hrot.Blueprints.Tests\BlueprintTestFixture.cs(596,36,596,50): error CS0246: The type or namespace name 'BlueprintAsset' could not be found (are you missing a using directive or an assembly reference?)
107>D:\Work\IOS-IG-SimHost-FDP-2\Hrot\Subsystems\Blueprints\Hrot.Blueprints.Tests\Compiler\ReadEqsResultValidatorTests.cs(15,20,15,34): error CS0246: The type or namespace name 'CompileOptions' could not be found (are you missing a using directive or an assembly reference?)
107>D:\Work\IOS-IG-SimHost-FDP-2\Hrot\Subsystems\Blueprints\Hrot.Blueprints.Tests\Editor\DebugWindowDrawUITests.cs(16,44,16,66): error CS0246: The type or namespace name 'IBlueprintDebugSession' could not be found (are you missing a using directive or an assembly reference?)
107>D:\Work\IOS-IG-SimHost-FDP-2\Hrot\Subsystems\Blueprints\Hrot.Blueprints.Tests\MockSystems\MockDispatcherSystem.cs(37,65,37,71): error CS0246: The type or namespace name 'Entity' could not be found (are you missing a using directive or an assembly reference?)
107>D:\Work\IOS-IG-SimHost-FDP-2\Hrot\Subsystems\Blueprints\Hrot.Blueprints.Tests\MockSystems\MockDispatcherSystem.cs(37,80,37,95): error CS0246: The type or namespace name 'ISimulationView' could not be found (are you missing a using directive or an assembly reference?)
107>D:\Work\IOS-IG-SimHost-FDP-2\Hrot\Subsystems\Blueprints\Hrot.Blueprints.Tests\Integration\WhenNodeEditorWiringTests.cs(195,20,195,47): error CS0246: The type or namespace name 'BlueprintNodeDrawerRegistry' could not be found (are you missing a using directive or an assembly reference?)
107>D:\Work\IOS-IG-SimHost-FDP-2\Hrot\Subsystems\Blueprints\Hrot.Blueprints.Tests\Compiler\RecipeIntegrityTests.cs(14,20,14,34): error CS0246: The type or namespace name 'BlueprintAsset' could not be found (are you missing a using directive or an assembly reference?)
107>D:\Work\IOS-IG-SimHost-FDP-2\Hrot\Subsystems\Blueprints\Hrot.Blueprints.Tests\Integration\WhenNodeEditorSmokeTest.cs(206,76,206,94): error CS0246: The type or namespace name 'SearchPredicateDto' could not be found (are you missing a using directive or an assembly reference?)
107>D:\Work\IOS-IG-SimHost-FDP-2\Hrot\Subsystems\Blueprints\Hrot.Blueprints.Tests\Integration\WhenNodeEditorSmokeTest.cs(206,21,206,37): error CS0246: The type or namespace name 'EntityRepository' could not be found (are you missing a using directive or an assembly reference?)
107>D:\Work\IOS-IG-SimHost-FDP-2\Hrot\Subsystems\Blueprints\Hrot.Blueprints.Tests\Integration\WhenNodeEditorSmokeTest.cs(206,39,206,45): error CS0246: The type or namespace name 'Entity' could not be found (are you missing a using directive or an assembly reference?)
107>D:\Work\IOS-IG-SimHost-FDP-2\Hrot\Subsystems\Blueprints\Hrot.Blueprints.Tests\Integration\WhenNodeEditorWiringTests.cs(209,44,209,56): error CS0246: The type or namespace name 'IEditService' could not be found (are you missing a using directive or an assembly reference?)
107>D:\Work\IOS-IG-SimHost-FDP-2\Hrot\Subsystems\Blueprints\Hrot.Blueprints.Tests\MockSystems\MockInteractionDispatcher.cs(13,70,13,88): error CS0246: The type or namespace name 'InteractionChannel' could not be found (are you missing a using directive or an assembly reference?)
107>D:\Work\IOS-IG-SimHost-FDP-2\Hrot\Subsystems\Blueprints\Hrot.Blueprints.Tests\Editor\EditorSubsystemBlueprintWindowsTests.cs(17,20,17,33): error CS0246: The type or namespace name 'WindowManager' could not be found (are you missing a using directive or an assembly reference?)
107>D:\Work\IOS-IG-SimHost-FDP-2\Hrot\Subsystems\Blueprints\Hrot.Blueprints.Tests\Integration\WhenNodeEditorSmokeTest.cs(209,63,209,81): error CS0246: The type or namespace name 'SearchPredicateDto' could not be found (are you missing a using directive or an assembly reference?)
107>D:\Work\IOS-IG-SimHost-FDP-2\Hrot\Subsystems\Blueprints\Hrot.Blueprints.Tests\Editor\EditorWindowTests.cs(12,20,12,38): error CS0246: The type or namespace name 'QuickReloadService' could not be found (are you missing a using directive or an assembly reference?)
107>D:\Work\IOS-IG-SimHost-FDP-2\Hrot\Subsystems\Blueprints\Hrot.Blueprints.Tests\HotReload\WhenNodeHotReloadTests.cs(301,20,301,34): error CS0246: The type or namespace name 'CompileOptions' could not be found (are you missing a using directive or an assembly reference?)
107>D:\Work\IOS-IG-SimHost-FDP-2\Hrot\Subsystems\Blueprints\Hrot.Blueprints.Tests\Editor\EditorInfrastructureTests.cs(125,55,125,71): error CS0246: The type or namespace name 'IWindowRegistrar' could not be found (are you missing a using directive or an assembly reference?)
107>D:\Work\IOS-IG-SimHost-FDP-2\Hrot\Subsystems\Blueprints\Hrot.Blueprints.Tests\Editor\EditorInfrastructureTests.cs(125,20,125,41): error CS0246: The type or namespace name 'BlueprintEditorModule' could not be found (are you missing a using directive or an assembly reference?)
107>D:\Work\IOS-IG-SimHost-FDP-2\Hrot\Subsystems\Blueprints\Hrot.Blueprints.Tests\BlueprintTestFixture.cs(635,25,635,39): error CS0246: The type or namespace name 'BlueprintAsset' could not be found (are you missing a using directive or an assembly reference?)
107>D:\Work\IOS-IG-SimHost-FDP-2\Hrot\Subsystems\Blueprints\Hrot.Blueprints.Tests\BlueprintTestFixture.cs(635,47,635,53): error CS0246: The type or namespace name 'Entity' could not be found (are you missing a using directive or an assembly reference?)
107>D:\Work\IOS-IG-SimHost-FDP-2\Hrot\Subsystems\Blueprints\Hrot.Blueprints.Tests\Compiler\SpawnEqsSensorValidatorTests.cs(15,50,15,69): error CS0246: The type or namespace name 'IEqsTemplateCatalog' could not be found (are you missing a using directive or an assembly reference?)
107>D:\Work\IOS-IG-SimHost-FDP-2\Hrot\Subsystems\Blueprints\Hrot.Blueprints.Tests\Compiler\SpawnEqsSensorValidatorTests.cs(15,20,15,34): error CS0246: The type or namespace name 'CompileOptions' could not be found (are you missing a using directive or an assembly reference?)
107>D:\Work\IOS-IG-SimHost-FDP-2\Hrot\Subsystems\Blueprints\Hrot.Blueprints.Tests\Compiler\RecipeIntegrityTests.cs(46,23,46,41): error CS0246: The type or namespace name 'BlueprintSignature' could not be found (are you missing a using directive or an assembly reference?)
107>D:\Work\IOS-IG-SimHost-FDP-2\Hrot\Subsystems\Blueprints\Hrot.Blueprints.Tests\Compiler\RecipeIntegrityTests.cs(45,20,45,34): error CS0246: The type or namespace name 'CompileOptions' could not be found (are you missing a using directive or an assembly reference?)
107>D:\Work\IOS-IG-SimHost-FDP-2\Hrot\Subsystems\Blueprints\Hrot.Blueprints.Tests\Integration\WhenNodeEditorWiringTests.cs(212,31,212,45): error CS0246: The type or namespace name 'BlueprintAsset' could not be found (are you missing a using directive or an assembly reference?)
107>D:\Work\IOS-IG-SimHost-FDP-2\Hrot\Subsystems\Blueprints\Hrot.Blueprints.Tests\Editor\EditorInfrastructureTests.cs(136,46,136,60): error CS0246: The type or namespace name 'IOutputConsole' could not be found (are you missing a using directive or an assembly reference?)
107>D:\Work\IOS-IG-SimHost-FDP-2\Hrot\Subsystems\Blueprints\Hrot.Blueprints.Tests\MockSystems\MockInteractionDispatcher.cs(15,17,15,35): error CS0246: The type or namespace name 'InteractionChannel' could not be found (are you missing a using directive or an assembly reference?)
107>D:\Work\IOS-IG-SimHost-FDP-2\Hrot\Subsystems\Blueprints\Hrot.Blueprints.Tests\MockSystems\MockInteractionDispatcher.cs(15,37,15,47): error CS0246: The type or namespace name 'NodeStatus' could not be found (are you missing a using directive or an assembly reference?)
107>D:\Work\IOS-IG-SimHost-FDP-2\Hrot\Subsystems\Blueprints\Hrot.Blueprints.Tests\Compiler\ReadEqsResultValidatorTests.cs(26,9,26,23): error CS0246: The type or namespace name 'BlueprintAsset' could not be found (are you missing a using directive or an assembly reference?)
107>D:\Work\IOS-IG-SimHost-FDP-2\Hrot\Subsystems\Blueprints\Hrot.Blueprints.Tests\Compiler\ReadEqsResultValidatorTests.cs(27,9,27,23): error CS0246: The type or namespace name 'CompileOptions' could not be found (are you missing a using directive or an assembly reference?)
107>D:\Work\IOS-IG-SimHost-FDP-2\Hrot\Subsystems\Blueprints\Hrot.Blueprints.Tests\Compiler\ReadEqsResultValidatorTests.cs(25,34,25,44): error CS0246: The type or namespace name 'Diagnostic' could not be found (are you missing a using directive or an assembly reference?)
107>D:\Work\IOS-IG-SimHost-FDP-2\Hrot\Subsystems\Blueprints\Hrot.Blueprints.Tests\Compiler\RecipeIntegrityTests.cs(56,20,56,38): error CS0246: The type or namespace name 'BlueprintSignature' could not be found (are you missing a using directive or an assembly reference?)
107>D:\Work\IOS-IG-SimHost-FDP-2\Hrot\Subsystems\Blueprints\Hrot.Blueprints.Tests\Editor\EditorWindowTests.cs(22,40,22,53): error CS0246: The type or namespace name 'IAssetCatalog' could not be found (are you missing a using directive or an assembly reference?)
107>D:\Work\IOS-IG-SimHost-FDP-2\Hrot\Subsystems\Blueprints\Hrot.Blueprints.Tests\Integration\WhenNodeEditorWiringTests.cs(215,50,215,68): error CS0246: The type or namespace name 'IPredicateCompiler' could not be found (are you missing a using directive or an assembly reference?)
107>D:\Work\IOS-IG-SimHost-FDP-2\Hrot\Subsystems\Blueprints\Hrot.Blueprints.Tests\Editor\DebugWindowDrawUITests.cs(105,29,105,42): error CS0246: The type or namespace name 'BreakpointHit' could not be found (are you missing a using directive or an assembly reference?)
107>D:\Work\IOS-IG-SimHost-FDP-2\Hrot\Subsystems\Blueprints\Hrot.Blueprints.Tests\Editor\DebugWindowDrawUITests.cs(106,29,106,41): error CS0246: The type or namespace name 'NodeExecuted' could not be found (are you missing a using directive or an assembly reference?)
107>D:\Work\IOS-IG-SimHost-FDP-2\Hrot\Subsystems\Blueprints\Hrot.Blueprints.Tests\Editor\DebugWindowDrawUITests.cs(111,40,111,62): error CS0246: The type or namespace name 'IBlueprintDebugSession' could not be found (are you missing a using directive or an assembly reference?)
107>D:\Work\IOS-IG-SimHost-FDP-2\Hrot\Subsystems\Blueprints\Hrot.Blueprints.Tests\Editor\DebugWindowDrawUITests.cs(111,22,111,37): error CS0246: The type or namespace name 'PinValueChanged' could not be found (are you missing a using directive or an assembly reference?)
107>D:\Work\IOS-IG-SimHost-FDP-2\Hrot\Subsystems\Blueprints\Hrot.Blueprints.Tests\Editor\DebugWindowDrawUITests.cs(111,40,111,62): error CS0538: 'IBlueprintDebugSession' in explicit interface declaration is not an interface
107>D:\Work\IOS-IG-SimHost-FDP-2\Hrot\Subsystems\Blueprints\Hrot.Blueprints.Tests\Compiler\RecipeIntegrityTests.cs(74,55,74,77): error CS0246: The type or namespace name 'IChannelCommandCatalog' could not be found (are you missing a using directive or an assembly reference?)
107>D:\Work\IOS-IG-SimHost-FDP-2\Hrot\Subsystems\Blueprints\Hrot.Blueprints.Tests\Compiler\SpawnEqsSensorValidatorTests.cs(27,9,27,23): error CS0246: The type or namespace name 'BlueprintAsset' could not be found (are you missing a using directive or an assembly reference?)
107>D:\Work\IOS-IG-SimHost-FDP-2\Hrot\Subsystems\Blueprints\Hrot.Blueprints.Tests\Compiler\SpawnEqsSensorValidatorTests.cs(28,9,28,28): error CS0246: The type or namespace name 'IEqsTemplateCatalog' could not be found (are you missing a using directive or an assembly reference?)
107>D:\Work\IOS-IG-SimHost-FDP-2\Hrot\Subsystems\Blueprints\Hrot.Blueprints.Tests\Compiler\SpawnEqsSensorValidatorTests.cs(26,34,26,44): error CS0246: The type or namespace name 'Diagnostic' could not be found (are you missing a using directive or an assembly reference?)
107>D:\Work\IOS-IG-SimHost-FDP-2\Hrot\Subsystems\Blueprints\Hrot.Blueprints.Tests\Editor\DebugWindowDrawUITests.cs(23,21,23,31): error CS0246: The type or namespace name 'Breakpoint' could not be found (are you missing a using directive or an assembly reference?)
107>D:\Work\IOS-IG-SimHost-FDP-2\Hrot\Subsystems\Blueprints\Hrot.Blueprints.Tests\HotReload\WhenNodeHotReloadTests.cs(320,20,320,34): error CS0246: The type or namespace name 'BlueprintAsset' could not be found (are you missing a using directive or an assembly reference?)
107>D:\Work\IOS-IG-SimHost-FDP-2\Hrot\Subsystems\Blueprints\Hrot.Blueprints.Tests\Editor\EditorWindowTests.cs(24,28,24,45): error CS0246: The type or namespace name 'AssetCatalogEntry' could not be found (are you missing a using directive or an assembly reference?)
107>D:\Work\IOS-IG-SimHost-FDP-2\Hrot\Subsystems\Blueprints\Hrot.Blueprints.Tests\MockSystems\MockInteractionDispatcher.cs(19,47,19,65): error CS0246: The type or namespace name 'InteractionChannel' could not be found (are you missing a using directive or an assembly reference?)
107>D:\Work\IOS-IG-SimHost-FDP-2\Hrot\Subsystems\Blueprints\Hrot.Blueprints.Tests\MockSystems\MockInteractionDispatcher.cs(19,75,19,81): error CS0246: The type or namespace name 'Entity' could not be found (are you missing a using directive or an assembly reference?)
107>D:\Work\IOS-IG-SimHost-FDP-2\Hrot\Subsystems\Blueprints\Hrot.Blueprints.Tests\MockSystems\MockInteractionDispatcher.cs(19,90,19,105): error CS0246: The type or namespace name 'ISimulationView' could not be found (are you missing a using directive or an assembly reference?)
107>D:\Work\IOS-IG-SimHost-FDP-2\Hrot\Subsystems\Blueprints\Hrot.Blueprints.Tests\Integration\WhenNodeEditorWiringTests.cs(217,79,217,97): error CS0246: The type or namespace name 'SearchPredicateDto' could not be found (are you missing a using directive or an assembly reference?)
107>D:\Work\IOS-IG-SimHost-FDP-2\Hrot\Subsystems\Blueprints\Hrot.Blueprints.Tests\BlueprintTestFixture.cs(640,57,640,71): error CS0246: The type or namespace name 'BlueprintAsset' could not be found (are you missing a using directive or an assembly reference?)
107>D:\Work\IOS-IG-SimHost-FDP-2\Hrot\Subsystems\Blueprints\Hrot.Blueprints.Tests\BlueprintTestFixture.cs(640,79,640,85): error CS0246: The type or namespace name 'Entity' could not be found (are you missing a using directive or an assembly reference?)
107>D:\Work\IOS-IG-SimHost-FDP-2\Hrot\Subsystems\Blueprints\Hrot.Blueprints.Tests\BlueprintTestFixture.cs(640,19,640,37): error CS0246: The type or namespace name 'BlueprintStateView' could not be found (are you missing a using directive or an assembly reference?)
107>D:\Work\IOS-IG-SimHost-FDP-2\Hrot\Subsystems\Blueprints\Hrot.Blueprints.Tests\Integration\WhenNodeEditorWiringTests.cs(217,21,217,37): error CS0246: The type or namespace name 'EntityRepository' could not be found (are you missing a using directive or an assembly reference?)
107>D:\Work\IOS-IG-SimHost-FDP-2\Hrot\Subsystems\Blueprints\Hrot.Blueprints.Tests\Integration\WhenNodeEditorWiringTests.cs(217,39,217,45): error CS0246: The type or namespace name 'Entity' could not be found (are you missing a using directive or an assembly reference?)
107>D:\Work\IOS-IG-SimHost-FDP-2\Hrot\Subsystems\Blueprints\Hrot.Blueprints.Tests\Compiler\SpawnEqsSensorValidatorTests.cs(37,75,37,94): error CS0246: The type or namespace name 'IEqsTemplateCatalog' could not be found (are you missing a using directive or an assembly reference?)
107>D:\Work\IOS-IG-SimHost-FDP-2\Hrot\Subsystems\Blueprints\Hrot.Blueprints.Tests\Compiler\RecipeIntegrityTests.cs(77,30,77,56): error CS0246: The type or namespace name 'ChannelCommandCatalogEntry' could not be found (are you missing a using directive or an assembly reference?)
107>D:\Work\IOS-IG-SimHost-FDP-2\Hrot\Subsystems\Blueprints\Hrot.Blueprints.Tests\Editor\DebugWindowDrawUITests.cs(24,21,24,26): error CS0246: The type or namespace name 'Watch' could not be found (are you missing a using directive or an assembly reference?)
107>D:\Work\IOS-IG-SimHost-FDP-2\Hrot\Subsystems\Blueprints\Hrot.Blueprints.Tests\BlueprintTestFixture.cs(652,23,652,29): error CS0246: The type or namespace name 'Entity' could not be found (are you missing a using directive or an assembly reference?)
107>D:\Work\IOS-IG-SimHost-FDP-2\Hrot\Subsystems\Blueprints\Hrot.Blueprints.Tests\MockSystems\MockLocomotionDispatcher.cs(13,69,13,86): error CS0246: The type or namespace name 'LocomotionChannel' could not be found (are you missing a using directive or an assembly reference?)
107>D:\Work\IOS-IG-SimHost-FDP-2\Hrot\Subsystems\Blueprints\Hrot.Blueprints.Tests\Editor\DebugWindowDrawUITests.cs(25,21,25,30): error CS0246: The type or namespace name 'CallFrame' could not be found (are you missing a using directive or an assembly reference?)
107>D:\Work\IOS-IG-SimHost-FDP-2\Hrot\Subsystems\Blueprints\Hrot.Blueprints.Tests\Editor\MockDebugSession.cs(7,42,7,64): error CS0246: The type or namespace name 'IBlueprintDebugSession' could not be found (are you missing a using directive or an assembly reference?)
107>D:\Work\IOS-IG-SimHost-FDP-2\Hrot\Subsystems\Blueprints\Hrot.Blueprints.Tests\Mocks\MockEntityCommandBuffer.cs(15,32,15,48): error CS0246: The type or namespace name 'EntityRepository' could not be found (are you missing a using directive or an assembly reference?)
107>D:\Work\IOS-IG-SimHost-FDP-2\Hrot\Subsystems\Blueprints\Hrot.Blueprints.Tests\Integration\WhenNodeEditorWiringTests.cs(220,76,220,94): error CS0246: The type or namespace name 'SearchPredicateDto' could not be found (are you missing a using directive or an assembly reference?)
107>D:\Work\IOS-IG-SimHost-FDP-2\Hrot\Subsystems\Blueprints\Hrot.Blueprints.Tests\Integration\WhenNodeEditorWiringTests.cs(220,21,220,37): error CS0246: The type or namespace name 'EntityRepository' could not be found (are you missing a using directive or an assembly reference?)
107>D:\Work\IOS-IG-SimHost-FDP-2\Hrot\Subsystems\Blueprints\Hrot.Blueprints.Tests\Integration\WhenNodeEditorWiringTests.cs(220,39,220,45): error CS0246: The type or namespace name 'Entity' could not be found (are you missing a using directive or an assembly reference?)
107>D:\Work\IOS-IG-SimHost-FDP-2\Hrot\Subsystems\Blueprints\Hrot.Blueprints.Tests\HotReload\WhenNodeHotReloadTests.cs(351,20,351,34): error CS0246: The type or namespace name 'BlueprintAsset' could not be found (are you missing a using directive or an assembly reference?)
107>D:\Work\IOS-IG-SimHost-FDP-2\Hrot\Subsystems\Blueprints\Hrot.Blueprints.Tests\Editor\DebugWindowDrawUITests.cs(29,33,29,39): error CS0246: The type or namespace name 'Entity' could not be found (are you missing a using directive or an assembly reference?)
107>D:\Work\IOS-IG-SimHost-FDP-2\Hrot\Subsystems\Blueprints\Hrot.Blueprints.Tests\Compiler\Stage1_ParseTests.cs(14,64,14,82): error CS0246: The type or namespace name 'BlueprintSignature' could not be found (are you missing a using directive or an assembly reference?)
107>D:\Work\IOS-IG-SimHost-FDP-2\Hrot\Subsystems\Blueprints\Hrot.Blueprints.Tests\Compiler\Stage1_ParseTests.cs(14,20,14,34): error CS0246: The type or namespace name 'CompileOptions' could not be found (are you missing a using directive or an assembly reference?)
107>D:\Work\IOS-IG-SimHost-FDP-2\Hrot\Subsystems\Blueprints\Hrot.Blueprints.Tests\BlueprintTestFixture.cs(691,9,691,15): error CS0246: The type or namespace name 'Entity' could not be found (are you missing a using directive or an assembly reference?)
107>D:\Work\IOS-IG-SimHost-FDP-2\Hrot\Subsystems\Blueprints\Hrot.Blueprints.Tests\Integration\WhenNodeEditorWiringTests.cs(223,63,223,81): error CS0246: The type or namespace name 'SearchPredicateDto' could not be found (are you missing a using directive or an assembly reference?)
107>D:\Work\IOS-IG-SimHost-FDP-2\Hrot\Subsystems\Blueprints\Hrot.Blueprints.Tests\Editor\HotReloadLogModelTests.cs(19,20,19,34): error CS0246: The type or namespace name 'ReloadLogEntry' could not be found (are you missing a using directive or an assembly reference?)
107>D:\Work\IOS-IG-SimHost-FDP-2\Hrot\Subsystems\Blueprints\Hrot.Blueprints.Tests\MockSystems\MockLocomotionDispatcher.cs(15,17,15,34): error CS0246: The type or namespace name 'LocomotionChannel' could not be found (are you missing a using directive or an assembly reference?)
107>D:\Work\IOS-IG-SimHost-FDP-2\Hrot\Subsystems\Blueprints\Hrot.Blueprints.Tests\MockSystems\MockLocomotionDispatcher.cs(15,36,15,46): error CS0246: The type or namespace name 'NodeStatus' could not be found (are you missing a using directive or an assembly reference?)
107>D:\Work\IOS-IG-SimHost-FDP-2\Hrot\Subsystems\Blueprints\Hrot.Blueprints.Tests\Editor\DebugWindowDrawUITests.cs(30,42,30,48): error CS0246: The type or namespace name 'Entity' could not be found (are you missing a using directive or an assembly reference?)
107>D:\Work\IOS-IG-SimHost-FDP-2\Hrot\Subsystems\Blueprints\Hrot.Blueprints.Tests\Mocks\MockEntityCommandBuffer.cs(23,32,23,48): error CS0246: The type or namespace name 'EntityRepository' could not be found (are you missing a using directive or an assembly reference?)
107>D:\Work\IOS-IG-SimHost-FDP-2\Hrot\Subsystems\Blueprints\Hrot.Blueprints.Tests\BlueprintTestFixture.cs(728,12,728,18): error CS0246: The type or namespace name 'Entity' could not be found (are you missing a using directive or an assembly reference?)
107>D:\Work\IOS-IG-SimHost-FDP-2\Hrot\Subsystems\Blueprints\Hrot.Blueprints.Tests\Editor\DebugWindowDrawUITests.cs(31,37,31,43): error CS0246: The type or namespace name 'Entity' could not be found (are you missing a using directive or an assembly reference?)
107>D:\Work\IOS-IG-SimHost-FDP-2\Hrot\Subsystems\Blueprints\Hrot.Blueprints.Tests\Editor\DebugWindowDrawUITests.cs(32,36,32,42): error CS0246: The type or namespace name 'Entity' could not be found (are you missing a using directive or an assembly reference?)
107>D:\Work\IOS-IG-SimHost-FDP-2\Hrot\Subsystems\Blueprints\Hrot.Blueprints.Tests\MockSystems\MockLocomotionDispatcher.cs(19,47,19,64): error CS0246: The type or namespace name 'LocomotionChannel' could not be found (are you missing a using directive or an assembly reference?)
107>D:\Work\IOS-IG-SimHost-FDP-2\Hrot\Subsystems\Blueprints\Hrot.Blueprints.Tests\MockSystems\MockLocomotionDispatcher.cs(19,74,19,80): error CS0246: The type or namespace name 'Entity' could not be found (are you missing a using directive or an assembly reference?)
107>D:\Work\IOS-IG-SimHost-FDP-2\Hrot\Subsystems\Blueprints\Hrot.Blueprints.Tests\MockSystems\MockLocomotionDispatcher.cs(19,89,19,104): error CS0246: The type or namespace name 'ISimulationView' could not be found (are you missing a using directive or an assembly reference?)
107>D:\Work\IOS-IG-SimHost-FDP-2\Hrot\Subsystems\Blueprints\Hrot.Blueprints.Tests\Mocks\MockEntityCommandBuffer.cs(30,32,30,48): error CS0246: The type or namespace name 'EntityRepository' could not be found (are you missing a using directive or an assembly reference?)
107>D:\Work\IOS-IG-SimHost-FDP-2\Hrot\Subsystems\Blueprints\Hrot.Blueprints.Tests\Editor\MockDebugSession.cs(85,25,85,38): error CS0246: The type or namespace name 'BreakpointHit' could not be found (are you missing a using directive or an assembly reference?)
107>D:\Work\IOS-IG-SimHost-FDP-2\Hrot\Subsystems\Blueprints\Hrot.Blueprints.Tests\Editor\MockDebugSession.cs(86,25,86,37): error CS0246: The type or namespace name 'NodeExecuted' could not be found (are you missing a using directive or an assembly reference?)
107>D:\Work\IOS-IG-SimHost-FDP-2\Hrot\Subsystems\Blueprints\Hrot.Blueprints.Tests\Editor\MockDebugSession.cs(94,36,94,58): error CS0246: The type or namespace name 'IBlueprintDebugSession' could not be found (are you missing a using directive or an assembly reference?)
107>D:\Work\IOS-IG-SimHost-FDP-2\Hrot\Subsystems\Blueprints\Hrot.Blueprints.Tests\Editor\MockDebugSession.cs(94,18,94,33): error CS0246: The type or namespace name 'PinValueChanged' could not be found (are you missing a using directive or an assembly reference?)
107>D:\Work\IOS-IG-SimHost-FDP-2\Hrot\Subsystems\Blueprints\Hrot.Blueprints.Tests\Editor\MockDebugSession.cs(94,36,94,58): error CS0538: 'IBlueprintDebugSession' in explicit interface declaration is not an interface
107>D:\Work\IOS-IG-SimHost-FDP-2\Hrot\Subsystems\Blueprints\Hrot.Blueprints.Tests\Editor\DebugWindowDrawUITests.cs(40,16,40,28): error CS0246: The type or namespace name 'BreakpointId' could not be found (are you missing a using directive or an assembly reference?)
107>D:\Work\IOS-IG-SimHost-FDP-2\Hrot\Subsystems\Blueprints\Hrot.Blueprints.Tests\BlueprintTestFixture.cs(732,40,732,54): error CS0246: The type or namespace name 'BlueprintAsset' could not be found (are you missing a using directive or an assembly reference?)
107>D:\Work\IOS-IG-SimHost-FDP-2\Hrot\Subsystems\Blueprints\Hrot.Blueprints.Tests\BlueprintTestFixture.cs(732,62,732,68): error CS0246: The type or namespace name 'Entity' could not be found (are you missing a using directive or an assembly reference?)
107>D:\Work\IOS-IG-SimHost-FDP-2\Hrot\Subsystems\Blueprints\Hrot.Blueprints.Tests\HotReload\WhenNodeHotReloadTests.cs(411,58,411,68): error CS0246: The type or namespace name 'EqsTrigger' could not be found (are you missing a using directive or an assembly reference?)
107>D:\Work\IOS-IG-SimHost-FDP-2\Hrot\Subsystems\Blueprints\Hrot.Blueprints.Tests\HotReload\WhenNodeHotReloadTests.cs(412,9,412,21): error CS0246: The type or namespace name 'VariableDecl' could not be found (are you missing a using directive or an assembly reference?)
107>D:\Work\IOS-IG-SimHost-FDP-2\Hrot\Subsystems\Blueprints\Hrot.Blueprints.Tests\HotReload\WhenNodeHotReloadTests.cs(410,20,410,34): error CS0246: The type or namespace name 'BlueprintAsset' could not be found (are you missing a using directive or an assembly reference?)
107>D:\Work\IOS-IG-SimHost-FDP-2\Hrot\Subsystems\Blueprints\Hrot.Blueprints.Tests\Mocks\MockEntityCommandBuffer.cs(28,22,28,28): error CS0246: The type or namespace name 'Entity' could not be found (are you missing a using directive or an assembly reference?)
107>D:\Work\IOS-IG-SimHost-FDP-2\Hrot\Subsystems\Blueprints\Hrot.Blueprints.Tests\MockSystems\MockWeaponDispatcher.cs(13,65,13,78): error CS0246: The type or namespace name 'WeaponChannel' could not be found (are you missing a using directive or an assembly reference?)
107>D:\Work\IOS-IG-SimHost-FDP-2\Hrot\Subsystems\Blueprints\Hrot.Blueprints.Tests\Editor\MockDebugSession.cs(11,29,11,35): error CS0246: The type or namespace name 'Entity' could not be found (are you missing a using directive or an assembly reference?)
107>D:\Work\IOS-IG-SimHost-FDP-2\Hrot\Subsystems\Blueprints\Hrot.Blueprints.Tests\BlueprintTestFixture.cs(764,38,764,44): error CS0246: The type or namespace name 'Entity' could not be found (are you missing a using directive or an assembly reference?)
107>D:\Work\IOS-IG-SimHost-FDP-2\Hrot\Subsystems\Blueprints\Hrot.Blueprints.Tests\Editor\MockOutputConsole.cs(6,43,6,57): error CS0246: The type or namespace name 'IOutputConsole' could not be found (are you missing a using directive or an assembly reference?)
107>D:\Work\IOS-IG-SimHost-FDP-2\Hrot\Subsystems\Blueprints\Hrot.Blueprints.Tests\Mocks\MockEntityCommandBuffer.cs(29,32,29,38): error CS0246: The type or namespace name 'Entity' could not be found (are you missing a using directive or an assembly reference?)
107>D:\Work\IOS-IG-SimHost-FDP-2\Hrot\Subsystems\Blueprints\Hrot.Blueprints.Tests\Editor\DebugWindowDrawUITests.cs(41,37,41,49): error CS0246: The type or namespace name 'BreakpointId' could not be found (are you missing a using directive or an assembly reference?)
107>D:\Work\IOS-IG-SimHost-FDP-2\Hrot\Subsystems\Blueprints\Hrot.Blueprints.Tests\Editor\MockDebugSession.cs(12,38,12,44): error CS0246: The type or namespace name 'Entity' could not be found (are you missing a using directive or an assembly reference?)
107>D:\Work\IOS-IG-SimHost-FDP-2\Hrot\Subsystems\Blueprints\Hrot.Blueprints.Tests\Compiler\Stage2_ValidationTests\V_DispatchKindCompatibilityTests.cs(15,55,15,69): error CS0246: The type or namespace name 'BlueprintAsset' could not be found (are you missing a using directive or an assembly reference?)
107>D:\Work\IOS-IG-SimHost-FDP-2\Hrot\Subsystems\Blueprints\Hrot.Blueprints.Tests\Compiler\Stage2_ValidationTests\V_DispatchKindCompatibilityTests.cs(16,23,16,41): error CS0246: The type or namespace name 'BlueprintSignature' could not be found (are you missing a using directive or an assembly reference?)
107>D:\Work\IOS-IG-SimHost-FDP-2\Hrot\Subsystems\Blueprints\Hrot.Blueprints.Tests\Compiler\Stage2_ValidationTests\V_DispatchKindCompatibilityTests.cs(15,34,15,44): error CS0246: The type or namespace name 'Diagnostic' could not be found (are you missing a using directive or an assembly reference?)
107>D:\Work\IOS-IG-SimHost-FDP-2\Hrot\Subsystems\Blueprints\Hrot.Blueprints.Tests\MockSystems\MockWeaponDispatcher.cs(15,17,15,30): error CS0246: The type or namespace name 'WeaponChannel' could not be found (are you missing a using directive or an assembly reference?)
107>D:\Work\IOS-IG-SimHost-FDP-2\Hrot\Subsystems\Blueprints\Hrot.Blueprints.Tests\MockSystems\MockWeaponDispatcher.cs(15,32,15,42): error CS0246: The type or namespace name 'NodeStatus' could not be found (are you missing a using directive or an assembly reference?)
107>D:\Work\IOS-IG-SimHost-FDP-2\Hrot\Subsystems\Blueprints\Hrot.Blueprints.Tests\Editor\MockDebugSession.cs(13,33,13,39): error CS0246: The type or namespace name 'Entity' could not be found (are you missing a using directive or an assembly reference?)
107>D:\Work\IOS-IG-SimHost-FDP-2\Hrot\Subsystems\Blueprints\Hrot.Blueprints.Tests\HotReload\WhenNodeHotReloadTests.cs(473,23,473,35): error CS0246: The type or namespace name 'VariableDecl' could not be found (are you missing a using directive or an assembly reference?)
107>D:\Work\IOS-IG-SimHost-FDP-2\Hrot\Subsystems\Blueprints\Hrot.Blueprints.Tests\HotReload\WhenNodeHotReloadTests.cs(472,20,472,34): error CS0246: The type or namespace name 'BlueprintAsset' could not be found (are you missing a using directive or an assembly reference?)
107>D:\Work\IOS-IG-SimHost-FDP-2\Hrot\Subsystems\Blueprints\Hrot.Blueprints.Tests\Editor\DebugWindowDrawUITests.cs(43,30,43,40): error CS0246: The type or namespace name 'Breakpoint' could not be found (are you missing a using directive or an assembly reference?)
107>D:\Work\IOS-IG-SimHost-FDP-2\Hrot\Subsystems\Blueprints\Hrot.Blueprints.Tests\Editor\MockDebugSession.cs(14,32,14,38): error CS0246: The type or namespace name 'Entity' could not be found (are you missing a using directive or an assembly reference?)
107>D:\Work\IOS-IG-SimHost-FDP-2\Hrot\Subsystems\Blueprints\Hrot.Blueprints.Tests\Compiler\Stage2_ValidationTests\V_DispatchKindCompatibilityTests.cs(24,64,24,82): error CS0246: The type or namespace name 'BlueprintSignature' could not be found (are you missing a using directive or an assembly reference?)
107>D:\Work\IOS-IG-SimHost-FDP-2\Hrot\Subsystems\Blueprints\Hrot.Blueprints.Tests\Compiler\Stage2_ValidationTests\V_DispatchKindCompatibilityTests.cs(24,20,24,34): error CS0246: The type or namespace name 'CompileOptions' could not be found (are you missing a using directive or an assembly reference?)
107>D:\Work\IOS-IG-SimHost-FDP-2\Hrot\Subsystems\Blueprints\Hrot.Blueprints.Tests\Mocks\MockEntityCommandBuffer.cs(42,32,42,48): error CS0246: The type or namespace name 'EntityRepository' could not be found (are you missing a using directive or an assembly reference?)
107>D:\Work\IOS-IG-SimHost-FDP-2\Hrot\Subsystems\Blueprints\Hrot.Blueprints.Tests\CapturingDebugSession.cs(142,38,142,44): error CS0246: The type or namespace name 'Entity' could not be found (are you missing a using directive or an assembly reference?)
107>D:\Work\IOS-IG-SimHost-FDP-2\Hrot\Subsystems\Blueprints\Hrot.Blueprints.Tests\Editor\DebugWindowDrawUITests.cs(51,16,51,23): error CS0246: The type or namespace name 'WatchId' could not be found (are you missing a using directive or an assembly reference?)
107>D:\Work\IOS-IG-SimHost-FDP-2\Hrot\Subsystems\Blueprints\Hrot.Blueprints.Tests\Editor\HotReloadLogModelTests.cs(10,44,10,71): error CS0246: The type or namespace name 'IBlueprintEditorCoordinator' could not be found (are you missing a using directive or an assembly reference?)
107>D:\Work\IOS-IG-SimHost-FDP-2\Hrot\Subsystems\Blueprints\Hrot.Blueprints.Tests\Editor\MockDebugSession.cs(24,12,24,24): error CS0246: The type or namespace name 'BreakpointId' could not be found (are you missing a using directive or an assembly reference?)
107>D:\Work\IOS-IG-SimHost-FDP-2\Hrot\Subsystems\Blueprints\Hrot.Blueprints.Tests\Mocks\MockEntityCommandBuffer.cs(39,22,39,28): error CS0246: The type or namespace name 'Entity' could not be found (are you missing a using directive or an assembly reference?)
107>D:\Work\IOS-IG-SimHost-FDP-2\Hrot\Subsystems\Blueprints\Hrot.Blueprints.Tests\Editor\DebugWindowDrawUITests.cs(52,33,52,40): error CS0246: The type or namespace name 'WatchId' could not be found (are you missing a using directive or an assembly reference?)
107>D:\Work\IOS-IG-SimHost-FDP-2\Hrot\Subsystems\Blueprints\Hrot.Blueprints.Tests\BlueprintTestFixture.cs(789,51,789,65): error CS0246: The type or namespace name 'BlueprintAsset' could not be found (are you missing a using directive or an assembly reference?)
107>D:\Work\IOS-IG-SimHost-FDP-2\Hrot\Subsystems\Blueprints\Hrot.Blueprints.Tests\BlueprintTestFixture.cs(789,73,789,79): error CS0246: The type or namespace name 'Entity' could not be found (are you missing a using directive or an assembly reference?)
107>D:\Work\IOS-IG-SimHost-FDP-2\Hrot\Subsystems\Blueprints\Hrot.Blueprints.Tests\BlueprintTestFixture.cs(789,19,789,37): error CS0246: The type or namespace name 'BlueprintSlotEntry' could not be found (are you missing a using directive or an assembly reference?)
107>D:\Work\IOS-IG-SimHost-FDP-2\Hrot\Subsystems\Blueprints\Hrot.Blueprints.Tests\MockSystems\MockWeaponDispatcher.cs(19,47,19,60): error CS0246: The type or namespace name 'WeaponChannel' could not be found (are you missing a using directive or an assembly reference?)
107>D:\Work\IOS-IG-SimHost-FDP-2\Hrot\Subsystems\Blueprints\Hrot.Blueprints.Tests\MockSystems\MockWeaponDispatcher.cs(19,70,19,76): error CS0246: The type or namespace name 'Entity' could not be found (are you missing a using directive or an assembly reference?)
107>D:\Work\IOS-IG-SimHost-FDP-2\Hrot\Subsystems\Blueprints\Hrot.Blueprints.Tests\MockSystems\MockWeaponDispatcher.cs(19,85,19,100): error CS0246: The type or namespace name 'ISimulationView' could not be found (are you missing a using directive or an assembly reference?)
107>D:\Work\IOS-IG-SimHost-FDP-2\Hrot\Subsystems\Blueprints\Hrot.Blueprints.Tests\Compiler\Stage2_ValidationTests\V_DispatchKindCompatibilityTests.cs(367,61,367,83): error CS0246: The type or namespace name 'IChannelCommandCatalog' could not be found (are you missing a using directive or an assembly reference?)
107>D:\Work\IOS-IG-SimHost-FDP-2\Hrot\Subsystems\Blueprints\Hrot.Blueprints.Tests\Editor\MockDebugSession.cs(25,33,25,45): error CS0246: The type or namespace name 'BreakpointId' could not be found (are you missing a using directive or an assembly reference?)
107>D:\Work\IOS-IG-SimHost-FDP-2\Hrot\Subsystems\Blueprints\Hrot.Blueprints.Tests\Editor\MockDebugSession.cs(27,26,27,36): error CS0246: The type or namespace name 'Breakpoint' could not be found (are you missing a using directive or an assembly reference?)
107>D:\Work\IOS-IG-SimHost-FDP-2\Hrot\Subsystems\Blueprints\Hrot.Blueprints.Tests\Editor\MockWindowRegistrar.cs(5,43,5,59): error CS0246: The type or namespace name 'IWindowRegistrar' could not be found (are you missing a using directive or an assembly reference?)
107>D:\Work\IOS-IG-SimHost-FDP-2\Hrot\Subsystems\Blueprints\Hrot.Blueprints.Tests\Mocks\MockEntityCommandBuffer.cs(41,40,41,46): error CS0246: The type or namespace name 'Entity' could not be found (are you missing a using directive or an assembly reference?)
107>D:\Work\IOS-IG-SimHost-FDP-2\Hrot\Subsystems\Blueprints\Hrot.Blueprints.Tests\Editor\DebugWindowDrawUITests.cs(54,30,54,35): error CS0246: The type or namespace name 'Watch' could not be found (are you missing a using directive or an assembly reference?)
107>D:\Work\IOS-IG-SimHost-FDP-2\Hrot\Subsystems\Blueprints\Hrot.Blueprints.Tests\Compiler\Stage2_ValidationTests\V_PeerReferencesTests.cs(18,20,18,34): error CS0246: The type or namespace name 'BlueprintAsset' could not be found (are you missing a using directive or an assembly reference?)
107>D:\Work\IOS-IG-SimHost-FDP-2\Hrot\Subsystems\Blueprints\Hrot.Blueprints.Tests\Editor\HotReloadLogModelTests.cs(12,29,12,48): error CS0246: The type or namespace name 'ReloadCompletedInfo' could not be found (are you missing a using directive or an assembly reference?)
107>D:\Work\IOS-IG-SimHost-FDP-2\Hrot\Subsystems\Blueprints\Hrot.Blueprints.Tests\Editor\HotReloadLogModelTests.cs(13,37,13,49): error CS0246: The type or namespace name 'ReloadSource' could not be found (are you missing a using directive or an assembly reference?)
107>D:\Work\IOS-IG-SimHost-FDP-2\Hrot\Subsystems\Blueprints\Hrot.Blueprints.Tests\Editor\MockDebugSession.cs(32,12,32,19): error CS0246: The type or namespace name 'WatchId' could not be found (are you missing a using directive or an assembly reference?)
107>D:\Work\IOS-IG-SimHost-FDP-2\Hrot\Subsystems\Blueprints\Hrot.Blueprints.Tests\Compiler\Stage2_ValidationTests\V_AiPrimitiveIntentTests.cs(13,55,13,69): error CS0246: The type or namespace name 'BlueprintAsset' could not be found (are you missing a using directive or an assembly reference?)
107>D:\Work\IOS-IG-SimHost-FDP-2\Hrot\Subsystems\Blueprints\Hrot.Blueprints.Tests\Compiler\Stage2_ValidationTests\V_AiPrimitiveIntentTests.cs(13,34,13,44): error CS0246: The type or namespace name 'Diagnostic' could not be found (are you missing a using directive or an assembly reference?)
107>D:\Work\IOS-IG-SimHost-FDP-2\Hrot\Subsystems\Blueprints\Hrot.Blueprints.Tests\CapturingDebugSession.cs(143,37,143,43): error CS0246: The type or namespace name 'Entity' could not be found (are you missing a using directive or an assembly reference?)
107>D:\Work\IOS-IG-SimHost-FDP-2\Hrot\Subsystems\Blueprints\Hrot.Blueprints.Tests\Editor\DebugWindowDrawUITests.cs(62,37,62,43): error CS0246: The type or namespace name 'Entity' could not be found (are you missing a using directive or an assembly reference?)
107>D:\Work\IOS-IG-SimHost-FDP-2\Hrot\Subsystems\Blueprints\Hrot.Blueprints.Tests\Compiler\Stage2_ValidationTests\V_PeerReferencesTests.cs(74,20,74,38): error CS0246: The type or namespace name 'BlueprintSignature' could not be found (are you missing a using directive or an assembly reference?)
107>D:\Work\IOS-IG-SimHost-FDP-2\Hrot\Subsystems\Blueprints\Hrot.Blueprints.Tests\Compiler\Stage2_ValidationTests\V_DispatchKindCompatibilityTests.cs(369,30,369,56): error CS0246: The type or namespace name 'ChannelCommandCatalogEntry' could not be found (are you missing a using directive or an assembly reference?)
107>D:\Work\IOS-IG-SimHost-FDP-2\Hrot\Subsystems\Blueprints\Hrot.Blueprints.Tests\Editor\MockDebugSession.cs(33,29,33,36): error CS0246: The type or namespace name 'WatchId' could not be found (are you missing a using directive or an assembly reference?)
107>D:\Work\IOS-IG-SimHost-FDP-2\Hrot\Subsystems\Blueprints\Hrot.Blueprints.Tests\Editor\HotReloadLogModelTests.cs(15,35,15,54): error CS0246: The type or namespace name 'ReloadCompletedInfo' could not be found (are you missing a using directive or an assembly reference?)
107>D:\Work\IOS-IG-SimHost-FDP-2\Hrot\Subsystems\Blueprints\Hrot.Blueprints.Tests\BlueprintTestFixture.cs(818,44,818,50): error CS0246: The type or namespace name 'Entity' could not be found (are you missing a using directive or an assembly reference?)
107>D:\Work\IOS-IG-SimHost-FDP-2\Hrot\Subsystems\Blueprints\Hrot.Blueprints.Tests\BlueprintTestFixture.cs(818,59,818,62): error CS0246: The type or namespace name 'Fbt' could not be found (are you missing a using directive or an assembly reference?)
107>D:\Work\IOS-IG-SimHost-FDP-2\Hrot\Subsystems\Blueprints\Hrot.Blueprints.Tests\Editor\DebugWindowDrawUITests.cs(63,16,63,22): error CS0246: The type or namespace name 'Entity' could not be found (are you missing a using directive or an assembly reference?)
107>D:\Work\IOS-IG-SimHost-FDP-2\Hrot\Subsystems\Blueprints\Hrot.Blueprints.Tests\Editor\HotReloadLogModelTests.cs(16,44,16,56): error CS0246: The type or namespace name 'ReloadSource' could not be found (are you missing a using directive or an assembly reference?)
107>D:\Work\IOS-IG-SimHost-FDP-2\Hrot\Subsystems\Blueprints\Hrot.Blueprints.Tests\Editor\MockDebugSession.cs(35,26,35,31): error CS0246: The type or namespace name 'Watch' could not be found (are you missing a using directive or an assembly reference?)
107>D:\Work\IOS-IG-SimHost-FDP-2\Hrot\Subsystems\Blueprints\Hrot.Blueprints.Tests\Stage6Tests.cs(21,20,21,34): error CS0246: The type or namespace name 'CompileOptions' could not be found (are you missing a using directive or an assembly reference?)
107>D:\Work\IOS-IG-SimHost-FDP-2\Hrot\Subsystems\Blueprints\Hrot.Blueprints.Tests\Stage1To5Tests.cs(23,23,23,41): error CS0246: The type or namespace name 'BlueprintSignature' could not be found (are you missing a using directive or an assembly reference?)
107>D:\Work\IOS-IG-SimHost-FDP-2\Hrot\Subsystems\Blueprints\Hrot.Blueprints.Tests\Stage1To5Tests.cs(22,20,22,34): error CS0246: The type or namespace name 'CompileOptions' could not be found (are you missing a using directive or an assembly reference?)
107>D:\Work\IOS-IG-SimHost-FDP-2\Hrot\Subsystems\Blueprints\Hrot.Blueprints.Tests\Editor\DebugWindowDrawUITests.cs(66,30,66,36): error CS0246: The type or namespace name 'Entity' could not be found (are you missing a using directive or an assembly reference?)
107>D:\Work\IOS-IG-SimHost-FDP-2\Hrot\Subsystems\Blueprints\Hrot.Blueprints.Tests\Mocks\MockEntityCommandBuffer.cs(53,32,53,48): error CS0246: The type or namespace name 'EntityRepository' could not be found (are you missing a using directive or an assembly reference?)
107>D:\Work\IOS-IG-SimHost-FDP-2\Hrot\Subsystems\Blueprints\Hrot.Blueprints.Tests\Editor\MockDebugSession.cs(40,33,40,39): error CS0246: The type or namespace name 'Entity' could not be found (are you missing a using directive or an assembly reference?)
107>D:\Work\IOS-IG-SimHost-FDP-2\Hrot\Subsystems\Blueprints\Hrot.Blueprints.Tests\Compiler\Stage2_ValidationTests\V_PeerReferencesTests.cs(86,55,86,69): error CS0246: The type or namespace name 'BlueprintAsset' could not be found (are you missing a using directive or an assembly reference?)
107>D:\Work\IOS-IG-SimHost-FDP-2\Hrot\Subsystems\Blueprints\Hrot.Blueprints.Tests\Compiler\Stage2_ValidationTests\V_PeerReferencesTests.cs(87,23,87,41): error CS0246: The type or namespace name 'BlueprintSignature' could not be found (are you missing a using directive or an assembly reference?)
107>D:\Work\IOS-IG-SimHost-FDP-2\Hrot\Subsystems\Blueprints\Hrot.Blueprints.Tests\Compiler\Stage2_ValidationTests\V_PeerReferencesTests.cs(86,34,86,44): error CS0246: The type or namespace name 'Diagnostic' could not be found (are you missing a using directive or an assembly reference?)
107>D:\Work\IOS-IG-SimHost-FDP-2\Hrot\Subsystems\Blueprints\Hrot.Blueprints.Tests\Editor\NewFromRecipeServiceTests.cs(8,20,8,34): error CS0246: The type or namespace name 'BlueprintAsset' could not be found (are you missing a using directive or an assembly reference?)
107>D:\Work\IOS-IG-SimHost-FDP-2\Hrot\Subsystems\Blueprints\Hrot.Blueprints.Tests\Editor\DebugWindowDrawUITests.cs(70,16,70,26): error CS0246: The type or namespace name 'Breakpoint' could not be found (are you missing a using directive or an assembly reference?)
107>D:\Work\IOS-IG-SimHost-FDP-2\Hrot\Subsystems\Blueprints\Hrot.Blueprints.Tests\Editor\MockDebugSession.cs(41,12,41,18): error CS0246: The type or namespace name 'Entity' could not be found (are you missing a using directive or an assembly reference?)
107>D:\Work\IOS-IG-SimHost-FDP-2\Hrot\Subsystems\Blueprints\Hrot.Blueprints.Tests\Mocks\MockEntityCommandBuffer.cs(51,22,51,28): error CS0246: The type or namespace name 'Entity' could not be found (are you missing a using directive or an assembly reference?)
107>D:\Work\IOS-IG-SimHost-FDP-2\Hrot\Subsystems\Blueprints\Hrot.Blueprints.Tests\CapturingDebugSessionTests.cs(11,20,11,26): error CS0246: The type or namespace name 'Entity' could not be found (are you missing a using directive or an assembly reference?)
107>D:\Work\IOS-IG-SimHost-FDP-2\Hrot\Subsystems\Blueprints\Hrot.Blueprints.Tests\HotReload\WhenNodeHotReloadTests.cs(517,40,517,52): error CS0246: The type or namespace name 'VariableDecl' could not be found (are you missing a using directive or an assembly reference?)
107>D:\Work\IOS-IG-SimHost-FDP-2\Hrot\Subsystems\Blueprints\Hrot.Blueprints.Tests\HotReload\WhenNodeHotReloadTests.cs(516,20,516,34): error CS0246: The type or namespace name 'BlueprintAsset' could not be found (are you missing a using directive or an assembly reference?)
107>D:\Work\IOS-IG-SimHost-FDP-2\Hrot\Subsystems\Blueprints\Hrot.Blueprints.Tests\Compiler\Stage2_ValidationTests\V_DispatchKindCompatibilityTests.cs(373,60,373,81): error CS0246: The type or namespace name 'IWaitPrimitiveCatalog' could not be found (are you missing a using directive or an assembly reference?)
107>D:\Work\IOS-IG-SimHost-FDP-2\Hrot\Subsystems\Blueprints\Hrot.Blueprints.Tests\Editor\DebugWindowDrawUITests.cs(71,16,71,22): error CS0246: The type or namespace name 'Entity' could not be found (are you missing a using directive or an assembly reference?)
107>D:\Work\IOS-IG-SimHost-FDP-2\Hrot\Subsystems\Blueprints\Hrot.Blueprints.Tests\BlueprintTestFixture.cs(67,22,67,38): error CS0246: The type or namespace name 'EntityRepository' could not be found (are you missing a using directive or an assembly reference?)
107>D:\Work\IOS-IG-SimHost-FDP-2\Hrot\Subsystems\Blueprints\Hrot.Blueprints.Tests\Compiler\Stage3_NormalizationTests\Stage3_NormalizationTests.cs(13,20,13,34): error CS0246: The type or namespace name 'CompileOptions' could not be found (are you missing a using directive or an assembly reference?)
107>D:\Work\IOS-IG-SimHost-FDP-2\Hrot\Subsystems\Blueprints\Hrot.Blueprints.Tests\Editor\MockDebugSession.cs(45,26,45,32): error CS0246: The type or namespace name 'Entity' could not be found (are you missing a using directive or an assembly reference?)
107>D:\Work\IOS-IG-SimHost-FDP-2\Hrot\Subsystems\Blueprints\Hrot.Blueprints.Tests\Stage6Tests.cs(33,9,33,23): error CS0246: The type or namespace name 'BlueprintAsset' could not be found (are you missing a using directive or an assembly reference?)
107>D:\Work\IOS-IG-SimHost-FDP-2\Hrot\Subsystems\Blueprints\Hrot.Blueprints.Tests\Stage6Tests.cs(34,9,34,23): error CS0246: The type or namespace name 'DiagnosticSink' could not be found (are you missing a using directive or an assembly reference?)
107>D:\Work\IOS-IG-SimHost-FDP-2\Hrot\Subsystems\Blueprints\Hrot.Blueprints.Tests\Stage6Tests.cs(32,20,32,27): error CS0246: The type or namespace name 'IrAsset' could not be found (are you missing a using directive or an assembly reference?)
107>D:\Work\IOS-IG-SimHost-FDP-2\Hrot\Subsystems\Blueprints\Hrot.Blueprints.Tests\Mocks\MockEntityCommandBuffer.cs(64,32,64,48): error CS0246: The type or namespace name 'EntityRepository' could not be found (are you missing a using directive or an assembly reference?)
107>D:\Work\IOS-IG-SimHost-FDP-2\Hrot\Subsystems\Blueprints\Hrot.Blueprints.Tests\CapturingDebugSessionTests.cs(12,20,12,26): error CS0246: The type or namespace name 'Entity' could not be found (are you missing a using directive or an assembly reference?)
107>D:\Work\IOS-IG-SimHost-FDP-2\Hrot\Subsystems\Blueprints\Hrot.Blueprints.Tests\Mocks\MockEntityCommandBuffer.cs(52,45,52,51): error CS0246: The type or namespace name 'Entity' could not be found (are you missing a using directive or an assembly reference?)
107>D:\Work\IOS-IG-SimHost-FDP-2\Hrot\Subsystems\Blueprints\Hrot.Blueprints.Tests\Editor\DebugWindowDrawUITests.cs(81,16,81,38): error CS0246: The type or namespace name 'BlueprintStateSnapshot' could not be found (are you missing a using directive or an assembly reference?)
107>D:\Work\IOS-IG-SimHost-FDP-2\Hrot\Subsystems\Blueprints\Hrot.Blueprints.Tests\Editor\MockDebugSession.cs(50,12,50,22): error CS0246: The type or namespace name 'Breakpoint' could not be found (are you missing a using directive or an assembly reference?)
107>D:\Work\IOS-IG-SimHost-FDP-2\Hrot\Subsystems\Blueprints\Hrot.Blueprints.Tests\Compiler\Stage2_ValidationTests\V_DispatchKindCompatibilityTests.cs(375,30,375,55): error CS0246: The type or namespace name 'WaitPrimitiveCatalogEntry' could not be found (are you missing a using directive or an assembly reference?)
107>D:\Work\IOS-IG-SimHost-FDP-2\Hrot\Subsystems\Blueprints\Hrot.Blueprints.Tests\Mocks\MockEntityCommandBuffer.cs(62,22,62,28): error CS0246: The type or namespace name 'Entity' could not be found (are you missing a using directive or an assembly reference?)
107>D:\Work\IOS-IG-SimHost-FDP-2\Hrot\Subsystems\Blueprints\Hrot.Blueprints.Tests\BlueprintTestFixture.cs(70,27,70,43): error CS0246: The type or namespace name 'IEcsModuleSystem' could not be found (are you missing a using directive or an assembly reference?)
107>D:\Work\IOS-IG-SimHost-FDP-2\Hrot\Subsystems\Blueprints\Hrot.Blueprints.Tests\Editor\MockDebugSession.cs(51,12,51,18): error CS0246: The type or namespace name 'Entity' could not be found (are you missing a using directive or an assembly reference?)
107>D:\Work\IOS-IG-SimHost-FDP-2\Hrot\Subsystems\Blueprints\Hrot.Blueprints.Tests\Editor\DebugWindowDrawUITests.cs(82,30,82,42): error CS0246: The type or namespace name 'NodeExecuted' could not be found (are you missing a using directive or an assembly reference?)
107>D:\Work\IOS-IG-SimHost-FDP-2\Hrot\Subsystems\Blueprints\Hrot.Blueprints.Tests\Stage6Tests.cs(331,81,331,90): error CS0246: The type or namespace name 'IrTypeRef' could not be found (are you missing a using directive or an assembly reference?)
107>D:\Work\IOS-IG-SimHost-FDP-2\Hrot\Subsystems\Blueprints\Hrot.Blueprints.Tests\Stage6Tests.cs(331,20,331,27): error CS0246: The type or namespace name 'IrAsset' could not be found (are you missing a using directive or an assembly reference?)
107>D:\Work\IOS-IG-SimHost-FDP-2\Hrot\Subsystems\Blueprints\Hrot.Blueprints.Tests\Compiler\Stage2_ValidationTests\V_DispatchKindCompatibilityTests.cs(379,58,379,77): error CS0246: The type or namespace name 'IEngineEventCatalog' could not be found (are you missing a using directive or an assembly reference?)
107>D:\Work\IOS-IG-SimHost-FDP-2\Hrot\Subsystems\Blueprints\Hrot.Blueprints.Tests\Mocks\MockEntityCommandBuffer.cs(63,43,63,49): error CS0246: The type or namespace name 'Entity' could not be found (are you missing a using directive or an assembly reference?)
107>D:\Work\IOS-IG-SimHost-FDP-2\Hrot\Subsystems\Blueprints\Hrot.Blueprints.Tests\Editor\PlayMontageChainNodeDrawerTests.cs(58,20,58,46): error CS0246: The type or namespace name 'PlayMontageChainNodeDrawer' could not be found (are you missing a using directive or an assembly reference?)
107>D:\Work\IOS-IG-SimHost-FDP-2\Hrot\Subsystems\Blueprints\Hrot.Blueprints.Tests\Editor\DebugWindowDrawUITests.cs(84,30,84,39): error CS0246: The type or namespace name 'CallFrame' could not be found (are you missing a using directive or an assembly reference?)
107>D:\Work\IOS-IG-SimHost-FDP-2\Hrot\Subsystems\Blueprints\Hrot.Blueprints.Tests\Editor\MockDebugSession.cs(63,12,63,34): error CS0246: The type or namespace name 'BlueprintStateSnapshot' could not be found (are you missing a using directive or an assembly reference?)
107>D:\Work\IOS-IG-SimHost-FDP-2\Hrot\Subsystems\Blueprints\Hrot.Blueprints.Tests\HotReload\WhenNodeHotReloadTests.cs(32,50,32,68): error CS0246: The type or namespace name 'IPredicateCompiler' could not be found (are you missing a using directive or an assembly reference?)
107>D:\Work\IOS-IG-SimHost-FDP-2\Hrot\Subsystems\Blueprints\Hrot.Blueprints.Tests\BlueprintTestFixture.cs(71,22,71,44): error CS0246: The type or namespace name 'AiHotReloadCoordinator' could not be found (are you missing a using directive or an assembly reference?)
107>D:\Work\IOS-IG-SimHost-FDP-2\Hrot\Subsystems\Blueprints\Hrot.Blueprints.Tests\Mocks\MockEntityCommandBuffer.cs(76,32,76,48): error CS0246: The type or namespace name 'EntityRepository' could not be found (are you missing a using directive or an assembly reference?)
107>D:\Work\IOS-IG-SimHost-FDP-2\Hrot\Subsystems\Blueprints\Hrot.Blueprints.Tests\Stage7Tests.cs(20,20,20,34): error CS0246: The type or namespace name 'CompileOptions' could not be found (are you missing a using directive or an assembly reference?)
107>D:\Work\IOS-IG-SimHost-FDP-2\Hrot\Subsystems\Blueprints\Hrot.Blueprints.Tests\Compiler\Stage2_ValidationTests\V_DispatchKindCompatibilityTests.cs(381,30,381,53): error CS0246: The type or namespace name 'EngineEventCatalogEntry' could not be found (are you missing a using directive or an assembly reference?)
107>D:\Work\IOS-IG-SimHost-FDP-2\Hrot\Subsystems\Blueprints\Hrot.Blueprints.Tests\Editor\PlayMontageChainNodeDrawerTests.cs(63,20,63,34): error CS0246: The type or namespace name 'BlueprintAsset' could not be found (are you missing a using directive or an assembly reference?)
107>D:\Work\IOS-IG-SimHost-FDP-2\Hrot\Subsystems\Blueprints\Hrot.Blueprints.Tests\Compiler\Stage4_TypeResolveTests.cs(13,20,13,34): error CS0246: The type or namespace name 'CompileOptions' could not be found (are you missing a using directive or an assembly reference?)
107>D:\Work\IOS-IG-SimHost-FDP-2\Hrot\Subsystems\Blueprints\Hrot.Blueprints.Tests\Editor\MockDebugSession.cs(64,26,64,38): error CS0246: The type or namespace name 'NodeExecuted' could not be found (are you missing a using directive or an assembly reference?)
107>D:\Work\IOS-IG-SimHost-FDP-2\Hrot\Subsystems\Blueprints\Hrot.Blueprints.Tests\Editor\DebugWindowDrawUITests.cs(89,63,89,69): error CS0246: The type or namespace name 'Entity' could not be found (are you missing a using directive or an assembly reference?)
107>D:\Work\IOS-IG-SimHost-FDP-2\Hrot\Subsystems\Blueprints\Hrot.Blueprints.Tests\Editor\DebugWindowDrawUITests.cs(89,30,89,46): error CS0246: The type or namespace name 'NodeHistoryEntry' could not be found (are you missing a using directive or an assembly reference?)
107>D:\Work\IOS-IG-SimHost-FDP-2\Hrot\Subsystems\Blueprints\Hrot.Blueprints.Tests\Mocks\MockEntityCommandBuffer.cs(73,22,73,28): error CS0246: The type or namespace name 'Entity' could not be found (are you missing a using directive or an assembly reference?)
107>D:\Work\IOS-IG-SimHost-FDP-2\Hrot\Subsystems\Blueprints\Hrot.Blueprints.Tests\Mocks\MockEntityCommandBuffer.cs(88,32,88,48): error CS0246: The type or namespace name 'EntityRepository' could not be found (are you missing a using directive or an assembly reference?)
107>D:\Work\IOS-IG-SimHost-FDP-2\Hrot\Subsystems\Blueprints\Hrot.Blueprints.Tests\Editor\MockDebugSession.cs(65,26,65,35): error CS0246: The type or namespace name 'CallFrame' could not be found (are you missing a using directive or an assembly reference?)
107>D:\Work\IOS-IG-SimHost-FDP-2\Hrot\Subsystems\Blueprints\Hrot.Blueprints.Tests\Runtime\BlueprintDefinitionTests.cs(62,6,62,24): error CS0246: The type or namespace name 'BlueprintRegistrarAttribute' could not be found (are you missing a using directive or an assembly reference?)
107>D:\Work\IOS-IG-SimHost-FDP-2\Hrot\Subsystems\Blueprints\Hrot.Blueprints.Tests\Runtime\BlueprintDefinitionTests.cs(62,6,62,24): error CS0246: The type or namespace name 'BlueprintRegistrar' could not be found (are you missing a using directive or an assembly reference?)
107>D:\Work\IOS-IG-SimHost-FDP-2\Hrot\Subsystems\Blueprints\Hrot.Blueprints.Tests\Stage7Tests.cs(30,42,30,56): error CS0246: The type or namespace name 'BlueprintAsset' could not be found (are you missing a using directive or an assembly reference?)
107>D:\Work\IOS-IG-SimHost-FDP-2\Hrot\Subsystems\Blueprints\Hrot.Blueprints.Tests\Stage7Tests.cs(30,20,30,33): error CS0246: The type or namespace name 'CompileResult' could not be found (are you missing a using directive or an assembly reference?)
107>D:\Work\IOS-IG-SimHost-FDP-2\Hrot\Subsystems\Blueprints\Hrot.Blueprints.Tests\Editor\DebugWindowDrawUITests.cs(93,38,93,46): error CS0246: The type or namespace name 'DebugMap' could not be found (are you missing a using directive or an assembly reference?)
107>D:\Work\IOS-IG-SimHost-FDP-2\Hrot\Subsystems\Blueprints\Hrot.Blueprints.Tests\Editor\PlayMontageChainNodeDrawerTests.cs(18,52,18,72): error CS0246: The type or namespace name 'IAnimationTkbQueries' could not be found (are you missing a using directive or an assembly reference?)
107>D:\Work\IOS-IG-SimHost-FDP-2\Hrot\Subsystems\Blueprints\Hrot.Blueprints.Tests\Compiler\Stage2_ValidationTests\V_VariablesAndStateTests.cs(13,55,13,69): error CS0246: The type or namespace name 'BlueprintAsset' could not be found (are you missing a using directive or an assembly reference?)
107>D:\Work\IOS-IG-SimHost-FDP-2\Hrot\Subsystems\Blueprints\Hrot.Blueprints.Tests\Compiler\Stage2_ValidationTests\V_VariablesAndStateTests.cs(13,34,13,44): error CS0246: The type or namespace name 'Diagnostic' could not be found (are you missing a using directive or an assembly reference?)
107>D:\Work\IOS-IG-SimHost-FDP-2\Hrot\Subsystems\Blueprints\Hrot.Blueprints.Tests\Mocks\MockEntityCommandBuffer.cs(85,22,85,28): error CS0246: The type or namespace name 'Entity' could not be found (are you missing a using directive or an assembly reference?)
107>D:\Work\IOS-IG-SimHost-FDP-2\Hrot\Subsystems\Blueprints\Hrot.Blueprints.Tests\Mocks\MockEntityCommandBuffer.cs(75,40,75,46): error CS0246: The type or namespace name 'Entity' could not be found (are you missing a using directive or an assembly reference?)
107>D:\Work\IOS-IG-SimHost-FDP-2\Hrot\Subsystems\Blueprints\Hrot.Blueprints.Tests\BlueprintTestFixture.cs(72,20,72,35): error CS0246: The type or namespace name 'ISimulationView' could not be found (are you missing a using directive or an assembly reference?)
107>D:\Work\IOS-IG-SimHost-FDP-2\Hrot\Subsystems\Blueprints\Hrot.Blueprints.Tests\BlueprintTestFixture.cs(72,37,72,57): error CS0246: The type or namespace name 'IEntityCommandBuffer' could not be found (are you missing a using directive or an assembly reference?)
107>D:\Work\IOS-IG-SimHost-FDP-2\Hrot\Subsystems\Blueprints\Hrot.Blueprints.Tests\Editor\MockDebugSession.cs(66,59,66,65): error CS0246: The type or namespace name 'Entity' could not be found (are you missing a using directive or an assembly reference?)
107>D:\Work\IOS-IG-SimHost-FDP-2\Hrot\Subsystems\Blueprints\Hrot.Blueprints.Tests\Editor\MockDebugSession.cs(66,26,66,42): error CS0246: The type or namespace name 'NodeHistoryEntry' could not be found (are you missing a using directive or an assembly reference?)
107>D:\Work\IOS-IG-SimHost-FDP-2\Hrot\Subsystems\Blueprints\Hrot.Blueprints.Tests\Mocks\MockEntityCommandBuffer.cs(87,38,87,44): error CS0246: The type or namespace name 'Entity' could not be found (are you missing a using directive or an assembly reference?)
107>D:\Work\IOS-IG-SimHost-FDP-2\Hrot\Subsystems\Blueprints\Hrot.Blueprints.Tests\Editor\PlayMontageChainNodeDrawerTests.cs(20,47,20,60): error CS0246: The type or namespace name 'MontageDefDto' could not be found (are you missing a using directive or an assembly reference?)
107>D:\Work\IOS-IG-SimHost-FDP-2\Hrot\Subsystems\Blueprints\Hrot.Blueprints.Tests\Debug\BlueprintDebugSessionLifecycleTests.cs(24,22,24,38): error CS0246: The type or namespace name 'EntityRepository' could not be found (are you missing a using directive or an assembly reference?)
107>D:\Work\IOS-IG-SimHost-FDP-2\Hrot\Subsystems\Blueprints\Hrot.Blueprints.Tests\Editor\DebugWindowDrawUITests.cs(110,24,110,39): error CS0246: The type or namespace name 'PinValueChanged' could not be found (are you missing a using directive or an assembly reference?)
107>D:\Work\IOS-IG-SimHost-FDP-2\Hrot\Subsystems\Blueprints\Hrot.Blueprints.Tests\Editor\MockDebugSession.cs(70,34,70,42): error CS0246: The type or namespace name 'DebugMap' could not be found (are you missing a using directive or an assembly reference?)
107>D:\Work\IOS-IG-SimHost-FDP-2\Hrot\Subsystems\Blueprints\Hrot.Blueprints.Tests\Editor\PlayMontageChainNodeDrawerTests.cs(21,47,21,55): error CS0246: The type or namespace name 'StanceId' could not be found (are you missing a using directive or an assembly reference?)
107>D:\Work\IOS-IG-SimHost-FDP-2\Hrot\Subsystems\Blueprints\Hrot.Blueprints.Tests\Compiler\Stage5_ScheduleTests\BPF019_ReturnTerminatorTests.cs(18,20,18,34): error CS0246: The type or namespace name 'CompileOptions' could not be found (are you missing a using directive or an assembly reference?)
107>D:\Work\IOS-IG-SimHost-FDP-2\Hrot\Subsystems\Blueprints\Hrot.Blueprints.Tests\BlueprintTestFixture.cs(75,48,75,54): error CS0246: The type or namespace name 'Entity' could not be found (are you missing a using directive or an assembly reference?)
107>D:\Work\IOS-IG-SimHost-FDP-2\Hrot\Subsystems\Blueprints\Hrot.Blueprints.Tests\Mocks\MockEntityCommandBuffer.cs(99,32,99,48): error CS0246: The type or namespace name 'EntityRepository' could not be found (are you missing a using directive or an assembly reference?)
107>D:\Work\IOS-IG-SimHost-FDP-2\Hrot\Subsystems\Blueprints\Hrot.Blueprints.Tests\HotReload\WhenNodeHotReloadTests.cs(36,79,36,97): error CS0246: The type or namespace name 'SearchPredicateDto' could not be found (are you missing a using directive or an assembly reference?)
107>D:\Work\IOS-IG-SimHost-FDP-2\Hrot\Subsystems\Blueprints\Hrot.Blueprints.Tests\HotReload\WhenNodeHotReloadTests.cs(36,21,36,37): error CS0246: The type or namespace name 'EntityRepository' could not be found (are you missing a using directive or an assembly reference?)
107>D:\Work\IOS-IG-SimHost-FDP-2\Hrot\Subsystems\Blueprints\Hrot.Blueprints.Tests\HotReload\WhenNodeHotReloadTests.cs(36,39,36,45): error CS0246: The type or namespace name 'Entity' could not be found (are you missing a using directive or an assembly reference?)
107>D:\Work\IOS-IG-SimHost-FDP-2\Hrot\Subsystems\Blueprints\Hrot.Blueprints.Tests\Stage8Tests.cs(22,21,22,38): error CS0246: The type or namespace name 'BlueprintCompiler' could not be found (are you missing a using directive or an assembly reference?)
107>D:\Work\IOS-IG-SimHost-FDP-2\Hrot\Subsystems\Blueprints\Hrot.Blueprints.Tests\Stage8Tests.cs(22,49,22,63): error CS0246: The type or namespace name 'BlueprintAsset' could not be found (are you missing a using directive or an assembly reference?)
107>D:\Work\IOS-IG-SimHost-FDP-2\Hrot\Subsystems\Blueprints\Hrot.Blueprints.Tests\Editor\QuickReloadServiceTests.cs(19,9,19,23): error CS0246: The type or namespace name 'IOutputConsole' could not be found (are you missing a using directive or an assembly reference?)
107>D:\Work\IOS-IG-SimHost-FDP-2\Hrot\Subsystems\Blueprints\Hrot.Blueprints.Tests\Editor\QuickReloadServiceTests.cs(20,9,20,27): error CS0246: The type or namespace name 'IBlueprintCompiler' could not be found (are you missing a using directive or an assembly reference?)
107>D:\Work\IOS-IG-SimHost-FDP-2\Hrot\Subsystems\Blueprints\Hrot.Blueprints.Tests\Editor\QuickReloadServiceTests.cs(21,9,21,31): error CS0246: The type or namespace name 'AiHotReloadCoordinator' could not be found (are you missing a using directive or an assembly reference?)
107>D:\Work\IOS-IG-SimHost-FDP-2\Hrot\Subsystems\Blueprints\Hrot.Blueprints.Tests\Editor\QuickReloadServiceTests.cs(18,20,18,38): error CS0246: The type or namespace name 'QuickReloadService' could not be found (are you missing a using directive or an assembly reference?)
107>D:\Work\IOS-IG-SimHost-FDP-2\Hrot\Subsystems\Blueprints\Hrot.Blueprints.Tests\Debug\BlueprintDebugSessionLifecycleTests.cs(27,22,27,43): error CS0246: The type or namespace name 'BlueprintDebugSession' could not be found (are you missing a using directive or an assembly reference?)
107>D:\Work\IOS-IG-SimHost-FDP-2\Hrot\Subsystems\Blueprints\Hrot.Blueprints.Tests\Editor\PlayMontageChainNodeDrawerTests.cs(22,47,22,65): error CS0246: The type or namespace name 'NotifyMarkerDefDto' could not be found (are you missing a using directive or an assembly reference?)
107>D:\Work\IOS-IG-SimHost-FDP-2\Hrot\Subsystems\Blueprints\Hrot.Blueprints.Tests\Mocks\MockEntityCommandBuffer.cs(111,32,111,48): error CS0246: The type or namespace name 'EntityRepository' could not be found (are you missing a using directive or an assembly reference?)
107>D:\Work\IOS-IG-SimHost-FDP-2\Hrot\Subsystems\Blueprints\Hrot.Blueprints.Tests\Editor\MockDebugSession.cs(91,20,91,35): error CS0246: The type or namespace name 'PinValueChanged' could not be found (are you missing a using directive or an assembly reference?)
107>D:\Work\IOS-IG-SimHost-FDP-2\Hrot\Subsystems\Blueprints\Hrot.Blueprints.Tests\Mocks\MockEntityCommandBuffer.cs(97,22,97,28): error CS0246: The type or namespace name 'Entity' could not be found (are you missing a using directive or an assembly reference?)
107>D:\Work\IOS-IG-SimHost-FDP-2\Hrot\Subsystems\Blueprints\Hrot.Blueprints.Tests\Stage8Tests.cs(31,20,31,34): error CS0246: The type or namespace name 'CompileOptions' could not be found (are you missing a using directive or an assembly reference?)
107>D:\Work\IOS-IG-SimHost-FDP-2\Hrot\Subsystems\Blueprints\Hrot.Blueprints.Tests\Debug\BlueprintDebugSessionLifecycleTests.cs(16,47,16,73): error CS0246: The type or namespace name 'IEngineDebugTimeController' could not be found (are you missing a using directive or an assembly reference?)
107>D:\Work\IOS-IG-SimHost-FDP-2\Hrot\Subsystems\Blueprints\Hrot.Blueprints.Tests\HotReload\WhenNodeHotReloadTests.cs(43,13,43,31): error CS0246: The type or namespace name 'SearchPredicateDto' could not be found (are you missing a using directive or an assembly reference?)
107>D:\Work\IOS-IG-SimHost-FDP-2\Hrot\Subsystems\Blueprints\Hrot.Blueprints.Tests\Editor\PlayMontageChainNodeDrawerTests.cs(24,30,24,43): error CS0246: The type or namespace name 'MontageDefDto' could not be found (are you missing a using directive or an assembly reference?)
107>D:\Work\IOS-IG-SimHost-FDP-2\Hrot\Subsystems\Blueprints\Hrot.Blueprints.Tests\Editor\QuickReloadServiceTests.cs(13,40,13,53): error CS0246: The type or namespace name 'IAssetCatalog' could not be found (are you missing a using directive or an assembly reference?)
107>D:\Work\IOS-IG-SimHost-FDP-2\Hrot\Subsystems\Blueprints\Hrot.Blueprints.Tests\Mocks\MockEntityCommandBuffer.cs(108,22,108,28): error CS0246: The type or namespace name 'Entity' could not be found (are you missing a using directive or an assembly reference?)
107>D:\Work\IOS-IG-SimHost-FDP-2\Hrot\Subsystems\Blueprints\Hrot.Blueprints.Tests\Mocks\MockEntityCommandBuffer.cs(98,41,98,47): error CS0246: The type or namespace name 'Entity' could not be found (are you missing a using directive or an assembly reference?)
107>D:\Work\IOS-IG-SimHost-FDP-2\Hrot\Subsystems\Blueprints\Hrot.Blueprints.Tests\Stage8Tests.cs(42,20,42,34): error CS0246: The type or namespace name 'CompileOptions' could not be found (are you missing a using directive or an assembly reference?)
107>D:\Work\IOS-IG-SimHost-FDP-2\Hrot\Subsystems\Blueprints\Hrot.Blueprints.Tests\TestData.cs(24,19,24,33): error CS0246: The type or namespace name 'BlueprintAsset' could not be found (are you missing a using directive or an assembly reference?)
107>D:\Work\IOS-IG-SimHost-FDP-2\Hrot\Subsystems\Blueprints\Hrot.Blueprints.Tests\Editor\PlayMontageChainNodeDrawerTests.cs(25,16,25,29): error CS0246: The type or namespace name 'MontageDefDto' could not be found (are you missing a using directive or an assembly reference?)
107>D:\Work\IOS-IG-SimHost-FDP-2\Hrot\Subsystems\Blueprints\Hrot.Blueprints.Tests\Compiler\Stage5_ScheduleTests\BPF019_ReturnTerminatorTests.cs(28,66,28,80): error CS0246: The type or namespace name 'BlueprintAsset' could not be found (are you missing a using directive or an assembly reference?)
107>D:\Work\IOS-IG-SimHost-FDP-2\Hrot\Subsystems\Blueprints\Hrot.Blueprints.Tests\Compiler\Stage5_ScheduleTests\BPF019_ReturnTerminatorTests.cs(28,21,28,28): error CS0246: The type or namespace name 'IrAsset' could not be found (are you missing a using directive or an assembly reference?)
107>D:\Work\IOS-IG-SimHost-FDP-2\Hrot\Subsystems\Blueprints\Hrot.Blueprints.Tests\Compiler\Stage5_ScheduleTests\BPF019_ReturnTerminatorTests.cs(28,33,28,47): error CS0246: The type or namespace name 'DiagnosticSink' could not be found (are you missing a using directive or an assembly reference?)
107>D:\Work\IOS-IG-SimHost-FDP-2\Hrot\Subsystems\Blueprints\Hrot.Blueprints.Tests\Editor\QuickReloadServiceTests.cs(15,28,15,45): error CS0246: The type or namespace name 'AssetCatalogEntry' could not be found (are you missing a using directive or an assembly reference?)
107>D:\Work\IOS-IG-SimHost-FDP-2\Hrot\Subsystems\Blueprints\Hrot.Blueprints.Tests\HotReload\WhenNodeHotReloadTests.cs(47,56,47,80): error CS0246: The type or namespace name 'ISearchPredicateRegistry' could not be found (are you missing a using directive or an assembly reference?)
107>D:\Work\IOS-IG-SimHost-FDP-2\Hrot\Subsystems\Blueprints\Hrot.Blueprints.Tests\Mocks\MockEntityCommandBuffer.cs(110,38,110,44): error CS0246: The type or namespace name 'Entity' could not be found (are you missing a using directive or an assembly reference?)
107>D:\Work\IOS-IG-SimHost-FDP-2\Hrot\Subsystems\Blueprints\Hrot.Blueprints.Tests\Editor\PlayMontageChainNodeDrawerTests.cs(26,30,26,38): error CS0246: The type or namespace name 'StanceId' could not be found (are you missing a using directive or an assembly reference?)
107>D:\Work\IOS-IG-SimHost-FDP-2\Hrot\Subsystems\Blueprints\Hrot.Blueprints.Tests\Compiler\Stage5_ScheduleTests\DataFlowCseTests.cs(18,20,18,34): error CS0246: The type or namespace name 'CompileOptions' could not be found (are you missing a using directive or an assembly reference?)
107>D:\Work\IOS-IG-SimHost-FDP-2\Hrot\Subsystems\Blueprints\Hrot.Blueprints.Tests\Runtime\BlueprintRegistryTests.cs(15,22,15,39): error CS0246: The type or namespace name 'BlueprintRegistry' could not be found (are you missing a using directive or an assembly reference?)
107>D:\Work\IOS-IG-SimHost-FDP-2\Hrot\Subsystems\Blueprints\Hrot.Blueprints.Tests\Compiler\Stage5_ScheduleTests\DataFlowCseTests.cs(58,36,58,40): error CS0234: The type or namespace name 'Core' does not exist in the namespace 'Hrot.Blueprints' (are you missing an assembly reference?)
107>D:\Work\IOS-IG-SimHost-FDP-2\Hrot\Subsystems\Blueprints\Hrot.Blueprints.Tests\Mocks\MockEntityCommandBuffer.cs(122,32,122,48): error CS0246: The type or namespace name 'EntityRepository' could not be found (are you missing a using directive or an assembly reference?)
107>D:\Work\IOS-IG-SimHost-FDP-2\Hrot\Subsystems\Blueprints\Hrot.Blueprints.Tests\HotReload\WhenNodeHotReloadTests.cs(53,54,53,72): error CS0246: The type or namespace name 'IPredicateCompiler' could not be found (are you missing a using directive or an assembly reference?)
107>D:\Work\IOS-IG-SimHost-FDP-2\Hrot\Subsystems\Blueprints\Hrot.Blueprints.Tests\Editor\PlayMontageChainNodeDrawerTests.cs(28,30,28,48): error CS0246: The type or namespace name 'NotifyMarkerDefDto' could not be found (are you missing a using directive or an assembly reference?)
107>D:\Work\IOS-IG-SimHost-FDP-2\Hrot\Subsystems\Blueprints\Hrot.Blueprints.Tests\Editor\ReadEqsResultNodeDrawerTests.cs(8,20,8,43): error CS0246: The type or namespace name 'ReadEqsResultNodeDrawer' could not be found (are you missing a using directive or an assembly reference?)
107>D:\Work\IOS-IG-SimHost-FDP-2\Hrot\Subsystems\Blueprints\Hrot.Blueprints.Tests\Mocks\MockEntityCommandBuffer.cs(133,32,133,48): error CS0246: The type or namespace name 'EntityRepository' could not be found (are you missing a using directive or an assembly reference?)
107>D:\Work\IOS-IG-SimHost-FDP-2\Hrot\Subsystems\Blueprints\Hrot.Blueprints.Tests\Editor\PlayMontageChainNodeDrawerTests.cs(33,44,33,56): error CS0246: The type or namespace name 'IEditService' could not be found (are you missing a using directive or an assembly reference?)
107>D:\Work\IOS-IG-SimHost-FDP-2\Hrot\Subsystems\Blueprints\Hrot.Blueprints.Tests\Compiler\Stage5_ScheduleTests\BPF039_GetOrderedDeterminismTests.cs(29,21,29,34): error CS0246: The type or namespace name 'ParameterDecl' could not be found (are you missing a using directive or an assembly reference?)
107>D:\Work\IOS-IG-SimHost-FDP-2\Hrot\Subsystems\Blueprints\Hrot.Blueprints.Tests\Compiler\Stage5_ScheduleTests\BPF039_GetOrderedDeterminismTests.cs(28,20,28,27): error CS0246: The type or namespace name 'IrAsset' could not be found (are you missing a using directive or an assembly reference?)
107>D:\Work\IOS-IG-SimHost-FDP-2\Hrot\Subsystems\Blueprints\Hrot.Blueprints.Tests\Debug\BreakpointTests.cs(21,20,21,26): error CS0246: The type or namespace name 'Entity' could not be found (are you missing a using directive or an assembly reference?)
107>D:\Work\IOS-IG-SimHost-FDP-2\Hrot\Subsystems\Blueprints\Hrot.Blueprints.Tests\Mocks\MockEntityCommandBuffer.cs(146,47,146,67): error CS0246: The type or namespace name 'IEntityCommandBuffer' could not be found (are you missing a using directive or an assembly reference?)
107>D:\Work\IOS-IG-SimHost-FDP-2\Hrot\Subsystems\Blueprints\Hrot.Blueprints.Tests\Mocks\MockEntityCommandBuffer.cs(130,22,130,28): error CS0246: The type or namespace name 'Entity' could not be found (are you missing a using directive or an assembly reference?)
107>D:\Work\IOS-IG-SimHost-FDP-2\Hrot\Subsystems\Blueprints\Hrot.Blueprints.Tests\TestEventDefinitions.cs(7,2,7,9): error CS0246: The type or namespace name 'EventIdAttribute' could not be found (are you missing a using directive or an assembly reference?)
107>D:\Work\IOS-IG-SimHost-FDP-2\Hrot\Subsystems\Blueprints\Hrot.Blueprints.Tests\TestEventDefinitions.cs(7,2,7,9): error CS0246: The type or namespace name 'EventId' could not be found (are you missing a using directive or an assembly reference?)
107>D:\Work\IOS-IG-SimHost-FDP-2\Hrot\Subsystems\Blueprints\Hrot.Blueprints.Tests\Editor\ReadEqsResultNodeDrawerTests.cs(10,60,10,72): error CS0246: The type or namespace name 'VariableDecl' could not be found (are you missing a using directive or an assembly reference?)
107>D:\Work\IOS-IG-SimHost-FDP-2\Hrot\Subsystems\Blueprints\Hrot.Blueprints.Tests\Editor\ReadEqsResultNodeDrawerTests.cs(10,20,10,34): error CS0246: The type or namespace name 'BlueprintAsset' could not be found (are you missing a using directive or an assembly reference?)
107>D:\Work\IOS-IG-SimHost-FDP-2\Hrot\Subsystems\Blueprints\Hrot.Blueprints.Tests\Editor\PlayMontageChainNodeDrawerTests.cs(35,31,35,45): error CS0246: The type or namespace name 'BlueprintAsset' could not be found (are you missing a using directive or an assembly reference?)
107>D:\Work\IOS-IG-SimHost-FDP-2\Hrot\Subsystems\Blueprints\Hrot.Blueprints.Tests\Debug\BreakpointTests.cs(22,20,22,26): error CS0246: The type or namespace name 'Entity' could not be found (are you missing a using directive or an assembly reference?)
107>D:\Work\IOS-IG-SimHost-FDP-2\Hrot\Subsystems\Blueprints\Hrot.Blueprints.Tests\Compiler\Stage5_ScheduleTests\BPF039_GetOrderedDeterminismTests.cs(109,20,109,33): error CS0246: The type or namespace name 'ParameterDecl' could not be found (are you missing a using directive or an assembly reference?)
107>D:\Work\IOS-IG-SimHost-FDP-2\Hrot\Subsystems\Blueprints\Hrot.Blueprints.Tests\Compiler\Stage5_ScheduleTests\GoldenIrTests.cs(17,20,17,34): error CS0246: The type or namespace name 'CompileOptions' could not be found (are you missing a using directive or an assembly reference?)
107>D:\Work\IOS-IG-SimHost-FDP-2\Hrot\Subsystems\Blueprints\Hrot.Blueprints.Tests\Mocks\MockEntityCommandBuffer.cs(131,22,131,37): error CS0246: The type or namespace name 'EntityLifecycle' could not be found (are you missing a using directive or an assembly reference?)
107>D:\Work\IOS-IG-SimHost-FDP-2\Hrot\Subsystems\Blueprints\Hrot.Blueprints.Tests\TestHarness\FixtureHelperAndHsmInvokeTests.cs(20,20,20,34): error CS0246: The type or namespace name 'BlueprintAsset' could not be found (are you missing a using directive or an assembly reference?)
107>D:\Work\IOS-IG-SimHost-FDP-2\Hrot\Subsystems\Blueprints\Hrot.Blueprints.Tests\TestEventDefinitions.cs(10,12,10,18): error CS0246: The type or namespace name 'Entity' could not be found (are you missing a using directive or an assembly reference?)
107>D:\Work\IOS-IG-SimHost-FDP-2\Hrot\Subsystems\Blueprints\Hrot.Blueprints.Tests\Editor\PlayMontageChainNodeDrawerTests.cs(39,59,39,79): error CS0246: The type or namespace name 'IAnimationTkbQueries' could not be found (are you missing a using directive or an assembly reference?)
107>D:\Work\IOS-IG-SimHost-FDP-2\Hrot\Subsystems\Blueprints\Hrot.Blueprints.Tests\Compiler\Stage5_ScheduleTests\LatentBlockSplitTests.cs(19,20,19,34): error CS0246: The type or namespace name 'CompileOptions' could not be found (are you missing a using directive or an assembly reference?)
107>D:\Work\IOS-IG-SimHost-FDP-2\Hrot\Subsystems\Blueprints\Hrot.Blueprints.Tests\Debug\BreakpointTests.cs(26,20,26,41): error CS0246: The type or namespace name 'BlueprintDebugSession' could not be found (are you missing a using directive or an assembly reference?)
107>D:\Work\IOS-IG-SimHost-FDP-2\Hrot\Subsystems\Blueprints\Hrot.Blueprints.Tests\TestEventDefinitions.cs(11,12,11,18): error CS0246: The type or namespace name 'Entity' could not be found (are you missing a using directive or an assembly reference?)
107>D:\Work\IOS-IG-SimHost-FDP-2\Hrot\Subsystems\Blueprints\Hrot.Blueprints.Tests\HotReload\WhenNodeHotReloadTests.cs(55,79,55,97): error CS0246: The type or namespace name 'SearchPredicateDto' could not be found (are you missing a using directive or an assembly reference?)
107>D:\Work\IOS-IG-SimHost-FDP-2\Hrot\Subsystems\Blueprints\Hrot.Blueprints.Tests\HotReload\WhenNodeHotReloadTests.cs(55,21,55,37): error CS0246: The type or namespace name 'EntityRepository' could not be found (are you missing a using directive or an assembly reference?)
107>D:\Work\IOS-IG-SimHost-FDP-2\Hrot\Subsystems\Blueprints\Hrot.Blueprints.Tests\HotReload\WhenNodeHotReloadTests.cs(55,39,55,45): error CS0246: The type or namespace name 'Entity' could not be found (are you missing a using directive or an assembly reference?)
107>D:\Work\IOS-IG-SimHost-FDP-2\Hrot\Subsystems\Blueprints\Hrot.Blueprints.Tests\Editor\SpawnEqsSensorNodeDrawerTests.cs(8,60,8,76): error CS0246: The type or namespace name 'EqsTemplateEntry' could not be found (are you missing a using directive or an assembly reference?)
107>D:\Work\IOS-IG-SimHost-FDP-2\Hrot\Subsystems\Blueprints\Hrot.Blueprints.Tests\Editor\SpawnEqsSensorNodeDrawerTests.cs(8,20,8,39): error CS0246: The type or namespace name 'EqsTemplateRegistry' could not be found (are you missing a using directive or an assembly reference?)
107>D:\Work\IOS-IG-SimHost-FDP-2\Hrot\Subsystems\Blueprints\Hrot.Blueprints.Tests\Editor\PlayMontageChainNodeDrawerTests.cs(41,31,41,44): error CS0246: The type or namespace name 'MontageDefDto' could not be found (are you missing a using directive or an assembly reference?)
107>D:\Work\IOS-IG-SimHost-FDP-2\Hrot\Subsystems\Blueprints\Hrot.Blueprints.Tests\Mocks\MockEntityCommandBuffer.cs(148,22,148,38): error CS0246: The type or namespace name 'EntityRepository' could not be found (are you missing a using directive or an assembly reference?)
107>D:\Work\IOS-IG-SimHost-FDP-2\Hrot\Subsystems\Blueprints\Hrot.Blueprints.Tests\Mocks\MockEntityCommandBuffer.cs(132,36,132,42): error CS0246: The type or namespace name 'Entity' could not be found (are you missing a using directive or an assembly reference?)
107>D:\Work\IOS-IG-SimHost-FDP-2\Hrot\Subsystems\Blueprints\Hrot.Blueprints.Tests\Mocks\MockEntityCommandBuffer.cs(132,51,132,66): error CS0246: The type or namespace name 'EntityLifecycle' could not be found (are you missing a using directive or an assembly reference?)
107>D:\Work\IOS-IG-SimHost-FDP-2\Hrot\Subsystems\Blueprints\Hrot.Blueprints.Tests\Compiler\Stage5_ScheduleTests\GoldenIrTests.cs(27,21,27,28): error CS0246: The type or namespace name 'IrAsset' could not be found (are you missing a using directive or an assembly reference?)
107>D:\Work\IOS-IG-SimHost-FDP-2\Hrot\Subsystems\Blueprints\Hrot.Blueprints.Tests\Compiler\Stage5_ScheduleTests\GoldenIrTests.cs(27,33,27,47): error CS0246: The type or namespace name 'DiagnosticSink' could not be found (are you missing a using directive or an assembly reference?)
107>D:\Work\IOS-IG-SimHost-FDP-2\Hrot\Subsystems\Blueprints\Hrot.Blueprints.Tests\Editor\SpawnEqsSensorNodeDrawerTests.cs(15,20,15,38): error CS0246: The type or namespace name 'SpawnEqsSensorNode' could not be found (are you missing a using directive or an assembly reference?)
107>D:\Work\IOS-IG-SimHost-FDP-2\Hrot\Subsystems\Blueprints\Hrot.Blueprints.Tests\Debug\BreakpointTests.cs(32,62,32,77): error CS0246: The type or namespace name 'ISimulationView' could not be found (are you missing a using directive or an assembly reference?)
107>D:\Work\IOS-IG-SimHost-FDP-2\Hrot\Subsystems\Blueprints\Hrot.Blueprints.Tests\Debug\BreakpointTests.cs(32,20,32,41): error CS0246: The type or namespace name 'BlueprintDebugSession' could not be found (are you missing a using directive or an assembly reference?)
107>D:\Work\IOS-IG-SimHost-FDP-2\Hrot\Subsystems\Blueprints\Hrot.Blueprints.Tests\Editor\PlayMontageChainNodeDrawerTests.cs(43,54,43,67): error CS0246: The type or namespace name 'MontageDefDto' could not be found (are you missing a using directive or an assembly reference?)
107>D:\Work\IOS-IG-SimHost-FDP-2\Hrot\Subsystems\Blueprints\Hrot.Blueprints.Tests\Compiler\Stage5_ScheduleTests\GoldenIrTests.cs(224,64,224,68): error CS0234: The type or namespace name 'Core' does not exist in the namespace 'Hrot.Blueprints' (are you missing an assembly reference?)
107>D:\Work\IOS-IG-SimHost-FDP-2\Hrot\Subsystems\Blueprints\Hrot.Blueprints.Tests\HotReload\WhenNodeHotReloadTests.cs(59,13,59,31): error CS0246: The type or namespace name 'SearchPredicateDto' could not be found (are you missing a using directive or an assembly reference?)
107>D:\Work\IOS-IG-SimHost-FDP-2\Hrot\Subsystems\Blueprints\Hrot.Blueprints.Tests\Editor\WhenNodeDrawerTests.cs(33,20,33,34): error CS0246: The type or namespace name 'WhenNodeDrawer' could not be found (are you missing a using directive or an assembly reference?)
107>D:\Work\IOS-IG-SimHost-FDP-2\Hrot\Subsystems\Blueprints\Hrot.Blueprints.Tests\Compiler\Stage5_ScheduleTests\LatentBlockSplitTests.cs(121,25,121,29): error CS0234: The type or namespace name 'Core' does not exist in the namespace 'Hrot.Blueprints' (are you missing an assembly reference?)
107>D:\Work\IOS-IG-SimHost-FDP-2\Hrot\Subsystems\Blueprints\Hrot.Blueprints.Tests\Compiler\Stage5_ScheduleTests\LatentBlockSplitTests.cs(120,21,120,28): error CS0246: The type or namespace name 'IrAsset' could not be found (are you missing a using directive or an assembly reference?)
107>D:\Work\IOS-IG-SimHost-FDP-2\Hrot\Subsystems\Blueprints\Hrot.Blueprints.Tests\Compiler\Stage5_ScheduleTests\LatentBlockSplitTests.cs(120,33,120,47): error CS0246: The type or namespace name 'DiagnosticSink' could not be found (are you missing a using directive or an assembly reference?)
107>D:\Work\IOS-IG-SimHost-FDP-2\Hrot\Subsystems\Blueprints\Hrot.Blueprints.Tests\Mocks\MockEntityCommandBuffer.cs(151,36,151,52): error CS0246: The type or namespace name 'EntityRepository' could not be found (are you missing a using directive or an assembly reference?)
107>D:\Work\IOS-IG-SimHost-FDP-2\Hrot\Subsystems\Blueprints\Hrot.Blueprints.Tests\Editor\PlayMontageChainNodeDrawerTests.cs(48,30,48,43): error CS0246: The type or namespace name 'MontageDefDto' could not be found (are you missing a using directive or an assembly reference?)
107>D:\Work\IOS-IG-SimHost-FDP-2\Hrot\Subsystems\Blueprints\Hrot.Blueprints.Tests\Editor\WhenNodeDrawerTests.cs(39,20,39,34): error CS0246: The type or namespace name 'BlueprintAsset' could not be found (are you missing a using directive or an assembly reference?)
107>D:\Work\IOS-IG-SimHost-FDP-2\Hrot\Subsystems\Blueprints\Hrot.Blueprints.Tests\Compiler\Stage6_LoweringTests\ChannelCommandLoweringTests.cs(15,25,15,29): error CS0234: The type or namespace name 'Core' does not exist in the namespace 'Hrot.Blueprints' (are you missing an assembly reference?)
107>D:\Work\IOS-IG-SimHost-FDP-2\Hrot\Subsystems\Blueprints\Hrot.Blueprints.Tests\Compiler\Stage6_LoweringTests\ChannelCommandLoweringTests.cs(15,59,15,73): error CS0246: The type or namespace name 'DiagnosticSink' could not be found (are you missing a using directive or an assembly reference?)
107>D:\Work\IOS-IG-SimHost-FDP-2\Hrot\Subsystems\Blueprints\Hrot.Blueprints.Tests\Compiler\Stage6_LoweringTests\ChannelCommandLoweringTests.cs(14,20,14,27): error CS0246: The type or namespace name 'IrAsset' could not be found (are you missing a using directive or an assembly reference?)
107>D:\Work\IOS-IG-SimHost-FDP-2\Hrot\Subsystems\Blueprints\Hrot.Blueprints.Tests\Debug\BreakpointTests.cs(35,79,35,92): error CS0246: The type or namespace name 'DebugMapEntry' could not be found (are you missing a using directive or an assembly reference?)
107>D:\Work\IOS-IG-SimHost-FDP-2\Hrot\Subsystems\Blueprints\Hrot.Blueprints.Tests\Debug\BreakpointTests.cs(35,20,35,28): error CS0246: The type or namespace name 'DebugMap' could not be found (are you missing a using directive or an assembly reference?)
107>D:\Work\IOS-IG-SimHost-FDP-2\Hrot\Subsystems\Blueprints\Hrot.Blueprints.Tests\HotReload\WhenNodeHotReloadTests.cs(296,50,296,69): error CS0246: The type or namespace name 'IEqsTemplateCatalog' could not be found (are you missing a using directive or an assembly reference?)
107>D:\Work\IOS-IG-SimHost-FDP-2\Hrot\Subsystems\Blueprints\Hrot.Blueprints.Tests\TestHarness\FixtureHelperAndHsmInvokeTests.cs(112,20,112,34): error CS0246: The type or namespace name 'CompileOptions' could not be found (are you missing a using directive or an assembly reference?)
107>D:\Work\IOS-IG-SimHost-FDP-2\Hrot\Subsystems\Blueprints\Hrot.Blueprints.Tests\Editor\PlayMontageChainNodeDrawerTests.cs(49,16,49,29): error CS0246: The type or namespace name 'MontageDefDto' could not be found (are you missing a using directive or an assembly reference?)
107>D:\Work\IOS-IG-SimHost-FDP-2\Hrot\Subsystems\Blueprints\Hrot.Blueprints.Tests\Mocks\MockEntityCommandBuffer.cs(163,28,163,44): error CS0246: The type or namespace name 'EntityRepository' could not be found (are you missing a using directive or an assembly reference?)
107>D:\Work\IOS-IG-SimHost-FDP-2\Hrot\Subsystems\Blueprints\Hrot.Blueprints.Tests\Editor\WhenNodeDrawerTests.cs(10,47,10,69): error CS0246: The type or namespace name 'IChannelCommandCatalog' could not be found (are you missing a using directive or an assembly reference?)
107>D:\Work\IOS-IG-SimHost-FDP-2\Hrot\Subsystems\Blueprints\Hrot.Blueprints.Tests\Runtime\BlueprintTickSystem\PhaseOrderingTests.cs(69,27,69,42): error CS0246: The type or namespace name 'ISimulationView' could not be found (are you missing a using directive or an assembly reference?)
107>D:\Work\IOS-IG-SimHost-FDP-2\Hrot\Subsystems\Blueprints\Hrot.Blueprints.Tests\Runtime\BlueprintTickSystem\PhaseOrderingTests.cs(69,49,69,69): error CS0246: The type or namespace name 'IEntityCommandBuffer' could not be found (are you missing a using directive or an assembly reference?)
107>D:\Work\IOS-IG-SimHost-FDP-2\Hrot\Subsystems\Blueprints\Hrot.Blueprints.Tests\Runtime\BlueprintTickSystem\PhaseOrderingTests.cs(70,9,70,15): error CS0246: The type or namespace name 'Entity' could not be found (are you missing a using directive or an assembly reference?)
107>D:\Work\IOS-IG-SimHost-FDP-2\Hrot\Subsystems\Blueprints\Hrot.Blueprints.Tests\Editor\PlayMontageChainNodeDrawerTests.cs(51,30,51,38): error CS0246: The type or namespace name 'StanceId' could not be found (are you missing a using directive or an assembly reference?)
107>D:\Work\IOS-IG-SimHost-FDP-2\Hrot\Subsystems\Blueprints\Hrot.Blueprints.Tests\TestHarness\FixtureHelperAndHsmInvokeTests.cs(122,20,122,34): error CS0246: The type or namespace name 'BlueprintAsset' could not be found (are you missing a using directive or an assembly reference?)
107>D:\Work\IOS-IG-SimHost-FDP-2\Hrot\Subsystems\Blueprints\Hrot.Blueprints.Tests\Editor\WhenNodeDrawerTests.cs(12,30,12,56): error CS0246: The type or namespace name 'ChannelCommandCatalogEntry' could not be found (are you missing a using directive or an assembly reference?)
107>D:\Work\IOS-IG-SimHost-FDP-2\Hrot\Subsystems\Blueprints\Hrot.Blueprints.Tests\Debug\BreakpointTests.cs(44,47,44,62): error CS0246: The type or namespace name 'ISimulationView' could not be found (are you missing a using directive or an assembly reference?)
107>D:\Work\IOS-IG-SimHost-FDP-2\Hrot\Subsystems\Blueprints\Hrot.Blueprints.Tests\Editor\PlayMontageChainNodeDrawerTests.cs(53,30,53,48): error CS0246: The type or namespace name 'NotifyMarkerDefDto' could not be found (are you missing a using directive or an assembly reference?)
107>D:\Work\IOS-IG-SimHost-FDP-2\Hrot\Subsystems\Blueprints\Hrot.Blueprints.Tests\Mocks\MockEntityCommandBuffer.cs(172,12,172,18): error CS0246: The type or namespace name 'Entity' could not be found (are you missing a using directive or an assembly reference?)
107>D:\Work\IOS-IG-SimHost-FDP-2\Hrot\Subsystems\Blueprints\Hrot.Blueprints.Tests\Editor\WhenNodeDrawerTests.cs(14,45,14,64): error CS0246: The type or namespace name 'IEngineEventCatalog' could not be found (are you missing a using directive or an assembly reference?)
107>D:\Work\IOS-IG-SimHost-FDP-2\Hrot\Subsystems\Blueprints\Hrot.Blueprints.Tests\Editor\PlayMontageChainNodeDrawerTests.cs(868,63,868,67): error CS0234: The type or namespace name 'Core' does not exist in the namespace 'Hrot.Blueprints' (are you missing an assembly reference?)
107>D:\Work\IOS-IG-SimHost-FDP-2\Hrot\Subsystems\Blueprints\Hrot.Blueprints.Tests\Compiler\Stage6_LoweringTests\DebugProbeInsertionTests.cs(14,66,14,80): error CS0246: The type or namespace name 'DiagnosticSink' could not be found (are you missing a using directive or an assembly reference?)
107>D:\Work\IOS-IG-SimHost-FDP-2\Hrot\Subsystems\Blueprints\Hrot.Blueprints.Tests\Compiler\Stage6_LoweringTests\DebugProbeInsertionTests.cs(14,20,14,27): error CS0246: The type or namespace name 'IrAsset' could not be found (are you missing a using directive or an assembly reference?)
107>D:\Work\IOS-IG-SimHost-FDP-2\Hrot\Subsystems\Blueprints\Hrot.Blueprints.Tests\Editor\PlayMontageChainNodeDrawerTests.cs(870,46,870,50): error CS0234: The type or namespace name 'Core' does not exist in the namespace 'Hrot.Blueprints' (are you missing an assembly reference?)
107>D:\Work\IOS-IG-SimHost-FDP-2\Hrot\Subsystems\Blueprints\Hrot.Blueprints.Tests\Mocks\MockEntityCommandBuffer.cs(180,31,180,37): error CS0246: The type or namespace name 'Entity' could not be found (are you missing a using directive or an assembly reference?)
107>D:\Work\IOS-IG-SimHost-FDP-2\Hrot\Subsystems\Blueprints\Hrot.Blueprints.Tests\Mocks\MockSimulationView.cs(14,42,14,57): error CS0246: The type or namespace name 'ISimulationView' could not be found (are you missing a using directive or an assembly reference?)
107>D:\Work\IOS-IG-SimHost-FDP-2\Hrot\Subsystems\Blueprints\Hrot.Blueprints.Tests\Editor\PlayMontageChainNodeDrawerTests.cs(873,61,873,65): error CS0234: The type or namespace name 'Core' does not exist in the namespace 'Hrot.Blueprints' (are you missing an assembly reference?)
107>D:\Work\IOS-IG-SimHost-FDP-2\Hrot\Subsystems\Blueprints\Hrot.Blueprints.Tests\Editor\WhenNodeDrawerTests.cs(16,30,16,53): error CS0246: The type or namespace name 'EngineEventCatalogEntry' could not be found (are you missing a using directive or an assembly reference?)
107>D:\Work\IOS-IG-SimHost-FDP-2\Hrot\Subsystems\Blueprints\Hrot.Blueprints.Tests\Debug\BreakpointTests.cs(48,49,48,55): error CS0246: The type or namespace name 'Entity' could not be found (are you missing a using directive or an assembly reference?)
107>D:\Work\IOS-IG-SimHost-FDP-2\Hrot\Subsystems\Blueprints\Hrot.Blueprints.Tests\Editor\PlayMontageChainNodeDrawerTests.cs(875,46,875,50): error CS0234: The type or namespace name 'Core' does not exist in the namespace 'Hrot.Blueprints' (are you missing an assembly reference?)
107>D:\Work\IOS-IG-SimHost-FDP-2\Hrot\Subsystems\Blueprints\Hrot.Blueprints.Tests\Editor\WhenNodeDrawerTests.cs(18,44,18,56): error CS0246: The type or namespace name 'IEditService' could not be found (are you missing a using directive or an assembly reference?)
107>D:\Work\IOS-IG-SimHost-FDP-2\Hrot\Subsystems\Blueprints\Hrot.Blueprints.Tests\Mocks\MockEntityCommandBuffer.cs(183,33,183,39): error CS0246: The type or namespace name 'Entity' could not be found (are you missing a using directive or an assembly reference?)
107>D:\Work\IOS-IG-SimHost-FDP-2\Hrot\Subsystems\Blueprints\Hrot.Blueprints.Tests\Editor\PlayMontageChainNodeDrawerTests.cs(878,50,878,53): error CS0246: The type or namespace name 'Fdp' could not be found (are you missing a using directive or an assembly reference?)
107>D:\Work\IOS-IG-SimHost-FDP-2\Hrot\Subsystems\Blueprints\Hrot.Blueprints.Tests\Debug\BreakpointTests.cs(50,43,50,49): error CS0246: The type or namespace name 'Entity' could not be found (are you missing a using directive or an assembly reference?)
107>D:\Work\IOS-IG-SimHost-FDP-2\Hrot\Subsystems\Blueprints\Hrot.Blueprints.Tests\Compiler\Stage6_LoweringTests\InstanceLoweringTests.cs(15,25,15,29): error CS0234: The type or namespace name 'Core' does not exist in the namespace 'Hrot.Blueprints' (are you missing an assembly reference?)
107>D:\Work\IOS-IG-SimHost-FDP-2\Hrot\Subsystems\Blueprints\Hrot.Blueprints.Tests\Compiler\Stage6_LoweringTests\InstanceLoweringTests.cs(15,59,15,73): error CS0246: The type or namespace name 'DiagnosticSink' could not be found (are you missing a using directive or an assembly reference?)
107>D:\Work\IOS-IG-SimHost-FDP-2\Hrot\Subsystems\Blueprints\Hrot.Blueprints.Tests\Compiler\Stage6_LoweringTests\InstanceLoweringTests.cs(14,20,14,27): error CS0246: The type or namespace name 'IrAsset' could not be found (are you missing a using directive or an assembly reference?)
107>D:\Work\IOS-IG-SimHost-FDP-2\Hrot\Subsystems\Blueprints\Hrot.Blueprints.Tests\Editor\WhenNodeDrawerTests.cs(20,31,20,45): error CS0246: The type or namespace name 'BlueprintAsset' could not be found (are you missing a using directive or an assembly reference?)
107>D:\Work\IOS-IG-SimHost-FDP-2\Hrot\Subsystems\Blueprints\Hrot.Blueprints.Tests\Compiler\Stage6_LoweringTests\AiPrimitiveLoweringTests.cs(15,25,15,29): error CS0234: The type or namespace name 'Core' does not exist in the namespace 'Hrot.Blueprints' (are you missing an assembly reference?)
107>D:\Work\IOS-IG-SimHost-FDP-2\Hrot\Subsystems\Blueprints\Hrot.Blueprints.Tests\Compiler\Stage6_LoweringTests\AiPrimitiveLoweringTests.cs(15,59,15,73): error CS0246: The type or namespace name 'DiagnosticSink' could not be found (are you missing a using directive or an assembly reference?)
107>D:\Work\IOS-IG-SimHost-FDP-2\Hrot\Subsystems\Blueprints\Hrot.Blueprints.Tests\Compiler\Stage6_LoweringTests\AiPrimitiveLoweringTests.cs(14,20,14,27): error CS0246: The type or namespace name 'IrAsset' could not be found (are you missing a using directive or an assembly reference?)
107>D:\Work\IOS-IG-SimHost-FDP-2\Hrot\Subsystems\Blueprints\Hrot.Blueprints.Tests\Debug\BreakpointTests.cs(52,29,52,35): error CS0246: The type or namespace name 'Entity' could not be found (are you missing a using directive or an assembly reference?)
107>D:\Work\IOS-IG-SimHost-FDP-2\Hrot\Subsystems\Blueprints\Hrot.Blueprints.Tests\Mocks\MockEntityCommandBuffer.cs(186,33,186,39): error CS0246: The type or namespace name 'Entity' could not be found (are you missing a using directive or an assembly reference?)
107>D:\Work\IOS-IG-SimHost-FDP-2\Hrot\Subsystems\Blueprints\Hrot.Blueprints.Tests\Mocks\MockSimulationView.cs(16,22,16,38): error CS0246: The type or namespace name 'EntityRepository' could not be found (are you missing a using directive or an assembly reference?)
107>D:\Work\IOS-IG-SimHost-FDP-2\Hrot\Subsystems\Blueprints\Hrot.Blueprints.Tests\Editor\WhenNodeDrawerTests.cs(22,50,22,53): error CS0246: The type or namespace name 'Fdp' could not be found (are you missing a using directive or an assembly reference?)
107>D:\Work\IOS-IG-SimHost-FDP-2\Hrot\Subsystems\Blueprints\Hrot.Blueprints.Tests\Debug\DebugMapExtensionTests.cs(280,20,280,26): error CS0246: The type or namespace name 'Entity' could not be found (are you missing a using directive or an assembly reference?)
107>D:\Work\IOS-IG-SimHost-FDP-2\Hrot\Subsystems\Blueprints\Hrot.Blueprints.Tests\Runtime\BlueprintTickSystem\ReloadLogSinkTests.cs(16,36,16,50): error CS0246: The type or namespace name 'IReloadLogSink' could not be found (are you missing a using directive or an assembly reference?)
107>D:\Work\IOS-IG-SimHost-FDP-2\Hrot\Subsystems\Blueprints\Hrot.Blueprints.Tests\Compiler\Stage6_LoweringTests\LibraryLoweringTests.cs(16,25,16,29): error CS0234: The type or namespace name 'Core' does not exist in the namespace 'Hrot.Blueprints' (are you missing an assembly reference?)
107>D:\Work\IOS-IG-SimHost-FDP-2\Hrot\Subsystems\Blueprints\Hrot.Blueprints.Tests\Compiler\Stage6_LoweringTests\LibraryLoweringTests.cs(16,59,16,73): error CS0246: The type or namespace name 'DiagnosticSink' could not be found (are you missing a using directive or an assembly reference?)
107>D:\Work\IOS-IG-SimHost-FDP-2\Hrot\Subsystems\Blueprints\Hrot.Blueprints.Tests\Compiler\Stage6_LoweringTests\LibraryLoweringTests.cs(15,20,15,27): error CS0246: The type or namespace name 'IrAsset' could not be found (are you missing a using directive or an assembly reference?)
107>D:\Work\IOS-IG-SimHost-FDP-2\Hrot\Subsystems\Blueprints\Hrot.Blueprints.Tests\Debug\BreakpointTests.cs(53,37,53,43): error CS0246: The type or namespace name 'Entity' could not be found (are you missing a using directive or an assembly reference?)
107>D:\Work\IOS-IG-SimHost-FDP-2\Hrot\Subsystems\Blueprints\Hrot.Blueprints.Tests\Mocks\MockEntityCommandBuffer.cs(189,36,189,42): error CS0246: The type or namespace name 'Entity' could not be found (are you missing a using directive or an assembly reference?)
107>D:\Work\IOS-IG-SimHost-FDP-2\Hrot\Subsystems\Blueprints\Hrot.Blueprints.Tests\Mocks\MockSimulationView.cs(17,22,17,42): error CS0246: The type or namespace name 'IEntityCommandBuffer' could not be found (are you missing a using directive or an assembly reference?)
107>D:\Work\IOS-IG-SimHost-FDP-2\Hrot\Subsystems\Blueprints\Hrot.Blueprints.Tests\Editor\PlayMontageChainNodeDrawerTests.cs(881,13,881,16): error CS0246: The type or namespace name 'Fdp' could not be found (are you missing a using directive or an assembly reference?)
107>D:\Work\IOS-IG-SimHost-FDP-2\Hrot\Subsystems\Blueprints\Hrot.Blueprints.Tests\Editor\PlayMontageChainNodeDrawerTests.cs(880,21,880,24): error CS0246: The type or namespace name 'Fdp' could not be found (are you missing a using directive or an assembly reference?)
107>D:\Work\IOS-IG-SimHost-FDP-2\Hrot\Subsystems\Blueprints\Hrot.Blueprints.Tests\Editor\PlayMontageChainNodeDrawerTests.cs(880,48,880,51): error CS0246: The type or namespace name 'Fdp' could not be found (are you missing a using directive or an assembly reference?)
107>D:\Work\IOS-IG-SimHost-FDP-2\Hrot\Subsystems\Blueprints\Hrot.Blueprints.Tests\Debug\DebugMapExtensionTests.cs(281,20,281,26): error CS0246: The type or namespace name 'Entity' could not be found (are you missing a using directive or an assembly reference?)
107>D:\Work\IOS-IG-SimHost-FDP-2\Hrot\Subsystems\Blueprints\Hrot.Blueprints.Tests\Debug\BreakpointTests.cs(54,44,54,50): error CS0246: The type or namespace name 'Entity' could not be found (are you missing a using directive or an assembly reference?)
107>D:\Work\IOS-IG-SimHost-FDP-2\Hrot\Subsystems\Blueprints\Hrot.Blueprints.Tests\Mocks\MockEntityCommandBuffer.cs(192,40,192,46): error CS0246: The type or namespace name 'Entity' could not be found (are you missing a using directive or an assembly reference?)
107>D:\Work\IOS-IG-SimHost-FDP-2\Hrot\Subsystems\Blueprints\Hrot.Blueprints.Tests\Debug\DebugMapExtensionTests.cs(430,20,430,26): error CS0246: The type or namespace name 'Entity' could not be found (are you missing a using directive or an assembly reference?)
107>D:\Work\IOS-IG-SimHost-FDP-2\Hrot\Subsystems\Blueprints\Hrot.Blueprints.Tests\Editor\PlayMontageChainNodeDrawerTests.cs(885,13,885,16): error CS0246: The type or namespace name 'Fdp' could not be found (are you missing a using directive or an assembly reference?)
107>D:\Work\IOS-IG-SimHost-FDP-2\Hrot\Subsystems\Blueprints\Hrot.Blueprints.Tests\Compiler\Stage6_LoweringTests\ReadEqsResultLoweringTests.cs(13,20,13,34): error CS0246: The type or namespace name 'CompileOptions' could not be found (are you missing a using directive or an assembly reference?)
107>D:\Work\IOS-IG-SimHost-FDP-2\Hrot\Subsystems\Blueprints\Hrot.Blueprints.Tests\Compiler\Stage7_EmitTests\AiPrimitiveEmitGoldenTests.cs(13,20,13,34): error CS0246: The type or namespace name 'CompileOptions' could not be found (are you missing a using directive or an assembly reference?)
107>D:\Work\IOS-IG-SimHost-FDP-2\Hrot\Subsystems\Blueprints\Hrot.Blueprints.Tests\Debug\BreakpointTests.cs(56,16,56,28): error CS0246: The type or namespace name 'QueryBuilder' could not be found (are you missing a using directive or an assembly reference?)
107>D:\Work\IOS-IG-SimHost-FDP-2\Hrot\Subsystems\Blueprints\Hrot.Blueprints.Tests\Runtime\BlueprintTickSystem\ReloadLogSinkTests.cs(24,50,24,56): error CS0246: The type or namespace name 'Entity' could not be found (are you missing a using directive or an assembly reference?)
107>D:\Work\IOS-IG-SimHost-FDP-2\Hrot\Subsystems\Blueprints\Hrot.Blueprints.Tests\Editor\WhenNodeDrawerTests.cs(25,13,25,16): error CS0246: The type or namespace name 'Fdp' could not be found (are you missing a using directive or an assembly reference?)
107>D:\Work\IOS-IG-SimHost-FDP-2\Hrot\Subsystems\Blueprints\Hrot.Blueprints.Tests\Editor\WhenNodeDrawerTests.cs(24,21,24,24): error CS0246: The type or namespace name 'Fdp' could not be found (are you missing a using directive or an assembly reference?)
107>D:\Work\IOS-IG-SimHost-FDP-2\Hrot\Subsystems\Blueprints\Hrot.Blueprints.Tests\Editor\WhenNodeDrawerTests.cs(24,48,24,51): error CS0246: The type or namespace name 'Fdp' could not be found (are you missing a using directive or an assembly reference?)
107>D:\Work\IOS-IG-SimHost-FDP-2\Hrot\Subsystems\Blueprints\Hrot.Blueprints.Tests\Compiler\Stage6_LoweringTests\WhenNodeEqsLoweringTests.cs(13,20,13,34): error CS0246: The type or namespace name 'CompileOptions' could not be found (are you missing a using directive or an assembly reference?)
107>D:\Work\IOS-IG-SimHost-FDP-2\Hrot\Subsystems\Blueprints\Hrot.Blueprints.Tests\Mocks\MockEntityCommandBuffer.cs(195,40,195,46): error CS0246: The type or namespace name 'Entity' could not be found (are you missing a using directive or an assembly reference?)
107>D:\Work\IOS-IG-SimHost-FDP-2\Hrot\Subsystems\Blueprints\Hrot.Blueprints.Tests\Debug\DebugMapExtensionTests.cs(283,54,283,69): error CS0246: The type or namespace name 'ISimulationView' could not be found (are you missing a using directive or an assembly reference?)
107>D:\Work\IOS-IG-SimHost-FDP-2\Hrot\Subsystems\Blueprints\Hrot.Blueprints.Tests\Debug\DebugMapExtensionTests.cs(283,20,283,41): error CS0246: The type or namespace name 'BlueprintDebugSession' could not be found (are you missing a using directive or an assembly reference?)
107>D:\Work\IOS-IG-SimHost-FDP-2\Hrot\Subsystems\Blueprints\Hrot.Blueprints.Tests\Debug\DebugMapExtensionTests.cs(432,20,432,41): error CS0246: The type or namespace name 'BlueprintDebugSession' could not be found (are you missing a using directive or an assembly reference?)
107>D:\Work\IOS-IG-SimHost-FDP-2\Hrot\Subsystems\Blueprints\Hrot.Blueprints.Tests\Runtime\BlueprintTickSystem\ReloadLogSinkTests.cs(27,51,27,57): error CS0246: The type or namespace name 'Entity' could not be found (are you missing a using directive or an assembly reference?)
107>D:\Work\IOS-IG-SimHost-FDP-2\Hrot\Subsystems\Blueprints\Hrot.Blueprints.Tests\Debug\BreakpointTests.cs(59,16,59,36): error CS0246: The type or namespace name 'IEntityCommandBuffer' could not be found (are you missing a using directive or an assembly reference?)
107>D:\Work\IOS-IG-SimHost-FDP-2\Hrot\Subsystems\Blueprints\Hrot.Blueprints.Tests\Compiler\Stage7_EmitTests\AiPrimitiveEmitGoldenTests.cs(45,33,45,47): error CS0246: The type or namespace name 'DiagnosticSink' could not be found (are you missing a using directive or an assembly reference?)
107>D:\Work\IOS-IG-SimHost-FDP-2\Hrot\Subsystems\Blueprints\Hrot.Blueprints.Tests\Editor\WhenNodeDrawerTests.cs(29,13,29,16): error CS0246: The type or namespace name 'Fdp' could not be found (are you missing a using directive or an assembly reference?)
107>D:\Work\IOS-IG-SimHost-FDP-2\Hrot\Subsystems\Blueprints\Hrot.Blueprints.Tests\Mocks\MockSimulationView.cs(23,31,23,47): error CS0246: The type or namespace name 'EntityRepository' could not be found (are you missing a using directive or an assembly reference?)
107>D:\Work\IOS-IG-SimHost-FDP-2\Hrot\Subsystems\Blueprints\Hrot.Blueprints.Tests\Mocks\MockSimulationView.cs(23,54,23,74): error CS0246: The type or namespace name 'IEntityCommandBuffer' could not be found (are you missing a using directive or an assembly reference?)
107>D:\Work\IOS-IG-SimHost-FDP-2\Hrot\Subsystems\Blueprints\Hrot.Blueprints.Tests\Mocks\MockEntityCommandBuffer.cs(198,43,198,49): error CS0246: The type or namespace name 'Entity' could not be found (are you missing a using directive or an assembly reference?)
107>D:\Work\IOS-IG-SimHost-FDP-2\Hrot\Subsystems\Blueprints\Hrot.Blueprints.Tests\Debug\DebugMapExtensionTests.cs(289,20,289,28): error CS0246: The type or namespace name 'DebugMap' could not be found (are you missing a using directive or an assembly reference?)
107>D:\Work\IOS-IG-SimHost-FDP-2\Hrot\Subsystems\Blueprints\Hrot.Blueprints.Tests\Debug\BreakpointTests.cs(63,55,63,70): error CS0246: The type or namespace name 'ISimulationView' could not be found (are you missing a using directive or an assembly reference?)
107>D:\Work\IOS-IG-SimHost-FDP-2\Hrot\Subsystems\Blueprints\Hrot.Blueprints.Tests\Debug\DebugMapExtensionTests.cs(438,47,438,62): error CS0246: The type or namespace name 'ISimulationView' could not be found (are you missing a using directive or an assembly reference?)
107>D:\Work\IOS-IG-SimHost-FDP-2\Hrot\Subsystems\Blueprints\Hrot.Blueprints.Tests\Debug\DebugMapExtensionTests.cs(504,20,504,26): error CS0246: The type or namespace name 'Entity' could not be found (are you missing a using directive or an assembly reference?)
107>D:\Work\IOS-IG-SimHost-FDP-2\Hrot\Subsystems\Blueprints\Hrot.Blueprints.Tests\Compiler\Stage6_LoweringTests\ReadEqsResultLoweringTests.cs(23,37,23,51): error CS0246: The type or namespace name 'BlueprintAsset' could not be found (are you missing a using directive or an assembly reference?)
107>D:\Work\IOS-IG-SimHost-FDP-2\Hrot\Subsystems\Blueprints\Hrot.Blueprints.Tests\Compiler\Stage6_LoweringTests\ReadEqsResultLoweringTests.cs(23,59,23,73): error CS0246: The type or namespace name 'DiagnosticSink' could not be found (are you missing a using directive or an assembly reference?)
107>D:\Work\IOS-IG-SimHost-FDP-2\Hrot\Subsystems\Blueprints\Hrot.Blueprints.Tests\Compiler\Stage6_LoweringTests\ReadEqsResultLoweringTests.cs(23,20,23,27): error CS0246: The type or namespace name 'IrAsset' could not be found (are you missing a using directive or an assembly reference?)
107>D:\Work\IOS-IG-SimHost-FDP-2\Hrot\Subsystems\Blueprints\Hrot.Blueprints.Tests\Compiler\Stage7_EmitTests\AiPrimitiveEmitGoldenTests.cs(52,25,52,29): error CS0234: The type or namespace name 'Core' does not exist in the namespace 'Hrot.Blueprints' (are you missing an assembly reference?)
107>D:\Work\IOS-IG-SimHost-FDP-2\Hrot\Subsystems\Blueprints\Hrot.Blueprints.Tests\Compiler\Stage7_EmitTests\AiPrimitiveEmitGoldenTests.cs(51,33,51,47): error CS0246: The type or namespace name 'DiagnosticSink' could not be found (are you missing a using directive or an assembly reference?)
107>D:\Work\IOS-IG-SimHost-FDP-2\Hrot\Subsystems\Blueprints\Hrot.Blueprints.Tests\Compiler\Stage7_EmitTests\BPF016_EventMethodEmitTests.cs(16,20,16,34): error CS0246: The type or namespace name 'CompileOptions' could not be found (are you missing a using directive or an assembly reference?)
107>D:\Work\IOS-IG-SimHost-FDP-2\Hrot\Subsystems\Blueprints\Hrot.Blueprints.Tests\Compiler\Stage6_LoweringTests\WhenNodeEqsLoweringTests.cs(23,37,23,51): error CS0246: The type or namespace name 'BlueprintAsset' could not be found (are you missing a using directive or an assembly reference?)
107>D:\Work\IOS-IG-SimHost-FDP-2\Hrot\Subsystems\Blueprints\Hrot.Blueprints.Tests\Compiler\Stage6_LoweringTests\WhenNodeEqsLoweringTests.cs(23,59,23,73): error CS0246: The type or namespace name 'DiagnosticSink' could not be found (are you missing a using directive or an assembly reference?)
107>D:\Work\IOS-IG-SimHost-FDP-2\Hrot\Subsystems\Blueprints\Hrot.Blueprints.Tests\Compiler\Stage6_LoweringTests\WhenNodeEqsLoweringTests.cs(23,20,23,27): error CS0246: The type or namespace name 'IrAsset' could not be found (are you missing a using directive or an assembly reference?)
107>D:\Work\IOS-IG-SimHost-FDP-2\Hrot\Subsystems\Blueprints\Hrot.Blueprints.Tests\Mocks\MockEntityCommandBuffer.cs(204,40,204,46): error CS0246: The type or namespace name 'Entity' could not be found (are you missing a using directive or an assembly reference?)
107>D:\Work\IOS-IG-SimHost-FDP-2\Hrot\Subsystems\Blueprints\Hrot.Blueprints.Tests\Compiler\Stage6_LoweringTests\ReadEqsResultLoweringTests.cs(36,36,36,50): error CS0246: The type or namespace name 'BlueprintAsset' could not be found (are you missing a using directive or an assembly reference?)
107>D:\Work\IOS-IG-SimHost-FDP-2\Hrot\Subsystems\Blueprints\Hrot.Blueprints.Tests\Debug\DebugMapTests.cs(23,20,23,26): error CS0246: The type or namespace name 'Entity' could not be found (are you missing a using directive or an assembly reference?)
107>D:\Work\IOS-IG-SimHost-FDP-2\Hrot\Subsystems\Blueprints\Hrot.Blueprints.Tests\Runtime\BlueprintTickSystem\ReloadLogSinkTests.cs(18,54,18,60): error CS0246: The type or namespace name 'Entity' could not be found (are you missing a using directive or an assembly reference?)
107>D:\Work\IOS-IG-SimHost-FDP-2\Hrot\Subsystems\Blueprints\Hrot.Blueprints.Tests\Debug\DebugMapExtensionTests.cs(292,47,292,62): error CS0246: The type or namespace name 'ISimulationView' could not be found (are you missing a using directive or an assembly reference?)
107>D:\Work\IOS-IG-SimHost-FDP-2\Hrot\Subsystems\Blueprints\Hrot.Blueprints.Tests\Debug\DebugMapExtensionTests.cs(506,20,506,41): error CS0246: The type or namespace name 'BlueprintDebugSession' could not be found (are you missing a using directive or an assembly reference?)
107>D:\Work\IOS-IG-SimHost-FDP-2\Hrot\Subsystems\Blueprints\Hrot.Blueprints.Tests\Compiler\Stage6_LoweringTests\WhenNodeEqsLoweringTests.cs(36,36,36,50): error CS0246: The type or namespace name 'BlueprintAsset' could not be found (are you missing a using directive or an assembly reference?)
107>D:\Work\IOS-IG-SimHost-FDP-2\Hrot\Subsystems\Blueprints\Hrot.Blueprints.Tests\Mocks\MockSimulationView.cs(44,25,44,31): error CS0246: The type or namespace name 'Entity' could not be found (are you missing a using directive or an assembly reference?)
107>D:\Work\IOS-IG-SimHost-FDP-2\Hrot\Subsystems\Blueprints\Hrot.Blueprints.Tests\Mocks\MockEntityCommandBuffer.cs(207,40,207,46): error CS0246: The type or namespace name 'Entity' could not be found (are you missing a using directive or an assembly reference?)
107>D:\Work\IOS-IG-SimHost-FDP-2\Hrot\Subsystems\Blueprints\Hrot.Blueprints.Tests\Debug\DebugMapExtensionTests.cs(585,20,585,26): error CS0246: The type or namespace name 'Entity' could not be found (are you missing a using directive or an assembly reference?)
107>D:\Work\IOS-IG-SimHost-FDP-2\Hrot\Subsystems\Blueprints\Hrot.Blueprints.Tests\Debug\BreakpointTests.cs(68,49,68,55): error CS0246: The type or namespace name 'Entity' could not be found (are you missing a using directive or an assembly reference?)
107>D:\Work\IOS-IG-SimHost-FDP-2\Hrot\Subsystems\Blueprints\Hrot.Blueprints.Tests\Compiler\Stage6_LoweringTests\ReadEqsResultLoweringTests.cs(54,20,54,34): error CS0246: The type or namespace name 'BlueprintAsset' could not be found (are you missing a using directive or an assembly reference?)
107>D:\Work\IOS-IG-SimHost-FDP-2\Hrot\Subsystems\Blueprints\Hrot.Blueprints.Tests\Debug\DebugMapTests.cs(24,20,24,26): error CS0246: The type or namespace name 'Entity' could not be found (are you missing a using directive or an assembly reference?)
107>D:\Work\IOS-IG-SimHost-FDP-2\Hrot\Subsystems\Blueprints\Hrot.Blueprints.Tests\Compiler\Stage7_EmitTests\BPF020_RaiseCustomEventEmitTests.cs(16,20,16,34): error CS0246: The type or namespace name 'CompileOptions' could not be found (are you missing a using directive or an assembly reference?)
107>D:\Work\IOS-IG-SimHost-FDP-2\Hrot\Subsystems\Blueprints\Hrot.Blueprints.Tests\Compiler\Stage6_LoweringTests\ReadEqsResultLoweringTests.cs(121,20,121,34): error CS0246: The type or namespace name 'BlueprintAsset' could not be found (are you missing a using directive or an assembly reference?)
107>D:\Work\IOS-IG-SimHost-FDP-2\Hrot\Subsystems\Blueprints\Hrot.Blueprints.Tests\Debug\BreakpointTests.cs(70,43,70,49): error CS0246: The type or namespace name 'Entity' could not be found (are you missing a using directive or an assembly reference?)
107>D:\Work\IOS-IG-SimHost-FDP-2\Hrot\Subsystems\Blueprints\Hrot.Blueprints.Tests\Debug\DebugMapExtensionTests.cs(442,49,442,55): error CS0246: The type or namespace name 'Entity' could not be found (are you missing a using directive or an assembly reference?)
107>D:\Work\IOS-IG-SimHost-FDP-2\Hrot\Subsystems\Blueprints\Hrot.Blueprints.Tests\Mocks\MockSimulationView.cs(46,45,46,51): error CS0246: The type or namespace name 'Entity' could not be found (are you missing a using directive or an assembly reference?)
107>D:\Work\IOS-IG-SimHost-FDP-2\Hrot\Subsystems\Blueprints\Hrot.Blueprints.Tests\Debug\DebugMapExtensionTests.cs(509,47,509,62): error CS0246: The type or namespace name 'ISimulationView' could not be found (are you missing a using directive or an assembly reference?)
107>D:\Work\IOS-IG-SimHost-FDP-2\Hrot\Subsystems\Blueprints\Hrot.Blueprints.Tests\Mocks\MockEntityCommandBuffer.cs(210,35,210,41): error CS0246: The type or namespace name 'Entity' could not be found (are you missing a using directive or an assembly reference?)
107>D:\Work\IOS-IG-SimHost-FDP-2\Hrot\Subsystems\Blueprints\Hrot.Blueprints.Tests\Mocks\MockEntityCommandBuffer.cs(210,50,210,65): error CS0246: The type or namespace name 'EntityLifecycle' could not be found (are you missing a using directive or an assembly reference?)
107>D:\Work\IOS-IG-SimHost-FDP-2\Hrot\Subsystems\Blueprints\Hrot.Blueprints.Tests\Debug\DebugMapExtensionTests.cs(296,49,296,55): error CS0246: The type or namespace name 'Entity' could not be found (are you missing a using directive or an assembly reference?)
107>D:\Work\IOS-IG-SimHost-FDP-2\Hrot\Subsystems\Blueprints\Hrot.Blueprints.Tests\Runtime\BlueprintTickSystem\ReloadLogSinkTests.cs(19,55,19,61): error CS0246: The type or namespace name 'Entity' could not be found (are you missing a using directive or an assembly reference?)
107>D:\Work\IOS-IG-SimHost-FDP-2\Hrot\Subsystems\Blueprints\Hrot.Blueprints.Tests\Compiler\Stage6_LoweringTests\ReadEqsResultLoweringTests.cs(191,20,191,34): error CS0246: The type or namespace name 'BlueprintAsset' could not be found (are you missing a using directive or an assembly reference?)
107>D:\Work\IOS-IG-SimHost-FDP-2\Hrot\Subsystems\Blueprints\Hrot.Blueprints.Tests\Compiler\Stage6_LoweringTests\WhenNodeEqsLoweringTests.cs(55,9,55,19): error CS0246: The type or namespace name 'EqsTrigger' could not be found (are you missing a using directive or an assembly reference?)
107>D:\Work\IOS-IG-SimHost-FDP-2\Hrot\Subsystems\Blueprints\Hrot.Blueprints.Tests\Compiler\Stage6_LoweringTests\WhenNodeEqsLoweringTests.cs(57,9,57,17): error CS0246: The type or namespace name 'WhenEdge' could not be found (are you missing a using directive or an assembly reference?)
107>D:\Work\IOS-IG-SimHost-FDP-2\Hrot\Subsystems\Blueprints\Hrot.Blueprints.Tests\Compiler\Stage6_LoweringTests\WhenNodeEqsLoweringTests.cs(53,20,53,28): error CS0246: The type or namespace name 'WhenNode' could not be found (are you missing a using directive or an assembly reference?)
107>D:\Work\IOS-IG-SimHost-FDP-2\Hrot\Subsystems\Blueprints\Hrot.Blueprints.Tests\Debug\BreakpointTests.cs(72,29,72,35): error CS0246: The type or namespace name 'Entity' could not be found (are you missing a using directive or an assembly reference?)
107>D:\Work\IOS-IG-SimHost-FDP-2\Hrot\Subsystems\Blueprints\Hrot.Blueprints.Tests\Debug\DebugMapExtensionTests.cs(587,54,587,71): error CS0246: The type or namespace name 'BlueprintRegistry' could not be found (are you missing a using directive or an assembly reference?)
107>D:\Work\IOS-IG-SimHost-FDP-2\Hrot\Subsystems\Blueprints\Hrot.Blueprints.Tests\Debug\DebugMapExtensionTests.cs(587,20,587,41): error CS0246: The type or namespace name 'BlueprintDebugSession' could not be found (are you missing a using directive or an assembly reference?)
107>D:\Work\IOS-IG-SimHost-FDP-2\Hrot\Subsystems\Blueprints\Hrot.Blueprints.Tests\Mocks\MockSimulationView.cs(49,39,49,45): error CS0246: The type or namespace name 'Entity' could not be found (are you missing a using directive or an assembly reference?)
107>D:\Work\IOS-IG-SimHost-FDP-2\Hrot\Subsystems\Blueprints\Hrot.Blueprints.Tests\Debug\DebugMapTests.cs(28,79,28,92): error CS0246: The type or namespace name 'DebugMapEntry' could not be found (are you missing a using directive or an assembly reference?)
107>D:\Work\IOS-IG-SimHost-FDP-2\Hrot\Subsystems\Blueprints\Hrot.Blueprints.Tests\Debug\DebugMapTests.cs(28,20,28,28): error CS0246: The type or namespace name 'DebugMap' could not be found (are you missing a using directive or an assembly reference?)
107>D:\Work\IOS-IG-SimHost-FDP-2\Hrot\Subsystems\Blueprints\Hrot.Blueprints.Tests\Compiler\Stage7_EmitTests\BPF014_LatentDelayEmitTests.cs(16,20,16,34): error CS0246: The type or namespace name 'CompileOptions' could not be found (are you missing a using directive or an assembly reference?)
107>D:\Work\IOS-IG-SimHost-FDP-2\Hrot\Subsystems\Blueprints\Hrot.Blueprints.Tests\Mocks\MockEntityCommandBuffer.cs(215,38,215,44): error CS0246: The type or namespace name 'Entity' could not be found (are you missing a using directive or an assembly reference?)
107>D:\Work\IOS-IG-SimHost-FDP-2\Hrot\Subsystems\Blueprints\Hrot.Blueprints.Tests\Debug\DebugMapExtensionTests.cs(298,43,298,49): error CS0246: The type or namespace name 'Entity' could not be found (are you missing a using directive or an assembly reference?)
107>D:\Work\IOS-IG-SimHost-FDP-2\Hrot\Subsystems\Blueprints\Hrot.Blueprints.Tests\Debug\BreakpointTests.cs(73,37,73,43): error CS0246: The type or namespace name 'Entity' could not be found (are you missing a using directive or an assembly reference?)
107>D:\Work\IOS-IG-SimHost-FDP-2\Hrot\Subsystems\Blueprints\Hrot.Blueprints.Tests\Debug\DebugMapTests.cs(37,20,37,41): error CS0246: The type or namespace name 'BlueprintDebugSession' could not be found (are you missing a using directive or an assembly reference?)
107>D:\Work\IOS-IG-SimHost-FDP-2\Hrot\Subsystems\Blueprints\Hrot.Blueprints.Tests\Compiler\Stage7_EmitTests\FIX2_002_DebugMapEmitTests.cs(14,20,14,34): error CS0246: The type or namespace name 'CompileOptions' could not be found (are you missing a using directive or an assembly reference?)
107>D:\Work\IOS-IG-SimHost-FDP-2\Hrot\Subsystems\Blueprints\Hrot.Blueprints.Tests\Debug\BreakpointTests.cs(74,44,74,50): error CS0246: The type or namespace name 'Entity' could not be found (are you missing a using directive or an assembly reference?)
107>D:\Work\IOS-IG-SimHost-FDP-2\Hrot\Subsystems\Blueprints\Hrot.Blueprints.Tests\Mocks\MockTestTypes.cs(13,2,13,13): error CS0246: The type or namespace name 'ComponentIdAttribute' could not be found (are you missing a using directive or an assembly reference?)
107>D:\Work\IOS-IG-SimHost-FDP-2\Hrot\Subsystems\Blueprints\Hrot.Blueprints.Tests\Mocks\MockTestTypes.cs(13,2,13,13): error CS0246: The type or namespace name 'ComponentId' could not be found (are you missing a using directive or an assembly reference?)
107>D:\Work\IOS-IG-SimHost-FDP-2\Hrot\Subsystems\Blueprints\Hrot.Blueprints.Tests\Debug\DebugMapExtensionTests.cs(300,29,300,35): error CS0246: The type or namespace name 'Entity' could not be found (are you missing a using directive or an assembly reference?)
107>D:\Work\IOS-IG-SimHost-FDP-2\Hrot\Subsystems\Blueprints\Hrot.Blueprints.Tests\Mocks\MockSimulationView.cs(52,33,52,39): error CS0246: The type or namespace name 'Entity' could not be found (are you missing a using directive or an assembly reference?)
107>D:\Work\IOS-IG-SimHost-FDP-2\Hrot\Subsystems\Blueprints\Hrot.Blueprints.Tests\SchemaReflectionTests.cs(21,24,21,40): error CS0246: The type or namespace name 'FunctionCallNode' could not be found (are you missing a using directive or an assembly reference?)
107>D:\Work\IOS-IG-SimHost-FDP-2\Hrot\Subsystems\Blueprints\Hrot.Blueprints.Tests\SchemaReflectionTests.cs(22,24,22,34): error CS0246: The type or namespace name 'BranchNode' could not be found (are you missing a using directive or an assembly reference?)
107>D:\Work\IOS-IG-SimHost-FDP-2\Hrot\Subsystems\Blueprints\Hrot.Blueprints.Tests\SchemaReflectionTests.cs(23,24,23,36): error CS0246: The type or namespace name 'SequenceNode' could not be found (are you missing a using directive or an assembly reference?)
107>D:\Work\IOS-IG-SimHost-FDP-2\Hrot\Subsystems\Blueprints\Hrot.Blueprints.Tests\SchemaReflectionTests.cs(24,24,24,39): error CS0246: The type or namespace name 'GetVariableNode' could not be found (are you missing a using directive or an assembly reference?)
107>D:\Work\IOS-IG-SimHost-FDP-2\Hrot\Subsystems\Blueprints\Hrot.Blueprints.Tests\SchemaReflectionTests.cs(25,24,25,39): error CS0246: The type or namespace name 'SetVariableNode' could not be found (are you missing a using directive or an assembly reference?)
107>D:\Work\IOS-IG-SimHost-FDP-2\Hrot\Subsystems\Blueprints\Hrot.Blueprints.Tests\SchemaReflectionTests.cs(26,24,26,35): error CS0246: The type or namespace name 'LiteralNode' could not be found (are you missing a using directive or an assembly reference?)
107>D:\Work\IOS-IG-SimHost-FDP-2\Hrot\Subsystems\Blueprints\Hrot.Blueprints.Tests\SchemaReflectionTests.cs(27,24,27,38): error CS0246: The type or namespace name 'EventEntryNode' could not be found (are you missing a using directive or an assembly reference?)
107>D:\Work\IOS-IG-SimHost-FDP-2\Hrot\Subsystems\Blueprints\Hrot.Blueprints.Tests\SchemaReflectionTests.cs(28,24,28,34): error CS0246: The type or namespace name 'ReturnNode' could not be found (are you missing a using directive or an assembly reference?)
107>D:\Work\IOS-IG-SimHost-FDP-2\Hrot\Subsystems\Blueprints\Hrot.Blueprints.Tests\SchemaReflectionTests.cs(29,24,29,32): error CS0246: The type or namespace name 'CastNode' could not be found (are you missing a using directive or an assembly reference?)
107>D:\Work\IOS-IG-SimHost-FDP-2\Hrot\Subsystems\Blueprints\Hrot.Blueprints.Tests\SchemaReflectionTests.cs(30,24,30,37): error CS0246: The type or namespace name 'ArrayMakeNode' could not be found (are you missing a using directive or an assembly reference?)
107>D:\Work\IOS-IG-SimHost-FDP-2\Hrot\Subsystems\Blueprints\Hrot.Blueprints.Tests\SchemaReflectionTests.cs(31,24,31,36): error CS0246: The type or namespace name 'ArrayGetNode' could not be found (are you missing a using directive or an assembly reference?)
107>D:\Work\IOS-IG-SimHost-FDP-2\Hrot\Subsystems\Blueprints\Hrot.Blueprints.Tests\SchemaReflectionTests.cs(32,24,32,39): error CS0246: The type or namespace name 'LatentDelayNode' could not be found (are you missing a using directive or an assembly reference?)
107>D:\Work\IOS-IG-SimHost-FDP-2\Hrot\Subsystems\Blueprints\Hrot.Blueprints.Tests\SchemaReflectionTests.cs(33,24,33,47): error CS0246: The type or namespace name 'CallEventDispatcherNode' could not be found (are you missing a using directive or an assembly reference?)
107>D:\Work\IOS-IG-SimHost-FDP-2\Hrot\Subsystems\Blueprints\Hrot.Blueprints.Tests\SchemaReflectionTests.cs(34,24,34,47): error CS0246: The type or namespace name 'BindEventDispatcherNode' could not be found (are you missing a using directive or an assembly reference?)
107>D:\Work\IOS-IG-SimHost-FDP-2\Hrot\Subsystems\Blueprints\Hrot.Blueprints.Tests\SchemaReflectionTests.cs(35,24,35,43): error CS0246: The type or namespace name 'CallCustomEventNode' could not be found (are you missing a using directive or an assembly reference?)
107>D:\Work\IOS-IG-SimHost-FDP-2\Hrot\Subsystems\Blueprints\Hrot.Blueprints.Tests\SchemaReflectionTests.cs(36,24,36,45): error CS0246: The type or namespace name 'CallPeerBlueprintNode' could not be found (are you missing a using directive or an assembly reference?)
107>D:\Work\IOS-IG-SimHost-FDP-2\Hrot\Subsystems\Blueprints\Hrot.Blueprints.Tests\SchemaReflectionTests.cs(37,24,37,42): error CS0246: The type or namespace name 'ChannelCommandNode' could not be found (are you missing a using directive or an assembly reference?)
107>D:\Work\IOS-IG-SimHost-FDP-2\Hrot\Subsystems\Blueprints\Hrot.Blueprints.Tests\SchemaReflectionTests.cs(38,24,38,42): error CS0246: The type or namespace name 'WaitForChannelNode' could not be found (are you missing a using directive or an assembly reference?)
107>D:\Work\IOS-IG-SimHost-FDP-2\Hrot\Subsystems\Blueprints\Hrot.Blueprints.Tests\SchemaReflectionTests.cs(39,24,39,40): error CS0246: The type or namespace name 'WaitForEventNode' could not be found (are you missing a using directive or an assembly reference?)
107>D:\Work\IOS-IG-SimHost-FDP-2\Hrot\Subsystems\Blueprints\Hrot.Blueprints.Tests\SchemaReflectionTests.cs(40,24,40,32): error CS0246: The type or namespace name 'WhenNode' could not be found (are you missing a using directive or an assembly reference?)
107>D:\Work\IOS-IG-SimHost-FDP-2\Hrot\Subsystems\Blueprints\Hrot.Blueprints.Tests\SchemaReflectionTests.cs(41,24,41,41): error CS0246: The type or namespace name 'ReadEqsResultNode' could not be found (are you missing a using directive or an assembly reference?)
107>D:\Work\IOS-IG-SimHost-FDP-2\Hrot\Subsystems\Blueprints\Hrot.Blueprints.Tests\SchemaReflectionTests.cs(42,24,42,42): error CS0246: The type or namespace name 'SpawnEqsSensorNode' could not be found (are you missing a using directive or an assembly reference?)
107>D:\Work\IOS-IG-SimHost-FDP-2\Hrot\Subsystems\Blueprints\Hrot.Blueprints.Tests\Compiler\Stage7_EmitTests\InstanceEmitGoldenTests.cs(13,20,13,34): error CS0246: The type or namespace name 'CompileOptions' could not be found (are you missing a using directive or an assembly reference?)
107>D:\Work\IOS-IG-SimHost-FDP-2\Hrot\Subsystems\Blueprints\Hrot.Blueprints.Tests\Debug\BreakpointTests.cs(76,16,76,28): error CS0246: The type or namespace name 'QueryBuilder' could not be found (are you missing a using directive or an assembly reference?)
107>D:\Work\IOS-IG-SimHost-FDP-2\Hrot\Subsystems\Blueprints\Hrot.Blueprints.Tests\Mocks\MockSimulationView.cs(55,40,55,46): error CS0246: The type or namespace name 'Entity' could not be found (are you missing a using directive or an assembly reference?)
107>D:\Work\IOS-IG-SimHost-FDP-2\Hrot\Subsystems\Blueprints\Hrot.Blueprints.Tests\Debug\DebugMapExtensionTests.cs(301,37,301,43): error CS0246: The type or namespace name 'Entity' could not be found (are you missing a using directive or an assembly reference?)
107>D:\Work\IOS-IG-SimHost-FDP-2\Hrot\Subsystems\Blueprints\Hrot.Blueprints.Tests\Compiler\Stage6_LoweringTests\SpawnEqsSensorLoweringTests.cs(14,20,14,34): error CS0246: The type or namespace name 'CompileOptions' could not be found (are you missing a using directive or an assembly reference?)
107>D:\Work\IOS-IG-SimHost-FDP-2\Hrot\Subsystems\Blueprints\Hrot.Blueprints.Tests\Compiler\Stage6_LoweringTests\WhenNodeEqsLoweringTests.cs(85,9,85,17): error CS0246: The type or namespace name 'WhenNode' could not be found (are you missing a using directive or an assembly reference?)
107>D:\Work\IOS-IG-SimHost-FDP-2\Hrot\Subsystems\Blueprints\Hrot.Blueprints.Tests\Compiler\Stage6_LoweringTests\WhenNodeEqsLoweringTests.cs(87,9,87,21): error CS0246: The type or namespace name 'VariableDecl' could not be found (are you missing a using directive or an assembly reference?)
107>D:\Work\IOS-IG-SimHost-FDP-2\Hrot\Subsystems\Blueprints\Hrot.Blueprints.Tests\Compiler\Stage6_LoweringTests\WhenNodeEqsLoweringTests.cs(84,20,84,34): error CS0246: The type or namespace name 'BlueprintAsset' could not be found (are you missing a using directive or an assembly reference?)
107>D:\Work\IOS-IG-SimHost-FDP-2\Hrot\Subsystems\Blueprints\Hrot.Blueprints.Tests\Debug\DebugMapExtensionTests.cs(444,43,444,49): error CS0246: The type or namespace name 'Entity' could not be found (are you missing a using directive or an assembly reference?)
107>D:\Work\IOS-IG-SimHost-FDP-2\Hrot\Subsystems\Blueprints\Hrot.Blueprints.Tests\Debug\BreakpointTests.cs(79,16,79,36): error CS0246: The type or namespace name 'IEntityCommandBuffer' could not be found (are you missing a using directive or an assembly reference?)
107>D:\Work\IOS-IG-SimHost-FDP-2\Hrot\Subsystems\Blueprints\Hrot.Blueprints.Tests\Compiler\Stage7_EmitTests\InstanceEmitGoldenTests.cs(46,33,46,47): error CS0246: The type or namespace name 'DiagnosticSink' could not be found (are you missing a using directive or an assembly reference?)
107>D:\Work\IOS-IG-SimHost-FDP-2\Hrot\Subsystems\Blueprints\Hrot.Blueprints.Tests\Debug\DebugMapTests.cs(43,47,43,62): error CS0246: The type or namespace name 'ISimulationView' could not be found (are you missing a using directive or an assembly reference?)
107>D:\Work\IOS-IG-SimHost-FDP-2\Hrot\Subsystems\Blueprints\Hrot.Blueprints.Tests\Debug\DebugMapTests.cs(360,24,360,40): error CS0246: The type or namespace name 'NodeHistoryEntry' could not be found (are you missing a using directive or an assembly reference?)
107>D:\Work\IOS-IG-SimHost-FDP-2\Hrot\Subsystems\Blueprints\Hrot.Blueprints.Tests\Debug\DebugMapExtensionTests.cs(302,44,302,50): error CS0246: The type or namespace name 'Entity' could not be found (are you missing a using directive or an assembly reference?)
107>D:\Work\IOS-IG-SimHost-FDP-2\Hrot\Subsystems\Blueprints\Hrot.Blueprints.Tests\Mocks\MockSimulationView.cs(68,12,68,24): error CS0246: The type or namespace name 'QueryBuilder' could not be found (are you missing a using directive or an assembly reference?)
107>D:\Work\IOS-IG-SimHost-FDP-2\Hrot\Subsystems\Blueprints\Hrot.Blueprints.Tests\Mocks\MockTestTypes.cs(33,2,33,13): error CS0246: The type or namespace name 'ComponentIdAttribute' could not be found (are you missing a using directive or an assembly reference?)
107>D:\Work\IOS-IG-SimHost-FDP-2\Hrot\Subsystems\Blueprints\Hrot.Blueprints.Tests\Mocks\MockTestTypes.cs(33,2,33,13): error CS0246: The type or namespace name 'ComponentId' could not be found (are you missing a using directive or an assembly reference?)
107>D:\Work\IOS-IG-SimHost-FDP-2\Hrot\Subsystems\Blueprints\Hrot.Blueprints.Tests\Mocks\MockTestTypes.cs(23,2,23,9): error CS0246: The type or namespace name 'EventIdAttribute' could not be found (are you missing a using directive or an assembly reference?)
107>D:\Work\IOS-IG-SimHost-FDP-2\Hrot\Subsystems\Blueprints\Hrot.Blueprints.Tests\Mocks\MockTestTypes.cs(23,2,23,9): error CS0246: The type or namespace name 'EventId' could not be found (are you missing a using directive or an assembly reference?)
107>D:\Work\IOS-IG-SimHost-FDP-2\Hrot\Subsystems\Blueprints\Hrot.Blueprints.Tests\Compiler\Stage6_LoweringTests\WhenNodeEqsLoweringTests.cs(122,20,122,32): error CS0246: The type or namespace name 'VariableDecl' could not be found (are you missing a using directive or an assembly reference?)
107>D:\Work\IOS-IG-SimHost-FDP-2\Hrot\Subsystems\Blueprints\Hrot.Blueprints.Tests\Compiler\Stage7_EmitTests\InstanceEmitGoldenTests.cs(53,25,53,29): error CS0234: The type or namespace name 'Core' does not exist in the namespace 'Hrot.Blueprints' (are you missing an assembly reference?)
107>D:\Work\IOS-IG-SimHost-FDP-2\Hrot\Subsystems\Blueprints\Hrot.Blueprints.Tests\Compiler\Stage7_EmitTests\InstanceEmitGoldenTests.cs(52,33,52,47): error CS0246: The type or namespace name 'DiagnosticSink' could not be found (are you missing a using directive or an assembly reference?)
107>D:\Work\IOS-IG-SimHost-FDP-2\Hrot\Subsystems\Blueprints\Hrot.Blueprints.Tests\Debug\DebugMapTests.cs(361,26,361,42): error CS0246: The type or namespace name 'NodeHistoryEntry' could not be found (are you missing a using directive or an assembly reference?)
107>D:\Work\IOS-IG-SimHost-FDP-2\Hrot\Subsystems\Blueprints\Hrot.Blueprints.Tests\Debug\DebugMapExtensionTests.cs(446,29,446,35): error CS0246: The type or namespace name 'Entity' could not be found (are you missing a using directive or an assembly reference?)
107>D:\Work\IOS-IG-SimHost-FDP-2\Hrot\Subsystems\Blueprints\Hrot.Blueprints.Tests\Mocks\MockSimulationView.cs(70,12,70,32): error CS0246: The type or namespace name 'IEntityCommandBuffer' could not be found (are you missing a using directive or an assembly reference?)
107>D:\Work\IOS-IG-SimHost-FDP-2\Hrot\Subsystems\Blueprints\Hrot.Blueprints.Tests\Debug\DebugMapExtensionTests.cs(514,49,514,55): error CS0246: The type or namespace name 'Entity' could not be found (are you missing a using directive or an assembly reference?)
107>D:\Work\IOS-IG-SimHost-FDP-2\Hrot\Subsystems\Blueprints\Hrot.Blueprints.Tests\Debug\DebugMapExtensionTests.cs(304,16,304,28): error CS0246: The type or namespace name 'QueryBuilder' could not be found (are you missing a using directive or an assembly reference?)
107>D:\Work\IOS-IG-SimHost-FDP-2\Hrot\Subsystems\Blueprints\Hrot.Blueprints.Tests\Debug\DebugMapExtensionTests.cs(741,54,741,71): error CS0246: The type or namespace name 'BlueprintRegistry' could not be found (are you missing a using directive or an assembly reference?)
107>D:\Work\IOS-IG-SimHost-FDP-2\Hrot\Subsystems\Blueprints\Hrot.Blueprints.Tests\Debug\DebugMapExtensionTests.cs(741,77,741,92): error CS0246: The type or namespace name 'ISimulationView' could not be found (are you missing a using directive or an assembly reference?)
107>D:\Work\IOS-IG-SimHost-FDP-2\Hrot\Subsystems\Blueprints\Hrot.Blueprints.Tests\Debug\DebugMapExtensionTests.cs(741,20,741,41): error CS0246: The type or namespace name 'BlueprintDebugSession' could not be found (are you missing a using directive or an assembly reference?)
107>D:\Work\IOS-IG-SimHost-FDP-2\Hrot\Subsystems\Blueprints\Hrot.Blueprints.Tests\Compiler\Stage6_LoweringTests\SpawnEqsSensorLoweringTests.cs(24,37,24,51): error CS0246: The type or namespace name 'BlueprintAsset' could not be found (are you missing a using directive or an assembly reference?)
107>D:\Work\IOS-IG-SimHost-FDP-2\Hrot\Subsystems\Blueprints\Hrot.Blueprints.Tests\Compiler\Stage6_LoweringTests\SpawnEqsSensorLoweringTests.cs(24,59,24,73): error CS0246: The type or namespace name 'DiagnosticSink' could not be found (are you missing a using directive or an assembly reference?)
107>D:\Work\IOS-IG-SimHost-FDP-2\Hrot\Subsystems\Blueprints\Hrot.Blueprints.Tests\Compiler\Stage6_LoweringTests\SpawnEqsSensorLoweringTests.cs(24,20,24,27): error CS0246: The type or namespace name 'IrAsset' could not be found (are you missing a using directive or an assembly reference?)
107>D:\Work\IOS-IG-SimHost-FDP-2\Hrot\Subsystems\Blueprints\Hrot.Blueprints.Tests\Debug\DebugMapTests.cs(47,49,47,55): error CS0246: The type or namespace name 'Entity' could not be found (are you missing a using directive or an assembly reference?)
107>D:\Work\IOS-IG-SimHost-FDP-2\Hrot\Subsystems\Blueprints\Hrot.Blueprints.Tests\Debug\DebugMapTests.cs(355,22,355,38): error CS0246: The type or namespace name 'ExecutionHistory' could not be found (are you missing a using directive or an assembly reference?)
107>D:\Work\IOS-IG-SimHost-FDP-2\Hrot\Subsystems\Blueprints\Hrot.Blueprints.Tests\Compiler\Stage6_LoweringTests\SpawnEqsSensorLoweringTests.cs(37,36,37,50): error CS0246: The type or namespace name 'BlueprintAsset' could not be found (are you missing a using directive or an assembly reference?)
107>D:\Work\IOS-IG-SimHost-FDP-2\Hrot\Subsystems\Blueprints\Hrot.Blueprints.Tests\Runtime\BlueprintTickSystem\ReloadReconciliationTests.cs(152,42,152,56): error CS0246: The type or namespace name 'IReloadLogSink' could not be found (are you missing a using directive or an assembly reference?)
107>D:\Work\IOS-IG-SimHost-FDP-2\Hrot\Subsystems\Blueprints\Hrot.Blueprints.Tests\Debug\DebugMapExtensionTests.cs(516,43,516,49): error CS0246: The type or namespace name 'Entity' could not be found (are you missing a using directive or an assembly reference?)
107>D:\Work\IOS-IG-SimHost-FDP-2\Hrot\Subsystems\Blueprints\Hrot.Blueprints.Tests\Debug\DebugMapExtensionTests.cs(306,16,306,36): error CS0246: The type or namespace name 'IEntityCommandBuffer' could not be found (are you missing a using directive or an assembly reference?)
107>D:\Work\IOS-IG-SimHost-FDP-2\Hrot\Subsystems\Blueprints\Hrot.Blueprints.Tests\Debug\DebugMapExtensionTests.cs(447,37,447,43): error CS0246: The type or namespace name 'Entity' could not be found (are you missing a using directive or an assembly reference?)
107>D:\Work\IOS-IG-SimHost-FDP-2\Hrot\Subsystems\Blueprints\Hrot.Blueprints.Tests\Compiler\Stage6_LoweringTests\WhenNodeEqsLoweringTests.cs(57,26,57,34): error CS0103: The name 'WhenEdge' does not exist in the current context
107>D:\Work\IOS-IG-SimHost-FDP-2\Hrot\Subsystems\Blueprints\Hrot.Blueprints.Tests\Debug\DebugMapTests.cs(49,43,49,49): error CS0246: The type or namespace name 'Entity' could not be found (are you missing a using directive or an assembly reference?)
107>D:\Work\IOS-IG-SimHost-FDP-2\Hrot\Subsystems\Blueprints\Hrot.Blueprints.Tests\Mocks\MockTestTypes.cs(70,35,70,51): error CS0246: The type or namespace name 'EntityRepository' could not be found (are you missing a using directive or an assembly reference?)
107>D:\Work\IOS-IG-SimHost-FDP-2\Hrot\Subsystems\Blueprints\Hrot.Blueprints.Tests\Mocks\MockTestTypes.cs(43,2,43,13): error CS0246: The type or namespace name 'ComponentIdAttribute' could not be found (are you missing a using directive or an assembly reference?)
107>D:\Work\IOS-IG-SimHost-FDP-2\Hrot\Subsystems\Blueprints\Hrot.Blueprints.Tests\Mocks\MockTestTypes.cs(43,2,43,13): error CS0246: The type or namespace name 'ComponentId' could not be found (are you missing a using directive or an assembly reference?)
107>D:\Work\IOS-IG-SimHost-FDP-2\Hrot\Subsystems\Blueprints\Hrot.Blueprints.Tests\Compiler\Stage6_LoweringTests\SpawnEqsSensorLoweringTests.cs(55,20,55,34): error CS0246: The type or namespace name 'BlueprintAsset' could not be found (are you missing a using directive or an assembly reference?)
107>D:\Work\IOS-IG-SimHost-FDP-2\Hrot\Subsystems\Blueprints\Hrot.Blueprints.Tests\Debug\DebugMapExtensionTests.cs(518,29,518,35): error CS0246: The type or namespace name 'Entity' could not be found (are you missing a using directive or an assembly reference?)
107>D:\Work\IOS-IG-SimHost-FDP-2\Hrot\Subsystems\Blueprints\Hrot.Blueprints.Tests\Mocks\MockTestTypes.cs(55,2,55,13): error CS0246: The type or namespace name 'ComponentIdAttribute' could not be found (are you missing a using directive or an assembly reference?)
107>D:\Work\IOS-IG-SimHost-FDP-2\Hrot\Subsystems\Blueprints\Hrot.Blueprints.Tests\Mocks\MockTestTypes.cs(55,2,55,13): error CS0246: The type or namespace name 'ComponentId' could not be found (are you missing a using directive or an assembly reference?)
107>D:\Work\IOS-IG-SimHost-FDP-2\Hrot\Subsystems\Blueprints\Hrot.Blueprints.Tests\Compiler\Stage7_EmitTests\ThunkEmissionTests.cs(16,20,16,34): error CS0246: The type or namespace name 'CompileOptions' could not be found (are you missing a using directive or an assembly reference?)
107>D:\Work\IOS-IG-SimHost-FDP-2\Hrot\Subsystems\Blueprints\Hrot.Blueprints.Tests\Runtime\FakeBlueprints.cs(31,47,31,62): error CS0246: The type or namespace name 'ISimulationView' could not be found (are you missing a using directive or an assembly reference?)
107>D:\Work\IOS-IG-SimHost-FDP-2\Hrot\Subsystems\Blueprints\Hrot.Blueprints.Tests\Runtime\FakeBlueprints.cs(31,69,31,89): error CS0246: The type or namespace name 'IEntityCommandBuffer' could not be found (are you missing a using directive or an assembly reference?)
107>D:\Work\IOS-IG-SimHost-FDP-2\Hrot\Subsystems\Blueprints\Hrot.Blueprints.Tests\Runtime\FakeBlueprints.cs(32,9,32,15): error CS0246: The type or namespace name 'Entity' could not be found (are you missing a using directive or an assembly reference?)
107>D:\Work\IOS-IG-SimHost-FDP-2\Hrot\Subsystems\Blueprints\Hrot.Blueprints.Tests\Runtime\BlueprintTickSystem\ReloadReconciliationTests.cs(155,51,155,54): error CS0246: The type or namespace name 'Fdp' could not be found (are you missing a using directive or an assembly reference?)
107>D:\Work\IOS-IG-SimHost-FDP-2\Hrot\Subsystems\Blueprints\Hrot.Blueprints.Tests\Compiler\Stage6_LoweringTests\SpawnEqsSensorLoweringTests.cs(101,20,101,34): error CS0246: The type or namespace name 'BlueprintAsset' could not be found (are you missing a using directive or an assembly reference?)
107>D:\Work\IOS-IG-SimHost-FDP-2\Hrot\Subsystems\Blueprints\Hrot.Blueprints.Tests\Debug\DebugMapExtensionTests.cs(448,44,448,50): error CS0246: The type or namespace name 'Entity' could not be found (are you missing a using directive or an assembly reference?)
107>D:\Work\IOS-IG-SimHost-FDP-2\Hrot\Subsystems\Blueprints\Hrot.Blueprints.Tests\Debug\DebugMapTests.cs(51,29,51,35): error CS0246: The type or namespace name 'Entity' could not be found (are you missing a using directive or an assembly reference?)
107>D:\Work\IOS-IG-SimHost-FDP-2\Hrot\Subsystems\Blueprints\Hrot.Blueprints.Tests\Compiler\Stage7_EmitTests\ThunkEmissionTests.cs(26,44,26,58): error CS0246: The type or namespace name 'BlueprintAsset' could not be found (are you missing a using directive or an assembly reference?)
107>D:\Work\IOS-IG-SimHost-FDP-2\Hrot\Subsystems\Blueprints\Hrot.Blueprints.Tests\Debug\DebugMapExtensionTests.cs(519,37,519,43): error CS0246: The type or namespace name 'Entity' could not be found (are you missing a using directive or an assembly reference?)
107>D:\Work\IOS-IG-SimHost-FDP-2\Hrot\Subsystems\Blueprints\Hrot.Blueprints.Tests\Debug\DebugSessionInterfaceTests.cs(16,20,16,26): error CS0246: The type or namespace name 'Entity' could not be found (are you missing a using directive or an assembly reference?)
107>D:\Work\IOS-IG-SimHost-FDP-2\Hrot\Subsystems\Blueprints\Hrot.Blueprints.Tests\Runtime\BlueprintTickSystem\ReloadReconciliationTests.cs(156,50,156,53): error CS0246: The type or namespace name 'Fdp' could not be found (are you missing a using directive or an assembly reference?)
107>D:\Work\IOS-IG-SimHost-FDP-2\Hrot\Subsystems\Blueprints\Hrot.Blueprints.Tests\Debug\FIX2_009_InstanceStateInspectionTests.cs(25,20,25,34): error CS0246: The type or namespace name 'CompileOptions' could not be found (are you missing a using directive or an assembly reference?)
107>D:\Work\IOS-IG-SimHost-FDP-2\Hrot\Subsystems\Blueprints\Hrot.Blueprints.Tests\Compiler\Stage7_EmitTests\LibraryEmitGoldenTests.cs(17,20,17,34): error CS0246: The type or namespace name 'CompileOptions' could not be found (are you missing a using directive or an assembly reference?)
107>D:\Work\IOS-IG-SimHost-FDP-2\Hrot\Subsystems\Blueprints\Hrot.Blueprints.Tests\Debug\HotReloadInteractionTests.cs(25,20,25,41): error CS0246: The type or namespace name 'BlueprintDebugSession' could not be found (are you missing a using directive or an assembly reference?)
107>D:\Work\IOS-IG-SimHost-FDP-2\Hrot\Subsystems\Blueprints\Hrot.Blueprints.Tests\Debug\DebugMapExtensionTests.cs(520,44,520,50): error CS0246: The type or namespace name 'Entity' could not be found (are you missing a using directive or an assembly reference?)
107>D:\Work\IOS-IG-SimHost-FDP-2\Hrot\Subsystems\Blueprints\Hrot.Blueprints.Tests\Debug\MockTimeController.cs(9,42,9,66): error CS0246: The type or namespace name 'IBlueprintTimeController' could not be found (are you missing a using directive or an assembly reference?)
107>D:\Work\IOS-IG-SimHost-FDP-2\Hrot\Subsystems\Blueprints\Hrot.Blueprints.Tests\Debug\DebugMapExtensionTests.cs(593,47,593,62): error CS0246: The type or namespace name 'ISimulationView' could not be found (are you missing a using directive or an assembly reference?)
107>D:\Work\IOS-IG-SimHost-FDP-2\Hrot\Subsystems\Blueprints\Hrot.Blueprints.Tests\Debug\DebugSessionInterfaceTests.cs(164,41,164,47): error CS0246: The type or namespace name 'Entity' could not be found (are you missing a using directive or an assembly reference?)
107>D:\Work\IOS-IG-SimHost-FDP-2\Hrot\Subsystems\Blueprints\Hrot.Blueprints.Tests\Runtime\PartitionAllocator\PartitionAllocatorTests.cs(27,24,27,49): error CS0246: The type or namespace name 'BlueprintBlackboardHeader' could not be found (are you missing a using directive or an assembly reference?)
107>D:\Work\IOS-IG-SimHost-FDP-2\Hrot\Subsystems\Blueprints\Hrot.Blueprints.Tests\Runtime\FakeBlueprints.cs(38,19,38,38): error CS0246: The type or namespace name 'BlueprintDefinition' could not be found (are you missing a using directive or an assembly reference?)
107>D:\Work\IOS-IG-SimHost-FDP-2\Hrot\Subsystems\Blueprints\Hrot.Blueprints.Tests\Debug\HotReloadInteractionTests.cs(31,20,31,28): error CS0246: The type or namespace name 'DebugMap' could not be found (are you missing a using directive or an assembly reference?)
107>D:\Work\IOS-IG-SimHost-FDP-2\Hrot\Subsystems\Blueprints\Hrot.Blueprints.Tests\Debug\DebugMapExtensionTests.cs(450,16,450,28): error CS0246: The type or namespace name 'QueryBuilder' could not be found (are you missing a using directive or an assembly reference?)
107>D:\Work\IOS-IG-SimHost-FDP-2\Hrot\Subsystems\Blueprints\Hrot.Blueprints.Tests\Debug\FIX2_009_InstanceStateInspectionTests.cs(23,29,23,35): error CS0246: The type or namespace name 'Entity' could not be found (are you missing a using directive or an assembly reference?)
107>D:\Work\IOS-IG-SimHost-FDP-2\Hrot\Subsystems\Blueprints\Hrot.Blueprints.Tests\Compiler\Stage7_EmitTests\LibraryEmitGoldenTests.cs(60,25,60,29): error CS0234: The type or namespace name 'Core' does not exist in the namespace 'Hrot.Blueprints' (are you missing an assembly reference?)
107>D:\Work\IOS-IG-SimHost-FDP-2\Hrot\Subsystems\Blueprints\Hrot.Blueprints.Tests\Compiler\Stage7_EmitTests\LibraryEmitGoldenTests.cs(59,36,59,50): error CS0246: The type or namespace name 'DiagnosticSink' could not be found (are you missing a using directive or an assembly reference?)
107>D:\Work\IOS-IG-SimHost-FDP-2\Hrot\Subsystems\Blueprints\Hrot.Blueprints.Tests\Debug\DebugMapTests.cs(52,37,52,43): error CS0246: The type or namespace name 'Entity' could not be found (are you missing a using directive or an assembly reference?)
107>D:\Work\IOS-IG-SimHost-FDP-2\Hrot\Subsystems\Blueprints\Hrot.Blueprints.Tests\Debug\DebugSessionInterfaceTests.cs(168,47,168,53): error CS0246: The type or namespace name 'Entity' could not be found (are you missing a using directive or an assembly reference?)
107>D:\Work\IOS-IG-SimHost-FDP-2\Hrot\Subsystems\Blueprints\Hrot.Blueprints.Tests\Runtime\PartitionAllocator\PartitionAllocatorTests.cs(31,24,31,42): error CS0246: The type or namespace name 'BlueprintSlotEntry' could not be found (are you missing a using directive or an assembly reference?)
107>D:\Work\IOS-IG-SimHost-FDP-2\Hrot\Subsystems\Blueprints\Hrot.Blueprints.Tests\Debug\DebugMapExtensionTests.cs(522,16,522,28): error CS0246: The type or namespace name 'QueryBuilder' could not be found (are you missing a using directive or an assembly reference?)
107>D:\Work\IOS-IG-SimHost-FDP-2\Hrot\Subsystems\Blueprints\Hrot.Blueprints.Tests\Runtime\FakeBlueprints.cs(83,47,83,62): error CS0246: The type or namespace name 'ISimulationView' could not be found (are you missing a using directive or an assembly reference?)
107>D:\Work\IOS-IG-SimHost-FDP-2\Hrot\Subsystems\Blueprints\Hrot.Blueprints.Tests\Runtime\FakeBlueprints.cs(83,69,83,89): error CS0246: The type or namespace name 'IEntityCommandBuffer' could not be found (are you missing a using directive or an assembly reference?)
107>D:\Work\IOS-IG-SimHost-FDP-2\Hrot\Subsystems\Blueprints\Hrot.Blueprints.Tests\Runtime\FakeBlueprints.cs(84,9,84,15): error CS0246: The type or namespace name 'Entity' could not be found (are you missing a using directive or an assembly reference?)
107>D:\Work\IOS-IG-SimHost-FDP-2\Hrot\Subsystems\Blueprints\Hrot.Blueprints.Tests\Debug\HotReloadInteractionTests.cs(40,20,40,28): error CS0246: The type or namespace name 'DebugMap' could not be found (are you missing a using directive or an assembly reference?)
107>D:\Work\IOS-IG-SimHost-FDP-2\Hrot\Subsystems\Blueprints\Hrot.Blueprints.Tests\Debug\MultiEntityTests.cs(19,20,19,26): error CS0246: The type or namespace name 'Entity' could not be found (are you missing a using directive or an assembly reference?)
107>D:\Work\IOS-IG-SimHost-FDP-2\Hrot\Subsystems\Blueprints\Hrot.Blueprints.Tests\Debug\DebugMapExtensionTests.cs(597,49,597,55): error CS0246: The type or namespace name 'Entity' could not be found (are you missing a using directive or an assembly reference?)
107>D:\Work\IOS-IG-SimHost-FDP-2\Hrot\Subsystems\Blueprints\Hrot.Blueprints.Tests\Compiler\Stage8_RoslynTests\InMemoryCompileTests.cs(19,20,19,45): error CS0246: The type or namespace name 'MetadataReferenceResolver' could not be found (are you missing a using directive or an assembly reference?)
107>D:\Work\IOS-IG-SimHost-FDP-2\Hrot\Subsystems\Blueprints\Hrot.Blueprints.Tests\Debug\FIX2_009_InstanceStateInspectionTests.cs(122,43,122,58): error CS0246: The type or namespace name 'ISimulationView' could not be found (are you missing a using directive or an assembly reference?)
107>D:\Work\IOS-IG-SimHost-FDP-2\Hrot\Subsystems\Blueprints\Hrot.Blueprints.Tests\Runtime\PartitionAllocator\PartitionAllocatorTests.cs(37,24,37,48): error CS0246: The type or namespace name 'BlueprintFreeBlockHeader' could not be found (are you missing a using directive or an assembly reference?)
107>D:\Work\IOS-IG-SimHost-FDP-2\Hrot\Subsystems\Blueprints\Hrot.Blueprints.Tests\Runtime\FakeBlueprints.cs(90,19,90,38): error CS0246: The type or namespace name 'BlueprintDefinition' could not be found (are you missing a using directive or an assembly reference?)
107>D:\Work\IOS-IG-SimHost-FDP-2\Hrot\Subsystems\Blueprints\Hrot.Blueprints.Tests\Debug\DebugMapExtensionTests.cs(524,16,524,36): error CS0246: The type or namespace name 'IEntityCommandBuffer' could not be found (are you missing a using directive or an assembly reference?)
107>D:\Work\IOS-IG-SimHost-FDP-2\Hrot\Subsystems\Blueprints\Hrot.Blueprints.Tests\Debug\MultiEntityTests.cs(20,20,20,26): error CS0246: The type or namespace name 'Entity' could not be found (are you missing a using directive or an assembly reference?)
107>D:\Work\IOS-IG-SimHost-FDP-2\Hrot\Subsystems\Blueprints\Hrot.Blueprints.Tests\Debug\DebugMapExtensionTests.cs(452,16,452,36): error CS0246: The type or namespace name 'IEntityCommandBuffer' could not be found (are you missing a using directive or an assembly reference?)
107>D:\Work\IOS-IG-SimHost-FDP-2\Hrot\Subsystems\Blueprints\Hrot.Blueprints.Tests\Runtime\FakeBlueprints.cs(56,19,56,33): error CS0246: The type or namespace name 'BlueprintAsset' could not be found (are you missing a using directive or an assembly reference?)
107>D:\Work\IOS-IG-SimHost-FDP-2\Hrot\Subsystems\Blueprints\Hrot.Blueprints.Tests\Debug\DebugSessionInterfaceTests.cs(171,54,171,78): error CS0246: The type or namespace name 'IBlueprintTimeController' could not be found (are you missing a using directive or an assembly reference?)
107>D:\Work\IOS-IG-SimHost-FDP-2\Hrot\Subsystems\Blueprints\Hrot.Blueprints.Tests\Debug\DebugSessionInterfaceTests.cs(171,20,171,41): error CS0246: The type or namespace name 'BlueprintDebugSession' could not be found (are you missing a using directive or an assembly reference?)
107>D:\Work\IOS-IG-SimHost-FDP-2\Hrot\Subsystems\Blueprints\Hrot.Blueprints.Tests\Debug\DebugMapExtensionTests.cs(599,43,599,49): error CS0246: The type or namespace name 'Entity' could not be found (are you missing a using directive or an assembly reference?)
107>D:\Work\IOS-IG-SimHost-FDP-2\Hrot\Subsystems\Blueprints\Hrot.Blueprints.Tests\Debug\HotReloadInteractionTests.cs(60,47,60,62): error CS0246: The type or namespace name 'ISimulationView' could not be found (are you missing a using directive or an assembly reference?)
107>D:\Work\IOS-IG-SimHost-FDP-2\Hrot\Subsystems\Blueprints\Hrot.Blueprints.Tests\Compiler\Stage8_RoslynTests\PdbEmbeddedSourceTests.cs(16,20,16,34): error CS0246: The type or namespace name 'CompileOptions' could not be found (are you missing a using directive or an assembly reference?)
107>D:\Work\IOS-IG-SimHost-FDP-2\Hrot\Subsystems\Blueprints\Hrot.Blueprints.Tests\Debug\DebugMapTests.cs(53,44,53,50): error CS0246: The type or namespace name 'Entity' could not be found (are you missing a using directive or an assembly reference?)
107>D:\Work\IOS-IG-SimHost-FDP-2\Hrot\Subsystems\Blueprints\Hrot.Blueprints.Tests\Runtime\FakeBlueprints.cs(108,33,108,50): error CS0246: The type or namespace name 'BlueprintRegistry' could not be found (are you missing a using directive or an assembly reference?)
107>D:\Work\IOS-IG-SimHost-FDP-2\Hrot\Subsystems\Blueprints\Hrot.Blueprints.Tests\Debug\MultiEntityTests.cs(24,20,24,41): error CS0246: The type or namespace name 'BlueprintDebugSession' could not be found (are you missing a using directive or an assembly reference?)
107>D:\Work\IOS-IG-SimHost-FDP-2\Hrot\Subsystems\Blueprints\Hrot.Blueprints.Tests\Debug\FIX2_009_InstanceStateInspectionTests.cs(124,17,124,40): error CS0246: The type or namespace name 'BlueprintBlackboard1024' could not be found (are you missing a using directive or an assembly reference?)
107>D:\Work\IOS-IG-SimHost-FDP-2\Hrot\Subsystems\Blueprints\Hrot.Blueprints.Tests\Debug\NodeHistoryTests.cs(14,20,14,26): error CS0246: The type or namespace name 'Entity' could not be found (are you missing a using directive or an assembly reference?)
107>D:\Work\IOS-IG-SimHost-FDP-2\Hrot\Subsystems\Blueprints\Hrot.Blueprints.Tests\Debug\DebugMapExtensionTests.cs(601,29,601,35): error CS0246: The type or namespace name 'Entity' could not be found (are you missing a using directive or an assembly reference?)
107>D:\Work\IOS-IG-SimHost-FDP-2\Hrot\Subsystems\Blueprints\Hrot.Blueprints.Tests\Compiler\Stage8_RoslynTests\PdbEmbeddedSourceTests.cs(27,20,27,34): error CS0246: The type or namespace name 'CompileOptions' could not be found (are you missing a using directive or an assembly reference?)
107>D:\Work\IOS-IG-SimHost-FDP-2\Hrot\Subsystems\Blueprints\Hrot.Blueprints.Tests\Debug\DebugSessionInterfaceTests.cs(175,47,175,62): error CS0246: The type or namespace name 'ISimulationView' could not be found (are you missing a using directive or an assembly reference?)
107>D:\Work\IOS-IG-SimHost-FDP-2\Hrot\Subsystems\Blueprints\Hrot.Blueprints.Tests\Compiler\Stage6_LoweringTests\WhenNodeLoweringTests.cs(16,20,16,34): error CS0246: The type or namespace name 'CompileOptions' could not be found (are you missing a using directive or an assembly reference?)
107>D:\Work\IOS-IG-SimHost-FDP-2\Hrot\Subsystems\Blueprints\Hrot.Blueprints.Tests\Debug\MultiEntityTests.cs(30,20,30,28): error CS0246: The type or namespace name 'DebugMap' could not be found (are you missing a using directive or an assembly reference?)
107>D:\Work\IOS-IG-SimHost-FDP-2\Hrot\Subsystems\Blueprints\Hrot.Blueprints.Tests\Debug\NodeHistoryTests.cs(15,20,15,26): error CS0246: The type or namespace name 'Entity' could not be found (are you missing a using directive or an assembly reference?)
107>D:\Work\IOS-IG-SimHost-FDP-2\Hrot\Subsystems\Blueprints\Hrot.Blueprints.Tests\Runtime\FakeBlueprints.cs(59,33,59,50): error CS0246: The type or namespace name 'BlueprintRegistry' could not be found (are you missing a using directive or an assembly reference?)
107>D:\Work\IOS-IG-SimHost-FDP-2\Hrot\Subsystems\Blueprints\Hrot.Blueprints.Tests\Debug\FIX2_009_InstanceStateInspectionTests.cs(126,31,126,54): error CS0246: The type or namespace name 'BlueprintBlackboard1024' could not be found (are you missing a using directive or an assembly reference?)
107>D:\Work\IOS-IG-SimHost-FDP-2\Hrot\Subsystems\Blueprints\Hrot.Blueprints.Tests\Debug\HotReloadInteractionTests.cs(64,49,64,55): error CS0246: The type or namespace name 'Entity' could not be found (are you missing a using directive or an assembly reference?)
107>D:\Work\IOS-IG-SimHost-FDP-2\Hrot\Subsystems\Blueprints\Hrot.Blueprints.Tests\Runtime\FakeBlueprints.cs(77,34,77,55): error CS0246: The type or namespace name 'BlueprintLatentCursor' could not be found (are you missing a using directive or an assembly reference?)
107>D:\Work\IOS-IG-SimHost-FDP-2\Hrot\Subsystems\Blueprints\Hrot.Blueprints.Tests\Debug\DebugMapExtensionTests.cs(602,37,602,43): error CS0246: The type or namespace name 'Entity' could not be found (are you missing a using directive or an assembly reference?)
107>D:\Work\IOS-IG-SimHost-FDP-2\Hrot\Subsystems\Blueprints\Hrot.Blueprints.Tests\Debug\MultiEntityTests.cs(39,20,39,28): error CS0246: The type or namespace name 'DebugMap' could not be found (are you missing a using directive or an assembly reference?)
107>D:\Work\IOS-IG-SimHost-FDP-2\Hrot\Subsystems\Blueprints\Hrot.Blueprints.Tests\Debug\DebugMapTests.cs(55,16,55,28): error CS0246: The type or namespace name 'QueryBuilder' could not be found (are you missing a using directive or an assembly reference?)
107>D:\Work\IOS-IG-SimHost-FDP-2\Hrot\Subsystems\Blueprints\Hrot.Blueprints.Tests\Debug\HotReloadInteractionTests.cs(66,43,66,49): error CS0246: The type or namespace name 'Entity' could not be found (are you missing a using directive or an assembly reference?)
107>D:\Work\IOS-IG-SimHost-FDP-2\Hrot\Subsystems\Blueprints\Hrot.Blueprints.Tests\Debug\DebugSessionInterfaceTests.cs(179,49,179,55): error CS0246: The type or namespace name 'Entity' could not be found (are you missing a using directive or an assembly reference?)
107>D:\Work\IOS-IG-SimHost-FDP-2\Hrot\Subsystems\Blueprints\Hrot.Blueprints.Tests\Debug\DebugMapExtensionTests.cs(603,44,603,50): error CS0246: The type or namespace name 'Entity' could not be found (are you missing a using directive or an assembly reference?)
107>D:\Work\IOS-IG-SimHost-FDP-2\Hrot\Subsystems\Blueprints\Hrot.Blueprints.Tests\Debug\NodeHistoryTests.cs(19,54,19,69): error CS0246: The type or namespace name 'ISimulationView' could not be found (are you missing a using directive or an assembly reference?)
107>D:\Work\IOS-IG-SimHost-FDP-2\Hrot\Subsystems\Blueprints\Hrot.Blueprints.Tests\Debug\NodeHistoryTests.cs(19,20,19,41): error CS0246: The type or namespace name 'BlueprintDebugSession' could not be found (are you missing a using directive or an assembly reference?)
107>D:\Work\IOS-IG-SimHost-FDP-2\Hrot\Subsystems\Blueprints\Hrot.Blueprints.Tests\Debug\FIX2_009_InstanceStateInspectionTests.cs(131,37,131,43): error CS0246: The type or namespace name 'Entity' could not be found (are you missing a using directive or an assembly reference?)
107>D:\Work\IOS-IG-SimHost-FDP-2\Hrot\Subsystems\Blueprints\Hrot.Blueprints.Tests\Compiler\Stage6_LoweringTests\WhenNodeLoweringTests.cs(26,37,26,51): error CS0246: The type or namespace name 'BlueprintAsset' could not be found (are you missing a using directive or an assembly reference?)
107>D:\Work\IOS-IG-SimHost-FDP-2\Hrot\Subsystems\Blueprints\Hrot.Blueprints.Tests\Compiler\Stage6_LoweringTests\WhenNodeLoweringTests.cs(26,59,26,73): error CS0246: The type or namespace name 'DiagnosticSink' could not be found (are you missing a using directive or an assembly reference?)
107>D:\Work\IOS-IG-SimHost-FDP-2\Hrot\Subsystems\Blueprints\Hrot.Blueprints.Tests\Compiler\Stage6_LoweringTests\WhenNodeLoweringTests.cs(26,20,26,27): error CS0246: The type or namespace name 'IrAsset' could not be found (are you missing a using directive or an assembly reference?)
107>D:\Work\IOS-IG-SimHost-FDP-2\Hrot\Subsystems\Blueprints\Hrot.Blueprints.Tests\Debug\MultiEntityTests.cs(59,47,59,62): error CS0246: The type or namespace name 'ISimulationView' could not be found (are you missing a using directive or an assembly reference?)
107>D:\Work\IOS-IG-SimHost-FDP-2\Hrot\Subsystems\Blueprints\Hrot.Blueprints.Tests\Debug\HotReloadInteractionTests.cs(68,29,68,35): error CS0246: The type or namespace name 'Entity' could not be found (are you missing a using directive or an assembly reference?)
107>D:\Work\IOS-IG-SimHost-FDP-2\Hrot\Subsystems\Blueprints\Hrot.Blueprints.Tests\Debug\DebugSessionInterfaceTests.cs(181,43,181,49): error CS0246: The type or namespace name 'Entity' could not be found (are you missing a using directive or an assembly reference?)
107>D:\Work\IOS-IG-SimHost-FDP-2\Hrot\Subsystems\Blueprints\Hrot.Blueprints.Tests\Debug\ProbeDispatchTests.cs(19,20,19,26): error CS0246: The type or namespace name 'Entity' could not be found (are you missing a using directive or an assembly reference?)
107>D:\Work\IOS-IG-SimHost-FDP-2\Hrot\Subsystems\Blueprints\Hrot.Blueprints.Tests\Runtime\FakeBlueprints.cs(25,34,25,55): error CS0246: The type or namespace name 'BlueprintLatentCursor' could not be found (are you missing a using directive or an assembly reference?)
107>D:\Work\IOS-IG-SimHost-FDP-2\Hrot\Subsystems\Blueprints\Hrot.Blueprints.Tests\Compiler\Stage6_LoweringTests\WhenNodeLoweringTests.cs(39,36,39,50): error CS0246: The type or namespace name 'BlueprintAsset' could not be found (are you missing a using directive or an assembly reference?)
107>D:\Work\IOS-IG-SimHost-FDP-2\Hrot\Subsystems\Blueprints\Hrot.Blueprints.Tests\Debug\NodeHistoryTests.cs(25,47,25,62): error CS0246: The type or namespace name 'ISimulationView' could not be found (are you missing a using directive or an assembly reference?)
107>D:\Work\IOS-IG-SimHost-FDP-2\Hrot\Subsystems\Blueprints\Hrot.Blueprints.Tests\Debug\FIX2_009_InstanceStateInspectionTests.cs(134,49,134,55): error CS0246: The type or namespace name 'Entity' could not be found (are you missing a using directive or an assembly reference?)
107>D:\Work\IOS-IG-SimHost-FDP-2\Hrot\Subsystems\Blueprints\Hrot.Blueprints.Tests\Debug\HotReloadInteractionTests.cs(69,37,69,43): error CS0246: The type or namespace name 'Entity' could not be found (are you missing a using directive or an assembly reference?)
107>D:\Work\IOS-IG-SimHost-FDP-2\Hrot\Subsystems\Blueprints\Hrot.Blueprints.Tests\Debug\DebugSessionInterfaceTests.cs(183,29,183,35): error CS0246: The type or namespace name 'Entity' could not be found (are you missing a using directive or an assembly reference?)
107>D:\Work\IOS-IG-SimHost-FDP-2\Hrot\Subsystems\Blueprints\Hrot.Blueprints.Tests\Compiler\WhenNodeValidatorTests.cs(17,23,17,41): error CS0246: The type or namespace name 'BlueprintSignature' could not be found (are you missing a using directive or an assembly reference?)
107>D:\Work\IOS-IG-SimHost-FDP-2\Hrot\Subsystems\Blueprints\Hrot.Blueprints.Tests\Compiler\WhenNodeValidatorTests.cs(16,20,16,34): error CS0246: The type or namespace name 'CompileOptions' could not be found (are you missing a using directive or an assembly reference?)
107>D:\Work\IOS-IG-SimHost-FDP-2\Hrot\Subsystems\Blueprints\Hrot.Blueprints.Tests\Debug\DebugMapExtensionTests.cs(605,16,605,28): error CS0246: The type or namespace name 'QueryBuilder' could not be found (are you missing a using directive or an assembly reference?)
107>D:\Work\IOS-IG-SimHost-FDP-2\Hrot\Subsystems\Blueprints\Hrot.Blueprints.Tests\Debug\ProbeIntegrationTests.cs(39,21,39,35): error CS0246: The type or namespace name 'BlueprintAsset' could not be found (are you missing a using directive or an assembly reference?)
107>D:\Work\IOS-IG-SimHost-FDP-2\Hrot\Subsystems\Blueprints\Hrot.Blueprints.Tests\Debug\ProbeDispatchTests.cs(98,45,98,51): error CS0246: The type or namespace name 'Entity' could not be found (are you missing a using directive or an assembly reference?)
107>D:\Work\IOS-IG-SimHost-FDP-2\Hrot\Subsystems\Blueprints\Hrot.Blueprints.Tests\Debug\MultiEntityTests.cs(63,49,63,55): error CS0246: The type or namespace name 'Entity' could not be found (are you missing a using directive or an assembly reference?)
107>D:\Work\IOS-IG-SimHost-FDP-2\Hrot\Subsystems\Blueprints\Hrot.Blueprints.Tests\Debug\HotReloadInteractionTests.cs(70,44,70,50): error CS0246: The type or namespace name 'Entity' could not be found (are you missing a using directive or an assembly reference?)
107>D:\Work\IOS-IG-SimHost-FDP-2\Hrot\Subsystems\Blueprints\Hrot.Blueprints.Tests\Debug\FIX2_009_InstanceStateInspectionTests.cs(141,29,141,35): error CS0246: The type or namespace name 'Entity' could not be found (are you missing a using directive or an assembly reference?)
107>D:\Work\IOS-IG-SimHost-FDP-2\Hrot\Subsystems\Blueprints\Hrot.Blueprints.Tests\Debug\DebugSessionInterfaceTests.cs(184,37,184,43): error CS0246: The type or namespace name 'Entity' could not be found (are you missing a using directive or an assembly reference?)
107>D:\Work\IOS-IG-SimHost-FDP-2\Hrot\Subsystems\Blueprints\Hrot.Blueprints.Tests\Runtime\ReadEqsResultNodeRuntimeTests.cs(22,9,22,23): error CS0246: The type or namespace name 'BlueprintAsset' could not be found (are you missing a using directive or an assembly reference?)
107>D:\Work\IOS-IG-SimHost-FDP-2\Hrot\Subsystems\Blueprints\Hrot.Blueprints.Tests\Runtime\ReadEqsResultNodeRuntimeTests.cs(23,9,23,15): error CS0246: The type or namespace name 'Entity' could not be found (are you missing a using directive or an assembly reference?)
107>D:\Work\IOS-IG-SimHost-FDP-2\Hrot\Subsystems\Blueprints\Hrot.Blueprints.Tests\Debug\DebugMapTests.cs(58,16,58,36): error CS0246: The type or namespace name 'IEntityCommandBuffer' could not be found (are you missing a using directive or an assembly reference?)
107>D:\Work\IOS-IG-SimHost-FDP-2\Hrot\Subsystems\Blueprints\Hrot.Blueprints.Tests\Debug\MultiEntityTests.cs(65,43,65,49): error CS0246: The type or namespace name 'Entity' could not be found (are you missing a using directive or an assembly reference?)
107>D:\Work\IOS-IG-SimHost-FDP-2\Hrot\Subsystems\Blueprints\Hrot.Blueprints.Tests\Debug\NodeHistoryTests.cs(29,49,29,55): error CS0246: The type or namespace name 'Entity' could not be found (are you missing a using directive or an assembly reference?)
107>D:\Work\IOS-IG-SimHost-FDP-2\Hrot\Subsystems\Blueprints\Hrot.Blueprints.Tests\Debug\HotReloadInteractionTests.cs(72,16,72,28): error CS0246: The type or namespace name 'QueryBuilder' could not be found (are you missing a using directive or an assembly reference?)
107>D:\Work\IOS-IG-SimHost-FDP-2\Hrot\Subsystems\Blueprints\Hrot.Blueprints.Tests\Debug\ProbeIntegrationTests.cs(25,22,25,41): error CS0246: The type or namespace name 'IBlueprintProbeSink' could not be found (are you missing a using directive or an assembly reference?)
107>D:\Work\IOS-IG-SimHost-FDP-2\Hrot\Subsystems\Blueprints\Hrot.Blueprints.Tests\Runtime\SpawnEqsSensorRuntimeTests.cs(29,20,29,34): error CS0246: The type or namespace name 'CompileOptions' could not be found (are you missing a using directive or an assembly reference?)
107>D:\Work\IOS-IG-SimHost-FDP-2\Hrot\Subsystems\Blueprints\Hrot.Blueprints.Tests\Debug\DebugSessionInterfaceTests.cs(185,44,185,50): error CS0246: The type or namespace name 'Entity' could not be found (are you missing a using directive or an assembly reference?)
107>D:\Work\IOS-IG-SimHost-FDP-2\Hrot\Subsystems\Blueprints\Hrot.Blueprints.Tests\Debug\FIX2_009_InstanceStateInspectionTests.cs(142,44,142,50): error CS0246: The type or namespace name 'Entity' could not be found (are you missing a using directive or an assembly reference?)
107>D:\Work\IOS-IG-SimHost-FDP-2\Hrot\Subsystems\Blueprints\Hrot.Blueprints.Tests\Debug\MultiEntityTests.cs(67,29,67,35): error CS0246: The type or namespace name 'Entity' could not be found (are you missing a using directive or an assembly reference?)
107>D:\Work\IOS-IG-SimHost-FDP-2\Hrot\Subsystems\Blueprints\Hrot.Blueprints.Tests\Debug\NodeHistoryTests.cs(31,43,31,49): error CS0246: The type or namespace name 'Entity' could not be found (are you missing a using directive or an assembly reference?)
107>D:\Work\IOS-IG-SimHost-FDP-2\Hrot\Subsystems\Blueprints\Hrot.Blueprints.Tests\Debug\DebugMapExtensionTests.cs(607,16,607,36): error CS0246: The type or namespace name 'IEntityCommandBuffer' could not be found (are you missing a using directive or an assembly reference?)
107>D:\Work\IOS-IG-SimHost-FDP-2\Hrot\Subsystems\Blueprints\Hrot.Blueprints.Tests\Debug\HotReloadInteractionTests.cs(74,16,74,36): error CS0246: The type or namespace name 'IEntityCommandBuffer' could not be found (are you missing a using directive or an assembly reference?)
107>D:\Work\IOS-IG-SimHost-FDP-2\Hrot\Subsystems\Blueprints\Hrot.Blueprints.Tests\Runtime\ReadEqsResultNodeRuntimeTests.cs(40,9,40,23): error CS0246: The type or namespace name 'BlueprintAsset' could not be found (are you missing a using directive or an assembly reference?)
107>D:\Work\IOS-IG-SimHost-FDP-2\Hrot\Subsystems\Blueprints\Hrot.Blueprints.Tests\Runtime\ReadEqsResultNodeRuntimeTests.cs(41,9,41,15): error CS0246: The type or namespace name 'Entity' could not be found (are you missing a using directive or an assembly reference?)
107>D:\Work\IOS-IG-SimHost-FDP-2\Hrot\Subsystems\Blueprints\Hrot.Blueprints.Tests\Debug\DebugSessionInterfaceTests.cs(187,16,187,28): error CS0246: The type or namespace name 'QueryBuilder' could not be found (are you missing a using directive or an assembly reference?)
107>D:\Work\IOS-IG-SimHost-FDP-2\Hrot\Subsystems\Blueprints\Hrot.Blueprints.Tests\Debug\MultiEntityTests.cs(68,37,68,43): error CS0246: The type or namespace name 'Entity' could not be found (are you missing a using directive or an assembly reference?)
107>D:\Work\IOS-IG-SimHost-FDP-2\Hrot\Subsystems\Blueprints\Hrot.Blueprints.Tests\Debug\FIX2_009_InstanceStateInspectionTests.cs(143,43,143,49): error CS0246: The type or namespace name 'Entity' could not be found (are you missing a using directive or an assembly reference?)
107>D:\Work\IOS-IG-SimHost-FDP-2\Hrot\Subsystems\Blueprints\Hrot.Blueprints.Tests\Compiler\Stage6_LoweringTests\WhenNodeLoweringTests.cs(66,9,66,17): error CS0246: The type or namespace name 'WhenEdge' could not be found (are you missing a using directive or an assembly reference?)
107>D:\Work\IOS-IG-SimHost-FDP-2\Hrot\Subsystems\Blueprints\Hrot.Blueprints.Tests\Compiler\Stage6_LoweringTests\WhenNodeLoweringTests.cs(59,20,59,28): error CS0246: The type or namespace name 'WhenNode' could not be found (are you missing a using directive or an assembly reference?)
107>D:\Work\IOS-IG-SimHost-FDP-2\Hrot\Subsystems\Blueprints\Hrot.Blueprints.Tests\Debug\NodeHistoryTests.cs(33,29,33,35): error CS0246: The type or namespace name 'Entity' could not be found (are you missing a using directive or an assembly reference?)
107>D:\Work\IOS-IG-SimHost-FDP-2\Hrot\Subsystems\Blueprints\Hrot.Blueprints.Tests\Compiler\WhenNodeValidatorTests.cs(32,9,32,17): error CS0246: The type or namespace name 'WhenNode' could not be found (are you missing a using directive or an assembly reference?)
107>D:\Work\IOS-IG-SimHost-FDP-2\Hrot\Subsystems\Blueprints\Hrot.Blueprints.Tests\Compiler\WhenNodeValidatorTests.cs(33,9,33,23): error CS0246: The type or namespace name 'CompileOptions' could not be found (are you missing a using directive or an assembly reference?)
107>D:\Work\IOS-IG-SimHost-FDP-2\Hrot\Subsystems\Blueprints\Hrot.Blueprints.Tests\Compiler\WhenNodeValidatorTests.cs(34,16,34,30): error CS0246: The type or namespace name 'BlueprintAsset' could not be found (are you missing a using directive or an assembly reference?)
107>D:\Work\IOS-IG-SimHost-FDP-2\Hrot\Subsystems\Blueprints\Hrot.Blueprints.Tests\Compiler\WhenNodeValidatorTests.cs(31,34,31,44): error CS0246: The type or namespace name 'Diagnostic' could not be found (are you missing a using directive or an assembly reference?)
107>D:\Work\IOS-IG-SimHost-FDP-2\Hrot\Subsystems\Blueprints\Hrot.Blueprints.Tests\Debug\DebugMapExtensionTests.cs(746,64,746,79): error CS0246: The type or namespace name 'ISimulationView' could not be found (are you missing a using directive or an assembly reference?)
107>D:\Work\IOS-IG-SimHost-FDP-2\Hrot\Subsystems\Blueprints\Hrot.Blueprints.Tests\Runtime\WhenNodeEqsInlineArrayTests.cs(15,44,15,58): error CS0246: The type or namespace name 'BlueprintAsset' could not be found (are you missing a using directive or an assembly reference?)
107>D:\Work\IOS-IG-SimHost-FDP-2\Hrot\Subsystems\Blueprints\Hrot.Blueprints.Tests\Runtime\WhenNodeEqsInlineArrayTests.cs(15,66,15,80): error CS0246: The type or namespace name 'CompileOptions' could not be found (are you missing a using directive or an assembly reference?)
107>D:\Work\IOS-IG-SimHost-FDP-2\Hrot\Subsystems\Blueprints\Hrot.Blueprints.Tests\Debug\ProbeDispatchTests.cs(102,39,102,45): error CS0246: The type or namespace name 'Entity' could not be found (are you missing a using directive or an assembly reference?)
107>D:\Work\IOS-IG-SimHost-FDP-2\Hrot\Subsystems\Blueprints\Hrot.Blueprints.Tests\Runtime\SpawnEqsSensorRuntimeTests.cs(48,9,48,23): error CS0246: The type or namespace name 'BlueprintAsset' could not be found (are you missing a using directive or an assembly reference?)
107>D:\Work\IOS-IG-SimHost-FDP-2\Hrot\Subsystems\Blueprints\Hrot.Blueprints.Tests\Runtime\SpawnEqsSensorRuntimeTests.cs(49,9,49,15): error CS0246: The type or namespace name 'Entity' could not be found (are you missing a using directive or an assembly reference?)
107>D:\Work\IOS-IG-SimHost-FDP-2\Hrot\Subsystems\Blueprints\Hrot.Blueprints.Tests\Runtime\ReadEqsResultNodeRuntimeTests.cs(72,22,72,36): error CS0246: The type or namespace name 'BlueprintAsset' could not be found (are you missing a using directive or an assembly reference?)
107>D:\Work\IOS-IG-SimHost-FDP-2\Hrot\Subsystems\Blueprints\Hrot.Blueprints.Tests\Debug\MultiEntityTests.cs(69,44,69,50): error CS0246: The type or namespace name 'Entity' could not be found (are you missing a using directive or an assembly reference?)
107>D:\Work\IOS-IG-SimHost-FDP-2\Hrot\Subsystems\Blueprints\Hrot.Blueprints.Tests\Debug\DebugSessionInterfaceTests.cs(190,16,190,36): error CS0246: The type or namespace name 'IEntityCommandBuffer' could not be found (are you missing a using directive or an assembly reference?)
107>D:\Work\IOS-IG-SimHost-FDP-2\Hrot\Subsystems\Blueprints\Hrot.Blueprints.Tests\Debug\StateInspectorTests.cs(19,20,19,26): error CS0246: The type or namespace name 'Entity' could not be found (are you missing a using directive or an assembly reference?)
107>D:\Work\IOS-IG-SimHost-FDP-2\Hrot\Subsystems\Blueprints\Hrot.Blueprints.Tests\Debug\NodeHistoryTests.cs(34,37,34,43): error CS0246: The type or namespace name 'Entity' could not be found (are you missing a using directive or an assembly reference?)
107>D:\Work\IOS-IG-SimHost-FDP-2\Hrot\Subsystems\Blueprints\Hrot.Blueprints.Tests\Debug\FIX2_009_InstanceStateInspectionTests.cs(149,16,149,28): error CS0246: The type or namespace name 'QueryBuilder' could not be found (are you missing a using directive or an assembly reference?)
107>D:\Work\IOS-IG-SimHost-FDP-2\Hrot\Subsystems\Blueprints\Hrot.Blueprints.Tests\Runtime\ReadEqsResultNodeRuntimeTests.cs(150,21,150,35): error CS0246: The type or namespace name 'BlueprintAsset' could not be found (are you missing a using directive or an assembly reference?)
107>D:\Work\IOS-IG-SimHost-FDP-2\Hrot\Subsystems\Blueprints\Hrot.Blueprints.Tests\Runtime\SpawnEqsSensorRuntimeTests.cs(67,25,67,31): error CS0246: The type or namespace name 'Entity' could not be found (are you missing a using directive or an assembly reference?)
107>D:\Work\IOS-IG-SimHost-FDP-2\Hrot\Subsystems\Blueprints\Hrot.Blueprints.Tests\Compiler\WhenNodeValidatorTests.cs(623,20,623,28): error CS0246: The type or namespace name 'WhenNode' could not be found (are you missing a using directive or an assembly reference?)
107>D:\Work\IOS-IG-SimHost-FDP-2\Hrot\Subsystems\Blueprints\Hrot.Blueprints.Tests\Debug\MultiEntityTests.cs(71,16,71,28): error CS0246: The type or namespace name 'QueryBuilder' could not be found (are you missing a using directive or an assembly reference?)
107>D:\Work\IOS-IG-SimHost-FDP-2\Hrot\Subsystems\Blueprints\Hrot.Blueprints.Tests\Debug\ProbeIntegrationTests.cs(137,22,137,41): error CS0246: The type or namespace name 'IBlueprintProbeSink' could not be found (are you missing a using directive or an assembly reference?)
107>D:\Work\IOS-IG-SimHost-FDP-2\Hrot\Subsystems\Blueprints\Hrot.Blueprints.Tests\Runtime\WhenNodeEqsInlineArrayTests.cs(37,53,37,63): error CS0246: The type or namespace name 'EqsTrigger' could not be found (are you missing a using directive or an assembly reference?)
107>D:\Work\IOS-IG-SimHost-FDP-2\Hrot\Subsystems\Blueprints\Hrot.Blueprints.Tests\Runtime\WhenNodeEqsInlineArrayTests.cs(37,20,37,34): error CS0246: The type or namespace name 'BlueprintAsset' could not be found (are you missing a using directive or an assembly reference?)
107>D:\Work\IOS-IG-SimHost-FDP-2\Hrot\Subsystems\Blueprints\Hrot.Blueprints.Tests\Debug\StateInspectorTests.cs(23,20,23,41): error CS0246: The type or namespace name 'BlueprintDebugSession' could not be found (are you missing a using directive or an assembly reference?)
107>D:\Work\IOS-IG-SimHost-FDP-2\Hrot\Subsystems\Blueprints\Hrot.Blueprints.Tests\Debug\DebugMapExtensionTests.cs(748,17,748,31): error CS0246: The type or namespace name 'Blackboard1024' could not be found (are you missing a using directive or an assembly reference?)
107>D:\Work\IOS-IG-SimHost-FDP-2\Hrot\Subsystems\Blueprints\Hrot.Blueprints.Tests\Debug\NodeHistoryTests.cs(35,44,35,50): error CS0246: The type or namespace name 'Entity' could not be found (are you missing a using directive or an assembly reference?)
107>D:\Work\IOS-IG-SimHost-FDP-2\Hrot\Subsystems\Blueprints\Hrot.Blueprints.Tests\Runtime\UtilityNodeRuntimeTests.cs(28,9,28,23): error CS0246: The type or namespace name 'BlueprintAsset' could not be found (are you missing a using directive or an assembly reference?)
107>D:\Work\IOS-IG-SimHost-FDP-2\Hrot\Subsystems\Blueprints\Hrot.Blueprints.Tests\Runtime\UtilityNodeRuntimeTests.cs(29,9,29,15): error CS0246: The type or namespace name 'Entity' could not be found (are you missing a using directive or an assembly reference?)
107>D:\Work\IOS-IG-SimHost-FDP-2\Hrot\Subsystems\Blueprints\Hrot.Blueprints.Tests\Debug\FIX2_009_InstanceStateInspectionTests.cs(150,16,150,36): error CS0246: The type or namespace name 'IEntityCommandBuffer' could not be found (are you missing a using directive or an assembly reference?)
107>D:\Work\IOS-IG-SimHost-FDP-2\Hrot\Subsystems\Blueprints\Hrot.Blueprints.Tests\Runtime\SpawnEqsSensorRuntimeTests.cs(81,21,81,35): error CS0246: The type or namespace name 'BlueprintAsset' could not be found (are you missing a using directive or an assembly reference?)
107>D:\Work\IOS-IG-SimHost-FDP-2\Hrot\Subsystems\Blueprints\Hrot.Blueprints.Tests\Debug\MultiEntityTests.cs(74,16,74,36): error CS0246: The type or namespace name 'IEntityCommandBuffer' could not be found (are you missing a using directive or an assembly reference?)
107>D:\Work\IOS-IG-SimHost-FDP-2\Hrot\Subsystems\Blueprints\Hrot.Blueprints.Tests\Debug\NodeHistoryTests.cs(37,16,37,28): error CS0246: The type or namespace name 'QueryBuilder' could not be found (are you missing a using directive or an assembly reference?)
107>D:\Work\IOS-IG-SimHost-FDP-2\Hrot\Subsystems\Blueprints\Hrot.Blueprints.Tests\Debug\StateInspectorTests.cs(29,47,29,62): error CS0246: The type or namespace name 'ISimulationView' could not be found (are you missing a using directive or an assembly reference?)
107>D:\Work\IOS-IG-SimHost-FDP-2\Hrot\Subsystems\Blueprints\Hrot.Blueprints.Tests\Compiler\WhenNodeValidatorTests.cs(667,9,667,26): error CS0246: The type or namespace name 'ExecutionNodeHint' could not be found (are you missing a using directive or an assembly reference?)
107>D:\Work\IOS-IG-SimHost-FDP-2\Hrot\Subsystems\Blueprints\Hrot.Blueprints.Tests\Compiler\WhenNodeValidatorTests.cs(666,20,666,34): error CS0246: The type or namespace name 'CompileOptions' could not be found (are you missing a using directive or an assembly reference?)
107>D:\Work\IOS-IG-SimHost-FDP-2\Hrot\Subsystems\Blueprints\Hrot.Blueprints.Tests\Debug\DebugMapExtensionTests.cs(762,30,762,36): error CS0246: The type or namespace name 'Entity' could not be found (are you missing a using directive or an assembly reference?)
107>D:\Work\IOS-IG-SimHost-FDP-2\Hrot\Subsystems\Blueprints\Hrot.Blueprints.Tests\Debug\StepTests.cs(21,20,21,26): error CS0246: The type or namespace name 'Entity' could not be found (are you missing a using directive or an assembly reference?)
107>D:\Work\IOS-IG-SimHost-FDP-2\Hrot\Subsystems\Blueprints\Hrot.Blueprints.Tests\Runtime\SpawnEqsSensorRuntimeTests.cs(151,21,151,35): error CS0246: The type or namespace name 'BlueprintAsset' could not be found (are you missing a using directive or an assembly reference?)
107>D:\Work\IOS-IG-SimHost-FDP-2\Hrot\Subsystems\Blueprints\Hrot.Blueprints.Tests\Debug\ProbeDispatchTests.cs(15,22,15,41): error CS0246: The type or namespace name 'IBlueprintProbeSink' could not be found (are you missing a using directive or an assembly reference?)
107>D:\Work\IOS-IG-SimHost-FDP-2\Hrot\Subsystems\Blueprints\Hrot.Blueprints.Tests\Debug\ProbeIntegrationTests.cs(182,46,182,60): error CS0246: The type or namespace name 'IOutputConsole' could not be found (are you missing a using directive or an assembly reference?)
107>D:\Work\IOS-IG-SimHost-FDP-2\Hrot\Subsystems\Blueprints\Hrot.Blueprints.Tests\Debug\NodeHistoryTests.cs(39,16,39,36): error CS0246: The type or namespace name 'IEntityCommandBuffer' could not be found (are you missing a using directive or an assembly reference?)
107>D:\Work\IOS-IG-SimHost-FDP-2\Hrot\Subsystems\Blueprints\Hrot.Blueprints.Tests\Debug\StepTests.cs(25,20,25,41): error CS0246: The type or namespace name 'BlueprintDebugSession' could not be found (are you missing a using directive or an assembly reference?)
107>D:\Work\IOS-IG-SimHost-FDP-2\Hrot\Subsystems\Blueprints\Hrot.Blueprints.Tests\Compiler\WhenNodeValidatorTests.cs(643,50,643,69): error CS0246: The type or namespace name 'IEngineEventCatalog' could not be found (are you missing a using directive or an assembly reference?)
107>D:\Work\IOS-IG-SimHost-FDP-2\Hrot\Subsystems\Blueprints\Hrot.Blueprints.Tests\Debug\DebugMapExtensionTests.cs(763,38,763,44): error CS0246: The type or namespace name 'Entity' could not be found (are you missing a using directive or an assembly reference?)
107>D:\Work\IOS-IG-SimHost-FDP-2\Hrot\Subsystems\Blueprints\Hrot.Blueprints.Tests\Debug\StateInspectorTests.cs(33,49,33,55): error CS0246: The type or namespace name 'Entity' could not be found (are you missing a using directive or an assembly reference?)
107>D:\Work\IOS-IG-SimHost-FDP-2\Hrot\Subsystems\Blueprints\Hrot.Blueprints.Tests\Compiler\Stage6_LoweringTests\WhenNodeLoweringTests.cs(628,9,628,17): error CS0246: The type or namespace name 'WhenEdge' could not be found (are you missing a using directive or an assembly reference?)
107>D:\Work\IOS-IG-SimHost-FDP-2\Hrot\Subsystems\Blueprints\Hrot.Blueprints.Tests\Compiler\Stage6_LoweringTests\WhenNodeLoweringTests.cs(626,20,626,28): error CS0246: The type or namespace name 'WhenNode' could not be found (are you missing a using directive or an assembly reference?)
107>D:\Work\IOS-IG-SimHost-FDP-2\Hrot\Subsystems\Blueprints\Hrot.Blueprints.Tests\Runtime\SpawnEqsSensorRuntimeTests.cs(22,50,22,69): error CS0246: The type or namespace name 'IEqsTemplateCatalog' could not be found (are you missing a using directive or an assembly reference?)
107>D:\Work\IOS-IG-SimHost-FDP-2\Hrot\Subsystems\Blueprints\Hrot.Blueprints.Tests\Debug\StateInspectorTests.cs(35,43,35,49): error CS0246: The type or namespace name 'Entity' could not be found (are you missing a using directive or an assembly reference?)
107>D:\Work\IOS-IG-SimHost-FDP-2\Hrot\Subsystems\Blueprints\Hrot.Blueprints.Tests\Debug\DebugMapExtensionTests.cs(764,45,764,51): error CS0246: The type or namespace name 'Entity' could not be found (are you missing a using directive or an assembly reference?)
107>D:\Work\IOS-IG-SimHost-FDP-2\Hrot\Subsystems\Blueprints\Hrot.Blueprints.Tests\Compiler\WhenNodeValidatorTests.cs(647,30,647,53): error CS0246: The type or namespace name 'EngineEventCatalogEntry' could not be found (are you missing a using directive or an assembly reference?)
107>D:\Work\IOS-IG-SimHost-FDP-2\Hrot\Subsystems\Blueprints\Hrot.Blueprints.Tests\Debug\StepTests.cs(32,39,32,60): error CS0246: The type or namespace name 'BlueprintDebugSession' could not be found (are you missing a using directive or an assembly reference?)
107>D:\Work\IOS-IG-SimHost-FDP-2\Hrot\Subsystems\Blueprints\Hrot.Blueprints.Tests\Debug\StepTests.cs(32,70,32,76): error CS0246: The type or namespace name 'Entity' could not be found (are you missing a using directive or an assembly reference?)
107>D:\Work\IOS-IG-SimHost-FDP-2\Hrot\Subsystems\Blueprints\Hrot.Blueprints.Tests\Debug\ProbeIntegrationTests.cs(191,40,191,55): error CS0246: The type or namespace name 'ISimulationView' could not be found (are you missing a using directive or an assembly reference?)
107>D:\Work\IOS-IG-SimHost-FDP-2\Hrot\Subsystems\Blueprints\Hrot.Blueprints.Tests\Debug\WatchTests.cs(20,20,20,26): error CS0246: The type or namespace name 'Entity' could not be found (are you missing a using directive or an assembly reference?)
107>D:\Work\IOS-IG-SimHost-FDP-2\Hrot\Subsystems\Blueprints\Hrot.Blueprints.Tests\Runtime\WhenNodeRuntimeTests.cs(24,2,24,9): error CS0246: The type or namespace name 'EventIdAttribute' could not be found (are you missing a using directive or an assembly reference?)
107>D:\Work\IOS-IG-SimHost-FDP-2\Hrot\Subsystems\Blueprints\Hrot.Blueprints.Tests\Runtime\WhenNodeRuntimeTests.cs(24,2,24,9): error CS0246: The type or namespace name 'EventId' could not be found (are you missing a using directive or an assembly reference?)
107>D:\Work\IOS-IG-SimHost-FDP-2\Hrot\Subsystems\Blueprints\Hrot.Blueprints.Tests\Debug\StateInspectorTests.cs(37,29,37,35): error CS0246: The type or namespace name 'Entity' could not be found (are you missing a using directive or an assembly reference?)
107>D:\Work\IOS-IG-SimHost-FDP-2\Hrot\Subsystems\Blueprints\Hrot.Blueprints.Tests\Debug\NodeHistoryTests.cs(42,55,42,70): error CS0246: The type or namespace name 'ISimulationView' could not be found (are you missing a using directive or an assembly reference?)
107>D:\Work\IOS-IG-SimHost-FDP-2\Hrot\Subsystems\Blueprints\Hrot.Blueprints.Tests\Debug\DebugMapExtensionTests.cs(765,49,765,55): error CS0246: The type or namespace name 'Entity' could not be found (are you missing a using directive or an assembly reference?)
107>D:\Work\IOS-IG-SimHost-FDP-2\Hrot\Subsystems\Blueprints\Hrot.Blueprints.Tests\Compiler\Stage6_LoweringTests\WhenNodeLoweringTests.cs(66,26,66,34): error CS0103: The name 'WhenEdge' does not exist in the current context
107>D:\Work\IOS-IG-SimHost-FDP-2\Hrot\Subsystems\Blueprints\Hrot.Blueprints.Tests\Debug\StepTests.cs(35,47,35,62): error CS0246: The type or namespace name 'ISimulationView' could not be found (are you missing a using directive or an assembly reference?)
107>D:\Work\IOS-IG-SimHost-FDP-2\Hrot\Subsystems\Blueprints\Hrot.Blueprints.Tests\Debug\StateInspectorTests.cs(38,37,38,43): error CS0246: The type or namespace name 'Entity' could not be found (are you missing a using directive or an assembly reference?)
107>D:\Work\IOS-IG-SimHost-FDP-2\Hrot\Subsystems\Blueprints\Hrot.Blueprints.Tests\Debug\WatchTests.cs(24,20,24,41): error CS0246: The type or namespace name 'BlueprintDebugSession' could not be found (are you missing a using directive or an assembly reference?)
107>D:\Work\IOS-IG-SimHost-FDP-2\Hrot\Subsystems\Blueprints\Hrot.Blueprints.Tests\Runtime\WhenNodeRuntimeTests.cs(28,12,28,18): error CS0246: The type or namespace name 'Entity' could not be found (are you missing a using directive or an assembly reference?)
107>D:\Work\IOS-IG-SimHost-FDP-2\Hrot\Subsystems\Blueprints\Hrot.Blueprints.Tests\Debug\DebugMapExtensionTests.cs(771,43,771,49): error CS0246: The type or namespace name 'Entity' could not be found (are you missing a using directive or an assembly reference?)
107>D:\Work\IOS-IG-SimHost-FDP-2\Hrot\Subsystems\Blueprints\Hrot.Blueprints.Tests\Debug\ProbeIntegrationTests.cs(195,49,195,55): error CS0246: The type or namespace name 'Entity' could not be found (are you missing a using directive or an assembly reference?)
107>D:\Work\IOS-IG-SimHost-FDP-2\Hrot\Subsystems\Blueprints\Hrot.Blueprints.Tests\Runtime\WhenNodeRuntimeTests.cs(44,20,44,34): error CS0246: The type or namespace name 'CompileOptions' could not be found (are you missing a using directive or an assembly reference?)
107>D:\Work\IOS-IG-SimHost-FDP-2\Hrot\Subsystems\Blueprints\Hrot.Blueprints.Tests\Debug\StateInspectorTests.cs(39,44,39,50): error CS0246: The type or namespace name 'Entity' could not be found (are you missing a using directive or an assembly reference?)
107>D:\Work\IOS-IG-SimHost-FDP-2\Hrot\Subsystems\Blueprints\Hrot.Blueprints.Tests\Debug\StepTests.cs(39,49,39,55): error CS0246: The type or namespace name 'Entity' could not be found (are you missing a using directive or an assembly reference?)
107>D:\Work\IOS-IG-SimHost-FDP-2\Hrot\Subsystems\Blueprints\Hrot.Blueprints.Tests\Debug\StateInspectorTests.cs(41,16,41,28): error CS0246: The type or namespace name 'QueryBuilder' could not be found (are you missing a using directive or an assembly reference?)
107>D:\Work\IOS-IG-SimHost-FDP-2\Hrot\Subsystems\Blueprints\Hrot.Blueprints.Tests\Debug\ProbeIntegrationTests.cs(197,43,197,49): error CS0246: The type or namespace name 'Entity' could not be found (are you missing a using directive or an assembly reference?)
107>D:\Work\IOS-IG-SimHost-FDP-2\Hrot\Subsystems\Blueprints\Hrot.Blueprints.Tests\Debug\StepTests.cs(41,43,41,49): error CS0246: The type or namespace name 'Entity' could not be found (are you missing a using directive or an assembly reference?)
107>D:\Work\IOS-IG-SimHost-FDP-2\Hrot\Subsystems\Blueprints\Hrot.Blueprints.Tests\Debug\DebugMapExtensionTests.cs(774,16,774,28): error CS0246: The type or namespace name 'QueryBuilder' could not be found (are you missing a using directive or an assembly reference?)
107>D:\Work\IOS-IG-SimHost-FDP-2\Hrot\Subsystems\Blueprints\Hrot.Blueprints.Tests\Debug\WatchTests.cs(30,20,30,28): error CS0246: The type or namespace name 'DebugMap' could not be found (are you missing a using directive or an assembly reference?)
107>D:\Work\IOS-IG-SimHost-FDP-2\Hrot\Subsystems\Blueprints\Hrot.Blueprints.Tests\Debug\StateInspectorTests.cs(43,16,43,36): error CS0246: The type or namespace name 'IEntityCommandBuffer' could not be found (are you missing a using directive or an assembly reference?)
107>D:\Work\IOS-IG-SimHost-FDP-2\Hrot\Subsystems\Blueprints\Hrot.Blueprints.Tests\Debug\StepTests.cs(43,29,43,35): error CS0246: The type or namespace name 'Entity' could not be found (are you missing a using directive or an assembly reference?)
107>D:\Work\IOS-IG-SimHost-FDP-2\Hrot\Subsystems\Blueprints\Hrot.Blueprints.Tests\Debug\DebugMapExtensionTests.cs(776,16,776,36): error CS0246: The type or namespace name 'IEntityCommandBuffer' could not be found (are you missing a using directive or an assembly reference?)
107>D:\Work\IOS-IG-SimHost-FDP-2\Hrot\Subsystems\Blueprints\Hrot.Blueprints.Tests\Debug\StepTests.cs(44,37,44,43): error CS0246: The type or namespace name 'Entity' could not be found (are you missing a using directive or an assembly reference?)
107>D:\Work\IOS-IG-SimHost-FDP-2\Hrot\Subsystems\Blueprints\Hrot.Blueprints.Tests\Debug\ProbeIntegrationTests.cs(199,29,199,35): error CS0246: The type or namespace name 'Entity' could not be found (are you missing a using directive or an assembly reference?)
107>D:\Work\IOS-IG-SimHost-FDP-2\Hrot\Subsystems\Blueprints\Hrot.Blueprints.Tests\Debug\NodeHistoryTests.cs(47,49,47,55): error CS0246: The type or namespace name 'Entity' could not be found (are you missing a using directive or an assembly reference?)
107>D:\Work\IOS-IG-SimHost-FDP-2\Hrot\Subsystems\Blueprints\Hrot.Blueprints.Tests\Debug\StepTests.cs(45,44,45,50): error CS0246: The type or namespace name 'Entity' could not be found (are you missing a using directive or an assembly reference?)
107>D:\Work\IOS-IG-SimHost-FDP-2\Hrot\Subsystems\Blueprints\Hrot.Blueprints.Tests\Debug\WatchTests.cs(59,47,59,68): error CS0246: The type or namespace name 'BlueprintDebugSession' could not be found (are you missing a using directive or an assembly reference?)
107>D:\Work\IOS-IG-SimHost-FDP-2\Hrot\Subsystems\Blueprints\Hrot.Blueprints.Tests\Debug\WatchTests.cs(59,78,59,84): error CS0246: The type or namespace name 'Entity' could not be found (are you missing a using directive or an assembly reference?)
107>D:\Work\IOS-IG-SimHost-FDP-2\Hrot\Subsystems\Blueprints\Hrot.Blueprints.Tests\Runtime\WhenNodeRuntimeTests.cs(53,20,53,34): error CS0246: The type or namespace name 'CompileOptions' could not be found (are you missing a using directive or an assembly reference?)
107>D:\Work\IOS-IG-SimHost-FDP-2\Hrot\Subsystems\Blueprints\Hrot.Blueprints.Tests\Debug\StepTests.cs(47,16,47,28): error CS0246: The type or namespace name 'QueryBuilder' could not be found (are you missing a using directive or an assembly reference?)
107>D:\Work\IOS-IG-SimHost-FDP-2\Hrot\Subsystems\Blueprints\Hrot.Blueprints.Tests\Debug\NodeHistoryTests.cs(49,43,49,49): error CS0246: The type or namespace name 'Entity' could not be found (are you missing a using directive or an assembly reference?)
107>D:\Work\IOS-IG-SimHost-FDP-2\Hrot\Subsystems\Blueprints\Hrot.Blueprints.Tests\Debug\ProbeIntegrationTests.cs(200,37,200,43): error CS0246: The type or namespace name 'Entity' could not be found (are you missing a using directive or an assembly reference?)
107>D:\Work\IOS-IG-SimHost-FDP-2\Hrot\Subsystems\Blueprints\Hrot.Blueprints.Tests\Debug\StepTests.cs(50,16,50,36): error CS0246: The type or namespace name 'IEntityCommandBuffer' could not be found (are you missing a using directive or an assembly reference?)
107>D:\Work\IOS-IG-SimHost-FDP-2\Hrot\Subsystems\Blueprints\Hrot.Blueprints.Tests\Debug\NodeHistoryTests.cs(51,29,51,35): error CS0246: The type or namespace name 'Entity' could not be found (are you missing a using directive or an assembly reference?)
107>D:\Work\IOS-IG-SimHost-FDP-2\Hrot\Subsystems\Blueprints\Hrot.Blueprints.Tests\Debug\ProbeIntegrationTests.cs(201,44,201,50): error CS0246: The type or namespace name 'Entity' could not be found (are you missing a using directive or an assembly reference?)
107>D:\Work\IOS-IG-SimHost-FDP-2\Hrot\Subsystems\Blueprints\Hrot.Blueprints.Tests\Debug\NodeHistoryTests.cs(52,37,52,43): error CS0246: The type or namespace name 'Entity' could not be found (are you missing a using directive or an assembly reference?)
107>D:\Work\IOS-IG-SimHost-FDP-2\Hrot\Subsystems\Blueprints\Hrot.Blueprints.Tests\Debug\WatchTests.cs(39,47,39,62): error CS0246: The type or namespace name 'ISimulationView' could not be found (are you missing a using directive or an assembly reference?)
107>D:\Work\IOS-IG-SimHost-FDP-2\Hrot\Subsystems\Blueprints\Hrot.Blueprints.Tests\Debug\NodeHistoryTests.cs(53,44,53,50): error CS0246: The type or namespace name 'Entity' could not be found (are you missing a using directive or an assembly reference?)
107>D:\Work\IOS-IG-SimHost-FDP-2\Hrot\Subsystems\Blueprints\Hrot.Blueprints.Tests\Runtime\WhenNodeRuntimeTests.cs(99,9,99,23): error CS0246: The type or namespace name 'BlueprintAsset' could not be found (are you missing a using directive or an assembly reference?)
107>D:\Work\IOS-IG-SimHost-FDP-2\Hrot\Subsystems\Blueprints\Hrot.Blueprints.Tests\Runtime\WhenNodeRuntimeTests.cs(100,9,100,15): error CS0246: The type or namespace name 'Entity' could not be found (are you missing a using directive or an assembly reference?)
107>D:\Work\IOS-IG-SimHost-FDP-2\Hrot\Subsystems\Blueprints\Hrot.Blueprints.Tests\Debug\NodeHistoryTests.cs(55,16,55,28): error CS0246: The type or namespace name 'QueryBuilder' could not be found (are you missing a using directive or an assembly reference?)
107>D:\Work\IOS-IG-SimHost-FDP-2\Hrot\Subsystems\Blueprints\Hrot.Blueprints.Tests\Debug\NodeHistoryTests.cs(57,16,57,36): error CS0246: The type or namespace name 'IEntityCommandBuffer' could not be found (are you missing a using directive or an assembly reference?)
107>D:\Work\IOS-IG-SimHost-FDP-2\Hrot\Subsystems\Blueprints\Hrot.Blueprints.Tests\Debug\WatchTests.cs(43,49,43,55): error CS0246: The type or namespace name 'Entity' could not be found (are you missing a using directive or an assembly reference?)
107>D:\Work\IOS-IG-SimHost-FDP-2\Hrot\Subsystems\Blueprints\Hrot.Blueprints.Tests\Debug\ProbeIntegrationTests.cs(203,16,203,28): error CS0246: The type or namespace name 'QueryBuilder' could not be found (are you missing a using directive or an assembly reference?)
107>D:\Work\IOS-IG-SimHost-FDP-2\Hrot\Subsystems\Blueprints\Hrot.Blueprints.Tests\Debug\WatchTests.cs(45,43,45,49): error CS0246: The type or namespace name 'Entity' could not be found (are you missing a using directive or an assembly reference?)
107>D:\Work\IOS-IG-SimHost-FDP-2\Hrot\Subsystems\Blueprints\Hrot.Blueprints.Tests\Compiler\Stage6_LoweringTests\WhenNodeLoweringTests.cs(628,26,628,34): error CS0103: The name 'WhenEdge' does not exist in the current context
107>D:\Work\IOS-IG-SimHost-FDP-2\Hrot\Subsystems\Blueprints\Hrot.Blueprints.Tests\Debug\WatchTests.cs(47,29,47,35): error CS0246: The type or namespace name 'Entity' could not be found (are you missing a using directive or an assembly reference?)
107>D:\Work\IOS-IG-SimHost-FDP-2\Hrot\Subsystems\Blueprints\Hrot.Blueprints.Tests\Runtime\WhenNodeRuntimeTests.cs(121,9,121,23): error CS0246: The type or namespace name 'BlueprintAsset' could not be found (are you missing a using directive or an assembly reference?)
107>D:\Work\IOS-IG-SimHost-FDP-2\Hrot\Subsystems\Blueprints\Hrot.Blueprints.Tests\Runtime\WhenNodeRuntimeTests.cs(122,9,122,15): error CS0246: The type or namespace name 'Entity' could not be found (are you missing a using directive or an assembly reference?)
107>D:\Work\IOS-IG-SimHost-FDP-2\Hrot\Subsystems\Blueprints\Hrot.Blueprints.Tests\Compiler\WhenNodeValidatorTests.cs(667,34,667,51): error CS0103: The name 'ExecutionNodeHint' does not exist in the current context
107>D:\Work\IOS-IG-SimHost-FDP-2\Hrot\Subsystems\Blueprints\Hrot.Blueprints.Tests\Debug\ProbeIntegrationTests.cs(205,16,205,36): error CS0246: The type or namespace name 'IEntityCommandBuffer' could not be found (are you missing a using directive or an assembly reference?)
107>D:\Work\IOS-IG-SimHost-FDP-2\Hrot\Subsystems\Blueprints\Hrot.Blueprints.Tests\Debug\WatchTests.cs(48,37,48,43): error CS0246: The type or namespace name 'Entity' could not be found (are you missing a using directive or an assembly reference?)
107>D:\Work\IOS-IG-SimHost-FDP-2\Hrot\Subsystems\Blueprints\Hrot.Blueprints.Tests\Runtime\WhenNodeRuntimeTests.cs(145,9,145,23): error CS0246: The type or namespace name 'BlueprintAsset' could not be found (are you missing a using directive or an assembly reference?)
107>D:\Work\IOS-IG-SimHost-FDP-2\Hrot\Subsystems\Blueprints\Hrot.Blueprints.Tests\Runtime\WhenNodeRuntimeTests.cs(146,9,146,15): error CS0246: The type or namespace name 'Entity' could not be found (are you missing a using directive or an assembly reference?)
107>D:\Work\IOS-IG-SimHost-FDP-2\Hrot\Subsystems\Blueprints\Hrot.Blueprints.Tests\Runtime\WhenNodeRuntimeTests.cs(166,60,166,66): error CS0246: The type or namespace name 'Entity' could not be found (are you missing a using directive or an assembly reference?)
107>D:\Work\IOS-IG-SimHost-FDP-2\Hrot\Subsystems\Blueprints\Hrot.Blueprints.Tests\Debug\WatchTests.cs(49,44,49,50): error CS0246: The type or namespace name 'Entity' could not be found (are you missing a using directive or an assembly reference?)
107>D:\Work\IOS-IG-SimHost-FDP-2\Hrot\Subsystems\Blueprints\Hrot.Blueprints.Tests\Debug\WatchTests.cs(51,16,51,28): error CS0246: The type or namespace name 'QueryBuilder' could not be found (are you missing a using directive or an assembly reference?)
107>D:\Work\IOS-IG-SimHost-FDP-2\Hrot\Subsystems\Blueprints\Hrot.Blueprints.Tests\Debug\WatchTests.cs(54,16,54,36): error CS0246: The type or namespace name 'IEntityCommandBuffer' could not be found (are you missing a using directive or an assembly reference?)
107>D:\Work\IOS-IG-SimHost-FDP-2\Hrot\Subsystems\Blueprints\Hrot.Blueprints.Tests\Runtime\WhenNodeRuntimeTests.cs(177,9,177,17): error CS0246: The type or namespace name 'WhenEdge' could not be found (are you missing a using directive or an assembly reference?)
107>D:\Work\IOS-IG-SimHost-FDP-2\Hrot\Subsystems\Blueprints\Hrot.Blueprints.Tests\Runtime\WhenNodeRuntimeTests.cs(178,9,178,27): error CS0246: The type or namespace name 'ValueChangedSource' could not be found (are you missing a using directive or an assembly reference?)
107>D:\Work\IOS-IG-SimHost-FDP-2\Hrot\Subsystems\Blueprints\Hrot.Blueprints.Tests\Runtime\WhenNodeRuntimeTests.cs(176,21,176,35): error CS0246: The type or namespace name 'BlueprintAsset' could not be found (are you missing a using directive or an assembly reference?)
107>D:\Work\IOS-IG-SimHost-FDP-2\Hrot\Subsystems\Blueprints\Hrot.Blueprints.Tests\Runtime\WhenNodeRuntimeTests.cs(245,9,245,26): error CS0246: The type or namespace name 'EventTargetFilter' could not be found (are you missing a using directive or an assembly reference?)
107>D:\Work\IOS-IG-SimHost-FDP-2\Hrot\Subsystems\Blueprints\Hrot.Blueprints.Tests\Runtime\WhenNodeRuntimeTests.cs(247,9,247,25): error CS0246: The type or namespace name 'PayloadCondition' could not be found (are you missing a using directive or an assembly reference?)
107>D:\Work\IOS-IG-SimHost-FDP-2\Hrot\Subsystems\Blueprints\Hrot.Blueprints.Tests\Runtime\WhenNodeRuntimeTests.cs(243,20,243,34): error CS0246: The type or namespace name 'BlueprintAsset' could not be found (are you missing a using directive or an assembly reference?)
107>D:\Work\IOS-IG-SimHost-FDP-2\Hrot\Subsystems\Blueprints\Hrot.Blueprints.Tests\Runtime\WhenNodeRuntimeTests.cs(362,9,362,17): error CS0246: The type or namespace name 'WhenEdge' could not be found (are you missing a using directive or an assembly reference?)
107>D:\Work\IOS-IG-SimHost-FDP-2\Hrot\Subsystems\Blueprints\Hrot.Blueprints.Tests\Runtime\WhenNodeRuntimeTests.cs(361,21,361,35): error CS0246: The type or namespace name 'BlueprintAsset' could not be found (are you missing a using directive or an assembly reference?)
107>D:\Work\IOS-IG-SimHost-FDP-2\Hrot\Subsystems\Blueprints\Hrot.Blueprints.Tests\Runtime\WhenNodeRuntimeTests.cs(487,13,487,16): error CS0246: The type or namespace name 'Pin' could not be found (are you missing a using directive or an assembly reference?)
107>D:\Work\IOS-IG-SimHost-FDP-2\Hrot\Subsystems\Blueprints\Hrot.Blueprints.Tests\Runtime\WhenNodeRuntimeTests.cs(488,13,488,16): error CS0246: The type or namespace name 'Pin' could not be found (are you missing a using directive or an assembly reference?)
107>D:\Work\IOS-IG-SimHost-FDP-2\Hrot\Subsystems\Blueprints\Hrot.Blueprints.Tests\Runtime\WhenNodeRuntimeTests.cs(489,13,489,16): error CS0246: The type or namespace name 'Pin' could not be found (are you missing a using directive or an assembly reference?)
107>D:\Work\IOS-IG-SimHost-FDP-2\Hrot\Subsystems\Blueprints\Hrot.Blueprints.Tests\Runtime\WhenNodeRuntimeTests.cs(485,20,485,35): error CS0246: The type or namespace name 'SetVariableNode' could not be found (are you missing a using directive or an assembly reference?)
107>D:\Work\IOS-IG-SimHost-FDP-2\Hrot\Subsystems\Blueprints\Hrot.Blueprints.Tests\Runtime\WhenNodeRuntimeTests.cs(838,9,838,19): error CS0246: The type or namespace name 'EqsTrigger' could not be found (are you missing a using directive or an assembly reference?)
107>D:\Work\IOS-IG-SimHost-FDP-2\Hrot\Subsystems\Blueprints\Hrot.Blueprints.Tests\Runtime\WhenNodeRuntimeTests.cs(839,9,839,17): error CS0246: The type or namespace name 'WhenEdge' could not be found (are you missing a using directive or an assembly reference?)
107>D:\Work\IOS-IG-SimHost-FDP-2\Hrot\Subsystems\Blueprints\Hrot.Blueprints.Tests\Runtime\WhenNodeRuntimeTests.cs(837,21,837,35): error CS0246: The type or namespace name 'BlueprintAsset' could not be found (are you missing a using directive or an assembly reference?)
107>D:\Work\IOS-IG-SimHost-FDP-2\Hrot\Subsystems\Blueprints\Hrot.Blueprints.Tests\Runtime\WhenNodeRuntimeTests.cs(944,9,944,27): error CS0246: The type or namespace name 'EqsCognitiveBuffer' could not be found (are you missing a using directive or an assembly reference?)
107>D:\Work\IOS-IG-SimHost-FDP-2\Hrot\Subsystems\Blueprints\Hrot.Blueprints.Tests\Runtime\WhenNodeRuntimeTests.cs(945,9,945,18): error CS0246: The type or namespace name 'EqsSensor' could not be found (are you missing a using directive or an assembly reference?)
107>D:\Work\IOS-IG-SimHost-FDP-2\Hrot\Subsystems\Blueprints\Hrot.Blueprints.Tests\Runtime\WhenNodeRuntimeTests.cs(942,20,942,26): error CS0246: The type or namespace name 'Entity' could not be found (are you missing a using directive or an assembly reference?)
107>D:\Work\IOS-IG-SimHost-FDP-2\Hrot\Subsystems\Blueprints\Hrot.Blueprints.Tests\Runtime\WhenNodeRuntimeTests.cs(37,46,37,65): error CS0246: The type or namespace name 'IEngineEventCatalog' could not be found (are you missing a using directive or an assembly reference?)
107>D:\Work\IOS-IG-SimHost-FDP-2\Hrot\Subsystems\Blueprints\Hrot.Blueprints.Tests\Runtime\WhenNodeRuntimeTests.cs(40,57,40,80): error CS0246: The type or namespace name 'EngineEventCatalogEntry' could not be found (are you missing a using directive or an assembly reference?)
107>D:\Work\IOS-IG-SimHost-FDP-2\Hrot\Subsystems\Blueprints\Hrot.Blueprints.Tests\Runtime\WhenNodeRuntimeTests.cs(76,56,76,74): error CS0246: The type or namespace name 'IPredicateCompiler' could not be found (are you missing a using directive or an assembly reference?)
107>D:\Work\IOS-IG-SimHost-FDP-2\Hrot\Subsystems\Blueprints\Hrot.Blueprints.Tests\Runtime\WhenNodeRuntimeTests.cs(78,31,78,47): error CS0246: The type or namespace name 'EntityRepository' could not be found (are you missing a using directive or an assembly reference?)
107>D:\Work\IOS-IG-SimHost-FDP-2\Hrot\Subsystems\Blueprints\Hrot.Blueprints.Tests\Runtime\WhenNodeRuntimeTests.cs(78,49,78,55): error CS0246: The type or namespace name 'Entity' could not be found (are you missing a using directive or an assembly reference?)
107>D:\Work\IOS-IG-SimHost-FDP-2\Hrot\Subsystems\Blueprints\Hrot.Blueprints.Tests\Runtime\WhenNodeRuntimeTests.cs(79,49,79,65): error CS0246: The type or namespace name 'EntityRepository' could not be found (are you missing a using directive or an assembly reference?)
107>D:\Work\IOS-IG-SimHost-FDP-2\Hrot\Subsystems\Blueprints\Hrot.Blueprints.Tests\Runtime\WhenNodeRuntimeTests.cs(79,67,79,73): error CS0246: The type or namespace name 'Entity' could not be found (are you missing a using directive or an assembly reference?)
107>D:\Work\IOS-IG-SimHost-FDP-2\Hrot\Subsystems\Blueprints\Hrot.Blueprints.Tests\Runtime\WhenNodeRuntimeTests.cs(81,79,81,97): error CS0246: The type or namespace name 'SearchPredicateDto' could not be found (are you missing a using directive or an assembly reference?)
107>D:\Work\IOS-IG-SimHost-FDP-2\Hrot\Subsystems\Blueprints\Hrot.Blueprints.Tests\Runtime\WhenNodeRuntimeTests.cs(81,21,81,37): error CS0246: The type or namespace name 'EntityRepository' could not be found (are you missing a using directive or an assembly reference?)
107>D:\Work\IOS-IG-SimHost-FDP-2\Hrot\Subsystems\Blueprints\Hrot.Blueprints.Tests\Runtime\WhenNodeRuntimeTests.cs(81,39,81,45): error CS0246: The type or namespace name 'Entity' could not be found (are you missing a using directive or an assembly reference?)
107>D:\Work\IOS-IG-SimHost-FDP-2\Hrot\Subsystems\Blueprints\Hrot.Blueprints.Tests\Runtime\WhenNodeRuntimeTests.cs(85,13,85,31): error CS0246: The type or namespace name 'SearchPredicateDto' could not be found (are you missing a using directive or an assembly reference?)
107>D:\Work\IOS-IG-SimHost-FDP-2\Hrot\Subsystems\Blueprints\Hrot.Blueprints.Tests\Runtime\WhenNodeRuntimeTests.cs(89,56,89,80): error CS0246: The type or namespace name 'ISearchPredicateRegistry' could not be found (are you missing a using directive or an assembly reference?)
107>D:\Work\IOS-IG-SimHost-FDP-2\Hrot\Subsystems\Blueprints\Hrot.Blueprints.Tests\Runtime\WhenNodeRuntimeTests.cs(177,26,177,34): error CS0103: The name 'WhenEdge' does not exist in the current context
107>D:\Work\IOS-IG-SimHost-FDP-2\Hrot\Subsystems\Blueprints\Hrot.Blueprints.Tests\Runtime\WhenNodeRuntimeTests.cs(178,37,178,55): error CS0103: The name 'ValueChangedSource' does not exist in the current context
107>D:\Work\IOS-IG-SimHost-FDP-2\Hrot\Subsystems\Blueprints\Hrot.Blueprints.Tests\Runtime\WhenNodeRuntimeTests.cs(245,46,245,63): error CS0103: The name 'EventTargetFilter' does not exist in the current context
107>D:\Work\IOS-IG-SimHost-FDP-2\Hrot\Subsystems\Blueprints\Hrot.Blueprints.Tests\Runtime\WhenNodeRuntimeTests.cs(362,26,362,34): error CS0103: The name 'WhenEdge' does not exist in the current context
107>D:\Work\IOS-IG-SimHost-FDP-2\Hrot\Subsystems\Blueprints\Hrot.Blueprints.Tests\Runtime\WhenNodeRuntimeTests.cs(839,33,839,41): error CS0103: The name 'WhenEdge' does not exist in the current context
107>Done building project "Hrot.Blueprints.Tests.csproj" -- FAILED.
113>D:\Work\IOS-IG-SimHost-FDP-2\Hrot\Runner\Hrot.ClusterRunner.Tests\CgfHandlerRegistrationTests.cs(1,12,1,15): error CS0234: The type or namespace name 'CGF' does not exist in the namespace 'Hrot' (are you missing an assembly reference?)
113>D:\Work\IOS-IG-SimHost-FDP-2\Hrot\Runner\Hrot.ClusterRunner.Tests\CgfHandlerRegistrationTests.cs(2,7,2,10): error CS0246: The type or namespace name 'Fdp' could not be found (are you missing a using directive or an assembly reference?)
113>D:\Work\IOS-IG-SimHost-FDP-2\Hrot\Runner\Hrot.ClusterRunner.Tests\CgfSubsystemTests.cs(4,12,4,15): error CS0234: The type or namespace name 'CGF' does not exist in the namespace 'Hrot' (are you missing an assembly reference?)
113>D:\Work\IOS-IG-SimHost-FDP-2\Hrot\Runner\Hrot.ClusterRunner.Tests\CgfSubsystemTests.cs(5,12,5,18): error CS0234: The type or namespace name 'Common' does not exist in the namespace 'Hrot' (are you missing an assembly reference?)
113>D:\Work\IOS-IG-SimHost-FDP-2\Hrot\Runner\Hrot.ClusterRunner.Tests\CgfSubsystemTests.cs(6,12,6,18): error CS0234: The type or namespace name 'Common' does not exist in the namespace 'Hrot' (are you missing an assembly reference?)
113>D:\Work\IOS-IG-SimHost-FDP-2\Hrot\Runner\Hrot.ClusterRunner.Tests\CgfSubsystemTests.cs(7,12,7,15): error CS0234: The type or namespace name 'Map' does not exist in the namespace 'Hrot' (are you missing an assembly reference?)
113>D:\Work\IOS-IG-SimHost-FDP-2\Hrot\Runner\Hrot.ClusterRunner.Tests\CgfSubsystemTests.cs(8,12,8,19): error CS0234: The type or namespace name 'Network' does not exist in the namespace 'Hrot' (are you missing an assembly reference?)
113>D:\Work\IOS-IG-SimHost-FDP-2\Hrot\Runner\Hrot.ClusterRunner.Tests\CgfSubsystemTests.cs(9,7,9,10): error CS0246: The type or namespace name 'Fdp' could not be found (are you missing a using directive or an assembly reference?)
113>D:\Work\IOS-IG-SimHost-FDP-2\Hrot\Runner\Hrot.ClusterRunner.Tests\CgfSubsystemTests.cs(10,7,10,10): error CS0246: The type or namespace name 'Fdp' could not be found (are you missing a using directive or an assembly reference?)
113>D:\Work\IOS-IG-SimHost-FDP-2\Hrot\Runner\Hrot.ClusterRunner.Tests\CgfSubsystemTests.cs(11,7,11,10): error CS0246: The type or namespace name 'Fdp' could not be found (are you missing a using directive or an assembly reference?)
113>D:\Work\IOS-IG-SimHost-FDP-2\Hrot\Runner\Hrot.ClusterRunner.Tests\ClusterUiCacheTests.cs(12,25,12,28): error CS0246: The type or namespace name 'Fdp' could not be found (are you missing a using directive or an assembly reference?)
113>D:\Work\IOS-IG-SimHost-FDP-2\Hrot\Runner\Hrot.ClusterRunner.Tests\ClusterUiCacheTests.cs(11,25,11,28): error CS0246: The type or namespace name 'Fdp' could not be found (are you missing a using directive or an assembly reference?)
113>D:\Work\IOS-IG-SimHost-FDP-2\Hrot\Runner\Hrot.ClusterRunner.Tests\ClusterUiCacheTests.cs(13,30,13,33): error CS0234: The type or namespace name 'NED' does not exist in the namespace 'Hrot' (are you missing an assembly reference?)
113>D:\Work\IOS-IG-SimHost-FDP-2\Hrot\Runner\Hrot.ClusterRunner.Tests\ClusterUiCacheTests.cs(2,12,2,15): error CS0234: The type or namespace name 'NED' does not exist in the namespace 'Hrot' (are you missing an assembly reference?)
113>D:\Work\IOS-IG-SimHost-FDP-2\Hrot\Runner\Hrot.ClusterRunner.Tests\ClusterUiCacheTests.cs(3,12,3,24): error CS0234: The type or namespace name 'Orchestrator' does not exist in the namespace 'Hrot' (are you missing an assembly reference?)
113>D:\Work\IOS-IG-SimHost-FDP-2\Hrot\Runner\Hrot.ClusterRunner.Tests\ClusterUiCacheTests.cs(4,7,4,10): error CS0246: The type or namespace name 'Fdp' could not be found (are you missing a using directive or an assembly reference?)
113>D:\Work\IOS-IG-SimHost-FDP-2\Hrot\Runner\Hrot.ClusterRunner.Tests\ClusterUiCacheTests.cs(5,7,5,10): error CS0246: The type or namespace name 'Fdp' could not be found (are you missing a using directive or an assembly reference?)
113>D:\Work\IOS-IG-SimHost-FDP-2\Hrot\Runner\Hrot.ClusterRunner.Tests\ClusterUiCacheTests.cs(6,7,6,10): error CS0246: The type or namespace name 'Fdp' could not be found (are you missing a using directive or an assembly reference?)
113>D:\Work\IOS-IG-SimHost-FDP-2\Hrot\Runner\Hrot.ClusterRunner.Tests\ClusterUiCacheTests.cs(7,7,7,10): error CS0246: The type or namespace name 'Fdp' could not be found (are you missing a using directive or an assembly reference?)
112>D:\Work\IOS-IG-SimHost-FDP-2\Hrot\Runner\Hrot.ClusterRunner.Integration.Tests\AclBackdoorEliminationTests.cs(7,7,7,10): error CS0246: The type or namespace name 'Fdp' could not be found (are you missing a using directive or an assembly reference?)
112>D:\Work\IOS-IG-SimHost-FDP-2\Hrot\Runner\Hrot.ClusterRunner.Integration.Tests\AclBackdoorEliminationTests.cs(8,7,8,10): error CS0246: The type or namespace name 'Fdp' could not be found (are you missing a using directive or an assembly reference?)
112>D:\Work\IOS-IG-SimHost-FDP-2\Hrot\Runner\Hrot.ClusterRunner.Integration.Tests\AclBackdoorEliminationTests.cs(9,7,9,10): error CS0246: The type or namespace name 'Fdp' could not be found (are you missing a using directive or an assembly reference?)
112>D:\Work\IOS-IG-SimHost-FDP-2\Hrot\Runner\Hrot.ClusterRunner.Integration.Tests\AclBackdoorEliminationTests.cs(10,7,10,10): error CS0246: The type or namespace name 'Fdp' could not be found (are you missing a using directive or an assembly reference?)
112>D:\Work\IOS-IG-SimHost-FDP-2\Hrot\Runner\Hrot.ClusterRunner.Integration.Tests\AclBackdoorEliminationTests.cs(11,7,11,10): error CS0246: The type or namespace name 'Fdp' could not be found (are you missing a using directive or an assembly reference?)
112>D:\Work\IOS-IG-SimHost-FDP-2\Hrot\Runner\Hrot.ClusterRunner.Integration.Tests\AclBackdoorEliminationTests.cs(12,12,12,14): error CS0234: The type or namespace name 'IG' does not exist in the namespace 'Hrot' (are you missing an assembly reference?)
112>D:\Work\IOS-IG-SimHost-FDP-2\Hrot\Runner\Hrot.ClusterRunner.Integration.Tests\AclBackdoorEliminationTests.cs(13,12,13,15): error CS0234: The type or namespace name 'Map' does not exist in the namespace 'Hrot' (are you missing an assembly reference?)
112>D:\Work\IOS-IG-SimHost-FDP-2\Hrot\Runner\Hrot.ClusterRunner.Integration.Tests\AclBackdoorEliminationTests.cs(14,12,14,15): error CS0234: The type or namespace name 'Map' does not exist in the namespace 'Hrot' (are you missing an assembly reference?)
112>D:\Work\IOS-IG-SimHost-FDP-2\Hrot\Runner\Hrot.ClusterRunner.Integration.Tests\AclBackdoorEliminationTests.cs(15,12,15,15): error CS0234: The type or namespace name 'NED' does not exist in the namespace 'Hrot' (are you missing an assembly reference?)
112>D:\Work\IOS-IG-SimHost-FDP-2\Hrot\Runner\Hrot.ClusterRunner.Integration.Tests\AclBackdoorEliminationTests.cs(16,12,16,15): error CS0234: The type or namespace name 'NED' does not exist in the namespace 'Hrot' (are you missing an assembly reference?)
112>D:\Work\IOS-IG-SimHost-FDP-2\Hrot\Runner\Hrot.ClusterRunner.Integration.Tests\AllSubsystemsClusterTransitionTests.cs(20,27,20,30): error CS0234: The type or namespace name 'NED' does not exist in the namespace 'Hrot' (are you missing an assembly reference?)
112>D:\Work\IOS-IG-SimHost-FDP-2\Hrot\Runner\Hrot.ClusterRunner.Integration.Tests\AllSubsystemsClusterTransitionTests.cs(21,28,21,31): error CS0234: The type or namespace name 'NED' does not exist in the namespace 'Hrot' (are you missing an assembly reference?)
112>D:\Work\IOS-IG-SimHost-FDP-2\Hrot\Runner\Hrot.ClusterRunner.Integration.Tests\AllSubsystemsClusterTransitionTests.cs(8,7,8,10): error CS0246: The type or namespace name 'Fdp' could not be found (are you missing a using directive or an assembly reference?)
112>D:\Work\IOS-IG-SimHost-FDP-2\Hrot\Runner\Hrot.ClusterRunner.Integration.Tests\AllSubsystemsClusterTransitionTests.cs(9,7,9,10): error CS0246: The type or namespace name 'Fdp' could not be found (are you missing a using directive or an assembly reference?)
112>D:\Work\IOS-IG-SimHost-FDP-2\Hrot\Runner\Hrot.ClusterRunner.Integration.Tests\AllSubsystemsClusterTransitionTests.cs(10,12,10,15): error CS0234: The type or namespace name 'NED' does not exist in the namespace 'Hrot' (are you missing an assembly reference?)
112>D:\Work\IOS-IG-SimHost-FDP-2\Hrot\Runner\Hrot.ClusterRunner.Integration.Tests\AllSubsystemsClusterTransitionTests.cs(11,12,11,19): error CS0234: The type or namespace name 'Network' does not exist in the namespace 'Hrot' (are you missing an assembly reference?)
112>D:\Work\IOS-IG-SimHost-FDP-2\Hrot\Runner\Hrot.ClusterRunner.Integration.Tests\AllSubsystemsClusterTransitionTests.cs(12,12,12,24): error CS0234: The type or namespace name 'Orchestrator' does not exist in the namespace 'Hrot' (are you missing an assembly reference?)
112>D:\Work\IOS-IG-SimHost-FDP-2\Hrot\Runner\Hrot.ClusterRunner.Integration.Tests\AllSubsystemsClusterTransitionTests.cs(13,12,13,19): error CS0234: The type or namespace name 'SimHost' does not exist in the namespace 'Hrot' (are you missing an assembly reference?)
112>D:\Work\IOS-IG-SimHost-FDP-2\Hrot\Runner\Hrot.ClusterRunner.Integration.Tests\AllSubsystemsClusterTransitionTests.cs(14,12,14,14): error CS0234: The type or namespace name 'IG' does not exist in the namespace 'Hrot' (are you missing an assembly reference?)
112>D:\Work\IOS-IG-SimHost-FDP-2\Hrot\Runner\Hrot.ClusterRunner.Integration.Tests\AllSubsystemsClusterTransitionTests.cs(15,12,15,17): error CS0234: The type or namespace name 'ExCon' does not exist in the namespace 'Hrot' (are you missing an assembly reference?)
112>D:\Work\IOS-IG-SimHost-FDP-2\Hrot\Runner\Hrot.ClusterRunner.Integration.Tests\AllSubsystemsClusterTransitionTests.cs(16,12,16,18): error CS0234: The type or namespace name 'Common' does not exist in the namespace 'Hrot' (are you missing an assembly reference?)
112>D:\Work\IOS-IG-SimHost-FDP-2\Hrot\Runner\Hrot.ClusterRunner.Integration.Tests\AllSubsystemsClusterTransitionTests.cs(17,12,17,15): error CS0234: The type or namespace name 'Map' does not exist in the namespace 'Hrot' (are you missing an assembly reference?)
112>D:\Work\IOS-IG-SimHost-FDP-2\Hrot\Runner\Hrot.ClusterRunner.Integration.Tests\AllSubsystemsClusterTransitionTests.cs(18,7,18,10): error CS0246: The type or namespace name 'Fdp' could not be found (are you missing a using directive or an assembly reference?)
112>D:\Work\IOS-IG-SimHost-FDP-2\Hrot\Runner\Hrot.ClusterRunner.Integration.Tests\AllSubsystemsSpawnMovingVehicleTests.cs(6,27,6,31): error CS0234: The type or namespace name 'Core' does not exist in the namespace 'Hrot' (are you missing an assembly reference?)
112>D:\Work\IOS-IG-SimHost-FDP-2\Hrot\Runner\Hrot.ClusterRunner.Integration.Tests\AllSubsystemsSpawnMovingVehicleTests.cs(4,12,4,15): error CS0234: The type or namespace name 'Map' does not exist in the namespace 'Hrot' (are you missing an assembly reference?)
112>D:\Work\IOS-IG-SimHost-FDP-2\Hrot\Runner\Hrot.ClusterRunner.Integration.Tests\AllSubsystemsSpawnMovingVehicleTests.cs(5,12,5,15): error CS0234: The type or namespace name 'NED' does not exist in the namespace 'Hrot' (are you missing an assembly reference?)
112>D:\Work\IOS-IG-SimHost-FDP-2\Hrot\Runner\Hrot.ClusterRunner.Integration.Tests\AllSubsystemsSpawnMovingVehicleTests.cs(7,12,7,15): error CS0234: The type or namespace name 'NED' does not exist in the namespace 'Hrot' (are you missing an assembly reference?)
112>D:\Work\IOS-IG-SimHost-FDP-2\Hrot\Runner\Hrot.ClusterRunner.Integration.Tests\AllSubsystemsSpawnMovingVehicleTests.cs(8,12,8,15): error CS0234: The type or namespace name 'NED' does not exist in the namespace 'Hrot' (are you missing an assembly reference?)
112>D:\Work\IOS-IG-SimHost-FDP-2\Hrot\Runner\Hrot.ClusterRunner.Integration.Tests\AllSubsystemsSpawnMovingVehicleTests.cs(10,7,10,10): error CS0246: The type or namespace name 'Fdp' could not be found (are you missing a using directive or an assembly reference?)
112>D:\Work\IOS-IG-SimHost-FDP-2\Hrot\Runner\Hrot.ClusterRunner.Integration.Tests\AllSubsystemsSpawnMovingVehicleTests.cs(11,7,11,10): error CS0246: The type or namespace name 'Fdp' could not be found (are you missing a using directive or an assembly reference?)
112>D:\Work\IOS-IG-SimHost-FDP-2\Hrot\Runner\Hrot.ClusterRunner.Integration.Tests\AllSubsystemsSpawnMovingVehicleTests.cs(12,7,12,10): error CS0246: The type or namespace name 'Fdp' could not be found (are you missing a using directive or an assembly reference?)
112>D:\Work\IOS-IG-SimHost-FDP-2\Hrot\Runner\Hrot.ClusterRunner.Integration.Tests\AreaAuthoringIntegrationTests.cs(3,12,3,15): error CS0234: The type or namespace name 'NED' does not exist in the namespace 'Hrot' (are you missing an assembly reference?)
112>D:\Work\IOS-IG-SimHost-FDP-2\Hrot\Runner\Hrot.ClusterRunner.Integration.Tests\AreaAuthoringIntegrationTests.cs(4,12,4,15): error CS0234: The type or namespace name 'NED' does not exist in the namespace 'Hrot' (are you missing an assembly reference?)
112>D:\Work\IOS-IG-SimHost-FDP-2\Hrot\Runner\Hrot.ClusterRunner.Integration.Tests\AreaAuthoringIntegrationTests.cs(5,12,5,14): error CS0234: The type or namespace name 'IG' does not exist in the namespace 'Hrot' (are you missing an assembly reference?)
112>D:\Work\IOS-IG-SimHost-FDP-2\Hrot\Runner\Hrot.ClusterRunner.Integration.Tests\AreaAuthoringIntegrationTests.cs(6,12,6,15): error CS0234: The type or namespace name 'Map' does not exist in the namespace 'Hrot' (are you missing an assembly reference?)
112>D:\Work\IOS-IG-SimHost-FDP-2\Hrot\Runner\Hrot.ClusterRunner.Integration.Tests\AreaAuthoringIntegrationTests.cs(8,7,8,10): error CS0246: The type or namespace name 'Fdp' could not be found (are you missing a using directive or an assembly reference?)
112>D:\Work\IOS-IG-SimHost-FDP-2\Hrot\Runner\Hrot.ClusterRunner.Integration.Tests\AreaAuthoringIntegrationTests.cs(9,7,9,10): error CS0246: The type or namespace name 'Fdp' could not be found (are you missing a using directive or an assembly reference?)
112>D:\Work\IOS-IG-SimHost-FDP-2\Hrot\Runner\Hrot.ClusterRunner.Integration.Tests\BreakpointSubsystemWiringTests.cs(6,7,6,10): error CS0246: The type or namespace name 'Fdp' could not be found (are you missing a using directive or an assembly reference?)
112>D:\Work\IOS-IG-SimHost-FDP-2\Hrot\Runner\Hrot.ClusterRunner.Integration.Tests\BreakpointSubsystemWiringTests.cs(7,7,7,10): error CS0246: The type or namespace name 'Fdp' could not be found (are you missing a using directive or an assembly reference?)
112>D:\Work\IOS-IG-SimHost-FDP-2\Hrot\Runner\Hrot.ClusterRunner.Integration.Tests\BreakpointSubsystemWiringTests.cs(8,7,8,10): error CS0246: The type or namespace name 'Fdp' could not be found (are you missing a using directive or an assembly reference?)
112>D:\Work\IOS-IG-SimHost-FDP-2\Hrot\Runner\Hrot.ClusterRunner.Integration.Tests\BreakpointSubsystemWiringTests.cs(9,7,9,10): error CS0246: The type or namespace name 'Fdp' could not be found (are you missing a using directive or an assembly reference?)
112>D:\Work\IOS-IG-SimHost-FDP-2\Hrot\Runner\Hrot.ClusterRunner.Integration.Tests\BreakpointSubsystemWiringTests.cs(10,7,10,10): error CS0246: The type or namespace name 'Fdp' could not be found (are you missing a using directive or an assembly reference?)
112>D:\Work\IOS-IG-SimHost-FDP-2\Hrot\Runner\Hrot.ClusterRunner.Integration.Tests\BreakpointSubsystemWiringTests.cs(11,12,11,22): error CS0234: The type or namespace name 'Blueprints' does not exist in the namespace 'Hrot' (are you missing an assembly reference?)
112>D:\Work\IOS-IG-SimHost-FDP-2\Hrot\Runner\Hrot.ClusterRunner.Integration.Tests\BreakpointSubsystemWiringTests.cs(12,12,12,15): error CS0234: The type or namespace name 'CGF' does not exist in the namespace 'Hrot' (are you missing an assembly reference?)
112>D:\Work\IOS-IG-SimHost-FDP-2\Hrot\Runner\Hrot.ClusterRunner.Integration.Tests\BreakpointSubsystemWiringTests.cs(13,12,13,23): error CS0234: The type or namespace name 'Diagnostics' does not exist in the namespace 'Hrot' (are you missing an assembly reference?)
112>D:\Work\IOS-IG-SimHost-FDP-2\Hrot\Runner\Hrot.ClusterRunner.Integration.Tests\BreakpointSubsystemWiringTests.cs(14,12,14,18): error CS0234: The type or namespace name 'Editor' does not exist in the namespace 'Hrot' (are you missing an assembly reference?)
112>D:\Work\IOS-IG-SimHost-FDP-2\Hrot\Runner\Hrot.ClusterRunner.Integration.Tests\BreakpointSubsystemWiringTests.cs(15,12,15,24): error CS0234: The type or namespace name 'Presentation' does not exist in the namespace 'Hrot' (are you missing an assembly reference?)
112>D:\Work\IOS-IG-SimHost-FDP-2\Hrot\Runner\Hrot.ClusterRunner.Integration.Tests\CgfComponentRegistryTests.cs(1,7,1,15): error CS0246: The type or namespace name 'CarKinem' could not be found (are you missing a using directive or an assembly reference?)
112>D:\Work\IOS-IG-SimHost-FDP-2\Hrot\Runner\Hrot.ClusterRunner.Integration.Tests\CgfComponentRegistryTests.cs(2,7,2,10): error CS0246: The type or namespace name 'Fdp' could not be found (are you missing a using directive or an assembly reference?)
112>D:\Work\IOS-IG-SimHost-FDP-2\Hrot\Runner\Hrot.ClusterRunner.Integration.Tests\CgfComponentRegistryTests.cs(3,7,3,10): error CS0246: The type or namespace name 'Fdp' could not be found (are you missing a using directive or an assembly reference?)
112>D:\Work\IOS-IG-SimHost-FDP-2\Hrot\Runner\Hrot.ClusterRunner.Integration.Tests\CgfComponentRegistryTests.cs(4,7,4,10): error CS0246: The type or namespace name 'Fdp' could not be found (are you missing a using directive or an assembly reference?)
112>D:\Work\IOS-IG-SimHost-FDP-2\Hrot\Runner\Hrot.ClusterRunner.Integration.Tests\CgfComponentRegistryTests.cs(5,12,5,15): error CS0234: The type or namespace name 'CGF' does not exist in the namespace 'Hrot' (are you missing an assembly reference?)
112>D:\Work\IOS-IG-SimHost-FDP-2\Hrot\Runner\Hrot.ClusterRunner.Integration.Tests\CgfHarness.cs(3,7,3,10): error CS0246: The type or namespace name 'Fdp' could not be found (are you missing a using directive or an assembly reference?)
112>D:\Work\IOS-IG-SimHost-FDP-2\Hrot\Runner\Hrot.ClusterRunner.Integration.Tests\CgfHarness.cs(4,7,4,10): error CS0246: The type or namespace name 'Fdp' could not be found (are you missing a using directive or an assembly reference?)
112>D:\Work\IOS-IG-SimHost-FDP-2\Hrot\Runner\Hrot.ClusterRunner.Integration.Tests\CgfHarness.cs(5,7,5,10): error CS0246: The type or namespace name 'Fdp' could not be found (are you missing a using directive or an assembly reference?)
112>D:\Work\IOS-IG-SimHost-FDP-2\Hrot\Runner\Hrot.ClusterRunner.Integration.Tests\CgfHarness.cs(6,12,6,15): error CS0234: The type or namespace name 'CGF' does not exist in the namespace 'Hrot' (are you missing an assembly reference?)
112>D:\Work\IOS-IG-SimHost-FDP-2\Hrot\Runner\Hrot.ClusterRunner.Integration.Tests\CgfHarness.cs(7,12,7,18): error CS0234: The type or namespace name 'Common' does not exist in the namespace 'Hrot' (are you missing an assembly reference?)
112>D:\Work\IOS-IG-SimHost-FDP-2\Hrot\Runner\Hrot.ClusterRunner.Integration.Tests\CgfHarness.cs(8,12,8,15): error CS0234: The type or namespace name 'Map' does not exist in the namespace 'Hrot' (are you missing an assembly reference?)
112>D:\Work\IOS-IG-SimHost-FDP-2\Hrot\Runner\Hrot.ClusterRunner.Integration.Tests\CgfHarness.cs(9,12,9,19): error CS0234: The type or namespace name 'Network' does not exist in the namespace 'Hrot' (are you missing an assembly reference?)
112>D:\Work\IOS-IG-SimHost-FDP-2\Hrot\Runner\Hrot.ClusterRunner.Integration.Tests\CgfRecordingIntegrationTests.cs(8,28,8,31): error CS0234: The type or namespace name 'NED' does not exist in the namespace 'Hrot' (are you missing an assembly reference?)
112>D:\Work\IOS-IG-SimHost-FDP-2\Hrot\Runner\Hrot.ClusterRunner.Integration.Tests\CgfRecordingIntegrationTests.cs(9,28,9,31): error CS0234: The type or namespace name 'NED' does not exist in the namespace 'Hrot' (are you missing an assembly reference?)
112>D:\Work\IOS-IG-SimHost-FDP-2\Hrot\Runner\Hrot.ClusterRunner.Integration.Tests\CgfRecordingIntegrationTests.cs(5,7,5,10): error CS0246: The type or namespace name 'Fdp' could not be found (are you missing a using directive or an assembly reference?)
112>D:\Work\IOS-IG-SimHost-FDP-2\Hrot\Runner\Hrot.ClusterRunner.Integration.Tests\CgfRecordingIntegrationTests.cs(6,12,6,15): error CS0234: The type or namespace name 'NED' does not exist in the namespace 'Hrot' (are you missing an assembly reference?)
112>D:\Work\IOS-IG-SimHost-FDP-2\Hrot\Runner\Hrot.ClusterRunner.Integration.Tests\CgfSubsystemHeadlessTests.cs(18,32,18,35): error CS0234: The type or namespace name 'NED' does not exist in the namespace 'Hrot' (are you missing an assembly reference?)
112>D:\Work\IOS-IG-SimHost-FDP-2\Hrot\Runner\Hrot.ClusterRunner.Integration.Tests\CgfSubsystemHeadlessTests.cs(5,27,5,31): error CS0234: The type or namespace name 'Core' does not exist in the namespace 'Hrot' (are you missing an assembly reference?)
112>D:\Work\IOS-IG-SimHost-FDP-2\Hrot\Runner\Hrot.ClusterRunner.Integration.Tests\CgfSubsystemHeadlessTests.cs(4,12,4,15): error CS0234: The type or namespace name 'NED' does not exist in the namespace 'Hrot' (are you missing an assembly reference?)
112>D:\Work\IOS-IG-SimHost-FDP-2\Hrot\Runner\Hrot.ClusterRunner.Integration.Tests\CgfSubsystemHeadlessTests.cs(6,12,6,15): error CS0234: The type or namespace name 'NED' does not exist in the namespace 'Hrot' (are you missing an assembly reference?)
112>D:\Work\IOS-IG-SimHost-FDP-2\Hrot\Runner\Hrot.ClusterRunner.Integration.Tests\CgfSubsystemHeadlessTests.cs(7,12,7,15): error CS0234: The type or namespace name 'NED' does not exist in the namespace 'Hrot' (are you missing an assembly reference?)
112>D:\Work\IOS-IG-SimHost-FDP-2\Hrot\Runner\Hrot.ClusterRunner.Integration.Tests\CgfSubsystemHeadlessTests.cs(8,12,8,15): error CS0234: The type or namespace name 'Map' does not exist in the namespace 'Hrot' (are you missing an assembly reference?)
112>D:\Work\IOS-IG-SimHost-FDP-2\Hrot\Runner\Hrot.ClusterRunner.Integration.Tests\CgfSubsystemHeadlessTests.cs(9,12,9,14): error CS0234: The type or namespace name 'IG' does not exist in the namespace 'Hrot' (are you missing an assembly reference?)
112>D:\Work\IOS-IG-SimHost-FDP-2\Hrot\Runner\Hrot.ClusterRunner.Integration.Tests\CgfSubsystemHeadlessTests.cs(10,7,10,10): error CS0246: The type or namespace name 'Fdp' could not be found (are you missing a using directive or an assembly reference?)
112>D:\Work\IOS-IG-SimHost-FDP-2\Hrot\Runner\Hrot.ClusterRunner.Integration.Tests\CgfSubsystemHeadlessTests.cs(11,7,11,10): error CS0246: The type or namespace name 'Fdp' could not be found (are you missing a using directive or an assembly reference?)
112>D:\Work\IOS-IG-SimHost-FDP-2\Hrot\Runner\Hrot.ClusterRunner.Integration.Tests\CgfSubsystemHeadlessTests.cs(13,7,13,10): error CS0246: The type or namespace name 'Fdp' could not be found (are you missing a using directive or an assembly reference?)
112>D:\Work\IOS-IG-SimHost-FDP-2\Hrot\Runner\Hrot.ClusterRunner.Integration.Tests\CgfSubsystemHeadlessTests.cs(14,7,14,10): error CS0246: The type or namespace name 'Fdp' could not be found (are you missing a using directive or an assembly reference?)
112>D:\Work\IOS-IG-SimHost-FDP-2\Hrot\Runner\Hrot.ClusterRunner.Integration.Tests\ClusterOpE2eScriptTests.cs(6,7,6,10): error CS0246: The type or namespace name 'Fdp' could not be found (are you missing a using directive or an assembly reference?)
112>D:\Work\IOS-IG-SimHost-FDP-2\Hrot\Runner\Hrot.ClusterRunner.Integration.Tests\ClusterOpE2eScriptTests.cs(7,7,7,10): error CS0246: The type or namespace name 'Fdp' could not be found (are you missing a using directive or an assembly reference?)
112>D:\Work\IOS-IG-SimHost-FDP-2\Hrot\Runner\Hrot.ClusterRunner.Integration.Tests\ClusterOpE2eScriptTests.cs(8,12,8,18): error CS0234: The type or namespace name 'Common' does not exist in the namespace 'Hrot' (are you missing an assembly reference?)
112>D:\Work\IOS-IG-SimHost-FDP-2\Hrot\Runner\Hrot.ClusterRunner.Integration.Tests\ClusterOpE2eScriptTests.cs(9,12,9,15): error CS0234: The type or namespace name 'Map' does not exist in the namespace 'Hrot' (are you missing an assembly reference?)
112>D:\Work\IOS-IG-SimHost-FDP-2\Hrot\Runner\Hrot.ClusterRunner.Integration.Tests\ClusterOpE2eScriptTests.cs(10,12,10,15): error CS0234: The type or namespace name 'NED' does not exist in the namespace 'Hrot' (are you missing an assembly reference?)
112>D:\Work\IOS-IG-SimHost-FDP-2\Hrot\Runner\Hrot.ClusterRunner.Integration.Tests\ClusterOpE2eScriptTests.cs(11,12,11,19): error CS0234: The type or namespace name 'Network' does not exist in the namespace 'Hrot' (are you missing an assembly reference?)
113>D:\Work\IOS-IG-SimHost-FDP-2\Hrot\Runner\Hrot.ClusterRunner.Tests\ClusterUiCacheTests.cs(8,7,8,10): error CS0246: The type or namespace name 'Fdp' could not be found (are you missing a using directive or an assembly reference?)
113>D:\Work\IOS-IG-SimHost-FDP-2\Hrot\Runner\Hrot.ClusterRunner.Tests\ClusterUiCacheTests.cs(9,7,9,10): error CS0246: The type or namespace name 'Fdp' could not be found (are you missing a using directive or an assembly reference?)
113>D:\Work\IOS-IG-SimHost-FDP-2\Hrot\Runner\Hrot.ClusterRunner.Tests\Configuration\RunModeTests.cs(2,26,2,39): error CS0234: The type or namespace name 'Configuration' does not exist in the namespace 'Hrot.ClusterRunner' (are you missing an assembly reference?)
113>D:\Work\IOS-IG-SimHost-FDP-2\Hrot\Runner\Hrot.ClusterRunner.Tests\DataDrivenGizmoPredicateTests.cs(8,23,8,26): error CS0246: The type or namespace name 'Fdp' could not be found (are you missing a using directive or an assembly reference?)
113>D:\Work\IOS-IG-SimHost-FDP-2\Hrot\Runner\Hrot.ClusterRunner.Tests\DataDrivenGizmoPredicateTests.cs(3,7,3,10): error CS0246: The type or namespace name 'Fdp' could not be found (are you missing a using directive or an assembly reference?)
113>D:\Work\IOS-IG-SimHost-FDP-2\Hrot\Runner\Hrot.ClusterRunner.Tests\DataDrivenGizmoPredicateTests.cs(4,7,4,10): error CS0246: The type or namespace name 'Fdp' could not be found (are you missing a using directive or an assembly reference?)
113>D:\Work\IOS-IG-SimHost-FDP-2\Hrot\Runner\Hrot.ClusterRunner.Tests\DataDrivenGizmoPredicateTests.cs(5,7,5,10): error CS0246: The type or namespace name 'Fdp' could not be found (are you missing a using directive or an assembly reference?)
113>D:\Work\IOS-IG-SimHost-FDP-2\Hrot\Runner\Hrot.ClusterRunner.Tests\DataDrivenGizmoPredicateTests.cs(6,7,6,10): error CS0246: The type or namespace name 'Fdp' could not be found (are you missing a using directive or an assembly reference?)
113>D:\Work\IOS-IG-SimHost-FDP-2\Hrot\Runner\Hrot.ClusterRunner.Tests\DataDrivenGizmoPredicateTests.cs(9,7,9,10): error CS0246: The type or namespace name 'Fdp' could not be found (are you missing a using directive or an assembly reference?)
113>D:\Work\IOS-IG-SimHost-FDP-2\Hrot\Runner\Hrot.ClusterRunner.Tests\DataDrivenGizmoPredicateTests.cs(10,7,10,10): error CS0246: The type or namespace name 'Fdp' could not be found (are you missing a using directive or an assembly reference?)
113>D:\Work\IOS-IG-SimHost-FDP-2\Hrot\Runner\Hrot.ClusterRunner.Tests\ExConHandlerRegistrationTests.cs(1,12,1,17): error CS0234: The type or namespace name 'ExCon' does not exist in the namespace 'Hrot' (are you missing an assembly reference?)
113>D:\Work\IOS-IG-SimHost-FDP-2\Hrot\Runner\Hrot.ClusterRunner.Tests\ExConHandlerRegistrationTests.cs(2,7,2,10): error CS0246: The type or namespace name 'Fdp' could not be found (are you missing a using directive or an assembly reference?)
113>D:\Work\IOS-IG-SimHost-FDP-2\Hrot\Runner\Hrot.ClusterRunner.Tests\ExConSubsystemTests.cs(3,12,3,17): error CS0234: The type or namespace name 'ExCon' does not exist in the namespace 'Hrot' (are you missing an assembly reference?)
113>D:\Work\IOS-IG-SimHost-FDP-2\Hrot\Runner\Hrot.ClusterRunner.Tests\ExConSubsystemTests.cs(4,7,4,10): error CS0246: The type or namespace name 'Fdp' could not be found (are you missing a using directive or an assembly reference?)
113>D:\Work\IOS-IG-SimHost-FDP-2\Hrot\Runner\Hrot.ClusterRunner.Tests\EyesAndMuscleSubsystemTests.cs(3,7,3,10): error CS0246: The type or namespace name 'Fdp' could not be found (are you missing a using directive or an assembly reference?)
113>D:\Work\IOS-IG-SimHost-FDP-2\Hrot\Runner\Hrot.ClusterRunner.Tests\EyesAndMuscleSubsystemTests.cs(4,26,4,34): error CS0234: The type or namespace name 'Services' does not exist in the namespace 'Hrot.ClusterRunner' (are you missing an assembly reference?)
113>D:\Work\IOS-IG-SimHost-FDP-2\Hrot\Runner\Hrot.ClusterRunner.Tests\EyesAndMuscleSubsystemTests.cs(5,12,5,19): error CS0234: The type or namespace name 'SimHost' does not exist in the namespace 'Hrot' (are you missing an assembly reference?)
113>D:\Work\IOS-IG-SimHost-FDP-2\Hrot\Runner\Hrot.ClusterRunner.Tests\EyesAndMuscleSubsystemTests.cs(6,12,6,18): error CS0234: The type or namespace name 'Common' does not exist in the namespace 'Hrot' (are you missing an assembly reference?)
113>D:\Work\IOS-IG-SimHost-FDP-2\Hrot\Runner\Hrot.ClusterRunner.Tests\GlobalUsings.cs(2,14,2,17): error CS0246: The type or namespace name 'Fdp' could not be found (are you missing a using directive or an assembly reference?)
113>D:\Work\IOS-IG-SimHost-FDP-2\Hrot\Runner\Hrot.ClusterRunner.Tests\GlobalUsings.cs(3,14,3,17): error CS0246: The type or namespace name 'Fdp' could not be found (are you missing a using directive or an assembly reference?)
113>D:\Work\IOS-IG-SimHost-FDP-2\Hrot\Runner\Hrot.ClusterRunner.Tests\HexagonalBoundaryTests.cs(23,37,23,41): error CS0234: The type or namespace name 'Core' does not exist in the namespace 'Hrot' (are you missing an assembly reference?)
113>D:\Work\IOS-IG-SimHost-FDP-2\Hrot\Runner\Hrot.ClusterRunner.Tests\HexagonalBoundaryTests.cs(5,7,5,10): error CS0246: The type or namespace name 'Fdp' could not be found (are you missing a using directive or an assembly reference?)
113>D:\Work\IOS-IG-SimHost-FDP-2\Hrot\Runner\Hrot.ClusterRunner.Tests\HexagonalBoundaryTests.cs(6,7,6,10): error CS0246: The type or namespace name 'Fdp' could not be found (are you missing a using directive or an assembly reference?)
113>D:\Work\IOS-IG-SimHost-FDP-2\Hrot\Runner\Hrot.ClusterRunner.Tests\HexagonalBoundaryTests.cs(7,7,7,10): error CS0246: The type or namespace name 'Fdp' could not be found (are you missing a using directive or an assembly reference?)
113>D:\Work\IOS-IG-SimHost-FDP-2\Hrot\Runner\Hrot.ClusterRunner.Tests\HexagonalBoundaryTests.cs(8,7,8,10): error CS0246: The type or namespace name 'Fdp' could not be found (are you missing a using directive or an assembly reference?)
113>D:\Work\IOS-IG-SimHost-FDP-2\Hrot\Runner\Hrot.ClusterRunner.Tests\HexagonalBoundaryTests.cs(9,7,9,10): error CS0246: The type or namespace name 'Fdp' could not be found (are you missing a using directive or an assembly reference?)
113>D:\Work\IOS-IG-SimHost-FDP-2\Hrot\Runner\Hrot.ClusterRunner.Tests\HexagonalBoundaryTests.cs(10,7,10,10): error CS0246: The type or namespace name 'Fdp' could not be found (are you missing a using directive or an assembly reference?)
113>D:\Work\IOS-IG-SimHost-FDP-2\Hrot\Runner\Hrot.ClusterRunner.Tests\HexagonalBoundaryTests.cs(11,7,11,10): error CS0246: The type or namespace name 'Fdp' could not be found (are you missing a using directive or an assembly reference?)
113>D:\Work\IOS-IG-SimHost-FDP-2\Hrot\Runner\Hrot.ClusterRunner.Tests\HexagonalBoundaryTests.cs(12,7,12,10): error CS0246: The type or namespace name 'Fdp' could not be found (are you missing a using directive or an assembly reference?)
113>D:\Work\IOS-IG-SimHost-FDP-2\Hrot\Runner\Hrot.ClusterRunner.Tests\HexagonalBoundaryTests.cs(13,7,13,10): error CS0246: The type or namespace name 'Fdp' could not be found (are you missing a using directive or an assembly reference?)
113>D:\Work\IOS-IG-SimHost-FDP-2\Hrot\Runner\Hrot.ClusterRunner.Tests\HexagonalBoundaryTests.cs(14,7,14,10): error CS0246: The type or namespace name 'Fdp' could not be found (are you missing a using directive or an assembly reference?)
113>D:\Work\IOS-IG-SimHost-FDP-2\Hrot\Runner\Hrot.ClusterRunner.Tests\HexagonalBoundaryTests.cs(15,7,15,10): error CS0246: The type or namespace name 'Fdp' could not be found (are you missing a using directive or an assembly reference?)
113>D:\Work\IOS-IG-SimHost-FDP-2\Hrot\Runner\Hrot.ClusterRunner.Tests\HexagonalBoundaryTests.cs(16,12,16,18): error CS0234: The type or namespace name 'Common' does not exist in the namespace 'Hrot' (are you missing an assembly reference?)
113>D:\Work\IOS-IG-SimHost-FDP-2\Hrot\Runner\Hrot.ClusterRunner.Tests\HexagonalBoundaryTests.cs(17,12,17,18): error CS0234: The type or namespace name 'Common' does not exist in the namespace 'Hrot' (are you missing an assembly reference?)
113>D:\Work\IOS-IG-SimHost-FDP-2\Hrot\Runner\Hrot.ClusterRunner.Tests\HexagonalBoundaryTests.cs(18,12,18,18): error CS0234: The type or namespace name 'Common' does not exist in the namespace 'Hrot' (are you missing an assembly reference?)
113>D:\Work\IOS-IG-SimHost-FDP-2\Hrot\Runner\Hrot.ClusterRunner.Tests\HexagonalBoundaryTests.cs(19,12,19,16): error CS0234: The type or namespace name 'Core' does not exist in the namespace 'Hrot' (are you missing an assembly reference?)
113>D:\Work\IOS-IG-SimHost-FDP-2\Hrot\Runner\Hrot.ClusterRunner.Tests\HexagonalBoundaryTests.cs(20,12,20,17): error CS0234: The type or namespace name 'ExCon' does not exist in the namespace 'Hrot' (are you missing an assembly reference?)
113>D:\Work\IOS-IG-SimHost-FDP-2\Hrot\Runner\Hrot.ClusterRunner.Tests\HexagonalBoundaryTests.cs(21,12,21,24): error CS0234: The type or namespace name 'Orchestrator' does not exist in the namespace 'Hrot' (are you missing an assembly reference?)
113>D:\Work\IOS-IG-SimHost-FDP-2\Hrot\Runner\Hrot.ClusterRunner.Tests\HrotNodeBuilderReplicationExtensionsTests.cs(1,12,1,18): error CS0234: The type or namespace name 'Common' does not exist in the namespace 'Hrot' (are you missing an assembly reference?)
113>D:\Work\IOS-IG-SimHost-FDP-2\Hrot\Runner\Hrot.ClusterRunner.Tests\HrotNodeBuilderReplicationExtensionsTests.cs(2,12,2,18): error CS0234: The type or namespace name 'Common' does not exist in the namespace 'Hrot' (are you missing an assembly reference?)
113>D:\Work\IOS-IG-SimHost-FDP-2\Hrot\Runner\Hrot.ClusterRunner.Tests\HrotNodeBuilderReplicationExtensionsTests.cs(3,12,3,19): error CS0234: The type or namespace name 'Network' does not exist in the namespace 'Hrot' (are you missing an assembly reference?)
113>D:\Work\IOS-IG-SimHost-FDP-2\Hrot\Runner\Hrot.ClusterRunner.Tests\HrotNodeBuilderTests.cs(2,12,2,18): error CS0234: The type or namespace name 'Common' does not exist in the namespace 'Hrot' (are you missing an assembly reference?)
113>D:\Work\IOS-IG-SimHost-FDP-2\Hrot\Runner\Hrot.ClusterRunner.Tests\IgSubsystemTests.cs(4,12,4,14): error CS0234: The type or namespace name 'IG' does not exist in the namespace 'Hrot' (are you missing an assembly reference?)
113>D:\Work\IOS-IG-SimHost-FDP-2\Hrot\Runner\Hrot.ClusterRunner.Tests\Migration\MigrateModeTests.cs(6,7,6,10): error CS0246: The type or namespace name 'Fdp' could not be found (are you missing a using directive or an assembly reference?)
113>D:\Work\IOS-IG-SimHost-FDP-2\Hrot\Runner\Hrot.ClusterRunner.Tests\Migration\MigrateModeTests.cs(7,26,7,35): error CS0234: The type or namespace name 'Migration' does not exist in the namespace 'Hrot.ClusterRunner' (are you missing an assembly reference?)
113>D:\Work\IOS-IG-SimHost-FDP-2\Hrot\Runner\Hrot.ClusterRunner.Tests\Migration\MigrateModeTests.cs(8,12,8,18): error CS0234: The type or namespace name 'Common' does not exist in the namespace 'Hrot' (are you missing an assembly reference?)
113>D:\Work\IOS-IG-SimHost-FDP-2\Hrot\Runner\Hrot.ClusterRunner.Tests\MinimalCIScenarioTests.cs(1,26,1,35): error CS0234: The type or namespace name 'Scenarios' does not exist in the namespace 'Hrot.ClusterRunner' (are you missing an assembly reference?)
113>D:\Work\IOS-IG-SimHost-FDP-2\Hrot\Runner\Hrot.ClusterRunner.Tests\MinimalCIScenarioTests.cs(2,7,2,10): error CS0246: The type or namespace name 'Fdp' could not be found (are you missing a using directive or an assembly reference?)
113>D:\Work\IOS-IG-SimHost-FDP-2\Hrot\Runner\Hrot.ClusterRunner.Tests\MinimalCIScenarioTests.cs(3,7,3,10): error CS0246: The type or namespace name 'Fdp' could not be found (are you missing a using directive or an assembly reference?)
113>D:\Work\IOS-IG-SimHost-FDP-2\Hrot\Runner\Hrot.ClusterRunner.Tests\Mocks\MapCameraSubsystemMock.cs(2,7,2,10): error CS0246: The type or namespace name 'Fdp' could not be found (are you missing a using directive or an assembly reference?)
113>D:\Work\IOS-IG-SimHost-FDP-2\Hrot\Runner\Hrot.ClusterRunner.Tests\NedReplicationModuleTests.cs(3,7,3,10): error CS0246: The type or namespace name 'Fdp' could not be found (are you missing a using directive or an assembly reference?)
113>D:\Work\IOS-IG-SimHost-FDP-2\Hrot\Runner\Hrot.ClusterRunner.Tests\NedReplicationModuleTests.cs(4,7,4,10): error CS0246: The type or namespace name 'Fdp' could not be found (are you missing a using directive or an assembly reference?)
113>D:\Work\IOS-IG-SimHost-FDP-2\Hrot\Runner\Hrot.ClusterRunner.Tests\NedReplicationModuleTests.cs(5,7,5,10): error CS0246: The type or namespace name 'Fdp' could not be found (are you missing a using directive or an assembly reference?)
113>D:\Work\IOS-IG-SimHost-FDP-2\Hrot\Runner\Hrot.ClusterRunner.Tests\NedReplicationModuleTests.cs(6,12,6,19): error CS0234: The type or namespace name 'Network' does not exist in the namespace 'Hrot' (are you missing an assembly reference?)
113>D:\Work\IOS-IG-SimHost-FDP-2\Hrot\Runner\Hrot.ClusterRunner.Tests\NedReplicationModuleTests.cs(7,12,7,18): error CS0234: The type or namespace name 'Common' does not exist in the namespace 'Hrot' (are you missing an assembly reference?)
113>D:\Work\IOS-IG-SimHost-FDP-2\Hrot\Runner\Hrot.ClusterRunner.Tests\NedReplicationModuleTests.cs(8,12,8,15): error CS0234: The type or namespace name 'Map' does not exist in the namespace 'Hrot' (are you missing an assembly reference?)
113>D:\Work\IOS-IG-SimHost-FDP-2\Hrot\Runner\Hrot.ClusterRunner.Tests\NedReplicationModuleTests.cs(9,12,9,18): error CS0234: The type or namespace name 'Common' does not exist in the namespace 'Hrot' (are you missing an assembly reference?)
113>D:\Work\IOS-IG-SimHost-FDP-2\Hrot\Runner\Hrot.ClusterRunner.Tests\NedReplicationModuleTests.cs(10,7,10,10): error CS0246: The type or namespace name 'Fdp' could not be found (are you missing a using directive or an assembly reference?)
113>D:\Work\IOS-IG-SimHost-FDP-2\Hrot\Runner\Hrot.ClusterRunner.Tests\NedReplicationModuleTests.cs(11,7,11,10): error CS0246: The type or namespace name 'Fdp' could not be found (are you missing a using directive or an assembly reference?)
113>D:\Work\IOS-IG-SimHost-FDP-2\Hrot\Runner\Hrot.ClusterRunner.Tests\NedReplicationModuleTests.cs(12,7,12,10): error CS0246: The type or namespace name 'Fdp' could not be found (are you missing a using directive or an assembly reference?)
113>D:\Work\IOS-IG-SimHost-FDP-2\Hrot\Runner\Hrot.ClusterRunner.Tests\OrchestratorSubsystemTests.cs(4,12,4,15): error CS0234: The type or namespace name 'NED' does not exist in the namespace 'Hrot' (are you missing an assembly reference?)
113>D:\Work\IOS-IG-SimHost-FDP-2\Hrot\Runner\Hrot.ClusterRunner.Tests\OrchestratorSubsystemTests.cs(5,12,5,24): error CS0234: The type or namespace name 'Orchestrator' does not exist in the namespace 'Hrot' (are you missing an assembly reference?)
113>D:\Work\IOS-IG-SimHost-FDP-2\Hrot\Runner\Hrot.ClusterRunner.Tests\OrchestratorTimeModeTests.cs(3,12,3,15): error CS0234: The type or namespace name 'NED' does not exist in the namespace 'Hrot' (are you missing an assembly reference?)
113>D:\Work\IOS-IG-SimHost-FDP-2\Hrot\Runner\Hrot.ClusterRunner.Tests\OrchestratorTimeModeTests.cs(4,12,4,24): error CS0234: The type or namespace name 'Orchestrator' does not exist in the namespace 'Hrot' (are you missing an assembly reference?)
113>D:\Work\IOS-IG-SimHost-FDP-2\Hrot\Runner\Hrot.ClusterRunner.Tests\OrchestratorTimeModeTests.cs(6,7,6,10): error CS0246: The type or namespace name 'Fdp' could not be found (are you missing a using directive or an assembly reference?)
113>D:\Work\IOS-IG-SimHost-FDP-2\Hrot\Runner\Hrot.ClusterRunner.Tests\OrchestratorTimeModeTests.cs(7,7,7,10): error CS0246: The type or namespace name 'Fdp' could not be found (are you missing a using directive or an assembly reference?)
113>D:\Work\IOS-IG-SimHost-FDP-2\Hrot\Runner\Hrot.ClusterRunner.Tests\OrchestratorTimeModeTests.cs(8,7,8,10): error CS0246: The type or namespace name 'Fdp' could not be found (are you missing a using directive or an assembly reference?)
113>D:\Work\IOS-IG-SimHost-FDP-2\Hrot\Runner\Hrot.ClusterRunner.Tests\PerspectiveCoordinatorSystemTests.cs(3,7,3,10): error CS0246: The type or namespace name 'Fdp' could not be found (are you missing a using directive or an assembly reference?)
113>D:\Work\IOS-IG-SimHost-FDP-2\Hrot\Runner\Hrot.ClusterRunner.Tests\PerspectiveCoordinatorSystemTests.cs(4,7,4,10): error CS0246: The type or namespace name 'Fdp' could not be found (are you missing a using directive or an assembly reference?)
113>D:\Work\IOS-IG-SimHost-FDP-2\Hrot\Runner\Hrot.ClusterRunner.Tests\PerspectiveCoordinatorSystemTests.cs(5,7,5,10): error CS0246: The type or namespace name 'Fdp' could not be found (are you missing a using directive or an assembly reference?)
113>D:\Work\IOS-IG-SimHost-FDP-2\Hrot\Runner\Hrot.ClusterRunner.Tests\PerspectiveCoordinatorSystemTests.cs(6,7,6,10): error CS0246: The type or namespace name 'Fdp' could not be found (are you missing a using directive or an assembly reference?)
113>D:\Work\IOS-IG-SimHost-FDP-2\Hrot\Runner\Hrot.ClusterRunner.Tests\PerspectiveCoordinatorSystemTests.cs(7,7,7,10): error CS0246: The type or namespace name 'Fdp' could not be found (are you missing a using directive or an assembly reference?)
113>D:\Work\IOS-IG-SimHost-FDP-2\Hrot\Runner\Hrot.ClusterRunner.Tests\PerspectiveCoordinatorSystemTests.cs(8,12,8,18): error CS0234: The type or namespace name 'Common' does not exist in the namespace 'Hrot' (are you missing an assembly reference?)
113>D:\Work\IOS-IG-SimHost-FDP-2\Hrot\Runner\Hrot.ClusterRunner.Tests\PerspectiveCoordinatorSystemTests.cs(9,12,9,18): error CS0234: The type or namespace name 'Common' does not exist in the namespace 'Hrot' (are you missing an assembly reference?)
113>D:\Work\IOS-IG-SimHost-FDP-2\Hrot\Runner\Hrot.ClusterRunner.Tests\PerspectiveCoordinatorSystemTests.cs(10,26,10,33): error CS0234: The type or namespace name 'Systems' does not exist in the namespace 'Hrot.ClusterRunner' (are you missing an assembly reference?)
113>D:\Work\IOS-IG-SimHost-FDP-2\Hrot\Runner\Hrot.ClusterRunner.Tests\Presentation\LocalWindowControllerTests.cs(3,7,3,10): error CS0246: The type or namespace name 'Fdp' could not be found (are you missing a using directive or an assembly reference?)
113>D:\Work\IOS-IG-SimHost-FDP-2\Hrot\Runner\Hrot.ClusterRunner.Tests\Presentation\LocalWindowControllerTests.cs(4,26,4,38): error CS0234: The type or namespace name 'Presentation' does not exist in the namespace 'Hrot.ClusterRunner' (are you missing an assembly reference?)
113>D:\Work\IOS-IG-SimHost-FDP-2\Hrot\Runner\Hrot.ClusterRunner.Tests\ReplayBrowserSubsystemDiscoveryTests.cs(4,12,4,25): error CS0234: The type or namespace name 'ReplayBrowser' does not exist in the namespace 'Hrot' (are you missing an assembly reference?)
113>D:\Work\IOS-IG-SimHost-FDP-2\Hrot\Runner\Hrot.ClusterRunner.Tests\RunnerConfigurationTests.cs(7,48,7,61): error CS0234: The type or namespace name 'Configuration' does not exist in the namespace 'Hrot.ClusterRunner' (are you missing an assembly reference?)
113>D:\Work\IOS-IG-SimHost-FDP-2\Hrot\Runner\Hrot.ClusterRunner.Tests\RunnerConfigurationTests.cs(6,26,6,39): error CS0234: The type or namespace name 'Configuration' does not exist in the namespace 'Hrot.ClusterRunner' (are you missing an assembly reference?)
113>D:\Work\IOS-IG-SimHost-FDP-2\Hrot\Runner\Hrot.ClusterRunner.Tests\RunnerIntegrationTests.cs(10,48,10,61): error CS0234: The type or namespace name 'Configuration' does not exist in the namespace 'Hrot.ClusterRunner' (are you missing an assembly reference?)
113>D:\Work\IOS-IG-SimHost-FDP-2\Hrot\Runner\Hrot.ClusterRunner.Tests\RunnerIntegrationTests.cs(4,26,4,39): error CS0234: The type or namespace name 'Configuration' does not exist in the namespace 'Hrot.ClusterRunner' (are you missing an assembly reference?)
113>D:\Work\IOS-IG-SimHost-FDP-2\Hrot\Runner\Hrot.ClusterRunner.Tests\RunnerIntegrationTests.cs(5,26,5,34): error CS0234: The type or namespace name 'Services' does not exist in the namespace 'Hrot.ClusterRunner' (are you missing an assembly reference?)
113>D:\Work\IOS-IG-SimHost-FDP-2\Hrot\Runner\Hrot.ClusterRunner.Tests\RunnerIntegrationTests.cs(7,7,7,10): error CS0246: The type or namespace name 'Fdp' could not be found (are you missing a using directive or an assembly reference?)
113>D:\Work\IOS-IG-SimHost-FDP-2\Hrot\Runner\Hrot.ClusterRunner.Tests\Services\ConsoleCommandServiceTests.cs(6,7,6,10): error CS0246: The type or namespace name 'Fdp' could not be found (are you missing a using directive or an assembly reference?)
113>D:\Work\IOS-IG-SimHost-FDP-2\Hrot\Runner\Hrot.ClusterRunner.Tests\Services\ConsoleCommandServiceTests.cs(7,26,7,34): error CS0234: The type or namespace name 'Services' does not exist in the namespace 'Hrot.ClusterRunner' (are you missing an assembly reference?)
113>D:\Work\IOS-IG-SimHost-FDP-2\Hrot\Runner\Hrot.ClusterRunner.Tests\SimHostSubsystemTests.cs(5,12,5,19): error CS0234: The type or namespace name 'SimHost' does not exist in the namespace 'Hrot' (are you missing an assembly reference?)
113>D:\Work\IOS-IG-SimHost-FDP-2\Hrot\Runner\Hrot.ClusterRunner.Tests\SimHostSubsystemTests.cs(7,7,7,10): error CS0246: The type or namespace name 'Fdp' could not be found (are you missing a using directive or an assembly reference?)
113>D:\Work\IOS-IG-SimHost-FDP-2\Hrot\Runner\Hrot.ClusterRunner.Tests\SimHostSubsystemTests.cs(8,7,8,10): error CS0246: The type or namespace name 'Fdp' could not be found (are you missing a using directive or an assembly reference?)
113>D:\Work\IOS-IG-SimHost-FDP-2\Hrot\Runner\Hrot.ClusterRunner.Tests\SimHostSubsystemTests.cs(9,7,9,10): error CS0246: The type or namespace name 'Fdp' could not be found (are you missing a using directive or an assembly reference?)
113>D:\Work\IOS-IG-SimHost-FDP-2\Hrot\Runner\Hrot.ClusterRunner.Tests\SubsystemOrchestratorTests.cs(6,7,6,10): error CS0246: The type or namespace name 'Fdp' could not be found (are you missing a using directive or an assembly reference?)
113>D:\Work\IOS-IG-SimHost-FDP-2\Hrot\Runner\Hrot.ClusterRunner.Tests\SwitchTimeModeEchoLoopTests.cs(4,7,4,10): error CS0246: The type or namespace name 'Fdp' could not be found (are you missing a using directive or an assembly reference?)
113>D:\Work\IOS-IG-SimHost-FDP-2\Hrot\Runner\Hrot.ClusterRunner.Tests\SwitchTimeModeEchoLoopTests.cs(5,7,5,10): error CS0246: The type or namespace name 'Fdp' could not be found (are you missing a using directive or an assembly reference?)
113>D:\Work\IOS-IG-SimHost-FDP-2\Hrot\Runner\Hrot.ClusterRunner.Tests\SwitchTimeModeEchoLoopTests.cs(6,7,6,10): error CS0246: The type or namespace name 'Fdp' could not be found (are you missing a using directive or an assembly reference?)
113>D:\Work\IOS-IG-SimHost-FDP-2\Hrot\Runner\Hrot.ClusterRunner.Tests\SwitchTimeModeEchoLoopTests.cs(7,7,7,10): error CS0246: The type or namespace name 'Fdp' could not be found (are you missing a using directive or an assembly reference?)
113>D:\Work\IOS-IG-SimHost-FDP-2\Hrot\Runner\Hrot.ClusterRunner.Tests\TogglePerspectiveEventTests.cs(1,12,1,18): error CS0234: The type or namespace name 'Common' does not exist in the namespace 'Hrot' (are you missing an assembly reference?)
113>D:\Work\IOS-IG-SimHost-FDP-2\Hrot\Runner\Hrot.ClusterRunner.Tests\DataDrivenGizmoPredicateTests.cs(32,43,32,63): error CS0246: The type or namespace name 'IEntityStatefulGizmo' could not be found (are you missing a using directive or an assembly reference?)
113>D:\Work\IOS-IG-SimHost-FDP-2\Hrot\Runner\Hrot.ClusterRunner.Tests\DataDrivenGizmoPredicateTests.cs(57,42,57,58): error CS0246: The type or namespace name 'IGizmoDefinition' could not be found (are you missing a using directive or an assembly reference?)
113>D:\Work\IOS-IG-SimHost-FDP-2\Hrot\Runner\Hrot.ClusterRunner.Tests\DataDrivenGizmoPredicateTests.cs(27,6,27,17): error CS0246: The type or namespace name 'ComponentIdAttribute' could not be found (are you missing a using directive or an assembly reference?)
113>D:\Work\IOS-IG-SimHost-FDP-2\Hrot\Runner\Hrot.ClusterRunner.Tests\DataDrivenGizmoPredicateTests.cs(27,6,27,17): error CS0246: The type or namespace name 'ComponentId' could not be found (are you missing a using directive or an assembly reference?)
113>D:\Work\IOS-IG-SimHost-FDP-2\Hrot\Runner\Hrot.ClusterRunner.Tests\ExConHandlerRegistrationTests.cs(17,20,17,35): error CS0246: The type or namespace name 'SubsystemConfig' could not be found (are you missing a using directive or an assembly reference?)
113>D:\Work\IOS-IG-SimHost-FDP-2\Hrot\Runner\Hrot.ClusterRunner.Tests\DataDrivenGizmoPredicateTests.cs(74,49,74,66): error CS0246: The type or namespace name 'IDebugDrawBuilder' could not be found (are you missing a using directive or an assembly reference?)
113>D:\Work\IOS-IG-SimHost-FDP-2\Hrot\Runner\Hrot.ClusterRunner.Tests\CgfHandlerRegistrationTests.cs(19,22,19,36): error CS0246: The type or namespace name 'CgfApplication' could not be found (are you missing a using directive or an assembly reference?)
113>D:\Work\IOS-IG-SimHost-FDP-2\Hrot\Runner\Hrot.ClusterRunner.Tests\CgfSubsystemTests.cs(22,22,22,34): error CS0246: The type or namespace name 'CgfSubsystem' could not be found (are you missing a using directive or an assembly reference?)
113>D:\Work\IOS-IG-SimHost-FDP-2\Hrot\Runner\Hrot.ClusterRunner.Tests\ClusterUiCacheTests.cs(26,22,26,33): error CS0246: The type or namespace name 'FdpEventBus' could not be found (are you missing a using directive or an assembly reference?)
113>D:\Work\IOS-IG-SimHost-FDP-2\Hrot\Runner\Hrot.ClusterRunner.Tests\ExConSubsystemTests.cs(18,24,18,39): error CS0246: The type or namespace name 'SubsystemConfig' could not be found (are you missing a using directive or an assembly reference?)
113>D:\Work\IOS-IG-SimHost-FDP-2\Hrot\Runner\Hrot.ClusterRunner.Tests\ClusterUiCacheTests.cs(27,22,27,36): error CS0246: The type or namespace name 'ClusterUiCache' could not be found (are you missing a using directive or an assembly reference?)
113>D:\Work\IOS-IG-SimHost-FDP-2\Hrot\Runner\Hrot.ClusterRunner.Tests\EyesAndMuscleSubsystemTests.cs(21,20,21,35): error CS0246: The type or namespace name 'SubsystemConfig' could not be found (are you missing a using directive or an assembly reference?)
113>D:\Work\IOS-IG-SimHost-FDP-2\Hrot\Runner\Hrot.ClusterRunner.Tests\DataDrivenGizmoPredicateTests.cs(64,16,64,38): error CS0246: The type or namespace name 'IGizmoVisibilityPolicy' could not be found (are you missing a using directive or an assembly reference?)
113>D:\Work\IOS-IG-SimHost-FDP-2\Hrot\Runner\Hrot.ClusterRunner.Tests\HexagonalBoundaryTests.cs(39,20,39,35): error CS0246: The type or namespace name 'SubsystemConfig' could not be found (are you missing a using directive or an assembly reference?)
113>D:\Work\IOS-IG-SimHost-FDP-2\Hrot\Runner\Hrot.ClusterRunner.Tests\DataDrivenGizmoPredicateTests.cs(101,24,101,40): error CS0246: The type or namespace name 'EntityRepository' could not be found (are you missing a using directive or an assembly reference?)
113>D:\Work\IOS-IG-SimHost-FDP-2\Hrot\Runner\Hrot.ClusterRunner.Tests\ClusterUiCacheTests.cs(352,47,352,62): error CS0246: The type or namespace name 'ITimeController' could not be found (are you missing a using directive or an assembly reference?)
113>D:\Work\IOS-IG-SimHost-FDP-2\Hrot\Runner\Hrot.ClusterRunner.Tests\HrotNodeBuilderReplicationExtensionsTests.cs(27,20,27,34): error CS0246: The type or namespace name 'HrotNodeConfig' could not be found (are you missing a using directive or an assembly reference?)
113>D:\Work\IOS-IG-SimHost-FDP-2\Hrot\Runner\Hrot.ClusterRunner.Tests\IgSubsystemTests.cs(20,24,20,39): error CS0246: The type or namespace name 'SubsystemConfig' could not be found (are you missing a using directive or an assembly reference?)
113>D:\Work\IOS-IG-SimHost-FDP-2\Hrot\Runner\Hrot.ClusterRunner.Tests\EyesAndMuscleSubsystemTests.cs(30,22,30,44): error CS0246: The type or namespace name 'EyesAndMuscleSubsystem' could not be found (are you missing a using directive or an assembly reference?)
113>D:\Work\IOS-IG-SimHost-FDP-2\Hrot\Runner\Hrot.ClusterRunner.Tests\HrotNodeBuilderTests.cs(15,20,15,34): error CS0246: The type or namespace name 'HrotNodeConfig' could not be found (are you missing a using directive or an assembly reference?)
113>D:\Work\IOS-IG-SimHost-FDP-2\Hrot\Runner\Hrot.ClusterRunner.Tests\ClusterUiCacheTests.cs(355,16,355,26): error CS0246: The type or namespace name 'GlobalTime' could not be found (are you missing a using directive or an assembly reference?)
113>D:\Work\IOS-IG-SimHost-FDP-2\Hrot\Runner\Hrot.ClusterRunner.Tests\HexagonalBoundaryTests.cs(228,47,228,76): error CS0246: The type or namespace name 'ISlaveOrchestrationTranslator' could not be found (are you missing a using directive or an assembly reference?)
113>D:\Work\IOS-IG-SimHost-FDP-2\Hrot\Runner\Hrot.ClusterRunner.Tests\ClusterUiCacheTests.cs(358,16,358,24): error CS0246: The type or namespace name 'TimeMode' could not be found (are you missing a using directive or an assembly reference?)
113>D:\Work\IOS-IG-SimHost-FDP-2\Hrot\Runner\Hrot.ClusterRunner.Tests\DataDrivenGizmoPredicateTests.cs(40,35,40,50): error CS0246: The type or namespace name 'ISimulationView' could not be found (are you missing a using directive or an assembly reference?)
113>D:\Work\IOS-IG-SimHost-FDP-2\Hrot\Runner\Hrot.ClusterRunner.Tests\DataDrivenGizmoPredicateTests.cs(40,74,40,91): error CS0246: The type or namespace name 'IDebugDrawBuilder' could not be found (are you missing a using directive or an assembly reference?)
113>D:\Work\IOS-IG-SimHost-FDP-2\Hrot\Runner\Hrot.ClusterRunner.Tests\IgSubsystemTests.cs(135,20,135,31): error CS0246: The type or namespace name 'IgSubsystem' could not be found (are you missing a using directive or an assembly reference?)
113>D:\Work\IOS-IG-SimHost-FDP-2\Hrot\Runner\Hrot.ClusterRunner.Tests\HexagonalBoundaryTests.cs(230,16,230,27): error CS0246: The type or namespace name 'FdpEventBus' could not be found (are you missing a using directive or an assembly reference?)
113>D:\Work\IOS-IG-SimHost-FDP-2\Hrot\Runner\Hrot.ClusterRunner.Tests\ClusterUiCacheTests.cs(359,16,359,26): error CS0246: The type or namespace name 'GlobalTime' could not be found (are you missing a using directive or an assembly reference?)
113>D:\Work\IOS-IG-SimHost-FDP-2\Hrot\Runner\Hrot.ClusterRunner.Tests\MinimalCIScenarioTests.cs(117,39,117,48): error CS0246: The type or namespace name 'IScenario' could not be found (are you missing a using directive or an assembly reference?)
113>D:\Work\IOS-IG-SimHost-FDP-2\Hrot\Runner\Hrot.ClusterRunner.Tests\ClusterUiCacheTests.cs(360,31,360,41): error CS0246: The type or namespace name 'GlobalTime' could not be found (are you missing a using directive or an assembly reference?)
113>D:\Work\IOS-IG-SimHost-FDP-2\Hrot\Runner\Hrot.ClusterRunner.Tests\Migration\MigrateModeTests.cs(42,20,42,37): error CS0246: The type or namespace name 'MigrationServices' could not be found (are you missing a using directive or an assembly reference?)
113>D:\Work\IOS-IG-SimHost-FDP-2\Hrot\Runner\Hrot.ClusterRunner.Tests\DataDrivenGizmoPredicateTests.cs(67,52,67,67): error CS0246: The type or namespace name 'ISimulationView' could not be found (are you missing a using directive or an assembly reference?)
113>D:\Work\IOS-IG-SimHost-FDP-2\Hrot\Runner\Hrot.ClusterRunner.Tests\DataDrivenGizmoPredicateTests.cs(67,74,67,80): error CS0246: The type or namespace name 'Entity' could not be found (are you missing a using directive or an assembly reference?)
113>D:\Work\IOS-IG-SimHost-FDP-2\Hrot\Runner\Hrot.ClusterRunner.Tests\DataDrivenGizmoPredicateTests.cs(67,16,67,36): error CS0246: The type or namespace name 'IEntityStatefulGizmo' could not be found (are you missing a using directive or an assembly reference?)
113>D:\Work\IOS-IG-SimHost-FDP-2\Hrot\Runner\Hrot.ClusterRunner.Tests\HexagonalBoundaryTests.cs(254,49,254,64): error CS0246: The type or namespace name 'INetworkFactory' could not be found (are you missing a using directive or an assembly reference?)
113>D:\Work\IOS-IG-SimHost-FDP-2\Hrot\Runner\Hrot.ClusterRunner.Tests\DataDrivenGizmoPredicateTests.cs(76,52,76,58): error CS0246: The type or namespace name 'Rgba32' could not be found (are you missing a using directive or an assembly reference?)
113>D:\Work\IOS-IG-SimHost-FDP-2\Hrot\Runner\Hrot.ClusterRunner.Tests\DataDrivenGizmoPredicateTests.cs(77,13,77,21): error CS0246: The type or namespace name 'SizeMode' could not be found (are you missing a using directive or an assembly reference?)
113>D:\Work\IOS-IG-SimHost-FDP-2\Hrot\Runner\Hrot.ClusterRunner.Tests\DataDrivenGizmoPredicateTests.cs(77,50,77,64): error CS0246: The type or namespace name 'PipelineTarget' could not be found (are you missing a using directive or an assembly reference?)
113>D:\Work\IOS-IG-SimHost-FDP-2\Hrot\Runner\Hrot.ClusterRunner.Tests\DataDrivenGizmoPredicateTests.cs(77,102,77,111): error CS0246: The type or namespace name 'LineStyle' could not be found (are you missing a using directive or an assembly reference?)
113>D:\Work\IOS-IG-SimHost-FDP-2\Hrot\Runner\Hrot.ClusterRunner.Tests\Mocks\MapCameraSubsystemMock.cs(11,43,11,53): error CS0246: The type or namespace name 'ISubsystem' could not be found (are you missing a using directive or an assembly reference?)
113>D:\Work\IOS-IG-SimHost-FDP-2\Hrot\Runner\Hrot.ClusterRunner.Tests\Mocks\MapCameraSubsystemMock.cs(11,55,11,73): error CS0246: The type or namespace name 'IMapCameraProvider' could not be found (are you missing a using directive or an assembly reference?)
113>D:\Work\IOS-IG-SimHost-FDP-2\Hrot\Runner\Hrot.ClusterRunner.Tests\MinimalCIScenarioTests.cs(21,36,21,45): error CS0246: The type or namespace name 'IScenario' could not be found (are you missing a using directive or an assembly reference?)
113>D:\Work\IOS-IG-SimHost-FDP-2\Hrot\Runner\Hrot.ClusterRunner.Tests\DataDrivenGizmoPredicateTests.cs(48,42,48,56): error CS0246: The type or namespace name 'GizmoPickToken' could not be found (are you missing a using directive or an assembly reference?)
113>D:\Work\IOS-IG-SimHost-FDP-2\Hrot\Runner\Hrot.ClusterRunner.Tests\HexagonalBoundaryTests.cs(256,31,256,37): error CS0234: The type or namespace name 'Editor' does not exist in the namespace 'Hrot' (are you missing an assembly reference?)
113>D:\Work\IOS-IG-SimHost-FDP-2\Hrot\Runner\Hrot.ClusterRunner.Tests\MinimalCIScenarioTests.cs(121,27,121,30): error CS0246: The type or namespace name 'Fdp' could not be found (are you missing a using directive or an assembly reference?)
113>D:\Work\IOS-IG-SimHost-FDP-2\Hrot\Runner\Hrot.ClusterRunner.Tests\MinimalCIScenarioTests.cs(121,60,121,63): error CS0246: The type or namespace name 'Fdp' could not be found (are you missing a using directive or an assembly reference?)
113>D:\Work\IOS-IG-SimHost-FDP-2\Hrot\Runner\Hrot.ClusterRunner.Tests\Migration\MigrateModeTests.cs(53,9,53,26): error CS0246: The type or namespace name 'MigrationServices' could not be found (are you missing a using directive or an assembly reference?)
113>D:\Work\IOS-IG-SimHost-FDP-2\Hrot\Runner\Hrot.ClusterRunner.Tests\Migration\MigrateModeTests.cs(52,20,52,31): error CS0246: The type or namespace name 'MigrateMode' could not be found (are you missing a using directive or an assembly reference?)
113>D:\Work\IOS-IG-SimHost-FDP-2\Hrot\Runner\Hrot.ClusterRunner.Tests\NedReplicationModuleTests.cs(42,53,42,61): error CS0246: The type or namespace name 'NodeRole' could not be found (are you missing a using directive or an assembly reference?)
113>D:\Work\IOS-IG-SimHost-FDP-2\Hrot\Runner\Hrot.ClusterRunner.Tests\NedReplicationModuleTests.cs(42,20,42,40): error CS0246: The type or namespace name 'NedReplicationModule' could not be found (are you missing a using directive or an assembly reference?)
113>D:\Work\IOS-IG-SimHost-FDP-2\Hrot\Runner\Hrot.ClusterRunner.Tests\Mocks\MapCameraSubsystemMock.cs(19,16,19,25): error CS0246: The type or namespace name 'MapCamera' could not be found (are you missing a using directive or an assembly reference?)
113>D:\Work\IOS-IG-SimHost-FDP-2\Hrot\Runner\Hrot.ClusterRunner.Tests\MinimalCIScenarioTests.cs(123,48,123,51): error CS0246: The type or namespace name 'Fdp' could not be found (are you missing a using directive or an assembly reference?)
113>D:\Work\IOS-IG-SimHost-FDP-2\Hrot\Runner\Hrot.ClusterRunner.Tests\HexagonalBoundaryTests.cs(265,75,265,83): error CS0246: The type or namespace name 'NodeRole' could not be found (are you missing a using directive or an assembly reference?)
113>D:\Work\IOS-IG-SimHost-FDP-2\Hrot\Runner\Hrot.ClusterRunner.Tests\HexagonalBoundaryTests.cs(265,16,265,31): error CS0246: The type or namespace name 'INetworkFactory' could not be found (are you missing a using directive or an assembly reference?)
113>D:\Work\IOS-IG-SimHost-FDP-2\Hrot\Runner\Hrot.ClusterRunner.Tests\DataDrivenGizmoPredicateTests.cs(78,60,78,66): error CS0246: The type or namespace name 'Rgba32' could not be found (are you missing a using directive or an assembly reference?)
113>D:\Work\IOS-IG-SimHost-FDP-2\Hrot\Runner\Hrot.ClusterRunner.Tests\DataDrivenGizmoPredicateTests.cs(78,71,78,77): error CS0246: The type or namespace name 'Rgba32' could not be found (are you missing a using directive or an assembly reference?)
113>D:\Work\IOS-IG-SimHost-FDP-2\Hrot\Runner\Hrot.ClusterRunner.Tests\DataDrivenGizmoPredicateTests.cs(79,13,79,21): error CS0246: The type or namespace name 'SizeMode' could not be found (are you missing a using directive or an assembly reference?)
113>D:\Work\IOS-IG-SimHost-FDP-2\Hrot\Runner\Hrot.ClusterRunner.Tests\DataDrivenGizmoPredicateTests.cs(79,50,79,64): error CS0246: The type or namespace name 'PipelineTarget' could not be found (are you missing a using directive or an assembly reference?)
113>D:\Work\IOS-IG-SimHost-FDP-2\Hrot\Runner\Hrot.ClusterRunner.Tests\DataDrivenGizmoPredicateTests.cs(79,102,79,111): error CS0246: The type or namespace name 'LineStyle' could not be found (are you missing a using directive or an assembly reference?)
113>D:\Work\IOS-IG-SimHost-FDP-2\Hrot\Runner\Hrot.ClusterRunner.Tests\DataDrivenGizmoPredicateTests.cs(53,34,53,48): error CS0246: The type or namespace name 'MapMouseButton' could not be found (are you missing a using directive or an assembly reference?)
113>D:\Work\IOS-IG-SimHost-FDP-2\Hrot\Runner\Hrot.ClusterRunner.Tests\NedReplicationModuleTests.cs(31,46,31,61): error CS0246: The type or namespace name 'ISystemRegistry' could not be found (are you missing a using directive or an assembly reference?)
113>D:\Work\IOS-IG-SimHost-FDP-2\Hrot\Runner\Hrot.ClusterRunner.Tests\MinimalCIScenarioTests.cs(130,34,130,37): error CS0246: The type or namespace name 'Fdp' could not be found (are you missing a using directive or an assembly reference?)
113>D:\Work\IOS-IG-SimHost-FDP-2\Hrot\Runner\Hrot.ClusterRunner.Tests\MinimalCIScenarioTests.cs(130,71,130,74): error CS0246: The type or namespace name 'Fdp' could not be found (are you missing a using directive or an assembly reference?)
113>D:\Work\IOS-IG-SimHost-FDP-2\Hrot\Runner\Hrot.ClusterRunner.Tests\DataDrivenGizmoPredicateTests.cs(54,32,54,46): error CS0246: The type or namespace name 'MapKeyboardKey' could not be found (are you missing a using directive or an assembly reference?)
113>D:\Work\IOS-IG-SimHost-FDP-2\Hrot\Runner\Hrot.ClusterRunner.Tests\NedReplicationModuleTests.cs(35,59,35,75): error CS0246: The type or namespace name 'IEcsModuleSystem' could not be found (are you missing a using directive or an assembly reference?)
113>D:\Work\IOS-IG-SimHost-FDP-2\Hrot\Runner\Hrot.ClusterRunner.Tests\PerspectiveCoordinatorSystemTests.cs(193,47,193,65): error CS0246: The type or namespace name 'IGizmoControllable' could not be found (are you missing a using directive or an assembly reference?)
113>D:\Work\IOS-IG-SimHost-FDP-2\Hrot\Runner\Hrot.ClusterRunner.Tests\Mocks\MapCameraSubsystemMock.cs(21,52,21,61): error CS0246: The type or namespace name 'MapCamera' could not be found (are you missing a using directive or an assembly reference?)
113>D:\Work\IOS-IG-SimHost-FDP-2\Hrot\Runner\Hrot.ClusterRunner.Tests\DataDrivenGizmoPredicateTests.cs(80,52,80,58): error CS0246: The type or namespace name 'Rgba32' could not be found (are you missing a using directive or an assembly reference?)
113>D:\Work\IOS-IG-SimHost-FDP-2\Hrot\Runner\Hrot.ClusterRunner.Tests\DataDrivenGizmoPredicateTests.cs(81,35,81,43): error CS0246: The type or namespace name 'SizeMode' could not be found (are you missing a using directive or an assembly reference?)
113>D:\Work\IOS-IG-SimHost-FDP-2\Hrot\Runner\Hrot.ClusterRunner.Tests\DataDrivenGizmoPredicateTests.cs(82,13,82,27): error CS0246: The type or namespace name 'PipelineTarget' could not be found (are you missing a using directive or an assembly reference?)
113>D:\Work\IOS-IG-SimHost-FDP-2\Hrot\Runner\Hrot.ClusterRunner.Tests\DataDrivenGizmoPredicateTests.cs(83,13,83,19): error CS0246: The type or namespace name 'Rgba32' could not be found (are you missing a using directive or an assembly reference?)
113>D:\Work\IOS-IG-SimHost-FDP-2\Hrot\Runner\Hrot.ClusterRunner.Tests\DataDrivenGizmoPredicateTests.cs(83,41,83,50): error CS0246: The type or namespace name 'LineStyle' could not be found (are you missing a using directive or an assembly reference?)
113>D:\Work\IOS-IG-SimHost-FDP-2\Hrot\Runner\Hrot.ClusterRunner.Tests\HexagonalBoundaryTests.cs(266,49,266,64): error CS0246: The type or namespace name 'HrotNodeContext' could not be found (are you missing a using directive or an assembly reference?)
113>D:\Work\IOS-IG-SimHost-FDP-2\Hrot\Runner\Hrot.ClusterRunner.Tests\HexagonalBoundaryTests.cs(266,68,266,76): error CS0246: The type or namespace name 'NodeRole' could not be found (are you missing a using directive or an assembly reference?)
113>D:\Work\IOS-IG-SimHost-FDP-2\Hrot\Runner\Hrot.ClusterRunner.Tests\HexagonalBoundaryTests.cs(266,80,266,96): error CS0246: The type or namespace name 'BehaviorRegistry' could not be found (are you missing a using directive or an assembly reference?)
113>D:\Work\IOS-IG-SimHost-FDP-2\Hrot\Runner\Hrot.ClusterRunner.Tests\HexagonalBoundaryTests.cs(266,16,266,31): error CS0246: The type or namespace name 'INetworkFactory' could not be found (are you missing a using directive or an assembly reference?)
113>D:\Work\IOS-IG-SimHost-FDP-2\Hrot\Runner\Hrot.ClusterRunner.Tests\NedReplicationModuleTests.cs(37,77,37,93): error CS0246: The type or namespace name 'IEcsModuleSystem' could not be found (are you missing a using directive or an assembly reference?)
113>D:\Work\IOS-IG-SimHost-FDP-2\Hrot\Runner\Hrot.ClusterRunner.Tests\PerspectiveCoordinatorSystemTests.cs(207,20,207,44): error CS0246: The type or namespace name 'GizmoExecutionController' could not be found (are you missing a using directive or an assembly reference?)
113>D:\Work\IOS-IG-SimHost-FDP-2\Hrot\Runner\Hrot.ClusterRunner.Tests\DataDrivenGizmoPredicateTests.cs(84,57,84,63): error CS0246: The type or namespace name 'Rgba32' could not be found (are you missing a using directive or an assembly reference?)
113>D:\Work\IOS-IG-SimHost-FDP-2\Hrot\Runner\Hrot.ClusterRunner.Tests\NedReplicationModuleTests.cs(37,16,37,32): error CS0246: The type or namespace name 'IEcsModuleSystem' could not be found (are you missing a using directive or an assembly reference?)
113>D:\Work\IOS-IG-SimHost-FDP-2\Hrot\Runner\Hrot.ClusterRunner.Tests\Mocks\MapCameraSubsystemMock.cs(27,32,27,47): error CS0246: The type or namespace name 'SubsystemConfig' could not be found (are you missing a using directive or an assembly reference?)
113>D:\Work\IOS-IG-SimHost-FDP-2\Hrot\Runner\Hrot.ClusterRunner.Tests\HexagonalBoundaryTests.cs(269,81,269,92): error CS0246: The type or namespace name 'FdpEventBus' could not be found (are you missing a using directive or an assembly reference?)
113>D:\Work\IOS-IG-SimHost-FDP-2\Hrot\Runner\Hrot.ClusterRunner.Tests\HexagonalBoundaryTests.cs(269,16,269,45): error CS0246: The type or namespace name 'ISlaveOrchestrationTranslator' could not be found (are you missing a using directive or an assembly reference?)
113>D:\Work\IOS-IG-SimHost-FDP-2\Hrot\Runner\Hrot.ClusterRunner.Tests\Presentation\LocalWindowControllerTests.cs(40,20,40,41): error CS0246: The type or namespace name 'LocalWindowController' could not be found (are you missing a using directive or an assembly reference?)
113>D:\Work\IOS-IG-SimHost-FDP-2\Hrot\Runner\Hrot.ClusterRunner.Tests\PerspectiveCoordinatorSystemTests.cs(195,12,195,36): error CS0246: The type or namespace name 'GizmoExecutionController' could not be found (are you missing a using directive or an assembly reference?)
113>D:\Work\IOS-IG-SimHost-FDP-2\Hrot\Runner\Hrot.ClusterRunner.Tests\HexagonalBoundaryTests.cs(276,79,276,90): error CS0246: The type or namespace name 'FdpEventBus' could not be found (are you missing a using directive or an assembly reference?)
113>D:\Work\IOS-IG-SimHost-FDP-2\Hrot\Runner\Hrot.ClusterRunner.Tests\DataDrivenGizmoPredicateTests.cs(85,68,85,74): error CS0246: The type or namespace name 'Rgba32' could not be found (are you missing a using directive or an assembly reference?)
113>D:\Work\IOS-IG-SimHost-FDP-2\Hrot\Runner\Hrot.ClusterRunner.Tests\DataDrivenGizmoPredicateTests.cs(86,13,86,28): error CS0246: The type or namespace name 'CoordinateSpace' could not be found (are you missing a using directive or an assembly reference?)
113>D:\Work\IOS-IG-SimHost-FDP-2\Hrot\Runner\Hrot.ClusterRunner.Tests\PerspectiveCoordinatorSystemTests.cs(218,76,218,86): error CS0246: The type or namespace name 'ISubsystem' could not be found (are you missing a using directive or an assembly reference?)
113>D:\Work\IOS-IG-SimHost-FDP-2\Hrot\Runner\Hrot.ClusterRunner.Tests\PerspectiveCoordinatorSystemTests.cs(218,20,218,41): error CS0246: The type or namespace name 'SubsystemOrchestrator' could not be found (are you missing a using directive or an assembly reference?)
113>D:\Work\IOS-IG-SimHost-FDP-2\Hrot\Runner\Hrot.ClusterRunner.Tests\Mocks\MapCameraSubsystemMock.cs(33,16,33,25): error CS0246: The type or namespace name 'MapCamera' could not be found (are you missing a using directive or an assembly reference?)
113>D:\Work\IOS-IG-SimHost-FDP-2\Hrot\Runner\Hrot.ClusterRunner.Tests\HexagonalBoundaryTests.cs(278,16,278,35): error CS0246: The type or namespace name 'INetworkIdAllocator' could not be found (are you missing a using directive or an assembly reference?)
113>D:\Work\IOS-IG-SimHost-FDP-2\Hrot\Runner\Hrot.ClusterRunner.Tests\DataDrivenGizmoPredicateTests.cs(87,65,87,71): error CS0246: The type or namespace name 'Rgba32' could not be found (are you missing a using directive or an assembly reference?)
113>D:\Work\IOS-IG-SimHost-FDP-2\Hrot\Runner\Hrot.ClusterRunner.Tests\DataDrivenGizmoPredicateTests.cs(88,13,88,28): error CS0246: The type or namespace name 'CoordinateSpace' could not be found (are you missing a using directive or an assembly reference?)
113>D:\Work\IOS-IG-SimHost-FDP-2\Hrot\Runner\Hrot.ClusterRunner.Tests\PerspectiveCoordinatorSystemTests.cs(25,76,25,86): error CS0246: The type or namespace name 'ISubsystem' could not be found (are you missing a using directive or an assembly reference?)
113>D:\Work\IOS-IG-SimHost-FDP-2\Hrot\Runner\Hrot.ClusterRunner.Tests\PerspectiveCoordinatorSystemTests.cs(25,20,25,41): error CS0246: The type or namespace name 'SubsystemOrchestrator' could not be found (are you missing a using directive or an assembly reference?)
113>D:\Work\IOS-IG-SimHost-FDP-2\Hrot\Runner\Hrot.ClusterRunner.Tests\Presentation\LocalWindowControllerTests.cs(16,51,16,69): error CS0246: The type or namespace name 'IPresentationShell' could not be found (are you missing a using directive or an assembly reference?)
113>D:\Work\IOS-IG-SimHost-FDP-2\Hrot\Runner\Hrot.ClusterRunner.Tests\Mocks\MapCameraSubsystemMock.cs(37,16,37,29): error CS0246: The type or namespace name 'MapCameraView' could not be found (are you missing a using directive or an assembly reference?)
113>D:\Work\IOS-IG-SimHost-FDP-2\Hrot\Runner\Hrot.ClusterRunner.Tests\HexagonalBoundaryTests.cs(279,77,279,88): error CS0246: The type or namespace name 'FdpEventBus' could not be found (are you missing a using directive or an assembly reference?)
113>D:\Work\IOS-IG-SimHost-FDP-2\Hrot\Runner\Hrot.ClusterRunner.Tests\HexagonalBoundaryTests.cs(279,16,279,38): error CS0246: The type or namespace name 'IMasterTimeTranslators' could not be found (are you missing a using directive or an assembly reference?)
113>D:\Work\IOS-IG-SimHost-FDP-2\Hrot\Runner\Hrot.ClusterRunner.Tests\SimHostSubsystemTests.cs(35,24,35,39): error CS0246: The type or namespace name 'SubsystemConfig' could not be found (are you missing a using directive or an assembly reference?)
113>D:\Work\IOS-IG-SimHost-FDP-2\Hrot\Runner\Hrot.ClusterRunner.Tests\DataDrivenGizmoPredicateTests.cs(89,37,89,43): error CS0246: The type or namespace name 'Entity' could not be found (are you missing a using directive or an assembly reference?)
113>D:\Work\IOS-IG-SimHost-FDP-2\Hrot\Runner\Hrot.ClusterRunner.Tests\DataDrivenGizmoPredicateTests.cs(90,13,90,27): error CS0246: The type or namespace name 'PipelineTarget' could not be found (are you missing a using directive or an assembly reference?)
113>D:\Work\IOS-IG-SimHost-FDP-2\Hrot\Runner\Hrot.ClusterRunner.Tests\SubsystemOrchestratorTests.cs(17,24,17,37): error CS0246: The type or namespace name 'RunnerOptions' could not be found (are you missing a using directive or an assembly reference?)
113>D:\Work\IOS-IG-SimHost-FDP-2\Hrot\Runner\Hrot.ClusterRunner.Tests\Mocks\MapCameraSubsystemMock.cs(39,37,39,50): error CS0246: The type or namespace name 'MapCameraView' could not be found (are you missing a using directive or an assembly reference?)
113>D:\Work\IOS-IG-SimHost-FDP-2\Hrot\Runner\Hrot.ClusterRunner.Tests\SubsystemOrchestratorTests.cs(220,24,220,37): error CS0246: The type or namespace name 'RunnerOptions' could not be found (are you missing a using directive or an assembly reference?)
113>D:\Work\IOS-IG-SimHost-FDP-2\Hrot\Runner\Hrot.ClusterRunner.Tests\SubsystemOrchestratorTests.cs(18,24,18,37): error CS0246: The type or namespace name 'RunnerOptions' could not be found (are you missing a using directive or an assembly reference?)
113>D:\Work\IOS-IG-SimHost-FDP-2\Hrot\Runner\Hrot.ClusterRunner.Tests\HexagonalBoundaryTests.cs(280,77,280,88): error CS0246: The type or namespace name 'FdpEventBus' could not be found (are you missing a using directive or an assembly reference?)
113>D:\Work\IOS-IG-SimHost-FDP-2\Hrot\Runner\Hrot.ClusterRunner.Tests\HexagonalBoundaryTests.cs(280,16,280,38): error CS0246: The type or namespace name 'IOrchestrationObserver' could not be found (are you missing a using directive or an assembly reference?)
113>D:\Work\IOS-IG-SimHost-FDP-2\Hrot\Runner\Hrot.ClusterRunner.Tests\SubsystemOrchestratorTests.cs(222,24,222,33): error CS0246: The type or namespace name 'MapCamera' could not be found (are you missing a using directive or an assembly reference?)
113>D:\Work\IOS-IG-SimHost-FDP-2\Hrot\Runner\Hrot.ClusterRunner.Tests\DataDrivenGizmoPredicateTests.cs(91,37,91,43): error CS0246: The type or namespace name 'Entity' could not be found (are you missing a using directive or an assembly reference?)
113>D:\Work\IOS-IG-SimHost-FDP-2\Hrot\Runner\Hrot.ClusterRunner.Tests\DataDrivenGizmoPredicateTests.cs(92,13,92,19): error CS0246: The type or namespace name 'Rgba32' could not be found (are you missing a using directive or an assembly reference?)
113>D:\Work\IOS-IG-SimHost-FDP-2\Hrot\Runner\Hrot.ClusterRunner.Tests\SimHostSubsystemTests.cs(23,26,23,42): error CS0246: The type or namespace name 'SimHostSubsystem' could not be found (are you missing a using directive or an assembly reference?)
113>D:\Work\IOS-IG-SimHost-FDP-2\Hrot\Runner\Hrot.ClusterRunner.Tests\Mocks\MockSubsystem.cs(9,34,9,44): error CS0246: The type or namespace name 'ISubsystem' could not be found (are you missing a using directive or an assembly reference?)
113>D:\Work\IOS-IG-SimHost-FDP-2\Hrot\Runner\Hrot.ClusterRunner.Tests\HexagonalBoundaryTests.cs(281,16,281,31): error CS0246: The type or namespace name 'ICommandGateway' could not be found (are you missing a using directive or an assembly reference?)
113>D:\Work\IOS-IG-SimHost-FDP-2\Hrot\Runner\Hrot.ClusterRunner.Tests\Presentation\LocalWindowControllerTests.cs(30,16,30,19): error CS0246: The type or namespace name 'Fdp' could not be found (are you missing a using directive or an assembly reference?)
113>D:\Work\IOS-IG-SimHost-FDP-2\Hrot\Runner\Hrot.ClusterRunner.Tests\SimHostSubsystemTests.cs(26,26,26,46): error CS0246: The type or namespace name 'DdsIdAllocatorServer' could not be found (are you missing a using directive or an assembly reference?)
113>D:\Work\IOS-IG-SimHost-FDP-2\Hrot\Runner\Hrot.ClusterRunner.Tests\HexagonalBoundaryTests.cs(282,16,282,35): error CS0246: The type or namespace name 'IExConEgressWriters' could not be found (are you missing a using directive or an assembly reference?)
113>D:\Work\IOS-IG-SimHost-FDP-2\Hrot\Runner\Hrot.ClusterRunner.Tests\DataDrivenGizmoPredicateTests.cs(93,48,93,54): error CS0246: The type or namespace name 'Entity' could not be found (are you missing a using directive or an assembly reference?)
113>D:\Work\IOS-IG-SimHost-FDP-2\Hrot\Runner\Hrot.ClusterRunner.Tests\DataDrivenGizmoPredicateTests.cs(94,13,94,19): error CS0246: The type or namespace name 'Rgba32' could not be found (are you missing a using directive or an assembly reference?)
113>D:\Work\IOS-IG-SimHost-FDP-2\Hrot\Runner\Hrot.ClusterRunner.Tests\HexagonalBoundaryTests.cs(283,16,283,35): error CS0246: The type or namespace name 'ITimeControlGateway' could not be found (are you missing a using directive or an assembly reference?)
113>D:\Work\IOS-IG-SimHost-FDP-2\Hrot\Runner\Hrot.ClusterRunner.Tests\SubsystemOrchestratorTests.cs(460,49,460,59): error CS0246: The type or namespace name 'ISubsystem' could not be found (are you missing a using directive or an assembly reference?)
113>D:\Work\IOS-IG-SimHost-FDP-2\Hrot\Runner\Hrot.ClusterRunner.Tests\SubsystemOrchestratorTests.cs(460,61,460,79): error CS0246: The type or namespace name 'IMapCameraProvider' could not be found (are you missing a using directive or an assembly reference?)
113>D:\Work\IOS-IG-SimHost-FDP-2\Hrot\Runner\Hrot.ClusterRunner.Tests\SimHostSubsystemTests.cs(31,26,31,46): error CS0246: The type or namespace name 'DdsIdAllocatorServer' could not be found (are you missing a using directive or an assembly reference?)
113>D:\Work\IOS-IG-SimHost-FDP-2\Hrot\Runner\Hrot.ClusterRunner.Tests\Mocks\MockSubsystem.cs(26,16,26,31): error CS0246: The type or namespace name 'SubsystemConfig' could not be found (are you missing a using directive or an assembly reference?)
113>D:\Work\IOS-IG-SimHost-FDP-2\Hrot\Runner\Hrot.ClusterRunner.Tests\HexagonalBoundaryTests.cs(284,16,284,37): error CS0246: The type or namespace name 'ISimHostMissionSender' could not be found (are you missing a using directive or an assembly reference?)
113>D:\Work\IOS-IG-SimHost-FDP-2\Hrot\Runner\Hrot.ClusterRunner.Tests\HexagonalBoundaryTests.cs(285,16,285,44): error CS0246: The type or namespace name 'ISimHostAuxiliaryTranslators' could not be found (are you missing a using directive or an assembly reference?)
113>D:\Work\IOS-IG-SimHost-FDP-2\Hrot\Runner\Hrot.ClusterRunner.Tests\SubsystemOrchestratorTests.cs(465,36,465,51): error CS0246: The type or namespace name 'SubsystemConfig' could not be found (are you missing a using directive or an assembly reference?)
113>D:\Work\IOS-IG-SimHost-FDP-2\Hrot\Runner\Hrot.ClusterRunner.Tests\Services\ConsoleCommandServiceTests.cs(20,76,20,86): error CS0246: The type or namespace name 'ISubsystem' could not be found (are you missing a using directive or an assembly reference?)
113>D:\Work\IOS-IG-SimHost-FDP-2\Hrot\Runner\Hrot.ClusterRunner.Tests\Services\ConsoleCommandServiceTests.cs(20,20,20,41): error CS0246: The type or namespace name 'SubsystemOrchestrator' could not be found (are you missing a using directive or an assembly reference?)
113>D:\Work\IOS-IG-SimHost-FDP-2\Hrot\Runner\Hrot.ClusterRunner.Tests\Mocks\MockSubsystem.cs(37,32,37,47): error CS0246: The type or namespace name 'SubsystemConfig' could not be found (are you missing a using directive or an assembly reference?)
113>D:\Work\IOS-IG-SimHost-FDP-2\Hrot\Runner\Hrot.ClusterRunner.Tests\SubsystemOrchestratorTests.cs(470,20,470,29): error CS0246: The type or namespace name 'MapCamera' could not be found (are you missing a using directive or an assembly reference?)
113>D:\Work\IOS-IG-SimHost-FDP-2\Hrot\Runner\Hrot.ClusterRunner.Tests\HexagonalBoundaryTests.cs(286,85,286,93): error CS0246: The type or namespace name 'CarKinem' could not be found (are you missing a using directive or an assembly reference?)
113>D:\Work\IOS-IG-SimHost-FDP-2\Hrot\Runner\Hrot.ClusterRunner.Tests\HexagonalBoundaryTests.cs(286,16,286,46): error CS0246: The type or namespace name 'ISimHostPathfindingTranslators' could not be found (are you missing a using directive or an assembly reference?)
113>D:\Work\IOS-IG-SimHost-FDP-2\Hrot\Runner\Hrot.ClusterRunner.Tests\SubsystemOrchestratorTests.cs(471,20,471,33): error CS0246: The type or namespace name 'MapCameraView' could not be found (are you missing a using directive or an assembly reference?)
113>D:\Work\IOS-IG-SimHost-FDP-2\Hrot\Runner\Hrot.ClusterRunner.Tests\PerspectiveCoordinatorSystemTests.cs(35,20,35,29): error CS0246: The type or namespace name 'MapCamera' could not be found (are you missing a using directive or an assembly reference?)
113>D:\Work\IOS-IG-SimHost-FDP-2\Hrot\Runner\Hrot.ClusterRunner.Tests\SubsystemOrchestratorTests.cs(472,41,472,54): error CS0246: The type or namespace name 'MapCameraView' could not be found (are you missing a using directive or an assembly reference?)
113>D:\Work\IOS-IG-SimHost-FDP-2\Hrot\Runner\Hrot.ClusterRunner.Tests\HexagonalBoundaryTests.cs(287,84,287,87): error CS0246: The type or namespace name 'Fdp' could not be found (are you missing a using directive or an assembly reference?)
113>D:\Work\IOS-IG-SimHost-FDP-2\Hrot\Runner\Hrot.ClusterRunner.Tests\HexagonalBoundaryTests.cs(287,16,287,45): error CS0246: The type or namespace name 'ISimHostPerceptionTranslators' could not be found (are you missing a using directive or an assembly reference?)
113>D:\Work\IOS-IG-SimHost-FDP-2\Hrot\Runner\Hrot.ClusterRunner.Tests\HexagonalBoundaryTests.cs(288,30,288,33): error CS0246: The type or namespace name 'Fdp' could not be found (are you missing a using directive or an assembly reference?)
113>D:\Work\IOS-IG-SimHost-FDP-2\Hrot\Runner\Hrot.ClusterRunner.Tests\PerspectiveCoordinatorSystemTests.cs(197,34,197,58): error CS0246: The type or namespace name 'GizmoExecutionController' could not be found (are you missing a using directive or an assembly reference?)
113>D:\Work\IOS-IG-SimHost-FDP-2\Hrot\Runner\Hrot.ClusterRunner.Tests\HexagonalBoundaryTests.cs(289,16,289,30): error CS0246: The type or namespace name 'IIgTranslators' could not be found (are you missing a using directive or an assembly reference?)
113>D:\Work\IOS-IG-SimHost-FDP-2\Hrot\Runner\Hrot.ClusterRunner.Tests\HexagonalBoundaryTests.cs(290,16,290,33): error CS0246: The type or namespace name 'IIgNetworkAdapter' could not be found (are you missing a using directive or an assembly reference?)
113>D:\Work\IOS-IG-SimHost-FDP-2\Hrot\Runner\Hrot.ClusterRunner.Tests\HexagonalBoundaryTests.cs(291,16,291,43): error CS0246: The type or namespace name 'ICgfEntityLifecycleAdapters' could not be found (are you missing a using directive or an assembly reference?)
113>D:\Work\IOS-IG-SimHost-FDP-2\Hrot\Runner\Hrot.ClusterRunner.Tests\HexagonalBoundaryTests.cs(292,21,292,27): error CS0234: The type or namespace name 'Common' does not exist in the namespace 'Hrot' (are you missing an assembly reference?)
113>D:\Work\IOS-IG-SimHost-FDP-2\Hrot\Runner\Hrot.ClusterRunner.Tests\HexagonalBoundaryTests.cs(295,41,295,52): error CS0246: The type or namespace name 'FdpEventBus' could not be found (are you missing a using directive or an assembly reference?)
113>D:\Work\IOS-IG-SimHost-FDP-2\Hrot\Runner\Hrot.ClusterRunner.Tests\HexagonalBoundaryTests.cs(295,58,295,78): error CS0246: The type or namespace name 'IGeographicTransform' could not be found (are you missing a using directive or an assembly reference?)
113>D:\Work\IOS-IG-SimHost-FDP-2\Hrot\Runner\Hrot.ClusterRunner.Tests\HexagonalBoundaryTests.cs(294,30,294,51): error CS0246: The type or namespace name 'IDescriptorTranslator' could not be found (are you missing a using directive or an assembly reference?)
113>D:\Work\IOS-IG-SimHost-FDP-2\Hrot\Runner\Hrot.ClusterRunner.Tests\HexagonalBoundaryTests.cs(299,13,299,24): error CS0246: The type or namespace name 'FdpEventBus' could not be found (are you missing a using directive or an assembly reference?)
113>D:\Work\IOS-IG-SimHost-FDP-2\Hrot\Runner\Hrot.ClusterRunner.Tests\HexagonalBoundaryTests.cs(298,30,298,33): error CS0246: The type or namespace name 'Fdp' could not be found (are you missing a using directive or an assembly reference?)
113>D:\Work\IOS-IG-SimHost-FDP-2\Hrot\Runner\Hrot.ClusterRunner.Tests\HexagonalBoundaryTests.cs(303,13,303,16): error CS0246: The type or namespace name 'Fdp' could not be found (are you missing a using directive or an assembly reference?)
113>D:\Work\IOS-IG-SimHost-FDP-2\Hrot\Runner\Hrot.ClusterRunner.Tests\HexagonalBoundaryTests.cs(302,16,302,19): error CS0246: The type or namespace name 'Fdp' could not be found (are you missing a using directive or an assembly reference?)
113>D:\Work\IOS-IG-SimHost-FDP-2\Hrot\Runner\Hrot.ClusterRunner.Tests\HexagonalBoundaryTests.cs(309,13,309,21): error CS0246: The type or namespace name 'IDerRepo' could not be found (are you missing a using directive or an assembly reference?)
113>D:\Work\IOS-IG-SimHost-FDP-2\Hrot\Runner\Hrot.ClusterRunner.Tests\HexagonalBoundaryTests.cs(310,20,310,36): error CS0246: The type or namespace name 'MapClickEventDto' could not be found (are you missing a using directive or an assembly reference?)
113>D:\Work\IOS-IG-SimHost-FDP-2\Hrot\Runner\Hrot.ClusterRunner.Tests\HexagonalBoundaryTests.cs(311,20,311,44): error CS0246: The type or namespace name 'SelectionChangedEventDto' could not be found (are you missing a using directive or an assembly reference?)
113>D:\Work\IOS-IG-SimHost-FDP-2\Hrot\Runner\Hrot.ClusterRunner.Tests\HexagonalBoundaryTests.cs(312,20,312,41): error CS0246: The type or namespace name 'EntityLifecycleAckDto' could not be found (are you missing a using directive or an assembly reference?)
113>D:\Work\IOS-IG-SimHost-FDP-2\Hrot\Runner\Hrot.ClusterRunner.Tests\HexagonalBoundaryTests.cs(313,20,313,36): error CS0246: The type or namespace name 'MapCommandAckDto' could not be found (are you missing a using directive or an assembly reference?)
113>D:\Work\IOS-IG-SimHost-FDP-2\Hrot\Runner\Hrot.ClusterRunner.Tests\HexagonalBoundaryTests.cs(306,28,306,43): error CS0246: The type or namespace name 'IIngressHandler' could not be found (are you missing a using directive or an assembly reference?)
113>D:\Work\IOS-IG-SimHost-FDP-2\Hrot\Runner\Hrot.ClusterRunner.Tests\HexagonalBoundaryTests.cs(321,49,321,64): error CS0246: The type or namespace name 'INetworkFactory' could not be found (are you missing a using directive or an assembly reference?)
113>D:\Work\IOS-IG-SimHost-FDP-2\Hrot\Runner\Hrot.ClusterRunner.Tests\HexagonalBoundaryTests.cs(323,31,323,37): error CS0234: The type or namespace name 'Editor' does not exist in the namespace 'Hrot' (are you missing an assembly reference?)
113>D:\Work\IOS-IG-SimHost-FDP-2\Hrot\Runner\Hrot.ClusterRunner.Tests\HexagonalBoundaryTests.cs(331,75,331,83): error CS0246: The type or namespace name 'NodeRole' could not be found (are you missing a using directive or an assembly reference?)
113>D:\Work\IOS-IG-SimHost-FDP-2\Hrot\Runner\Hrot.ClusterRunner.Tests\HexagonalBoundaryTests.cs(331,16,331,31): error CS0246: The type or namespace name 'INetworkFactory' could not be found (are you missing a using directive or an assembly reference?)
113>D:\Work\IOS-IG-SimHost-FDP-2\Hrot\Runner\Hrot.ClusterRunner.Tests\HexagonalBoundaryTests.cs(332,49,332,64): error CS0246: The type or namespace name 'HrotNodeContext' could not be found (are you missing a using directive or an assembly reference?)
113>D:\Work\IOS-IG-SimHost-FDP-2\Hrot\Runner\Hrot.ClusterRunner.Tests\HexagonalBoundaryTests.cs(332,68,332,76): error CS0246: The type or namespace name 'NodeRole' could not be found (are you missing a using directive or an assembly reference?)
113>D:\Work\IOS-IG-SimHost-FDP-2\Hrot\Runner\Hrot.ClusterRunner.Tests\HexagonalBoundaryTests.cs(332,80,332,96): error CS0246: The type or namespace name 'BehaviorRegistry' could not be found (are you missing a using directive or an assembly reference?)
113>D:\Work\IOS-IG-SimHost-FDP-2\Hrot\Runner\Hrot.ClusterRunner.Tests\HexagonalBoundaryTests.cs(332,16,332,31): error CS0246: The type or namespace name 'INetworkFactory' could not be found (are you missing a using directive or an assembly reference?)
113>D:\Work\IOS-IG-SimHost-FDP-2\Hrot\Runner\Hrot.ClusterRunner.Tests\HexagonalBoundaryTests.cs(336,16,336,35): error CS0246: The type or namespace name 'INetworkIdAllocator' could not be found (are you missing a using directive or an assembly reference?)
113>D:\Work\IOS-IG-SimHost-FDP-2\Hrot\Runner\Hrot.ClusterRunner.Tests\HexagonalBoundaryTests.cs(339,79,339,90): error CS0246: The type or namespace name 'FdpEventBus' could not be found (are you missing a using directive or an assembly reference?)
113>D:\Work\IOS-IG-SimHost-FDP-2\Hrot\Runner\Hrot.ClusterRunner.Tests\HexagonalBoundaryTests.cs(340,77,340,88): error CS0246: The type or namespace name 'FdpEventBus' could not be found (are you missing a using directive or an assembly reference?)
113>D:\Work\IOS-IG-SimHost-FDP-2\Hrot\Runner\Hrot.ClusterRunner.Tests\HexagonalBoundaryTests.cs(340,16,340,38): error CS0246: The type or namespace name 'IMasterTimeTranslators' could not be found (are you missing a using directive or an assembly reference?)
113>D:\Work\IOS-IG-SimHost-FDP-2\Hrot\Runner\Hrot.ClusterRunner.Tests\HexagonalBoundaryTests.cs(341,84,341,95): error CS0246: The type or namespace name 'FdpEventBus' could not be found (are you missing a using directive or an assembly reference?)
113>D:\Work\IOS-IG-SimHost-FDP-2\Hrot\Runner\Hrot.ClusterRunner.Tests\HexagonalBoundaryTests.cs(341,16,341,45): error CS0246: The type or namespace name 'ISlaveOrchestrationTranslator' could not be found (are you missing a using directive or an assembly reference?)
113>D:\Work\IOS-IG-SimHost-FDP-2\Hrot\Runner\Hrot.ClusterRunner.Tests\HexagonalBoundaryTests.cs(342,77,342,88): error CS0246: The type or namespace name 'FdpEventBus' could not be found (are you missing a using directive or an assembly reference?)
113>D:\Work\IOS-IG-SimHost-FDP-2\Hrot\Runner\Hrot.ClusterRunner.Tests\HexagonalBoundaryTests.cs(342,16,342,38): error CS0246: The type or namespace name 'IOrchestrationObserver' could not be found (are you missing a using directive or an assembly reference?)
113>D:\Work\IOS-IG-SimHost-FDP-2\Hrot\Runner\Hrot.ClusterRunner.Tests\HexagonalBoundaryTests.cs(343,16,343,31): error CS0246: The type or namespace name 'ICommandGateway' could not be found (are you missing a using directive or an assembly reference?)
113>D:\Work\IOS-IG-SimHost-FDP-2\Hrot\Runner\Hrot.ClusterRunner.Tests\HexagonalBoundaryTests.cs(344,16,344,35): error CS0246: The type or namespace name 'IExConEgressWriters' could not be found (are you missing a using directive or an assembly reference?)
113>D:\Work\IOS-IG-SimHost-FDP-2\Hrot\Runner\Hrot.ClusterRunner.Tests\DataDrivenGizmoPredicateTests.cs(77,27,77,35): error CS0103: The name 'SizeMode' does not exist in the current context
113>D:\Work\IOS-IG-SimHost-FDP-2\Hrot\Runner\Hrot.ClusterRunner.Tests\HexagonalBoundaryTests.cs(345,16,345,35): error CS0246: The type or namespace name 'ITimeControlGateway' could not be found (are you missing a using directive or an assembly reference?)
113>D:\Work\IOS-IG-SimHost-FDP-2\Hrot\Runner\Hrot.ClusterRunner.Tests\HexagonalBoundaryTests.cs(346,16,346,37): error CS0246: The type or namespace name 'ISimHostMissionSender' could not be found (are you missing a using directive or an assembly reference?)
113>D:\Work\IOS-IG-SimHost-FDP-2\Hrot\Runner\Hrot.ClusterRunner.Tests\DataDrivenGizmoPredicateTests.cs(77,70,77,84): error CS0103: The name 'PipelineTarget' does not exist in the current context
113>D:\Work\IOS-IG-SimHost-FDP-2\Hrot\Runner\Hrot.ClusterRunner.Tests\HexagonalBoundaryTests.cs(347,16,347,44): error CS0246: The type or namespace name 'ISimHostAuxiliaryTranslators' could not be found (are you missing a using directive or an assembly reference?)
113>D:\Work\IOS-IG-SimHost-FDP-2\Hrot\Runner\Hrot.ClusterRunner.Tests\DataDrivenGizmoPredicateTests.cs(77,120,77,129): error CS0103: The name 'LineStyle' does not exist in the current context
113>D:\Work\IOS-IG-SimHost-FDP-2\Hrot\Runner\Hrot.ClusterRunner.Tests\DataDrivenGizmoPredicateTests.cs(79,27,79,35): error CS0103: The name 'SizeMode' does not exist in the current context
113>D:\Work\IOS-IG-SimHost-FDP-2\Hrot\Runner\Hrot.ClusterRunner.Tests\DataDrivenGizmoPredicateTests.cs(79,70,79,84): error CS0103: The name 'PipelineTarget' does not exist in the current context
113>D:\Work\IOS-IG-SimHost-FDP-2\Hrot\Runner\Hrot.ClusterRunner.Tests\HexagonalBoundaryTests.cs(348,85,348,93): error CS0246: The type or namespace name 'CarKinem' could not be found (are you missing a using directive or an assembly reference?)
113>D:\Work\IOS-IG-SimHost-FDP-2\Hrot\Runner\Hrot.ClusterRunner.Tests\HexagonalBoundaryTests.cs(348,16,348,46): error CS0246: The type or namespace name 'ISimHostPathfindingTranslators' could not be found (are you missing a using directive or an assembly reference?)
113>D:\Work\IOS-IG-SimHost-FDP-2\Hrot\Runner\Hrot.ClusterRunner.Tests\DataDrivenGizmoPredicateTests.cs(79,120,79,129): error CS0103: The name 'LineStyle' does not exist in the current context
113>D:\Work\IOS-IG-SimHost-FDP-2\Hrot\Runner\Hrot.ClusterRunner.Tests\DataDrivenGizmoPredicateTests.cs(81,55,81,63): error CS0103: The name 'SizeMode' does not exist in the current context
113>D:\Work\IOS-IG-SimHost-FDP-2\Hrot\Runner\Hrot.ClusterRunner.Tests\HexagonalBoundaryTests.cs(349,84,349,87): error CS0246: The type or namespace name 'Fdp' could not be found (are you missing a using directive or an assembly reference?)
113>D:\Work\IOS-IG-SimHost-FDP-2\Hrot\Runner\Hrot.ClusterRunner.Tests\HexagonalBoundaryTests.cs(349,16,349,45): error CS0246: The type or namespace name 'ISimHostPerceptionTranslators' could not be found (are you missing a using directive or an assembly reference?)
113>D:\Work\IOS-IG-SimHost-FDP-2\Hrot\Runner\Hrot.ClusterRunner.Tests\DataDrivenGizmoPredicateTests.cs(82,33,82,47): error CS0103: The name 'PipelineTarget' does not exist in the current context
113>D:\Work\IOS-IG-SimHost-FDP-2\Hrot\Runner\Hrot.ClusterRunner.Tests\DataDrivenGizmoPredicateTests.cs(83,59,83,68): error CS0103: The name 'LineStyle' does not exist in the current context
113>D:\Work\IOS-IG-SimHost-FDP-2\Hrot\Runner\Hrot.ClusterRunner.Tests\HexagonalBoundaryTests.cs(350,30,350,33): error CS0246: The type or namespace name 'Fdp' could not be found (are you missing a using directive or an assembly reference?)
113>D:\Work\IOS-IG-SimHost-FDP-2\Hrot\Runner\Hrot.ClusterRunner.Tests\DataDrivenGizmoPredicateTests.cs(86,37,86,52): error CS0103: The name 'CoordinateSpace' does not exist in the current context
113>D:\Work\IOS-IG-SimHost-FDP-2\Hrot\Runner\Hrot.ClusterRunner.Tests\HexagonalBoundaryTests.cs(351,16,351,30): error CS0246: The type or namespace name 'IIgTranslators' could not be found (are you missing a using directive or an assembly reference?)
113>D:\Work\IOS-IG-SimHost-FDP-2\Hrot\Runner\Hrot.ClusterRunner.Tests\DataDrivenGizmoPredicateTests.cs(88,37,88,52): error CS0103: The name 'CoordinateSpace' does not exist in the current context
113>D:\Work\IOS-IG-SimHost-FDP-2\Hrot\Runner\Hrot.ClusterRunner.Tests\HexagonalBoundaryTests.cs(352,16,352,33): error CS0246: The type or namespace name 'IIgNetworkAdapter' could not be found (are you missing a using directive or an assembly reference?)
113>D:\Work\IOS-IG-SimHost-FDP-2\Hrot\Runner\Hrot.ClusterRunner.Tests\DataDrivenGizmoPredicateTests.cs(90,45,90,59): error CS0103: The name 'PipelineTarget' does not exist in the current context
113>D:\Work\IOS-IG-SimHost-FDP-2\Hrot\Runner\Hrot.ClusterRunner.Tests\HexagonalBoundaryTests.cs(353,16,353,43): error CS0246: The type or namespace name 'ICgfEntityLifecycleAdapters' could not be found (are you missing a using directive or an assembly reference?)
113>D:\Work\IOS-IG-SimHost-FDP-2\Hrot\Runner\Hrot.ClusterRunner.Tests\HexagonalBoundaryTests.cs(354,21,354,27): error CS0234: The type or namespace name 'Common' does not exist in the namespace 'Hrot' (are you missing an assembly reference?)
113>D:\Work\IOS-IG-SimHost-FDP-2\Hrot\Runner\Hrot.ClusterRunner.Tests\HexagonalBoundaryTests.cs(357,41,357,52): error CS0246: The type or namespace name 'FdpEventBus' could not be found (are you missing a using directive or an assembly reference?)
113>D:\Work\IOS-IG-SimHost-FDP-2\Hrot\Runner\Hrot.ClusterRunner.Tests\HexagonalBoundaryTests.cs(357,58,357,78): error CS0246: The type or namespace name 'IGeographicTransform' could not be found (are you missing a using directive or an assembly reference?)
113>D:\Work\IOS-IG-SimHost-FDP-2\Hrot\Runner\Hrot.ClusterRunner.Tests\HexagonalBoundaryTests.cs(356,30,356,51): error CS0246: The type or namespace name 'IDescriptorTranslator' could not be found (are you missing a using directive or an assembly reference?)
113>D:\Work\IOS-IG-SimHost-FDP-2\Hrot\Runner\Hrot.ClusterRunner.Tests\HexagonalBoundaryTests.cs(361,13,361,24): error CS0246: The type or namespace name 'FdpEventBus' could not be found (are you missing a using directive or an assembly reference?)
113>D:\Work\IOS-IG-SimHost-FDP-2\Hrot\Runner\Hrot.ClusterRunner.Tests\HexagonalBoundaryTests.cs(360,30,360,33): error CS0246: The type or namespace name 'Fdp' could not be found (are you missing a using directive or an assembly reference?)
113>D:\Work\IOS-IG-SimHost-FDP-2\Hrot\Runner\Hrot.ClusterRunner.Tests\HexagonalBoundaryTests.cs(365,13,365,16): error CS0246: The type or namespace name 'Fdp' could not be found (are you missing a using directive or an assembly reference?)
113>D:\Work\IOS-IG-SimHost-FDP-2\Hrot\Runner\Hrot.ClusterRunner.Tests\HexagonalBoundaryTests.cs(364,16,364,19): error CS0246: The type or namespace name 'Fdp' could not be found (are you missing a using directive or an assembly reference?)
113>D:\Work\IOS-IG-SimHost-FDP-2\Hrot\Runner\Hrot.ClusterRunner.Tests\HexagonalBoundaryTests.cs(371,13,371,21): error CS0246: The type or namespace name 'IDerRepo' could not be found (are you missing a using directive or an assembly reference?)
113>D:\Work\IOS-IG-SimHost-FDP-2\Hrot\Runner\Hrot.ClusterRunner.Tests\HexagonalBoundaryTests.cs(372,20,372,36): error CS0246: The type or namespace name 'MapClickEventDto' could not be found (are you missing a using directive or an assembly reference?)
113>D:\Work\IOS-IG-SimHost-FDP-2\Hrot\Runner\Hrot.ClusterRunner.Tests\HexagonalBoundaryTests.cs(373,20,373,44): error CS0246: The type or namespace name 'SelectionChangedEventDto' could not be found (are you missing a using directive or an assembly reference?)
113>D:\Work\IOS-IG-SimHost-FDP-2\Hrot\Runner\Hrot.ClusterRunner.Tests\HexagonalBoundaryTests.cs(374,20,374,41): error CS0246: The type or namespace name 'EntityLifecycleAckDto' could not be found (are you missing a using directive or an assembly reference?)
113>D:\Work\IOS-IG-SimHost-FDP-2\Hrot\Runner\Hrot.ClusterRunner.Tests\HexagonalBoundaryTests.cs(375,20,375,36): error CS0246: The type or namespace name 'MapCommandAckDto' could not be found (are you missing a using directive or an assembly reference?)
113>D:\Work\IOS-IG-SimHost-FDP-2\Hrot\Runner\Hrot.ClusterRunner.Tests\HexagonalBoundaryTests.cs(368,28,368,43): error CS0246: The type or namespace name 'IIngressHandler' could not be found (are you missing a using directive or an assembly reference?)
113>Done building project "Hrot.ClusterRunner.Tests.csproj" -- FAILED.
112>D:\Work\IOS-IG-SimHost-FDP-2\Hrot\Runner\Hrot.ClusterRunner.Integration.Tests\ClusterOpE2eScriptTests.cs(12,12,12,24): error CS0234: The type or namespace name 'Orchestrator' does not exist in the namespace 'Hrot' (are you missing an assembly reference?)
112>D:\Work\IOS-IG-SimHost-FDP-2\Hrot\Runner\Hrot.ClusterRunner.Integration.Tests\ClusterOpE2eScriptTests.cs(13,12,13,19): error CS0234: The type or namespace name 'SimHost' does not exist in the namespace 'Hrot' (are you missing an assembly reference?)
112>D:\Work\IOS-IG-SimHost-FDP-2\Hrot\Runner\Hrot.ClusterRunner.Integration.Tests\ClusterOpE2eScriptTests.cs(14,12,14,17): error CS0234: The type or namespace name 'ExCon' does not exist in the namespace 'Hrot' (are you missing an assembly reference?)
112>D:\Work\IOS-IG-SimHost-FDP-2\Hrot\Runner\Hrot.ClusterRunner.Integration.Tests\ClusterOpE2eScriptTests.cs(15,26,15,33): error CS0234: The type or namespace name 'Testing' does not exist in the namespace 'Hrot.ClusterRunner' (are you missing an assembly reference?)
112>D:\Work\IOS-IG-SimHost-FDP-2\Hrot\Runner\Hrot.ClusterRunner.Integration.Tests\ContextMenuIntegrationTests.cs(2,12,2,15): error CS0234: The type or namespace name 'NED' does not exist in the namespace 'Hrot' (are you missing an assembly reference?)
112>D:\Work\IOS-IG-SimHost-FDP-2\Hrot\Runner\Hrot.ClusterRunner.Integration.Tests\ContextMenuIntegrationTests.cs(3,12,3,14): error CS0234: The type or namespace name 'IG' does not exist in the namespace 'Hrot' (are you missing an assembly reference?)
112>D:\Work\IOS-IG-SimHost-FDP-2\Hrot\Runner\Hrot.ClusterRunner.Integration.Tests\ContextMenuIntegrationTests.cs(5,7,5,10): error CS0246: The type or namespace name 'Fdp' could not be found (are you missing a using directive or an assembly reference?)
112>D:\Work\IOS-IG-SimHost-FDP-2\Hrot\Runner\Hrot.ClusterRunner.Integration.Tests\ContextMenuIntegrationTests.cs(6,7,6,10): error CS0246: The type or namespace name 'Fdp' could not be found (are you missing a using directive or an assembly reference?)
112>D:\Work\IOS-IG-SimHost-FDP-2\Hrot\Runner\Hrot.ClusterRunner.Integration.Tests\ContextMenuIntegrationTests.cs(7,7,7,10): error CS0246: The type or namespace name 'Fdp' could not be found (are you missing a using directive or an assembly reference?)
112>D:\Work\IOS-IG-SimHost-FDP-2\Hrot\Runner\Hrot.ClusterRunner.Integration.Tests\DdsIdAllocatorDecouplingTests.cs(12,27,12,31): error CS0234: The type or namespace name 'Core' does not exist in the namespace 'Hrot' (are you missing an assembly reference?)
112>D:\Work\IOS-IG-SimHost-FDP-2\Hrot\Runner\Hrot.ClusterRunner.Integration.Tests\DdsIdAllocatorDecouplingTests.cs(3,7,3,10): error CS0246: The type or namespace name 'Fdp' could not be found (are you missing a using directive or an assembly reference?)
112>D:\Work\IOS-IG-SimHost-FDP-2\Hrot\Runner\Hrot.ClusterRunner.Integration.Tests\DdsIdAllocatorDecouplingTests.cs(4,12,4,18): error CS0234: The type or namespace name 'Common' does not exist in the namespace 'Hrot' (are you missing an assembly reference?)
112>D:\Work\IOS-IG-SimHost-FDP-2\Hrot\Runner\Hrot.ClusterRunner.Integration.Tests\DdsIdAllocatorDecouplingTests.cs(5,12,5,16): error CS0234: The type or namespace name 'Core' does not exist in the namespace 'Hrot' (are you missing an assembly reference?)
112>D:\Work\IOS-IG-SimHost-FDP-2\Hrot\Runner\Hrot.ClusterRunner.Integration.Tests\DdsIdAllocatorDecouplingTests.cs(6,12,6,15): error CS0234: The type or namespace name 'Map' does not exist in the namespace 'Hrot' (are you missing an assembly reference?)
112>D:\Work\IOS-IG-SimHost-FDP-2\Hrot\Runner\Hrot.ClusterRunner.Integration.Tests\DdsIdAllocatorDecouplingTests.cs(7,12,7,15): error CS0234: The type or namespace name 'NED' does not exist in the namespace 'Hrot' (are you missing an assembly reference?)
112>D:\Work\IOS-IG-SimHost-FDP-2\Hrot\Runner\Hrot.ClusterRunner.Integration.Tests\DdsIdAllocatorDecouplingTests.cs(8,12,8,24): error CS0234: The type or namespace name 'Orchestrator' does not exist in the namespace 'Hrot' (are you missing an assembly reference?)
112>D:\Work\IOS-IG-SimHost-FDP-2\Hrot\Runner\Hrot.ClusterRunner.Integration.Tests\DdsIdAllocatorDecouplingTests.cs(9,12,9,19): error CS0234: The type or namespace name 'SimHost' does not exist in the namespace 'Hrot' (are you missing an assembly reference?)
112>D:\Work\IOS-IG-SimHost-FDP-2\Hrot\Runner\Hrot.ClusterRunner.Integration.Tests\DistributedBrainMuscleIntegrationTests.cs(2,7,2,10): error CS0246: The type or namespace name 'Fdp' could not be found (are you missing a using directive or an assembly reference?)
112>D:\Work\IOS-IG-SimHost-FDP-2\Hrot\Runner\Hrot.ClusterRunner.Integration.Tests\DistributedBrainMuscleIntegrationTests.cs(3,7,3,10): error CS0246: The type or namespace name 'Fdp' could not be found (are you missing a using directive or an assembly reference?)
112>D:\Work\IOS-IG-SimHost-FDP-2\Hrot\Runner\Hrot.ClusterRunner.Integration.Tests\DistributedBrainMuscleIntegrationTests.cs(4,7,4,10): error CS0246: The type or namespace name 'Fdp' could not be found (are you missing a using directive or an assembly reference?)
112>D:\Work\IOS-IG-SimHost-FDP-2\Hrot\Runner\Hrot.ClusterRunner.Integration.Tests\DistributedBrainMuscleIntegrationTests.cs(5,7,5,10): error CS0246: The type or namespace name 'Fdp' could not be found (are you missing a using directive or an assembly reference?)
112>D:\Work\IOS-IG-SimHost-FDP-2\Hrot\Runner\Hrot.ClusterRunner.Integration.Tests\DistributedBrainMuscleIntegrationTests.cs(6,7,6,10): error CS0246: The type or namespace name 'Fdp' could not be found (are you missing a using directive or an assembly reference?)
112>D:\Work\IOS-IG-SimHost-FDP-2\Hrot\Runner\Hrot.ClusterRunner.Integration.Tests\DistributedBrainMuscleIntegrationTests.cs(7,12,7,15): error CS0234: The type or namespace name 'Map' does not exist in the namespace 'Hrot' (are you missing an assembly reference?)
112>D:\Work\IOS-IG-SimHost-FDP-2\Hrot\Runner\Hrot.ClusterRunner.Integration.Tests\DistributedBrainMuscleIntegrationTests.cs(8,12,8,16): error CS0234: The type or namespace name 'Core' does not exist in the namespace 'Hrot' (are you missing an assembly reference?)
112>D:\Work\IOS-IG-SimHost-FDP-2\Hrot\Runner\Hrot.ClusterRunner.Integration.Tests\DistributedScenarioLoadTests.cs(15,28,15,31): error CS0234: The type or namespace name 'NED' does not exist in the namespace 'Hrot' (are you missing an assembly reference?)
112>D:\Work\IOS-IG-SimHost-FDP-2\Hrot\Runner\Hrot.ClusterRunner.Integration.Tests\DistributedScenarioLoadTests.cs(7,7,7,10): error CS0246: The type or namespace name 'Fdp' could not be found (are you missing a using directive or an assembly reference?)
112>D:\Work\IOS-IG-SimHost-FDP-2\Hrot\Runner\Hrot.ClusterRunner.Integration.Tests\DistributedScenarioLoadTests.cs(8,7,8,10): error CS0246: The type or namespace name 'Fdp' could not be found (are you missing a using directive or an assembly reference?)
112>D:\Work\IOS-IG-SimHost-FDP-2\Hrot\Runner\Hrot.ClusterRunner.Integration.Tests\DistributedScenarioLoadTests.cs(9,7,9,10): error CS0246: The type or namespace name 'Fdp' could not be found (are you missing a using directive or an assembly reference?)
112>D:\Work\IOS-IG-SimHost-FDP-2\Hrot\Runner\Hrot.ClusterRunner.Integration.Tests\DistributedScenarioLoadTests.cs(10,7,10,10): error CS0246: The type or namespace name 'Fdp' could not be found (are you missing a using directive or an assembly reference?)
112>D:\Work\IOS-IG-SimHost-FDP-2\Hrot\Runner\Hrot.ClusterRunner.Integration.Tests\DistributedScenarioLoadTests.cs(11,7,11,10): error CS0246: The type or namespace name 'Fdp' could not be found (are you missing a using directive or an assembly reference?)
112>D:\Work\IOS-IG-SimHost-FDP-2\Hrot\Runner\Hrot.ClusterRunner.Integration.Tests\DistributedScenarioLoadTests.cs(12,7,12,10): error CS0246: The type or namespace name 'Fdp' could not be found (are you missing a using directive or an assembly reference?)
112>D:\Work\IOS-IG-SimHost-FDP-2\Hrot\Runner\Hrot.ClusterRunner.Integration.Tests\DistributedScenarioLoadTests.cs(13,12,13,15): error CS0234: The type or namespace name 'NED' does not exist in the namespace 'Hrot' (are you missing an assembly reference?)
112>D:\Work\IOS-IG-SimHost-FDP-2\Hrot\Runner\Hrot.ClusterRunner.Integration.Tests\DragDropIntegrationTests.cs(4,27,4,31): error CS0234: The type or namespace name 'Core' does not exist in the namespace 'Hrot' (are you missing an assembly reference?)
112>D:\Work\IOS-IG-SimHost-FDP-2\Hrot\Runner\Hrot.ClusterRunner.Integration.Tests\DragDropIntegrationTests.cs(2,12,2,15): error CS0234: The type or namespace name 'NED' does not exist in the namespace 'Hrot' (are you missing an assembly reference?)
112>D:\Work\IOS-IG-SimHost-FDP-2\Hrot\Runner\Hrot.ClusterRunner.Integration.Tests\DragDropIntegrationTests.cs(3,12,3,15): error CS0234: The type or namespace name 'NED' does not exist in the namespace 'Hrot' (are you missing an assembly reference?)
112>D:\Work\IOS-IG-SimHost-FDP-2\Hrot\Runner\Hrot.ClusterRunner.Integration.Tests\DragDropIntegrationTests.cs(5,12,5,15): error CS0234: The type or namespace name 'Map' does not exist in the namespace 'Hrot' (are you missing an assembly reference?)
112>D:\Work\IOS-IG-SimHost-FDP-2\Hrot\Runner\Hrot.ClusterRunner.Integration.Tests\DragDropIntegrationTests.cs(6,7,6,10): error CS0246: The type or namespace name 'Fdp' could not be found (are you missing a using directive or an assembly reference?)
112>D:\Work\IOS-IG-SimHost-FDP-2\Hrot\Runner\Hrot.ClusterRunner.Integration.Tests\DragDropIntegrationTests.cs(7,7,7,10): error CS0246: The type or namespace name 'Fdp' could not be found (are you missing a using directive or an assembly reference?)
112>D:\Work\IOS-IG-SimHost-FDP-2\Hrot\Runner\Hrot.ClusterRunner.Integration.Tests\DragDropIntegrationTests.cs(8,7,8,10): error CS0246: The type or namespace name 'Fdp' could not be found (are you missing a using directive or an assembly reference?)
112>D:\Work\IOS-IG-SimHost-FDP-2\Hrot\Runner\Hrot.ClusterRunner.Integration.Tests\DragDropIntegrationTests.cs(9,7,9,10): error CS0246: The type or namespace name 'Fdp' could not be found (are you missing a using directive or an assembly reference?)
112>D:\Work\IOS-IG-SimHost-FDP-2\Hrot\Runner\Hrot.ClusterRunner.Integration.Tests\EditorAuthoringIntegrationTests.cs(4,7,4,15): error CS0246: The type or namespace name 'CarKinem' could not be found (are you missing a using directive or an assembly reference?)
112>D:\Work\IOS-IG-SimHost-FDP-2\Hrot\Runner\Hrot.ClusterRunner.Integration.Tests\EditorAuthoringIntegrationTests.cs(5,7,5,10): error CS0246: The type or namespace name 'Fdp' could not be found (are you missing a using directive or an assembly reference?)
112>D:\Work\IOS-IG-SimHost-FDP-2\Hrot\Runner\Hrot.ClusterRunner.Integration.Tests\EditorAuthoringIntegrationTests.cs(6,7,6,10): error CS0246: The type or namespace name 'Fdp' could not be found (are you missing a using directive or an assembly reference?)
112>D:\Work\IOS-IG-SimHost-FDP-2\Hrot\Runner\Hrot.ClusterRunner.Integration.Tests\EditorAuthoringIntegrationTests.cs(7,7,7,10): error CS0246: The type or namespace name 'Fdp' could not be found (are you missing a using directive or an assembly reference?)
112>D:\Work\IOS-IG-SimHost-FDP-2\Hrot\Runner\Hrot.ClusterRunner.Integration.Tests\EditorAuthoringIntegrationTests.cs(8,7,8,10): error CS0246: The type or namespace name 'Fdp' could not be found (are you missing a using directive or an assembly reference?)
112>D:\Work\IOS-IG-SimHost-FDP-2\Hrot\Runner\Hrot.ClusterRunner.Integration.Tests\EditorAuthoringIntegrationTests.cs(9,7,9,10): error CS0246: The type or namespace name 'Fdp' could not be found (are you missing a using directive or an assembly reference?)
112>D:\Work\IOS-IG-SimHost-FDP-2\Hrot\Runner\Hrot.ClusterRunner.Integration.Tests\EditorAuthoringIntegrationTests.cs(10,7,10,10): error CS0246: The type or namespace name 'Fdp' could not be found (are you missing a using directive or an assembly reference?)
112>D:\Work\IOS-IG-SimHost-FDP-2\Hrot\Runner\Hrot.ClusterRunner.Integration.Tests\EditorAuthoringIntegrationTests.cs(11,7,11,10): error CS0246: The type or namespace name 'Fdp' could not be found (are you missing a using directive or an assembly reference?)
112>D:\Work\IOS-IG-SimHost-FDP-2\Hrot\Runner\Hrot.ClusterRunner.Integration.Tests\EditorAuthoringIntegrationTests.cs(12,7,12,10): error CS0246: The type or namespace name 'Fdp' could not be found (are you missing a using directive or an assembly reference?)
112>D:\Work\IOS-IG-SimHost-FDP-2\Hrot\Runner\Hrot.ClusterRunner.Integration.Tests\EditorAuthoringIntegrationTests.cs(13,12,13,18): error CS0234: The type or namespace name 'Editor' does not exist in the namespace 'Hrot' (are you missing an assembly reference?)
112>D:\Work\IOS-IG-SimHost-FDP-2\Hrot\Runner\Hrot.ClusterRunner.Integration.Tests\EditorAuthoringIntegrationTests.cs(14,12,14,15): error CS0234: The type or namespace name 'Map' does not exist in the namespace 'Hrot' (are you missing an assembly reference?)
112>D:\Work\IOS-IG-SimHost-FDP-2\Hrot\Runner\Hrot.ClusterRunner.Integration.Tests\EditorAuthoringIntegrationTests.cs(15,12,15,15): error CS0234: The type or namespace name 'Map' does not exist in the namespace 'Hrot' (are you missing an assembly reference?)
112>D:\Work\IOS-IG-SimHost-FDP-2\Hrot\Runner\Hrot.ClusterRunner.Integration.Tests\EditorAuthoringIntegrationTests.cs(16,12,16,15): error CS0234: The type or namespace name 'Map' does not exist in the namespace 'Hrot' (are you missing an assembly reference?)
112>D:\Work\IOS-IG-SimHost-FDP-2\Hrot\Runner\Hrot.ClusterRunner.Integration.Tests\EditorAuthoringIntegrationTests.cs(17,12,17,15): error CS0234: The type or namespace name 'Map' does not exist in the namespace 'Hrot' (are you missing an assembly reference?)
112>D:\Work\IOS-IG-SimHost-FDP-2\Hrot\Runner\Hrot.ClusterRunner.Integration.Tests\EditorFileIOIntegrationTests.cs(3,7,3,10): error CS0246: The type or namespace name 'Fdp' could not be found (are you missing a using directive or an assembly reference?)
112>D:\Work\IOS-IG-SimHost-FDP-2\Hrot\Runner\Hrot.ClusterRunner.Integration.Tests\EditorFileIOIntegrationTests.cs(4,7,4,10): error CS0246: The type or namespace name 'Fdp' could not be found (are you missing a using directive or an assembly reference?)
112>D:\Work\IOS-IG-SimHost-FDP-2\Hrot\Runner\Hrot.ClusterRunner.Integration.Tests\EditorFileIOIntegrationTests.cs(5,12,5,18): error CS0234: The type or namespace name 'Common' does not exist in the namespace 'Hrot' (are you missing an assembly reference?)
112>D:\Work\IOS-IG-SimHost-FDP-2\Hrot\Runner\Hrot.ClusterRunner.Integration.Tests\EditorFileIOIntegrationTests.cs(6,7,6,10): error CS0246: The type or namespace name 'Fdp' could not be found (are you missing a using directive or an assembly reference?)
112>D:\Work\IOS-IG-SimHost-FDP-2\Hrot\Runner\Hrot.ClusterRunner.Integration.Tests\EditorHarness.cs(3,7,3,10): error CS0246: The type or namespace name 'Fdp' could not be found (are you missing a using directive or an assembly reference?)
112>D:\Work\IOS-IG-SimHost-FDP-2\Hrot\Runner\Hrot.ClusterRunner.Integration.Tests\EditorHarness.cs(4,7,4,10): error CS0246: The type or namespace name 'Fdp' could not be found (are you missing a using directive or an assembly reference?)
112>D:\Work\IOS-IG-SimHost-FDP-2\Hrot\Runner\Hrot.ClusterRunner.Integration.Tests\EditorHarness.cs(5,7,5,10): error CS0246: The type or namespace name 'Fdp' could not be found (are you missing a using directive or an assembly reference?)
112>D:\Work\IOS-IG-SimHost-FDP-2\Hrot\Runner\Hrot.ClusterRunner.Integration.Tests\EditorHarness.cs(6,7,6,10): error CS0246: The type or namespace name 'Fdp' could not be found (are you missing a using directive or an assembly reference?)
112>D:\Work\IOS-IG-SimHost-FDP-2\Hrot\Runner\Hrot.ClusterRunner.Integration.Tests\EditorHarness.cs(7,7,7,10): error CS0246: The type or namespace name 'Fdp' could not be found (are you missing a using directive or an assembly reference?)
112>D:\Work\IOS-IG-SimHost-FDP-2\Hrot\Runner\Hrot.ClusterRunner.Integration.Tests\EditorHarness.cs(8,7,8,10): error CS0246: The type or namespace name 'Fdp' could not be found (are you missing a using directive or an assembly reference?)
112>D:\Work\IOS-IG-SimHost-FDP-2\Hrot\Runner\Hrot.ClusterRunner.Integration.Tests\EditorHarness.cs(9,7,9,10): error CS0246: The type or namespace name 'Fdp' could not be found (are you missing a using directive or an assembly reference?)
112>D:\Work\IOS-IG-SimHost-FDP-2\Hrot\Runner\Hrot.ClusterRunner.Integration.Tests\EditorHarness.cs(10,7,10,10): error CS0246: The type or namespace name 'Fdp' could not be found (are you missing a using directive or an assembly reference?)
112>D:\Work\IOS-IG-SimHost-FDP-2\Hrot\Runner\Hrot.ClusterRunner.Integration.Tests\EditorHarness.cs(11,7,11,10): error CS0246: The type or namespace name 'Fdp' could not be found (are you missing a using directive or an assembly reference?)
112>D:\Work\IOS-IG-SimHost-FDP-2\Hrot\Runner\Hrot.ClusterRunner.Integration.Tests\EditorHarness.cs(12,12,12,18): error CS0234: The type or namespace name 'Common' does not exist in the namespace 'Hrot' (are you missing an assembly reference?)
112>D:\Work\IOS-IG-SimHost-FDP-2\Hrot\Runner\Hrot.ClusterRunner.Integration.Tests\EditorHarness.cs(13,12,13,14): error CS0234: The type or namespace name 'UI' does not exist in the namespace 'Hrot' (are you missing an assembly reference?)
112>D:\Work\IOS-IG-SimHost-FDP-2\Hrot\Runner\Hrot.ClusterRunner.Integration.Tests\EditorHarness.cs(14,7,14,10): error CS0246: The type or namespace name 'Fdp' could not be found (are you missing a using directive or an assembly reference?)
112>D:\Work\IOS-IG-SimHost-FDP-2\Hrot\Runner\Hrot.ClusterRunner.Integration.Tests\EditorHarness.cs(15,7,15,10): error CS0246: The type or namespace name 'Fdp' could not be found (are you missing a using directive or an assembly reference?)
112>D:\Work\IOS-IG-SimHost-FDP-2\Hrot\Runner\Hrot.ClusterRunner.Integration.Tests\EditorHarness.cs(16,7,16,10): error CS0246: The type or namespace name 'Fdp' could not be found (are you missing a using directive or an assembly reference?)
112>D:\Work\IOS-IG-SimHost-FDP-2\Hrot\Runner\Hrot.ClusterRunner.Integration.Tests\EditorHarness.cs(17,7,17,10): error CS0246: The type or namespace name 'Fdp' could not be found (are you missing a using directive or an assembly reference?)
112>D:\Work\IOS-IG-SimHost-FDP-2\Hrot\Runner\Hrot.ClusterRunner.Integration.Tests\EditorHarness.cs(18,7,18,15): error CS0246: The type or namespace name 'CarKinem' could not be found (are you missing a using directive or an assembly reference?)
112>D:\Work\IOS-IG-SimHost-FDP-2\Hrot\Runner\Hrot.ClusterRunner.Integration.Tests\EditorHarness.cs(19,7,19,10): error CS0246: The type or namespace name 'Fdp' could not be found (are you missing a using directive or an assembly reference?)
112>D:\Work\IOS-IG-SimHost-FDP-2\Hrot\Runner\Hrot.ClusterRunner.Integration.Tests\EditorHarness.cs(20,7,20,10): error CS0246: The type or namespace name 'Fdp' could not be found (are you missing a using directive or an assembly reference?)
112>D:\Work\IOS-IG-SimHost-FDP-2\Hrot\Runner\Hrot.ClusterRunner.Integration.Tests\EditorHarness.cs(21,7,21,10): error CS0246: The type or namespace name 'Fdp' could not be found (are you missing a using directive or an assembly reference?)
112>D:\Work\IOS-IG-SimHost-FDP-2\Hrot\Runner\Hrot.ClusterRunner.Integration.Tests\EditorHarness.cs(22,12,22,15): error CS0234: The type or namespace name 'CGF' does not exist in the namespace 'Hrot' (are you missing an assembly reference?)
112>D:\Work\IOS-IG-SimHost-FDP-2\Hrot\Runner\Hrot.ClusterRunner.Integration.Tests\EditorHarness.cs(23,12,23,16): error CS0234: The type or namespace name 'Core' does not exist in the namespace 'Hrot' (are you missing an assembly reference?)
112>D:\Work\IOS-IG-SimHost-FDP-2\Hrot\Runner\Hrot.ClusterRunner.Integration.Tests\EditorHarness.cs(24,12,24,18): error CS0234: The type or namespace name 'Editor' does not exist in the namespace 'Hrot' (are you missing an assembly reference?)
112>D:\Work\IOS-IG-SimHost-FDP-2\Hrot\Runner\Hrot.ClusterRunner.Integration.Tests\EditorHarness.cs(25,12,25,18): error CS0234: The type or namespace name 'Editor' does not exist in the namespace 'Hrot' (are you missing an assembly reference?)
112>D:\Work\IOS-IG-SimHost-FDP-2\Hrot\Runner\Hrot.ClusterRunner.Integration.Tests\EditorHarness.cs(26,12,26,15): error CS0234: The type or namespace name 'Map' does not exist in the namespace 'Hrot' (are you missing an assembly reference?)
112>D:\Work\IOS-IG-SimHost-FDP-2\Hrot\Runner\Hrot.ClusterRunner.Integration.Tests\EditorHarness.cs(27,12,27,15): error CS0234: The type or namespace name 'Map' does not exist in the namespace 'Hrot' (are you missing an assembly reference?)
112>D:\Work\IOS-IG-SimHost-FDP-2\Hrot\Runner\Hrot.ClusterRunner.Integration.Tests\EditorHarness.cs(28,12,28,15): error CS0234: The type or namespace name 'Map' does not exist in the namespace 'Hrot' (are you missing an assembly reference?)
112>D:\Work\IOS-IG-SimHost-FDP-2\Hrot\Runner\Hrot.ClusterRunner.Integration.Tests\EditorHarness.cs(29,12,29,24): error CS0234: The type or namespace name 'Orchestrator' does not exist in the namespace 'Hrot' (are you missing an assembly reference?)
112>D:\Work\IOS-IG-SimHost-FDP-2\Hrot\Runner\Hrot.ClusterRunner.Integration.Tests\EditorHarness.cs(30,12,30,26): error CS0234: The type or namespace name 'ScenarioEditor' does not exist in the namespace 'Hrot' (are you missing an assembly reference?)
112>D:\Work\IOS-IG-SimHost-FDP-2\Hrot\Runner\Hrot.ClusterRunner.Integration.Tests\EditorHarness.cs(31,12,31,26): error CS0234: The type or namespace name 'ScenarioEditor' does not exist in the namespace 'Hrot' (are you missing an assembly reference?)
112>D:\Work\IOS-IG-SimHost-FDP-2\Hrot\Runner\Hrot.ClusterRunner.Integration.Tests\EditorHarness.cs(32,12,32,19): error CS0234: The type or namespace name 'SimHost' does not exist in the namespace 'Hrot' (are you missing an assembly reference?)
112>D:\Work\IOS-IG-SimHost-FDP-2\Hrot\Runner\Hrot.ClusterRunner.Integration.Tests\EditorHarness.cs(33,12,33,19): error CS0234: The type or namespace name 'SimHost' does not exist in the namespace 'Hrot' (are you missing an assembly reference?)
112>D:\Work\IOS-IG-SimHost-FDP-2\Hrot\Runner\Hrot.ClusterRunner.Integration.Tests\EditorHarness.cs(34,7,34,10): error CS0246: The type or namespace name 'Fdp' could not be found (are you missing a using directive or an assembly reference?)
112>D:\Work\IOS-IG-SimHost-FDP-2\Hrot\Runner\Hrot.ClusterRunner.Integration.Tests\EditorHarness.cs(35,7,35,10): error CS0246: The type or namespace name 'Fdp' could not be found (are you missing a using directive or an assembly reference?)
112>D:\Work\IOS-IG-SimHost-FDP-2\Hrot\Runner\Hrot.ClusterRunner.Integration.Tests\EditorHarness.cs(36,7,36,10): error CS0246: The type or namespace name 'Fdp' could not be found (are you missing a using directive or an assembly reference?)
112>D:\Work\IOS-IG-SimHost-FDP-2\Hrot\Runner\Hrot.ClusterRunner.Integration.Tests\EditorPreviewAndSaveIntegrationTests.cs(5,7,5,10): error CS0246: The type or namespace name 'Fdp' could not be found (are you missing a using directive or an assembly reference?)
112>D:\Work\IOS-IG-SimHost-FDP-2\Hrot\Runner\Hrot.ClusterRunner.Integration.Tests\EditorPreviewAndSaveIntegrationTests.cs(6,7,6,10): error CS0246: The type or namespace name 'Fdp' could not be found (are you missing a using directive or an assembly reference?)
112>D:\Work\IOS-IG-SimHost-FDP-2\Hrot\Runner\Hrot.ClusterRunner.Integration.Tests\EditorPreviewAndSaveIntegrationTests.cs(7,7,7,10): error CS0246: The type or namespace name 'Fdp' could not be found (are you missing a using directive or an assembly reference?)
112>D:\Work\IOS-IG-SimHost-FDP-2\Hrot\Runner\Hrot.ClusterRunner.Integration.Tests\EditorPreviewAndSaveIntegrationTests.cs(8,12,8,18): error CS0234: The type or namespace name 'Common' does not exist in the namespace 'Hrot' (are you missing an assembly reference?)
112>D:\Work\IOS-IG-SimHost-FDP-2\Hrot\Runner\Hrot.ClusterRunner.Integration.Tests\EditorPreviewAndSaveIntegrationTests.cs(9,12,9,15): error CS0234: The type or namespace name 'NED' does not exist in the namespace 'Hrot' (are you missing an assembly reference?)
112>D:\Work\IOS-IG-SimHost-FDP-2\Hrot\Runner\Hrot.ClusterRunner.Integration.Tests\EditorPreviewAndSaveIntegrationTests.cs(10,7,10,10): error CS0246: The type or namespace name 'Fdp' could not be found (are you missing a using directive or an assembly reference?)
112>D:\Work\IOS-IG-SimHost-FDP-2\Hrot\Runner\Hrot.ClusterRunner.Integration.Tests\EditorSubsystemBootTests.cs(2,7,2,10): error CS0246: The type or namespace name 'Fdp' could not be found (are you missing a using directive or an assembly reference?)
112>D:\Work\IOS-IG-SimHost-FDP-2\Hrot\Runner\Hrot.ClusterRunner.Integration.Tests\EntityDestroyIntegrationTests.cs(6,27,6,31): error CS0234: The type or namespace name 'Core' does not exist in the namespace 'Hrot' (are you missing an assembly reference?)
112>D:\Work\IOS-IG-SimHost-FDP-2\Hrot\Runner\Hrot.ClusterRunner.Integration.Tests\EntityDestroyIntegrationTests.cs(3,12,3,15): error CS0234: The type or namespace name 'NED' does not exist in the namespace 'Hrot' (are you missing an assembly reference?)
112>D:\Work\IOS-IG-SimHost-FDP-2\Hrot\Runner\Hrot.ClusterRunner.Integration.Tests\EntityDestroyIntegrationTests.cs(4,12,4,15): error CS0234: The type or namespace name 'NED' does not exist in the namespace 'Hrot' (are you missing an assembly reference?)
112>D:\Work\IOS-IG-SimHost-FDP-2\Hrot\Runner\Hrot.ClusterRunner.Integration.Tests\EntityDestroyIntegrationTests.cs(5,12,5,15): error CS0234: The type or namespace name 'NED' does not exist in the namespace 'Hrot' (are you missing an assembly reference?)
112>D:\Work\IOS-IG-SimHost-FDP-2\Hrot\Runner\Hrot.ClusterRunner.Integration.Tests\EntityDestroyIntegrationTests.cs(7,12,7,15): error CS0234: The type or namespace name 'Map' does not exist in the namespace 'Hrot' (are you missing an assembly reference?)
112>D:\Work\IOS-IG-SimHost-FDP-2\Hrot\Runner\Hrot.ClusterRunner.Integration.Tests\EntityDestroyIntegrationTests.cs(8,7,8,10): error CS0246: The type or namespace name 'Fdp' could not be found (are you missing a using directive or an assembly reference?)
112>D:\Work\IOS-IG-SimHost-FDP-2\Hrot\Runner\Hrot.ClusterRunner.Integration.Tests\EntityDestroyIntegrationTests.cs(9,7,9,10): error CS0246: The type or namespace name 'Fdp' could not be found (are you missing a using directive or an assembly reference?)
112>D:\Work\IOS-IG-SimHost-FDP-2\Hrot\Runner\Hrot.ClusterRunner.Integration.Tests\EntityDestroyIntegrationTests.cs(10,7,10,10): error CS0246: The type or namespace name 'Fdp' could not be found (are you missing a using directive or an assembly reference?)
112>D:\Work\IOS-IG-SimHost-FDP-2\Hrot\Runner\Hrot.ClusterRunner.Integration.Tests\EntityDestroyIntegrationTests.cs(11,7,11,10): error CS0246: The type or namespace name 'Fdp' could not be found (are you missing a using directive or an assembly reference?)
112>D:\Work\IOS-IG-SimHost-FDP-2\Hrot\Runner\Hrot.ClusterRunner.Integration.Tests\EntityDestroyIntegrationTests.cs(12,7,12,10): error CS0246: The type or namespace name 'Fdp' could not be found (are you missing a using directive or an assembly reference?)
112>D:\Work\IOS-IG-SimHost-FDP-2\Hrot\Runner\Hrot.ClusterRunner.Integration.Tests\Eqs\AccurateLosPhaseTests.cs(4,7,4,10): error CS0246: The type or namespace name 'Fdp' could not be found (are you missing a using directive or an assembly reference?)
112>D:\Work\IOS-IG-SimHost-FDP-2\Hrot\Runner\Hrot.ClusterRunner.Integration.Tests\Eqs\AccurateLosPhaseTests.cs(5,7,5,10): error CS0246: The type or namespace name 'Fdp' could not be found (are you missing a using directive or an assembly reference?)
112>D:\Work\IOS-IG-SimHost-FDP-2\Hrot\Runner\Hrot.ClusterRunner.Integration.Tests\Eqs\AccurateLosPhaseTests.cs(6,7,6,10): error CS0246: The type or namespace name 'Fdp' could not be found (are you missing a using directive or an assembly reference?)
112>D:\Work\IOS-IG-SimHost-FDP-2\Hrot\Runner\Hrot.ClusterRunner.Integration.Tests\Eqs\AccurateLosPhaseTests.cs(7,7,7,10): error CS0246: The type or namespace name 'Fdp' could not be found (are you missing a using directive or an assembly reference?)
112>D:\Work\IOS-IG-SimHost-FDP-2\Hrot\Runner\Hrot.ClusterRunner.Integration.Tests\Eqs\AccurateLosPhaseTests.cs(8,7,8,10): error CS0246: The type or namespace name 'Fdp' could not be found (are you missing a using directive or an assembly reference?)
112>D:\Work\IOS-IG-SimHost-FDP-2\Hrot\Runner\Hrot.ClusterRunner.Integration.Tests\Eqs\AccurateLosPhaseTests.cs(9,7,9,10): error CS0246: The type or namespace name 'Fdp' could not be found (are you missing a using directive or an assembly reference?)
112>D:\Work\IOS-IG-SimHost-FDP-2\Hrot\Runner\Hrot.ClusterRunner.Integration.Tests\Eqs\AccurateLosPhaseTests.cs(10,7,10,10): error CS0246: The type or namespace name 'Fdp' could not be found (are you missing a using directive or an assembly reference?)
112>D:\Work\IOS-IG-SimHost-FDP-2\Hrot\Runner\Hrot.ClusterRunner.Integration.Tests\Eqs\AccurateLosPhaseTests.cs(11,7,11,10): error CS0246: The type or namespace name 'Fdp' could not be found (are you missing a using directive or an assembly reference?)
112>D:\Work\IOS-IG-SimHost-FDP-2\Hrot\Runner\Hrot.ClusterRunner.Integration.Tests\Eqs\AccurateLosPhaseTests.cs(12,12,12,19): error CS0234: The type or namespace name 'SimHost' does not exist in the namespace 'Hrot' (are you missing an assembly reference?)
112>D:\Work\IOS-IG-SimHost-FDP-2\Hrot\Runner\Hrot.ClusterRunner.Integration.Tests\Eqs\AccurateLosPhaseTests.cs(13,12,13,19): error CS0234: The type or namespace name 'SimHost' does not exist in the namespace 'Hrot' (are you missing an assembly reference?)
112>D:\Work\IOS-IG-SimHost-FDP-2\Hrot\Runner\Hrot.ClusterRunner.Integration.Tests\Eqs\EqsChildSensorActionTests.cs(1,7,1,10): error CS0246: The type or namespace name 'Fbt' could not be found (are you missing a using directive or an assembly reference?)
112>D:\Work\IOS-IG-SimHost-FDP-2\Hrot\Runner\Hrot.ClusterRunner.Integration.Tests\Eqs\EqsChildSensorActionTests.cs(2,7,2,10): error CS0246: The type or namespace name 'Fbt' could not be found (are you missing a using directive or an assembly reference?)
112>D:\Work\IOS-IG-SimHost-FDP-2\Hrot\Runner\Hrot.ClusterRunner.Integration.Tests\Eqs\EqsChildSensorActionTests.cs(3,7,3,10): error CS0246: The type or namespace name 'FDP' could not be found (are you missing a using directive or an assembly reference?)
112>D:\Work\IOS-IG-SimHost-FDP-2\Hrot\Runner\Hrot.ClusterRunner.Integration.Tests\Eqs\EqsChildSensorActionTests.cs(4,7,4,10): error CS0246: The type or namespace name 'Fdp' could not be found (are you missing a using directive or an assembly reference?)
112>D:\Work\IOS-IG-SimHost-FDP-2\Hrot\Runner\Hrot.ClusterRunner.Integration.Tests\Eqs\EqsChildSensorActionTests.cs(5,7,5,10): error CS0246: The type or namespace name 'Fdp' could not be found (are you missing a using directive or an assembly reference?)
112>D:\Work\IOS-IG-SimHost-FDP-2\Hrot\Runner\Hrot.ClusterRunner.Integration.Tests\Eqs\EqsChildSensorActionTests.cs(6,7,6,10): error CS0246: The type or namespace name 'Fdp' could not be found (are you missing a using directive or an assembly reference?)
112>D:\Work\IOS-IG-SimHost-FDP-2\Hrot\Runner\Hrot.ClusterRunner.Integration.Tests\Eqs\EqsChildSensorActionTests.cs(7,7,7,10): error CS0246: The type or namespace name 'Fdp' could not be found (are you missing a using directive or an assembly reference?)
112>D:\Work\IOS-IG-SimHost-FDP-2\Hrot\Runner\Hrot.ClusterRunner.Integration.Tests\Eqs\EqsChildSensorActionTests.cs(8,7,8,10): error CS0246: The type or namespace name 'Fdp' could not be found (are you missing a using directive or an assembly reference?)
112>D:\Work\IOS-IG-SimHost-FDP-2\Hrot\Runner\Hrot.ClusterRunner.Integration.Tests\Eqs\EqsChildSensorActionTests.cs(9,7,9,10): error CS0246: The type or namespace name 'Fdp' could not be found (are you missing a using directive or an assembly reference?)
112>D:\Work\IOS-IG-SimHost-FDP-2\Hrot\Runner\Hrot.ClusterRunner.Integration.Tests\Eqs\EqsChildSensorActionTests.cs(10,7,10,10): error CS0246: The type or namespace name 'Fdp' could not be found (are you missing a using directive or an assembly reference?)
112>D:\Work\IOS-IG-SimHost-FDP-2\Hrot\Runner\Hrot.ClusterRunner.Integration.Tests\Eqs\EqsChildSensorActionTests.cs(11,12,11,14): error CS0234: The type or namespace name 'AI' does not exist in the namespace 'Hrot' (are you missing an assembly reference?)
112>D:\Work\IOS-IG-SimHost-FDP-2\Hrot\Runner\Hrot.ClusterRunner.Integration.Tests\Eqs\EqsChildSensorActionTests.cs(12,12,12,19): error CS0234: The type or namespace name 'SimHost' does not exist in the namespace 'Hrot' (are you missing an assembly reference?)
112>D:\Work\IOS-IG-SimHost-FDP-2\Hrot\Runner\Hrot.ClusterRunner.Integration.Tests\Eqs\EqsCombatNodesTests.cs(3,7,3,10): error CS0246: The type or namespace name 'Fbt' could not be found (are you missing a using directive or an assembly reference?)
112>D:\Work\IOS-IG-SimHost-FDP-2\Hrot\Runner\Hrot.ClusterRunner.Integration.Tests\Eqs\EqsCombatNodesTests.cs(4,7,4,10): error CS0246: The type or namespace name 'Fdp' could not be found (are you missing a using directive or an assembly reference?)
112>D:\Work\IOS-IG-SimHost-FDP-2\Hrot\Runner\Hrot.ClusterRunner.Integration.Tests\Eqs\EqsCombatNodesTests.cs(5,7,5,10): error CS0246: The type or namespace name 'Fdp' could not be found (are you missing a using directive or an assembly reference?)
112>D:\Work\IOS-IG-SimHost-FDP-2\Hrot\Runner\Hrot.ClusterRunner.Integration.Tests\Eqs\EqsCombatNodesTests.cs(6,7,6,10): error CS0246: The type or namespace name 'Fdp' could not be found (are you missing a using directive or an assembly reference?)
112>D:\Work\IOS-IG-SimHost-FDP-2\Hrot\Runner\Hrot.ClusterRunner.Integration.Tests\Eqs\EqsCombatNodesTests.cs(7,7,7,10): error CS0246: The type or namespace name 'Fdp' could not be found (are you missing a using directive or an assembly reference?)
112>D:\Work\IOS-IG-SimHost-FDP-2\Hrot\Runner\Hrot.ClusterRunner.Integration.Tests\Eqs\EqsCombatNodesTests.cs(8,7,8,10): error CS0246: The type or namespace name 'Fdp' could not be found (are you missing a using directive or an assembly reference?)
112>D:\Work\IOS-IG-SimHost-FDP-2\Hrot\Runner\Hrot.ClusterRunner.Integration.Tests\Eqs\EqsCombatNodesTests.cs(9,7,9,10): error CS0246: The type or namespace name 'Fdp' could not be found (are you missing a using directive or an assembly reference?)
112>D:\Work\IOS-IG-SimHost-FDP-2\Hrot\Runner\Hrot.ClusterRunner.Integration.Tests\Eqs\EqsCombatNodesTests.cs(10,12,10,14): error CS0234: The type or namespace name 'AI' does not exist in the namespace 'Hrot' (are you missing an assembly reference?)
112>D:\Work\IOS-IG-SimHost-FDP-2\Hrot\Runner\Hrot.ClusterRunner.Integration.Tests\Eqs\EqsCombatNodesTests.cs(11,12,11,19): error CS0234: The type or namespace name 'SimHost' does not exist in the namespace 'Hrot' (are you missing an assembly reference?)
112>D:\Work\IOS-IG-SimHost-FDP-2\Hrot\Runner\Hrot.ClusterRunner.Integration.Tests\Eqs\EqsContextSlotTests.cs(5,7,5,10): error CS0246: The type or namespace name 'Fbt' could not be found (are you missing a using directive or an assembly reference?)
112>D:\Work\IOS-IG-SimHost-FDP-2\Hrot\Runner\Hrot.ClusterRunner.Integration.Tests\Eqs\EqsContextSlotTests.cs(6,7,6,10): error CS0246: The type or namespace name 'Fdp' could not be found (are you missing a using directive or an assembly reference?)
112>D:\Work\IOS-IG-SimHost-FDP-2\Hrot\Runner\Hrot.ClusterRunner.Integration.Tests\Eqs\EqsContextSlotTests.cs(7,7,7,10): error CS0246: The type or namespace name 'Fdp' could not be found (are you missing a using directive or an assembly reference?)
112>D:\Work\IOS-IG-SimHost-FDP-2\Hrot\Runner\Hrot.ClusterRunner.Integration.Tests\Eqs\EqsContextSlotTests.cs(8,7,8,10): error CS0246: The type or namespace name 'Fdp' could not be found (are you missing a using directive or an assembly reference?)
112>D:\Work\IOS-IG-SimHost-FDP-2\Hrot\Runner\Hrot.ClusterRunner.Integration.Tests\Eqs\EqsContextSlotTests.cs(9,7,9,10): error CS0246: The type or namespace name 'Fdp' could not be found (are you missing a using directive or an assembly reference?)
112>D:\Work\IOS-IG-SimHost-FDP-2\Hrot\Runner\Hrot.ClusterRunner.Integration.Tests\Eqs\EqsContextSlotTests.cs(10,7,10,10): error CS0246: The type or namespace name 'Fdp' could not be found (are you missing a using directive or an assembly reference?)
112>D:\Work\IOS-IG-SimHost-FDP-2\Hrot\Runner\Hrot.ClusterRunner.Integration.Tests\Eqs\EqsContextSlotTests.cs(11,7,11,10): error CS0246: The type or namespace name 'Fdp' could not be found (are you missing a using directive or an assembly reference?)
112>D:\Work\IOS-IG-SimHost-FDP-2\Hrot\Runner\Hrot.ClusterRunner.Integration.Tests\Eqs\EqsContextSlotTests.cs(12,7,12,10): error CS0246: The type or namespace name 'Fdp' could not be found (are you missing a using directive or an assembly reference?)
112>D:\Work\IOS-IG-SimHost-FDP-2\Hrot\Runner\Hrot.ClusterRunner.Integration.Tests\Eqs\EqsContextSlotTests.cs(13,7,13,10): error CS0246: The type or namespace name 'Fdp' could not be found (are you missing a using directive or an assembly reference?)
112>D:\Work\IOS-IG-SimHost-FDP-2\Hrot\Runner\Hrot.ClusterRunner.Integration.Tests\Eqs\EqsContextSlotTests.cs(14,7,14,10): error CS0246: The type or namespace name 'Fdp' could not be found (are you missing a using directive or an assembly reference?)
112>D:\Work\IOS-IG-SimHost-FDP-2\Hrot\Runner\Hrot.ClusterRunner.Integration.Tests\Eqs\EqsContextSlotTests.cs(15,7,15,10): error CS0246: The type or namespace name 'Fdp' could not be found (are you missing a using directive or an assembly reference?)
112>D:\Work\IOS-IG-SimHost-FDP-2\Hrot\Runner\Hrot.ClusterRunner.Integration.Tests\Eqs\EqsContextSlotTests.cs(16,7,16,10): error CS0246: The type or namespace name 'Fdp' could not be found (are you missing a using directive or an assembly reference?)
112>D:\Work\IOS-IG-SimHost-FDP-2\Hrot\Runner\Hrot.ClusterRunner.Integration.Tests\Eqs\EqsContextSlotTests.cs(17,12,17,14): error CS0234: The type or namespace name 'AI' does not exist in the namespace 'Hrot' (are you missing an assembly reference?)
112>D:\Work\IOS-IG-SimHost-FDP-2\Hrot\Runner\Hrot.ClusterRunner.Integration.Tests\Eqs\EqsContextSlotTests.cs(18,12,18,15): error CS0234: The type or namespace name 'Map' does not exist in the namespace 'Hrot' (are you missing an assembly reference?)
112>D:\Work\IOS-IG-SimHost-FDP-2\Hrot\Runner\Hrot.ClusterRunner.Integration.Tests\Eqs\EqsContextSlotTests.cs(19,12,19,19): error CS0234: The type or namespace name 'Network' does not exist in the namespace 'Hrot' (are you missing an assembly reference?)
112>D:\Work\IOS-IG-SimHost-FDP-2\Hrot\Runner\Hrot.ClusterRunner.Integration.Tests\Eqs\EqsContextSlotTests.cs(20,12,20,19): error CS0234: The type or namespace name 'SimHost' does not exist in the namespace 'Hrot' (are you missing an assembly reference?)
112>D:\Work\IOS-IG-SimHost-FDP-2\Hrot\Runner\Hrot.ClusterRunner.Integration.Tests\Eqs\EqsContextSlotTests.cs(21,12,21,19): error CS0234: The type or namespace name 'SimHost' does not exist in the namespace 'Hrot' (are you missing an assembly reference?)
112>D:\Work\IOS-IG-SimHost-FDP-2\Hrot\Runner\Hrot.ClusterRunner.Integration.Tests\Eqs\EqsDistributedTests.cs(4,7,4,10): error CS0246: The type or namespace name 'Fdp' could not be found (are you missing a using directive or an assembly reference?)
112>D:\Work\IOS-IG-SimHost-FDP-2\Hrot\Runner\Hrot.ClusterRunner.Integration.Tests\Eqs\EqsDistributedTests.cs(5,7,5,10): error CS0246: The type or namespace name 'Fdp' could not be found (are you missing a using directive or an assembly reference?)
112>D:\Work\IOS-IG-SimHost-FDP-2\Hrot\Runner\Hrot.ClusterRunner.Integration.Tests\Eqs\EqsDistributedTests.cs(6,7,6,10): error CS0246: The type or namespace name 'Fdp' could not be found (are you missing a using directive or an assembly reference?)
112>D:\Work\IOS-IG-SimHost-FDP-2\Hrot\Runner\Hrot.ClusterRunner.Integration.Tests\Eqs\EqsDistributedTests.cs(7,7,7,10): error CS0246: The type or namespace name 'Fdp' could not be found (are you missing a using directive or an assembly reference?)
112>D:\Work\IOS-IG-SimHost-FDP-2\Hrot\Runner\Hrot.ClusterRunner.Integration.Tests\Eqs\EqsDistributedTests.cs(8,12,8,15): error CS0234: The type or namespace name 'Map' does not exist in the namespace 'Hrot' (are you missing an assembly reference?)
112>D:\Work\IOS-IG-SimHost-FDP-2\Hrot\Runner\Hrot.ClusterRunner.Integration.Tests\Eqs\EqsFlagsMeaningfulTests.cs(6,7,6,10): error CS0246: The type or namespace name 'Fdp' could not be found (are you missing a using directive or an assembly reference?)
112>D:\Work\IOS-IG-SimHost-FDP-2\Hrot\Runner\Hrot.ClusterRunner.Integration.Tests\Eqs\EqsFlagsMeaningfulTests.cs(7,7,7,10): error CS0246: The type or namespace name 'Fdp' could not be found (are you missing a using directive or an assembly reference?)
112>D:\Work\IOS-IG-SimHost-FDP-2\Hrot\Runner\Hrot.ClusterRunner.Integration.Tests\Eqs\EqsFlagsMeaningfulTests.cs(8,7,8,10): error CS0246: The type or namespace name 'Fdp' could not be found (are you missing a using directive or an assembly reference?)
112>D:\Work\IOS-IG-SimHost-FDP-2\Hrot\Runner\Hrot.ClusterRunner.Integration.Tests\Eqs\EqsFlagsMeaningfulTests.cs(9,7,9,10): error CS0246: The type or namespace name 'Fdp' could not be found (are you missing a using directive or an assembly reference?)
112>D:\Work\IOS-IG-SimHost-FDP-2\Hrot\Runner\Hrot.ClusterRunner.Integration.Tests\Eqs\EqsFlagsMeaningfulTests.cs(10,7,10,10): error CS0246: The type or namespace name 'Fdp' could not be found (are you missing a using directive or an assembly reference?)
112>D:\Work\IOS-IG-SimHost-FDP-2\Hrot\Runner\Hrot.ClusterRunner.Integration.Tests\Eqs\EqsFlagsMeaningfulTests.cs(11,12,11,15): error CS0234: The type or namespace name 'Map' does not exist in the namespace 'Hrot' (are you missing an assembly reference?)
112>D:\Work\IOS-IG-SimHost-FDP-2\Hrot\Runner\Hrot.ClusterRunner.Integration.Tests\Eqs\EqsLastUpdateTimeTests.cs(2,7,2,10): error CS0246: The type or namespace name 'Fdp' could not be found (are you missing a using directive or an assembly reference?)
112>D:\Work\IOS-IG-SimHost-FDP-2\Hrot\Runner\Hrot.ClusterRunner.Integration.Tests\Eqs\EqsLastUpdateTimeTests.cs(3,7,3,10): error CS0246: The type or namespace name 'Fdp' could not be found (are you missing a using directive or an assembly reference?)
112>D:\Work\IOS-IG-SimHost-FDP-2\Hrot\Runner\Hrot.ClusterRunner.Integration.Tests\Eqs\EqsLastUpdateTimeTests.cs(4,7,4,10): error CS0246: The type or namespace name 'Fdp' could not be found (are you missing a using directive or an assembly reference?)
112>D:\Work\IOS-IG-SimHost-FDP-2\Hrot\Runner\Hrot.ClusterRunner.Integration.Tests\Eqs\EqsLastUpdateTimeTests.cs(5,7,5,10): error CS0246: The type or namespace name 'Fdp' could not be found (are you missing a using directive or an assembly reference?)
112>D:\Work\IOS-IG-SimHost-FDP-2\Hrot\Runner\Hrot.ClusterRunner.Integration.Tests\Eqs\EqsLastUpdateTimeTests.cs(6,7,6,10): error CS0246: The type or namespace name 'Fdp' could not be found (are you missing a using directive or an assembly reference?)
112>D:\Work\IOS-IG-SimHost-FDP-2\Hrot\Runner\Hrot.ClusterRunner.Integration.Tests\Eqs\EqsLastUpdateTimeTests.cs(7,12,7,19): error CS0234: The type or namespace name 'SimHost' does not exist in the namespace 'Hrot' (are you missing an assembly reference?)
112>D:\Work\IOS-IG-SimHost-FDP-2\Hrot\Runner\Hrot.ClusterRunner.Integration.Tests\Eqs\EqsLastUpdateTimeTests.cs(8,12,8,19): error CS0234: The type or namespace name 'SimHost' does not exist in the namespace 'Hrot' (are you missing an assembly reference?)
112>D:\Work\IOS-IG-SimHost-FDP-2\Hrot\Runner\Hrot.ClusterRunner.Integration.Tests\Eqs\EqsLifecycleNodesTests.cs(1,7,1,10): error CS0246: The type or namespace name 'Fbt' could not be found (are you missing a using directive or an assembly reference?)
112>D:\Work\IOS-IG-SimHost-FDP-2\Hrot\Runner\Hrot.ClusterRunner.Integration.Tests\Eqs\EqsLifecycleNodesTests.cs(2,7,2,10): error CS0246: The type or namespace name 'Fdp' could not be found (are you missing a using directive or an assembly reference?)
112>D:\Work\IOS-IG-SimHost-FDP-2\Hrot\Runner\Hrot.ClusterRunner.Integration.Tests\Eqs\EqsLifecycleNodesTests.cs(3,7,3,10): error CS0246: The type or namespace name 'Fdp' could not be found (are you missing a using directive or an assembly reference?)
112>D:\Work\IOS-IG-SimHost-FDP-2\Hrot\Runner\Hrot.ClusterRunner.Integration.Tests\Eqs\EqsLifecycleNodesTests.cs(4,7,4,10): error CS0246: The type or namespace name 'Fdp' could not be found (are you missing a using directive or an assembly reference?)
112>D:\Work\IOS-IG-SimHost-FDP-2\Hrot\Runner\Hrot.ClusterRunner.Integration.Tests\Eqs\EqsLifecycleNodesTests.cs(5,7,5,10): error CS0246: The type or namespace name 'Fdp' could not be found (are you missing a using directive or an assembly reference?)
112>D:\Work\IOS-IG-SimHost-FDP-2\Hrot\Runner\Hrot.ClusterRunner.Integration.Tests\Eqs\EqsLifecycleNodesTests.cs(6,12,6,14): error CS0234: The type or namespace name 'AI' does not exist in the namespace 'Hrot' (are you missing an assembly reference?)
112>D:\Work\IOS-IG-SimHost-FDP-2\Hrot\Runner\Hrot.ClusterRunner.Integration.Tests\Eqs\EqsLifecycleNodesTests.cs(7,12,7,19): error CS0234: The type or namespace name 'SimHost' does not exist in the namespace 'Hrot' (are you missing an assembly reference?)
112>D:\Work\IOS-IG-SimHost-FDP-2\Hrot\Runner\Hrot.ClusterRunner.Integration.Tests\Eqs\EqsMultiLevelProofTests.cs(4,7,4,10): error CS0246: The type or namespace name 'Fdp' could not be found (are you missing a using directive or an assembly reference?)
112>D:\Work\IOS-IG-SimHost-FDP-2\Hrot\Runner\Hrot.ClusterRunner.Integration.Tests\Eqs\EqsMultiLevelProofTests.cs(5,7,5,10): error CS0246: The type or namespace name 'Fdp' could not be found (are you missing a using directive or an assembly reference?)
112>D:\Work\IOS-IG-SimHost-FDP-2\Hrot\Runner\Hrot.ClusterRunner.Integration.Tests\Eqs\EqsMultiLevelProofTests.cs(6,7,6,10): error CS0246: The type or namespace name 'Fdp' could not be found (are you missing a using directive or an assembly reference?)
112>D:\Work\IOS-IG-SimHost-FDP-2\Hrot\Runner\Hrot.ClusterRunner.Integration.Tests\Eqs\EqsMultiLevelProofTests.cs(7,7,7,10): error CS0246: The type or namespace name 'Fdp' could not be found (are you missing a using directive or an assembly reference?)
112>D:\Work\IOS-IG-SimHost-FDP-2\Hrot\Runner\Hrot.ClusterRunner.Integration.Tests\Eqs\EqsMultiSensorTests.cs(4,7,4,10): error CS0246: The type or namespace name 'Fdp' could not be found (are you missing a using directive or an assembly reference?)
112>D:\Work\IOS-IG-SimHost-FDP-2\Hrot\Runner\Hrot.ClusterRunner.Integration.Tests\Eqs\EqsMultiSensorTests.cs(5,7,5,10): error CS0246: The type or namespace name 'Fdp' could not be found (are you missing a using directive or an assembly reference?)
112>D:\Work\IOS-IG-SimHost-FDP-2\Hrot\Runner\Hrot.ClusterRunner.Integration.Tests\Eqs\EqsMultiSensorTests.cs(6,7,6,10): error CS0246: The type or namespace name 'Fdp' could not be found (are you missing a using directive or an assembly reference?)
112>D:\Work\IOS-IG-SimHost-FDP-2\Hrot\Runner\Hrot.ClusterRunner.Integration.Tests\Eqs\EqsMultiSensorTests.cs(7,7,7,10): error CS0246: The type or namespace name 'Fdp' could not be found (are you missing a using directive or an assembly reference?)
112>D:\Work\IOS-IG-SimHost-FDP-2\Hrot\Runner\Hrot.ClusterRunner.Integration.Tests\Eqs\EqsMultiSensorTests.cs(8,12,8,15): error CS0234: The type or namespace name 'Map' does not exist in the namespace 'Hrot' (are you missing an assembly reference?)
112>D:\Work\IOS-IG-SimHost-FDP-2\Hrot\Runner\Hrot.ClusterRunner.Integration.Tests\Eqs\EqsMultiTemplateTests.cs(5,7,5,10): error CS0246: The type or namespace name 'Fbt' could not be found (are you missing a using directive or an assembly reference?)
112>D:\Work\IOS-IG-SimHost-FDP-2\Hrot\Runner\Hrot.ClusterRunner.Integration.Tests\Eqs\EqsMultiTemplateTests.cs(6,7,6,10): error CS0246: The type or namespace name 'Fbt' could not be found (are you missing a using directive or an assembly reference?)
112>D:\Work\IOS-IG-SimHost-FDP-2\Hrot\Runner\Hrot.ClusterRunner.Integration.Tests\Eqs\EqsMultiTemplateTests.cs(7,7,7,10): error CS0246: The type or namespace name 'FDP' could not be found (are you missing a using directive or an assembly reference?)
112>D:\Work\IOS-IG-SimHost-FDP-2\Hrot\Runner\Hrot.ClusterRunner.Integration.Tests\Eqs\EqsMultiTemplateTests.cs(8,7,8,10): error CS0246: The type or namespace name 'Fdp' could not be found (are you missing a using directive or an assembly reference?)
112>D:\Work\IOS-IG-SimHost-FDP-2\Hrot\Runner\Hrot.ClusterRunner.Integration.Tests\Eqs\EqsMultiTemplateTests.cs(9,7,9,10): error CS0246: The type or namespace name 'Fdp' could not be found (are you missing a using directive or an assembly reference?)
112>D:\Work\IOS-IG-SimHost-FDP-2\Hrot\Runner\Hrot.ClusterRunner.Integration.Tests\Eqs\EqsMultiTemplateTests.cs(10,7,10,10): error CS0246: The type or namespace name 'Fdp' could not be found (are you missing a using directive or an assembly reference?)
112>D:\Work\IOS-IG-SimHost-FDP-2\Hrot\Runner\Hrot.ClusterRunner.Integration.Tests\Eqs\EqsMultiTemplateTests.cs(11,7,11,10): error CS0246: The type or namespace name 'Fdp' could not be found (are you missing a using directive or an assembly reference?)
112>D:\Work\IOS-IG-SimHost-FDP-2\Hrot\Runner\Hrot.ClusterRunner.Integration.Tests\Eqs\EqsMultiTemplateTests.cs(12,7,12,10): error CS0246: The type or namespace name 'Fdp' could not be found (are you missing a using directive or an assembly reference?)
112>D:\Work\IOS-IG-SimHost-FDP-2\Hrot\Runner\Hrot.ClusterRunner.Integration.Tests\Eqs\EqsMultiTemplateTests.cs(13,7,13,10): error CS0246: The type or namespace name 'Fdp' could not be found (are you missing a using directive or an assembly reference?)
112>D:\Work\IOS-IG-SimHost-FDP-2\Hrot\Runner\Hrot.ClusterRunner.Integration.Tests\Eqs\EqsMultiTemplateTests.cs(14,7,14,10): error CS0246: The type or namespace name 'Fdp' could not be found (are you missing a using directive or an assembly reference?)
112>D:\Work\IOS-IG-SimHost-FDP-2\Hrot\Runner\Hrot.ClusterRunner.Integration.Tests\Eqs\EqsMultiTemplateTests.cs(15,7,15,10): error CS0246: The type or namespace name 'Fdp' could not be found (are you missing a using directive or an assembly reference?)
112>D:\Work\IOS-IG-SimHost-FDP-2\Hrot\Runner\Hrot.ClusterRunner.Integration.Tests\Eqs\EqsMultiTemplateTests.cs(16,12,16,14): error CS0234: The type or namespace name 'AI' does not exist in the namespace 'Hrot' (are you missing an assembly reference?)
112>D:\Work\IOS-IG-SimHost-FDP-2\Hrot\Runner\Hrot.ClusterRunner.Integration.Tests\Eqs\EqsMultiTemplateTests.cs(17,12,17,19): error CS0234: The type or namespace name 'SimHost' does not exist in the namespace 'Hrot' (are you missing an assembly reference?)
112>D:\Work\IOS-IG-SimHost-FDP-2\Hrot\Runner\Hrot.ClusterRunner.Integration.Tests\Eqs\EqsResultUpdateSystemTests.cs(2,7,2,10): error CS0246: The type or namespace name 'Fdp' could not be found (are you missing a using directive or an assembly reference?)
112>D:\Work\IOS-IG-SimHost-FDP-2\Hrot\Runner\Hrot.ClusterRunner.Integration.Tests\Eqs\EqsResultUpdateSystemTests.cs(3,7,3,10): error CS0246: The type or namespace name 'Fdp' could not be found (are you missing a using directive or an assembly reference?)
112>D:\Work\IOS-IG-SimHost-FDP-2\Hrot\Runner\Hrot.ClusterRunner.Integration.Tests\Eqs\EqsResultUpdateSystemTests.cs(4,7,4,10): error CS0246: The type or namespace name 'Fdp' could not be found (are you missing a using directive or an assembly reference?)
112>D:\Work\IOS-IG-SimHost-FDP-2\Hrot\Runner\Hrot.ClusterRunner.Integration.Tests\Eqs\EqsResultUpdateSystemTests.cs(5,7,5,10): error CS0246: The type or namespace name 'Fdp' could not be found (are you missing a using directive or an assembly reference?)
112>D:\Work\IOS-IG-SimHost-FDP-2\Hrot\Runner\Hrot.ClusterRunner.Integration.Tests\Eqs\EqsResultUpdateSystemTests.cs(6,12,6,19): error CS0234: The type or namespace name 'SimHost' does not exist in the namespace 'Hrot' (are you missing an assembly reference?)
112>D:\Work\IOS-IG-SimHost-FDP-2\Hrot\Runner\Hrot.ClusterRunner.Integration.Tests\Eqs\EqsResultUpdateSystemTests.cs(7,12,7,19): error CS0234: The type or namespace name 'SimHost' does not exist in the namespace 'Hrot' (are you missing an assembly reference?)
112>D:\Work\IOS-IG-SimHost-FDP-2\Hrot\Runner\Hrot.ClusterRunner.Integration.Tests\Eqs\EqsRoundTripTests.cs(4,7,4,10): error CS0246: The type or namespace name 'Fdp' could not be found (are you missing a using directive or an assembly reference?)
112>D:\Work\IOS-IG-SimHost-FDP-2\Hrot\Runner\Hrot.ClusterRunner.Integration.Tests\Eqs\EqsRoundTripTests.cs(5,7,5,10): error CS0246: The type or namespace name 'Fdp' could not be found (are you missing a using directive or an assembly reference?)
112>D:\Work\IOS-IG-SimHost-FDP-2\Hrot\Runner\Hrot.ClusterRunner.Integration.Tests\Eqs\EqsRoundTripTests.cs(6,7,6,10): error CS0246: The type or namespace name 'Fdp' could not be found (are you missing a using directive or an assembly reference?)
112>D:\Work\IOS-IG-SimHost-FDP-2\Hrot\Runner\Hrot.ClusterRunner.Integration.Tests\Eqs\EqsRoundTripTests.cs(7,7,7,10): error CS0246: The type or namespace name 'Fdp' could not be found (are you missing a using directive or an assembly reference?)
112>D:\Work\IOS-IG-SimHost-FDP-2\Hrot\Runner\Hrot.ClusterRunner.Integration.Tests\Eqs\EqsRoundTripTests.cs(8,7,8,10): error CS0246: The type or namespace name 'Fdp' could not be found (are you missing a using directive or an assembly reference?)
112>D:\Work\IOS-IG-SimHost-FDP-2\Hrot\Runner\Hrot.ClusterRunner.Integration.Tests\Eqs\EqsRoundTripTests.cs(9,7,9,10): error CS0246: The type or namespace name 'Fdp' could not be found (are you missing a using directive or an assembly reference?)
112>D:\Work\IOS-IG-SimHost-FDP-2\Hrot\Runner\Hrot.ClusterRunner.Integration.Tests\Eqs\EqsRoundTripTests.cs(10,12,10,19): error CS0234: The type or namespace name 'SimHost' does not exist in the namespace 'Hrot' (are you missing an assembly reference?)
112>D:\Work\IOS-IG-SimHost-FDP-2\Hrot\Runner\Hrot.ClusterRunner.Integration.Tests\Eqs\EqsScoreDeltaTests.cs(4,7,4,10): error CS0246: The type or namespace name 'Fbt' could not be found (are you missing a using directive or an assembly reference?)
112>D:\Work\IOS-IG-SimHost-FDP-2\Hrot\Runner\Hrot.ClusterRunner.Integration.Tests\Eqs\EqsScoreDeltaTests.cs(5,7,5,10): error CS0246: The type or namespace name 'Fdp' could not be found (are you missing a using directive or an assembly reference?)
112>D:\Work\IOS-IG-SimHost-FDP-2\Hrot\Runner\Hrot.ClusterRunner.Integration.Tests\Eqs\EqsScoreDeltaTests.cs(6,7,6,10): error CS0246: The type or namespace name 'Fdp' could not be found (are you missing a using directive or an assembly reference?)
112>D:\Work\IOS-IG-SimHost-FDP-2\Hrot\Runner\Hrot.ClusterRunner.Integration.Tests\Eqs\EqsScoreDeltaTests.cs(7,7,7,10): error CS0246: The type or namespace name 'Fdp' could not be found (are you missing a using directive or an assembly reference?)
112>D:\Work\IOS-IG-SimHost-FDP-2\Hrot\Runner\Hrot.ClusterRunner.Integration.Tests\Eqs\EqsScoreDeltaTests.cs(8,7,8,10): error CS0246: The type or namespace name 'Fdp' could not be found (are you missing a using directive or an assembly reference?)
112>D:\Work\IOS-IG-SimHost-FDP-2\Hrot\Runner\Hrot.ClusterRunner.Integration.Tests\Eqs\EqsScoreDeltaTests.cs(9,7,9,10): error CS0246: The type or namespace name 'Fdp' could not be found (are you missing a using directive or an assembly reference?)
112>D:\Work\IOS-IG-SimHost-FDP-2\Hrot\Runner\Hrot.ClusterRunner.Integration.Tests\Eqs\EqsScoreDeltaTests.cs(10,7,10,10): error CS0246: The type or namespace name 'Fdp' could not be found (are you missing a using directive or an assembly reference?)
112>D:\Work\IOS-IG-SimHost-FDP-2\Hrot\Runner\Hrot.ClusterRunner.Integration.Tests\Eqs\EqsScoreDeltaTests.cs(11,12,11,14): error CS0234: The type or namespace name 'AI' does not exist in the namespace 'Hrot' (are you missing an assembly reference?)
112>D:\Work\IOS-IG-SimHost-FDP-2\Hrot\Runner\Hrot.ClusterRunner.Integration.Tests\Eqs\EqsScoreDeltaTests.cs(12,12,12,15): error CS0234: The type or namespace name 'Map' does not exist in the namespace 'Hrot' (are you missing an assembly reference?)
112>D:\Work\IOS-IG-SimHost-FDP-2\Hrot\Runner\Hrot.ClusterRunner.Integration.Tests\Eqs\EqsScoreDeltaTests.cs(13,12,13,19): error CS0234: The type or namespace name 'SimHost' does not exist in the namespace 'Hrot' (are you missing an assembly reference?)
112>D:\Work\IOS-IG-SimHost-FDP-2\Hrot\Runner\Hrot.ClusterRunner.Integration.Tests\Eqs\EqsSolverSystemPhase2Tests.cs(4,7,4,10): error CS0246: The type or namespace name 'Fdp' could not be found (are you missing a using directive or an assembly reference?)
112>D:\Work\IOS-IG-SimHost-FDP-2\Hrot\Runner\Hrot.ClusterRunner.Integration.Tests\Eqs\EqsSolverSystemPhase2Tests.cs(5,7,5,10): error CS0246: The type or namespace name 'Fdp' could not be found (are you missing a using directive or an assembly reference?)
112>D:\Work\IOS-IG-SimHost-FDP-2\Hrot\Runner\Hrot.ClusterRunner.Integration.Tests\Eqs\EqsSolverSystemPhase2Tests.cs(6,7,6,10): error CS0246: The type or namespace name 'Fdp' could not be found (are you missing a using directive or an assembly reference?)
112>D:\Work\IOS-IG-SimHost-FDP-2\Hrot\Runner\Hrot.ClusterRunner.Integration.Tests\Eqs\EqsSolverSystemPhase2Tests.cs(7,7,7,10): error CS0246: The type or namespace name 'Fdp' could not be found (are you missing a using directive or an assembly reference?)
112>D:\Work\IOS-IG-SimHost-FDP-2\Hrot\Runner\Hrot.ClusterRunner.Integration.Tests\Eqs\EqsSolverSystemPhase2Tests.cs(8,12,8,19): error CS0234: The type or namespace name 'SimHost' does not exist in the namespace 'Hrot' (are you missing an assembly reference?)
112>D:\Work\IOS-IG-SimHost-FDP-2\Hrot\Runner\Hrot.ClusterRunner.Integration.Tests\Eqs\EqsSolverSystemPhase2Tests.cs(9,12,9,19): error CS0234: The type or namespace name 'SimHost' does not exist in the namespace 'Hrot' (are you missing an assembly reference?)
112>D:\Work\IOS-IG-SimHost-FDP-2\Hrot\Runner\Hrot.ClusterRunner.Integration.Tests\Eqs\EqsSolverSystemTests.cs(1,7,1,10): error CS0246: The type or namespace name 'Fdp' could not be found (are you missing a using directive or an assembly reference?)
112>D:\Work\IOS-IG-SimHost-FDP-2\Hrot\Runner\Hrot.ClusterRunner.Integration.Tests\Eqs\EqsSolverSystemTests.cs(2,7,2,10): error CS0246: The type or namespace name 'Fdp' could not be found (are you missing a using directive or an assembly reference?)
112>D:\Work\IOS-IG-SimHost-FDP-2\Hrot\Runner\Hrot.ClusterRunner.Integration.Tests\Eqs\EqsSolverSystemTests.cs(3,7,3,10): error CS0246: The type or namespace name 'Fdp' could not be found (are you missing a using directive or an assembly reference?)
112>D:\Work\IOS-IG-SimHost-FDP-2\Hrot\Runner\Hrot.ClusterRunner.Integration.Tests\Eqs\EqsSolverSystemTests.cs(4,7,4,10): error CS0246: The type or namespace name 'Fdp' could not be found (are you missing a using directive or an assembly reference?)
112>D:\Work\IOS-IG-SimHost-FDP-2\Hrot\Runner\Hrot.ClusterRunner.Integration.Tests\Eqs\EqsSolverSystemTests.cs(5,12,5,19): error CS0234: The type or namespace name 'SimHost' does not exist in the namespace 'Hrot' (are you missing an assembly reference?)
112>D:\Work\IOS-IG-SimHost-FDP-2\Hrot\Runner\Hrot.ClusterRunner.Integration.Tests\Eqs\EqsTranslatorTests.cs(2,7,2,10): error CS0246: The type or namespace name 'Fdp' could not be found (are you missing a using directive or an assembly reference?)
112>D:\Work\IOS-IG-SimHost-FDP-2\Hrot\Runner\Hrot.ClusterRunner.Integration.Tests\Eqs\EqsTranslatorTests.cs(3,7,3,10): error CS0246: The type or namespace name 'Fdp' could not be found (are you missing a using directive or an assembly reference?)
112>D:\Work\IOS-IG-SimHost-FDP-2\Hrot\Runner\Hrot.ClusterRunner.Integration.Tests\Eqs\EqsTranslatorTests.cs(4,7,4,10): error CS0246: The type or namespace name 'Fdp' could not be found (are you missing a using directive or an assembly reference?)
112>D:\Work\IOS-IG-SimHost-FDP-2\Hrot\Runner\Hrot.ClusterRunner.Integration.Tests\Eqs\EqsTranslatorTests.cs(5,7,5,10): error CS0246: The type or namespace name 'Fdp' could not be found (are you missing a using directive or an assembly reference?)
112>D:\Work\IOS-IG-SimHost-FDP-2\Hrot\Runner\Hrot.ClusterRunner.Integration.Tests\Eqs\EqsTranslatorTests.cs(6,12,6,15): error CS0234: The type or namespace name 'Map' does not exist in the namespace 'Hrot' (are you missing an assembly reference?)
112>D:\Work\IOS-IG-SimHost-FDP-2\Hrot\Runner\Hrot.ClusterRunner.Integration.Tests\Eqs\FindCoverFromTargetTests.cs(4,7,4,10): error CS0246: The type or namespace name 'Fdp' could not be found (are you missing a using directive or an assembly reference?)
112>D:\Work\IOS-IG-SimHost-FDP-2\Hrot\Runner\Hrot.ClusterRunner.Integration.Tests\Eqs\FindCoverFromTargetTests.cs(5,7,5,10): error CS0246: The type or namespace name 'Fdp' could not be found (are you missing a using directive or an assembly reference?)
112>D:\Work\IOS-IG-SimHost-FDP-2\Hrot\Runner\Hrot.ClusterRunner.Integration.Tests\Eqs\FindCoverFromTargetTests.cs(6,7,6,10): error CS0246: The type or namespace name 'Fdp' could not be found (are you missing a using directive or an assembly reference?)
112>D:\Work\IOS-IG-SimHost-FDP-2\Hrot\Runner\Hrot.ClusterRunner.Integration.Tests\Eqs\FindCoverFromTargetTests.cs(7,7,7,10): error CS0246: The type or namespace name 'Fdp' could not be found (are you missing a using directive or an assembly reference?)
112>D:\Work\IOS-IG-SimHost-FDP-2\Hrot\Runner\Hrot.ClusterRunner.Integration.Tests\Eqs\FindCoverFromTargetTests.cs(8,12,8,19): error CS0234: The type or namespace name 'SimHost' does not exist in the namespace 'Hrot' (are you missing an assembly reference?)
112>D:\Work\IOS-IG-SimHost-FDP-2\Hrot\Runner\Hrot.ClusterRunner.Integration.Tests\Eqs\FindCoverFromTargetTests.cs(9,12,9,19): error CS0234: The type or namespace name 'SimHost' does not exist in the namespace 'Hrot' (are you missing an assembly reference?)
112>D:\Work\IOS-IG-SimHost-FDP-2\Hrot\Runner\Hrot.ClusterRunner.Integration.Tests\Eqs\Golden\EqsFlatTerrainGoldenTests.cs(5,7,5,10): error CS0246: The type or namespace name 'Fdp' could not be found (are you missing a using directive or an assembly reference?)
112>D:\Work\IOS-IG-SimHost-FDP-2\Hrot\Runner\Hrot.ClusterRunner.Integration.Tests\Eqs\Golden\EqsFlatTerrainGoldenTests.cs(6,7,6,10): error CS0246: The type or namespace name 'Fdp' could not be found (are you missing a using directive or an assembly reference?)
112>D:\Work\IOS-IG-SimHost-FDP-2\Hrot\Runner\Hrot.ClusterRunner.Integration.Tests\Eqs\Golden\EqsFlatTerrainGoldenTests.cs(7,7,7,10): error CS0246: The type or namespace name 'Fdp' could not be found (are you missing a using directive or an assembly reference?)
112>D:\Work\IOS-IG-SimHost-FDP-2\Hrot\Runner\Hrot.ClusterRunner.Integration.Tests\Eqs\Golden\EqsFlatTerrainGoldenTests.cs(8,7,8,10): error CS0246: The type or namespace name 'Fdp' could not be found (are you missing a using directive or an assembly reference?)
112>D:\Work\IOS-IG-SimHost-FDP-2\Hrot\Runner\Hrot.ClusterRunner.Integration.Tests\Eqs\Golden\EqsGolden.cs(10,7,10,10): error CS0246: The type or namespace name 'Fdp' could not be found (are you missing a using directive or an assembly reference?)
112>D:\Work\IOS-IG-SimHost-FDP-2\Hrot\Runner\Hrot.ClusterRunner.Integration.Tests\Eqs\HotReloadTests.cs(3,7,3,10): error CS0246: The type or namespace name 'Fdp' could not be found (are you missing a using directive or an assembly reference?)
112>D:\Work\IOS-IG-SimHost-FDP-2\Hrot\Runner\Hrot.ClusterRunner.Integration.Tests\Eqs\HotReloadTests.cs(4,7,4,10): error CS0246: The type or namespace name 'Fdp' could not be found (are you missing a using directive or an assembly reference?)
112>D:\Work\IOS-IG-SimHost-FDP-2\Hrot\Runner\Hrot.ClusterRunner.Integration.Tests\Eqs\HotReloadTests.cs(5,7,5,10): error CS0246: The type or namespace name 'Fdp' could not be found (are you missing a using directive or an assembly reference?)
112>D:\Work\IOS-IG-SimHost-FDP-2\Hrot\Runner\Hrot.ClusterRunner.Integration.Tests\Eqs\HotReloadTests.cs(6,7,6,10): error CS0246: The type or namespace name 'Fdp' could not be found (are you missing a using directive or an assembly reference?)
112>D:\Work\IOS-IG-SimHost-FDP-2\Hrot\Runner\Hrot.ClusterRunner.Integration.Tests\Eqs\HotReloadTests.cs(7,12,7,19): error CS0234: The type or namespace name 'SimHost' does not exist in the namespace 'Hrot' (are you missing an assembly reference?)
112>D:\Work\IOS-IG-SimHost-FDP-2\Hrot\Runner\Hrot.ClusterRunner.Integration.Tests\Eqs\PathCostInversionTests.cs(4,7,4,10): error CS0246: The type or namespace name 'Fdp' could not be found (are you missing a using directive or an assembly reference?)
112>D:\Work\IOS-IG-SimHost-FDP-2\Hrot\Runner\Hrot.ClusterRunner.Integration.Tests\Eqs\PathCostInversionTests.cs(5,7,5,10): error CS0246: The type or namespace name 'Fdp' could not be found (are you missing a using directive or an assembly reference?)
112>D:\Work\IOS-IG-SimHost-FDP-2\Hrot\Runner\Hrot.ClusterRunner.Integration.Tests\Eqs\PathCostInversionTests.cs(6,7,6,10): error CS0246: The type or namespace name 'Fdp' could not be found (are you missing a using directive or an assembly reference?)
112>D:\Work\IOS-IG-SimHost-FDP-2\Hrot\Runner\Hrot.ClusterRunner.Integration.Tests\Eqs\PathCostInversionTests.cs(7,7,7,10): error CS0246: The type or namespace name 'Fdp' could not be found (are you missing a using directive or an assembly reference?)
112>D:\Work\IOS-IG-SimHost-FDP-2\Hrot\Runner\Hrot.ClusterRunner.Integration.Tests\Eqs\PathCostInversionTests.cs(8,7,8,10): error CS0246: The type or namespace name 'Fdp' could not be found (are you missing a using directive or an assembly reference?)
112>D:\Work\IOS-IG-SimHost-FDP-2\Hrot\Runner\Hrot.ClusterRunner.Integration.Tests\Eqs\PathCostInversionTests.cs(9,12,9,19): error CS0234: The type or namespace name 'SimHost' does not exist in the namespace 'Hrot' (are you missing an assembly reference?)
112>D:\Work\IOS-IG-SimHost-FDP-2\Hrot\Runner\Hrot.ClusterRunner.Integration.Tests\Eqs\PathCostInversionTests.cs(10,12,10,19): error CS0234: The type or namespace name 'SimHost' does not exist in the namespace 'Hrot' (are you missing an assembly reference?)
112>D:\Work\IOS-IG-SimHost-FDP-2\Hrot\Runner\Hrot.ClusterRunner.Integration.Tests\EyesAndMuscleIntegrationTests.cs(3,7,3,10): error CS0246: The type or namespace name 'Fdp' could not be found (are you missing a using directive or an assembly reference?)
112>D:\Work\IOS-IG-SimHost-FDP-2\Hrot\Runner\Hrot.ClusterRunner.Integration.Tests\EyesAndMuscleIntegrationTests.cs(4,26,4,34): error CS0234: The type or namespace name 'Services' does not exist in the namespace 'Hrot.ClusterRunner' (are you missing an assembly reference?)
112>D:\Work\IOS-IG-SimHost-FDP-2\Hrot\Runner\Hrot.ClusterRunner.Integration.Tests\FeatureSwitchRcuIntegrationTests.cs(4,7,4,10): error CS0246: The type or namespace name 'Fdp' could not be found (are you missing a using directive or an assembly reference?)
112>D:\Work\IOS-IG-SimHost-FDP-2\Hrot\Runner\Hrot.ClusterRunner.Integration.Tests\FeatureSwitchRcuIntegrationTests.cs(5,7,5,10): error CS0246: The type or namespace name 'Fdp' could not be found (are you missing a using directive or an assembly reference?)
112>D:\Work\IOS-IG-SimHost-FDP-2\Hrot\Runner\Hrot.ClusterRunner.Integration.Tests\FeatureSwitchRcuIntegrationTests.cs(6,7,6,10): error CS0246: The type or namespace name 'Fdp' could not be found (are you missing a using directive or an assembly reference?)
112>D:\Work\IOS-IG-SimHost-FDP-2\Hrot\Runner\Hrot.ClusterRunner.Integration.Tests\FeatureSwitchRcuIntegrationTests.cs(7,12,7,18): error CS0234: The type or namespace name 'Editor' does not exist in the namespace 'Hrot' (are you missing an assembly reference?)
112>D:\Work\IOS-IG-SimHost-FDP-2\Hrot\Runner\Hrot.ClusterRunner.Integration.Tests\FeatureSwitchRcuIntegrationTests.cs(8,12,8,15): error CS0234: The type or namespace name 'Map' does not exist in the namespace 'Hrot' (are you missing an assembly reference?)
112>D:\Work\IOS-IG-SimHost-FDP-2\Hrot\Runner\Hrot.ClusterRunner.Integration.Tests\FeatureSwitchRcuIntegrationTests.cs(9,12,9,15): error CS0234: The type or namespace name 'Map' does not exist in the namespace 'Hrot' (are you missing an assembly reference?)
112>D:\Work\IOS-IG-SimHost-FDP-2\Hrot\Runner\Hrot.ClusterRunner.Integration.Tests\FeatureSwitchRcuIntegrationTests.cs(10,12,10,15): error CS0234: The type or namespace name 'Map' does not exist in the namespace 'Hrot' (are you missing an assembly reference?)
112>D:\Work\IOS-IG-SimHost-FDP-2\Hrot\Runner\Hrot.ClusterRunner.Integration.Tests\FeatureSwitchRcuIntegrationTests.cs(11,12,11,15): error CS0234: The type or namespace name 'NED' does not exist in the namespace 'Hrot' (are you missing an assembly reference?)
112>D:\Work\IOS-IG-SimHost-FDP-2\Hrot\Runner\Hrot.ClusterRunner.Integration.Tests\FeatureSwitchRcuIntegrationTests.cs(12,7,12,10): error CS0246: The type or namespace name 'Fdp' could not be found (are you missing a using directive or an assembly reference?)
112>D:\Work\IOS-IG-SimHost-FDP-2\Hrot\Runner\Hrot.ClusterRunner.Integration.Tests\FeatureSwitchRcuIntegrationTests.cs(13,7,13,10): error CS0246: The type or namespace name 'Fdp' could not be found (are you missing a using directive or an assembly reference?)
112>D:\Work\IOS-IG-SimHost-FDP-2\Hrot\Runner\Hrot.ClusterRunner.Integration.Tests\GhostPromotionTests.cs(3,12,3,16): error CS0234: The type or namespace name 'Core' does not exist in the namespace 'Hrot' (are you missing an assembly reference?)
112>D:\Work\IOS-IG-SimHost-FDP-2\Hrot\Runner\Hrot.ClusterRunner.Integration.Tests\GhostPromotionTests.cs(4,12,4,15): error CS0234: The type or namespace name 'Map' does not exist in the namespace 'Hrot' (are you missing an assembly reference?)
112>D:\Work\IOS-IG-SimHost-FDP-2\Hrot\Runner\Hrot.ClusterRunner.Integration.Tests\GhostPromotionTests.cs(5,7,5,10): error CS0246: The type or namespace name 'Fdp' could not be found (are you missing a using directive or an assembly reference?)
112>D:\Work\IOS-IG-SimHost-FDP-2\Hrot\Runner\Hrot.ClusterRunner.Integration.Tests\GhostPromotionTests.cs(6,7,6,10): error CS0246: The type or namespace name 'Fdp' could not be found (are you missing a using directive or an assembly reference?)
112>D:\Work\IOS-IG-SimHost-FDP-2\Hrot\Runner\Hrot.ClusterRunner.Integration.Tests\GlobalUsings.cs(2,14,2,17): error CS0246: The type or namespace name 'Fdp' could not be found (are you missing a using directive or an assembly reference?)
112>D:\Work\IOS-IG-SimHost-FDP-2\Hrot\Runner\Hrot.ClusterRunner.Integration.Tests\GlobalUsings.cs(3,14,3,17): error CS0246: The type or namespace name 'Fdp' could not be found (are you missing a using directive or an assembly reference?)
112>D:\Work\IOS-IG-SimHost-FDP-2\Hrot\Runner\Hrot.ClusterRunner.Integration.Tests\HeadlessGizmoStreamingTests.cs(2,7,2,10): error CS0246: The type or namespace name 'Fdp' could not be found (are you missing a using directive or an assembly reference?)
112>D:\Work\IOS-IG-SimHost-FDP-2\Hrot\Runner\Hrot.ClusterRunner.Integration.Tests\HeadlessGizmoStreamingTests.cs(3,7,3,15): error CS0246: The type or namespace name 'GizmoMap' could not be found (are you missing a using directive or an assembly reference?)
112>D:\Work\IOS-IG-SimHost-FDP-2\Hrot\Runner\Hrot.ClusterRunner.Integration.Tests\HrotRunnerHarness.cs(4,7,4,10): error CS0246: The type or namespace name 'Fdp' could not be found (are you missing a using directive or an assembly reference?)
112>D:\Work\IOS-IG-SimHost-FDP-2\Hrot\Runner\Hrot.ClusterRunner.Integration.Tests\HrotRunnerHarness.cs(5,7,5,10): error CS0246: The type or namespace name 'Fdp' could not be found (are you missing a using directive or an assembly reference?)
112>D:\Work\IOS-IG-SimHost-FDP-2\Hrot\Runner\Hrot.ClusterRunner.Integration.Tests\HrotRunnerHarness.cs(6,7,6,10): error CS0246: The type or namespace name 'Fdp' could not be found (are you missing a using directive or an assembly reference?)
112>D:\Work\IOS-IG-SimHost-FDP-2\Hrot\Runner\Hrot.ClusterRunner.Integration.Tests\HrotRunnerHarness.cs(7,12,7,15): error CS0234: The type or namespace name 'CGF' does not exist in the namespace 'Hrot' (are you missing an assembly reference?)
112>D:\Work\IOS-IG-SimHost-FDP-2\Hrot\Runner\Hrot.ClusterRunner.Integration.Tests\HrotRunnerHarness.cs(8,26,8,34): error CS0234: The type or namespace name 'Services' does not exist in the namespace 'Hrot.ClusterRunner' (are you missing an assembly reference?)
112>D:\Work\IOS-IG-SimHost-FDP-2\Hrot\Runner\Hrot.ClusterRunner.Integration.Tests\HrotRunnerHarness.cs(9,12,9,18): error CS0234: The type or namespace name 'Common' does not exist in the namespace 'Hrot' (are you missing an assembly reference?)
112>D:\Work\IOS-IG-SimHost-FDP-2\Hrot\Runner\Hrot.ClusterRunner.Integration.Tests\HrotRunnerHarness.cs(10,12,10,17): error CS0234: The type or namespace name 'ExCon' does not exist in the namespace 'Hrot' (are you missing an assembly reference?)
112>D:\Work\IOS-IG-SimHost-FDP-2\Hrot\Runner\Hrot.ClusterRunner.Integration.Tests\HrotRunnerHarness.cs(11,12,11,14): error CS0234: The type or namespace name 'IG' does not exist in the namespace 'Hrot' (are you missing an assembly reference?)
112>D:\Work\IOS-IG-SimHost-FDP-2\Hrot\Runner\Hrot.ClusterRunner.Integration.Tests\HrotRunnerHarness.cs(12,12,12,15): error CS0234: The type or namespace name 'Map' does not exist in the namespace 'Hrot' (are you missing an assembly reference?)
112>D:\Work\IOS-IG-SimHost-FDP-2\Hrot\Runner\Hrot.ClusterRunner.Integration.Tests\HrotRunnerHarness.cs(13,12,13,19): error CS0234: The type or namespace name 'Network' does not exist in the namespace 'Hrot' (are you missing an assembly reference?)
112>D:\Work\IOS-IG-SimHost-FDP-2\Hrot\Runner\Hrot.ClusterRunner.Integration.Tests\HrotRunnerHarness.cs(14,12,14,24): error CS0234: The type or namespace name 'Orchestrator' does not exist in the namespace 'Hrot' (are you missing an assembly reference?)
112>D:\Work\IOS-IG-SimHost-FDP-2\Hrot\Runner\Hrot.ClusterRunner.Integration.Tests\HrotRunnerHarness.cs(15,12,15,19): error CS0234: The type or namespace name 'SimHost' does not exist in the namespace 'Hrot' (are you missing an assembly reference?)
112>D:\Work\IOS-IG-SimHost-FDP-2\Hrot\Runner\Hrot.ClusterRunner.Integration.Tests\HsmBehaviorIntegrationTests.cs(3,7,3,10): error CS0246: The type or namespace name 'Fdp' could not be found (are you missing a using directive or an assembly reference?)
112>D:\Work\IOS-IG-SimHost-FDP-2\Hrot\Runner\Hrot.ClusterRunner.Integration.Tests\HsmBehaviorIntegrationTests.cs(4,7,4,11): error CS0246: The type or namespace name 'Fhsm' could not be found (are you missing a using directive or an assembly reference?)
112>D:\Work\IOS-IG-SimHost-FDP-2\Hrot\Runner\Hrot.ClusterRunner.Integration.Tests\HsmBehaviorIntegrationTests.cs(5,7,5,11): error CS0246: The type or namespace name 'Fhsm' could not be found (are you missing a using directive or an assembly reference?)
112>D:\Work\IOS-IG-SimHost-FDP-2\Hrot\Runner\Hrot.ClusterRunner.Integration.Tests\HsmBehaviorIntegrationTests.cs(6,7,6,10): error CS0246: The type or namespace name 'Fdp' could not be found (are you missing a using directive or an assembly reference?)
112>D:\Work\IOS-IG-SimHost-FDP-2\Hrot\Runner\Hrot.ClusterRunner.Integration.Tests\HsmBehaviorIntegrationTests.cs(7,7,7,10): error CS0246: The type or namespace name 'Fdp' could not be found (are you missing a using directive or an assembly reference?)
112>D:\Work\IOS-IG-SimHost-FDP-2\Hrot\Runner\Hrot.ClusterRunner.Integration.Tests\HsmBehaviorIntegrationTests.cs(8,7,8,10): error CS0246: The type or namespace name 'Fdp' could not be found (are you missing a using directive or an assembly reference?)
112>D:\Work\IOS-IG-SimHost-FDP-2\Hrot\Runner\Hrot.ClusterRunner.Integration.Tests\HsmBehaviorIntegrationTests.cs(9,7,9,10): error CS0246: The type or namespace name 'Fdp' could not be found (are you missing a using directive or an assembly reference?)
112>D:\Work\IOS-IG-SimHost-FDP-2\Hrot\Runner\Hrot.ClusterRunner.Integration.Tests\HsmBehaviorIntegrationTests.cs(10,7,10,10): error CS0246: The type or namespace name 'Fdp' could not be found (are you missing a using directive or an assembly reference?)
112>D:\Work\IOS-IG-SimHost-FDP-2\Hrot\Runner\Hrot.ClusterRunner.Integration.Tests\IdAllocatorDiscoveryTests.cs(4,27,4,31): error CS0234: The type or namespace name 'Core' does not exist in the namespace 'Hrot' (are you missing an assembly reference?)
112>D:\Work\IOS-IG-SimHost-FDP-2\Hrot\Runner\Hrot.ClusterRunner.Integration.Tests\IdAllocatorDiscoveryTests.cs(2,12,2,15): error CS0234: The type or namespace name 'NED' does not exist in the namespace 'Hrot' (are you missing an assembly reference?)
112>D:\Work\IOS-IG-SimHost-FDP-2\Hrot\Runner\Hrot.ClusterRunner.Integration.Tests\IdAllocatorDiscoveryTests.cs(3,12,3,15): error CS0234: The type or namespace name 'NED' does not exist in the namespace 'Hrot' (are you missing an assembly reference?)
112>D:\Work\IOS-IG-SimHost-FDP-2\Hrot\Runner\Hrot.ClusterRunner.Integration.Tests\IdAllocatorDiscoveryTests.cs(5,12,5,15): error CS0234: The type or namespace name 'Map' does not exist in the namespace 'Hrot' (are you missing an assembly reference?)
112>D:\Work\IOS-IG-SimHost-FDP-2\Hrot\Runner\Hrot.ClusterRunner.Integration.Tests\MapPlacementIntegrationTests.cs(2,12,2,15): error CS0234: The type or namespace name 'NED' does not exist in the namespace 'Hrot' (are you missing an assembly reference?)
112>D:\Work\IOS-IG-SimHost-FDP-2\Hrot\Runner\Hrot.ClusterRunner.Integration.Tests\MapPlacementIntegrationTests.cs(3,12,3,15): error CS0234: The type or namespace name 'NED' does not exist in the namespace 'Hrot' (are you missing an assembly reference?)
112>D:\Work\IOS-IG-SimHost-FDP-2\Hrot\Runner\Hrot.ClusterRunner.Integration.Tests\MapPlacementIntegrationTests.cs(4,12,4,14): error CS0234: The type or namespace name 'IG' does not exist in the namespace 'Hrot' (are you missing an assembly reference?)
112>D:\Work\IOS-IG-SimHost-FDP-2\Hrot\Runner\Hrot.ClusterRunner.Integration.Tests\MapPlacementIntegrationTests.cs(5,12,5,17): error CS0234: The type or namespace name 'ExCon' does not exist in the namespace 'Hrot' (are you missing an assembly reference?)
112>D:\Work\IOS-IG-SimHost-FDP-2\Hrot\Runner\Hrot.ClusterRunner.Integration.Tests\MapPlacementIntegrationTests.cs(6,12,6,15): error CS0234: The type or namespace name 'Map' does not exist in the namespace 'Hrot' (are you missing an assembly reference?)
112>D:\Work\IOS-IG-SimHost-FDP-2\Hrot\Runner\Hrot.ClusterRunner.Integration.Tests\MapPlacementIntegrationTests.cs(8,7,8,10): error CS0246: The type or namespace name 'Fdp' could not be found (are you missing a using directive or an assembly reference?)
112>D:\Work\IOS-IG-SimHost-FDP-2\Hrot\Runner\Hrot.ClusterRunner.Integration.Tests\MapPlacementIntegrationTests.cs(9,7,9,10): error CS0246: The type or namespace name 'Fdp' could not be found (are you missing a using directive or an assembly reference?)
112>D:\Work\IOS-IG-SimHost-FDP-2\Hrot\Runner\Hrot.ClusterRunner.Integration.Tests\MapPlacementIntegrationTests.cs(10,7,10,10): error CS0246: The type or namespace name 'Fdp' could not be found (are you missing a using directive or an assembly reference?)
112>D:\Work\IOS-IG-SimHost-FDP-2\Hrot\Runner\Hrot.ClusterRunner.Integration.Tests\MiniExConIntegrationTests.cs(4,12,4,15): error CS0234: The type or namespace name 'NED' does not exist in the namespace 'Hrot' (are you missing an assembly reference?)
112>D:\Work\IOS-IG-SimHost-FDP-2\Hrot\Runner\Hrot.ClusterRunner.Integration.Tests\MiniExConIntegrationTests.cs(5,12,5,15): error CS0234: The type or namespace name 'NED' does not exist in the namespace 'Hrot' (are you missing an assembly reference?)
112>D:\Work\IOS-IG-SimHost-FDP-2\Hrot\Runner\Hrot.ClusterRunner.Integration.Tests\MiniExConIntegrationTests.cs(6,12,6,15): error CS0234: The type or namespace name 'Map' does not exist in the namespace 'Hrot' (are you missing an assembly reference?)
112>D:\Work\IOS-IG-SimHost-FDP-2\Hrot\Runner\Hrot.ClusterRunner.Integration.Tests\MiniExConIntegrationTests.cs(8,7,8,10): error CS0246: The type or namespace name 'Fdp' could not be found (are you missing a using directive or an assembly reference?)
112>D:\Work\IOS-IG-SimHost-FDP-2\Hrot\Runner\Hrot.ClusterRunner.Integration.Tests\MiniExConIntegrationTests.cs(9,7,9,10): error CS0246: The type or namespace name 'Fdp' could not be found (are you missing a using directive or an assembly reference?)
112>D:\Work\IOS-IG-SimHost-FDP-2\Hrot\Runner\Hrot.ClusterRunner.Integration.Tests\MiniExConIntegrationTests.cs(10,7,10,10): error CS0246: The type or namespace name 'Fdp' could not be found (are you missing a using directive or an assembly reference?)
112>D:\Work\IOS-IG-SimHost-FDP-2\Hrot\Runner\Hrot.ClusterRunner.Integration.Tests\MissionControlIntegrationTests.cs(15,32,15,35): error CS0234: The type or namespace name 'NED' does not exist in the namespace 'Hrot' (are you missing an assembly reference?)
112>D:\Work\IOS-IG-SimHost-FDP-2\Hrot\Runner\Hrot.ClusterRunner.Integration.Tests\MissionControlIntegrationTests.cs(6,27,6,31): error CS0234: The type or namespace name 'Core' does not exist in the namespace 'Hrot' (are you missing an assembly reference?)
112>D:\Work\IOS-IG-SimHost-FDP-2\Hrot\Runner\Hrot.ClusterRunner.Integration.Tests\MissionControlIntegrationTests.cs(3,12,3,15): error CS0234: The type or namespace name 'NED' does not exist in the namespace 'Hrot' (are you missing an assembly reference?)
112>D:\Work\IOS-IG-SimHost-FDP-2\Hrot\Runner\Hrot.ClusterRunner.Integration.Tests\MissionControlIntegrationTests.cs(4,12,4,15): error CS0234: The type or namespace name 'NED' does not exist in the namespace 'Hrot' (are you missing an assembly reference?)
112>D:\Work\IOS-IG-SimHost-FDP-2\Hrot\Runner\Hrot.ClusterRunner.Integration.Tests\MissionControlIntegrationTests.cs(5,12,5,15): error CS0234: The type or namespace name 'NED' does not exist in the namespace 'Hrot' (are you missing an assembly reference?)
112>D:\Work\IOS-IG-SimHost-FDP-2\Hrot\Runner\Hrot.ClusterRunner.Integration.Tests\MissionControlIntegrationTests.cs(7,12,7,17): error CS0234: The type or namespace name 'ExCon' does not exist in the namespace 'Hrot' (are you missing an assembly reference?)
112>D:\Work\IOS-IG-SimHost-FDP-2\Hrot\Runner\Hrot.ClusterRunner.Integration.Tests\MissionControlIntegrationTests.cs(8,12,8,15): error CS0234: The type or namespace name 'Map' does not exist in the namespace 'Hrot' (are you missing an assembly reference?)
112>D:\Work\IOS-IG-SimHost-FDP-2\Hrot\Runner\Hrot.ClusterRunner.Integration.Tests\MissionControlIntegrationTests.cs(10,7,10,10): error CS0246: The type or namespace name 'Fdp' could not be found (are you missing a using directive or an assembly reference?)
112>D:\Work\IOS-IG-SimHost-FDP-2\Hrot\Runner\Hrot.ClusterRunner.Integration.Tests\MissionControlIntegrationTests.cs(11,7,11,10): error CS0246: The type or namespace name 'Fdp' could not be found (are you missing a using directive or an assembly reference?)
112>D:\Work\IOS-IG-SimHost-FDP-2\Hrot\Runner\Hrot.ClusterRunner.Integration.Tests\MissionControlIntegrationTests.cs(12,7,12,10): error CS0246: The type or namespace name 'Fdp' could not be found (are you missing a using directive or an assembly reference?)
112>D:\Work\IOS-IG-SimHost-FDP-2\Hrot\Runner\Hrot.ClusterRunner.Integration.Tests\MissionControlIntegrationTests.cs(13,7,13,10): error CS0246: The type or namespace name 'Fdp' could not be found (are you missing a using directive or an assembly reference?)
112>D:\Work\IOS-IG-SimHost-FDP-2\Hrot\Runner\Hrot.ClusterRunner.Integration.Tests\MockNetworkFactory.cs(4,7,4,10): error CS0246: The type or namespace name 'Fdp' could not be found (are you missing a using directive or an assembly reference?)
112>D:\Work\IOS-IG-SimHost-FDP-2\Hrot\Runner\Hrot.ClusterRunner.Integration.Tests\MockNetworkFactory.cs(5,7,5,10): error CS0246: The type or namespace name 'Fdp' could not be found (are you missing a using directive or an assembly reference?)
112>D:\Work\IOS-IG-SimHost-FDP-2\Hrot\Runner\Hrot.ClusterRunner.Integration.Tests\MockNetworkFactory.cs(6,7,6,10): error CS0246: The type or namespace name 'Fdp' could not be found (are you missing a using directive or an assembly reference?)
112>D:\Work\IOS-IG-SimHost-FDP-2\Hrot\Runner\Hrot.ClusterRunner.Integration.Tests\MockNetworkFactory.cs(7,7,7,10): error CS0246: The type or namespace name 'Fdp' could not be found (are you missing a using directive or an assembly reference?)
112>D:\Work\IOS-IG-SimHost-FDP-2\Hrot\Runner\Hrot.ClusterRunner.Integration.Tests\MockNetworkFactory.cs(8,7,8,10): error CS0246: The type or namespace name 'Fdp' could not be found (are you missing a using directive or an assembly reference?)
112>D:\Work\IOS-IG-SimHost-FDP-2\Hrot\Runner\Hrot.ClusterRunner.Integration.Tests\MockNetworkFactory.cs(9,12,9,18): error CS0234: The type or namespace name 'Common' does not exist in the namespace 'Hrot' (are you missing an assembly reference?)
112>D:\Work\IOS-IG-SimHost-FDP-2\Hrot\Runner\Hrot.ClusterRunner.Integration.Tests\MockNetworkFactory.cs(10,12,10,16): error CS0234: The type or namespace name 'Core' does not exist in the namespace 'Hrot' (are you missing an assembly reference?)
112>D:\Work\IOS-IG-SimHost-FDP-2\Hrot\Runner\Hrot.ClusterRunner.Integration.Tests\MockNetworkFactory.cs(11,7,11,10): error CS0246: The type or namespace name 'Fdp' could not be found (are you missing a using directive or an assembly reference?)
112>D:\Work\IOS-IG-SimHost-FDP-2\Hrot\Runner\Hrot.ClusterRunner.Integration.Tests\MockNetworkFactory.cs(12,7,12,10): error CS0246: The type or namespace name 'Fdp' could not be found (are you missing a using directive or an assembly reference?)
112>D:\Work\IOS-IG-SimHost-FDP-2\Hrot\Runner\Hrot.ClusterRunner.Integration.Tests\NavigationStatusAuthorityTests.cs(3,7,3,10): error CS0246: The type or namespace name 'Fdp' could not be found (are you missing a using directive or an assembly reference?)
112>D:\Work\IOS-IG-SimHost-FDP-2\Hrot\Runner\Hrot.ClusterRunner.Integration.Tests\NavigationStatusAuthorityTests.cs(4,7,4,10): error CS0246: The type or namespace name 'Fdp' could not be found (are you missing a using directive or an assembly reference?)
112>D:\Work\IOS-IG-SimHost-FDP-2\Hrot\Runner\Hrot.ClusterRunner.Integration.Tests\NavigationStatusAuthorityTests.cs(5,7,5,10): error CS0246: The type or namespace name 'Fdp' could not be found (are you missing a using directive or an assembly reference?)
112>D:\Work\IOS-IG-SimHost-FDP-2\Hrot\Runner\Hrot.ClusterRunner.Integration.Tests\NavigationStatusAuthorityTests.cs(6,12,6,19): error CS0234: The type or namespace name 'SimHost' does not exist in the namespace 'Hrot' (are you missing an assembly reference?)
112>D:\Work\IOS-IG-SimHost-FDP-2\Hrot\Runner\Hrot.ClusterRunner.Integration.Tests\NavigationStatusAuthorityTests.cs(7,12,7,15): error CS0234: The type or namespace name 'CGF' does not exist in the namespace 'Hrot' (are you missing an assembly reference?)
112>D:\Work\IOS-IG-SimHost-FDP-2\Hrot\Runner\Hrot.ClusterRunner.Integration.Tests\NavigationStatusAuthorityTests.cs(8,12,8,15): error CS0234: The type or namespace name 'Map' does not exist in the namespace 'Hrot' (are you missing an assembly reference?)
112>D:\Work\IOS-IG-SimHost-FDP-2\Hrot\Runner\Hrot.ClusterRunner.Integration.Tests\NavigationStatusAuthorityTests.cs(9,12,9,16): error CS0234: The type or namespace name 'Core' does not exist in the namespace 'Hrot' (are you missing an assembly reference?)
112>D:\Work\IOS-IG-SimHost-FDP-2\Hrot\Runner\Hrot.ClusterRunner.Integration.Tests\NetworkDemoPatrolAndEngageTests.cs(3,7,3,10): error CS0246: The type or namespace name 'Fdp' could not be found (are you missing a using directive or an assembly reference?)
112>D:\Work\IOS-IG-SimHost-FDP-2\Hrot\Runner\Hrot.ClusterRunner.Integration.Tests\NetworkDemoPatrolAndEngageTests.cs(4,7,4,10): error CS0246: The type or namespace name 'Fbt' could not be found (are you missing a using directive or an assembly reference?)
112>D:\Work\IOS-IG-SimHost-FDP-2\Hrot\Runner\Hrot.ClusterRunner.Integration.Tests\NetworkDemoPatrolAndEngageTests.cs(5,7,5,10): error CS0246: The type or namespace name 'Fbt' could not be found (are you missing a using directive or an assembly reference?)
112>D:\Work\IOS-IG-SimHost-FDP-2\Hrot\Runner\Hrot.ClusterRunner.Integration.Tests\NetworkDemoPatrolAndEngageTests.cs(6,7,6,10): error CS0246: The type or namespace name 'Fbt' could not be found (are you missing a using directive or an assembly reference?)
112>D:\Work\IOS-IG-SimHost-FDP-2\Hrot\Runner\Hrot.ClusterRunner.Integration.Tests\NetworkDemoPatrolAndEngageTests.cs(7,7,7,10): error CS0246: The type or namespace name 'Fbt' could not be found (are you missing a using directive or an assembly reference?)
112>D:\Work\IOS-IG-SimHost-FDP-2\Hrot\Runner\Hrot.ClusterRunner.Integration.Tests\NetworkDemoPatrolAndEngageTests.cs(8,7,8,10): error CS0246: The type or namespace name 'Fdp' could not be found (are you missing a using directive or an assembly reference?)
112>D:\Work\IOS-IG-SimHost-FDP-2\Hrot\Runner\Hrot.ClusterRunner.Integration.Tests\NetworkDemoPatrolAndEngageTests.cs(9,7,9,10): error CS0246: The type or namespace name 'Fdp' could not be found (are you missing a using directive or an assembly reference?)
112>D:\Work\IOS-IG-SimHost-FDP-2\Hrot\Runner\Hrot.ClusterRunner.Integration.Tests\NetworkDemoPatrolAndEngageTests.cs(10,7,10,10): error CS0246: The type or namespace name 'Fdp' could not be found (are you missing a using directive or an assembly reference?)
112>D:\Work\IOS-IG-SimHost-FDP-2\Hrot\Runner\Hrot.ClusterRunner.Integration.Tests\NetworkDemoPatrolAndEngageTests.cs(11,7,11,10): error CS0246: The type or namespace name 'Fdp' could not be found (are you missing a using directive or an assembly reference?)
112>D:\Work\IOS-IG-SimHost-FDP-2\Hrot\Runner\Hrot.ClusterRunner.Integration.Tests\NetworkDemoPatrolAndEngageTests.cs(12,7,12,10): error CS0246: The type or namespace name 'Fdp' could not be found (are you missing a using directive or an assembly reference?)
112>D:\Work\IOS-IG-SimHost-FDP-2\Hrot\Runner\Hrot.ClusterRunner.Integration.Tests\NetworkDemoPatrolAndEngageTests.cs(13,7,13,10): error CS0246: The type or namespace name 'Fdp' could not be found (are you missing a using directive or an assembly reference?)
112>D:\Work\IOS-IG-SimHost-FDP-2\Hrot\Runner\Hrot.ClusterRunner.Integration.Tests\NetworkDemoPatrolAndEngageTests.cs(14,7,14,10): error CS0246: The type or namespace name 'Fdp' could not be found (are you missing a using directive or an assembly reference?)
112>D:\Work\IOS-IG-SimHost-FDP-2\Hrot\Runner\Hrot.ClusterRunner.Integration.Tests\NetworkDemoPatrolAndEngageTests.cs(15,7,15,10): error CS0246: The type or namespace name 'Fdp' could not be found (are you missing a using directive or an assembly reference?)
112>D:\Work\IOS-IG-SimHost-FDP-2\Hrot\Runner\Hrot.ClusterRunner.Integration.Tests\NetworkDemoPatrolAndEngageTests.cs(16,12,16,15): error CS0234: The type or namespace name 'CGF' does not exist in the namespace 'Hrot' (are you missing an assembly reference?)
112>D:\Work\IOS-IG-SimHost-FDP-2\Hrot\Runner\Hrot.ClusterRunner.Integration.Tests\NetworkDemoPatrolAndEngageTests.cs(17,12,17,14): error CS0234: The type or namespace name 'AI' does not exist in the namespace 'Hrot' (are you missing an assembly reference?)
112>D:\Work\IOS-IG-SimHost-FDP-2\Hrot\Runner\Hrot.ClusterRunner.Integration.Tests\NetworkDemoPatrolAndEngageTests.cs(18,12,18,15): error CS0234: The type or namespace name 'CGF' does not exist in the namespace 'Hrot' (are you missing an assembly reference?)
112>D:\Work\IOS-IG-SimHost-FDP-2\Hrot\Runner\Hrot.ClusterRunner.Integration.Tests\NetworkDemoPatrolAndEngageTests.cs(19,12,19,15): error CS0234: The type or namespace name 'Map' does not exist in the namespace 'Hrot' (are you missing an assembly reference?)
112>D:\Work\IOS-IG-SimHost-FDP-2\Hrot\Runner\Hrot.ClusterRunner.Integration.Tests\NetworkDemoPatrolAndEngageTests.cs(20,12,20,19): error CS0234: The type or namespace name 'SimHost' does not exist in the namespace 'Hrot' (are you missing an assembly reference?)
112>D:\Work\IOS-IG-SimHost-FDP-2\Hrot\Runner\Hrot.ClusterRunner.Integration.Tests\NetworkGatewayIntegrationTests.cs(3,7,3,10): error CS0246: The type or namespace name 'Fdp' could not be found (are you missing a using directive or an assembly reference?)
112>D:\Work\IOS-IG-SimHost-FDP-2\Hrot\Runner\Hrot.ClusterRunner.Integration.Tests\NetworkGatewayIntegrationTests.cs(4,7,4,10): error CS0246: The type or namespace name 'Fdp' could not be found (are you missing a using directive or an assembly reference?)
112>D:\Work\IOS-IG-SimHost-FDP-2\Hrot\Runner\Hrot.ClusterRunner.Integration.Tests\NetworkGatewayIntegrationTests.cs(5,7,5,10): error CS0246: The type or namespace name 'Fdp' could not be found (are you missing a using directive or an assembly reference?)
112>D:\Work\IOS-IG-SimHost-FDP-2\Hrot\Runner\Hrot.ClusterRunner.Integration.Tests\NetworkGatewayIntegrationTests.cs(6,12,6,15): error CS0234: The type or namespace name 'Map' does not exist in the namespace 'Hrot' (are you missing an assembly reference?)
112>D:\Work\IOS-IG-SimHost-FDP-2\Hrot\Runner\Hrot.ClusterRunner.Integration.Tests\NetworkGatewayIntegrationTests.cs(7,12,7,16): error CS0234: The type or namespace name 'Core' does not exist in the namespace 'Hrot' (are you missing an assembly reference?)
112>D:\Work\IOS-IG-SimHost-FDP-2\Hrot\Runner\Hrot.ClusterRunner.Integration.Tests\NetworkGatewayIntegrationTests.cs(8,7,8,10): error CS0246: The type or namespace name 'Fdp' could not be found (are you missing a using directive or an assembly reference?)
112>D:\Work\IOS-IG-SimHost-FDP-2\Hrot\Runner\Hrot.ClusterRunner.Integration.Tests\OfflineEditorIntegrationTests.cs(4,7,4,10): error CS0246: The type or namespace name 'Fdp' could not be found (are you missing a using directive or an assembly reference?)
112>D:\Work\IOS-IG-SimHost-FDP-2\Hrot\Runner\Hrot.ClusterRunner.Integration.Tests\OfflineEditorIntegrationTests.cs(5,7,5,10): error CS0246: The type or namespace name 'Fdp' could not be found (are you missing a using directive or an assembly reference?)
112>D:\Work\IOS-IG-SimHost-FDP-2\Hrot\Runner\Hrot.ClusterRunner.Integration.Tests\OfflineEditorIntegrationTests.cs(6,12,6,15): error CS0234: The type or namespace name 'Map' does not exist in the namespace 'Hrot' (are you missing an assembly reference?)
112>D:\Work\IOS-IG-SimHost-FDP-2\Hrot\Runner\Hrot.ClusterRunner.Integration.Tests\OfflineEditorIntegrationTests.cs(7,12,7,15): error CS0234: The type or namespace name 'NED' does not exist in the namespace 'Hrot' (are you missing an assembly reference?)
112>D:\Work\IOS-IG-SimHost-FDP-2\Hrot\Runner\Hrot.ClusterRunner.Integration.Tests\OfflineEditorIntegrationTests.cs(8,7,8,10): error CS0246: The type or namespace name 'Fdp' could not be found (are you missing a using directive or an assembly reference?)
112>D:\Work\IOS-IG-SimHost-FDP-2\Hrot\Runner\Hrot.ClusterRunner.Integration.Tests\PreviewModeVehicleMovementTests.cs(4,7,4,10): error CS0246: The type or namespace name 'Fdp' could not be found (are you missing a using directive or an assembly reference?)
112>D:\Work\IOS-IG-SimHost-FDP-2\Hrot\Runner\Hrot.ClusterRunner.Integration.Tests\PreviewModeVehicleMovementTests.cs(5,7,5,10): error CS0246: The type or namespace name 'Fdp' could not be found (are you missing a using directive or an assembly reference?)
112>D:\Work\IOS-IG-SimHost-FDP-2\Hrot\Runner\Hrot.ClusterRunner.Integration.Tests\PreviewModeVehicleMovementTests.cs(6,7,6,10): error CS0246: The type or namespace name 'Fdp' could not be found (are you missing a using directive or an assembly reference?)
112>D:\Work\IOS-IG-SimHost-FDP-2\Hrot\Runner\Hrot.ClusterRunner.Integration.Tests\ReplicationPhaseExecutionTests.cs(2,12,2,16): error CS0234: The type or namespace name 'Core' does not exist in the namespace 'Hrot' (are you missing an assembly reference?)
112>D:\Work\IOS-IG-SimHost-FDP-2\Hrot\Runner\Hrot.ClusterRunner.Integration.Tests\ReplicationPhaseExecutionTests.cs(3,12,3,15): error CS0234: The type or namespace name 'Map' does not exist in the namespace 'Hrot' (are you missing an assembly reference?)
112>D:\Work\IOS-IG-SimHost-FDP-2\Hrot\Runner\Hrot.ClusterRunner.Integration.Tests\ReplicationPhaseExecutionTests.cs(4,7,4,10): error CS0246: The type or namespace name 'Fdp' could not be found (are you missing a using directive or an assembly reference?)
112>D:\Work\IOS-IG-SimHost-FDP-2\Hrot\Runner\Hrot.ClusterRunner.Integration.Tests\ReplicationPhaseExecutionTests.cs(5,7,5,10): error CS0246: The type or namespace name 'Fdp' could not be found (are you missing a using directive or an assembly reference?)
112>D:\Work\IOS-IG-SimHost-FDP-2\Hrot\Runner\Hrot.ClusterRunner.Integration.Tests\ReplicationPhaseExecutionTests.cs(6,7,6,10): error CS0246: The type or namespace name 'Fdp' could not be found (are you missing a using directive or an assembly reference?)
112>D:\Work\IOS-IG-SimHost-FDP-2\Hrot\Runner\Hrot.ClusterRunner.Integration.Tests\RunnerTestHelpers.cs(2,12,2,15): error CS0234: The type or namespace name 'NED' does not exist in the namespace 'Hrot' (are you missing an assembly reference?)
112>D:\Work\IOS-IG-SimHost-FDP-2\Hrot\Runner\Hrot.ClusterRunner.Integration.Tests\RunnerTestHelpers.cs(3,12,3,15): error CS0234: The type or namespace name 'NED' does not exist in the namespace 'Hrot' (are you missing an assembly reference?)
112>D:\Work\IOS-IG-SimHost-FDP-2\Hrot\Runner\Hrot.ClusterRunner.Integration.Tests\SelectionAndMissionIntegrationTests.cs(12,32,12,35): error CS0234: The type or namespace name 'NED' does not exist in the namespace 'Hrot' (are you missing an assembly reference?)
112>D:\Work\IOS-IG-SimHost-FDP-2\Hrot\Runner\Hrot.ClusterRunner.Integration.Tests\SelectionAndMissionIntegrationTests.cs(7,27,7,31): error CS0234: The type or namespace name 'Core' does not exist in the namespace 'Hrot' (are you missing an assembly reference?)
112>D:\Work\IOS-IG-SimHost-FDP-2\Hrot\Runner\Hrot.ClusterRunner.Integration.Tests\SelectionAndMissionIntegrationTests.cs(4,12,4,15): error CS0234: The type or namespace name 'NED' does not exist in the namespace 'Hrot' (are you missing an assembly reference?)
112>D:\Work\IOS-IG-SimHost-FDP-2\Hrot\Runner\Hrot.ClusterRunner.Integration.Tests\SelectionAndMissionIntegrationTests.cs(5,12,5,15): error CS0234: The type or namespace name 'NED' does not exist in the namespace 'Hrot' (are you missing an assembly reference?)
112>D:\Work\IOS-IG-SimHost-FDP-2\Hrot\Runner\Hrot.ClusterRunner.Integration.Tests\SelectionAndMissionIntegrationTests.cs(6,12,6,15): error CS0234: The type or namespace name 'NED' does not exist in the namespace 'Hrot' (are you missing an assembly reference?)
112>D:\Work\IOS-IG-SimHost-FDP-2\Hrot\Runner\Hrot.ClusterRunner.Integration.Tests\SelectionAndMissionIntegrationTests.cs(8,12,8,15): error CS0234: The type or namespace name 'Map' does not exist in the namespace 'Hrot' (are you missing an assembly reference?)
112>D:\Work\IOS-IG-SimHost-FDP-2\Hrot\Runner\Hrot.ClusterRunner.Integration.Tests\SelectionAndMissionIntegrationTests.cs(9,7,9,10): error CS0246: The type or namespace name 'Fdp' could not be found (are you missing a using directive or an assembly reference?)
112>D:\Work\IOS-IG-SimHost-FDP-2\Hrot\Runner\Hrot.ClusterRunner.Integration.Tests\SelectionAndMissionIntegrationTests.cs(10,7,10,10): error CS0246: The type or namespace name 'Fdp' could not be found (are you missing a using directive or an assembly reference?)
112>D:\Work\IOS-IG-SimHost-FDP-2\Hrot\Runner\Hrot.ClusterRunner.Integration.Tests\SensorMechanismIntegrationTests.cs(3,7,3,10): error CS0246: The type or namespace name 'Fdp' could not be found (are you missing a using directive or an assembly reference?)
112>D:\Work\IOS-IG-SimHost-FDP-2\Hrot\Runner\Hrot.ClusterRunner.Integration.Tests\SensorMechanismIntegrationTests.cs(4,7,4,10): error CS0246: The type or namespace name 'Fdp' could not be found (are you missing a using directive or an assembly reference?)
112>D:\Work\IOS-IG-SimHost-FDP-2\Hrot\Runner\Hrot.ClusterRunner.Integration.Tests\SensorMechanismIntegrationTests.cs(5,7,5,10): error CS0246: The type or namespace name 'Fdp' could not be found (are you missing a using directive or an assembly reference?)
112>D:\Work\IOS-IG-SimHost-FDP-2\Hrot\Runner\Hrot.ClusterRunner.Integration.Tests\SensorMechanismIntegrationTests.cs(6,12,6,15): error CS0234: The type or namespace name 'Map' does not exist in the namespace 'Hrot' (are you missing an assembly reference?)
112>D:\Work\IOS-IG-SimHost-FDP-2\Hrot\Runner\Hrot.ClusterRunner.Integration.Tests\SimTimeSyncIntegrationTests.cs(4,7,4,10): error CS0246: The type or namespace name 'Fdp' could not be found (are you missing a using directive or an assembly reference?)
112>D:\Work\IOS-IG-SimHost-FDP-2\Hrot\Runner\Hrot.ClusterRunner.Integration.Tests\SimTimeSyncIntegrationTests.cs(5,12,5,15): error CS0234: The type or namespace name 'NED' does not exist in the namespace 'Hrot' (are you missing an assembly reference?)
112>D:\Work\IOS-IG-SimHost-FDP-2\Hrot\Runner\Hrot.ClusterRunner.Integration.Tests\SimTimeSyncIntegrationTests.cs(6,12,6,24): error CS0234: The type or namespace name 'Orchestrator' does not exist in the namespace 'Hrot' (are you missing an assembly reference?)
112>D:\Work\IOS-IG-SimHost-FDP-2\Hrot\Runner\Hrot.ClusterRunner.Integration.Tests\SimTimeSyncIntegrationTests.cs(7,12,7,19): error CS0234: The type or namespace name 'SimHost' does not exist in the namespace 'Hrot' (are you missing an assembly reference?)
112>D:\Work\IOS-IG-SimHost-FDP-2\Hrot\Runner\Hrot.ClusterRunner.Integration.Tests\SimTimeSyncIntegrationTests.cs(8,12,8,14): error CS0234: The type or namespace name 'IG' does not exist in the namespace 'Hrot' (are you missing an assembly reference?)
112>D:\Work\IOS-IG-SimHost-FDP-2\Hrot\Runner\Hrot.ClusterRunner.Integration.Tests\SimTimeSyncIntegrationTests.cs(9,12,9,17): error CS0234: The type or namespace name 'ExCon' does not exist in the namespace 'Hrot' (are you missing an assembly reference?)
112>D:\Work\IOS-IG-SimHost-FDP-2\Hrot\Runner\Hrot.ClusterRunner.Integration.Tests\SpawnMovingVehicleIntegrationTests.cs(4,27,4,31): error CS0234: The type or namespace name 'Core' does not exist in the namespace 'Hrot' (are you missing an assembly reference?)
112>D:\Work\IOS-IG-SimHost-FDP-2\Hrot\Runner\Hrot.ClusterRunner.Integration.Tests\SpawnMovingVehicleIntegrationTests.cs(2,12,2,15): error CS0234: The type or namespace name 'NED' does not exist in the namespace 'Hrot' (are you missing an assembly reference?)
112>D:\Work\IOS-IG-SimHost-FDP-2\Hrot\Runner\Hrot.ClusterRunner.Integration.Tests\SpawnMovingVehicleIntegrationTests.cs(3,12,3,15): error CS0234: The type or namespace name 'NED' does not exist in the namespace 'Hrot' (are you missing an assembly reference?)
112>D:\Work\IOS-IG-SimHost-FDP-2\Hrot\Runner\Hrot.ClusterRunner.Integration.Tests\SpawnMovingVehicleIntegrationTests.cs(5,12,5,14): error CS0234: The type or namespace name 'IG' does not exist in the namespace 'Hrot' (are you missing an assembly reference?)
112>D:\Work\IOS-IG-SimHost-FDP-2\Hrot\Runner\Hrot.ClusterRunner.Integration.Tests\SpawnMovingVehicleIntegrationTests.cs(6,12,6,15): error CS0234: The type or namespace name 'Map' does not exist in the namespace 'Hrot' (are you missing an assembly reference?)
112>D:\Work\IOS-IG-SimHost-FDP-2\Hrot\Runner\Hrot.ClusterRunner.Integration.Tests\SpawnMovingVehicleIntegrationTests.cs(7,7,7,10): error CS0246: The type or namespace name 'Fdp' could not be found (are you missing a using directive or an assembly reference?)
112>D:\Work\IOS-IG-SimHost-FDP-2\Hrot\Runner\Hrot.ClusterRunner.Integration.Tests\SpawnMovingVehicleIntegrationTests.cs(8,7,8,10): error CS0246: The type or namespace name 'Fdp' could not be found (are you missing a using directive or an assembly reference?)
112>D:\Work\IOS-IG-SimHost-FDP-2\Hrot\Runner\Hrot.ClusterRunner.Integration.Tests\SpawnMovingVehicleIntegrationTests.cs(9,7,9,10): error CS0246: The type or namespace name 'Fdp' could not be found (are you missing a using directive or an assembly reference?)
112>D:\Work\IOS-IG-SimHost-FDP-2\Hrot\Runner\Hrot.ClusterRunner.Integration.Tests\SpawnMovingVehicleWithGatewayIntegrationTests.cs(6,27,6,31): error CS0234: The type or namespace name 'Core' does not exist in the namespace 'Hrot' (are you missing an assembly reference?)
112>D:\Work\IOS-IG-SimHost-FDP-2\Hrot\Runner\Hrot.ClusterRunner.Integration.Tests\SpawnMovingVehicleWithGatewayIntegrationTests.cs(3,12,3,15): error CS0234: The type or namespace name 'NED' does not exist in the namespace 'Hrot' (are you missing an assembly reference?)
112>D:\Work\IOS-IG-SimHost-FDP-2\Hrot\Runner\Hrot.ClusterRunner.Integration.Tests\SpawnMovingVehicleWithGatewayIntegrationTests.cs(4,12,4,15): error CS0234: The type or namespace name 'NED' does not exist in the namespace 'Hrot' (are you missing an assembly reference?)
112>D:\Work\IOS-IG-SimHost-FDP-2\Hrot\Runner\Hrot.ClusterRunner.Integration.Tests\SpawnMovingVehicleWithGatewayIntegrationTests.cs(5,12,5,15): error CS0234: The type or namespace name 'NED' does not exist in the namespace 'Hrot' (are you missing an assembly reference?)
112>D:\Work\IOS-IG-SimHost-FDP-2\Hrot\Runner\Hrot.ClusterRunner.Integration.Tests\SpawnMovingVehicleWithGatewayIntegrationTests.cs(7,12,7,15): error CS0234: The type or namespace name 'Map' does not exist in the namespace 'Hrot' (are you missing an assembly reference?)
112>D:\Work\IOS-IG-SimHost-FDP-2\Hrot\Runner\Hrot.ClusterRunner.Integration.Tests\SpawnMovingVehicleWithGatewayIntegrationTests.cs(9,7,9,10): error CS0246: The type or namespace name 'Fdp' could not be found (are you missing a using directive or an assembly reference?)
112>D:\Work\IOS-IG-SimHost-FDP-2\Hrot\Runner\Hrot.ClusterRunner.Integration.Tests\SpawnMovingVehicleWithGatewayIntegrationTests.cs(10,7,10,10): error CS0246: The type or namespace name 'Fdp' could not be found (are you missing a using directive or an assembly reference?)
112>D:\Work\IOS-IG-SimHost-FDP-2\Hrot\Runner\Hrot.ClusterRunner.Integration.Tests\SpawnMovingVehicleWithGatewayIntegrationTests.cs(11,7,11,10): error CS0246: The type or namespace name 'Fdp' could not be found (are you missing a using directive or an assembly reference?)
112>D:\Work\IOS-IG-SimHost-FDP-2\Hrot\Runner\Hrot.ClusterRunner.Integration.Tests\SplitAuthoritySpawnTests.cs(3,7,3,10): error CS0246: The type or namespace name 'Fdp' could not be found (are you missing a using directive or an assembly reference?)
112>D:\Work\IOS-IG-SimHost-FDP-2\Hrot\Runner\Hrot.ClusterRunner.Integration.Tests\SplitAuthoritySpawnTests.cs(4,7,4,10): error CS0246: The type or namespace name 'Fdp' could not be found (are you missing a using directive or an assembly reference?)
112>D:\Work\IOS-IG-SimHost-FDP-2\Hrot\Runner\Hrot.ClusterRunner.Integration.Tests\SplitAuthoritySpawnTests.cs(5,12,5,19): error CS0234: The type or namespace name 'SimHost' does not exist in the namespace 'Hrot' (are you missing an assembly reference?)
112>D:\Work\IOS-IG-SimHost-FDP-2\Hrot\Runner\Hrot.ClusterRunner.Integration.Tests\SplitAuthoritySpawnTests.cs(6,12,6,15): error CS0234: The type or namespace name 'CGF' does not exist in the namespace 'Hrot' (are you missing an assembly reference?)
112>D:\Work\IOS-IG-SimHost-FDP-2\Hrot\Runner\Hrot.ClusterRunner.Integration.Tests\SplitAuthoritySpawnTests.cs(7,12,7,15): error CS0234: The type or namespace name 'Map' does not exist in the namespace 'Hrot' (are you missing an assembly reference?)
112>D:\Work\IOS-IG-SimHost-FDP-2\Hrot\Runner\Hrot.ClusterRunner.Integration.Tests\SplitAuthoritySpawnTests.cs(8,12,8,16): error CS0234: The type or namespace name 'Core' does not exist in the namespace 'Hrot' (are you missing an assembly reference?)
112>D:\Work\IOS-IG-SimHost-FDP-2\Hrot\Runner\Hrot.ClusterRunner.Integration.Tests\SubEntityCascadeDestroyTests.cs(2,12,2,16): error CS0234: The type or namespace name 'Core' does not exist in the namespace 'Hrot' (are you missing an assembly reference?)
112>D:\Work\IOS-IG-SimHost-FDP-2\Hrot\Runner\Hrot.ClusterRunner.Integration.Tests\SubEntityCascadeDestroyTests.cs(3,12,3,15): error CS0234: The type or namespace name 'Map' does not exist in the namespace 'Hrot' (are you missing an assembly reference?)
112>D:\Work\IOS-IG-SimHost-FDP-2\Hrot\Runner\Hrot.ClusterRunner.Integration.Tests\SubEntityCascadeDestroyTests.cs(4,7,4,10): error CS0246: The type or namespace name 'Fdp' could not be found (are you missing a using directive or an assembly reference?)
112>D:\Work\IOS-IG-SimHost-FDP-2\Hrot\Runner\Hrot.ClusterRunner.Integration.Tests\SubEntityCascadeDestroyTests.cs(5,7,5,10): error CS0246: The type or namespace name 'Fdp' could not be found (are you missing a using directive or an assembly reference?)
112>D:\Work\IOS-IG-SimHost-FDP-2\Hrot\Runner\Hrot.ClusterRunner.Integration.Tests\SubEntityCascadeDestroyTests.cs(6,7,6,10): error CS0246: The type or namespace name 'Fdp' could not be found (are you missing a using directive or an assembly reference?)
112>D:\Work\IOS-IG-SimHost-FDP-2\Hrot\Runner\Hrot.ClusterRunner.Integration.Tests\Systems\MovingEntitySystem.cs(1,7,1,10): error CS0246: The type or namespace name 'Fdp' could not be found (are you missing a using directive or an assembly reference?)
112>D:\Work\IOS-IG-SimHost-FDP-2\Hrot\Runner\Hrot.ClusterRunner.Integration.Tests\Systems\MovingEntitySystem.cs(2,7,2,10): error CS0246: The type or namespace name 'Fdp' could not be found (are you missing a using directive or an assembly reference?)
112>D:\Work\IOS-IG-SimHost-FDP-2\Hrot\Runner\Hrot.ClusterRunner.Integration.Tests\Systems\MovingEntitySystem.cs(3,26,3,33): error CS0234: The type or namespace name 'Testing' does not exist in the namespace 'Hrot.ClusterRunner' (are you missing an assembly reference?)
112>D:\Work\IOS-IG-SimHost-FDP-2\Hrot\Runner\Hrot.ClusterRunner.Integration.Tests\TimeControlIntegrationTests.cs(5,7,5,10): error CS0246: The type or namespace name 'Fdp' could not be found (are you missing a using directive or an assembly reference?)
112>D:\Work\IOS-IG-SimHost-FDP-2\Hrot\Runner\Hrot.ClusterRunner.Integration.Tests\TimeControlIntegrationTests.cs(6,12,6,15): error CS0234: The type or namespace name 'NED' does not exist in the namespace 'Hrot' (are you missing an assembly reference?)
112>D:\Work\IOS-IG-SimHost-FDP-2\Hrot\Runner\Hrot.ClusterRunner.Integration.Tests\TimeControlIntegrationTests.cs(7,12,7,24): error CS0234: The type or namespace name 'Orchestrator' does not exist in the namespace 'Hrot' (are you missing an assembly reference?)
112>D:\Work\IOS-IG-SimHost-FDP-2\Hrot\Runner\Hrot.ClusterRunner.Integration.Tests\TimeControlIntegrationTests.cs(8,12,8,19): error CS0234: The type or namespace name 'SimHost' does not exist in the namespace 'Hrot' (are you missing an assembly reference?)
112>D:\Work\IOS-IG-SimHost-FDP-2\Hrot\Runner\Hrot.ClusterRunner.Integration.Tests\TimeControlIntegrationTests.cs(9,12,9,17): error CS0234: The type or namespace name 'ExCon' does not exist in the namespace 'Hrot' (are you missing an assembly reference?)
112>D:\Work\IOS-IG-SimHost-FDP-2\Hrot\Runner\Hrot.ClusterRunner.Integration.Tests\UrbanCombatFileLifecycleTests.cs(6,7,6,10): error CS0246: The type or namespace name 'Fdp' could not be found (are you missing a using directive or an assembly reference?)
112>D:\Work\IOS-IG-SimHost-FDP-2\Hrot\Runner\Hrot.ClusterRunner.Integration.Tests\UrbanCombatFileLifecycleTests.cs(7,7,7,10): error CS0246: The type or namespace name 'Fdp' could not be found (are you missing a using directive or an assembly reference?)
112>D:\Work\IOS-IG-SimHost-FDP-2\Hrot\Runner\Hrot.ClusterRunner.Integration.Tests\UrbanCombatFileLifecycleTests.cs(8,7,8,10): error CS0246: The type or namespace name 'Fdp' could not be found (are you missing a using directive or an assembly reference?)
112>D:\Work\IOS-IG-SimHost-FDP-2\Hrot\Runner\Hrot.ClusterRunner.Integration.Tests\UrbanCombatFileLifecycleTests.cs(9,7,9,10): error CS0246: The type or namespace name 'Fdp' could not be found (are you missing a using directive or an assembly reference?)
112>D:\Work\IOS-IG-SimHost-FDP-2\Hrot\Runner\Hrot.ClusterRunner.Integration.Tests\UrbanCombatFileLifecycleTests.cs(10,12,10,24): error CS0234: The type or namespace name 'Orchestrator' does not exist in the namespace 'Hrot' (are you missing an assembly reference?)
112>D:\Work\IOS-IG-SimHost-FDP-2\Hrot\Runner\Hrot.ClusterRunner.Integration.Tests\UrbanCombatFileLifecycleTests.cs(11,12,11,19): error CS0234: The type or namespace name 'SimHost' does not exist in the namespace 'Hrot' (are you missing an assembly reference?)
112>D:\Work\IOS-IG-SimHost-FDP-2\Hrot\Runner\Hrot.ClusterRunner.Integration.Tests\UrbanCombatFileLifecycleTests.cs(12,12,12,17): error CS0234: The type or namespace name 'ExCon' does not exist in the namespace 'Hrot' (are you missing an assembly reference?)
112>D:\Work\IOS-IG-SimHost-FDP-2\Hrot\Runner\Hrot.ClusterRunner.Integration.Tests\UrbanCombatFileLifecycleTests.cs(13,12,13,15): error CS0234: The type or namespace name 'Map' does not exist in the namespace 'Hrot' (are you missing an assembly reference?)
112>D:\Work\IOS-IG-SimHost-FDP-2\Hrot\Runner\Hrot.ClusterRunner.Integration.Tests\UrbanCombatFileLifecycleTests.cs(14,12,14,15): error CS0234: The type or namespace name 'Map' does not exist in the namespace 'Hrot' (are you missing an assembly reference?)
112>D:\Work\IOS-IG-SimHost-FDP-2\Hrot\Runner\Hrot.ClusterRunner.Integration.Tests\UrbanCombatFileLifecycleTests.cs(15,12,15,15): error CS0234: The type or namespace name 'NED' does not exist in the namespace 'Hrot' (are you missing an assembly reference?)
112>D:\Work\IOS-IG-SimHost-FDP-2\Hrot\Runner\Hrot.ClusterRunner.Integration.Tests\UrbanCombatFileLifecycleTests.cs(16,7,16,10): error CS0246: The type or namespace name 'Fdp' could not be found (are you missing a using directive or an assembly reference?)
112>D:\Work\IOS-IG-SimHost-FDP-2\Hrot\Runner\Hrot.ClusterRunner.Integration.Tests\ZombieEntityMapTests.cs(5,27,5,31): error CS0234: The type or namespace name 'Core' does not exist in the namespace 'Hrot' (are you missing an assembly reference?)
112>D:\Work\IOS-IG-SimHost-FDP-2\Hrot\Runner\Hrot.ClusterRunner.Integration.Tests\ZombieEntityMapTests.cs(3,12,3,15): error CS0234: The type or namespace name 'NED' does not exist in the namespace 'Hrot' (are you missing an assembly reference?)
112>D:\Work\IOS-IG-SimHost-FDP-2\Hrot\Runner\Hrot.ClusterRunner.Integration.Tests\ZombieEntityMapTests.cs(4,12,4,15): error CS0234: The type or namespace name 'NED' does not exist in the namespace 'Hrot' (are you missing an assembly reference?)
112>D:\Work\IOS-IG-SimHost-FDP-2\Hrot\Runner\Hrot.ClusterRunner.Integration.Tests\ZombieEntityMapTests.cs(6,12,6,15): error CS0234: The type or namespace name 'Map' does not exist in the namespace 'Hrot' (are you missing an assembly reference?)
112>D:\Work\IOS-IG-SimHost-FDP-2\Hrot\Runner\Hrot.ClusterRunner.Integration.Tests\ZombieEntityMapTests.cs(7,7,7,10): error CS0246: The type or namespace name 'Fdp' could not be found (are you missing a using directive or an assembly reference?)
112>D:\Work\IOS-IG-SimHost-FDP-2\Hrot\Runner\Hrot.ClusterRunner.Integration.Tests\ZombieEntityMapTests.cs(8,7,8,10): error CS0246: The type or namespace name 'Fdp' could not be found (are you missing a using directive or an assembly reference?)
112>D:\Work\IOS-IG-SimHost-FDP-2\Hrot\Runner\Hrot.ClusterRunner.Integration.Tests\ZombieEntityMapTests.cs(9,7,9,10): error CS0246: The type or namespace name 'Fdp' could not be found (are you missing a using directive or an assembly reference?)
112>D:\Work\IOS-IG-SimHost-FDP-2\Hrot\Runner\Hrot.ClusterRunner.Integration.Tests\ZombieEntityMapTests.cs(10,7,10,10): error CS0246: The type or namespace name 'Fdp' could not be found (are you missing a using directive or an assembly reference?)
112>D:\Work\IOS-IG-SimHost-FDP-2\Hrot\Runner\Hrot.ClusterRunner.Integration.Tests\ZombieEntityMapTests.cs(11,7,11,10): error CS0246: The type or namespace name 'Fdp' could not be found (are you missing a using directive or an assembly reference?)
112>D:\Work\IOS-IG-SimHost-FDP-2\Hrot\Runner\Hrot.ClusterRunner.Integration.Tests\ZoneScenarioLoadIntegrationTests.cs(5,7,5,15): error CS0246: The type or namespace name 'CarKinem' could not be found (are you missing a using directive or an assembly reference?)
112>D:\Work\IOS-IG-SimHost-FDP-2\Hrot\Runner\Hrot.ClusterRunner.Integration.Tests\ZoneScenarioLoadIntegrationTests.cs(6,7,6,10): error CS0246: The type or namespace name 'Fdp' could not be found (are you missing a using directive or an assembly reference?)
112>D:\Work\IOS-IG-SimHost-FDP-2\Hrot\Runner\Hrot.ClusterRunner.Integration.Tests\ZoneScenarioLoadIntegrationTests.cs(7,7,7,10): error CS0246: The type or namespace name 'Fdp' could not be found (are you missing a using directive or an assembly reference?)
112>D:\Work\IOS-IG-SimHost-FDP-2\Hrot\Runner\Hrot.ClusterRunner.Integration.Tests\ZoneScenarioLoadIntegrationTests.cs(8,12,8,15): error CS0234: The type or namespace name 'Map' does not exist in the namespace 'Hrot' (are you missing an assembly reference?)
112>D:\Work\IOS-IG-SimHost-FDP-2\Hrot\Runner\Hrot.ClusterRunner.Integration.Tests\ZoneScenarioLoadIntegrationTests.cs(9,12,9,15): error CS0234: The type or namespace name 'Map' does not exist in the namespace 'Hrot' (are you missing an assembly reference?)
112>D:\Work\IOS-IG-SimHost-FDP-2\Hrot\Runner\Hrot.ClusterRunner.Integration.Tests\AclBackdoorEliminationTests.cs(163,19,163,38): error CS0246: The type or namespace name 'CreateEntityRequest' could not be found (are you missing a using directive or an assembly reference?)
112>D:\Work\IOS-IG-SimHost-FDP-2\Hrot\Runner\Hrot.ClusterRunner.Integration.Tests\AclBackdoorEliminationTests.cs(164,13,164,32): error CS0246: The type or namespace name 'CreateEntityRequest' could not be found (are you missing a using directive or an assembly reference?)
112>D:\Work\IOS-IG-SimHost-FDP-2\Hrot\Runner\Hrot.ClusterRunner.Integration.Tests\AllSubsystemsSpawnMovingVehicleTests.cs(197,19,197,46): error CS0246: The type or namespace name 'CreateUpdateDeleteEntityAck' could not be found (are you missing a using directive or an assembly reference?)
112>D:\Work\IOS-IG-SimHost-FDP-2\Hrot\Runner\Hrot.ClusterRunner.Integration.Tests\AllSubsystemsSpawnMovingVehicleTests.cs(198,13,198,40): error CS0246: The type or namespace name 'CreateUpdateDeleteEntityAck' could not be found (are you missing a using directive or an assembly reference?)
112>D:\Work\IOS-IG-SimHost-FDP-2\Hrot\Runner\Hrot.ClusterRunner.Integration.Tests\AclBackdoorEliminationTests.cs(108,47,108,60): error CS0246: The type or namespace name 'IDdsWriter<>' could not be found (are you missing a using directive or an assembly reference?)
112>D:\Work\IOS-IG-SimHost-FDP-2\Hrot\Runner\Hrot.ClusterRunner.Integration.Tests\AllSubsystemsSpawnMovingVehicleTests.cs(220,20,220,32): error CS0246: The type or namespace name 'SimTransform' could not be found (are you missing a using directive or an assembly reference?)
112>D:\Work\IOS-IG-SimHost-FDP-2\Hrot\Runner\Hrot.ClusterRunner.Integration.Tests\BreakpointSubsystemWiringTests.cs(136,20,136,33): error CS0246: The type or namespace name 'WindowManager' could not be found (are you missing a using directive or an assembly reference?)
112>D:\Work\IOS-IG-SimHost-FDP-2\Hrot\Runner\Hrot.ClusterRunner.Integration.Tests\CgfHarness.cs(34,12,34,24): error CS0246: The type or namespace name 'CgfSubsystem' could not be found (are you missing a using directive or an assembly reference?)
112>D:\Work\IOS-IG-SimHost-FDP-2\Hrot\Runner\Hrot.ClusterRunner.Integration.Tests\EntityDestroyIntegrationTests.cs(72,48,72,64): error CS0246: The type or namespace name 'EntityRepository' could not be found (are you missing a using directive or an assembly reference?)
112>D:\Work\IOS-IG-SimHost-FDP-2\Hrot\Runner\Hrot.ClusterRunner.Integration.Tests\DragDropIntegrationTests.cs(237,20,237,32): error CS0246: The type or namespace name 'SimTransform' could not be found (are you missing a using directive or an assembly reference?)
112>D:\Work\IOS-IG-SimHost-FDP-2\Hrot\Runner\Hrot.ClusterRunner.Integration.Tests\ContextMenuIntegrationTests.cs(44,45,44,61): error CS0246: The type or namespace name 'EntityRepository' could not be found (are you missing a using directive or an assembly reference?)
112>D:\Work\IOS-IG-SimHost-FDP-2\Hrot\Runner\Hrot.ClusterRunner.Integration.Tests\ContextMenuIntegrationTests.cs(44,69,44,75): error CS0246: The type or namespace name 'Entity' could not be found (are you missing a using directive or an assembly reference?)
112>D:\Work\IOS-IG-SimHost-FDP-2\Hrot\Runner\Hrot.ClusterRunner.Integration.Tests\CgfHarness.cs(37,14,37,17): error CS0246: The type or namespace name 'Fdp' could not be found (are you missing a using directive or an assembly reference?)
112>D:\Work\IOS-IG-SimHost-FDP-2\Hrot\Runner\Hrot.ClusterRunner.Integration.Tests\CgfSubsystemHeadlessTests.cs(609,20,609,32): error CS0246: The type or namespace name 'SimTransform' could not be found (are you missing a using directive or an assembly reference?)
112>D:\Work\IOS-IG-SimHost-FDP-2\Hrot\Runner\Hrot.ClusterRunner.Integration.Tests\EntityDestroyIntegrationTests.cs(91,45,91,61): error CS0246: The type or namespace name 'EntityRepository' could not be found (are you missing a using directive or an assembly reference?)
112>D:\Work\IOS-IG-SimHost-FDP-2\Hrot\Runner\Hrot.ClusterRunner.Integration.Tests\EntityDestroyIntegrationTests.cs(91,89,91,95): error CS0246: The type or namespace name 'Entity' could not be found (are you missing a using directive or an assembly reference?)
112>D:\Work\IOS-IG-SimHost-FDP-2\Hrot\Runner\Hrot.ClusterRunner.Integration.Tests\EditorHarness.cs(60,12,60,28): error CS0246: The type or namespace name 'EntityRepository' could not be found (are you missing a using directive or an assembly reference?)
112>D:\Work\IOS-IG-SimHost-FDP-2\Hrot\Runner\Hrot.ClusterRunner.Integration.Tests\EyesAndMuscleIntegrationTests.cs(18,22,18,44): error CS0246: The type or namespace name 'EyesAndMuscleSubsystem' could not be found (are you missing a using directive or an assembly reference?)
112>D:\Work\IOS-IG-SimHost-FDP-2\Hrot\Runner\Hrot.ClusterRunner.Integration.Tests\EntityDestroyIntegrationTests.cs(172,50,172,66): error CS0246: The type or namespace name 'EntityRepository' could not be found (are you missing a using directive or an assembly reference?)
112>D:\Work\IOS-IG-SimHost-FDP-2\Hrot\Runner\Hrot.ClusterRunner.Integration.Tests\EditorHarness.cs(61,12,61,23): error CS0246: The type or namespace name 'FdpEventBus' could not be found (are you missing a using directive or an assembly reference?)
112>D:\Work\IOS-IG-SimHost-FDP-2\Hrot\Runner\Hrot.ClusterRunner.Integration.Tests\AreaAuthoringIntegrationTests.cs(140,19,140,38): error CS0246: The type or namespace name 'CreateEntityRequest' could not be found (are you missing a using directive or an assembly reference?)
112>D:\Work\IOS-IG-SimHost-FDP-2\Hrot\Runner\Hrot.ClusterRunner.Integration.Tests\AreaAuthoringIntegrationTests.cs(141,13,141,32): error CS0246: The type or namespace name 'CreateEntityRequest' could not be found (are you missing a using directive or an assembly reference?)
112>D:\Work\IOS-IG-SimHost-FDP-2\Hrot\Runner\Hrot.ClusterRunner.Integration.Tests\EditorHarness.cs(62,12,62,23): error CS0246: The type or namespace name 'FdpEventBus' could not be found (are you missing a using directive or an assembly reference?)
112>D:\Work\IOS-IG-SimHost-FDP-2\Hrot\Runner\Hrot.ClusterRunner.Integration.Tests\MockNetworkFactory.cs(21,37,21,52): error CS0246: The type or namespace name 'INetworkFactory' could not be found (are you missing a using directive or an assembly reference?)
112>D:\Work\IOS-IG-SimHost-FDP-2\Hrot\Runner\Hrot.ClusterRunner.Integration.Tests\EditorHarness.cs(63,12,63,28): error CS0246: The type or namespace name 'ModuleHostKernel' could not be found (are you missing a using directive or an assembly reference?)
112>D:\Work\IOS-IG-SimHost-FDP-2\Hrot\Runner\Hrot.ClusterRunner.Integration.Tests\EditorHarness.cs(64,12,64,28): error CS0246: The type or namespace name 'NetworkEntityMap' could not be found (are you missing a using directive or an assembly reference?)
112>D:\Work\IOS-IG-SimHost-FDP-2\Hrot\Runner\Hrot.ClusterRunner.Integration.Tests\AreaAuthoringIntegrationTests.cs(156,19,156,35): error CS0246: The type or namespace name 'MapVisualOverlay' could not be found (are you missing a using directive or an assembly reference?)
112>D:\Work\IOS-IG-SimHost-FDP-2\Hrot\Runner\Hrot.ClusterRunner.Integration.Tests\AreaAuthoringIntegrationTests.cs(158,13,158,29): error CS0246: The type or namespace name 'MapVisualOverlay' could not be found (are you missing a using directive or an assembly reference?)
112>D:\Work\IOS-IG-SimHost-FDP-2\Hrot\Runner\Hrot.ClusterRunner.Integration.Tests\AllSubsystemsClusterTransitionTests.cs(59,21,59,42): error CS0246: The type or namespace name 'SubsystemOrchestrator' could not be found (are you missing a using directive or an assembly reference?)
112>D:\Work\IOS-IG-SimHost-FDP-2\Hrot\Runner\Hrot.ClusterRunner.Integration.Tests\AllSubsystemsClusterTransitionTests.cs(59,57,59,78): error CS0246: The type or namespace name 'OrchestratorSubsystem' could not be found (are you missing a using directive or an assembly reference?)
112>D:\Work\IOS-IG-SimHost-FDP-2\Hrot\Runner\Hrot.ClusterRunner.Integration.Tests\AllSubsystemsClusterTransitionTests.cs(59,96,59,110): error CS0246: The type or namespace name 'ExConSubsystem' could not be found (are you missing a using directive or an assembly reference?)
112>D:\Work\IOS-IG-SimHost-FDP-2\Hrot\Runner\Hrot.ClusterRunner.Integration.Tests\EditorHarness.cs(65,12,65,24): error CS0246: The type or namespace name 'IEditorLogic' could not be found (are you missing a using directive or an assembly reference?)
112>D:\Work\IOS-IG-SimHost-FDP-2\Hrot\Runner\Hrot.ClusterRunner.Integration.Tests\AreaAuthoringIntegrationTests.cs(199,20,199,35): error CS0246: The type or namespace name 'MapOverlayStyle' could not be found (are you missing a using directive or an assembly reference?)
112>D:\Work\IOS-IG-SimHost-FDP-2\Hrot\Runner\Hrot.ClusterRunner.Integration.Tests\EditorHarness.cs(66,12,66,31): error CS0246: The type or namespace name 'ScenarioFileService' could not be found (are you missing a using directive or an assembly reference?)
112>D:\Work\IOS-IG-SimHost-FDP-2\Hrot\Runner\Hrot.ClusterRunner.Integration.Tests\AllSubsystemsClusterTransitionTests.cs(171,62,171,80): error CS0246: The type or namespace name 'ITestActionHandler' could not be found (are you missing a using directive or an assembly reference?)
112>D:\Work\IOS-IG-SimHost-FDP-2\Hrot\Runner\Hrot.ClusterRunner.Integration.Tests\EditorHarness.cs(67,12,67,30): error CS0246: The type or namespace name 'ZoneManagerService' could not be found (are you missing a using directive or an assembly reference?)
112>D:\Work\IOS-IG-SimHost-FDP-2\Hrot\Runner\Hrot.ClusterRunner.Integration.Tests\HsmBehaviorIntegrationTests.cs(23,24,23,40): error CS0246: The type or namespace name 'EntityRepository' could not be found (are you missing a using directive or an assembly reference?)
112>D:\Work\IOS-IG-SimHost-FDP-2\Hrot\Runner\Hrot.ClusterRunner.Integration.Tests\HrotRunnerHarness.cs(57,12,57,33): error CS0246: The type or namespace name 'SubsystemOrchestrator' could not be found (are you missing a using directive or an assembly reference?)
112>D:\Work\IOS-IG-SimHost-FDP-2\Hrot\Runner\Hrot.ClusterRunner.Integration.Tests\Eqs\AccurateLosPhaseTests.cs(91,13,91,19): error CS0246: The type or namespace name 'Entity' could not be found (are you missing a using directive or an assembly reference?)
112>D:\Work\IOS-IG-SimHost-FDP-2\Hrot\Runner\Hrot.ClusterRunner.Integration.Tests\EditorHarness.cs(68,12,68,30): error CS0246: The type or namespace name 'IPreviewController' could not be found (are you missing a using directive or an assembly reference?)
112>D:\Work\IOS-IG-SimHost-FDP-2\Hrot\Runner\Hrot.ClusterRunner.Integration.Tests\AreaAuthoringIntegrationTests.cs(227,47,227,68): error CS0246: The type or namespace name 'EntityDescriptorUnion' could not be found (are you missing a using directive or an assembly reference?)
112>D:\Work\IOS-IG-SimHost-FDP-2\Hrot\Runner\Hrot.ClusterRunner.Integration.Tests\HsmBehaviorIntegrationTests.cs(41,24,41,41): error CS0246: The type or namespace name 'HsmDefinitionBlob' could not be found (are you missing a using directive or an assembly reference?)
112>D:\Work\IOS-IG-SimHost-FDP-2\Hrot\Runner\Hrot.ClusterRunner.Integration.Tests\HrotRunnerHarness.cs(58,12,58,33): error CS0246: The type or namespace name 'OrchestratorSubsystem' could not be found (are you missing a using directive or an assembly reference?)
112>D:\Work\IOS-IG-SimHost-FDP-2\Hrot\Runner\Hrot.ClusterRunner.Integration.Tests\AllSubsystemsClusterTransitionTests.cs(173,26,173,39): error CS0246: The type or namespace name 'ClusterMaster' could not be found (are you missing a using directive or an assembly reference?)
112>D:\Work\IOS-IG-SimHost-FDP-2\Hrot\Runner\Hrot.ClusterRunner.Integration.Tests\EditorHarness.cs(230,50,230,60): error CS0246: The type or namespace name 'IEcsModule' could not be found (are you missing a using directive or an assembly reference?)
112>D:\Work\IOS-IG-SimHost-FDP-2\Hrot\Runner\Hrot.ClusterRunner.Integration.Tests\AreaAuthoringIntegrationTests.cs(239,54,239,75): error CS0246: The type or namespace name 'EntityDescriptorUnion' could not be found (are you missing a using directive or an assembly reference?)
112>D:\Work\IOS-IG-SimHost-FDP-2\Hrot\Runner\Hrot.ClusterRunner.Integration.Tests\HrotRunnerHarness.cs(59,12,59,28): error CS0246: The type or namespace name 'SimHostSubsystem' could not be found (are you missing a using directive or an assembly reference?)
112>D:\Work\IOS-IG-SimHost-FDP-2\Hrot\Runner\Hrot.ClusterRunner.Integration.Tests\Eqs\AccurateLosPhaseTests.cs(33,52,33,68): error CS0246: The type or namespace name 'IEcsModuleSystem' could not be found (are you missing a using directive or an assembly reference?)
112>D:\Work\IOS-IG-SimHost-FDP-2\Hrot\Runner\Hrot.ClusterRunner.Integration.Tests\AllSubsystemsClusterTransitionTests.cs(174,26,174,38): error CS0246: The type or namespace name 'ClusterSlave' could not be found (are you missing a using directive or an assembly reference?)
112>D:\Work\IOS-IG-SimHost-FDP-2\Hrot\Runner\Hrot.ClusterRunner.Integration.Tests\HsmBehaviorIntegrationTests.cs(63,49,63,66): error CS0246: The type or namespace name 'HsmDefinitionBlob' could not be found (are you missing a using directive or an assembly reference?)
112>D:\Work\IOS-IG-SimHost-FDP-2\Hrot\Runner\Hrot.ClusterRunner.Integration.Tests\HsmBehaviorIntegrationTests.cs(63,24,63,35): error CS0246: The type or namespace name 'BrainHsm128' could not be found (are you missing a using directive or an assembly reference?)
112>D:\Work\IOS-IG-SimHost-FDP-2\Hrot\Runner\Hrot.ClusterRunner.Integration.Tests\HrotRunnerHarness.cs(60,12,60,23): error CS0246: The type or namespace name 'IgSubsystem' could not be found (are you missing a using directive or an assembly reference?)
112>D:\Work\IOS-IG-SimHost-FDP-2\Hrot\Runner\Hrot.ClusterRunner.Integration.Tests\AreaAuthoringIntegrationTests.cs(267,55,267,76): error CS0246: The type or namespace name 'EntityDescriptorUnion' could not be found (are you missing a using directive or an assembly reference?)
112>D:\Work\IOS-IG-SimHost-FDP-2\Hrot\Runner\Hrot.ClusterRunner.Integration.Tests\EditorHarness.cs(52,13,52,33): error CS0246: The type or namespace name 'MasterSyncController' could not be found (are you missing a using directive or an assembly reference?)
112>D:\Work\IOS-IG-SimHost-FDP-2\Hrot\Runner\Hrot.ClusterRunner.Integration.Tests\Eqs\AccurateLosPhaseTests.cs(37,29,37,44): error CS0246: The type or namespace name 'ISimulationView' could not be found (are you missing a using directive or an assembly reference?)
112>D:\Work\IOS-IG-SimHost-FDP-2\Hrot\Runner\Hrot.ClusterRunner.Integration.Tests\HrotRunnerHarness.cs(61,12,61,26): error CS0246: The type or namespace name 'ExConSubsystem' could not be found (are you missing a using directive or an assembly reference?)
112>D:\Work\IOS-IG-SimHost-FDP-2\Hrot\Runner\Hrot.ClusterRunner.Integration.Tests\AreaAuthoringIntegrationTests.cs(279,52,279,73): error CS0246: The type or namespace name 'EntityDescriptorUnion' could not be found (are you missing a using directive or an assembly reference?)
112>D:\Work\IOS-IG-SimHost-FDP-2\Hrot\Runner\Hrot.ClusterRunner.Integration.Tests\EditorHarness.cs(54,13,54,32): error CS0246: The type or namespace name 'ScenarioFileService' could not be found (are you missing a using directive or an assembly reference?)
112>D:\Work\IOS-IG-SimHost-FDP-2\Hrot\Runner\Hrot.ClusterRunner.Integration.Tests\AllSubsystemsClusterTransitionTests.cs(178,50,178,63): error CS0246: The type or namespace name 'ClusterMaster' could not be found (are you missing a using directive or an assembly reference?)
112>D:\Work\IOS-IG-SimHost-FDP-2\Hrot\Runner\Hrot.ClusterRunner.Integration.Tests\AllSubsystemsClusterTransitionTests.cs(178,72,178,84): error CS0246: The type or namespace name 'ClusterSlave' could not be found (are you missing a using directive or an assembly reference?)
112>D:\Work\IOS-IG-SimHost-FDP-2\Hrot\Runner\Hrot.ClusterRunner.Integration.Tests\Eqs\AccurateLosPhaseTests.cs(59,54,59,74): error CS0246: The type or namespace name 'IEqsTemplateRegistry' could not be found (are you missing a using directive or an assembly reference?)
112>D:\Work\IOS-IG-SimHost-FDP-2\Hrot\Runner\Hrot.ClusterRunner.Integration.Tests\HrotRunnerHarness.cs(62,12,62,24): error CS0246: The type or namespace name 'CgfSubsystem' could not be found (are you missing a using directive or an assembly reference?)
112>D:\Work\IOS-IG-SimHost-FDP-2\Hrot\Runner\Hrot.ClusterRunner.Integration.Tests\OfflineEditorIntegrationTests.cs(23,47,23,78): error CS0246: The type or namespace name 'IDdsWriter<>' could not be found (are you missing a using directive or an assembly reference?)
112>D:\Work\IOS-IG-SimHost-FDP-2\Hrot\Runner\Hrot.ClusterRunner.Integration.Tests\OfflineEditorIntegrationTests.cs(23,58,23,77): error CS0246: The type or namespace name 'CreateEntityRequest' could not be found (are you missing a using directive or an assembly reference?)
112>D:\Work\IOS-IG-SimHost-FDP-2\Hrot\Runner\Hrot.ClusterRunner.Integration.Tests\EditorHarness.cs(55,13,55,31): error CS0246: The type or namespace name 'ZoneManagerService' could not be found (are you missing a using directive or an assembly reference?)
112>D:\Work\IOS-IG-SimHost-FDP-2\Hrot\Runner\Hrot.ClusterRunner.Integration.Tests\NetworkDemoPatrolAndEngageTests.cs(390,27,390,69): error CS0246: The type or namespace name 'Interpreter<,>' could not be found (are you missing a using directive or an assembly reference?)
112>D:\Work\IOS-IG-SimHost-FDP-2\Hrot\Runner\Hrot.ClusterRunner.Integration.Tests\NetworkDemoPatrolAndEngageTests.cs(390,39,390,54): error CS0246: The type or namespace name 'BrainBlackboard' could not be found (are you missing a using directive or an assembly reference?)
112>D:\Work\IOS-IG-SimHost-FDP-2\Hrot\Runner\Hrot.ClusterRunner.Integration.Tests\NetworkDemoPatrolAndEngageTests.cs(390,56,390,68): error CS0246: The type or namespace name 'BTreeContext' could not be found (are you missing a using directive or an assembly reference?)
112>D:\Work\IOS-IG-SimHost-FDP-2\Hrot\Runner\Hrot.ClusterRunner.Integration.Tests\HsmBehaviorIntegrationTests.cs(72,44,72,60): error CS0246: The type or namespace name 'EntityRepository' could not be found (are you missing a using directive or an assembly reference?)
112>D:\Work\IOS-IG-SimHost-FDP-2\Hrot\Runner\Hrot.ClusterRunner.Integration.Tests\HsmBehaviorIntegrationTests.cs(72,68,72,74): error CS0246: The type or namespace name 'Entity' could not be found (are you missing a using directive or an assembly reference?)
112>D:\Work\IOS-IG-SimHost-FDP-2\Hrot\Runner\Hrot.ClusterRunner.Integration.Tests\HsmBehaviorIntegrationTests.cs(72,78,72,86): error CS0246: The type or namespace name 'HsmEvent' could not be found (are you missing a using directive or an assembly reference?)
112>D:\Work\IOS-IG-SimHost-FDP-2\Hrot\Runner\Hrot.ClusterRunner.Integration.Tests\MapPlacementIntegrationTests.cs(95,37,95,53): error CS0246: The type or namespace name 'EntityRepository' could not be found (are you missing a using directive or an assembly reference?)
112>D:\Work\IOS-IG-SimHost-FDP-2\Hrot\Runner\Hrot.ClusterRunner.Integration.Tests\EditorHarness.cs(56,27,56,37): error CS0246: The type or namespace name 'IEcsModule' could not be found (are you missing a using directive or an assembly reference?)
112>D:\Work\IOS-IG-SimHost-FDP-2\Hrot\Runner\Hrot.ClusterRunner.Integration.Tests\FeatureSwitchRcuIntegrationTests.cs(29,47,29,78): error CS0246: The type or namespace name 'IDdsWriter<>' could not be found (are you missing a using directive or an assembly reference?)
112>D:\Work\IOS-IG-SimHost-FDP-2\Hrot\Runner\Hrot.ClusterRunner.Integration.Tests\FeatureSwitchRcuIntegrationTests.cs(29,58,29,77): error CS0246: The type or namespace name 'CreateEntityRequest' could not be found (are you missing a using directive or an assembly reference?)
112>D:\Work\IOS-IG-SimHost-FDP-2\Hrot\Runner\Hrot.ClusterRunner.Integration.Tests\Eqs\AccurateLosPhaseTests.cs(61,43,61,59): error CS0246: The type or namespace name 'EqsQueryTemplate' could not be found (are you missing a using directive or an assembly reference?)
112>D:\Work\IOS-IG-SimHost-FDP-2\Hrot\Runner\Hrot.ClusterRunner.Integration.Tests\OfflineEditorIntegrationTests.cs(26,27,26,46): error CS0246: The type or namespace name 'CreateEntityRequest' could not be found (are you missing a using directive or an assembly reference?)
112>D:\Work\IOS-IG-SimHost-FDP-2\Hrot\Runner\Hrot.ClusterRunner.Integration.Tests\SimTimeSyncIntegrationTests.cs(124,40,124,53): error CS0246: The type or namespace name 'ClusterOpType' could not be found (are you missing a using directive or an assembly reference?)
112>D:\Work\IOS-IG-SimHost-FDP-2\Hrot\Runner\Hrot.ClusterRunner.Integration.Tests\MapPlacementIntegrationTests.cs(108,51,108,59): error CS0246: The type or namespace name 'IDerRepo' could not be found (are you missing a using directive or an assembly reference?)
112>D:\Work\IOS-IG-SimHost-FDP-2\Hrot\Runner\Hrot.ClusterRunner.Integration.Tests\EditorHarness.cs(57,13,57,33): error CS0246: The type or namespace name 'PhysicsToolkitModule' could not be found (are you missing a using directive or an assembly reference?)
112>D:\Work\IOS-IG-SimHost-FDP-2\Hrot\Runner\Hrot.ClusterRunner.Integration.Tests\Eqs\AccurateLosPhaseTests.cs(62,30,62,46): error CS0246: The type or namespace name 'EqsQueryTemplate' could not be found (are you missing a using directive or an assembly reference?)
112>D:\Work\IOS-IG-SimHost-FDP-2\Hrot\Runner\Hrot.ClusterRunner.Integration.Tests\RunnerTestHelpers.cs(28,19,28,46): error CS0246: The type or namespace name 'CreateUpdateDeleteEntityAck' could not be found (are you missing a using directive or an assembly reference?)
112>D:\Work\IOS-IG-SimHost-FDP-2\Hrot\Runner\Hrot.ClusterRunner.Integration.Tests\RunnerTestHelpers.cs(30,13,30,40): error CS0246: The type or namespace name 'CreateUpdateDeleteEntityAck' could not be found (are you missing a using directive or an assembly reference?)
112>D:\Work\IOS-IG-SimHost-FDP-2\Hrot\Runner\Hrot.ClusterRunner.Integration.Tests\OfflineEditorIntegrationTests.cs(27,37,27,56): error CS0246: The type or namespace name 'CreateEntityRequest' could not be found (are you missing a using directive or an assembly reference?)
112>D:\Work\IOS-IG-SimHost-FDP-2\Hrot\Runner\Hrot.ClusterRunner.Integration.Tests\EditorHarness.cs(58,13,58,36): error CS0246: The type or namespace name 'PreviewClusterOpHandler' could not be found (are you missing a using directive or an assembly reference?)
112>D:\Work\IOS-IG-SimHost-FDP-2\Hrot\Runner\Hrot.ClusterRunner.Integration.Tests\Eqs\AccurateLosPhaseTests.cs(63,49,63,65): error CS0246: The type or namespace name 'EqsQueryTemplate' could not be found (are you missing a using directive or an assembly reference?)
112>D:\Work\IOS-IG-SimHost-FDP-2\Hrot\Runner\Hrot.ClusterRunner.Integration.Tests\MapPlacementIntegrationTests.cs(119,44,119,70): error CS0246: The type or namespace name 'IRequestTransactionManager' could not be found (are you missing a using directive or an assembly reference?)
112>D:\Work\IOS-IG-SimHost-FDP-2\Hrot\Runner\Hrot.ClusterRunner.Integration.Tests\FeatureSwitchRcuIntegrationTests.cs(32,27,32,46): error CS0246: The type or namespace name 'CreateEntityRequest' could not be found (are you missing a using directive or an assembly reference?)
112>D:\Work\IOS-IG-SimHost-FDP-2\Hrot\Runner\Hrot.ClusterRunner.Integration.Tests\MockNetworkFactory.cs(73,14,73,20): error CS0234: The type or namespace name 'Common' does not exist in the namespace 'Hrot' (are you missing an assembly reference?)
112>D:\Work\IOS-IG-SimHost-FDP-2\Hrot\Runner\Hrot.ClusterRunner.Integration.Tests\MockNetworkFactory.cs(74,14,74,20): error CS0234: The type or namespace name 'Common' does not exist in the namespace 'Hrot' (are you missing an assembly reference?)
112>D:\Work\IOS-IG-SimHost-FDP-2\Hrot\Runner\Hrot.ClusterRunner.Integration.Tests\MockNetworkFactory.cs(75,9,75,12): error CS0246: The type or namespace name 'Fdp' could not be found (are you missing a using directive or an assembly reference?)
112>D:\Work\IOS-IG-SimHost-FDP-2\Hrot\Runner\Hrot.ClusterRunner.Integration.Tests\MockNetworkFactory.cs(72,12,72,27): error CS0246: The type or namespace name 'INetworkFactory' could not be found (are you missing a using directive or an assembly reference?)
112>D:\Work\IOS-IG-SimHost-FDP-2\Hrot\Runner\Hrot.ClusterRunner.Integration.Tests\EditorHarness.cs(118,26,118,42): error CS0246: The type or namespace name 'IEcsModuleSystem' could not be found (are you missing a using directive or an assembly reference?)
112>D:\Work\IOS-IG-SimHost-FDP-2\Hrot\Runner\Hrot.ClusterRunner.Integration.Tests\SimTimeSyncIntegrationTests.cs(48,22,48,43): error CS0246: The type or namespace name 'OrchestratorSubsystem' could not be found (are you missing a using directive or an assembly reference?)
112>D:\Work\IOS-IG-SimHost-FDP-2\Hrot\Runner\Hrot.ClusterRunner.Integration.Tests\FeatureSwitchRcuIntegrationTests.cs(33,37,33,56): error CS0246: The type or namespace name 'CreateEntityRequest' could not be found (are you missing a using directive or an assembly reference?)
112>D:\Work\IOS-IG-SimHost-FDP-2\Hrot\Runner\Hrot.ClusterRunner.Integration.Tests\MapPlacementIntegrationTests.cs(128,19,128,38): error CS0246: The type or namespace name 'CreateEntityRequest' could not be found (are you missing a using directive or an assembly reference?)
112>D:\Work\IOS-IG-SimHost-FDP-2\Hrot\Runner\Hrot.ClusterRunner.Integration.Tests\MapPlacementIntegrationTests.cs(129,13,129,32): error CS0246: The type or namespace name 'CreateEntityRequest' could not be found (are you missing a using directive or an assembly reference?)
112>D:\Work\IOS-IG-SimHost-FDP-2\Hrot\Runner\Hrot.ClusterRunner.Integration.Tests\SimTimeSyncIntegrationTests.cs(49,22,49,38): error CS0246: The type or namespace name 'SimHostSubsystem' could not be found (are you missing a using directive or an assembly reference?)
112>D:\Work\IOS-IG-SimHost-FDP-2\Hrot\Runner\Hrot.ClusterRunner.Integration.Tests\Systems\MovingEntitySystem.cs(19,44,19,60): error CS0246: The type or namespace name 'IEcsModuleSystem' could not be found (are you missing a using directive or an assembly reference?)
112>D:\Work\IOS-IG-SimHost-FDP-2\Hrot\Runner\Hrot.ClusterRunner.Integration.Tests\EditorHarness.cs(72,50,72,69): error CS0246: The type or namespace name 'INetworkIdAllocator' could not be found (are you missing a using directive or an assembly reference?)
112>D:\Work\IOS-IG-SimHost-FDP-2\Hrot\Runner\Hrot.ClusterRunner.Integration.Tests\TimeControlIntegrationTests.cs(60,40,60,53): error CS0246: The type or namespace name 'ClusterOpType' could not be found (are you missing a using directive or an assembly reference?)
112>D:\Work\IOS-IG-SimHost-FDP-2\Hrot\Runner\Hrot.ClusterRunner.Integration.Tests\MockNetworkFactory.cs(82,14,82,20): error CS0234: The type or namespace name 'Common' does not exist in the namespace 'Hrot' (are you missing an assembly reference?)
112>D:\Work\IOS-IG-SimHost-FDP-2\Hrot\Runner\Hrot.ClusterRunner.Integration.Tests\MockNetworkFactory.cs(79,12,79,27): error CS0246: The type or namespace name 'INetworkFactory' could not be found (are you missing a using directive or an assembly reference?)
112>D:\Work\IOS-IG-SimHost-FDP-2\Hrot\Runner\Hrot.ClusterRunner.Integration.Tests\SpawnMovingVehicleWithGatewayIntegrationTests.cs(138,19,138,46): error CS0246: The type or namespace name 'CreateUpdateDeleteEntityAck' could not be found (are you missing a using directive or an assembly reference?)
112>D:\Work\IOS-IG-SimHost-FDP-2\Hrot\Runner\Hrot.ClusterRunner.Integration.Tests\SpawnMovingVehicleWithGatewayIntegrationTests.cs(139,13,139,40): error CS0246: The type or namespace name 'CreateUpdateDeleteEntityAck' could not be found (are you missing a using directive or an assembly reference?)
112>D:\Work\IOS-IG-SimHost-FDP-2\Hrot\Runner\Hrot.ClusterRunner.Integration.Tests\MiniExConIntegrationTests.cs(68,19,68,38): error CS0246: The type or namespace name 'CreateEntityRequest' could not be found (are you missing a using directive or an assembly reference?)
112>D:\Work\IOS-IG-SimHost-FDP-2\Hrot\Runner\Hrot.ClusterRunner.Integration.Tests\MiniExConIntegrationTests.cs(69,13,69,32): error CS0246: The type or namespace name 'CreateEntityRequest' could not be found (are you missing a using directive or an assembly reference?)
112>D:\Work\IOS-IG-SimHost-FDP-2\Hrot\Runner\Hrot.ClusterRunner.Integration.Tests\SimTimeSyncIntegrationTests.cs(50,22,50,33): error CS0246: The type or namespace name 'IgSubsystem' could not be found (are you missing a using directive or an assembly reference?)
112>D:\Work\IOS-IG-SimHost-FDP-2\Hrot\Runner\Hrot.ClusterRunner.Integration.Tests\MapPlacementIntegrationTests.cs(143,53,143,69): error CS0246: The type or namespace name 'EntityRepository' could not be found (are you missing a using directive or an assembly reference?)
112>D:\Work\IOS-IG-SimHost-FDP-2\Hrot\Runner\Hrot.ClusterRunner.Integration.Tests\FeatureSwitchRcuIntegrationTests.cs(41,42,41,52): error CS0246: The type or namespace name 'IEcsModule' could not be found (are you missing a using directive or an assembly reference?)
112>D:\Work\IOS-IG-SimHost-FDP-2\Hrot\Runner\Hrot.ClusterRunner.Integration.Tests\EditorHarness.cs(84,52,84,70): error CS0246: The type or namespace name 'IPreviewController' could not be found (are you missing a using directive or an assembly reference?)
112>D:\Work\IOS-IG-SimHost-FDP-2\Hrot\Runner\Hrot.ClusterRunner.Integration.Tests\Systems\MovingEntitySystem.cs(21,13,21,24): error CS0246: The type or namespace name 'EntityQuery' could not be found (are you missing a using directive or an assembly reference?)
112>D:\Work\IOS-IG-SimHost-FDP-2\Hrot\Runner\Hrot.ClusterRunner.Integration.Tests\SimTimeSyncIntegrationTests.cs(51,22,51,36): error CS0246: The type or namespace name 'ExConSubsystem' could not be found (are you missing a using directive or an assembly reference?)
112>D:\Work\IOS-IG-SimHost-FDP-2\Hrot\Runner\Hrot.ClusterRunner.Integration.Tests\MockNetworkFactory.cs(24,12,24,30): error CS0246: The type or namespace name 'IReplicationModule' could not be found (are you missing a using directive or an assembly reference?)
112>D:\Work\IOS-IG-SimHost-FDP-2\Hrot\Runner\Hrot.ClusterRunner.Integration.Tests\MapPlacementIntegrationTests.cs(156,41,156,49): error CS0246: The type or namespace name 'IDerRepo' could not be found (are you missing a using directive or an assembly reference?)
112>D:\Work\IOS-IG-SimHost-FDP-2\Hrot\Runner\Hrot.ClusterRunner.Integration.Tests\TimeControlIntegrationTests.cs(39,22,39,35): error CS0246: The type or namespace name 'ClusterMaster' could not be found (are you missing a using directive or an assembly reference?)
112>D:\Work\IOS-IG-SimHost-FDP-2\Hrot\Runner\Hrot.ClusterRunner.Integration.Tests\SimTimeSyncIntegrationTests.cs(52,22,52,35): error CS0246: The type or namespace name 'ClusterMaster' could not be found (are you missing a using directive or an assembly reference?)
112>D:\Work\IOS-IG-SimHost-FDP-2\Hrot\Runner\Hrot.ClusterRunner.Integration.Tests\Systems\MovingEntitySystem.cs(23,25,23,40): error CS0246: The type or namespace name 'ISimulationView' could not be found (are you missing a using directive or an assembly reference?)
112>D:\Work\IOS-IG-SimHost-FDP-2\Hrot\Runner\Hrot.ClusterRunner.Integration.Tests\SpawnMovingVehicleWithGatewayIntegrationTests.cs(154,19,154,38): error CS0246: The type or namespace name 'CreateEntityRequest' could not be found (are you missing a using directive or an assembly reference?)
112>D:\Work\IOS-IG-SimHost-FDP-2\Hrot\Runner\Hrot.ClusterRunner.Integration.Tests\SpawnMovingVehicleWithGatewayIntegrationTests.cs(155,13,155,32): error CS0246: The type or namespace name 'CreateEntityRequest' could not be found (are you missing a using directive or an assembly reference?)
112>D:\Work\IOS-IG-SimHost-FDP-2\Hrot\Runner\Hrot.ClusterRunner.Integration.Tests\MiniExConIntegrationTests.cs(83,45,83,61): error CS0246: The type or namespace name 'EntityRepository' could not be found (are you missing a using directive or an assembly reference?)
112>D:\Work\IOS-IG-SimHost-FDP-2\Hrot\Runner\Hrot.ClusterRunner.Integration.Tests\MiniExConIntegrationTests.cs(83,89,83,95): error CS0246: The type or namespace name 'Entity' could not be found (are you missing a using directive or an assembly reference?)
112>D:\Work\IOS-IG-SimHost-FDP-2\Hrot\Runner\Hrot.ClusterRunner.Integration.Tests\EditorHarness.cs(86,26,86,49): error CS0246: The type or namespace name 'PreviewClusterOpHandler' could not be found (are you missing a using directive or an assembly reference?)
112>D:\Work\IOS-IG-SimHost-FDP-2\Hrot\Runner\Hrot.ClusterRunner.Integration.Tests\MockNetworkFactory.cs(27,12,27,27): error CS0246: The type or namespace name 'ICommandGateway' could not be found (are you missing a using directive or an assembly reference?)
112>D:\Work\IOS-IG-SimHost-FDP-2\Hrot\Runner\Hrot.ClusterRunner.Integration.Tests\SimTimeSyncIntegrationTests.cs(55,27,55,29): error CS0234: The type or namespace name 'IG' does not exist in the namespace 'Hrot' (are you missing an assembly reference?)
112>D:\Work\IOS-IG-SimHost-FDP-2\Hrot\Runner\Hrot.ClusterRunner.Integration.Tests\MapPlacementIntegrationTests.cs(165,66,165,87): error CS0246: The type or namespace name 'EntityDescriptorUnion' could not be found (are you missing a using directive or an assembly reference?)
112>D:\Work\IOS-IG-SimHost-FDP-2\Hrot\Runner\Hrot.ClusterRunner.Integration.Tests\TimeControlIntegrationTests.cs(40,22,40,38): error CS0246: The type or namespace name 'SimHostSubsystem' could not be found (are you missing a using directive or an assembly reference?)
112>D:\Work\IOS-IG-SimHost-FDP-2\Hrot\Runner\Hrot.ClusterRunner.Integration.Tests\FeatureSwitchRcuIntegrationTests.cs(43,26,43,60): error CS0246: The type or namespace name 'SpawnEntityCommandEgressTranslator' could not be found (are you missing a using directive or an assembly reference?)
112>D:\Work\IOS-IG-SimHost-FDP-2\Hrot\Runner\Hrot.ClusterRunner.Integration.Tests\EditorHarness.cs(87,26,87,46): error CS0246: The type or namespace name 'MasterSyncController' could not be found (are you missing a using directive or an assembly reference?)
112>D:\Work\IOS-IG-SimHost-FDP-2\Hrot\Runner\Hrot.ClusterRunner.Integration.Tests\SpawnMovingVehicleWithGatewayIntegrationTests.cs(178,20,178,32): error CS0246: The type or namespace name 'SimTransform' could not be found (are you missing a using directive or an assembly reference?)
112>D:\Work\IOS-IG-SimHost-FDP-2\Hrot\Runner\Hrot.ClusterRunner.Integration.Tests\MockNetworkFactory.cs(30,12,30,31): error CS0246: The type or namespace name 'IExConEgressWriters' could not be found (are you missing a using directive or an assembly reference?)
112>D:\Work\IOS-IG-SimHost-FDP-2\Hrot\Runner\Hrot.ClusterRunner.Integration.Tests\TimeControlIntegrationTests.cs(41,22,41,43): error CS0246: The type or namespace name 'OrchestratorSubsystem' could not be found (are you missing a using directive or an assembly reference?)
112>D:\Work\IOS-IG-SimHost-FDP-2\Hrot\Runner\Hrot.ClusterRunner.Integration.Tests\MapPlacementIntegrationTests.cs(196,47,196,68): error CS0246: The type or namespace name 'EntityDescriptorUnion' could not be found (are you missing a using directive or an assembly reference?)
112>D:\Work\IOS-IG-SimHost-FDP-2\Hrot\Runner\Hrot.ClusterRunner.Integration.Tests\MiniExConIntegrationTests.cs(102,9,102,25): error CS0246: The type or namespace name 'EntityRepository' could not be found (are you missing a using directive or an assembly reference?)
112>D:\Work\IOS-IG-SimHost-FDP-2\Hrot\Runner\Hrot.ClusterRunner.Integration.Tests\MiniExConIntegrationTests.cs(104,9,104,24): error CS0246: The type or namespace name 'EntityLifecycle' could not be found (are you missing a using directive or an assembly reference?)
112>D:\Work\IOS-IG-SimHost-FDP-2\Hrot\Runner\Hrot.ClusterRunner.Integration.Tests\FeatureSwitchRcuIntegrationTests.cs(46,16,46,31): error CS0246: The type or namespace name 'ExecutionPolicy' could not be found (are you missing a using directive or an assembly reference?)
112>D:\Work\IOS-IG-SimHost-FDP-2\Hrot\Runner\Hrot.ClusterRunner.Integration.Tests\EditorHarness.cs(91,13,91,33): error CS0246: The type or namespace name 'MasterSyncController' could not be found (are you missing a using directive or an assembly reference?)
112>D:\Work\IOS-IG-SimHost-FDP-2\Hrot\Runner\Hrot.ClusterRunner.Integration.Tests\EditorHarness.cs(92,13,92,36): error CS0246: The type or namespace name 'PreviewClusterOpHandler' could not be found (are you missing a using directive or an assembly reference?)
112>D:\Work\IOS-IG-SimHost-FDP-2\Hrot\Runner\Hrot.ClusterRunner.Integration.Tests\MockNetworkFactory.cs(33,12,33,31): error CS0246: The type or namespace name 'ITimeControlGateway' could not be found (are you missing a using directive or an assembly reference?)
112>D:\Work\IOS-IG-SimHost-FDP-2\Hrot\Runner\Hrot.ClusterRunner.Integration.Tests\Eqs\EqsCombatNodesTests.cs(27,22,27,38): error CS0246: The type or namespace name 'EntityRepository' could not be found (are you missing a using directive or an assembly reference?)
112>D:\Work\IOS-IG-SimHost-FDP-2\Hrot\Runner\Hrot.ClusterRunner.Integration.Tests\Eqs\EqsDistributedTests.cs(31,54,31,74): error CS0246: The type or namespace name 'IEqsTemplateRegistry' could not be found (are you missing a using directive or an assembly reference?)
112>D:\Work\IOS-IG-SimHost-FDP-2\Hrot\Runner\Hrot.ClusterRunner.Integration.Tests\Eqs\EqsChildSensorActionTests.cs(67,36,67,42): error CS0246: The type or namespace name 'Entity' could not be found (are you missing a using directive or an assembly reference?)
112>D:\Work\IOS-IG-SimHost-FDP-2\Hrot\Runner\Hrot.ClusterRunner.Integration.Tests\Eqs\EqsChildSensorActionTests.cs(67,13,67,19): error CS0246: The type or namespace name 'Entity' could not be found (are you missing a using directive or an assembly reference?)
112>D:\Work\IOS-IG-SimHost-FDP-2\Hrot\Runner\Hrot.ClusterRunner.Integration.Tests\MiniExConIntegrationTests.cs(123,47,123,68): error CS0246: The type or namespace name 'EntityDescriptorUnion' could not be found (are you missing a using directive or an assembly reference?)
112>D:\Work\IOS-IG-SimHost-FDP-2\Hrot\Runner\Hrot.ClusterRunner.Integration.Tests\EditorHarness.cs(280,51,280,61): error CS0246: The type or namespace name 'IEcsModule' could not be found (are you missing a using directive or an assembly reference?)
112>D:\Work\IOS-IG-SimHost-FDP-2\Hrot\Runner\Hrot.ClusterRunner.Integration.Tests\MockNetworkFactory.cs(36,12,36,33): error CS0246: The type or namespace name 'ISimHostMissionSender' could not be found (are you missing a using directive or an assembly reference?)
112>D:\Work\IOS-IG-SimHost-FDP-2\Hrot\Runner\Hrot.ClusterRunner.Integration.Tests\FeatureSwitchRcuIntegrationTests.cs(48,30,48,64): error CS0246: The type or namespace name 'SpawnEntityCommandEgressTranslator' could not be found (are you missing a using directive or an assembly reference?)
112>D:\Work\IOS-IG-SimHost-FDP-2\Hrot\Runner\Hrot.ClusterRunner.Integration.Tests\Eqs\EqsDistributedTests.cs(33,43,33,59): error CS0246: The type or namespace name 'EqsQueryTemplate' could not be found (are you missing a using directive or an assembly reference?)
112>D:\Work\IOS-IG-SimHost-FDP-2\Hrot\Runner\Hrot.ClusterRunner.Integration.Tests\Eqs\EqsCombatNodesTests.cs(28,22,28,28): error CS0246: The type or namespace name 'Entity' could not be found (are you missing a using directive or an assembly reference?)
112>D:\Work\IOS-IG-SimHost-FDP-2\Hrot\Runner\Hrot.ClusterRunner.Integration.Tests\MiniExConIntegrationTests.cs(135,66,135,87): error CS0246: The type or namespace name 'EntityDescriptorUnion' could not be found (are you missing a using directive or an assembly reference?)
112>D:\Work\IOS-IG-SimHost-FDP-2\Hrot\Runner\Hrot.ClusterRunner.Integration.Tests\Eqs\EqsChildSensorActionTests.cs(79,37,79,43): error CS0246: The type or namespace name 'Entity' could not be found (are you missing a using directive or an assembly reference?)
112>D:\Work\IOS-IG-SimHost-FDP-2\Hrot\Runner\Hrot.ClusterRunner.Integration.Tests\Eqs\EqsContextSlotTests.cs(53,54,53,74): error CS0246: The type or namespace name 'IEqsTemplateRegistry' could not be found (are you missing a using directive or an assembly reference?)
112>D:\Work\IOS-IG-SimHost-FDP-2\Hrot\Runner\Hrot.ClusterRunner.Integration.Tests\MockNetworkFactory.cs(39,12,39,40): error CS0246: The type or namespace name 'ISimHostAuxiliaryTranslators' could not be found (are you missing a using directive or an assembly reference?)
112>D:\Work\IOS-IG-SimHost-FDP-2\Hrot\Runner\Hrot.ClusterRunner.Integration.Tests\EditorHarness.cs(282,38,282,54): error CS0246: The type or namespace name 'IEcsModuleSystem' could not be found (are you missing a using directive or an assembly reference?)
112>D:\Work\IOS-IG-SimHost-FDP-2\Hrot\Runner\Hrot.ClusterRunner.Integration.Tests\Eqs\EqsDistributedTests.cs(34,30,34,46): error CS0246: The type or namespace name 'EqsQueryTemplate' could not be found (are you missing a using directive or an assembly reference?)
112>D:\Work\IOS-IG-SimHost-FDP-2\Hrot\Runner\Hrot.ClusterRunner.Integration.Tests\FeatureSwitchRcuIntegrationTests.cs(53,26,53,41): error CS0246: The type or namespace name 'ISimulationView' could not be found (are you missing a using directive or an assembly reference?)
112>D:\Work\IOS-IG-SimHost-FDP-2\Hrot\Runner\Hrot.ClusterRunner.Integration.Tests\Eqs\EqsChildSensorActionTests.cs(93,40,93,46): error CS0246: The type or namespace name 'Entity' could not be found (are you missing a using directive or an assembly reference?)
112>D:\Work\IOS-IG-SimHost-FDP-2\Hrot\Runner\Hrot.ClusterRunner.Integration.Tests\Eqs\EqsLastUpdateTimeTests.cs(19,22,19,38): error CS0246: The type or namespace name 'EntityRepository' could not be found (are you missing a using directive or an assembly reference?)
112>D:\Work\IOS-IG-SimHost-FDP-2\Hrot\Runner\Hrot.ClusterRunner.Integration.Tests\EditorHarness.cs(283,38,283,54): error CS0246: The type or namespace name 'IEcsModuleSystem' could not be found (are you missing a using directive or an assembly reference?)
112>D:\Work\IOS-IG-SimHost-FDP-2\Hrot\Runner\Hrot.ClusterRunner.Integration.Tests\Eqs\EqsContextSlotTests.cs(55,43,55,59): error CS0246: The type or namespace name 'EqsQueryTemplate' could not be found (are you missing a using directive or an assembly reference?)
112>D:\Work\IOS-IG-SimHost-FDP-2\Hrot\Runner\Hrot.ClusterRunner.Integration.Tests\Eqs\EqsDistributedTests.cs(35,49,35,65): error CS0246: The type or namespace name 'EqsQueryTemplate' could not be found (are you missing a using directive or an assembly reference?)
112>D:\Work\IOS-IG-SimHost-FDP-2\Hrot\Runner\Hrot.ClusterRunner.Integration.Tests\Eqs\EqsChildSensorActionTests.cs(97,13,97,27): error CS0246: The type or namespace name 'EqsSpawnParams' could not be found (are you missing a using directive or an assembly reference?)
112>D:\Work\IOS-IG-SimHost-FDP-2\Hrot\Runner\Hrot.ClusterRunner.Integration.Tests\MiniExConIntegrationTests.cs(261,19,261,48): error CS0246: The type or namespace name 'UpdateEntityDescriptorRequest' could not be found (are you missing a using directive or an assembly reference?)
112>D:\Work\IOS-IG-SimHost-FDP-2\Hrot\Runner\Hrot.ClusterRunner.Integration.Tests\MiniExConIntegrationTests.cs(263,13,263,42): error CS0246: The type or namespace name 'UpdateEntityDescriptorRequest' could not be found (are you missing a using directive or an assembly reference?)
112>D:\Work\IOS-IG-SimHost-FDP-2\Hrot\Runner\Hrot.ClusterRunner.Integration.Tests\Eqs\EqsContextSlotTests.cs(56,30,56,46): error CS0246: The type or namespace name 'EqsQueryTemplate' could not be found (are you missing a using directive or an assembly reference?)
112>D:\Work\IOS-IG-SimHost-FDP-2\Hrot\Runner\Hrot.ClusterRunner.Integration.Tests\EditorHarness.cs(286,16,286,31): error CS0246: The type or namespace name 'ExecutionPolicy' could not be found (are you missing a using directive or an assembly reference?)
112>D:\Work\IOS-IG-SimHost-FDP-2\Hrot\Runner\Hrot.ClusterRunner.Integration.Tests\Eqs\EqsDistributedTests.cs(40,55,40,68): error CS0246: The type or namespace name 'IEqsGenerator' could not be found (are you missing a using directive or an assembly reference?)
112>D:\Work\IOS-IG-SimHost-FDP-2\Hrot\Runner\Hrot.ClusterRunner.Integration.Tests\Eqs\EqsLastUpdateTimeTests.cs(20,22,20,43): error CS0246: The type or namespace name 'EqsResultUpdateSystem' could not be found (are you missing a using directive or an assembly reference?)
112>D:\Work\IOS-IG-SimHost-FDP-2\Hrot\Runner\Hrot.ClusterRunner.Integration.Tests\Eqs\EqsLifecycleNodesTests.cs(22,22,22,38): error CS0246: The type or namespace name 'EntityRepository' could not be found (are you missing a using directive or an assembly reference?)
112>D:\Work\IOS-IG-SimHost-FDP-2\Hrot\Runner\Hrot.ClusterRunner.Integration.Tests\MockNetworkFactory.cs(42,79,42,87): error CS0246: The type or namespace name 'CarKinem' could not be found (are you missing a using directive or an assembly reference?)
112>D:\Work\IOS-IG-SimHost-FDP-2\Hrot\Runner\Hrot.ClusterRunner.Integration.Tests\MockNetworkFactory.cs(42,12,42,42): error CS0246: The type or namespace name 'ISimHostPathfindingTranslators' could not be found (are you missing a using directive or an assembly reference?)
112>D:\Work\IOS-IG-SimHost-FDP-2\Hrot\Runner\Hrot.ClusterRunner.Integration.Tests\Eqs\EqsContextSlotTests.cs(57,49,57,65): error CS0246: The type or namespace name 'EqsQueryTemplate' could not be found (are you missing a using directive or an assembly reference?)
112>D:\Work\IOS-IG-SimHost-FDP-2\Hrot\Runner\Hrot.ClusterRunner.Integration.Tests\Eqs\EqsLifecycleNodesTests.cs(23,22,23,28): error CS0246: The type or namespace name 'Entity' could not be found (are you missing a using directive or an assembly reference?)
112>D:\Work\IOS-IG-SimHost-FDP-2\Hrot\Runner\Hrot.ClusterRunner.Integration.Tests\Eqs\EqsFlagsMeaningfulTests.cs(27,52,27,63): error CS0246: The type or namespace name 'ILosService' could not be found (are you missing a using directive or an assembly reference?)
112>D:\Work\IOS-IG-SimHost-FDP-2\Hrot\Runner\Hrot.ClusterRunner.Integration.Tests\EditorHarness.cs(289,25,289,41): error CS0246: The type or namespace name 'IEcsModuleSystem' could not be found (are you missing a using directive or an assembly reference?)
112>D:\Work\IOS-IG-SimHost-FDP-2\Hrot\Runner\Hrot.ClusterRunner.Integration.Tests\EditorHarness.cs(290,25,290,41): error CS0246: The type or namespace name 'IEcsModuleSystem' could not be found (are you missing a using directive or an assembly reference?)
112>D:\Work\IOS-IG-SimHost-FDP-2\Hrot\Runner\Hrot.ClusterRunner.Integration.Tests\Eqs\EqsChildSensorActionTests.cs(37,22,37,38): error CS0246: The type or namespace name 'EntityRepository' could not be found (are you missing a using directive or an assembly reference?)
112>D:\Work\IOS-IG-SimHost-FDP-2\Hrot\Runner\Hrot.ClusterRunner.Integration.Tests\Eqs\EqsContextSlotTests.cs(62,54,62,65): error CS0246: The type or namespace name 'ILosService' could not be found (are you missing a using directive or an assembly reference?)
112>D:\Work\IOS-IG-SimHost-FDP-2\Hrot\Runner\Hrot.ClusterRunner.Integration.Tests\MiniExConIntegrationTests.cs(281,19,281,44): error CS0246: The type or namespace name 'UpdateEntityDescriptorAck' could not be found (are you missing a using directive or an assembly reference?)
112>D:\Work\IOS-IG-SimHost-FDP-2\Hrot\Runner\Hrot.ClusterRunner.Integration.Tests\MiniExConIntegrationTests.cs(283,13,283,38): error CS0246: The type or namespace name 'UpdateEntityDescriptorAck' could not be found (are you missing a using directive or an assembly reference?)
112>D:\Work\IOS-IG-SimHost-FDP-2\Hrot\Runner\Hrot.ClusterRunner.Integration.Tests\SpawnMovingVehicleIntegrationTests.cs(290,20,290,32): error CS0246: The type or namespace name 'SimTransform' could not be found (are you missing a using directive or an assembly reference?)
112>D:\Work\IOS-IG-SimHost-FDP-2\Hrot\Runner\Hrot.ClusterRunner.Integration.Tests\EditorHarness.cs(296,37,296,52): error CS0246: The type or namespace name 'ISystemRegistry' could not be found (are you missing a using directive or an assembly reference?)
112>D:\Work\IOS-IG-SimHost-FDP-2\Hrot\Runner\Hrot.ClusterRunner.Integration.Tests\Eqs\EqsFlagsMeaningfulTests.cs(34,54,34,74): error CS0246: The type or namespace name 'IEqsTemplateRegistry' could not be found (are you missing a using directive or an assembly reference?)
112>D:\Work\IOS-IG-SimHost-FDP-2\Hrot\Runner\Hrot.ClusterRunner.Integration.Tests\MiniExConIntegrationTests.cs(301,9,301,25): error CS0246: The type or namespace name 'EntityRepository' could not be found (are you missing a using directive or an assembly reference?)
112>D:\Work\IOS-IG-SimHost-FDP-2\Hrot\Runner\Hrot.ClusterRunner.Integration.Tests\Eqs\EqsMultiLevelProofTests.cs(66,31,66,45): error CS0246: The type or namespace name 'ICoverProvider' could not be found (are you missing a using directive or an assembly reference?)
112>D:\Work\IOS-IG-SimHost-FDP-2\Hrot\Runner\Hrot.ClusterRunner.Integration.Tests\Eqs\EqsMultiLevelProofTests.cs(66,60,66,69): error CS0246: The type or namespace name 'EqsResult' could not be found (are you missing a using directive or an assembly reference?)
112>D:\Work\IOS-IG-SimHost-FDP-2\Hrot\Runner\Hrot.ClusterRunner.Integration.Tests\EditorHarness.cs(312,26,312,41): error CS0246: The type or namespace name 'ISimulationView' could not be found (are you missing a using directive or an assembly reference?)
112>D:\Work\IOS-IG-SimHost-FDP-2\Hrot\Runner\Hrot.ClusterRunner.Integration.Tests\Eqs\EqsMultiTemplateTests.cs(35,54,35,74): error CS0246: The type or namespace name 'IEqsTemplateRegistry' could not be found (are you missing a using directive or an assembly reference?)
112>D:\Work\IOS-IG-SimHost-FDP-2\Hrot\Runner\Hrot.ClusterRunner.Integration.Tests\Eqs\EqsContextSlotTests.cs(76,61,76,77): error CS0246: The type or namespace name 'IEcsModuleSystem' could not be found (are you missing a using directive or an assembly reference?)
112>D:\Work\IOS-IG-SimHost-FDP-2\Hrot\Runner\Hrot.ClusterRunner.Integration.Tests\MockNetworkFactory.cs(45,77,45,96): error CS0246: The type or namespace name 'GhostCreationSystem' could not be found (are you missing a using directive or an assembly reference?)
112>D:\Work\IOS-IG-SimHost-FDP-2\Hrot\Runner\Hrot.ClusterRunner.Integration.Tests\MockNetworkFactory.cs(45,12,45,41): error CS0246: The type or namespace name 'ISimHostPerceptionTranslators' could not be found (are you missing a using directive or an assembly reference?)
112>D:\Work\IOS-IG-SimHost-FDP-2\Hrot\Runner\Hrot.ClusterRunner.Integration.Tests\Eqs\EqsFlagsMeaningfulTests.cs(36,43,36,59): error CS0246: The type or namespace name 'EqsQueryTemplate' could not be found (are you missing a using directive or an assembly reference?)
112>D:\Work\IOS-IG-SimHost-FDP-2\Hrot\Runner\Hrot.ClusterRunner.Integration.Tests\Eqs\EqsDistributedTests.cs(42,29,42,35): error CS0246: The type or namespace name 'Entity' could not be found (are you missing a using directive or an assembly reference?)
112>D:\Work\IOS-IG-SimHost-FDP-2\Hrot\Runner\Hrot.ClusterRunner.Integration.Tests\Eqs\EqsDistributedTests.cs(42,50,42,59): error CS0246: The type or namespace name 'EqsSensor' could not be found (are you missing a using directive or an assembly reference?)
112>D:\Work\IOS-IG-SimHost-FDP-2\Hrot\Runner\Hrot.ClusterRunner.Integration.Tests\Eqs\EqsDistributedTests.cs(43,13,43,28): error CS0246: The type or namespace name 'ISimulationView' could not be found (are you missing a using directive or an assembly reference?)
112>D:\Work\IOS-IG-SimHost-FDP-2\Hrot\Runner\Hrot.ClusterRunner.Integration.Tests\Eqs\EqsDistributedTests.cs(43,40,43,49): error CS0246: The type or namespace name 'EqsResult' could not be found (are you missing a using directive or an assembly reference?)
112>D:\Work\IOS-IG-SimHost-FDP-2\Hrot\Runner\Hrot.ClusterRunner.Integration.Tests\Eqs\EqsMultiSensorTests.cs(37,54,37,74): error CS0246: The type or namespace name 'IEqsTemplateRegistry' could not be found (are you missing a using directive or an assembly reference?)
112>D:\Work\IOS-IG-SimHost-FDP-2\Hrot\Runner\Hrot.ClusterRunner.Integration.Tests\Eqs\EqsMultiLevelProofTests.cs(52,54,52,74): error CS0246: The type or namespace name 'IEqsTemplateRegistry' could not be found (are you missing a using directive or an assembly reference?)
112>D:\Work\IOS-IG-SimHost-FDP-2\Hrot\Runner\Hrot.ClusterRunner.Integration.Tests\Eqs\EqsResultUpdateSystemTests.cs(25,22,25,38): error CS0246: The type or namespace name 'EntityRepository' could not be found (are you missing a using directive or an assembly reference?)
112>D:\Work\IOS-IG-SimHost-FDP-2\Hrot\Runner\Hrot.ClusterRunner.Integration.Tests\MiniExConIntegrationTests.cs(397,19,397,40): error CS0246: The type or namespace name 'MissionControlRequest' could not be found (are you missing a using directive or an assembly reference?)
112>D:\Work\IOS-IG-SimHost-FDP-2\Hrot\Runner\Hrot.ClusterRunner.Integration.Tests\MiniExConIntegrationTests.cs(398,13,398,34): error CS0246: The type or namespace name 'MissionControlRequest' could not be found (are you missing a using directive or an assembly reference?)
112>D:\Work\IOS-IG-SimHost-FDP-2\Hrot\Runner\Hrot.ClusterRunner.Integration.Tests\Eqs\EqsFlagsMeaningfulTests.cs(37,30,37,46): error CS0246: The type or namespace name 'EqsQueryTemplate' could not be found (are you missing a using directive or an assembly reference?)
112>D:\Work\IOS-IG-SimHost-FDP-2\Hrot\Runner\Hrot.ClusterRunner.Integration.Tests\Eqs\EqsMultiTemplateTests.cs(37,43,37,59): error CS0246: The type or namespace name 'EqsQueryTemplate' could not be found (are you missing a using directive or an assembly reference?)
112>D:\Work\IOS-IG-SimHost-FDP-2\Hrot\Runner\Hrot.ClusterRunner.Integration.Tests\Eqs\EqsContextSlotTests.cs(81,29,81,44): error CS0246: The type or namespace name 'ISimulationView' could not be found (are you missing a using directive or an assembly reference?)
112>D:\Work\IOS-IG-SimHost-FDP-2\Hrot\Runner\Hrot.ClusterRunner.Integration.Tests\Eqs\EqsMultiSensorTests.cs(39,43,39,59): error CS0246: The type or namespace name 'EqsQueryTemplate' could not be found (are you missing a using directive or an assembly reference?)
112>D:\Work\IOS-IG-SimHost-FDP-2\Hrot\Runner\Hrot.ClusterRunner.Integration.Tests\Eqs\EqsResultUpdateSystemTests.cs(26,22,26,43): error CS0246: The type or namespace name 'EqsResultUpdateSystem' could not be found (are you missing a using directive or an assembly reference?)
112>D:\Work\IOS-IG-SimHost-FDP-2\Hrot\Runner\Hrot.ClusterRunner.Integration.Tests\MockNetworkFactory.cs(48,53,48,56): error CS0246: The type or namespace name 'Fdp' could not be found (are you missing a using directive or an assembly reference?)
112>D:\Work\IOS-IG-SimHost-FDP-2\Hrot\Runner\Hrot.ClusterRunner.Integration.Tests\Eqs\EqsFlagsMeaningfulTests.cs(38,49,38,65): error CS0246: The type or namespace name 'EqsQueryTemplate' could not be found (are you missing a using directive or an assembly reference?)
112>D:\Work\IOS-IG-SimHost-FDP-2\Hrot\Runner\Hrot.ClusterRunner.Integration.Tests\Eqs\EqsMultiTemplateTests.cs(38,30,38,46): error CS0246: The type or namespace name 'EqsQueryTemplate' could not be found (are you missing a using directive or an assembly reference?)
112>D:\Work\IOS-IG-SimHost-FDP-2\Hrot\Runner\Hrot.ClusterRunner.Integration.Tests\Eqs\EqsMultiLevelProofTests.cs(54,43,54,59): error CS0246: The type or namespace name 'EqsQueryTemplate' could not be found (are you missing a using directive or an assembly reference?)
112>D:\Work\IOS-IG-SimHost-FDP-2\Hrot\Runner\Hrot.ClusterRunner.Integration.Tests\Eqs\EqsContextSlotTests.cs(566,43,566,56): error CS0246: The type or namespace name 'IEqsGenerator' could not be found (are you missing a using directive or an assembly reference?)
112>D:\Work\IOS-IG-SimHost-FDP-2\Hrot\Runner\Hrot.ClusterRunner.Integration.Tests\Eqs\EqsMultiTemplateTests.cs(234,36,234,42): error CS0246: The type or namespace name 'Entity' could not be found (are you missing a using directive or an assembly reference?)
112>D:\Work\IOS-IG-SimHost-FDP-2\Hrot\Runner\Hrot.ClusterRunner.Integration.Tests\Eqs\EqsMultiTemplateTests.cs(234,13,234,19): error CS0246: The type or namespace name 'Entity' could not be found (are you missing a using directive or an assembly reference?)
112>D:\Work\IOS-IG-SimHost-FDP-2\Hrot\Runner\Hrot.ClusterRunner.Integration.Tests\Eqs\EqsRoundTripTests.cs(27,54,27,74): error CS0246: The type or namespace name 'IEqsTemplateRegistry' could not be found (are you missing a using directive or an assembly reference?)
112>D:\Work\IOS-IG-SimHost-FDP-2\Hrot\Runner\Hrot.ClusterRunner.Integration.Tests\Eqs\EqsMultiSensorTests.cs(40,30,40,46): error CS0246: The type or namespace name 'EqsQueryTemplate' could not be found (are you missing a using directive or an assembly reference?)
112>D:\Work\IOS-IG-SimHost-FDP-2\Hrot\Runner\Hrot.ClusterRunner.Integration.Tests\MiniExConIntegrationTests.cs(413,19,413,36): error CS0246: The type or namespace name 'MissionControlAck' could not be found (are you missing a using directive or an assembly reference?)
112>D:\Work\IOS-IG-SimHost-FDP-2\Hrot\Runner\Hrot.ClusterRunner.Integration.Tests\MiniExConIntegrationTests.cs(415,13,415,30): error CS0246: The type or namespace name 'MissionControlAck' could not be found (are you missing a using directive or an assembly reference?)
112>D:\Work\IOS-IG-SimHost-FDP-2\Hrot\Runner\Hrot.ClusterRunner.Integration.Tests\Eqs\EqsMultiLevelProofTests.cs(55,30,55,46): error CS0246: The type or namespace name 'EqsQueryTemplate' could not be found (are you missing a using directive or an assembly reference?)
112>D:\Work\IOS-IG-SimHost-FDP-2\Hrot\Runner\Hrot.ClusterRunner.Integration.Tests\Eqs\EqsMultiTemplateTests.cs(39,49,39,65): error CS0246: The type or namespace name 'EqsQueryTemplate' could not be found (are you missing a using directive or an assembly reference?)
112>D:\Work\IOS-IG-SimHost-FDP-2\Hrot\Runner\Hrot.ClusterRunner.Integration.Tests\Eqs\EqsFlagsMeaningfulTests.cs(43,57,43,65): error CS0246: The type or namespace name 'IEqsTest' could not be found (are you missing a using directive or an assembly reference?)
112>D:\Work\IOS-IG-SimHost-FDP-2\Hrot\Runner\Hrot.ClusterRunner.Integration.Tests\Eqs\EqsMultiSensorTests.cs(41,49,41,65): error CS0246: The type or namespace name 'EqsQueryTemplate' could not be found (are you missing a using directive or an assembly reference?)
112>D:\Work\IOS-IG-SimHost-FDP-2\Hrot\Runner\Hrot.ClusterRunner.Integration.Tests\MockNetworkFactory.cs(52,12,52,26): error CS0246: The type or namespace name 'IIgTranslators' could not be found (are you missing a using directive or an assembly reference?)
112>D:\Work\IOS-IG-SimHost-FDP-2\Hrot\Runner\Hrot.ClusterRunner.Integration.Tests\Eqs\EqsMultiTemplateTests.cs(205,22,205,38): error CS0246: The type or namespace name 'EntityRepository' could not be found (are you missing a using directive or an assembly reference?)
112>D:\Work\IOS-IG-SimHost-FDP-2\Hrot\Runner\Hrot.ClusterRunner.Integration.Tests\Eqs\EqsRoundTripTests.cs(29,43,29,59): error CS0246: The type or namespace name 'EqsQueryTemplate' could not be found (are you missing a using directive or an assembly reference?)
112>D:\Work\IOS-IG-SimHost-FDP-2\Hrot\Runner\Hrot.ClusterRunner.Integration.Tests\Eqs\EqsMultiLevelProofTests.cs(56,49,56,65): error CS0246: The type or namespace name 'EqsQueryTemplate' could not be found (are you missing a using directive or an assembly reference?)
112>D:\Work\IOS-IG-SimHost-FDP-2\Hrot\Runner\Hrot.ClusterRunner.Integration.Tests\Eqs\EqsMultiTemplateTests.cs(43,53,43,66): error CS0246: The type or namespace name 'IEqsGenerator' could not be found (are you missing a using directive or an assembly reference?)
112>D:\Work\IOS-IG-SimHost-FDP-2\Hrot\Runner\Hrot.ClusterRunner.Integration.Tests\Eqs\EqsMultiSensorTests.cs(45,53,45,66): error CS0246: The type or namespace name 'IEqsGenerator' could not be found (are you missing a using directive or an assembly reference?)
112>D:\Work\IOS-IG-SimHost-FDP-2\Hrot\Runner\Hrot.ClusterRunner.Integration.Tests\Eqs\EqsFlagsMeaningfulTests.cs(45,16,45,28): error CS0246: The type or namespace name 'EqsTestPhase' could not be found (are you missing a using directive or an assembly reference?)
112>D:\Work\IOS-IG-SimHost-FDP-2\Hrot\Runner\Hrot.ClusterRunner.Integration.Tests\Eqs\EqsMultiTemplateTests.cs(206,22,206,28): error CS0246: The type or namespace name 'Entity' could not be found (are you missing a using directive or an assembly reference?)
112>D:\Work\IOS-IG-SimHost-FDP-2\Hrot\Runner\Hrot.ClusterRunner.Integration.Tests\Eqs\EqsSolverSystemPhase2Tests.cs(24,54,24,74): error CS0246: The type or namespace name 'IEqsTemplateRegistry' could not be found (are you missing a using directive or an assembly reference?)
112>D:\Work\IOS-IG-SimHost-FDP-2\Hrot\Runner\Hrot.ClusterRunner.Integration.Tests\Eqs\EqsMultiLevelProofTests.cs(61,44,61,55): error CS0246: The type or namespace name 'ILosService' could not be found (are you missing a using directive or an assembly reference?)
112>D:\Work\IOS-IG-SimHost-FDP-2\Hrot\Runner\Hrot.ClusterRunner.Integration.Tests\Eqs\EqsRoundTripTests.cs(30,30,30,46): error CS0246: The type or namespace name 'EqsQueryTemplate' could not be found (are you missing a using directive or an assembly reference?)
112>D:\Work\IOS-IG-SimHost-FDP-2\Hrot\Runner\Hrot.ClusterRunner.Integration.Tests\MiniExConIntegrationTests.cs(432,19,432,32): error CS0246: The type or namespace name 'EntityMission' could not be found (are you missing a using directive or an assembly reference?)
112>D:\Work\IOS-IG-SimHost-FDP-2\Hrot\Runner\Hrot.ClusterRunner.Integration.Tests\MiniExConIntegrationTests.cs(434,13,434,26): error CS0246: The type or namespace name 'EntityMission' could not be found (are you missing a using directive or an assembly reference?)
112>D:\Work\IOS-IG-SimHost-FDP-2\Hrot\Runner\Hrot.ClusterRunner.Integration.Tests\Eqs\EqsSolverSystemTests.cs(25,46,25,59): error CS0246: The type or namespace name 'IEqsGenerator' could not be found (are you missing a using directive or an assembly reference?)
112>D:\Work\IOS-IG-SimHost-FDP-2\Hrot\Runner\Hrot.ClusterRunner.Integration.Tests\Eqs\EqsRoundTripTests.cs(31,49,31,65): error CS0246: The type or namespace name 'EqsQueryTemplate' could not be found (are you missing a using directive or an assembly reference?)
112>D:\Work\IOS-IG-SimHost-FDP-2\Hrot\Runner\Hrot.ClusterRunner.Integration.Tests\Eqs\EqsContextSlotTests.cs(568,29,568,35): error CS0246: The type or namespace name 'Entity' could not be found (are you missing a using directive or an assembly reference?)
112>D:\Work\IOS-IG-SimHost-FDP-2\Hrot\Runner\Hrot.ClusterRunner.Integration.Tests\Eqs\EqsContextSlotTests.cs(568,50,568,59): error CS0246: The type or namespace name 'EqsSensor' could not be found (are you missing a using directive or an assembly reference?)
112>D:\Work\IOS-IG-SimHost-FDP-2\Hrot\Runner\Hrot.ClusterRunner.Integration.Tests\Eqs\EqsContextSlotTests.cs(569,13,569,28): error CS0246: The type or namespace name 'ISimulationView' could not be found (are you missing a using directive or an assembly reference?)
112>D:\Work\IOS-IG-SimHost-FDP-2\Hrot\Runner\Hrot.ClusterRunner.Integration.Tests\Eqs\EqsContextSlotTests.cs(569,40,569,49): error CS0246: The type or namespace name 'EqsResult' could not be found (are you missing a using directive or an assembly reference?)
112>D:\Work\IOS-IG-SimHost-FDP-2\Hrot\Runner\Hrot.ClusterRunner.Integration.Tests\Eqs\EqsSolverSystemPhase2Tests.cs(26,43,26,59): error CS0246: The type or namespace name 'EqsQueryTemplate' could not be found (are you missing a using directive or an assembly reference?)
112>D:\Work\IOS-IG-SimHost-FDP-2\Hrot\Runner\Hrot.ClusterRunner.Integration.Tests\MockNetworkFactory.cs(55,12,55,29): error CS0246: The type or namespace name 'IIgNetworkAdapter' could not be found (are you missing a using directive or an assembly reference?)
112>D:\Work\IOS-IG-SimHost-FDP-2\Hrot\Runner\Hrot.ClusterRunner.Integration.Tests\Eqs\EqsRoundTripTests.cs(37,46,37,60): error CS0246: The type or namespace name 'ICoverProvider' could not be found (are you missing a using directive or an assembly reference?)
112>D:\Work\IOS-IG-SimHost-FDP-2\Hrot\Runner\Hrot.ClusterRunner.Integration.Tests\Eqs\EqsScoreDeltaTests.cs(31,54,31,74): error CS0246: The type or namespace name 'IEqsTemplateRegistry' could not be found (are you missing a using directive or an assembly reference?)
112>D:\Work\IOS-IG-SimHost-FDP-2\Hrot\Runner\Hrot.ClusterRunner.Integration.Tests\MiniExConIntegrationTests.cs(512,41,512,62): error CS0246: The type or namespace name 'EntityDescriptorUnion' could not be found (are you missing a using directive or an assembly reference?)
112>D:\Work\IOS-IG-SimHost-FDP-2\Hrot\Runner\Hrot.ClusterRunner.Integration.Tests\MiniExConIntegrationTests.cs(513,9,513,25): error CS0246: The type or namespace name 'eForceIdentifier' could not be found (are you missing a using directive or an assembly reference?)
112>D:\Work\IOS-IG-SimHost-FDP-2\Hrot\Runner\Hrot.ClusterRunner.Integration.Tests\Eqs\EqsSolverSystemPhase2Tests.cs(28,30,28,46): error CS0246: The type or namespace name 'EqsQueryTemplate' could not be found (are you missing a using directive or an assembly reference?)
112>D:\Work\IOS-IG-SimHost-FDP-2\Hrot\Runner\Hrot.ClusterRunner.Integration.Tests\Eqs\EqsMultiSensorTests.cs(47,29,47,35): error CS0246: The type or namespace name 'Entity' could not be found (are you missing a using directive or an assembly reference?)
112>D:\Work\IOS-IG-SimHost-FDP-2\Hrot\Runner\Hrot.ClusterRunner.Integration.Tests\Eqs\EqsMultiSensorTests.cs(47,50,47,59): error CS0246: The type or namespace name 'EqsSensor' could not be found (are you missing a using directive or an assembly reference?)
112>D:\Work\IOS-IG-SimHost-FDP-2\Hrot\Runner\Hrot.ClusterRunner.Integration.Tests\Eqs\EqsMultiSensorTests.cs(48,13,48,28): error CS0246: The type or namespace name 'ISimulationView' could not be found (are you missing a using directive or an assembly reference?)
112>D:\Work\IOS-IG-SimHost-FDP-2\Hrot\Runner\Hrot.ClusterRunner.Integration.Tests\Eqs\EqsMultiSensorTests.cs(48,40,48,49): error CS0246: The type or namespace name 'EqsResult' could not be found (are you missing a using directive or an assembly reference?)
112>D:\Work\IOS-IG-SimHost-FDP-2\Hrot\Runner\Hrot.ClusterRunner.Integration.Tests\Eqs\Golden\EqsFlatTerrainGoldenTests.cs(36,43,36,54): error CS0246: The type or namespace name 'ILosService' could not be found (are you missing a using directive or an assembly reference?)
112>D:\Work\IOS-IG-SimHost-FDP-2\Hrot\Runner\Hrot.ClusterRunner.Integration.Tests\Eqs\EqsMultiTemplateTests.cs(47,29,47,35): error CS0246: The type or namespace name 'Entity' could not be found (are you missing a using directive or an assembly reference?)
112>D:\Work\IOS-IG-SimHost-FDP-2\Hrot\Runner\Hrot.ClusterRunner.Integration.Tests\Eqs\EqsMultiTemplateTests.cs(47,50,47,59): error CS0246: The type or namespace name 'EqsSensor' could not be found (are you missing a using directive or an assembly reference?)
112>D:\Work\IOS-IG-SimHost-FDP-2\Hrot\Runner\Hrot.ClusterRunner.Integration.Tests\Eqs\EqsMultiTemplateTests.cs(48,13,48,28): error CS0246: The type or namespace name 'ISimulationView' could not be found (are you missing a using directive or an assembly reference?)
112>D:\Work\IOS-IG-SimHost-FDP-2\Hrot\Runner\Hrot.ClusterRunner.Integration.Tests\Eqs\EqsMultiTemplateTests.cs(48,40,48,49): error CS0246: The type or namespace name 'EqsResult' could not be found (are you missing a using directive or an assembly reference?)
112>D:\Work\IOS-IG-SimHost-FDP-2\Hrot\Runner\Hrot.ClusterRunner.Integration.Tests\Eqs\EqsMultiSensorTests.cs(61,56,61,72): error CS0246: The type or namespace name 'IEcsModuleSystem' could not be found (are you missing a using directive or an assembly reference?)
112>D:\Work\IOS-IG-SimHost-FDP-2\Hrot\Runner\Hrot.ClusterRunner.Integration.Tests\Eqs\EqsFlagsMeaningfulTests.cs(47,34,47,40): error CS0246: The type or namespace name 'Entity' could not be found (are you missing a using directive or an assembly reference?)
112>D:\Work\IOS-IG-SimHost-FDP-2\Hrot\Runner\Hrot.ClusterRunner.Integration.Tests\Eqs\EqsFlagsMeaningfulTests.cs(47,55,47,64): error CS0246: The type or namespace name 'EqsSensor' could not be found (are you missing a using directive or an assembly reference?)
112>D:\Work\IOS-IG-SimHost-FDP-2\Hrot\Runner\Hrot.ClusterRunner.Integration.Tests\Eqs\EqsFlagsMeaningfulTests.cs(48,13,48,28): error CS0246: The type or namespace name 'ISimulationView' could not be found (are you missing a using directive or an assembly reference?)
112>D:\Work\IOS-IG-SimHost-FDP-2\Hrot\Runner\Hrot.ClusterRunner.Integration.Tests\Eqs\EqsFlagsMeaningfulTests.cs(48,40,48,49): error CS0246: The type or namespace name 'EqsResult' could not be found (are you missing a using directive or an assembly reference?)
112>D:\Work\IOS-IG-SimHost-FDP-2\Hrot\Runner\Hrot.ClusterRunner.Integration.Tests\Eqs\EqsRoundTripTests.cs(40,48,40,58): error CS0246: The type or namespace name 'CoverPoint' could not be found (are you missing a using directive or an assembly reference?)
112>D:\Work\IOS-IG-SimHost-FDP-2\Hrot\Runner\Hrot.ClusterRunner.Integration.Tests\Eqs\EqsSolverSystemPhase2Tests.cs(31,58,31,74): error CS0246: The type or namespace name 'EqsQueryTemplate' could not be found (are you missing a using directive or an assembly reference?)
112>D:\Work\IOS-IG-SimHost-FDP-2\Hrot\Runner\Hrot.ClusterRunner.Integration.Tests\Eqs\FindCoverFromTargetTests.cs(25,43,25,54): error CS0246: The type or namespace name 'ILosService' could not be found (are you missing a using directive or an assembly reference?)
112>D:\Work\IOS-IG-SimHost-FDP-2\Hrot\Runner\Hrot.ClusterRunner.Integration.Tests\Eqs\HotReloadTests.cs(21,46,21,66): error CS0246: The type or namespace name 'IEqsTemplateRegistry' could not be found (are you missing a using directive or an assembly reference?)
112>D:\Work\IOS-IG-SimHost-FDP-2\Hrot\Runner\Hrot.ClusterRunner.Integration.Tests\Eqs\EqsSolverSystemTests.cs(28,29,28,35): error CS0246: The type or namespace name 'Entity' could not be found (are you missing a using directive or an assembly reference?)
112>D:\Work\IOS-IG-SimHost-FDP-2\Hrot\Runner\Hrot.ClusterRunner.Integration.Tests\Eqs\EqsSolverSystemTests.cs(28,50,28,59): error CS0246: The type or namespace name 'EqsSensor' could not be found (are you missing a using directive or an assembly reference?)
112>D:\Work\IOS-IG-SimHost-FDP-2\Hrot\Runner\Hrot.ClusterRunner.Integration.Tests\Eqs\EqsSolverSystemTests.cs(28,68,28,83): error CS0246: The type or namespace name 'ISimulationView' could not be found (are you missing a using directive or an assembly reference?)
112>D:\Work\IOS-IG-SimHost-FDP-2\Hrot\Runner\Hrot.ClusterRunner.Integration.Tests\Eqs\EqsSolverSystemTests.cs(29,18,29,27): error CS0246: The type or namespace name 'EqsResult' could not be found (are you missing a using directive or an assembly reference?)
112>D:\Work\IOS-IG-SimHost-FDP-2\Hrot\Runner\Hrot.ClusterRunner.Integration.Tests\MiniExConIntegrationTests.cs(523,44,523,60): error CS0246: The type or namespace name 'EntityRepository' could not be found (are you missing a using directive or an assembly reference?)
112>D:\Work\IOS-IG-SimHost-FDP-2\Hrot\Runner\Hrot.ClusterRunner.Integration.Tests\MiniExConIntegrationTests.cs(523,84,523,91): error CS0246: The type or namespace name 'ForceId' could not be found (are you missing a using directive or an assembly reference?)
112>D:\Work\IOS-IG-SimHost-FDP-2\Hrot\Runner\Hrot.ClusterRunner.Integration.Tests\Eqs\EqsChildSensorActionTests.cs(38,22,38,28): error CS0246: The type or namespace name 'Entity' could not be found (are you missing a using directive or an assembly reference?)
112>D:\Work\IOS-IG-SimHost-FDP-2\Hrot\Runner\Hrot.ClusterRunner.Integration.Tests\Eqs\EqsScoreDeltaTests.cs(33,43,33,59): error CS0246: The type or namespace name 'EqsQueryTemplate' could not be found (are you missing a using directive or an assembly reference?)
112>D:\Work\IOS-IG-SimHost-FDP-2\Hrot\Runner\Hrot.ClusterRunner.Integration.Tests\Eqs\EqsMultiTemplateTests.cs(57,57,57,70): error CS0246: The type or namespace name 'IEqsGenerator' could not be found (are you missing a using directive or an assembly reference?)
112>D:\Work\IOS-IG-SimHost-FDP-2\Hrot\Runner\Hrot.ClusterRunner.Integration.Tests\Eqs\EqsSolverSystemPhase2Tests.cs(213,42,213,55): error CS0246: The type or namespace name 'IEqsGenerator' could not be found (are you missing a using directive or an assembly reference?)
112>D:\Work\IOS-IG-SimHost-FDP-2\Hrot\Runner\Hrot.ClusterRunner.Integration.Tests\Eqs\EqsFlagsMeaningfulTests.cs(56,53,56,66): error CS0246: The type or namespace name 'IEqsGenerator' could not be found (are you missing a using directive or an assembly reference?)
112>D:\Work\IOS-IG-SimHost-FDP-2\Hrot\Runner\Hrot.ClusterRunner.Integration.Tests\Eqs\EqsRoundTripTests.cs(50,48,50,64): error CS0246: The type or namespace name 'INavmeshProvider' could not be found (are you missing a using directive or an assembly reference?)
112>D:\Work\IOS-IG-SimHost-FDP-2\Hrot\Runner\Hrot.ClusterRunner.Integration.Tests\Eqs\PathCostInversionTests.cs(26,48,26,64): error CS0246: The type or namespace name 'INavmeshProvider' could not be found (are you missing a using directive or an assembly reference?)
112>D:\Work\IOS-IG-SimHost-FDP-2\Hrot\Runner\Hrot.ClusterRunner.Integration.Tests\Eqs\EqsMultiSensorTests.cs(63,31,63,45): error CS0246: The type or namespace name 'EqsResultEvent' could not be found (are you missing a using directive or an assembly reference?)
112>D:\Work\IOS-IG-SimHost-FDP-2\Hrot\Runner\Hrot.ClusterRunner.Integration.Tests\Eqs\EqsSolverSystemTests.cs(36,54,36,74): error CS0246: The type or namespace name 'IEqsTemplateRegistry' could not be found (are you missing a using directive or an assembly reference?)
112>D:\Work\IOS-IG-SimHost-FDP-2\Hrot\Runner\Hrot.ClusterRunner.Integration.Tests\Eqs\HotReloadTests.cs(23,17,23,33): error CS0246: The type or namespace name 'EqsQueryTemplate' could not be found (are you missing a using directive or an assembly reference?)
112>D:\Work\IOS-IG-SimHost-FDP-2\Hrot\Runner\Hrot.ClusterRunner.Integration.Tests\Eqs\Golden\EqsFlatTerrainGoldenTests.cs(41,54,41,74): error CS0246: The type or namespace name 'IEqsTemplateRegistry' could not be found (are you missing a using directive or an assembly reference?)
112>D:\Work\IOS-IG-SimHost-FDP-2\Hrot\Runner\Hrot.ClusterRunner.Integration.Tests\Eqs\EqsScoreDeltaTests.cs(34,30,34,46): error CS0246: The type or namespace name 'EqsQueryTemplate' could not be found (are you missing a using directive or an assembly reference?)
112>D:\Work\IOS-IG-SimHost-FDP-2\Hrot\Runner\Hrot.ClusterRunner.Integration.Tests\Eqs\FindCoverFromTargetTests.cs(32,54,32,74): error CS0246: The type or namespace name 'IEqsTemplateRegistry' could not be found (are you missing a using directive or an assembly reference?)
112>D:\Work\IOS-IG-SimHost-FDP-2\Hrot\Runner\Hrot.ClusterRunner.Integration.Tests\Eqs\EqsMultiSensorTests.cs(65,30,65,44): error CS0246: The type or namespace name 'EqsResultEvent' could not be found (are you missing a using directive or an assembly reference?)
112>D:\Work\IOS-IG-SimHost-FDP-2\Hrot\Runner\Hrot.ClusterRunner.Integration.Tests\Eqs\HotReloadTests.cs(25,34,25,50): error CS0246: The type or namespace name 'EqsQueryTemplate' could not be found (are you missing a using directive or an assembly reference?)
112>D:\Work\IOS-IG-SimHost-FDP-2\Hrot\Runner\Hrot.ClusterRunner.Integration.Tests\Eqs\EqsSolverSystemTests.cs(38,43,38,59): error CS0246: The type or namespace name 'EqsQueryTemplate' could not be found (are you missing a using directive or an assembly reference?)
112>D:\Work\IOS-IG-SimHost-FDP-2\Hrot\Runner\Hrot.ClusterRunner.Integration.Tests\Eqs\EqsScoreDeltaTests.cs(35,49,35,65): error CS0246: The type or namespace name 'EqsQueryTemplate' could not be found (are you missing a using directive or an assembly reference?)
112>D:\Work\IOS-IG-SimHost-FDP-2\Hrot\Runner\Hrot.ClusterRunner.Integration.Tests\Eqs\Golden\EqsFlatTerrainGoldenTests.cs(43,43,43,59): error CS0246: The type or namespace name 'EqsQueryTemplate' could not be found (are you missing a using directive or an assembly reference?)
112>D:\Work\IOS-IG-SimHost-FDP-2\Hrot\Runner\Hrot.ClusterRunner.Integration.Tests\Eqs\HotReloadTests.cs(30,26,30,42): error CS0246: The type or namespace name 'EqsQueryTemplate' could not be found (are you missing a using directive or an assembly reference?)
112>D:\Work\IOS-IG-SimHost-FDP-2\Hrot\Runner\Hrot.ClusterRunner.Integration.Tests\Eqs\EqsMultiSensorTests.cs(67,29,67,44): error CS0246: The type or namespace name 'ISimulationView' could not be found (are you missing a using directive or an assembly reference?)
112>D:\Work\IOS-IG-SimHost-FDP-2\Hrot\Runner\Hrot.ClusterRunner.Integration.Tests\Eqs\EqsSolverSystemTests.cs(39,30,39,46): error CS0246: The type or namespace name 'EqsQueryTemplate' could not be found (are you missing a using directive or an assembly reference?)
112>D:\Work\IOS-IG-SimHost-FDP-2\Hrot\Runner\Hrot.ClusterRunner.Integration.Tests\Eqs\EqsScoreDeltaTests.cs(39,50,39,63): error CS0246: The type or namespace name 'IEqsGenerator' could not be found (are you missing a using directive or an assembly reference?)
112>D:\Work\IOS-IG-SimHost-FDP-2\Hrot\Runner\Hrot.ClusterRunner.Integration.Tests\Eqs\FindCoverFromTargetTests.cs(34,43,34,59): error CS0246: The type or namespace name 'EqsQueryTemplate' could not be found (are you missing a using directive or an assembly reference?)
112>D:\Work\IOS-IG-SimHost-FDP-2\Hrot\Runner\Hrot.ClusterRunner.Integration.Tests\Eqs\Golden\EqsFlatTerrainGoldenTests.cs(44,30,44,46): error CS0246: The type or namespace name 'EqsQueryTemplate' could not be found (are you missing a using directive or an assembly reference?)
112>D:\Work\IOS-IG-SimHost-FDP-2\Hrot\Runner\Hrot.ClusterRunner.Integration.Tests\Eqs\HotReloadTests.cs(32,58,32,74): error CS0246: The type or namespace name 'EqsQueryTemplate' could not be found (are you missing a using directive or an assembly reference?)
112>D:\Work\IOS-IG-SimHost-FDP-2\Hrot\Runner\Hrot.ClusterRunner.Integration.Tests\Eqs\EqsSolverSystemTests.cs(40,49,40,65): error CS0246: The type or namespace name 'EqsQueryTemplate' could not be found (are you missing a using directive or an assembly reference?)
112>D:\Work\IOS-IG-SimHost-FDP-2\Hrot\Runner\Hrot.ClusterRunner.Integration.Tests\Eqs\EqsRoundTripTests.cs(67,60,67,71): error CS0246: The type or namespace name 'NavWaypoint' could not be found (are you missing a using directive or an assembly reference?)
112>D:\Work\IOS-IG-SimHost-FDP-2\Hrot\Runner\Hrot.ClusterRunner.Integration.Tests\Eqs\AccurateLosPhaseTests.cs(32,6,32,19): error CS0246: The type or namespace name 'UpdateInPhaseAttribute' could not be found (are you missing a using directive or an assembly reference?)
112>D:\Work\IOS-IG-SimHost-FDP-2\Hrot\Runner\Hrot.ClusterRunner.Integration.Tests\Eqs\AccurateLosPhaseTests.cs(32,6,32,19): error CS0246: The type or namespace name 'UpdateInPhase' could not be found (are you missing a using directive or an assembly reference?)
112>D:\Work\IOS-IG-SimHost-FDP-2\Hrot\Runner\Hrot.ClusterRunner.Integration.Tests\Eqs\AccurateLosPhaseTests.cs(32,20,32,31): error CS0103: The name 'SystemPhase' does not exist in the current context
112>D:\Work\IOS-IG-SimHost-FDP-2\Hrot\Runner\Hrot.ClusterRunner.Integration.Tests\Eqs\EqsSolverSystemPhase2Tests.cs(215,29,215,35): error CS0246: The type or namespace name 'Entity' could not be found (are you missing a using directive or an assembly reference?)
112>D:\Work\IOS-IG-SimHost-FDP-2\Hrot\Runner\Hrot.ClusterRunner.Integration.Tests\Eqs\EqsSolverSystemPhase2Tests.cs(215,50,215,59): error CS0246: The type or namespace name 'EqsSensor' could not be found (are you missing a using directive or an assembly reference?)
112>D:\Work\IOS-IG-SimHost-FDP-2\Hrot\Runner\Hrot.ClusterRunner.Integration.Tests\Eqs\EqsSolverSystemPhase2Tests.cs(215,68,215,71): error CS0246: The type or namespace name 'Fdp' could not be found (are you missing a using directive or an assembly reference?)
112>D:\Work\IOS-IG-SimHost-FDP-2\Hrot\Runner\Hrot.ClusterRunner.Integration.Tests\Eqs\EqsSolverSystemPhase2Tests.cs(215,130,215,139): error CS0246: The type or namespace name 'EqsResult' could not be found (are you missing a using directive or an assembly reference?)
112>D:\Work\IOS-IG-SimHost-FDP-2\Hrot\Runner\Hrot.ClusterRunner.Integration.Tests\Eqs\Golden\EqsFlatTerrainGoldenTests.cs(45,49,45,65): error CS0246: The type or namespace name 'EqsQueryTemplate' could not be found (are you missing a using directive or an assembly reference?)
112>D:\Work\IOS-IG-SimHost-FDP-2\Hrot\Runner\Hrot.ClusterRunner.Integration.Tests\Eqs\PathCostInversionTests.cs(46,60,46,71): error CS0246: The type or namespace name 'NavWaypoint' could not be found (are you missing a using directive or an assembly reference?)
112>D:\Work\IOS-IG-SimHost-FDP-2\Hrot\Runner\Hrot.ClusterRunner.Integration.Tests\Eqs\HotReloadTests.cs(45,43,45,56): error CS0246: The type or namespace name 'IEqsGenerator' could not be found (are you missing a using directive or an assembly reference?)
112>D:\Work\IOS-IG-SimHost-FDP-2\Hrot\Runner\Hrot.ClusterRunner.Integration.Tests\Eqs\FindCoverFromTargetTests.cs(35,30,35,46): error CS0246: The type or namespace name 'EqsQueryTemplate' could not be found (are you missing a using directive or an assembly reference?)
112>D:\Work\IOS-IG-SimHost-FDP-2\Hrot\Runner\Hrot.ClusterRunner.Integration.Tests\Eqs\EqsMultiTemplateTests.cs(62,29,62,35): error CS0246: The type or namespace name 'Entity' could not be found (are you missing a using directive or an assembly reference?)
112>D:\Work\IOS-IG-SimHost-FDP-2\Hrot\Runner\Hrot.ClusterRunner.Integration.Tests\Eqs\EqsMultiTemplateTests.cs(62,50,62,59): error CS0246: The type or namespace name 'EqsSensor' could not be found (are you missing a using directive or an assembly reference?)
112>D:\Work\IOS-IG-SimHost-FDP-2\Hrot\Runner\Hrot.ClusterRunner.Integration.Tests\Eqs\EqsMultiTemplateTests.cs(63,13,63,28): error CS0246: The type or namespace name 'ISimulationView' could not be found (are you missing a using directive or an assembly reference?)
112>D:\Work\IOS-IG-SimHost-FDP-2\Hrot\Runner\Hrot.ClusterRunner.Integration.Tests\Eqs\EqsMultiTemplateTests.cs(63,40,63,49): error CS0246: The type or namespace name 'EqsResult' could not be found (are you missing a using directive or an assembly reference?)
112>D:\Work\IOS-IG-SimHost-FDP-2\Hrot\Runner\Hrot.ClusterRunner.Integration.Tests\Eqs\EqsRoundTripTests.cs(73,61,73,74): error CS0246: The type or namespace name 'IEqsGenerator' could not be found (are you missing a using directive or an assembly reference?)
112>D:\Work\IOS-IG-SimHost-FDP-2\Hrot\Runner\Hrot.ClusterRunner.Integration.Tests\Eqs\PathCostInversionTests.cs(50,54,50,74): error CS0246: The type or namespace name 'IEqsTemplateRegistry' could not be found (are you missing a using directive or an assembly reference?)
112>D:\Work\IOS-IG-SimHost-FDP-2\Hrot\Runner\Hrot.ClusterRunner.Integration.Tests\Eqs\EqsContextSlotTests.cs(75,6,75,19): error CS0246: The type or namespace name 'UpdateInPhaseAttribute' could not be found (are you missing a using directive or an assembly reference?)
112>D:\Work\IOS-IG-SimHost-FDP-2\Hrot\Runner\Hrot.ClusterRunner.Integration.Tests\Eqs\EqsContextSlotTests.cs(75,6,75,19): error CS0246: The type or namespace name 'UpdateInPhase' could not be found (are you missing a using directive or an assembly reference?)
112>D:\Work\IOS-IG-SimHost-FDP-2\Hrot\Runner\Hrot.ClusterRunner.Integration.Tests\Eqs\EqsContextSlotTests.cs(75,20,75,31): error CS0103: The name 'SystemPhase' does not exist in the current context
112>D:\Work\IOS-IG-SimHost-FDP-2\Hrot\Runner\Hrot.ClusterRunner.Integration.Tests\Eqs\EqsFlagsMeaningfulTests.cs(62,29,62,35): error CS0246: The type or namespace name 'Entity' could not be found (are you missing a using directive or an assembly reference?)
112>D:\Work\IOS-IG-SimHost-FDP-2\Hrot\Runner\Hrot.ClusterRunner.Integration.Tests\Eqs\EqsFlagsMeaningfulTests.cs(62,50,62,59): error CS0246: The type or namespace name 'EqsSensor' could not be found (are you missing a using directive or an assembly reference?)
112>D:\Work\IOS-IG-SimHost-FDP-2\Hrot\Runner\Hrot.ClusterRunner.Integration.Tests\Eqs\EqsFlagsMeaningfulTests.cs(63,13,63,28): error CS0246: The type or namespace name 'ISimulationView' could not be found (are you missing a using directive or an assembly reference?)
112>D:\Work\IOS-IG-SimHost-FDP-2\Hrot\Runner\Hrot.ClusterRunner.Integration.Tests\Eqs\EqsFlagsMeaningfulTests.cs(63,40,63,49): error CS0246: The type or namespace name 'EqsResult' could not be found (are you missing a using directive or an assembly reference?)
112>D:\Work\IOS-IG-SimHost-FDP-2\Hrot\Runner\Hrot.ClusterRunner.Integration.Tests\Eqs\FindCoverFromTargetTests.cs(36,49,36,65): error CS0246: The type or namespace name 'EqsQueryTemplate' could not be found (are you missing a using directive or an assembly reference?)
112>D:\Work\IOS-IG-SimHost-FDP-2\Hrot\Runner\Hrot.ClusterRunner.Integration.Tests\MissionControlIntegrationTests.cs(154,44,154,60): error CS0246: The type or namespace name 'EntityRepository' could not be found (are you missing a using directive or an assembly reference?)
112>D:\Work\IOS-IG-SimHost-FDP-2\Hrot\Runner\Hrot.ClusterRunner.Integration.Tests\MissionControlIntegrationTests.cs(154,88,154,104): error CS0246: The type or namespace name 'MissionPlanQueue' could not be found (are you missing a using directive or an assembly reference?)
112>D:\Work\IOS-IG-SimHost-FDP-2\Hrot\Runner\Hrot.ClusterRunner.Integration.Tests\MockNetworkFactory.cs(62,9,62,12): error CS0246: The type or namespace name 'Fdp' could not be found (are you missing a using directive or an assembly reference?)
112>D:\Work\IOS-IG-SimHost-FDP-2\Hrot\Runner\Hrot.ClusterRunner.Integration.Tests\MockNetworkFactory.cs(63,16,63,32): error CS0246: The type or namespace name 'MapClickEventDto' could not be found (are you missing a using directive or an assembly reference?)
112>D:\Work\IOS-IG-SimHost-FDP-2\Hrot\Runner\Hrot.ClusterRunner.Integration.Tests\MockNetworkFactory.cs(64,16,64,40): error CS0246: The type or namespace name 'SelectionChangedEventDto' could not be found (are you missing a using directive or an assembly reference?)
112>D:\Work\IOS-IG-SimHost-FDP-2\Hrot\Runner\Hrot.ClusterRunner.Integration.Tests\MockNetworkFactory.cs(65,16,65,37): error CS0246: The type or namespace name 'EntityLifecycleAckDto' could not be found (are you missing a using directive or an assembly reference?)
112>D:\Work\IOS-IG-SimHost-FDP-2\Hrot\Runner\Hrot.ClusterRunner.Integration.Tests\MockNetworkFactory.cs(66,16,66,32): error CS0246: The type or namespace name 'MapCommandAckDto' could not be found (are you missing a using directive or an assembly reference?)
112>D:\Work\IOS-IG-SimHost-FDP-2\Hrot\Runner\Hrot.ClusterRunner.Integration.Tests\MockNetworkFactory.cs(59,51,59,54): error CS0246: The type or namespace name 'Fdp' could not be found (are you missing a using directive or an assembly reference?)
112>D:\Work\IOS-IG-SimHost-FDP-2\Hrot\Runner\Hrot.ClusterRunner.Integration.Tests\Eqs\PathCostInversionTests.cs(52,43,52,59): error CS0246: The type or namespace name 'EqsQueryTemplate' could not be found (are you missing a using directive or an assembly reference?)
112>D:\Work\IOS-IG-SimHost-FDP-2\Hrot\Runner\Hrot.ClusterRunner.Integration.Tests\MissionControlIntegrationTests.cs(175,42,175,58): error CS0246: The type or namespace name 'EntityRepository' could not be found (are you missing a using directive or an assembly reference?)
112>D:\Work\IOS-IG-SimHost-FDP-2\Hrot\Runner\Hrot.ClusterRunner.Integration.Tests\Eqs\PathCostInversionTests.cs(53,30,53,46): error CS0246: The type or namespace name 'EqsQueryTemplate' could not be found (are you missing a using directive or an assembly reference?)
112>D:\Work\IOS-IG-SimHost-FDP-2\Hrot\Runner\Hrot.ClusterRunner.Integration.Tests\Eqs\HotReloadTests.cs(47,29,47,35): error CS0246: The type or namespace name 'Entity' could not be found (are you missing a using directive or an assembly reference?)
112>D:\Work\IOS-IG-SimHost-FDP-2\Hrot\Runner\Hrot.ClusterRunner.Integration.Tests\Eqs\HotReloadTests.cs(47,50,47,59): error CS0246: The type or namespace name 'EqsSensor' could not be found (are you missing a using directive or an assembly reference?)
112>D:\Work\IOS-IG-SimHost-FDP-2\Hrot\Runner\Hrot.ClusterRunner.Integration.Tests\Eqs\HotReloadTests.cs(47,68,47,83): error CS0246: The type or namespace name 'ISimulationView' could not be found (are you missing a using directive or an assembly reference?)
112>D:\Work\IOS-IG-SimHost-FDP-2\Hrot\Runner\Hrot.ClusterRunner.Integration.Tests\Eqs\HotReloadTests.cs(47,95,47,104): error CS0246: The type or namespace name 'EqsResult' could not be found (are you missing a using directive or an assembly reference?)
112>D:\Work\IOS-IG-SimHost-FDP-2\Hrot\Runner\Hrot.ClusterRunner.Integration.Tests\MockNetworkFactory.cs(89,12,89,39): error CS0246: The type or namespace name 'ICgfEntityLifecycleAdapters' could not be found (are you missing a using directive or an assembly reference?)
112>D:\Work\IOS-IG-SimHost-FDP-2\Hrot\Runner\Hrot.ClusterRunner.Integration.Tests\Eqs\EqsScoreDeltaTests.cs(44,29,44,35): error CS0246: The type or namespace name 'Entity' could not be found (are you missing a using directive or an assembly reference?)
112>D:\Work\IOS-IG-SimHost-FDP-2\Hrot\Runner\Hrot.ClusterRunner.Integration.Tests\Eqs\EqsScoreDeltaTests.cs(44,50,44,59): error CS0246: The type or namespace name 'EqsSensor' could not be found (are you missing a using directive or an assembly reference?)
112>D:\Work\IOS-IG-SimHost-FDP-2\Hrot\Runner\Hrot.ClusterRunner.Integration.Tests\Eqs\EqsScoreDeltaTests.cs(45,13,45,28): error CS0246: The type or namespace name 'ISimulationView' could not be found (are you missing a using directive or an assembly reference?)
112>D:\Work\IOS-IG-SimHost-FDP-2\Hrot\Runner\Hrot.ClusterRunner.Integration.Tests\Eqs\EqsScoreDeltaTests.cs(45,40,45,49): error CS0246: The type or namespace name 'EqsResult' could not be found (are you missing a using directive or an assembly reference?)
112>D:\Work\IOS-IG-SimHost-FDP-2\Hrot\Runner\Hrot.ClusterRunner.Integration.Tests\Eqs\EqsMultiSensorTests.cs(60,6,60,19): error CS0246: The type or namespace name 'UpdateInPhaseAttribute' could not be found (are you missing a using directive or an assembly reference?)
112>D:\Work\IOS-IG-SimHost-FDP-2\Hrot\Runner\Hrot.ClusterRunner.Integration.Tests\Eqs\EqsMultiSensorTests.cs(60,6,60,19): error CS0246: The type or namespace name 'UpdateInPhase' could not be found (are you missing a using directive or an assembly reference?)
112>D:\Work\IOS-IG-SimHost-FDP-2\Hrot\Runner\Hrot.ClusterRunner.Integration.Tests\Eqs\EqsMultiSensorTests.cs(60,20,60,31): error CS0103: The name 'SystemPhase' does not exist in the current context
112>D:\Work\IOS-IG-SimHost-FDP-2\Hrot\Runner\Hrot.ClusterRunner.Integration.Tests\Eqs\PathCostInversionTests.cs(54,58,54,74): error CS0246: The type or namespace name 'EqsQueryTemplate' could not be found (are you missing a using directive or an assembly reference?)
112>D:\Work\IOS-IG-SimHost-FDP-2\Hrot\Runner\Hrot.ClusterRunner.Integration.Tests\Eqs\HotReloadTests.cs(51,43,51,56): error CS0246: The type or namespace name 'IEqsGenerator' could not be found (are you missing a using directive or an assembly reference?)
112>D:\Work\IOS-IG-SimHost-FDP-2\Hrot\Runner\Hrot.ClusterRunner.Integration.Tests\MissionControlIntegrationTests.cs(189,46,189,63): error CS0246: The type or namespace name 'MissionControlAck' could not be found (are you missing a using directive or an assembly reference?)
112>D:\Work\IOS-IG-SimHost-FDP-2\Hrot\Runner\Hrot.ClusterRunner.Integration.Tests\MissionControlIntegrationTests.cs(189,93,189,110): error CS0246: The type or namespace name 'MissionControlAck' could not be found (are you missing a using directive or an assembly reference?)
112>D:\Work\IOS-IG-SimHost-FDP-2\Hrot\Runner\Hrot.ClusterRunner.Integration.Tests\Eqs\EqsRoundTripTests.cs(77,29,77,35): error CS0246: The type or namespace name 'Entity' could not be found (are you missing a using directive or an assembly reference?)
112>D:\Work\IOS-IG-SimHost-FDP-2\Hrot\Runner\Hrot.ClusterRunner.Integration.Tests\Eqs\EqsRoundTripTests.cs(77,50,77,59): error CS0246: The type or namespace name 'EqsSensor' could not be found (are you missing a using directive or an assembly reference?)
112>D:\Work\IOS-IG-SimHost-FDP-2\Hrot\Runner\Hrot.ClusterRunner.Integration.Tests\Eqs\EqsRoundTripTests.cs(78,13,78,28): error CS0246: The type or namespace name 'ISimulationView' could not be found (are you missing a using directive or an assembly reference?)
112>D:\Work\IOS-IG-SimHost-FDP-2\Hrot\Runner\Hrot.ClusterRunner.Integration.Tests\Eqs\EqsRoundTripTests.cs(78,40,78,49): error CS0246: The type or namespace name 'EqsResult' could not be found (are you missing a using directive or an assembly reference?)
112>D:\Work\IOS-IG-SimHost-FDP-2\Hrot\Runner\Hrot.ClusterRunner.Integration.Tests\Eqs\EqsRoundTripTests.cs(88,56,88,64): error CS0246: The type or namespace name 'IEqsTest' could not be found (are you missing a using directive or an assembly reference?)
112>D:\Work\IOS-IG-SimHost-FDP-2\Hrot\Runner\Hrot.ClusterRunner.Integration.Tests\MissionControlIntegrationTests.cs(205,42,205,68): error CS0246: The type or namespace name 'IRequestTransactionManager' could not be found (are you missing a using directive or an assembly reference?)
112>D:\Work\IOS-IG-SimHost-FDP-2\Hrot\Runner\Hrot.ClusterRunner.Integration.Tests\Eqs\EqsRoundTripTests.cs(90,16,90,28): error CS0246: The type or namespace name 'EqsTestPhase' could not be found (are you missing a using directive or an assembly reference?)
112>D:\Work\IOS-IG-SimHost-FDP-2\Hrot\Runner\Hrot.ClusterRunner.Integration.Tests\Eqs\HotReloadTests.cs(53,29,53,35): error CS0246: The type or namespace name 'Entity' could not be found (are you missing a using directive or an assembly reference?)
112>D:\Work\IOS-IG-SimHost-FDP-2\Hrot\Runner\Hrot.ClusterRunner.Integration.Tests\Eqs\HotReloadTests.cs(53,50,53,59): error CS0246: The type or namespace name 'EqsSensor' could not be found (are you missing a using directive or an assembly reference?)
112>D:\Work\IOS-IG-SimHost-FDP-2\Hrot\Runner\Hrot.ClusterRunner.Integration.Tests\Eqs\HotReloadTests.cs(53,68,53,83): error CS0246: The type or namespace name 'ISimulationView' could not be found (are you missing a using directive or an assembly reference?)
112>D:\Work\IOS-IG-SimHost-FDP-2\Hrot\Runner\Hrot.ClusterRunner.Integration.Tests\Eqs\HotReloadTests.cs(53,95,53,104): error CS0246: The type or namespace name 'EqsResult' could not be found (are you missing a using directive or an assembly reference?)
112>D:\Work\IOS-IG-SimHost-FDP-2\Hrot\Runner\Hrot.ClusterRunner.Integration.Tests\MockNetworkFactory.cs(92,9,92,12): error CS0246: The type or namespace name 'Fdp' could not be found (are you missing a using directive or an assembly reference?)
112>D:\Work\IOS-IG-SimHost-FDP-2\Hrot\Runner\Hrot.ClusterRunner.Integration.Tests\MockNetworkFactory.cs(93,9,93,12): error CS0246: The type or namespace name 'Fdp' could not be found (are you missing a using directive or an assembly reference?)
112>D:\Work\IOS-IG-SimHost-FDP-2\Hrot\Runner\Hrot.ClusterRunner.Integration.Tests\MockNetworkFactory.cs(90,53,90,56): error CS0246: The type or namespace name 'Fdp' could not be found (are you missing a using directive or an assembly reference?)
112>D:\Work\IOS-IG-SimHost-FDP-2\Hrot\Runner\Hrot.ClusterRunner.Integration.Tests\Eqs\EqsRoundTripTests.cs(92,34,92,40): error CS0246: The type or namespace name 'Entity' could not be found (are you missing a using directive or an assembly reference?)
112>D:\Work\IOS-IG-SimHost-FDP-2\Hrot\Runner\Hrot.ClusterRunner.Integration.Tests\Eqs\EqsRoundTripTests.cs(92,55,92,64): error CS0246: The type or namespace name 'EqsSensor' could not be found (are you missing a using directive or an assembly reference?)
112>D:\Work\IOS-IG-SimHost-FDP-2\Hrot\Runner\Hrot.ClusterRunner.Integration.Tests\Eqs\EqsRoundTripTests.cs(93,13,93,28): error CS0246: The type or namespace name 'ISimulationView' could not be found (are you missing a using directive or an assembly reference?)
112>D:\Work\IOS-IG-SimHost-FDP-2\Hrot\Runner\Hrot.ClusterRunner.Integration.Tests\Eqs\EqsRoundTripTests.cs(93,40,93,49): error CS0246: The type or namespace name 'EqsResult' could not be found (are you missing a using directive or an assembly reference?)
112>D:\Work\IOS-IG-SimHost-FDP-2\Hrot\Runner\Hrot.ClusterRunner.Integration.Tests\MockNetworkFactory.cs(98,67,98,70): error CS0246: The type or namespace name 'Fdp' could not be found (are you missing a using directive or an assembly reference?)
112>D:\Work\IOS-IG-SimHost-FDP-2\Hrot\Runner\Hrot.ClusterRunner.Integration.Tests\MockNetworkFactory.cs(98,12,98,36): error CS0246: The type or namespace name 'IOrchestrationTranslator' could not be found (are you missing a using directive or an assembly reference?)
112>D:\Work\IOS-IG-SimHost-FDP-2\Hrot\Runner\Hrot.ClusterRunner.Integration.Tests\Eqs\EqsRoundTripTests.cs(102,43,102,51): error CS0246: The type or namespace name 'IEqsTest' could not be found (are you missing a using directive or an assembly reference?)
112>D:\Work\IOS-IG-SimHost-FDP-2\Hrot\Runner\Hrot.ClusterRunner.Integration.Tests\MockNetworkFactory.cs(106,12,106,31): error CS0246: The type or namespace name 'INetworkIdAllocator' could not be found (are you missing a using directive or an assembly reference?)
112>D:\Work\IOS-IG-SimHost-FDP-2\Hrot\Runner\Hrot.ClusterRunner.Integration.Tests\Eqs\EqsRoundTripTests.cs(104,16,104,28): error CS0246: The type or namespace name 'EqsTestPhase' could not be found (are you missing a using directive or an assembly reference?)
112>D:\Work\IOS-IG-SimHost-FDP-2\Hrot\Runner\Hrot.ClusterRunner.Integration.Tests\MockNetworkFactory.cs(110,63,110,66): error CS0246: The type or namespace name 'Fdp' could not be found (are you missing a using directive or an assembly reference?)
112>D:\Work\IOS-IG-SimHost-FDP-2\Hrot\Runner\Hrot.ClusterRunner.Integration.Tests\MockNetworkFactory.cs(110,12,110,34): error CS0246: The type or namespace name 'IMasterTimeTranslators' could not be found (are you missing a using directive or an assembly reference?)
112>D:\Work\IOS-IG-SimHost-FDP-2\Hrot\Runner\Hrot.ClusterRunner.Integration.Tests\MockNetworkFactory.cs(114,77,114,80): error CS0246: The type or namespace name 'Fdp' could not be found (are you missing a using directive or an assembly reference?)
112>D:\Work\IOS-IG-SimHost-FDP-2\Hrot\Runner\Hrot.ClusterRunner.Integration.Tests\MockNetworkFactory.cs(114,12,114,41): error CS0246: The type or namespace name 'ISlaveOrchestrationTranslator' could not be found (are you missing a using directive or an assembly reference?)
112>D:\Work\IOS-IG-SimHost-FDP-2\Hrot\Runner\Hrot.ClusterRunner.Integration.Tests\Eqs\EqsRoundTripTests.cs(107,34,107,40): error CS0246: The type or namespace name 'Entity' could not be found (are you missing a using directive or an assembly reference?)
112>D:\Work\IOS-IG-SimHost-FDP-2\Hrot\Runner\Hrot.ClusterRunner.Integration.Tests\Eqs\EqsRoundTripTests.cs(107,55,107,64): error CS0246: The type or namespace name 'EqsSensor' could not be found (are you missing a using directive or an assembly reference?)
112>D:\Work\IOS-IG-SimHost-FDP-2\Hrot\Runner\Hrot.ClusterRunner.Integration.Tests\Eqs\EqsRoundTripTests.cs(108,13,108,28): error CS0246: The type or namespace name 'ISimulationView' could not be found (are you missing a using directive or an assembly reference?)
112>D:\Work\IOS-IG-SimHost-FDP-2\Hrot\Runner\Hrot.ClusterRunner.Integration.Tests\Eqs\EqsRoundTripTests.cs(108,40,108,49): error CS0246: The type or namespace name 'EqsResult' could not be found (are you missing a using directive or an assembly reference?)
112>D:\Work\IOS-IG-SimHost-FDP-2\Hrot\Runner\Hrot.ClusterRunner.Integration.Tests\Eqs\EqsRoundTripTests.cs(128,50,128,61): error CS0246: The type or namespace name 'ILosService' could not be found (are you missing a using directive or an assembly reference?)
112>D:\Work\IOS-IG-SimHost-FDP-2\Hrot\Runner\Hrot.ClusterRunner.Integration.Tests\MockNetworkFactory.cs(118,63,118,66): error CS0246: The type or namespace name 'Fdp' could not be found (are you missing a using directive or an assembly reference?)
112>D:\Work\IOS-IG-SimHost-FDP-2\Hrot\Runner\Hrot.ClusterRunner.Integration.Tests\MockNetworkFactory.cs(118,12,118,34): error CS0246: The type or namespace name 'IOrchestrationObserver' could not be found (are you missing a using directive or an assembly reference?)
112>D:\Work\IOS-IG-SimHost-FDP-2\Hrot\Runner\Hrot.ClusterRunner.Integration.Tests\MockNetworkFactory.cs(123,9,123,12): error CS0246: The type or namespace name 'Fdp' could not be found (are you missing a using directive or an assembly reference?)
112>D:\Work\IOS-IG-SimHost-FDP-2\Hrot\Runner\Hrot.ClusterRunner.Integration.Tests\MockNetworkFactory.cs(122,53,122,56): error CS0246: The type or namespace name 'Fdp' could not be found (are you missing a using directive or an assembly reference?)
112>D:\Work\IOS-IG-SimHost-FDP-2\Hrot\Runner\Hrot.ClusterRunner.Integration.Tests\MockNetworkFactory.cs(128,9,128,12): error CS0246: The type or namespace name 'Fdp' could not be found (are you missing a using directive or an assembly reference?)
112>D:\Work\IOS-IG-SimHost-FDP-2\Hrot\Runner\Hrot.ClusterRunner.Integration.Tests\MockNetworkFactory.cs(127,12,127,15): error CS0246: The type or namespace name 'Fdp' could not be found (are you missing a using directive or an assembly reference?)
112>D:\Work\IOS-IG-SimHost-FDP-2\Hrot\Runner\Hrot.ClusterRunner.Integration.Tests\MockNetworkFactory.cs(133,50,133,68): error CS0246: The type or namespace name 'IReplicationModule' could not be found (are you missing a using directive or an assembly reference?)
112>D:\Work\IOS-IG-SimHost-FDP-2\Hrot\Runner\Hrot.ClusterRunner.Integration.Tests\MockNetworkFactory.cs(135,26,135,45): error CS0246: The type or namespace name 'GhostCreationSystem' could not be found (are you missing a using directive or an assembly reference?)
112>D:\Work\IOS-IG-SimHost-FDP-2\Hrot\Runner\Hrot.ClusterRunner.Integration.Tests\MockNetworkFactory.cs(136,26,136,29): error CS0246: The type or namespace name 'Fdp' could not be found (are you missing a using directive or an assembly reference?)
112>D:\Work\IOS-IG-SimHost-FDP-2\Hrot\Runner\Hrot.ClusterRunner.Integration.Tests\MockNetworkFactory.cs(140,16,140,31): error CS0246: The type or namespace name 'ExecutionPolicy' could not be found (are you missing a using directive or an assembly reference?)
112>D:\Work\IOS-IG-SimHost-FDP-2\Hrot\Runner\Hrot.ClusterRunner.Integration.Tests\MockNetworkFactory.cs(141,16,141,35): error CS0246: The type or namespace name 'GhostCreationSystem' could not be found (are you missing a using directive or an assembly reference?)
112>D:\Work\IOS-IG-SimHost-FDP-2\Hrot\Runner\Hrot.ClusterRunner.Integration.Tests\MockNetworkFactory.cs(143,16,143,19): error CS0246: The type or namespace name 'Fdp' could not be found (are you missing a using directive or an assembly reference?)
112>D:\Work\IOS-IG-SimHost-FDP-2\Hrot\Runner\Hrot.ClusterRunner.Integration.Tests\MockNetworkFactory.cs(144,26,144,41): error CS0246: The type or namespace name 'ISimulationView' could not be found (are you missing a using directive or an assembly reference?)
112>D:\Work\IOS-IG-SimHost-FDP-2\Hrot\Runner\Hrot.ClusterRunner.Integration.Tests\MockNetworkFactory.cs(147,47,147,62): error CS0246: The type or namespace name 'ICommandGateway' could not be found (are you missing a using directive or an assembly reference?)
112>D:\Work\IOS-IG-SimHost-FDP-2\Hrot\Runner\Hrot.ClusterRunner.Integration.Tests\MockNetworkFactory.cs(149,44,149,63): error CS0246: The type or namespace name 'CreateEntityCommand' could not be found (are you missing a using directive or an assembly reference?)
112>D:\Work\IOS-IG-SimHost-FDP-2\Hrot\Runner\Hrot.ClusterRunner.Integration.Tests\MockNetworkFactory.cs(151,47,151,76): error CS0246: The type or namespace name 'UpdateEntityDescriptorCommand' could not be found (are you missing a using directive or an assembly reference?)
112>D:\Work\IOS-IG-SimHost-FDP-2\Hrot\Runner\Hrot.ClusterRunner.Integration.Tests\MockNetworkFactory.cs(153,73,153,94): error CS0246: The type or namespace name 'MissionControlCommand' could not be found (are you missing a using directive or an assembly reference?)
112>D:\Work\IOS-IG-SimHost-FDP-2\Hrot\Runner\Hrot.ClusterRunner.Integration.Tests\MockNetworkFactory.cs(153,21,153,40): error CS0246: The type or namespace name 'MissionCommitResult' could not be found (are you missing a using directive or an assembly reference?)
112>D:\Work\IOS-IG-SimHost-FDP-2\Hrot\Runner\Hrot.ClusterRunner.Integration.Tests\MockNetworkFactory.cs(155,46,155,74): error CS0246: The type or namespace name 'UpdateEntityAttributeCommand' could not be found (are you missing a using directive or an assembly reference?)
112>D:\Work\IOS-IG-SimHost-FDP-2\Hrot\Runner\Hrot.ClusterRunner.Integration.Tests\MockNetworkFactory.cs(160,51,160,70): error CS0246: The type or namespace name 'IExConEgressWriters' could not be found (are you missing a using directive or an assembly reference?)
112>D:\Work\IOS-IG-SimHost-FDP-2\Hrot\Runner\Hrot.ClusterRunner.Integration.Tests\MockNetworkFactory.cs(162,36,162,48): error CS0246: The type or namespace name 'MapConfigDto' could not be found (are you missing a using directive or an assembly reference?)
112>D:\Work\IOS-IG-SimHost-FDP-2\Hrot\Runner\Hrot.ClusterRunner.Integration.Tests\MockNetworkFactory.cs(164,39,164,58): error CS0246: The type or namespace name 'CreateEntityCommand' could not be found (are you missing a using directive or an assembly reference?)
112>D:\Work\IOS-IG-SimHost-FDP-2\Hrot\Runner\Hrot.ClusterRunner.Integration.Tests\MockNetworkFactory.cs(165,37,165,50): error CS0246: The type or namespace name 'MapCommandDto' could not be found (are you missing a using directive or an assembly reference?)
112>D:\Work\IOS-IG-SimHost-FDP-2\Hrot\Runner\Hrot.ClusterRunner.Integration.Tests\MockNetworkFactory.cs(170,51,170,70): error CS0246: The type or namespace name 'ITimeControlGateway' could not be found (are you missing a using directive or an assembly reference?)
112>D:\Work\IOS-IG-SimHost-FDP-2\Hrot\Runner\Hrot.ClusterRunner.Integration.Tests\MockNetworkFactory.cs(178,53,178,74): error CS0246: The type or namespace name 'ISimHostMissionSender' could not be found (are you missing a using directive or an assembly reference?)
112>D:\Work\IOS-IG-SimHost-FDP-2\Hrot\Runner\Hrot.ClusterRunner.Integration.Tests\MockNetworkFactory.cs(184,60,184,88): error CS0246: The type or namespace name 'ISimHostAuxiliaryTranslators' could not be found (are you missing a using directive or an assembly reference?)
112>D:\Work\IOS-IG-SimHost-FDP-2\Hrot\Runner\Hrot.ClusterRunner.Integration.Tests\MockNetworkFactory.cs(186,32,186,48): error CS0246: The type or namespace name 'ModuleHostKernel' could not be found (are you missing a using directive or an assembly reference?)
112>D:\Work\IOS-IG-SimHost-FDP-2\Hrot\Runner\Hrot.ClusterRunner.Integration.Tests\MockNetworkFactory.cs(190,62,190,92): error CS0246: The type or namespace name 'ISimHostPathfindingTranslators' could not be found (are you missing a using directive or an assembly reference?)
112>D:\Work\IOS-IG-SimHost-FDP-2\Hrot\Runner\Hrot.ClusterRunner.Integration.Tests\MockNetworkFactory.cs(192,32,192,48): error CS0246: The type or namespace name 'ModuleHostKernel' could not be found (are you missing a using directive or an assembly reference?)
112>D:\Work\IOS-IG-SimHost-FDP-2\Hrot\Runner\Hrot.ClusterRunner.Integration.Tests\MockNetworkFactory.cs(196,61,196,90): error CS0246: The type or namespace name 'ISimHostPerceptionTranslators' could not be found (are you missing a using directive or an assembly reference?)
112>D:\Work\IOS-IG-SimHost-FDP-2\Hrot\Runner\Hrot.ClusterRunner.Integration.Tests\MockNetworkFactory.cs(198,32,198,48): error CS0246: The type or namespace name 'ModuleHostKernel' could not be found (are you missing a using directive or an assembly reference?)
112>Done building project "Hrot.ClusterRunner.Integration.Tests.csproj" -- FAILED.
========== Rebuild All: 85 succeeded, 28 failed, 0 skipped ==========
========== Rebuild completed at 11:06 and took 01:28,013 minutes ==========
